Loading data from: /root/.cache/autoresearch-trading/features/data.pt
Loaded 384870 1-min bars, 32 features, 8 actions
  ~986 trading days
Training:   up to idx 269189
Validation: idx 269190-384869
  Option P&L coverage: 297877/384870 (77%)
Parameters: 146,265
Architecture: v4 simplified two-head (gate+dir) + balanced strike gating + VIX regime robustness + simplified temporal consistency + stop prevention + FULL STOPPED P&L CONSISTENCY + feature noise injection + MAXIMUM CONSERVATIVE GATE BIAS
Training from scratch (v4: no warm-start).

Budget: 240s | Batch: 128 | Lookback: 120
LR: 0.00015 | Depth: 3 | d_model: 64 | ff_mult: 3
Dropout: 0.15 | Weight decay: 0.05
False entry penalty: 2.5x
Label smoothing: gate=0.05 dir=0.05
Loss weights: gate=1.0, dir=1.0, pnl=0.3, exit=0.5
VIX regime weights: vix_regime=0.2, vix_consistency=0.1
Simplified temporal robustness: temporal_chunk=0.1
Stop prevention: stop_prevention=0.3
Feature noise injection: std=0.05
CRITICAL: Training exclusively on STOPPED P&L to align with evaluation reality
MAXIMUM CONSERVATIVE GATE BIAS: NO_TRADE=+1.2, TRADE=-1.2 for ultra-selectivity
SIMPLIFIED REGULARIZATION: Removed conflicting consistency terms to prevent overconstraint

step 00000 (  0.0%) | loss: 3.560530 | trade:0.08 call:0.45 put:0.55 | ATM:0.23 OTM:0.77 | lr: 0.00e+00 | left: 240s
step 00050 (  0.4%) | loss: 3.698500 | trade:0.09 call:0.46 put:0.54 | ATM:0.24 OTM:0.76 | lr: 5.96e-06 | left: 239s
step 00100 (  1.0%) | loss: 3.663507 | trade:0.09 call:0.46 put:0.54 | ATM:0.24 OTM:0.76 | lr: 1.44e-05 | left: 238s
step 00150 (  1.5%) | loss: 3.505932 | trade:0.11 call:0.46 put:0.54 | ATM:0.24 OTM:0.76 | lr: 2.27e-05 | left: 236s
step 00200 (  2.1%) | loss: 3.378437 | trade:0.14 call:0.49 put:0.51 | ATM:0.25 OTM:0.75 | lr: 3.11e-05 | left: 235s
step 00250 (  2.6%) | loss: 3.247921 | trade:0.18 call:0.50 put:0.50 | ATM:0.25 OTM:0.75 | lr: 3.94e-05 | left: 234s
step 00300 (  3.2%) | loss: 3.102052 | trade:0.24 call:0.52 put:0.48 | ATM:0.27 OTM:0.73 | lr: 4.78e-05 | left: 232s
step 00350 (  3.7%) | loss: 3.020151 | trade:0.30 call:0.53 put:0.47 | ATM:0.29 OTM:0.71 | lr: 5.62e-05 | left: 231s
step 00400 (  4.3%) | loss: 2.930297 | trade:0.34 call:0.54 put:0.46 | ATM:0.32 OTM:0.68 | lr: 6.46e-05 | left: 230s
step 00450 (  4.9%) | loss: 2.858292 | trade:0.34 call:0.54 put:0.46 | ATM:0.34 OTM:0.66 | lr: 7.28e-05 | left: 228s
step 00500 (  5.4%) | loss: 2.794529 | trade:0.33 call:0.54 put:0.46 | ATM:0.33 OTM:0.67 | lr: 8.12e-05 | left: 227s
step 00550 (  6.0%) | loss: 2.735568 | trade:0.33 call:0.54 put:0.46 | ATM:0.34 OTM:0.66 | lr: 8.96e-05 | left: 226s
step 00600 (  6.5%) | loss: 2.671430 | trade:0.36 call:0.55 put:0.45 | ATM:0.34 OTM:0.66 | lr: 9.80e-05 | left: 224s
step 00650 (  7.1%) | loss: 2.591553 | trade:0.38 call:0.53 put:0.47 | ATM:0.34 OTM:0.66 | lr: 1.06e-04 | left: 223s
step 00700 (  7.7%) | loss: 2.520301 | trade:0.36 call:0.55 put:0.45 | ATM:0.35 OTM:0.65 | lr: 1.15e-04 | left: 222s
step 00750 (  8.2%) | loss: 2.392139 | trade:0.37 call:0.54 put:0.46 | ATM:0.35 OTM:0.65 | lr: 1.23e-04 | left: 220s
step 00800 (  8.8%) | loss: 2.287307 | trade:0.35 call:0.56 put:0.44 | ATM:0.38 OTM:0.62 | lr: 1.32e-04 | left: 219s
step 00850 (  9.3%) | loss: 2.232866 | trade:0.37 call:0.58 put:0.42 | ATM:0.37 OTM:0.63 | lr: 1.40e-04 | left: 218s
step 00900 (  9.9%) | loss: 2.096664 | trade:0.36 call:0.57 put:0.43 | ATM:0.39 OTM:0.61 | lr: 1.48e-04 | left: 216s
step 00950 ( 10.4%) | loss: 1.974191 | trade:0.36 call:0.56 put:0.44 | ATM:0.37 OTM:0.63 | lr: 1.50e-04 | left: 215s
step 01000 ( 11.0%) | loss: 1.938598 | trade:0.34 call:0.59 put:0.41 | ATM:0.43 OTM:0.57 | lr: 1.50e-04 | left: 214s
step 01050 ( 11.6%) | loss: 1.782811 | trade:0.35 call:0.65 put:0.35 | ATM:0.46 OTM:0.54 | lr: 1.50e-04 | left: 212s
step 01100 ( 12.1%) | loss: 1.683974 | trade:0.35 call:0.61 put:0.39 | ATM:0.41 OTM:0.59 | lr: 1.50e-04 | left: 211s
step 01150 ( 12.7%) | loss: 1.658007 | trade:0.36 call:0.60 put:0.40 | ATM:0.46 OTM:0.54 | lr: 1.50e-04 | left: 210s
step 01200 ( 13.2%) | loss: 1.591035 | trade:0.35 call:0.62 put:0.38 | ATM:0.49 OTM:0.51 | lr: 1.50e-04 | left: 208s
step 01250 ( 13.8%) | loss: 1.534450 | trade:0.36 call:0.62 put:0.38 | ATM:0.44 OTM:0.56 | lr: 1.50e-04 | left: 207s
step 01300 ( 14.3%) | loss: 1.515860 | trade:0.36 call:0.65 put:0.35 | ATM:0.46 OTM:0.54 | lr: 1.50e-04 | left: 206s
step 01350 ( 14.9%) | loss: 1.456561 | trade:0.34 call:0.60 put:0.40 | ATM:0.45 OTM:0.55 | lr: 1.50e-04 | left: 204s
step 01400 ( 15.5%) | loss: 1.372353 | trade:0.38 call:0.59 put:0.41 | ATM:0.43 OTM:0.57 | lr: 1.50e-04 | left: 203s
step 01450 ( 16.0%) | loss: 1.372759 | trade:0.32 call:0.63 put:0.37 | ATM:0.45 OTM:0.55 | lr: 1.50e-04 | left: 202s
step 01500 ( 16.6%) | loss: 1.306168 | trade:0.33 call:0.62 put:0.38 | ATM:0.49 OTM:0.51 | lr: 1.50e-04 | left: 200s
step 01550 ( 17.1%) | loss: 1.362273 | trade:0.35 call:0.63 put:0.37 | ATM:0.43 OTM:0.57 | lr: 1.50e-04 | left: 199s
step 01600 ( 17.7%) | loss: 1.285780 | trade:0.36 call:0.62 put:0.38 | ATM:0.45 OTM:0.55 | lr: 1.50e-04 | left: 198s
step 01650 ( 18.2%) | loss: 1.246734 | trade:0.34 call:0.63 put:0.37 | ATM:0.45 OTM:0.55 | lr: 1.50e-04 | left: 196s
step 01700 ( 18.7%) | loss: 1.235585 | trade:0.30 call:0.62 put:0.38 | ATM:0.48 OTM:0.52 | lr: 1.50e-04 | left: 195s
step 01750 ( 19.2%) | loss: 1.228463 | trade:0.36 call:0.66 put:0.34 | ATM:0.44 OTM:0.56 | lr: 1.50e-04 | left: 194s
step 01800 ( 19.8%) | loss: 1.198467 | trade:0.32 call:0.68 put:0.32 | ATM:0.45 OTM:0.55 | lr: 1.50e-04 | left: 192s
step 01850 ( 20.4%) | loss: 1.195165 | trade:0.34 call:0.66 put:0.34 | ATM:0.47 OTM:0.53 | lr: 1.50e-04 | left: 191s
step 01900 ( 20.9%) | loss: 1.172491 | trade:0.37 call:0.58 put:0.42 | ATM:0.50 OTM:0.50 | lr: 1.50e-04 | left: 190s
step 01950 ( 21.5%) | loss: 1.151799 | trade:0.29 call:0.69 put:0.31 | ATM:0.52 OTM:0.48 | lr: 1.50e-04 | left: 188s
step 02000 ( 22.0%) | loss: 1.193736 | trade:0.42 call:0.60 put:0.40 | ATM:0.50 OTM:0.50 | lr: 1.50e-04 | left: 187s
step 02050 ( 22.6%) | loss: 1.169235 | trade:0.36 call:0.58 put:0.42 | ATM:0.49 OTM:0.51 | lr: 1.50e-04 | left: 186s
step 02100 ( 23.2%) | loss: 1.117635 | trade:0.36 call:0.63 put:0.37 | ATM:0.51 OTM:0.49 | lr: 1.50e-04 | left: 184s
step 02150 ( 23.7%) | loss: 1.099810 | trade:0.41 call:0.66 put:0.34 | ATM:0.50 OTM:0.50 | lr: 1.50e-04 | left: 183s
step 02200 ( 24.3%) | loss: 1.069906 | trade:0.34 call:0.67 put:0.33 | ATM:0.52 OTM:0.48 | lr: 1.50e-04 | left: 182s
step 02250 ( 24.9%) | loss: 1.078784 | trade:0.38 call:0.63 put:0.37 | ATM:0.51 OTM:0.49 | lr: 1.50e-04 | left: 180s
step 02300 ( 25.3%) | loss: 1.136900 | trade:0.32 call:0.64 put:0.36 | ATM:0.55 OTM:0.45 | lr: 1.50e-04 | left: 179s
step 02350 ( 25.9%) | loss: 1.103313 | trade:0.35 call:0.66 put:0.34 | ATM:0.51 OTM:0.49 | lr: 1.50e-04 | left: 178s
step 02400 ( 26.5%) | loss: 1.055523 | trade:0.31 call:0.69 put:0.31 | ATM:0.56 OTM:0.44 | lr: 1.50e-04 | left: 176s
step 02450 ( 27.0%) | loss: 1.045080 | trade:0.33 call:0.64 put:0.36 | ATM:0.52 OTM:0.48 | lr: 1.50e-04 | left: 175s
step 02500 ( 27.5%) | loss: 1.067155 | trade:0.29 call:0.74 put:0.26 | ATM:0.58 OTM:0.42 | lr: 1.50e-04 | left: 174s
step 02550 ( 28.1%) | loss: 1.078653 | trade:0.35 call:0.68 put:0.32 | ATM:0.58 OTM:0.42 | lr: 1.50e-04 | left: 173s
step 02600 ( 28.7%) | loss: 1.030382 | trade:0.32 call:0.63 put:0.37 | ATM:0.53 OTM:0.47 | lr: 1.50e-04 | left: 171s
step 02650 ( 29.2%) | loss: 1.037453 | trade:0.31 call:0.66 put:0.34 | ATM:0.56 OTM:0.44 | lr: 1.50e-04 | left: 170s
step 02700 ( 29.8%) | loss: 1.037534 | trade:0.36 call:0.64 put:0.36 | ATM:0.54 OTM:0.46 | lr: 1.50e-04 | left: 169s
step 02750 ( 30.3%) | loss: 1.018612 | trade:0.37 call:0.64 put:0.36 | ATM:0.51 OTM:0.49 | lr: 1.50e-04 | left: 167s
step 02800 ( 30.9%) | loss: 1.021099 | trade:0.36 call:0.60 put:0.40 | ATM:0.53 OTM:0.47 | lr: 1.50e-04 | left: 166s
step 02850 ( 31.4%) | loss: 1.005474 | trade:0.36 call:0.57 put:0.43 | ATM:0.55 OTM:0.45 | lr: 1.50e-04 | left: 165s
step 02900 ( 32.0%) | loss: 1.010378 | trade:0.36 call:0.67 put:0.33 | ATM:0.54 OTM:0.46 | lr: 1.50e-04 | left: 163s
step 02950 ( 32.5%) | loss: 1.010916 | trade:0.29 call:0.63 put:0.37 | ATM:0.54 OTM:0.46 | lr: 1.50e-04 | left: 162s
step 03000 ( 33.1%) | loss: 1.022059 | trade:0.36 call:0.63 put:0.37 | ATM:0.57 OTM:0.43 | lr: 1.50e-04 | left: 161s
step 03050 ( 33.7%) | loss: 0.981091 | trade:0.33 call:0.66 put:0.34 | ATM:0.54 OTM:0.46 | lr: 1.50e-04 | left: 159s
step 03100 ( 34.2%) | loss: 0.991192 | trade:0.31 call:0.70 put:0.30 | ATM:0.62 OTM:0.38 | lr: 1.50e-04 | left: 158s
step 03150 ( 34.8%) | loss: 0.992244 | trade:0.34 call:0.63 put:0.37 | ATM:0.50 OTM:0.50 | lr: 1.50e-04 | left: 157s
step 03200 ( 35.3%) | loss: 0.974924 | trade:0.37 call:0.62 put:0.38 | ATM:0.55 OTM:0.45 | lr: 1.50e-04 | left: 155s
step 03250 ( 35.9%) | loss: 0.996896 | trade:0.35 call:0.60 put:0.40 | ATM:0.60 OTM:0.40 | lr: 1.50e-04 | left: 154s
step 03300 ( 36.4%) | loss: 0.944227 | trade:0.31 call:0.63 put:0.37 | ATM:0.56 OTM:0.44 | lr: 1.50e-04 | left: 153s
step 03350 ( 37.0%) | loss: 0.947016 | trade:0.35 call:0.60 put:0.40 | ATM:0.59 OTM:0.41 | lr: 1.50e-04 | left: 151s
step 03400 ( 37.6%) | loss: 0.972518 | trade:0.28 call:0.59 put:0.41 | ATM:0.60 OTM:0.40 | lr: 1.50e-04 | left: 150s
step 03450 ( 38.1%) | loss: 0.994999 | trade:0.34 call:0.69 put:0.31 | ATM:0.59 OTM:0.41 | lr: 1.50e-04 | left: 149s
step 03500 ( 38.7%) | loss: 0.924997 | trade:0.34 call:0.62 put:0.38 | ATM:0.52 OTM:0.48 | lr: 1.50e-04 | left: 147s
step 03550 ( 39.2%) | loss: 0.961133 | trade:0.31 call:0.63 put:0.37 | ATM:0.55 OTM:0.45 | lr: 1.50e-04 | left: 146s
step 03600 ( 39.7%) | loss: 0.953974 | trade:0.29 call:0.64 put:0.36 | ATM:0.55 OTM:0.45 | lr: 1.50e-04 | left: 145s
step 03650 ( 40.2%) | loss: 0.963120 | trade:0.30 call:0.65 put:0.35 | ATM:0.56 OTM:0.44 | lr: 1.50e-04 | left: 144s
step 03700 ( 40.7%) | loss: 0.975345 | trade:0.39 call:0.61 put:0.39 | ATM:0.56 OTM:0.44 | lr: 1.50e-04 | left: 142s
step 03750 ( 41.3%) | loss: 0.970403 | trade:0.31 call:0.64 put:0.36 | ATM:0.60 OTM:0.40 | lr: 1.50e-04 | left: 141s
step 03800 ( 41.8%) | loss: 0.950208 | trade:0.36 call:0.65 put:0.35 | ATM:0.51 OTM:0.49 | lr: 1.50e-04 | left: 140s
step 03850 ( 42.4%) | loss: 0.934570 | trade:0.40 call:0.60 put:0.40 | ATM:0.52 OTM:0.48 | lr: 1.50e-04 | left: 138s
step 03900 ( 43.0%) | loss: 0.972647 | trade:0.38 call:0.64 put:0.36 | ATM:0.52 OTM:0.48 | lr: 1.50e-04 | left: 137s
step 03950 ( 43.5%) | loss: 0.929210 | trade:0.39 call:0.63 put:0.37 | ATM:0.57 OTM:0.43 | lr: 1.50e-04 | left: 136s
step 04000 ( 44.0%) | loss: 0.960878 | trade:0.29 call:0.64 put:0.36 | ATM:0.58 OTM:0.42 | lr: 1.50e-04 | left: 134s
step 04050 ( 44.6%) | loss: 0.935836 | trade:0.29 call:0.69 put:0.31 | ATM:0.58 OTM:0.42 | lr: 1.50e-04 | left: 133s
step 04100 ( 45.2%) | loss: 0.960964 | trade:0.27 call:0.66 put:0.34 | ATM:0.62 OTM:0.38 | lr: 1.50e-04 | left: 132s
step 04150 ( 45.7%) | loss: 0.936624 | trade:0.30 call:0.65 put:0.35 | ATM:0.55 OTM:0.45 | lr: 1.50e-04 | left: 130s
step 04200 ( 46.3%) | loss: 0.940605 | trade:0.31 call:0.62 put:0.38 | ATM:0.58 OTM:0.42 | lr: 1.50e-04 | left: 129s
step 04250 ( 46.8%) | loss: 0.907680 | trade:0.37 call:0.62 put:0.38 | ATM:0.53 OTM:0.47 | lr: 1.50e-04 | left: 128s
step 04300 ( 47.4%) | loss: 0.912717 | trade:0.33 call:0.57 put:0.43 | ATM:0.59 OTM:0.41 | lr: 1.50e-04 | left: 126s
step 04350 ( 47.9%) | loss: 0.930708 | trade:0.39 call:0.58 put:0.42 | ATM:0.59 OTM:0.41 | lr: 1.50e-04 | left: 125s
step 04400 ( 48.5%) | loss: 0.923562 | trade:0.28 call:0.62 put:0.38 | ATM:0.62 OTM:0.38 | lr: 1.50e-04 | left: 124s
step 04450 ( 49.0%) | loss: 0.914276 | trade:0.39 call:0.63 put:0.37 | ATM:0.53 OTM:0.47 | lr: 1.50e-04 | left: 122s
step 04500 ( 49.6%) | loss: 0.914492 | trade:0.29 call:0.63 put:0.37 | ATM:0.61 OTM:0.39 | lr: 1.50e-04 | left: 121s
step 04550 ( 50.2%) | loss: 0.923201 | trade:0.41 call:0.63 put:0.37 | ATM:0.54 OTM:0.46 | lr: 1.50e-04 | left: 120s
step 04600 ( 50.7%) | loss: 0.955281 | trade:0.33 call:0.63 put:0.37 | ATM:0.62 OTM:0.38 | lr: 1.50e-04 | left: 118s
step 04650 ( 51.3%) | loss: 0.930568 | trade:0.35 call:0.59 put:0.41 | ATM:0.62 OTM:0.38 | lr: 1.50e-04 | left: 117s
step 04700 ( 51.8%) | loss: 0.924552 | trade:0.41 call:0.61 put:0.39 | ATM:0.53 OTM:0.47 | lr: 1.50e-04 | left: 116s
step 04750 ( 52.4%) | loss: 0.928351 | trade:0.39 call:0.63 put:0.37 | ATM:0.53 OTM:0.47 | lr: 1.50e-04 | left: 114s
step 04800 ( 52.9%) | loss: 0.872845 | trade:0.36 call:0.64 put:0.36 | ATM:0.57 OTM:0.43 | lr: 1.50e-04 | left: 113s
step 04850 ( 53.5%) | loss: 0.911450 | trade:0.30 call:0.63 put:0.37 | ATM:0.61 OTM:0.39 | lr: 1.50e-04 | left: 112s
step 04900 ( 54.0%) | loss: 0.877198 | trade:0.31 call:0.65 put:0.35 | ATM:0.62 OTM:0.38 | lr: 1.50e-04 | left: 110s
step 04950 ( 54.6%) | loss: 0.912347 | trade:0.32 call:0.64 put:0.36 | ATM:0.55 OTM:0.45 | lr: 1.50e-04 | left: 109s
step 05000 ( 55.1%) | loss: 0.891334 | trade:0.34 call:0.63 put:0.37 | ATM:0.58 OTM:0.42 | lr: 1.50e-04 | left: 108s
step 05050 ( 55.7%) | loss: 0.899059 | trade:0.33 call:0.63 put:0.37 | ATM:0.57 OTM:0.43 | lr: 1.50e-04 | left: 106s
step 05100 ( 56.3%) | loss: 0.912323 | trade:0.38 call:0.63 put:0.37 | ATM:0.59 OTM:0.41 | lr: 1.50e-04 | left: 105s
step 05150 ( 56.8%) | loss: 0.903517 | trade:0.33 call:0.60 put:0.40 | ATM:0.64 OTM:0.36 | lr: 1.50e-04 | left: 104s
step 05200 ( 57.4%) | loss: 0.905805 | trade:0.42 call:0.64 put:0.36 | ATM:0.55 OTM:0.45 | lr: 1.50e-04 | left: 102s
step 05250 ( 58.0%) | loss: 0.899095 | trade:0.33 call:0.68 put:0.32 | ATM:0.60 OTM:0.40 | lr: 1.50e-04 | left: 101s
step 05300 ( 58.5%) | loss: 0.897698 | trade:0.38 call:0.64 put:0.36 | ATM:0.58 OTM:0.42 | lr: 1.50e-04 | left: 100s
step 05350 ( 59.1%) | loss: 0.906882 | trade:0.38 call:0.61 put:0.39 | ATM:0.59 OTM:0.41 | lr: 1.50e-04 | left: 98s
step 05400 ( 59.6%) | loss: 0.869254 | trade:0.34 call:0.62 put:0.38 | ATM:0.59 OTM:0.41 | lr: 1.50e-04 | left: 97s
step 05450 ( 60.2%) | loss: 0.872051 | trade:0.34 call:0.64 put:0.36 | ATM:0.61 OTM:0.39 | lr: 1.50e-04 | left: 95s
step 05500 ( 60.8%) | loss: 0.893395 | trade:0.35 call:0.61 put:0.39 | ATM:0.62 OTM:0.38 | lr: 1.50e-04 | left: 94s
step 05550 ( 61.3%) | loss: 0.905472 | trade:0.33 call:0.66 put:0.34 | ATM:0.59 OTM:0.41 | lr: 1.50e-04 | left: 93s
step 05600 ( 61.9%) | loss: 0.881986 | trade:0.35 call:0.59 put:0.41 | ATM:0.58 OTM:0.42 | lr: 1.50e-04 | left: 91s
step 05650 ( 62.4%) | loss: 0.878651 | trade:0.38 call:0.60 put:0.40 | ATM:0.56 OTM:0.44 | lr: 1.50e-04 | left: 90s
step 05700 ( 63.0%) | loss: 0.893508 | trade:0.33 call:0.61 put:0.39 | ATM:0.64 OTM:0.36 | lr: 1.50e-04 | left: 89s
step 05750 ( 63.6%) | loss: 0.883833 | trade:0.34 call:0.63 put:0.37 | ATM:0.66 OTM:0.34 | lr: 1.50e-04 | left: 87s
step 05800 ( 64.1%) | loss: 0.869900 | trade:0.32 call:0.58 put:0.42 | ATM:0.60 OTM:0.40 | lr: 1.50e-04 | left: 86s
step 05850 ( 64.7%) | loss: 0.840385 | trade:0.32 call:0.65 put:0.35 | ATM:0.64 OTM:0.36 | lr: 1.50e-04 | left: 85s
step 05900 ( 65.2%) | loss: 0.814677 | trade:0.35 call:0.65 put:0.35 | ATM:0.65 OTM:0.35 | lr: 1.50e-04 | left: 83s
step 05950 ( 65.8%) | loss: 0.921511 | trade:0.37 call:0.65 put:0.35 | ATM:0.61 OTM:0.39 | lr: 1.50e-04 | left: 82s
step 06000 ( 66.4%) | loss: 0.832835 | trade:0.33 call:0.65 put:0.35 | ATM:0.63 OTM:0.37 | lr: 1.50e-04 | left: 81s
step 06050 ( 66.9%) | loss: 0.876600 | trade:0.35 call:0.62 put:0.38 | ATM:0.60 OTM:0.40 | lr: 1.50e-04 | left: 79s
step 06100 ( 67.5%) | loss: 0.850457 | trade:0.34 call:0.54 put:0.46 | ATM:0.57 OTM:0.43 | lr: 1.50e-04 | left: 78s
step 06150 ( 68.0%) | loss: 0.834677 | trade:0.37 call:0.57 put:0.43 | ATM:0.62 OTM:0.38 | lr: 1.50e-04 | left: 77s
step 06200 ( 68.6%) | loss: 0.847864 | trade:0.33 call:0.58 put:0.42 | ATM:0.64 OTM:0.36 | lr: 1.50e-04 | left: 75s
step 06250 ( 69.2%) | loss: 0.821324 | trade:0.38 call:0.65 put:0.35 | ATM:0.58 OTM:0.42 | lr: 1.50e-04 | left: 74s
step 06300 ( 69.7%) | loss: 0.889985 | trade:0.32 call:0.65 put:0.35 | ATM:0.60 OTM:0.40 | lr: 1.50e-04 | left: 73s
step 06350 ( 70.3%) | loss: 0.839021 | trade:0.34 call:0.61 put:0.39 | ATM:0.60 OTM:0.40 | lr: 1.50e-04 | left: 71s
step 06400 ( 70.8%) | loss: 0.897007 | trade:0.34 call:0.65 put:0.35 | ATM:0.64 OTM:0.36 | lr: 1.50e-04 | left: 70s
step 06450 ( 71.4%) | loss: 0.847903 | trade:0.40 call:0.63 put:0.37 | ATM:0.60 OTM:0.40 | lr: 1.49e-04 | left: 69s
step 06500 ( 72.0%) | loss: 0.855340 | trade:0.27 call:0.62 put:0.38 | ATM:0.65 OTM:0.35 | lr: 1.48e-04 | left: 67s
step 06550 ( 72.5%) | loss: 0.882107 | trade:0.33 call:0.59 put:0.41 | ATM:0.64 OTM:0.36 | lr: 1.47e-04 | left: 66s
step 06600 ( 73.0%) | loss: 0.860462 | trade:0.31 call:0.64 put:0.36 | ATM:0.67 OTM:0.33 | lr: 1.46e-04 | left: 65s
step 06650 ( 73.6%) | loss: 0.820549 | trade:0.33 call:0.66 put:0.34 | ATM:0.64 OTM:0.36 | lr: 1.45e-04 | left: 63s
step 06700 ( 74.2%) | loss: 0.856491 | trade:0.34 call:0.58 put:0.42 | ATM:0.63 OTM:0.37 | lr: 1.43e-04 | left: 62s
step 06750 ( 74.7%) | loss: 0.860833 | trade:0.25 call:0.61 put:0.39 | ATM:0.64 OTM:0.36 | lr: 1.41e-04 | left: 61s
step 06800 ( 75.2%) | loss: 0.872892 | trade:0.35 call:0.56 put:0.44 | ATM:0.62 OTM:0.38 | lr: 1.39e-04 | left: 59s
step 06850 ( 75.8%) | loss: 0.827217 | trade:0.32 call:0.60 put:0.40 | ATM:0.66 OTM:0.34 | lr: 1.37e-04 | left: 58s
step 06900 ( 76.3%) | loss: 0.858837 | trade:0.28 call:0.59 put:0.41 | ATM:0.69 OTM:0.31 | lr: 1.34e-04 | left: 57s
step 06950 ( 76.9%) | loss: 0.850546 | trade:0.28 call:0.62 put:0.38 | ATM:0.64 OTM:0.36 | lr: 1.31e-04 | left: 55s
step 07000 ( 77.4%) | loss: 0.834868 | trade:0.35 call:0.60 put:0.40 | ATM:0.63 OTM:0.37 | lr: 1.28e-04 | left: 54s
step 07050 ( 78.0%) | loss: 0.857985 | trade:0.35 call:0.64 put:0.36 | ATM:0.59 OTM:0.41 | lr: 1.25e-04 | left: 53s
step 07100 ( 78.6%) | loss: 0.850811 | trade:0.33 call:0.67 put:0.33 | ATM:0.61 OTM:0.39 | lr: 1.22e-04 | left: 51s
step 07150 ( 79.1%) | loss: 0.840596 | trade:0.29 call:0.61 put:0.39 | ATM:0.61 OTM:0.39 | lr: 1.18e-04 | left: 50s
step 07200 ( 79.7%) | loss: 0.879765 | trade:0.29 call:0.63 put:0.37 | ATM:0.67 OTM:0.33 | lr: 1.15e-04 | left: 49s
step 07250 ( 80.2%) | loss: 0.812742 | trade:0.38 call:0.58 put:0.42 | ATM:0.61 OTM:0.39 | lr: 1.11e-04 | left: 47s
step 07300 ( 80.8%) | loss: 0.845252 | trade:0.27 call:0.66 put:0.34 | ATM:0.68 OTM:0.32 | lr: 1.07e-04 | left: 46s
step 07350 ( 81.3%) | loss: 0.874256 | trade:0.37 call:0.64 put:0.36 | ATM:0.57 OTM:0.43 | lr: 1.03e-04 | left: 45s
step 07400 ( 81.9%) | loss: 0.790650 | trade:0.34 call:0.62 put:0.38 | ATM:0.61 OTM:0.39 | lr: 9.92e-05 | left: 43s
step 07450 ( 82.4%) | loss: 0.826585 | trade:0.32 call:0.60 put:0.40 | ATM:0.62 OTM:0.38 | lr: 9.50e-05 | left: 42s
step 07500 ( 83.0%) | loss: 0.888415 | trade:0.39 call:0.59 put:0.41 | ATM:0.69 OTM:0.31 | lr: 9.07e-05 | left: 41s
step 07550 ( 83.5%) | loss: 0.796949 | trade:0.37 call:0.57 put:0.43 | ATM:0.58 OTM:0.42 | lr: 8.64e-05 | left: 39s
step 07600 ( 84.1%) | loss: 0.835737 | trade:0.31 call:0.54 put:0.46 | ATM:0.65 OTM:0.35 | lr: 8.21e-05 | left: 38s
step 07650 ( 84.7%) | loss: 0.842542 | trade:0.34 call:0.66 put:0.34 | ATM:0.59 OTM:0.41 | lr: 7.77e-05 | left: 37s
step 07700 ( 85.2%) | loss: 0.798025 | trade:0.30 call:0.63 put:0.37 | ATM:0.64 OTM:0.36 | lr: 7.33e-05 | left: 35s
step 07750 ( 85.8%) | loss: 0.865758 | trade:0.35 call:0.57 put:0.43 | ATM:0.62 OTM:0.38 | lr: 6.89e-05 | left: 34s
step 07800 ( 86.3%) | loss: 0.808839 | trade:0.33 call:0.62 put:0.38 | ATM:0.58 OTM:0.42 | lr: 6.45e-05 | left: 33s
step 07850 ( 86.9%) | loss: 0.804320 | trade:0.30 call:0.60 put:0.40 | ATM:0.69 OTM:0.31 | lr: 6.01e-05 | left: 31s
step 07900 ( 87.4%) | loss: 0.833614 | trade:0.36 call:0.62 put:0.38 | ATM:0.62 OTM:0.38 | lr: 5.60e-05 | left: 30s
step 07950 ( 88.0%) | loss: 0.820146 | trade:0.36 call:0.57 put:0.43 | ATM:0.58 OTM:0.42 | lr: 5.18e-05 | left: 29s
step 08000 ( 88.6%) | loss: 0.827100 | trade:0.37 call:0.61 put:0.39 | ATM:0.62 OTM:0.38 | lr: 4.77e-05 | left: 27s
step 08050 ( 89.1%) | loss: 0.784527 | trade:0.42 call:0.62 put:0.38 | ATM:0.56 OTM:0.44 | lr: 4.36e-05 | left: 26s
step 08100 ( 89.7%) | loss: 0.814051 | trade:0.33 call:0.59 put:0.41 | ATM:0.60 OTM:0.40 | lr: 3.97e-05 | left: 25s
step 08150 ( 90.2%) | loss: 0.781926 | trade:0.30 call:0.58 put:0.42 | ATM:0.68 OTM:0.32 | lr: 3.59e-05 | left: 23s
step 08200 ( 90.8%) | loss: 0.846212 | trade:0.31 call:0.55 put:0.45 | ATM:0.63 OTM:0.37 | lr: 3.24e-05 | left: 22s
step 08250 ( 91.3%) | loss: 0.786427 | trade:0.30 call:0.65 put:0.35 | ATM:0.66 OTM:0.34 | lr: 2.89e-05 | left: 21s
step 08300 ( 91.9%) | loss: 0.822476 | trade:0.38 call:0.59 put:0.41 | ATM:0.59 OTM:0.41 | lr: 2.55e-05 | left: 19s
step 08350 ( 92.4%) | loss: 0.818132 | trade:0.36 call:0.61 put:0.39 | ATM:0.69 OTM:0.31 | lr: 2.23e-05 | left: 18s
step 08400 ( 93.0%) | loss: 0.773067 | trade:0.36 call:0.57 put:0.43 | ATM:0.59 OTM:0.41 | lr: 1.94e-05 | left: 17s
step 08450 ( 93.5%) | loss: 0.805902 | trade:0.37 call:0.60 put:0.40 | ATM:0.61 OTM:0.39 | lr: 1.66e-05 | left: 16s
step 08500 ( 94.1%) | loss: 0.800473 | trade:0.34 call:0.59 put:0.41 | ATM:0.66 OTM:0.34 | lr: 1.39e-05 | left: 14s
step 08550 ( 94.6%) | loss: 0.793753 | trade:0.33 call:0.60 put:0.40 | ATM:0.62 OTM:0.38 | lr: 1.15e-05 | left: 13s
step 08600 ( 95.2%) | loss: 0.776216 | trade:0.36 call:0.62 put:0.38 | ATM:0.62 OTM:0.38 | lr: 9.36e-06 | left: 12s
step 08650 ( 95.7%) | loss: 0.808123 | trade:0.31 call:0.65 put:0.35 | ATM:0.67 OTM:0.33 | lr: 7.36e-06 | left: 10s
step 08700 ( 96.3%) | loss: 0.782189 | trade:0.43 call:0.60 put:0.40 | ATM:0.52 OTM:0.48 | lr: 5.60e-06 | left: 9s
step 08750 ( 96.8%) | loss: 0.793011 | trade:0.37 call:0.58 put:0.42 | ATM:0.58 OTM:0.42 | lr: 4.06e-06 | left: 8s
step 08800 ( 97.4%) | loss: 0.798520 | trade:0.33 call:0.60 put:0.40 | ATM:0.60 OTM:0.40 | lr: 2.82e-06 | left: 6s
step 08850 ( 97.9%) | loss: 0.776054 | trade:0.32 call:0.63 put:0.37 | ATM:0.59 OTM:0.41 | lr: 1.85e-06 | left: 5s
step 08900 ( 98.4%) | loss: 0.817872 | trade:0.35 call:0.56 put:0.44 | ATM:0.59 OTM:0.41 | lr: 1.01e-06 | left: 4s
step 08950 ( 99.0%) | loss: 0.796016 | trade:0.37 call:0.63 put:0.37 | ATM:0.58 OTM:0.42 | lr: 4.19e-07 | left: 2s
step 09000 ( 99.5%) | loss: 0.776429 | trade:0.30 call:0.65 put:0.35 | ATM:0.65 OTM:0.35 | lr: 8.33e-08 | left: 1s

Training done at 244s. Starting evaluation...
Evaluation done in 7s (total wall: 251s)
Model saved to /root/best_model.pt
Trade log: 113 trades -> /root/trade_log.csv

---
score:              8.171894
profit_factor:      4.907429
win_rate:           0.433628
avg_winner:         1.183391
avg_loser:          -0.184625
trades_per_day:     1.686567
max_consec_loss:    6
num_trades:         113
trade_sharpe:       6.124595
sortino:            78.892589
max_drawdown:       -1.290965
calmar:             35.764064
ev_per_trade:       0.408585
do_nothing_pct:     0.560652
exit_pct:           0.017574
model_exit_count:   82
cooldown_blocked:   129
pre_10am_blocked:   729
short_hold_pct:     0.274000
stop_loss_rate:     0.248000
direction_collapse_pct: 0.522100
avg_entry_cost_bps: 436.818700
avg_entry_quality:  0.685600
cost_realism_coverage: 1.000000
high_cost_entry_rate: 0.584100
low_quality_entry_rate: 0.000000
actionable_bar_rate: 0.803300
risk_off_bar_rate:  0.000000
final_capital:      46850.85
equity_sharpe:      5.213800
max_equity_dd:      -0.195500
total_dollar_return:3.685100
val_sharpe:         -29.288524
total_return:       46.170157
num_val_bars:       4666
num_val_days:       67
worst_chunk_pf:     3.24
rr_ratio:           6.4097
avg_hold_bars:      10.55
model_exit_rate:    0.7257
hit_ruin:           False
min_equity_frac:    0.9482
avg_risk_fraction:  0.0604
max_risk_fraction:  0.2006
trades_blocked_by_balance: 0
  Chunk 1: 2025-02-18..2025-05-14 | 25 trades | PF=3.24 | WR=40.0%
  Chunk 2: 2025-05-28..2025-08-01 | 28 trades | PF=4.56 | WR=32.1%
  Chunk 3: 2025-08-29..2025-10-02 | 17 trades | PF=6.30 | WR=41.2%
  Chunk 4: 2025-10-09..2025-12-02 | 20 trades | PF=6.69 | WR=60.0%
  Chunk 5: 2025-12-04..2026-03-16 | 23 trades | PF=5.01 | WR=47.8%
training_seconds:   240.0
total_seconds:      253.5
peak_vram_mb:       366.9
num_steps:          9041
num_params:         146,265
lookback:           120
depth:              3
d_model:            64
effective_lr:       0.00015
gate_label_smoothing:0.050000
dir_label_smoothing:0.050000
false_entry_penalty:2.500000
feature_noise_std:  0.050000
/opt/conda/lib/python3.11/site-packages/torch/nn/modules/transformer.py:379: UserWarning: enable_nested_tensor is True, but self.use_nested_tensor is False because encoder_layer.norm_first was True
  warnings.warn(
