Mixed precision: bf16 enabled (Ampere+ GPU detected)
Loading data from: /root/.cache/autoresearch-trading/features/data.pt
Loaded 384870 1-min bars, 32 features, 8 actions
  ~986 trading days
Training:   up to idx 269189
Validation: idx 269190-384869
  Option P&L coverage: 297877/384870 (77%)
Parameters: 145,064
Architecture: v4 simplified two-head (gate+dir), ATM-biased, no ETV
Training from scratch (v4: no warm-start).
Day-sequential batching: 70% sequential, 30% random (batch=16)

Budget: 240s | Batch: 512 | Lookback: 120
LR: 0.00025 | Depth: 3 | d_model: 64 | ff_mult: 3
Dropout: 0.15 | Weight decay: 0.05
Label smoothing: gate=0.05 dir=0.05
Loss weights: gate=0.45, dir=2.0, pnl=0.3
Exit override strength: 0.15 (gate targets flipped on exit bars)
Position state: flat for random batches, tracked for day-sequential

step 00000 (  0.0%) | loss: 0.000000 | trade:0.58 call:0.47 put:0.53 | ATM:0.43 OTM:0.57 [seq] | lr: 0.00e+00 | left: 240s
step 00050 (  0.2%) | loss: 1.182390 | trade:0.56 call:0.55 put:0.45 | ATM:0.42 OTM:0.58 [seq] | lr: 4.07e-06 | left: 239s
step 00100 (  0.7%) | loss: 1.490870 | trade:0.66 call:0.47 put:0.53 | ATM:0.44 OTM:0.56 [seq] | lr: 1.12e-05 | left: 238s
step 00150 (  0.9%) | loss: 1.319496 | trade:0.62 call:0.51 put:0.49 | ATM:0.48 OTM:0.52 [seq] | lr: 1.47e-05 | left: 238s
step 00200 (  1.1%) | loss: 1.032228 | trade:0.66 call:0.47 put:0.53 | ATM:0.47 OTM:0.53 [seq] | lr: 1.82e-05 | left: 237s
step 00250 (  1.3%) | loss: 0.777520 | trade:0.56 call:0.53 put:0.47 | ATM:0.47 OTM:0.53 [seq] | lr: 2.12e-05 | left: 237s
step 00300 (  1.5%) | loss: 1.246529 | trade:0.56 call:0.66 put:0.34 | ATM:0.48 OTM:0.52 [seq] | lr: 2.44e-05 | left: 236s
step 00350 (  1.8%) | loss: 1.287733 | trade:0.51 call:0.63 put:0.37 | ATM:0.46 OTM:0.54 [rnd] | lr: 3.06e-05 | left: 236s
step 00400 (  2.3%) | loss: 1.147630 | trade:0.55 call:0.65 put:0.35 | ATM:0.44 OTM:0.56 [seq] | lr: 3.82e-05 | left: 234s
step 00450 (  2.7%) | loss: 1.295660 | trade:0.25 call:0.71 put:0.29 | ATM:0.48 OTM:0.52 [seq] | lr: 4.43e-05 | left: 234s
step 00500 (  2.8%) | loss: 0.896389 | trade:0.39 call:0.80 put:0.20 | ATM:0.55 OTM:0.45 [seq] | lr: 4.73e-05 | left: 233s
step 00550 (  3.0%) | loss: 1.145061 | trade:0.32 call:0.73 put:0.27 | ATM:0.49 OTM:0.51 [seq] | lr: 5.04e-05 | left: 233s
step 00600 (  3.2%) | loss: 0.858238 | trade:0.34 call:0.89 put:0.11 | ATM:0.56 OTM:0.44 [seq] | lr: 5.35e-05 | left: 232s
step 00650 (  3.4%) | loss: 1.156396 | trade:0.30 call:0.88 put:0.12 | ATM:0.53 OTM:0.47 [seq] | lr: 5.67e-05 | left: 232s
step 00700 (  3.6%) | loss: 1.337565 | trade:0.27 call:0.56 put:0.44 | ATM:0.43 OTM:0.57 [seq] | lr: 6.04e-05 | left: 231s
step 00750 (  3.9%) | loss: 1.473472 | trade:0.15 call:0.49 put:0.51 | ATM:0.45 OTM:0.55 [seq] | lr: 6.57e-05 | left: 231s
step 00800 (  4.4%) | loss: 1.011583 | trade:0.63 call:0.41 put:0.59 | ATM:0.48 OTM:0.52 [seq] | lr: 7.30e-05 | left: 229s
step 00850 (  4.7%) | loss: 0.456506 | trade:0.62 call:0.45 put:0.55 | ATM:0.45 OTM:0.55 [seq] | lr: 7.91e-05 | left: 229s
step 00900 (  4.9%) | loss: 0.814523 | trade:0.80 call:0.93 put:0.07 | ATM:0.55 OTM:0.45 [seq] | lr: 8.24e-05 | left: 228s
step 00950 (  5.1%) | loss: 0.546771 | trade:0.62 call:0.86 put:0.14 | ATM:0.45 OTM:0.55 [seq] | lr: 8.58e-05 | left: 228s
step 01000 (  5.4%) | loss: 0.834192 | trade:0.30 call:0.68 put:0.32 | ATM:0.54 OTM:0.46 [rnd] | lr: 8.93e-05 | left: 227s
step 01050 (  5.6%) | loss: 0.606002 | trade:0.11 call:0.74 put:0.26 | ATM:0.51 OTM:0.49 [seq] | lr: 9.39e-05 | left: 226s
step 01100 (  5.9%) | loss: 0.595116 | trade:0.59 call:0.86 put:0.14 | ATM:0.66 OTM:0.34 [seq] | lr: 9.87e-05 | left: 226s
step 01150 (  6.1%) | loss: 0.628152 | trade:0.69 call:0.96 put:0.04 | ATM:0.62 OTM:0.38 [seq] | lr: 1.02e-04 | left: 225s
step 01200 (  6.4%) | loss: 0.987496 | trade:0.34 call:0.68 put:0.32 | ATM:0.57 OTM:0.43 [rnd] | lr: 1.06e-04 | left: 225s
step 01250 (  6.5%) | loss: 0.947300 | trade:0.33 call:0.68 put:0.32 | ATM:0.59 OTM:0.41 [rnd] | lr: 1.09e-04 | left: 224s
step 01300 (  6.9%) | loss: 0.452125 | trade:0.88 call:0.96 put:0.04 | ATM:0.79 OTM:0.21 [seq] | lr: 1.14e-04 | left: 224s
step 01350 (  7.2%) | loss: 0.626907 | trade:0.35 call:0.68 put:0.32 | ATM:0.59 OTM:0.41 [rnd] | lr: 1.20e-04 | left: 223s
step 01400 (  7.4%) | loss: 0.718220 | trade:0.37 call:0.70 put:0.30 | ATM:0.59 OTM:0.41 [rnd] | lr: 1.23e-04 | left: 222s
step 01450 (  7.6%) | loss: 0.970885 | trade:0.36 call:0.67 put:0.33 | ATM:0.62 OTM:0.38 [rnd] | lr: 1.26e-04 | left: 222s
step 01500 (  7.7%) | loss: 0.643225 | trade:0.01 call:0.65 put:0.35 | ATM:0.60 OTM:0.40 [seq] | lr: 1.29e-04 | left: 221s
step 01550 (  7.9%) | loss: 0.318650 | trade:0.03 call:0.41 put:0.59 | ATM:0.78 OTM:0.22 [seq] | lr: 1.32e-04 | left: 221s
step 01600 (  8.1%) | loss: 0.931352 | trade:0.35 call:0.68 put:0.31 | ATM:0.62 OTM:0.38 [rnd] | lr: 1.35e-04 | left: 221s
step 01650 (  8.3%) | loss: 0.659571 | trade:0.96 call:0.02 put:0.98 | ATM:0.81 OTM:0.19 [seq] | lr: 1.38e-04 | left: 220s
step 01700 (  8.6%) | loss: 0.626772 | trade:0.00 call:0.90 put:0.10 | ATM:0.63 OTM:0.37 [seq] | lr: 1.44e-04 | left: 219s
step 01750 (  9.1%) | loss: 0.307754 | trade:0.51 call:0.92 put:0.08 | ATM:0.85 OTM:0.15 [seq] | lr: 1.51e-04 | left: 218s
step 01800 (  9.5%) | loss: 0.624270 | trade:0.01 call:0.84 put:0.16 | ATM:0.75 OTM:0.25 [seq] | lr: 1.58e-04 | left: 217s
step 01850 (  9.7%) | loss: 0.750690 | trade:0.00 call:0.76 put:0.24 | ATM:0.70 OTM:0.30 [seq] | lr: 1.62e-04 | left: 217s
step 01900 ( 10.0%) | loss: 0.609781 | trade:0.00 call:0.97 put:0.03 | ATM:0.86 OTM:0.14 [seq] | lr: 1.66e-04 | left: 216s
step 01950 ( 10.2%) | loss: 0.340841 | trade:0.00 call:0.70 put:0.30 | ATM:0.61 OTM:0.39 [seq] | lr: 1.69e-04 | left: 216s
step 02000 ( 10.4%) | loss: 0.651575 | trade:0.32 call:0.85 put:0.15 | ATM:0.59 OTM:0.41 [seq] | lr: 1.73e-04 | left: 215s
step 02050 ( 10.6%) | loss: 1.227607 | trade:0.36 call:0.71 put:0.29 | ATM:0.60 OTM:0.40 [rnd] | lr: 1.77e-04 | left: 214s
step 02100 ( 10.9%) | loss: 0.877933 | trade:0.33 call:0.73 put:0.27 | ATM:0.61 OTM:0.39 [rnd] | lr: 1.81e-04 | left: 214s
step 02150 ( 11.1%) | loss: 0.724327 | trade:0.36 call:0.73 put:0.27 | ATM:0.58 OTM:0.42 [rnd] | lr: 1.85e-04 | left: 213s
step 02200 ( 11.3%) | loss: 0.584575 | trade:0.36 call:0.77 put:0.23 | ATM:0.57 OTM:0.43 [rnd] | lr: 1.89e-04 | left: 213s
step 02250 ( 11.7%) | loss: 0.467833 | trade:0.00 call:0.99 put:0.01 | ATM:0.85 OTM:0.15 [seq] | lr: 1.94e-04 | left: 212s
step 02300 ( 12.0%) | loss: 0.814367 | trade:0.37 call:0.74 put:0.26 | ATM:0.59 OTM:0.41 [rnd] | lr: 1.99e-04 | left: 211s
step 02350 ( 12.2%) | loss: 0.638817 | trade:0.88 call:0.01 put:0.99 | ATM:0.96 OTM:0.04 [seq] | lr: 2.03e-04 | left: 211s
step 02400 ( 12.4%) | loss: 0.742471 | trade:0.02 call:0.38 put:0.62 | ATM:0.75 OTM:0.25 [seq] | lr: 2.06e-04 | left: 210s
step 02450 ( 12.6%) | loss: 0.765432 | trade:0.34 call:0.72 put:0.28 | ATM:0.58 OTM:0.42 [rnd] | lr: 2.09e-04 | left: 210s
step 02500 ( 12.8%) | loss: 0.581018 | trade:0.00 call:0.79 put:0.20 | ATM:0.75 OTM:0.25 [seq] | lr: 2.13e-04 | left: 209s
step 02550 ( 12.9%) | loss: 0.411290 | trade:0.00 call:0.79 put:0.21 | ATM:0.58 OTM:0.42 [seq] | lr: 2.16e-04 | left: 209s
step 02600 ( 13.1%) | loss: 0.408917 | trade:0.13 call:0.01 put:0.98 | ATM:0.92 OTM:0.08 [seq] | lr: 2.18e-04 | left: 209s
step 02650 ( 13.3%) | loss: 0.402431 | trade:0.95 call:0.02 put:0.98 | ATM:0.68 OTM:0.32 [seq] | lr: 2.22e-04 | left: 208s
step 02700 ( 13.5%) | loss: 0.456463 | trade:0.36 call:0.76 put:0.24 | ATM:0.58 OTM:0.42 [rnd] | lr: 2.25e-04 | left: 208s
step 02750 ( 13.8%) | loss: 0.658572 | trade:0.93 call:0.99 put:0.01 | ATM:0.29 OTM:0.71 [seq] | lr: 2.30e-04 | left: 207s
step 02800 ( 14.3%) | loss: 1.022476 | trade:0.89 call:0.52 put:0.48 | ATM:0.90 OTM:0.10 [seq] | lr: 2.38e-04 | left: 206s
step 02850 ( 14.7%) | loss: 0.599132 | trade:0.00 call:0.68 put:0.32 | ATM:0.62 OTM:0.38 [seq] | lr: 2.45e-04 | left: 205s
step 02900 ( 15.1%) | loss: 0.498655 | trade:0.00 call:0.89 put:0.11 | ATM:0.39 OTM:0.61 [seq] | lr: 2.50e-04 | left: 204s
step 02950 ( 15.3%) | loss: 0.691457 | trade:0.36 call:0.76 put:0.24 | ATM:0.57 OTM:0.43 [rnd] | lr: 2.50e-04 | left: 203s
step 03000 ( 15.5%) | loss: 0.607976 | trade:0.00 call:0.62 put:0.38 | ATM:0.49 OTM:0.51 [seq] | lr: 2.50e-04 | left: 203s
step 03050 ( 15.7%) | loss: 0.560797 | trade:0.00 call:0.76 put:0.24 | ATM:0.34 OTM:0.66 [seq] | lr: 2.50e-04 | left: 202s
step 03100 ( 15.9%) | loss: 0.790796 | trade:0.46 call:0.71 put:0.29 | ATM:0.49 OTM:0.51 [seq] | lr: 2.50e-04 | left: 202s
step 03150 ( 16.3%) | loss: 0.621154 | trade:0.36 call:0.75 put:0.25 | ATM:0.55 OTM:0.45 [rnd] | lr: 2.50e-04 | left: 201s
step 03200 ( 16.8%) | loss: 0.569082 | trade:0.98 call:0.98 put:0.02 | ATM:0.28 OTM:0.72 [seq] | lr: 2.50e-04 | left: 200s
step 03250 ( 17.0%) | loss: 0.718838 | trade:0.73 call:0.05 put:0.95 | ATM:0.94 OTM:0.06 [seq] | lr: 2.50e-04 | left: 199s
step 03300 ( 17.2%) | loss: 0.755349 | trade:0.39 call:0.74 put:0.26 | ATM:0.55 OTM:0.45 [rnd] | lr: 2.50e-04 | left: 199s
step 03350 ( 17.4%) | loss: 0.520566 | trade:0.36 call:0.70 put:0.30 | ATM:0.59 OTM:0.41 [rnd] | lr: 2.50e-04 | left: 198s
step 03400 ( 17.5%) | loss: 0.538479 | trade:0.38 call:0.73 put:0.27 | ATM:0.58 OTM:0.42 [rnd] | lr: 2.50e-04 | left: 198s
step 03450 ( 17.7%) | loss: 0.521759 | trade:0.36 call:0.74 put:0.26 | ATM:0.56 OTM:0.44 [rnd] | lr: 2.50e-04 | left: 197s
step 03500 ( 17.9%) | loss: 0.406329 | trade:0.00 call:0.06 put:0.95 | ATM:0.94 OTM:0.06 [seq] | lr: 2.50e-04 | left: 197s
step 03550 ( 18.2%) | loss: 0.704769 | trade:0.00 call:0.11 put:0.89 | ATM:0.77 OTM:0.23 [seq] | lr: 2.50e-04 | left: 196s
step 03600 ( 18.4%) | loss: 1.083598 | trade:0.34 call:0.73 put:0.27 | ATM:0.57 OTM:0.43 [rnd] | lr: 2.50e-04 | left: 196s
step 03650 ( 18.7%) | loss: 0.771045 | trade:0.36 call:0.77 put:0.24 | ATM:0.55 OTM:0.45 [rnd] | lr: 2.50e-04 | left: 195s
step 03700 ( 18.9%) | loss: 0.662359 | trade:0.36 call:0.75 put:0.25 | ATM:0.56 OTM:0.44 [rnd] | lr: 2.50e-04 | left: 195s
step 03750 ( 19.1%) | loss: 0.578546 | trade:0.00 call:0.92 put:0.08 | ATM:0.35 OTM:0.65 [seq] | lr: 2.50e-04 | left: 194s
step 03800 ( 19.4%) | loss: 0.634120 | trade:0.34 call:0.75 put:0.25 | ATM:0.56 OTM:0.44 [rnd] | lr: 2.50e-04 | left: 193s
step 03850 ( 19.6%) | loss: 0.418446 | trade:0.00 call:0.92 put:0.08 | ATM:0.80 OTM:0.20 [seq] | lr: 2.50e-04 | left: 193s
step 03900 ( 19.8%) | loss: 0.496470 | trade:0.95 call:0.01 put:0.99 | ATM:0.18 OTM:0.82 [seq] | lr: 2.50e-04 | left: 192s
step 03950 ( 20.2%) | loss: 0.895360 | trade:0.37 call:0.75 put:0.25 | ATM:0.55 OTM:0.45 [rnd] | lr: 2.50e-04 | left: 191s
step 04000 ( 20.5%) | loss: 0.733067 | trade:0.36 call:0.74 put:0.26 | ATM:0.55 OTM:0.45 [rnd] | lr: 2.50e-04 | left: 191s
step 04050 ( 20.8%) | loss: 0.559346 | trade:0.27 call:0.82 put:0.18 | ATM:0.75 OTM:0.25 [seq] | lr: 2.50e-04 | left: 190s
step 04100 ( 21.0%) | loss: 0.540867 | trade:0.38 call:0.73 put:0.27 | ATM:0.55 OTM:0.45 [rnd] | lr: 2.50e-04 | left: 190s
step 04150 ( 21.2%) | loss: 0.471941 | trade:0.00 call:0.85 put:0.15 | ATM:0.48 OTM:0.52 [seq] | lr: 2.50e-04 | left: 189s
step 04200 ( 21.4%) | loss: 1.055898 | trade:0.34 call:0.75 put:0.25 | ATM:0.56 OTM:0.44 [rnd] | lr: 2.50e-04 | left: 189s
step 04250 ( 21.7%) | loss: 0.614143 | trade:0.39 call:0.78 put:0.22 | ATM:0.54 OTM:0.46 [rnd] | lr: 2.50e-04 | left: 188s
step 04300 ( 21.9%) | loss: 0.505472 | trade:0.90 call:0.99 put:0.01 | ATM:0.32 OTM:0.68 [seq] | lr: 2.50e-04 | left: 187s
step 04350 ( 22.1%) | loss: 0.414188 | trade:0.02 call:0.79 put:0.21 | ATM:0.35 OTM:0.65 [seq] | lr: 2.50e-04 | left: 187s
step 04400 ( 22.3%) | loss: 0.378196 | trade:0.00 call:0.68 put:0.32 | ATM:0.52 OTM:0.48 [seq] | lr: 2.50e-04 | left: 187s
step 04450 ( 22.4%) | loss: 0.480588 | trade:0.00 call:0.60 put:0.40 | ATM:0.41 OTM:0.59 [seq] | lr: 2.50e-04 | left: 186s
step 04500 ( 22.7%) | loss: 0.758379 | trade:0.36 call:0.75 put:0.25 | ATM:0.57 OTM:0.43 [rnd] | lr: 2.50e-04 | left: 186s
step 04550 ( 22.8%) | loss: 0.774187 | trade:0.34 call:0.73 put:0.27 | ATM:0.55 OTM:0.45 [rnd] | lr: 2.50e-04 | left: 185s
step 04600 ( 23.0%) | loss: 0.715133 | trade:0.85 call:0.01 put:0.99 | ATM:0.71 OTM:0.29 [seq] | lr: 2.50e-04 | left: 185s
step 04650 ( 23.3%) | loss: 0.667833 | trade:0.36 call:0.74 put:0.26 | ATM:0.56 OTM:0.44 [rnd] | lr: 2.50e-04 | left: 184s
step 04700 ( 23.5%) | loss: 0.741360 | trade:0.00 call:0.98 put:0.02 | ATM:0.90 OTM:0.10 [seq] | lr: 2.50e-04 | left: 184s
step 04750 ( 23.7%) | loss: 0.838392 | trade:0.37 call:0.72 put:0.28 | ATM:0.56 OTM:0.44 [rnd] | lr: 2.50e-04 | left: 183s
step 04800 ( 24.1%) | loss: 0.541151 | trade:0.92 call:0.95 put:0.05 | ATM:0.31 OTM:0.69 [seq] | lr: 2.50e-04 | left: 182s
step 04850 ( 24.6%) | loss: 0.737478 | trade:0.46 call:0.89 put:0.11 | ATM:0.38 OTM:0.62 [seq] | lr: 2.50e-04 | left: 181s
step 04900 ( 25.0%) | loss: 0.608926 | trade:0.45 call:0.82 put:0.18 | ATM:0.55 OTM:0.45 [seq] | lr: 2.50e-04 | left: 180s
step 04950 ( 25.1%) | loss: 0.360079 | trade:0.10 call:0.96 put:0.04 | ATM:0.93 OTM:0.07 [seq] | lr: 2.50e-04 | left: 180s
step 05000 ( 25.3%) | loss: 0.563455 | trade:0.88 call:0.78 put:0.22 | ATM:0.55 OTM:0.45 [seq] | lr: 2.50e-04 | left: 179s
step 05050 ( 25.5%) | loss: 0.604815 | trade:0.79 call:0.98 put:0.02 | ATM:0.97 OTM:0.03 [seq] | lr: 2.50e-04 | left: 179s
step 05100 ( 25.7%) | loss: 0.400944 | trade:0.00 call:0.75 put:0.25 | ATM:0.65 OTM:0.35 [seq] | lr: 2.50e-04 | left: 178s
step 05150 ( 25.9%) | loss: 0.602778 | trade:0.88 call:0.84 put:0.16 | ATM:0.60 OTM:0.40 [seq] | lr: 2.50e-04 | left: 178s
step 05200 ( 26.3%) | loss: 0.551263 | trade:0.00 call:0.81 put:0.19 | ATM:0.44 OTM:0.56 [seq] | lr: 2.50e-04 | left: 177s
step 05250 ( 26.6%) | loss: 0.602688 | trade:0.00 call:0.68 put:0.32 | ATM:0.38 OTM:0.62 [seq] | lr: 2.50e-04 | left: 176s
step 05300 ( 26.8%) | loss: 0.530528 | trade:0.01 call:0.99 put:0.01 | ATM:0.98 OTM:0.02 [seq] | lr: 2.50e-04 | left: 176s
step 05350 ( 27.0%) | loss: 0.560228 | trade:0.92 call:0.99 put:0.01 | ATM:0.32 OTM:0.68 [seq] | lr: 2.50e-04 | left: 175s
step 05400 ( 27.2%) | loss: 0.755027 | trade:0.36 call:0.76 put:0.24 | ATM:0.52 OTM:0.48 [rnd] | lr: 2.50e-04 | left: 175s
step 05450 ( 27.3%) | loss: 0.566585 | trade:0.96 call:1.00 put:0.00 | ATM:0.22 OTM:0.78 [seq] | lr: 2.50e-04 | left: 174s
step 05500 ( 27.5%) | loss: 0.668500 | trade:0.37 call:0.74 put:0.26 | ATM:0.54 OTM:0.46 [rnd] | lr: 2.50e-04 | left: 174s
step 05550 ( 27.7%) | loss: 0.739948 | trade:0.91 call:1.00 put:0.01 | ATM:0.23 OTM:0.77 [seq] | lr: 2.50e-04 | left: 173s
step 05600 ( 27.9%) | loss: 0.292031 | trade:0.94 call:1.00 put:0.00 | ATM:0.27 OTM:0.73 [seq] | lr: 2.50e-04 | left: 173s
step 05650 ( 28.3%) | loss: 0.400234 | trade:0.01 call:0.78 put:0.22 | ATM:0.35 OTM:0.65 [seq] | lr: 2.50e-04 | left: 172s
step 05700 ( 28.9%) | loss: 1.497893 | trade:0.37 call:0.73 put:0.27 | ATM:0.53 OTM:0.47 [rnd] | lr: 2.50e-04 | left: 171s
step 05750 ( 29.3%) | loss: 1.344107 | trade:0.94 call:0.98 put:0.02 | ATM:0.54 OTM:0.46 [seq] | lr: 2.50e-04 | left: 170s
step 05800 ( 29.4%) | loss: 0.747514 | trade:0.39 call:0.73 put:0.28 | ATM:0.52 OTM:0.48 [rnd] | lr: 2.50e-04 | left: 169s
step 05850 ( 29.6%) | loss: 0.690825 | trade:0.77 call:0.74 put:0.26 | ATM:0.49 OTM:0.51 [seq] | lr: 2.50e-04 | left: 169s
step 05900 ( 29.9%) | loss: 1.343781 | trade:0.90 call:0.92 put:0.08 | ATM:0.35 OTM:0.65 [seq] | lr: 2.50e-04 | left: 168s
step 05950 ( 30.1%) | loss: 0.901169 | trade:0.96 call:1.00 put:0.00 | ATM:0.18 OTM:0.82 [seq] | lr: 2.50e-04 | left: 168s
step 06000 ( 30.5%) | loss: 0.644587 | trade:0.35 call:0.77 put:0.23 | ATM:0.53 OTM:0.47 [rnd] | lr: 2.50e-04 | left: 167s
step 06050 ( 30.9%) | loss: 0.690758 | trade:0.90 call:0.95 put:0.05 | ATM:0.79 OTM:0.21 [seq] | lr: 2.50e-04 | left: 166s
step 06100 ( 31.1%) | loss: 0.958116 | trade:0.47 call:0.79 put:0.21 | ATM:0.51 OTM:0.49 [seq] | lr: 2.50e-04 | left: 165s
step 06150 ( 31.4%) | loss: 0.850524 | trade:0.37 call:0.73 put:0.27 | ATM:0.53 OTM:0.47 [rnd] | lr: 2.50e-04 | left: 165s
step 06200 ( 31.5%) | loss: 0.822898 | trade:0.97 call:0.01 put:0.99 | ATM:0.63 OTM:0.37 [seq] | lr: 2.50e-04 | left: 164s
step 06250 ( 31.7%) | loss: 0.654294 | trade:0.93 call:0.01 put:0.99 | ATM:0.67 OTM:0.33 [seq] | lr: 2.50e-04 | left: 164s
step 06300 ( 31.9%) | loss: 0.549356 | trade:0.00 call:0.67 put:0.33 | ATM:0.59 OTM:0.41 [seq] | lr: 2.50e-04 | left: 163s
step 06350 ( 32.1%) | loss: 1.198543 | trade:0.98 call:1.00 put:0.00 | ATM:0.25 OTM:0.75 [seq] | lr: 2.50e-04 | left: 163s
step 06400 ( 32.6%) | loss: 1.691996 | trade:0.97 call:0.99 put:0.01 | ATM:0.26 OTM:0.74 [seq] | lr: 2.50e-04 | left: 162s
step 06450 ( 33.1%) | loss: 2.134191 | trade:0.91 call:0.98 put:0.02 | ATM:0.29 OTM:0.71 [seq] | lr: 2.50e-04 | left: 161s
step 06500 ( 33.4%) | loss: 0.674262 | trade:0.00 call:0.77 put:0.23 | ATM:0.33 OTM:0.67 [seq] | lr: 2.50e-04 | left: 160s
step 06550 ( 33.7%) | loss: 0.698958 | trade:0.44 call:0.80 put:0.21 | ATM:0.80 OTM:0.20 [seq] | lr: 2.50e-04 | left: 159s
step 06600 ( 33.9%) | loss: 0.535491 | trade:0.93 call:0.02 put:0.98 | ATM:0.63 OTM:0.37 [seq] | lr: 2.50e-04 | left: 159s
step 06650 ( 34.1%) | loss: 0.482258 | trade:0.90 call:0.01 put:1.00 | ATM:0.68 OTM:0.32 [seq] | lr: 2.50e-04 | left: 158s
step 06700 ( 34.3%) | loss: 0.480390 | trade:0.95 call:0.99 put:0.01 | ATM:0.47 OTM:0.53 [seq] | lr: 2.50e-04 | left: 158s
step 06750 ( 34.7%) | loss: 0.599777 | trade:0.93 call:0.98 put:0.02 | ATM:0.96 OTM:0.04 [seq] | lr: 2.50e-04 | left: 157s
step 06800 ( 35.1%) | loss: 0.700370 | trade:0.00 call:0.30 put:0.70 | ATM:0.62 OTM:0.38 [seq] | lr: 2.50e-04 | left: 156s
step 06850 ( 35.4%) | loss: 0.589910 | trade:0.00 call:0.22 put:0.78 | ATM:0.61 OTM:0.39 [seq] | lr: 2.50e-04 | left: 155s
step 06900 ( 35.6%) | loss: 0.271584 | trade:0.93 call:0.02 put:0.98 | ATM:0.67 OTM:0.33 [seq] | lr: 2.50e-04 | left: 155s
step 06950 ( 35.8%) | loss: 0.636908 | trade:0.36 call:0.72 put:0.28 | ATM:0.53 OTM:0.47 [rnd] | lr: 2.50e-04 | left: 154s
step 07000 ( 35.9%) | loss: 0.330518 | trade:0.96 call:1.00 put:0.00 | ATM:0.43 OTM:0.57 [seq] | lr: 2.50e-04 | left: 154s
step 07050 ( 36.1%) | loss: 0.511296 | trade:0.96 call:1.00 put:0.00 | ATM:0.21 OTM:0.79 [seq] | lr: 2.50e-04 | left: 153s
step 07100 ( 36.3%) | loss: 0.474928 | trade:0.95 call:1.00 put:0.00 | ATM:0.19 OTM:0.81 [seq] | lr: 2.50e-04 | left: 153s
step 07150 ( 36.5%) | loss: 1.418114 | trade:0.36 call:0.71 put:0.29 | ATM:0.52 OTM:0.48 [rnd] | lr: 2.50e-04 | left: 152s
step 07200 ( 36.9%) | loss: 0.623415 | trade:0.93 call:0.96 put:0.04 | ATM:0.31 OTM:0.69 [seq] | lr: 2.50e-04 | left: 152s
step 07250 ( 37.3%) | loss: 0.505557 | trade:0.34 call:0.73 put:0.27 | ATM:0.53 OTM:0.47 [rnd] | lr: 2.50e-04 | left: 151s
step 07300 ( 37.6%) | loss: 0.521072 | trade:0.00 call:0.98 put:0.01 | ATM:0.97 OTM:0.03 [seq] | lr: 2.50e-04 | left: 150s
step 07350 ( 37.8%) | loss: 0.521710 | trade:0.00 call:0.75 put:0.25 | ATM:0.50 OTM:0.50 [seq] | lr: 2.50e-04 | left: 149s
step 07400 ( 38.0%) | loss: 0.589279 | trade:0.37 call:0.75 put:0.26 | ATM:0.53 OTM:0.47 [rnd] | lr: 2.50e-04 | left: 149s
step 07450 ( 38.3%) | loss: 0.538394 | trade:0.36 call:0.73 put:0.26 | ATM:0.52 OTM:0.48 [rnd] | lr: 2.50e-04 | left: 148s
step 07500 ( 38.6%) | loss: 0.470623 | trade:0.00 call:0.40 put:0.59 | ATM:0.74 OTM:0.26 [seq] | lr: 2.50e-04 | left: 147s
step 07550 ( 38.8%) | loss: 0.528417 | trade:0.00 call:0.45 put:0.55 | ATM:0.72 OTM:0.28 [seq] | lr: 2.50e-04 | left: 147s
step 07600 ( 39.1%) | loss: 0.372660 | trade:0.00 call:0.96 put:0.04 | ATM:0.33 OTM:0.67 [seq] | lr: 2.50e-04 | left: 146s
step 07650 ( 39.5%) | loss: 0.622076 | trade:0.36 call:0.73 put:0.27 | ATM:0.52 OTM:0.48 [rnd] | lr: 2.50e-04 | left: 145s
step 07700 ( 39.9%) | loss: 0.456675 | trade:0.37 call:0.74 put:0.26 | ATM:0.50 OTM:0.50 [rnd] | lr: 2.50e-04 | left: 144s
step 07750 ( 40.0%) | loss: 0.476831 | trade:0.00 call:0.68 put:0.32 | ATM:0.53 OTM:0.47 [seq] | lr: 2.50e-04 | left: 144s
step 07800 ( 40.2%) | loss: 0.462911 | trade:0.35 call:0.73 put:0.27 | ATM:0.53 OTM:0.47 [rnd] | lr: 2.50e-04 | left: 144s
step 07850 ( 40.4%) | loss: 0.554270 | trade:0.00 call:0.93 put:0.08 | ATM:0.30 OTM:0.70 [seq] | lr: 2.50e-04 | left: 143s
step 07900 ( 40.6%) | loss: 0.688344 | trade:0.00 call:0.67 put:0.33 | ATM:0.65 OTM:0.35 [seq] | lr: 2.50e-04 | left: 143s
step 07950 ( 40.7%) | loss: 0.376089 | trade:0.35 call:0.73 put:0.27 | ATM:0.52 OTM:0.48 [rnd] | lr: 2.50e-04 | left: 142s
step 08000 ( 40.9%) | loss: 0.474923 | trade:0.94 call:0.00 put:1.00 | ATM:0.64 OTM:0.36 [seq] | lr: 2.50e-04 | left: 142s
step 08050 ( 41.2%) | loss: 0.751751 | trade:0.00 call:0.59 put:0.41 | ATM:0.43 OTM:0.57 [seq] | lr: 2.50e-04 | left: 141s
step 08100 ( 41.7%) | loss: 0.753795 | trade:0.38 call:0.72 put:0.28 | ATM:0.52 OTM:0.48 [rnd] | lr: 2.50e-04 | left: 140s
step 08150 ( 42.0%) | loss: 0.625407 | trade:0.31 call:0.88 put:0.12 | ATM:0.46 OTM:0.54 [seq] | lr: 2.50e-04 | left: 139s
step 08200 ( 42.3%) | loss: 0.689270 | trade:0.22 call:0.78 put:0.22 | ATM:0.53 OTM:0.47 [seq] | lr: 2.50e-04 | left: 139s
step 08250 ( 42.5%) | loss: 0.474905 | trade:0.00 call:0.75 put:0.25 | ATM:0.45 OTM:0.55 [seq] | lr: 2.50e-04 | left: 138s
step 08300 ( 42.8%) | loss: 0.655451 | trade:0.38 call:0.73 put:0.27 | ATM:0.53 OTM:0.47 [rnd] | lr: 2.50e-04 | left: 137s
step 08350 ( 43.1%) | loss: 0.822786 | trade:0.37 call:0.73 put:0.27 | ATM:0.53 OTM:0.47 [rnd] | lr: 2.50e-04 | left: 137s
step 08400 ( 43.3%) | loss: 1.080759 | trade:0.95 call:0.97 put:0.03 | ATM:0.44 OTM:0.56 [seq] | lr: 2.50e-04 | left: 136s
step 08450 ( 43.7%) | loss: 0.684257 | trade:0.33 call:0.77 put:0.23 | ATM:0.54 OTM:0.46 [rnd] | lr: 2.50e-04 | left: 135s
step 08500 ( 44.0%) | loss: 0.323163 | trade:0.00 call:0.73 put:0.27 | ATM:0.38 OTM:0.62 [seq] | lr: 2.50e-04 | left: 134s
step 08550 ( 44.2%) | loss: 0.323860 | trade:0.00 call:0.91 put:0.08 | ATM:0.87 OTM:0.13 [seq] | lr: 2.50e-04 | left: 134s
step 08600 ( 44.4%) | loss: 0.407091 | trade:0.00 call:0.36 put:0.64 | ATM:0.78 OTM:0.22 [seq] | lr: 2.50e-04 | left: 133s
step 08650 ( 44.6%) | loss: 0.613475 | trade:0.00 call:0.27 put:0.73 | ATM:0.71 OTM:0.29 [seq] | lr: 2.50e-04 | left: 133s
step 08700 ( 44.8%) | loss: 0.595897 | trade:0.45 call:0.93 put:0.07 | ATM:0.35 OTM:0.65 [seq] | lr: 2.50e-04 | left: 132s
step 08750 ( 45.0%) | loss: 0.567903 | trade:0.39 call:0.71 put:0.29 | ATM:0.54 OTM:0.46 [rnd] | lr: 2.50e-04 | left: 132s
step 08800 ( 45.2%) | loss: 0.758139 | trade:0.36 call:0.76 put:0.24 | ATM:0.51 OTM:0.49 [rnd] | lr: 2.50e-04 | left: 131s
step 08850 ( 45.4%) | loss: 0.550520 | trade:0.02 call:0.02 put:0.98 | ATM:0.92 OTM:0.08 [seq] | lr: 2.50e-04 | left: 131s
step 08900 ( 45.6%) | loss: 0.550165 | trade:0.90 call:0.96 put:0.04 | ATM:0.93 OTM:0.07 [seq] | lr: 2.50e-04 | left: 131s
step 08950 ( 45.8%) | loss: 0.779350 | trade:0.81 call:0.95 put:0.05 | ATM:0.94 OTM:0.06 [seq] | lr: 2.50e-04 | left: 130s
step 09000 ( 46.0%) | loss: 0.789868 | trade:0.00 call:0.84 put:0.16 | ATM:0.62 OTM:0.38 [seq] | lr: 2.50e-04 | left: 130s
step 09050 ( 46.2%) | loss: 0.335405 | trade:0.33 call:0.74 put:0.26 | ATM:0.53 OTM:0.47 [rnd] | lr: 2.50e-04 | left: 129s
step 09100 ( 46.4%) | loss: 0.725192 | trade:0.36 call:0.75 put:0.25 | ATM:0.52 OTM:0.48 [rnd] | lr: 2.50e-04 | left: 129s
step 09150 ( 46.7%) | loss: 0.307073 | trade:0.89 call:0.99 put:0.01 | ATM:0.46 OTM:0.54 [seq] | lr: 2.50e-04 | left: 128s
step 09200 ( 46.8%) | loss: 0.695230 | trade:0.00 call:0.70 put:0.30 | ATM:0.63 OTM:0.37 [seq] | lr: 2.50e-04 | left: 128s
step 09250 ( 47.1%) | loss: 0.903958 | trade:0.41 call:0.71 put:0.28 | ATM:0.52 OTM:0.48 [rnd] | lr: 2.50e-04 | left: 127s
step 09300 ( 47.5%) | loss: 0.439284 | trade:0.00 call:0.83 put:0.17 | ATM:0.51 OTM:0.49 [seq] | lr: 2.50e-04 | left: 126s
step 09350 ( 48.0%) | loss: 0.919101 | trade:0.00 call:0.31 put:0.69 | ATM:0.44 OTM:0.56 [seq] | lr: 2.50e-04 | left: 125s
step 09400 ( 48.3%) | loss: 0.706823 | trade:0.97 call:0.01 put:0.99 | ATM:0.68 OTM:0.32 [seq] | lr: 2.50e-04 | left: 124s
step 09450 ( 48.4%) | loss: 0.265843 | trade:0.91 call:0.00 put:1.00 | ATM:0.68 OTM:0.32 [seq] | lr: 2.50e-04 | left: 124s
step 09500 ( 48.7%) | loss: 0.553360 | trade:0.00 call:0.45 put:0.55 | ATM:0.47 OTM:0.53 [seq] | lr: 2.50e-04 | left: 123s
step 09550 ( 48.8%) | loss: 0.749820 | trade:0.36 call:0.75 put:0.25 | ATM:0.51 OTM:0.49 [rnd] | lr: 2.50e-04 | left: 123s
step 09600 ( 49.1%) | loss: 0.783469 | trade:0.00 call:0.45 put:0.55 | ATM:0.48 OTM:0.52 [seq] | lr: 2.50e-04 | left: 122s
step 09650 ( 49.4%) | loss: 0.586748 | trade:0.00 call:0.89 put:0.11 | ATM:0.84 OTM:0.16 [seq] | lr: 2.50e-04 | left: 122s
step 09700 ( 49.6%) | loss: 0.294505 | trade:0.00 call:0.79 put:0.21 | ATM:0.57 OTM:0.43 [seq] | lr: 2.50e-04 | left: 121s
step 09750 ( 49.8%) | loss: 0.411338 | trade:0.94 call:0.78 put:0.22 | ATM:0.53 OTM:0.47 [seq] | lr: 2.50e-04 | left: 121s
step 09800 ( 50.0%) | loss: 0.492478 | trade:0.93 call:1.00 put:0.00 | ATM:0.32 OTM:0.68 [seq] | lr: 2.50e-04 | left: 120s
step 09850 ( 50.1%) | loss: 0.418359 | trade:0.00 call:0.83 put:0.17 | ATM:0.35 OTM:0.65 [seq] | lr: 2.50e-04 | left: 120s
step 09900 ( 50.3%) | loss: 0.558111 | trade:0.32 call:0.74 put:0.26 | ATM:0.53 OTM:0.47 [rnd] | lr: 2.50e-04 | left: 119s
step 09950 ( 50.5%) | loss: 0.804003 | trade:0.36 call:0.74 put:0.26 | ATM:0.50 OTM:0.50 [rnd] | lr: 2.50e-04 | left: 119s
step 10000 ( 50.7%) | loss: 0.658461 | trade:0.00 call:0.53 put:0.47 | ATM:0.69 OTM:0.31 [seq] | lr: 2.50e-04 | left: 118s
step 10050 ( 50.9%) | loss: 0.687120 | trade:0.35 call:0.75 put:0.25 | ATM:0.52 OTM:0.48 [rnd] | lr: 2.50e-04 | left: 118s
step 10100 ( 51.1%) | loss: 0.579100 | trade:0.00 call:0.87 put:0.13 | ATM:0.66 OTM:0.34 [seq] | lr: 2.50e-04 | left: 117s
step 10150 ( 51.3%) | loss: 0.628612 | trade:0.38 call:0.74 put:0.26 | ATM:0.53 OTM:0.47 [rnd] | lr: 2.50e-04 | left: 117s
step 10200 ( 51.8%) | loss: 0.559724 | trade:0.38 call:0.72 put:0.28 | ATM:0.51 OTM:0.49 [rnd] | lr: 2.50e-04 | left: 116s
step 10250 ( 52.2%) | loss: 0.488108 | trade:0.36 call:0.74 put:0.26 | ATM:0.50 OTM:0.50 [rnd] | lr: 2.50e-04 | left: 115s
step 10300 ( 52.5%) | loss: 0.349051 | trade:0.00 call:0.82 put:0.18 | ATM:0.46 OTM:0.54 [seq] | lr: 2.50e-04 | left: 114s
step 10350 ( 52.7%) | loss: 0.648600 | trade:0.00 call:0.66 put:0.34 | ATM:0.36 OTM:0.64 [seq] | lr: 2.50e-04 | left: 113s
step 10400 ( 52.9%) | loss: 0.539877 | trade:0.01 call:0.91 put:0.09 | ATM:0.37 OTM:0.63 [seq] | lr: 2.50e-04 | left: 113s
step 10450 ( 53.2%) | loss: 0.694569 | trade:0.93 call:0.97 put:0.03 | ATM:0.42 OTM:0.58 [seq] | lr: 2.50e-04 | left: 112s
step 10500 ( 53.4%) | loss: 0.525774 | trade:0.39 call:0.73 put:0.27 | ATM:0.50 OTM:0.50 [rnd] | lr: 2.50e-04 | left: 112s
step 10550 ( 53.8%) | loss: 0.535154 | trade:0.00 call:0.83 put:0.17 | ATM:0.47 OTM:0.53 [seq] | lr: 2.50e-04 | left: 111s
step 10600 ( 54.2%) | loss: 0.706196 | trade:0.47 call:0.82 put:0.18 | ATM:0.39 OTM:0.61 [seq] | lr: 2.50e-04 | left: 110s
step 10650 ( 54.4%) | loss: 0.551764 | trade:0.97 call:0.02 put:0.98 | ATM:0.74 OTM:0.26 [seq] | lr: 2.50e-04 | left: 109s
step 10700 ( 54.6%) | loss: 0.511132 | trade:0.94 call:0.01 put:0.99 | ATM:0.62 OTM:0.38 [seq] | lr: 2.50e-04 | left: 109s
step 10750 ( 54.8%) | loss: 0.562670 | trade:0.34 call:0.75 put:0.25 | ATM:0.51 OTM:0.49 [rnd] | lr: 2.50e-04 | left: 109s
step 10800 ( 54.9%) | loss: 0.591968 | trade:0.37 call:0.76 put:0.24 | ATM:0.49 OTM:0.51 [rnd] | lr: 2.50e-04 | left: 108s
step 10850 ( 55.1%) | loss: 0.716235 | trade:0.38 call:0.76 put:0.24 | ATM:0.50 OTM:0.50 [rnd] | lr: 2.50e-04 | left: 108s
step 10900 ( 55.4%) | loss: 0.734186 | trade:0.92 call:0.98 put:0.02 | ATM:0.52 OTM:0.48 [seq] | lr: 2.50e-04 | left: 107s
step 10950 ( 55.8%) | loss: 0.760643 | trade:0.36 call:0.71 put:0.29 | ATM:0.50 OTM:0.50 [rnd] | lr: 2.50e-04 | left: 106s
step 11000 ( 56.2%) | loss: 0.721612 | trade:0.36 call:0.72 put:0.28 | ATM:0.50 OTM:0.50 [rnd] | lr: 2.50e-04 | left: 105s
step 11050 ( 56.6%) | loss: 0.537056 | trade:0.35 call:0.72 put:0.28 | ATM:0.51 OTM:0.49 [rnd] | lr: 2.50e-04 | left: 104s
step 11100 ( 56.9%) | loss: 0.759923 | trade:0.96 call:1.00 put:0.00 | ATM:0.37 OTM:0.63 [seq] | lr: 2.50e-04 | left: 103s
step 11150 ( 57.2%) | loss: 0.563718 | trade:0.85 call:0.02 put:0.98 | ATM:0.98 OTM:0.02 [seq] | lr: 2.50e-04 | left: 103s
step 11200 ( 57.4%) | loss: 0.702016 | trade:0.00 call:0.86 put:0.14 | ATM:0.59 OTM:0.41 [seq] | lr: 2.50e-04 | left: 102s
step 11250 ( 57.7%) | loss: 0.749413 | trade:0.62 call:0.40 put:0.60 | ATM:0.63 OTM:0.37 [seq] | lr: 2.50e-04 | left: 102s
step 11300 ( 58.1%) | loss: 0.866574 | trade:0.32 call:0.69 put:0.31 | ATM:0.56 OTM:0.44 [seq] | lr: 2.50e-04 | left: 101s
step 11350 ( 58.5%) | loss: 0.801637 | trade:0.96 call:1.00 put:0.00 | ATM:0.17 OTM:0.83 [seq] | lr: 2.50e-04 | left: 100s
step 11400 ( 58.9%) | loss: 0.675065 | trade:0.93 call:1.00 put:0.00 | ATM:0.19 OTM:0.81 [seq] | lr: 2.50e-04 | left: 99s
step 11450 ( 59.1%) | loss: 0.780954 | trade:0.90 call:0.98 put:0.01 | ATM:0.51 OTM:0.49 [seq] | lr: 2.50e-04 | left: 98s
step 11500 ( 59.3%) | loss: 0.565406 | trade:0.00 call:0.63 put:0.37 | ATM:0.31 OTM:0.69 [seq] | lr: 2.50e-04 | left: 98s
step 11550 ( 59.4%) | loss: 0.461996 | trade:0.37 call:0.73 put:0.26 | ATM:0.50 OTM:0.50 [rnd] | lr: 2.50e-04 | left: 97s
step 11600 ( 59.6%) | loss: 0.705182 | trade:0.92 call:1.00 put:0.00 | ATM:0.29 OTM:0.71 [seq] | lr: 2.50e-04 | left: 97s
step 11650 ( 59.8%) | loss: 0.684784 | trade:0.35 call:0.77 put:0.24 | ATM:0.50 OTM:0.50 [rnd] | lr: 2.50e-04 | left: 96s
step 11700 ( 60.0%) | loss: 0.648595 | trade:0.00 call:0.77 put:0.23 | ATM:0.44 OTM:0.56 [seq] | lr: 2.50e-04 | left: 96s
step 11750 ( 60.2%) | loss: 0.666594 | trade:0.35 call:0.74 put:0.26 | ATM:0.51 OTM:0.49 [rnd] | lr: 2.50e-04 | left: 96s
step 11800 ( 60.5%) | loss: 0.548317 | trade:0.95 call:0.97 put:0.03 | ATM:0.41 OTM:0.59 [seq] | lr: 2.50e-04 | left: 95s
step 11850 ( 60.9%) | loss: 0.410762 | trade:0.93 call:0.99 put:0.00 | ATM:0.32 OTM:0.68 [seq] | lr: 2.50e-04 | left: 94s
step 11900 ( 61.1%) | loss: 0.299302 | trade:0.00 call:0.81 put:0.19 | ATM:0.30 OTM:0.70 [seq] | lr: 2.50e-04 | left: 93s
step 11950 ( 61.3%) | loss: 0.820867 | trade:0.00 call:0.73 put:0.27 | ATM:0.54 OTM:0.46 [seq] | lr: 2.50e-04 | left: 93s
step 12000 ( 61.5%) | loss: 0.751217 | trade:0.78 call:0.95 put:0.05 | ATM:0.93 OTM:0.07 [seq] | lr: 2.50e-04 | left: 92s
step 12050 ( 61.7%) | loss: 0.367070 | trade:0.48 call:0.25 put:0.75 | ATM:0.69 OTM:0.31 [seq] | lr: 2.50e-04 | left: 92s
step 12100 ( 62.0%) | loss: 0.738992 | trade:0.45 call:0.60 put:0.39 | ATM:0.57 OTM:0.43 [seq] | lr: 2.50e-04 | left: 91s
step 12150 ( 62.4%) | loss: 0.449160 | trade:0.00 call:0.67 put:0.33 | ATM:0.43 OTM:0.57 [seq] | lr: 2.50e-04 | left: 90s
step 12200 ( 62.6%) | loss: 0.561474 | trade:0.00 call:0.97 put:0.03 | ATM:0.40 OTM:0.60 [seq] | lr: 2.50e-04 | left: 90s
step 12250 ( 63.0%) | loss: 0.682026 | trade:0.00 call:0.80 put:0.20 | ATM:0.50 OTM:0.50 [seq] | lr: 2.50e-04 | left: 89s
step 12300 ( 63.3%) | loss: 0.612113 | trade:0.00 call:0.44 put:0.55 | ATM:0.43 OTM:0.57 [seq] | lr: 2.50e-04 | left: 88s
step 12350 ( 63.5%) | loss: 0.391078 | trade:0.00 call:0.53 put:0.47 | ATM:0.48 OTM:0.52 [seq] | lr: 2.50e-04 | left: 88s
step 12400 ( 63.7%) | loss: 0.545453 | trade:0.00 call:0.81 put:0.19 | ATM:0.42 OTM:0.58 [seq] | lr: 2.50e-04 | left: 87s
step 12450 ( 63.9%) | loss: 0.429217 | trade:0.93 call:0.99 put:0.01 | ATM:0.32 OTM:0.68 [seq] | lr: 2.50e-04 | left: 87s
step 12500 ( 64.1%) | loss: 0.554584 | trade:0.00 call:0.56 put:0.44 | ATM:0.47 OTM:0.53 [seq] | lr: 2.50e-04 | left: 86s
step 12550 ( 64.3%) | loss: 0.472290 | trade:0.00 call:0.58 put:0.42 | ATM:0.45 OTM:0.55 [seq] | lr: 2.50e-04 | left: 86s
step 12600 ( 64.5%) | loss: 0.757595 | trade:0.98 call:0.01 put:1.00 | ATM:0.69 OTM:0.31 [seq] | lr: 2.50e-04 | left: 85s
step 12650 ( 64.7%) | loss: 0.572821 | trade:0.95 call:0.01 put:1.00 | ATM:0.59 OTM:0.41 [seq] | lr: 2.50e-04 | left: 85s
step 12700 ( 64.9%) | loss: 0.596282 | trade:0.00 call:0.45 put:0.55 | ATM:0.42 OTM:0.58 [seq] | lr: 2.50e-04 | left: 84s
step 12750 ( 65.1%) | loss: 0.598139 | trade:0.33 call:0.73 put:0.27 | ATM:0.53 OTM:0.47 [rnd] | lr: 2.50e-04 | left: 84s
step 12800 ( 65.2%) | loss: 0.596986 | trade:0.00 call:0.84 put:0.16 | ATM:0.41 OTM:0.59 [seq] | lr: 2.50e-04 | left: 83s
step 12850 ( 65.5%) | loss: 0.637042 | trade:0.35 call:0.75 put:0.25 | ATM:0.52 OTM:0.48 [rnd] | lr: 2.50e-04 | left: 83s
step 12900 ( 65.7%) | loss: 0.383588 | trade:0.00 call:0.48 put:0.52 | ATM:0.56 OTM:0.44 [seq] | lr: 2.50e-04 | left: 82s
step 12950 ( 66.0%) | loss: 0.616242 | trade:0.35 call:0.72 put:0.28 | ATM:0.53 OTM:0.47 [rnd] | lr: 2.50e-04 | left: 82s
step 13000 ( 66.2%) | loss: 1.069017 | trade:0.55 call:0.47 put:0.53 | ATM:0.71 OTM:0.29 [seq] | lr: 2.50e-04 | left: 81s
step 13050 ( 66.6%) | loss: 0.838824 | trade:0.45 call:0.37 put:0.63 | ATM:0.48 OTM:0.52 [seq] | lr: 2.50e-04 | left: 80s
step 13100 ( 67.1%) | loss: 0.803019 | trade:0.33 call:0.77 put:0.22 | ATM:0.50 OTM:0.50 [rnd] | lr: 2.50e-04 | left: 79s
step 13150 ( 67.5%) | loss: 0.927176 | trade:0.91 call:0.98 put:0.01 | ATM:0.47 OTM:0.53 [seq] | lr: 2.50e-04 | left: 78s
step 13200 ( 67.7%) | loss: 0.726482 | trade:0.91 call:0.88 put:0.12 | ATM:0.42 OTM:0.58 [seq] | lr: 2.50e-04 | left: 78s
step 13250 ( 67.9%) | loss: 0.507656 | trade:0.88 call:0.94 put:0.06 | ATM:0.90 OTM:0.10 [seq] | lr: 2.50e-04 | left: 77s
step 13300 ( 68.1%) | loss: 0.537166 | trade:0.93 call:0.01 put:0.99 | ATM:0.96 OTM:0.04 [seq] | lr: 2.50e-04 | left: 77s
step 13350 ( 68.3%) | loss: 0.554450 | trade:0.90 call:0.95 put:0.05 | ATM:0.92 OTM:0.08 [seq] | lr: 2.50e-04 | left: 76s
step 13400 ( 68.5%) | loss: 0.453711 | trade:0.92 call:0.98 put:0.02 | ATM:0.50 OTM:0.50 [seq] | lr: 2.50e-04 | left: 76s
step 13450 ( 68.9%) | loss: 0.647095 | trade:0.00 call:0.77 put:0.23 | ATM:0.54 OTM:0.46 [seq] | lr: 2.50e-04 | left: 75s
step 13500 ( 69.2%) | loss: 0.424726 | trade:0.00 call:0.95 put:0.05 | ATM:0.89 OTM:0.11 [seq] | lr: 2.50e-04 | left: 74s
step 13550 ( 69.4%) | loss: 0.508214 | trade:0.00 call:0.84 put:0.16 | ATM:0.48 OTM:0.52 [seq] | lr: 2.50e-04 | left: 73s
step 13600 ( 69.6%) | loss: 0.355960 | trade:0.00 call:0.96 put:0.04 | ATM:0.88 OTM:0.12 [seq] | lr: 2.50e-04 | left: 73s
step 13650 ( 69.8%) | loss: 0.480843 | trade:0.00 call:0.76 put:0.24 | ATM:0.39 OTM:0.61 [seq] | lr: 2.50e-04 | left: 72s
step 13700 ( 70.0%) | loss: 0.464786 | trade:0.00 call:0.80 put:0.21 | ATM:0.40 OTM:0.60 [seq] | lr: 2.50e-04 | left: 72s
step 13750 ( 70.2%) | loss: 0.548068 | trade:0.37 call:0.73 put:0.27 | ATM:0.50 OTM:0.50 [rnd] | lr: 2.50e-04 | left: 72s
step 13800 ( 70.4%) | loss: 0.609985 | trade:0.35 call:0.73 put:0.27 | ATM:0.49 OTM:0.51 [rnd] | lr: 2.50e-04 | left: 71s
step 13850 ( 70.5%) | loss: 0.361464 | trade:0.00 call:0.93 put:0.07 | ATM:0.33 OTM:0.67 [seq] | lr: 2.50e-04 | left: 71s
step 13900 ( 70.8%) | loss: 0.490385 | trade:0.00 call:0.97 put:0.03 | ATM:0.36 OTM:0.64 [seq] | lr: 2.50e-04 | left: 70s
step 13950 ( 71.2%) | loss: 0.618961 | trade:0.36 call:0.76 put:0.24 | ATM:0.51 OTM:0.49 [rnd] | lr: 2.49e-04 | left: 69s
step 14000 ( 71.7%) | loss: 0.681261 | trade:0.00 call:0.73 put:0.27 | ATM:0.36 OTM:0.64 [seq] | lr: 2.48e-04 | left: 68s
step 14050 ( 72.0%) | loss: 0.454022 | trade:0.00 call:0.76 put:0.24 | ATM:0.68 OTM:0.32 [seq] | lr: 2.47e-04 | left: 67s
step 14100 ( 72.3%) | loss: 0.422059 | trade:0.00 call:0.53 put:0.47 | ATM:0.48 OTM:0.52 [seq] | lr: 2.46e-04 | left: 66s
step 14150 ( 72.5%) | loss: 0.661288 | trade:0.35 call:0.76 put:0.24 | ATM:0.49 OTM:0.51 [rnd] | lr: 2.46e-04 | left: 66s
step 14200 ( 72.7%) | loss: 0.555820 | trade:0.00 call:0.19 put:0.81 | ATM:0.82 OTM:0.18 [seq] | lr: 2.45e-04 | left: 65s
step 14250 ( 72.9%) | loss: 0.490454 | trade:0.00 call:0.68 put:0.32 | ATM:0.51 OTM:0.49 [seq] | lr: 2.44e-04 | left: 65s
step 14300 ( 73.2%) | loss: 0.559465 | trade:0.38 call:0.77 put:0.23 | ATM:0.51 OTM:0.49 [rnd] | lr: 2.43e-04 | left: 64s
step 14350 ( 73.6%) | loss: 0.584510 | trade:0.00 call:0.75 put:0.25 | ATM:0.35 OTM:0.65 [seq] | lr: 2.41e-04 | left: 63s
step 14400 ( 74.0%) | loss: 0.682646 | trade:0.00 call:0.92 put:0.08 | ATM:0.89 OTM:0.11 [seq] | lr: 2.39e-04 | left: 62s
step 14450 ( 74.2%) | loss: 0.466637 | trade:0.45 call:0.09 put:0.91 | ATM:0.85 OTM:0.15 [seq] | lr: 2.38e-04 | left: 62s
step 14500 ( 74.4%) | loss: 0.395434 | trade:0.00 call:0.76 put:0.24 | ATM:0.55 OTM:0.45 [seq] | lr: 2.37e-04 | left: 61s
step 14550 ( 74.6%) | loss: 0.633526 | trade:0.94 call:0.99 put:0.01 | ATM:0.37 OTM:0.63 [seq] | lr: 2.36e-04 | left: 61s
step 14600 ( 74.8%) | loss: 0.555224 | trade:0.00 call:0.77 put:0.23 | ATM:0.31 OTM:0.69 [seq] | lr: 2.35e-04 | left: 60s
step 14650 ( 75.0%) | loss: 0.573462 | trade:0.00 call:0.73 put:0.27 | ATM:0.41 OTM:0.59 [seq] | lr: 2.33e-04 | left: 60s
step 14700 ( 75.2%) | loss: 0.427316 | trade:0.00 call:0.74 put:0.26 | ATM:0.33 OTM:0.67 [seq] | lr: 2.32e-04 | left: 60s
step 14750 ( 75.6%) | loss: 0.596613 | trade:0.00 call:0.80 put:0.20 | ATM:0.37 OTM:0.63 [seq] | lr: 2.29e-04 | left: 59s
step 14800 ( 76.0%) | loss: 0.531908 | trade:0.00 call:0.71 put:0.29 | ATM:0.46 OTM:0.54 [seq] | lr: 2.26e-04 | left: 58s
step 14850 ( 76.4%) | loss: 0.538292 | trade:0.38 call:0.76 put:0.24 | ATM:0.48 OTM:0.52 [rnd] | lr: 2.23e-04 | left: 57s
step 14900 ( 76.6%) | loss: 0.352203 | trade:0.00 call:0.84 put:0.16 | ATM:0.37 OTM:0.63 [seq] | lr: 2.21e-04 | left: 56s
step 14950 ( 76.8%) | loss: 0.446158 | trade:0.00 call:0.68 put:0.31 | ATM:0.42 OTM:0.58 [seq] | lr: 2.20e-04 | left: 56s
step 15000 ( 77.0%) | loss: 0.606525 | trade:0.47 call:0.53 put:0.47 | ATM:0.43 OTM:0.57 [seq] | lr: 2.18e-04 | left: 55s
step 15050 ( 77.2%) | loss: 0.459355 | trade:0.00 call:0.74 put:0.26 | ATM:0.38 OTM:0.62 [seq] | lr: 2.16e-04 | left: 55s
step 15100 ( 77.4%) | loss: 0.395287 | trade:0.00 call:0.86 put:0.14 | ATM:0.40 OTM:0.60 [seq] | lr: 2.14e-04 | left: 54s
step 15150 ( 77.7%) | loss: 0.506964 | trade:0.00 call:0.71 put:0.29 | ATM:0.37 OTM:0.63 [seq] | lr: 2.12e-04 | left: 54s
step 15200 ( 78.0%) | loss: 0.329843 | trade:0.95 call:0.93 put:0.07 | ATM:0.40 OTM:0.60 [seq] | lr: 2.08e-04 | left: 53s
step 15250 ( 78.5%) | loss: 0.615310 | trade:0.00 call:0.82 put:0.18 | ATM:0.40 OTM:0.60 [seq] | lr: 2.04e-04 | left: 52s
step 15300 ( 78.8%) | loss: 0.762298 | trade:0.35 call:0.78 put:0.22 | ATM:0.50 OTM:0.50 [rnd] | lr: 2.00e-04 | left: 51s
step 15350 ( 79.0%) | loss: 0.418534 | trade:0.00 call:0.96 put:0.04 | ATM:0.96 OTM:0.04 [seq] | lr: 1.98e-04 | left: 50s
step 15400 ( 79.2%) | loss: 0.463619 | trade:0.00 call:0.40 put:0.60 | ATM:0.62 OTM:0.38 [seq] | lr: 1.96e-04 | left: 50s
step 15450 ( 79.4%) | loss: 0.632422 | trade:0.00 call:0.80 put:0.20 | ATM:0.40 OTM:0.60 [seq] | lr: 1.94e-04 | left: 49s
step 15500 ( 79.6%) | loss: 0.634292 | trade:0.00 call:0.19 put:0.81 | ATM:0.33 OTM:0.67 [seq] | lr: 1.92e-04 | left: 49s
step 15550 ( 79.8%) | loss: 0.341205 | trade:0.00 call:0.95 put:0.05 | ATM:0.36 OTM:0.64 [seq] | lr: 1.90e-04 | left: 49s
step 15600 ( 79.9%) | loss: 0.490949 | trade:0.00 call:0.71 put:0.29 | ATM:0.43 OTM:0.57 [seq] | lr: 1.88e-04 | left: 48s
step 15650 ( 80.1%) | loss: 0.554270 | trade:0.00 call:0.90 put:0.10 | ATM:0.33 OTM:0.67 [seq] | lr: 1.86e-04 | left: 48s
step 15700 ( 80.5%) | loss: 0.586150 | trade:0.39 call:0.76 put:0.24 | ATM:0.51 OTM:0.49 [rnd] | lr: 1.82e-04 | left: 47s
step 15750 ( 80.8%) | loss: 0.636261 | trade:0.36 call:0.74 put:0.26 | ATM:0.49 OTM:0.51 [rnd] | lr: 1.78e-04 | left: 46s
step 15800 ( 81.0%) | loss: 0.534196 | trade:0.34 call:0.76 put:0.24 | ATM:0.48 OTM:0.52 [rnd] | lr: 1.76e-04 | left: 46s
step 15850 ( 81.2%) | loss: 0.457605 | trade:0.34 call:0.75 put:0.25 | ATM:0.50 OTM:0.50 [rnd] | lr: 1.74e-04 | left: 45s
step 15900 ( 81.4%) | loss: 0.730232 | trade:0.36 call:0.77 put:0.23 | ATM:0.48 OTM:0.52 [rnd] | lr: 1.71e-04 | left: 45s
step 15950 ( 81.6%) | loss: 0.537025 | trade:0.00 call:0.78 put:0.22 | ATM:0.62 OTM:0.38 [seq] | lr: 1.68e-04 | left: 44s
step 16000 ( 82.1%) | loss: 0.615359 | trade:0.00 call:0.75 put:0.25 | ATM:0.47 OTM:0.53 [seq] | lr: 1.63e-04 | left: 43s
step 16050 ( 82.4%) | loss: 0.518066 | trade:0.00 call:0.89 put:0.11 | ATM:0.51 OTM:0.49 [seq] | lr: 1.59e-04 | left: 42s
step 16100 ( 82.7%) | loss: 0.514638 | trade:0.00 call:0.93 put:0.07 | ATM:0.92 OTM:0.08 [seq] | lr: 1.54e-04 | left: 41s
step 16150 ( 82.9%) | loss: 0.416007 | trade:0.00 call:0.68 put:0.32 | ATM:0.41 OTM:0.59 [seq] | lr: 1.52e-04 | left: 41s
step 16200 ( 83.1%) | loss: 0.834679 | trade:0.36 call:0.73 put:0.27 | ATM:0.50 OTM:0.50 [rnd] | lr: 1.49e-04 | left: 40s
step 16250 ( 83.4%) | loss: 0.702281 | trade:0.36 call:0.75 put:0.25 | ATM:0.50 OTM:0.50 [rnd] | lr: 1.46e-04 | left: 40s
step 16300 ( 83.6%) | loss: 0.532475 | trade:0.36 call:0.77 put:0.23 | ATM:0.51 OTM:0.49 [rnd] | lr: 1.44e-04 | left: 39s
step 16350 ( 83.9%) | loss: 0.679131 | trade:0.34 call:0.73 put:0.28 | ATM:0.50 OTM:0.50 [rnd] | lr: 1.39e-04 | left: 39s
step 16400 ( 84.1%) | loss: 0.814739 | trade:0.00 call:0.86 put:0.15 | ATM:0.47 OTM:0.53 [seq] | lr: 1.36e-04 | left: 38s
step 16450 ( 84.3%) | loss: 0.547625 | trade:0.91 call:0.95 put:0.05 | ATM:0.94 OTM:0.06 [seq] | lr: 1.34e-04 | left: 38s
step 16500 ( 84.5%) | loss: 0.618227 | trade:0.00 call:0.85 put:0.15 | ATM:0.68 OTM:0.32 [seq] | lr: 1.31e-04 | left: 37s
step 16550 ( 84.7%) | loss: 0.704494 | trade:0.34 call:0.77 put:0.24 | ATM:0.50 OTM:0.50 [rnd] | lr: 1.29e-04 | left: 37s
step 16600 ( 84.9%) | loss: 0.704802 | trade:0.00 call:0.70 put:0.30 | ATM:0.37 OTM:0.63 [seq] | lr: 1.26e-04 | left: 36s
step 16650 ( 85.1%) | loss: 0.452810 | trade:0.00 call:0.57 put:0.43 | ATM:0.78 OTM:0.22 [seq] | lr: 1.24e-04 | left: 36s
step 16700 ( 85.3%) | loss: 0.790271 | trade:0.40 call:0.77 put:0.23 | ATM:0.49 OTM:0.51 [rnd] | lr: 1.21e-04 | left: 35s
step 16750 ( 85.5%) | loss: 0.560780 | trade:0.00 call:0.79 put:0.21 | ATM:0.51 OTM:0.49 [seq] | lr: 1.18e-04 | left: 35s
step 16800 ( 85.7%) | loss: 0.690323 | trade:0.36 call:0.75 put:0.25 | ATM:0.50 OTM:0.50 [rnd] | lr: 1.16e-04 | left: 34s
step 16850 ( 85.9%) | loss: 0.871113 | trade:0.35 call:0.76 put:0.24 | ATM:0.51 OTM:0.49 [rnd] | lr: 1.13e-04 | left: 34s
step 16900 ( 86.2%) | loss: 0.617296 | trade:0.91 call:0.99 put:0.01 | ATM:0.40 OTM:0.60 [seq] | lr: 1.10e-04 | left: 33s
step 16950 ( 86.6%) | loss: 0.657969 | trade:0.39 call:0.77 put:0.24 | ATM:0.50 OTM:0.50 [rnd] | lr: 1.04e-04 | left: 32s
step 17000 ( 87.0%) | loss: 0.531367 | trade:0.00 call:0.67 put:0.33 | ATM:0.45 OTM:0.55 [seq] | lr: 9.93e-05 | left: 31s
step 17050 ( 87.3%) | loss: 0.966156 | trade:0.36 call:0.74 put:0.26 | ATM:0.49 OTM:0.51 [rnd] | lr: 9.51e-05 | left: 30s
step 17100 ( 87.5%) | loss: 0.622358 | trade:0.36 call:0.77 put:0.22 | ATM:0.49 OTM:0.51 [rnd] | lr: 9.27e-05 | left: 30s
step 17150 ( 87.7%) | loss: 0.679778 | trade:0.00 call:0.42 put:0.58 | ATM:0.38 OTM:0.62 [seq] | lr: 8.98e-05 | left: 29s
step 17200 ( 87.9%) | loss: 0.545400 | trade:0.00 call:0.77 put:0.23 | ATM:0.40 OTM:0.60 [seq] | lr: 8.74e-05 | left: 29s
step 17250 ( 88.2%) | loss: 0.407748 | trade:0.00 call:0.80 put:0.20 | ATM:0.45 OTM:0.55 [seq] | lr: 8.37e-05 | left: 28s
step 17300 ( 88.6%) | loss: 0.506515 | trade:0.00 call:0.96 put:0.04 | ATM:0.53 OTM:0.47 [seq] | lr: 7.85e-05 | left: 27s
step 17350 ( 89.0%) | loss: 0.734156 | trade:0.37 call:0.77 put:0.24 | ATM:0.50 OTM:0.50 [rnd] | lr: 7.44e-05 | left: 26s
step 17400 ( 89.2%) | loss: 0.658325 | trade:0.37 call:0.76 put:0.24 | ATM:0.49 OTM:0.51 [rnd] | lr: 7.19e-05 | left: 26s
step 17450 ( 89.4%) | loss: 0.577194 | trade:0.89 call:0.05 put:0.95 | ATM:0.68 OTM:0.32 [seq] | lr: 6.98e-05 | left: 26s
step 17500 ( 89.6%) | loss: 0.608509 | trade:0.00 call:0.76 put:0.24 | ATM:0.64 OTM:0.36 [seq] | lr: 6.75e-05 | left: 25s
step 17550 ( 89.7%) | loss: 0.786298 | trade:0.34 call:0.75 put:0.25 | ATM:0.48 OTM:0.52 [rnd] | lr: 6.54e-05 | left: 25s
step 17600 ( 89.9%) | loss: 0.443536 | trade:0.91 call:0.97 put:0.03 | ATM:0.34 OTM:0.66 [seq] | lr: 6.34e-05 | left: 24s
step 17650 ( 90.1%) | loss: 0.553177 | trade:0.37 call:0.74 put:0.26 | ATM:0.50 OTM:0.50 [rnd] | lr: 6.11e-05 | left: 24s
step 17700 ( 90.4%) | loss: 0.463005 | trade:0.92 call:1.00 put:0.00 | ATM:0.28 OTM:0.72 [seq] | lr: 5.77e-05 | left: 23s
step 17750 ( 90.8%) | loss: 0.398598 | trade:0.36 call:0.74 put:0.26 | ATM:0.50 OTM:0.50 [rnd] | lr: 5.32e-05 | left: 22s
step 17800 ( 91.2%) | loss: 0.465896 | trade:0.93 call:0.98 put:0.02 | ATM:0.97 OTM:0.03 [seq] | lr: 4.90e-05 | left: 21s
step 17850 ( 91.5%) | loss: 0.507472 | trade:0.93 call:1.00 put:0.00 | ATM:0.25 OTM:0.75 [seq] | lr: 4.61e-05 | left: 20s
step 17900 ( 91.8%) | loss: 0.481408 | trade:0.96 call:1.00 put:0.00 | ATM:0.21 OTM:0.79 [seq] | lr: 4.38e-05 | left: 20s
step 17950 ( 92.0%) | loss: 0.495967 | trade:0.96 call:1.00 put:0.00 | ATM:0.21 OTM:0.79 [seq] | lr: 4.18e-05 | left: 19s
step 18000 ( 92.1%) | loss: 0.704239 | trade:0.94 call:0.99 put:0.01 | ATM:0.22 OTM:0.78 [seq] | lr: 4.01e-05 | left: 19s
step 18050 ( 92.4%) | loss: 0.512800 | trade:0.38 call:0.77 put:0.23 | ATM:0.49 OTM:0.51 [rnd] | lr: 3.76e-05 | left: 18s
step 18100 ( 92.6%) | loss: 0.561877 | trade:0.37 call:0.77 put:0.23 | ATM:0.50 OTM:0.50 [rnd] | lr: 3.53e-05 | left: 18s
step 18150 ( 93.0%) | loss: 0.640447 | trade:0.86 call:0.95 put:0.05 | ATM:0.95 OTM:0.05 [seq] | lr: 3.17e-05 | left: 17s
step 18200 ( 93.5%) | loss: 0.784353 | trade:0.37 call:0.76 put:0.24 | ATM:0.49 OTM:0.51 [rnd] | lr: 2.80e-05 | left: 16s
step 18250 ( 93.7%) | loss: 0.356072 | trade:0.00 call:0.71 put:0.29 | ATM:0.38 OTM:0.62 [seq] | lr: 2.59e-05 | left: 15s
step 18300 ( 93.9%) | loss: 0.618927 | trade:0.32 call:0.74 put:0.26 | ATM:0.50 OTM:0.50 [rnd] | lr: 2.43e-05 | left: 15s
step 18350 ( 94.1%) | loss: 0.800585 | trade:0.93 call:1.00 put:0.00 | ATM:0.22 OTM:0.78 [seq] | lr: 2.28e-05 | left: 14s
step 18400 ( 94.3%) | loss: 0.365618 | trade:0.93 call:1.00 put:0.00 | ATM:0.24 OTM:0.76 [seq] | lr: 2.16e-05 | left: 14s
step 18450 ( 94.5%) | loss: 0.622691 | trade:0.94 call:0.99 put:0.01 | ATM:0.28 OTM:0.72 [seq] | lr: 2.00e-05 | left: 13s
step 18500 ( 94.7%) | loss: 0.423706 | trade:0.00 call:0.95 put:0.05 | ATM:0.56 OTM:0.44 [seq] | lr: 1.87e-05 | left: 13s
step 18550 ( 94.9%) | loss: 0.507825 | trade:0.00 call:0.84 put:0.16 | ATM:0.66 OTM:0.34 [seq] | lr: 1.74e-05 | left: 12s
step 18600 ( 95.1%) | loss: 0.806751 | trade:0.00 call:0.66 put:0.34 | ATM:0.41 OTM:0.59 [seq] | lr: 1.61e-05 | left: 12s
step 18650 ( 95.4%) | loss: 0.403093 | trade:0.34 call:0.76 put:0.25 | ATM:0.49 OTM:0.51 [rnd] | lr: 1.41e-05 | left: 11s
step 18700 ( 95.7%) | loss: 0.721792 | trade:0.00 call:0.80 put:0.20 | ATM:0.57 OTM:0.43 [seq] | lr: 1.23e-05 | left: 10s
step 18750 ( 96.0%) | loss: 0.490049 | trade:0.00 call:0.67 put:0.33 | ATM:0.34 OTM:0.66 [seq] | lr: 1.10e-05 | left: 10s
step 18800 ( 96.1%) | loss: 0.597250 | trade:0.00 call:0.75 put:0.25 | ATM:0.36 OTM:0.64 [seq] | lr: 1.01e-05 | left: 9s
step 18850 ( 96.3%) | loss: 0.611620 | trade:0.34 call:0.77 put:0.23 | ATM:0.48 OTM:0.52 [rnd] | lr: 9.17e-06 | left: 9s
step 18900 ( 96.6%) | loss: 0.864964 | trade:0.36 call:0.76 put:0.24 | ATM:0.49 OTM:0.51 [rnd] | lr: 7.72e-06 | left: 8s
step 18950 ( 97.1%) | loss: 0.593010 | trade:0.00 call:0.75 put:0.25 | ATM:0.53 OTM:0.47 [seq] | lr: 5.88e-06 | left: 7s
step 19000 ( 97.4%) | loss: 1.128102 | trade:0.96 call:0.99 put:0.01 | ATM:0.29 OTM:0.71 [seq] | lr: 4.52e-06 | left: 6s
step 19050 ( 97.7%) | loss: 0.561222 | trade:0.96 call:1.00 put:0.00 | ATM:0.18 OTM:0.82 [seq] | lr: 3.69e-06 | left: 6s
step 19100 ( 97.9%) | loss: 0.520326 | trade:0.95 call:1.00 put:0.00 | ATM:0.19 OTM:0.81 [seq] | lr: 3.02e-06 | left: 5s
step 19150 ( 98.1%) | loss: 0.520966 | trade:0.00 call:0.74 put:0.26 | ATM:0.40 OTM:0.60 [seq] | lr: 2.47e-06 | left: 5s
step 19200 ( 98.3%) | loss: 0.530969 | trade:0.34 call:0.78 put:0.22 | ATM:0.49 OTM:0.51 [rnd] | lr: 2.02e-06 | left: 4s
step 19250 ( 98.5%) | loss: 0.580437 | trade:0.00 call:0.89 put:0.11 | ATM:0.47 OTM:0.53 [seq] | lr: 1.62e-06 | left: 4s
step 19300 ( 98.7%) | loss: 0.591760 | trade:0.00 call:0.42 put:0.58 | ATM:0.66 OTM:0.34 [seq] | lr: 1.19e-06 | left: 3s
step 19350 ( 99.0%) | loss: 0.704374 | trade:0.37 call:0.76 put:0.24 | ATM:0.49 OTM:0.51 [rnd] | lr: 6.62e-07 | left: 2s
step 19400 ( 99.2%) | loss: 0.713851 | trade:0.92 call:0.01 put:1.00 | ATM:0.66 OTM:0.34 [seq] | lr: 4.23e-07 | left: 2s
step 19450 ( 99.4%) | loss: 0.414556 | trade:0.86 call:0.97 put:0.03 | ATM:0.52 OTM:0.48 [seq] | lr: 2.54e-07 | left: 1s
step 19500 ( 99.6%) | loss: 0.465632 | trade:0.94 call:0.97 put:0.03 | ATM:0.45 OTM:0.55 [seq] | lr: 1.21e-07 | left: 1s
step 19550 ( 99.7%) | loss: 0.263410 | trade:0.92 call:0.99 put:0.01 | ATM:0.36 OTM:0.64 [seq] | lr: 4.70e-08 | left: 1s
step 19600 ( 99.9%) | loss: 0.738409 | trade:0.88 call:0.87 put:0.14 | ATM:0.33 OTM:0.67 [seq] | lr: 3.88e-09 | left: 0s

Training done at 245s. Starting evaluation...
Evaluation done in 1s (total wall: 246s)
Model saved to /root/best_model.pt
Trade log: 5 trades -> /root/trade_log.csv

=== TRADE DIAGNOSTICS ===

Worst 5 trades:
  2025-09-17 2025-09-17 13:10 CALL_ATM 6600.0 PnL=-393.59% hold=2bars exit=model_exit
  2025-09-17 2025-09-17 13:18 CALL_ATM 6600.0 PnL=-221.63% hold=1bars exit=model_exit
  2025-09-17 2025-09-17 13:22 CALL_ATM 6600.0 PnL=-50.11% hold=2bars exit=model_exit
  2025-09-17 2025-09-17 13:13 CALL_ATM 6600.0 PnL=+46.61% hold=1bars exit=model_exit
  2025-09-17 2025-09-17 13:00 CALL_ATM 6600.0 PnL=+157.11% hold=7bars exit=model_exit
Best 5 trades:
  2025-09-17 2025-09-17 13:10 CALL_ATM 6600.0 PnL=-393.59% hold=2bars exit=model_exit
  2025-09-17 2025-09-17 13:18 CALL_ATM 6600.0 PnL=-221.63% hold=1bars exit=model_exit
  2025-09-17 2025-09-17 13:22 CALL_ATM 6600.0 PnL=-50.11% hold=2bars exit=model_exit
  2025-09-17 2025-09-17 13:13 CALL_ATM 6600.0 PnL=+46.61% hold=1bars exit=model_exit
  2025-09-17 2025-09-17 13:00 CALL_ATM 6600.0 PnL=+157.11% hold=7bars exit=model_exit

Time-of-day breakdown:
  Lunch(11:30-13:30): 5 trades, WR=40.0%, avg=-92.32%

Direction breakdown:
  CALL: 5 trades, WR=40.0%, avg=-92.32%

Exit reasons:
  model_exit: 5 (100.0%)

Stop-loss alignment: MULTI-LEVEL (tight/med/wide selected by IV+VIX)
=== END DIAGNOSTICS ===

---
score:              -0.821895
profit_factor:      0.306181
win_rate:           0.400000
avg_winner:         0.010186
avg_loser:          -0.022178
trades_per_day:     1.000000
max_consec_loss:    2
num_trades:         5
trade_sharpe:       -6.710851
sortino:            -8.533849
max_drawdown:       -0.061872
calmar:             -0.746080
ev_per_trade:       -0.009232
do_nothing_pct:     0.850000
exit_pct:           0.019231
model_exit_count:   5
cooldown_blocked:   0
pre_10am_blocked:   26
short_hold_pct:     0.000000
stop_loss_rate:     0.000000
direction_collapse_pct: 1.000000
avg_entry_cost_bps: 171.236600
avg_entry_quality:  0.744900
cost_realism_coverage: 1.000000
high_cost_entry_rate: 0.000000
low_quality_entry_rate: 0.000000
actionable_bar_rate: 0.969200
risk_off_bar_rate:  0.000000
final_capital:      9907.64
equity_sharpe:      -6.731700
max_equity_dd:      -0.012300
total_dollar_return:-0.009200
val_sharpe:         -21.568673
total_return:       -0.046162
num_val_bars:       260
num_val_days:       5
worst_chunk_pf:     1.00
rr_ratio:           0.4593
avg_hold_bars:      2.60
model_exit_rate:    1.0000
hit_ruin:           False
min_equity_frac:    0.9908
avg_risk_fraction:  0.2009
max_risk_fraction:  0.2027
trades_blocked_by_balance: 0
training_seconds:   240.0
total_seconds:      247.8
peak_vram_mb:       769.2
num_steps:          19622
num_params:         145,064
lookback:           120
depth:              3
d_model:            64
effective_lr:       0.00025
gate_label_smoothing:0.050000
dir_label_smoothing:0.050000
false_entry_penalty:1.500000
/opt/conda/lib/python3.11/site-packages/torch/nn/modules/transformer.py:379: UserWarning: enable_nested_tensor is True, but self.use_nested_tensor is False because encoder_layer.norm_first was True
  warnings.warn(
