Loading data from: /root/.cache/autoresearch-trading/features/data.pt
Loaded 382920 1-min bars, 32 features, 8 actions
  ~981 trading days
Training:   up to idx 268019
Validation: idx 268020-382919
  Option P&L coverage: 296720/382920 (77%)
Parameters: 146,265
Architecture: v4 simplified two-head (gate+dir) + balanced strike gating
Training from scratch (v4: no warm-start).

Budget: 240s | Batch: 128 | Lookback: 120
LR: 0.00015 | Depth: 3 | d_model: 64 | ff_mult: 3
Dropout: 0.15 | Weight decay: 0.05
False entry penalty: 2.0x
Label smoothing: gate=0.05 dir=0.05

step 00000 (  0.0%) | loss: 3.093059 | trade:0.27 call:0.45 put:0.55 | ATM:0.23 OTM:0.77 | lr: 0.00e+00 | left: 240s
step 00050 (  0.4%) | loss: 3.220558 | trade:0.27 call:0.46 put:0.54 | ATM:0.24 OTM:0.76 | lr: 5.49e-06 | left: 239s
step 00100 (  0.9%) | loss: 3.165563 | trade:0.29 call:0.45 put:0.55 | ATM:0.24 OTM:0.76 | lr: 1.36e-05 | left: 238s
step 00150 (  1.4%) | loss: 3.111137 | trade:0.32 call:0.47 put:0.53 | ATM:0.25 OTM:0.75 | lr: 2.16e-05 | left: 237s
step 00200 (  2.0%) | loss: 3.049971 | trade:0.36 call:0.48 put:0.52 | ATM:0.26 OTM:0.74 | lr: 2.93e-05 | left: 235s
step 00250 (  2.5%) | loss: 2.964767 | trade:0.39 call:0.49 put:0.51 | ATM:0.28 OTM:0.72 | lr: 3.72e-05 | left: 234s
step 00300 (  3.0%) | loss: 2.914094 | trade:0.42 call:0.51 put:0.49 | ATM:0.30 OTM:0.70 | lr: 4.53e-05 | left: 233s
step 00350 (  3.5%) | loss: 2.900353 | trade:0.44 call:0.52 put:0.48 | ATM:0.32 OTM:0.68 | lr: 5.32e-05 | left: 231s
step 00400 (  4.1%) | loss: 2.830609 | trade:0.45 call:0.53 put:0.47 | ATM:0.34 OTM:0.66 | lr: 6.12e-05 | left: 230s
step 00450 (  4.6%) | loss: 2.777977 | trade:0.42 call:0.54 put:0.46 | ATM:0.35 OTM:0.65 | lr: 6.92e-05 | left: 229s
step 00500 (  5.1%) | loss: 2.756389 | trade:0.44 call:0.55 put:0.45 | ATM:0.36 OTM:0.64 | lr: 7.71e-05 | left: 228s
step 00550 (  5.7%) | loss: 2.713846 | trade:0.43 call:0.55 put:0.45 | ATM:0.36 OTM:0.64 | lr: 8.50e-05 | left: 226s
step 00600 (  6.2%) | loss: 2.650311 | trade:0.43 call:0.57 put:0.43 | ATM:0.37 OTM:0.63 | lr: 9.30e-05 | left: 225s
step 00650 (  6.7%) | loss: 2.585154 | trade:0.45 call:0.58 put:0.42 | ATM:0.37 OTM:0.63 | lr: 1.01e-04 | left: 224s
step 00700 (  7.2%) | loss: 2.487860 | trade:0.41 call:0.59 put:0.41 | ATM:0.37 OTM:0.63 | lr: 1.09e-04 | left: 223s
step 00750 (  7.8%) | loss: 2.421423 | trade:0.41 call:0.61 put:0.39 | ATM:0.41 OTM:0.59 | lr: 1.17e-04 | left: 221s
step 00800 (  8.3%) | loss: 2.329125 | trade:0.42 call:0.55 put:0.45 | ATM:0.39 OTM:0.61 | lr: 1.25e-04 | left: 220s
step 00850 (  8.8%) | loss: 2.268423 | trade:0.43 call:0.61 put:0.39 | ATM:0.38 OTM:0.62 | lr: 1.33e-04 | left: 219s
step 00900 (  9.4%) | loss: 2.167059 | trade:0.43 call:0.59 put:0.41 | ATM:0.37 OTM:0.63 | lr: 1.41e-04 | left: 217s
step 00950 (  9.9%) | loss: 2.066939 | trade:0.40 call:0.62 put:0.38 | ATM:0.41 OTM:0.59 | lr: 1.49e-04 | left: 216s
step 01000 ( 10.4%) | loss: 1.963350 | trade:0.41 call:0.65 put:0.35 | ATM:0.43 OTM:0.57 | lr: 1.50e-04 | left: 215s
step 01050 ( 11.0%) | loss: 1.873606 | trade:0.40 call:0.66 put:0.34 | ATM:0.44 OTM:0.56 | lr: 1.50e-04 | left: 214s
step 01100 ( 11.5%) | loss: 1.807588 | trade:0.42 call:0.63 put:0.37 | ATM:0.44 OTM:0.56 | lr: 1.50e-04 | left: 212s
step 01150 ( 12.0%) | loss: 1.709652 | trade:0.39 call:0.62 put:0.38 | ATM:0.46 OTM:0.54 | lr: 1.50e-04 | left: 211s
step 01200 ( 12.6%) | loss: 1.682838 | trade:0.42 call:0.64 put:0.36 | ATM:0.39 OTM:0.61 | lr: 1.50e-04 | left: 210s
step 01250 ( 13.1%) | loss: 1.589897 | trade:0.40 call:0.64 put:0.36 | ATM:0.47 OTM:0.53 | lr: 1.50e-04 | left: 209s
step 01300 ( 13.6%) | loss: 1.559982 | trade:0.33 call:0.67 put:0.33 | ATM:0.45 OTM:0.55 | lr: 1.50e-04 | left: 207s
step 01350 ( 14.1%) | loss: 1.497915 | trade:0.37 call:0.56 put:0.44 | ATM:0.45 OTM:0.55 | lr: 1.50e-04 | left: 206s
step 01400 ( 14.7%) | loss: 1.494540 | trade:0.42 call:0.61 put:0.39 | ATM:0.49 OTM:0.51 | lr: 1.50e-04 | left: 205s
step 01450 ( 15.2%) | loss: 1.501560 | trade:0.35 call:0.70 put:0.30 | ATM:0.49 OTM:0.51 | lr: 1.50e-04 | left: 204s
step 01500 ( 15.7%) | loss: 1.477949 | trade:0.42 call:0.61 put:0.39 | ATM:0.48 OTM:0.52 | lr: 1.50e-04 | left: 202s
step 01550 ( 16.3%) | loss: 1.411709 | trade:0.36 call:0.67 put:0.33 | ATM:0.47 OTM:0.53 | lr: 1.50e-04 | left: 201s
step 01600 ( 16.8%) | loss: 1.406159 | trade:0.40 call:0.60 put:0.40 | ATM:0.45 OTM:0.55 | lr: 1.50e-04 | left: 200s
step 01650 ( 17.3%) | loss: 1.410456 | trade:0.42 call:0.63 put:0.37 | ATM:0.49 OTM:0.51 | lr: 1.50e-04 | left: 198s
step 01700 ( 17.8%) | loss: 1.374737 | trade:0.33 call:0.64 put:0.36 | ATM:0.50 OTM:0.50 | lr: 1.50e-04 | left: 197s
step 01750 ( 18.4%) | loss: 1.328378 | trade:0.36 call:0.63 put:0.37 | ATM:0.53 OTM:0.47 | lr: 1.50e-04 | left: 196s
step 01800 ( 18.9%) | loss: 1.368348 | trade:0.32 call:0.61 put:0.39 | ATM:0.50 OTM:0.50 | lr: 1.50e-04 | left: 195s
step 01850 ( 19.5%) | loss: 1.347689 | trade:0.40 call:0.63 put:0.37 | ATM:0.50 OTM:0.50 | lr: 1.50e-04 | left: 193s
step 01900 ( 20.0%) | loss: 1.317200 | trade:0.39 call:0.60 put:0.40 | ATM:0.52 OTM:0.48 | lr: 1.50e-04 | left: 192s
step 01950 ( 20.6%) | loss: 1.322719 | trade:0.33 call:0.57 put:0.43 | ATM:0.50 OTM:0.50 | lr: 1.50e-04 | left: 191s
step 02000 ( 21.1%) | loss: 1.282629 | trade:0.32 call:0.65 put:0.35 | ATM:0.53 OTM:0.47 | lr: 1.50e-04 | left: 189s
step 02050 ( 21.6%) | loss: 1.327901 | trade:0.37 call:0.66 put:0.34 | ATM:0.51 OTM:0.49 | lr: 1.50e-04 | left: 188s
step 02100 ( 22.2%) | loss: 1.287669 | trade:0.35 call:0.62 put:0.38 | ATM:0.49 OTM:0.51 | lr: 1.50e-04 | left: 187s
step 02150 ( 22.7%) | loss: 1.299223 | trade:0.36 call:0.60 put:0.40 | ATM:0.49 OTM:0.51 | lr: 1.50e-04 | left: 185s
step 02200 ( 23.2%) | loss: 1.282446 | trade:0.39 call:0.61 put:0.39 | ATM:0.45 OTM:0.55 | lr: 1.50e-04 | left: 184s
step 02250 ( 23.8%) | loss: 1.255875 | trade:0.37 call:0.64 put:0.36 | ATM:0.57 OTM:0.43 | lr: 1.50e-04 | left: 183s
step 02300 ( 24.3%) | loss: 1.250502 | trade:0.35 call:0.58 put:0.42 | ATM:0.52 OTM:0.48 | lr: 1.50e-04 | left: 182s
step 02350 ( 24.8%) | loss: 1.247130 | trade:0.34 call:0.71 put:0.29 | ATM:0.57 OTM:0.43 | lr: 1.50e-04 | left: 180s
step 02400 ( 25.3%) | loss: 1.243028 | trade:0.32 call:0.70 put:0.30 | ATM:0.43 OTM:0.57 | lr: 1.50e-04 | left: 179s
step 02450 ( 25.6%) | loss: 1.261731 | trade:0.40 call:0.66 put:0.34 | ATM:0.50 OTM:0.50 | lr: 1.50e-04 | left: 179s
step 02500 ( 25.8%) | loss: 1.249875 | trade:0.38 call:0.57 put:0.43 | ATM:0.52 OTM:0.48 | lr: 1.50e-04 | left: 178s
step 02550 ( 26.1%) | loss: 1.244680 | trade:0.34 call:0.61 put:0.39 | ATM:0.52 OTM:0.48 | lr: 1.50e-04 | left: 177s
step 02600 ( 26.3%) | loss: 1.242782 | trade:0.34 call:0.55 put:0.45 | ATM:0.51 OTM:0.49 | lr: 1.50e-04 | left: 177s
step 02650 ( 26.5%) | loss: 1.220812 | trade:0.37 call:0.62 put:0.38 | ATM:0.54 OTM:0.46 | lr: 1.50e-04 | left: 176s
step 02700 ( 26.8%) | loss: 1.251167 | trade:0.32 call:0.62 put:0.38 | ATM:0.53 OTM:0.47 | lr: 1.50e-04 | left: 176s
step 02750 ( 27.0%) | loss: 1.240205 | trade:0.36 call:0.56 put:0.44 | ATM:0.52 OTM:0.48 | lr: 1.50e-04 | left: 175s
step 02800 ( 27.3%) | loss: 1.229613 | trade:0.36 call:0.60 put:0.40 | ATM:0.56 OTM:0.44 | lr: 1.50e-04 | left: 174s
step 02850 ( 27.5%) | loss: 1.180013 | trade:0.30 call:0.63 put:0.37 | ATM:0.60 OTM:0.40 | lr: 1.50e-04 | left: 174s
step 02900 ( 27.7%) | loss: 1.190583 | trade:0.38 call:0.62 put:0.38 | ATM:0.53 OTM:0.47 | lr: 1.50e-04 | left: 173s
step 02950 ( 27.9%) | loss: 1.204894 | trade:0.36 call:0.60 put:0.40 | ATM:0.55 OTM:0.45 | lr: 1.50e-04 | left: 173s
step 03000 ( 28.2%) | loss: 1.201779 | trade:0.38 call:0.57 put:0.43 | ATM:0.55 OTM:0.45 | lr: 1.50e-04 | left: 172s
step 03050 ( 28.4%) | loss: 1.175552 | trade:0.37 call:0.66 put:0.34 | ATM:0.56 OTM:0.44 | lr: 1.50e-04 | left: 172s
step 03100 ( 28.6%) | loss: 1.179573 | trade:0.38 call:0.67 put:0.33 | ATM:0.59 OTM:0.41 | lr: 1.50e-04 | left: 171s
step 03150 ( 28.8%) | loss: 1.175228 | trade:0.36 call:0.59 put:0.41 | ATM:0.52 OTM:0.48 | lr: 1.50e-04 | left: 171s
step 03200 ( 29.0%) | loss: 1.199636 | trade:0.35 call:0.63 put:0.37 | ATM:0.53 OTM:0.47 | lr: 1.50e-04 | left: 170s
step 03250 ( 29.2%) | loss: 1.190557 | trade:0.29 call:0.59 put:0.41 | ATM:0.60 OTM:0.40 | lr: 1.50e-04 | left: 170s
step 03300 ( 29.5%) | loss: 1.187223 | trade:0.36 call:0.65 put:0.35 | ATM:0.57 OTM:0.43 | lr: 1.50e-04 | left: 169s
step 03350 ( 29.7%) | loss: 1.177852 | trade:0.30 call:0.58 put:0.42 | ATM:0.60 OTM:0.40 | lr: 1.50e-04 | left: 169s
step 03400 ( 29.9%) | loss: 1.167842 | trade:0.37 call:0.60 put:0.40 | ATM:0.56 OTM:0.44 | lr: 1.50e-04 | left: 168s
step 03450 ( 30.1%) | loss: 1.137625 | trade:0.34 call:0.61 put:0.39 | ATM:0.51 OTM:0.49 | lr: 1.50e-04 | left: 168s
step 03500 ( 30.3%) | loss: 1.173391 | trade:0.33 call:0.63 put:0.37 | ATM:0.52 OTM:0.48 | lr: 1.50e-04 | left: 167s
step 03550 ( 30.5%) | loss: 1.165662 | trade:0.33 call:0.63 put:0.37 | ATM:0.57 OTM:0.43 | lr: 1.50e-04 | left: 167s
step 03600 ( 30.8%) | loss: 1.156562 | trade:0.32 call:0.61 put:0.39 | ATM:0.56 OTM:0.44 | lr: 1.50e-04 | left: 166s
step 03650 ( 31.0%) | loss: 1.156339 | trade:0.30 call:0.62 put:0.38 | ATM:0.57 OTM:0.43 | lr: 1.50e-04 | left: 165s
step 03700 ( 31.3%) | loss: 1.150158 | trade:0.34 call:0.65 put:0.35 | ATM:0.57 OTM:0.43 | lr: 1.50e-04 | left: 165s
step 03750 ( 31.6%) | loss: 1.198777 | trade:0.29 call:0.67 put:0.33 | ATM:0.66 OTM:0.34 | lr: 1.50e-04 | left: 164s
step 03800 ( 31.8%) | loss: 1.162548 | trade:0.39 call:0.58 put:0.42 | ATM:0.57 OTM:0.43 | lr: 1.50e-04 | left: 164s
step 03850 ( 32.1%) | loss: 1.143106 | trade:0.35 call:0.59 put:0.41 | ATM:0.56 OTM:0.44 | lr: 1.50e-04 | left: 163s
step 03900 ( 32.5%) | loss: 1.134690 | trade:0.38 call:0.56 put:0.44 | ATM:0.59 OTM:0.41 | lr: 1.50e-04 | left: 162s
step 03950 ( 33.0%) | loss: 1.110236 | trade:0.26 call:0.67 put:0.33 | ATM:0.60 OTM:0.40 | lr: 1.50e-04 | left: 161s
step 04000 ( 33.3%) | loss: 1.148602 | trade:0.36 call:0.65 put:0.35 | ATM:0.56 OTM:0.44 | lr: 1.50e-04 | left: 160s
step 04050 ( 33.5%) | loss: 1.143557 | trade:0.36 call:0.63 put:0.37 | ATM:0.56 OTM:0.44 | lr: 1.50e-04 | left: 159s
step 04100 ( 33.9%) | loss: 1.132610 | trade:0.30 call:0.65 put:0.35 | ATM:0.57 OTM:0.43 | lr: 1.50e-04 | left: 159s
step 04150 ( 34.4%) | loss: 1.103844 | trade:0.33 call:0.57 put:0.43 | ATM:0.65 OTM:0.35 | lr: 1.50e-04 | left: 157s
step 04200 ( 35.0%) | loss: 1.112201 | trade:0.30 call:0.62 put:0.38 | ATM:0.62 OTM:0.38 | lr: 1.50e-04 | left: 156s
step 04250 ( 35.5%) | loss: 1.122075 | trade:0.33 call:0.57 put:0.43 | ATM:0.60 OTM:0.40 | lr: 1.50e-04 | left: 155s
step 04300 ( 36.0%) | loss: 1.123005 | trade:0.40 call:0.60 put:0.40 | ATM:0.60 OTM:0.40 | lr: 1.50e-04 | left: 154s
step 04350 ( 36.5%) | loss: 1.115883 | trade:0.29 call:0.65 put:0.35 | ATM:0.62 OTM:0.38 | lr: 1.50e-04 | left: 152s
step 04400 ( 37.1%) | loss: 1.119633 | trade:0.34 call:0.64 put:0.36 | ATM:0.54 OTM:0.46 | lr: 1.50e-04 | left: 151s
step 04450 ( 37.6%) | loss: 1.099616 | trade:0.37 call:0.66 put:0.34 | ATM:0.62 OTM:0.38 | lr: 1.50e-04 | left: 150s
step 04500 ( 38.0%) | loss: 1.132802 | trade:0.35 call:0.60 put:0.40 | ATM:0.62 OTM:0.38 | lr: 1.50e-04 | left: 149s
step 04550 ( 38.4%) | loss: 1.106420 | trade:0.34 call:0.58 put:0.42 | ATM:0.56 OTM:0.44 | lr: 1.50e-04 | left: 148s
step 04600 ( 39.0%) | loss: 1.119893 | trade:0.35 call:0.63 put:0.37 | ATM:0.55 OTM:0.45 | lr: 1.50e-04 | left: 146s
step 04650 ( 39.5%) | loss: 1.095605 | trade:0.35 call:0.60 put:0.40 | ATM:0.56 OTM:0.44 | lr: 1.50e-04 | left: 145s
step 04700 ( 40.0%) | loss: 1.120218 | trade:0.38 call:0.64 put:0.36 | ATM:0.63 OTM:0.37 | lr: 1.50e-04 | left: 144s
step 04750 ( 40.6%) | loss: 1.131931 | trade:0.31 call:0.59 put:0.41 | ATM:0.63 OTM:0.37 | lr: 1.50e-04 | left: 143s
step 04800 ( 40.8%) | loss: 1.089825 | trade:0.39 call:0.59 put:0.41 | ATM:0.54 OTM:0.46 | lr: 1.50e-04 | left: 142s
step 04850 ( 41.1%) | loss: 1.099569 | trade:0.38 call:0.61 put:0.39 | ATM:0.59 OTM:0.41 | lr: 1.50e-04 | left: 141s
step 04900 ( 41.7%) | loss: 1.092468 | trade:0.30 call:0.62 put:0.38 | ATM:0.66 OTM:0.34 | lr: 1.50e-04 | left: 140s
step 04950 ( 42.2%) | loss: 1.122154 | trade:0.35 call:0.61 put:0.39 | ATM:0.60 OTM:0.40 | lr: 1.50e-04 | left: 139s
step 05000 ( 42.7%) | loss: 1.109946 | trade:0.36 call:0.58 put:0.42 | ATM:0.62 OTM:0.38 | lr: 1.50e-04 | left: 137s
step 05050 ( 43.1%) | loss: 1.096629 | trade:0.34 call:0.64 put:0.36 | ATM:0.53 OTM:0.47 | lr: 1.50e-04 | left: 137s
step 05100 ( 43.6%) | loss: 1.111515 | trade:0.33 call:0.62 put:0.38 | ATM:0.60 OTM:0.40 | lr: 1.50e-04 | left: 135s
step 05150 ( 44.2%) | loss: 1.092550 | trade:0.38 call:0.58 put:0.42 | ATM:0.62 OTM:0.38 | lr: 1.50e-04 | left: 134s
step 05200 ( 44.7%) | loss: 1.098040 | trade:0.31 call:0.63 put:0.37 | ATM:0.62 OTM:0.38 | lr: 1.50e-04 | left: 133s
step 05250 ( 45.3%) | loss: 1.090108 | trade:0.29 call:0.63 put:0.37 | ATM:0.65 OTM:0.35 | lr: 1.50e-04 | left: 131s
step 05300 ( 45.8%) | loss: 1.094634 | trade:0.30 call:0.67 put:0.33 | ATM:0.60 OTM:0.40 | lr: 1.50e-04 | left: 130s
step 05350 ( 46.0%) | loss: 1.105241 | trade:0.29 call:0.69 put:0.31 | ATM:0.67 OTM:0.33 | lr: 1.50e-04 | left: 130s
step 05400 ( 46.5%) | loss: 1.100252 | trade:0.39 call:0.54 put:0.46 | ATM:0.54 OTM:0.46 | lr: 1.50e-04 | left: 128s
step 05450 ( 47.0%) | loss: 1.068833 | trade:0.37 call:0.58 put:0.42 | ATM:0.59 OTM:0.41 | lr: 1.50e-04 | left: 127s
step 05500 ( 47.5%) | loss: 1.081092 | trade:0.34 call:0.55 put:0.45 | ATM:0.61 OTM:0.39 | lr: 1.50e-04 | left: 126s
step 05550 ( 48.1%) | loss: 1.093306 | trade:0.35 call:0.61 put:0.39 | ATM:0.67 OTM:0.33 | lr: 1.50e-04 | left: 125s
step 05600 ( 48.6%) | loss: 1.079847 | trade:0.35 call:0.67 put:0.33 | ATM:0.63 OTM:0.37 | lr: 1.50e-04 | left: 123s
step 05650 ( 49.2%) | loss: 1.072152 | trade:0.32 call:0.67 put:0.33 | ATM:0.66 OTM:0.34 | lr: 1.50e-04 | left: 122s
step 05700 ( 49.7%) | loss: 1.096933 | trade:0.40 call:0.63 put:0.37 | ATM:0.58 OTM:0.42 | lr: 1.50e-04 | left: 121s
step 05750 ( 50.0%) | loss: 1.057361 | trade:0.33 call:0.59 put:0.41 | ATM:0.58 OTM:0.42 | lr: 1.50e-04 | left: 120s
step 05800 ( 50.3%) | loss: 1.076672 | trade:0.34 call:0.67 put:0.33 | ATM:0.67 OTM:0.33 | lr: 1.50e-04 | left: 119s
step 05850 ( 50.6%) | loss: 1.075593 | trade:0.33 call:0.61 put:0.39 | ATM:0.60 OTM:0.40 | lr: 1.50e-04 | left: 119s
step 05900 ( 50.8%) | loss: 1.072414 | trade:0.35 call:0.62 put:0.38 | ATM:0.63 OTM:0.37 | lr: 1.50e-04 | left: 118s
step 05950 ( 51.0%) | loss: 1.051188 | trade:0.34 call:0.53 put:0.47 | ATM:0.65 OTM:0.35 | lr: 1.50e-04 | left: 117s
step 06000 ( 51.3%) | loss: 1.069121 | trade:0.36 call:0.63 put:0.37 | ATM:0.64 OTM:0.36 | lr: 1.50e-04 | left: 117s
step 06050 ( 51.7%) | loss: 1.092201 | trade:0.33 call:0.62 put:0.38 | ATM:0.62 OTM:0.38 | lr: 1.50e-04 | left: 116s
step 06100 ( 52.0%) | loss: 1.076839 | trade:0.29 call:0.58 put:0.42 | ATM:0.64 OTM:0.36 | lr: 1.50e-04 | left: 115s
step 06150 ( 52.3%) | loss: 1.073266 | trade:0.27 call:0.62 put:0.38 | ATM:0.61 OTM:0.39 | lr: 1.50e-04 | left: 115s
step 06200 ( 52.5%) | loss: 1.064588 | trade:0.34 call:0.57 put:0.43 | ATM:0.60 OTM:0.40 | lr: 1.50e-04 | left: 114s
step 06250 ( 52.7%) | loss: 1.054199 | trade:0.33 call:0.68 put:0.32 | ATM:0.66 OTM:0.34 | lr: 1.50e-04 | left: 113s
step 06300 ( 52.9%) | loss: 1.064738 | trade:0.34 call:0.60 put:0.40 | ATM:0.60 OTM:0.40 | lr: 1.50e-04 | left: 113s
step 06350 ( 53.1%) | loss: 1.059794 | trade:0.31 call:0.65 put:0.35 | ATM:0.67 OTM:0.33 | lr: 1.50e-04 | left: 112s
step 06400 ( 53.4%) | loss: 1.060090 | trade:0.34 call:0.61 put:0.39 | ATM:0.67 OTM:0.33 | lr: 1.50e-04 | left: 112s
step 06450 ( 53.6%) | loss: 1.047447 | trade:0.34 call:0.56 put:0.44 | ATM:0.58 OTM:0.42 | lr: 1.50e-04 | left: 111s
step 06500 ( 53.9%) | loss: 1.058874 | trade:0.32 call:0.57 put:0.43 | ATM:0.62 OTM:0.38 | lr: 1.50e-04 | left: 111s
step 06550 ( 54.1%) | loss: 1.058119 | trade:0.37 call:0.63 put:0.37 | ATM:0.55 OTM:0.45 | lr: 1.50e-04 | left: 110s
step 06600 ( 54.4%) | loss: 1.069163 | trade:0.38 call:0.63 put:0.37 | ATM:0.60 OTM:0.40 | lr: 1.50e-04 | left: 109s
step 06650 ( 54.7%) | loss: 1.059583 | trade:0.36 call:0.63 put:0.37 | ATM:0.65 OTM:0.35 | lr: 1.50e-04 | left: 109s
step 06700 ( 54.9%) | loss: 1.060317 | trade:0.35 call:0.68 put:0.32 | ATM:0.64 OTM:0.36 | lr: 1.50e-04 | left: 108s
step 06750 ( 55.1%) | loss: 1.060639 | trade:0.36 call:0.63 put:0.37 | ATM:0.59 OTM:0.41 | lr: 1.50e-04 | left: 108s
step 06800 ( 55.3%) | loss: 1.079472 | trade:0.33 call:0.55 put:0.45 | ATM:0.62 OTM:0.38 | lr: 1.50e-04 | left: 107s
step 06850 ( 55.6%) | loss: 1.050607 | trade:0.33 call:0.62 put:0.38 | ATM:0.65 OTM:0.35 | lr: 1.50e-04 | left: 107s
step 06900 ( 55.9%) | loss: 1.045404 | trade:0.34 call:0.59 put:0.41 | ATM:0.62 OTM:0.38 | lr: 1.50e-04 | left: 106s
step 06950 ( 56.1%) | loss: 1.043490 | trade:0.28 call:0.59 put:0.41 | ATM:0.70 OTM:0.30 | lr: 1.50e-04 | left: 105s
step 07000 ( 56.4%) | loss: 1.048253 | trade:0.34 call:0.59 put:0.41 | ATM:0.59 OTM:0.41 | lr: 1.50e-04 | left: 105s
step 07050 ( 56.6%) | loss: 1.050283 | trade:0.29 call:0.60 put:0.40 | ATM:0.66 OTM:0.34 | lr: 1.50e-04 | left: 104s
step 07100 ( 56.9%) | loss: 1.057128 | trade:0.30 call:0.61 put:0.39 | ATM:0.63 OTM:0.37 | lr: 1.50e-04 | left: 103s
step 07150 ( 57.1%) | loss: 1.037444 | trade:0.35 call:0.61 put:0.39 | ATM:0.60 OTM:0.40 | lr: 1.50e-04 | left: 103s
step 07200 ( 57.4%) | loss: 1.023996 | trade:0.32 call:0.59 put:0.41 | ATM:0.59 OTM:0.41 | lr: 1.50e-04 | left: 102s
step 07250 ( 57.7%) | loss: 1.036578 | trade:0.34 call:0.60 put:0.40 | ATM:0.60 OTM:0.40 | lr: 1.50e-04 | left: 102s
step 07300 ( 58.0%) | loss: 1.034115 | trade:0.39 call:0.61 put:0.39 | ATM:0.59 OTM:0.41 | lr: 1.50e-04 | left: 101s
step 07350 ( 58.6%) | loss: 1.021639 | trade:0.30 call:0.61 put:0.39 | ATM:0.65 OTM:0.35 | lr: 1.50e-04 | left: 99s
step 07400 ( 59.1%) | loss: 1.050126 | trade:0.31 call:0.62 put:0.38 | ATM:0.64 OTM:0.36 | lr: 1.50e-04 | left: 98s
step 07450 ( 59.6%) | loss: 1.057993 | trade:0.33 call:0.64 put:0.36 | ATM:0.67 OTM:0.33 | lr: 1.50e-04 | left: 97s
step 07500 ( 60.2%) | loss: 1.030087 | trade:0.31 call:0.59 put:0.41 | ATM:0.61 OTM:0.39 | lr: 1.50e-04 | left: 96s
step 07550 ( 60.7%) | loss: 1.034877 | trade:0.24 call:0.60 put:0.40 | ATM:0.68 OTM:0.32 | lr: 1.50e-04 | left: 94s
step 07600 ( 61.1%) | loss: 1.037912 | trade:0.32 call:0.59 put:0.41 | ATM:0.60 OTM:0.40 | lr: 1.50e-04 | left: 93s
step 07650 ( 61.5%) | loss: 1.046297 | trade:0.30 call:0.55 put:0.45 | ATM:0.58 OTM:0.42 | lr: 1.50e-04 | left: 92s
step 07700 ( 62.0%) | loss: 1.045162 | trade:0.33 call:0.64 put:0.36 | ATM:0.56 OTM:0.44 | lr: 1.50e-04 | left: 91s
step 07750 ( 62.5%) | loss: 1.034212 | trade:0.35 call:0.54 put:0.46 | ATM:0.63 OTM:0.37 | lr: 1.50e-04 | left: 90s
step 07800 ( 63.1%) | loss: 1.050139 | trade:0.31 call:0.56 put:0.44 | ATM:0.66 OTM:0.34 | lr: 1.50e-04 | left: 89s
step 07850 ( 63.6%) | loss: 1.052270 | trade:0.35 call:0.58 put:0.42 | ATM:0.65 OTM:0.35 | lr: 1.50e-04 | left: 87s
step 07900 ( 64.2%) | loss: 1.034458 | trade:0.35 call:0.64 put:0.36 | ATM:0.60 OTM:0.40 | lr: 1.50e-04 | left: 86s
step 07950 ( 64.7%) | loss: 1.020120 | trade:0.39 call:0.55 put:0.45 | ATM:0.55 OTM:0.45 | lr: 1.50e-04 | left: 85s
step 08000 ( 65.2%) | loss: 1.027454 | trade:0.33 call:0.52 put:0.48 | ATM:0.67 OTM:0.33 | lr: 1.50e-04 | left: 83s
step 08050 ( 65.7%) | loss: 1.048853 | trade:0.38 call:0.61 put:0.39 | ATM:0.62 OTM:0.38 | lr: 1.50e-04 | left: 82s
step 08100 ( 66.2%) | loss: 1.023131 | trade:0.33 call:0.61 put:0.39 | ATM:0.69 OTM:0.31 | lr: 1.50e-04 | left: 81s
step 08150 ( 66.8%) | loss: 1.040895 | trade:0.34 call:0.58 put:0.42 | ATM:0.61 OTM:0.39 | lr: 1.50e-04 | left: 80s
step 08200 ( 67.3%) | loss: 1.050959 | trade:0.37 call:0.59 put:0.41 | ATM:0.61 OTM:0.39 | lr: 1.50e-04 | left: 78s
step 08250 ( 67.8%) | loss: 1.035720 | trade:0.42 call:0.60 put:0.40 | ATM:0.54 OTM:0.46 | lr: 1.50e-04 | left: 77s
step 08300 ( 68.0%) | loss: 1.045148 | trade:0.26 call:0.62 put:0.38 | ATM:0.64 OTM:0.36 | lr: 1.50e-04 | left: 77s
step 08350 ( 68.3%) | loss: 1.052891 | trade:0.36 call:0.61 put:0.39 | ATM:0.63 OTM:0.37 | lr: 1.50e-04 | left: 76s
step 08400 ( 68.6%) | loss: 1.026064 | trade:0.33 call:0.60 put:0.40 | ATM:0.67 OTM:0.33 | lr: 1.50e-04 | left: 75s
step 08450 ( 68.8%) | loss: 1.036356 | trade:0.33 call:0.53 put:0.47 | ATM:0.59 OTM:0.41 | lr: 1.50e-04 | left: 75s
step 08500 ( 69.1%) | loss: 1.035861 | trade:0.35 call:0.56 put:0.44 | ATM:0.62 OTM:0.38 | lr: 1.50e-04 | left: 74s
step 08550 ( 69.4%) | loss: 1.004770 | trade:0.33 call:0.65 put:0.35 | ATM:0.67 OTM:0.33 | lr: 1.50e-04 | left: 73s
step 08600 ( 69.6%) | loss: 1.006300 | trade:0.32 call:0.59 put:0.41 | ATM:0.62 OTM:0.38 | lr: 1.50e-04 | left: 73s
step 08650 ( 69.8%) | loss: 1.004712 | trade:0.32 call:0.57 put:0.43 | ATM:0.58 OTM:0.42 | lr: 1.50e-04 | left: 72s
step 08700 ( 70.1%) | loss: 1.021612 | trade:0.36 call:0.54 put:0.46 | ATM:0.62 OTM:0.38 | lr: 1.50e-04 | left: 72s
step 08750 ( 70.3%) | loss: 1.038166 | trade:0.34 call:0.55 put:0.45 | ATM:0.60 OTM:0.40 | lr: 1.50e-04 | left: 71s
step 08800 ( 70.6%) | loss: 1.021710 | trade:0.36 call:0.60 put:0.40 | ATM:0.64 OTM:0.36 | lr: 1.50e-04 | left: 71s
step 08850 ( 70.8%) | loss: 1.015154 | trade:0.30 call:0.57 put:0.43 | ATM:0.70 OTM:0.30 | lr: 1.50e-04 | left: 70s
step 08900 ( 71.0%) | loss: 1.030048 | trade:0.32 call:0.64 put:0.36 | ATM:0.60 OTM:0.40 | lr: 1.50e-04 | left: 70s
step 08950 ( 71.2%) | loss: 1.029556 | trade:0.39 call:0.65 put:0.35 | ATM:0.60 OTM:0.40 | lr: 1.49e-04 | left: 69s
step 09000 ( 71.4%) | loss: 0.996164 | trade:0.30 call:0.65 put:0.35 | ATM:0.66 OTM:0.34 | lr: 1.49e-04 | left: 69s
step 09050 ( 71.7%) | loss: 1.035878 | trade:0.40 call:0.56 put:0.44 | ATM:0.57 OTM:0.43 | lr: 1.49e-04 | left: 68s
step 09100 ( 71.9%) | loss: 1.045226 | trade:0.33 call:0.60 put:0.40 | ATM:0.67 OTM:0.33 | lr: 1.49e-04 | left: 68s
step 09150 ( 72.1%) | loss: 1.004153 | trade:0.29 call:0.61 put:0.39 | ATM:0.68 OTM:0.32 | lr: 1.48e-04 | left: 67s
step 09200 ( 72.3%) | loss: 1.034667 | trade:0.31 call:0.60 put:0.40 | ATM:0.69 OTM:0.31 | lr: 1.48e-04 | left: 66s
step 09250 ( 72.5%) | loss: 0.991309 | trade:0.33 call:0.58 put:0.42 | ATM:0.72 OTM:0.28 | lr: 1.47e-04 | left: 66s
step 09300 ( 72.8%) | loss: 1.000137 | trade:0.31 call:0.63 put:0.37 | ATM:0.64 OTM:0.36 | lr: 1.47e-04 | left: 65s
step 09350 ( 73.0%) | loss: 1.012932 | trade:0.34 call:0.62 put:0.38 | ATM:0.67 OTM:0.33 | lr: 1.46e-04 | left: 65s
step 09400 ( 73.2%) | loss: 1.034502 | trade:0.33 call:0.63 put:0.37 | ATM:0.69 OTM:0.31 | lr: 1.46e-04 | left: 64s
step 09450 ( 73.4%) | loss: 0.997263 | trade:0.35 call:0.57 put:0.43 | ATM:0.62 OTM:0.38 | lr: 1.45e-04 | left: 64s
step 09500 ( 73.7%) | loss: 1.016234 | trade:0.36 call:0.60 put:0.40 | ATM:0.63 OTM:0.37 | lr: 1.45e-04 | left: 63s
step 09550 ( 73.9%) | loss: 0.987902 | trade:0.36 call:0.63 put:0.37 | ATM:0.62 OTM:0.38 | lr: 1.44e-04 | left: 63s
step 09600 ( 74.1%) | loss: 1.014700 | trade:0.33 call:0.57 put:0.43 | ATM:0.55 OTM:0.45 | lr: 1.43e-04 | left: 62s
step 09650 ( 74.3%) | loss: 1.009618 | trade:0.38 call:0.58 put:0.42 | ATM:0.62 OTM:0.38 | lr: 1.42e-04 | left: 62s
step 09700 ( 74.5%) | loss: 1.006289 | trade:0.35 call:0.58 put:0.42 | ATM:0.63 OTM:0.37 | lr: 1.42e-04 | left: 61s
step 09750 ( 74.7%) | loss: 0.999652 | trade:0.30 call:0.60 put:0.40 | ATM:0.72 OTM:0.28 | lr: 1.41e-04 | left: 61s
step 09800 ( 75.0%) | loss: 0.996251 | trade:0.31 call:0.62 put:0.38 | ATM:0.65 OTM:0.35 | lr: 1.40e-04 | left: 60s
step 09850 ( 75.2%) | loss: 1.007673 | trade:0.34 call:0.51 put:0.49 | ATM:0.62 OTM:0.38 | lr: 1.39e-04 | left: 59s
step 09900 ( 75.5%) | loss: 1.012739 | trade:0.29 call:0.60 put:0.40 | ATM:0.68 OTM:0.32 | lr: 1.38e-04 | left: 59s
step 09950 ( 75.7%) | loss: 1.002020 | trade:0.33 call:0.60 put:0.40 | ATM:0.69 OTM:0.31 | lr: 1.37e-04 | left: 58s
step 10000 ( 75.9%) | loss: 1.012807 | trade:0.36 call:0.53 put:0.47 | ATM:0.66 OTM:0.34 | lr: 1.36e-04 | left: 58s
step 10050 ( 76.2%) | loss: 1.004304 | trade:0.33 call:0.61 put:0.39 | ATM:0.61 OTM:0.39 | lr: 1.35e-04 | left: 57s
step 10100 ( 76.4%) | loss: 1.001171 | trade:0.33 call:0.53 put:0.47 | ATM:0.65 OTM:0.35 | lr: 1.34e-04 | left: 57s
step 10150 ( 76.6%) | loss: 1.006803 | trade:0.34 call:0.60 put:0.40 | ATM:0.63 OTM:0.37 | lr: 1.33e-04 | left: 56s
step 10200 ( 77.0%) | loss: 0.996362 | trade:0.36 call:0.60 put:0.40 | ATM:0.64 OTM:0.36 | lr: 1.31e-04 | left: 55s
step 10250 ( 77.4%) | loss: 0.969978 | trade:0.35 call:0.56 put:0.44 | ATM:0.63 OTM:0.37 | lr: 1.29e-04 | left: 54s
step 10300 ( 77.9%) | loss: 1.008053 | trade:0.29 call:0.58 put:0.42 | ATM:0.64 OTM:0.36 | lr: 1.26e-04 | left: 53s
step 10350 ( 78.4%) | loss: 0.988742 | trade:0.33 call:0.60 put:0.40 | ATM:0.65 OTM:0.35 | lr: 1.23e-04 | left: 52s
step 10400 ( 79.0%) | loss: 1.003536 | trade:0.32 call:0.62 put:0.38 | ATM:0.63 OTM:0.37 | lr: 1.19e-04 | left: 50s
step 10450 ( 79.5%) | loss: 0.973771 | trade:0.30 call:0.64 put:0.36 | ATM:0.70 OTM:0.30 | lr: 1.16e-04 | left: 49s
step 10500 ( 80.0%) | loss: 1.014711 | trade:0.30 call:0.64 put:0.36 | ATM:0.66 OTM:0.34 | lr: 1.12e-04 | left: 48s
step 10550 ( 80.5%) | loss: 0.998597 | trade:0.31 call:0.57 put:0.43 | ATM:0.58 OTM:0.42 | lr: 1.09e-04 | left: 47s
step 10600 ( 81.1%) | loss: 0.998192 | trade:0.29 call:0.60 put:0.40 | ATM:0.70 OTM:0.30 | lr: 1.05e-04 | left: 45s
step 10650 ( 81.6%) | loss: 0.996826 | trade:0.29 call:0.58 put:0.42 | ATM:0.66 OTM:0.34 | lr: 1.01e-04 | left: 44s
step 10700 ( 82.1%) | loss: 1.000334 | trade:0.37 call:0.62 put:0.38 | ATM:0.62 OTM:0.38 | lr: 9.71e-05 | left: 43s
step 10750 ( 82.7%) | loss: 0.989967 | trade:0.32 call:0.52 put:0.48 | ATM:0.62 OTM:0.38 | lr: 9.31e-05 | left: 42s
step 10800 ( 83.2%) | loss: 0.993721 | trade:0.36 call:0.60 put:0.40 | ATM:0.62 OTM:0.38 | lr: 8.91e-05 | left: 40s
step 10850 ( 83.7%) | loss: 0.973734 | trade:0.39 call:0.54 put:0.46 | ATM:0.63 OTM:0.37 | lr: 8.49e-05 | left: 39s
step 10900 ( 84.3%) | loss: 0.969500 | trade:0.34 call:0.58 put:0.42 | ATM:0.66 OTM:0.34 | lr: 8.08e-05 | left: 38s
step 10950 ( 84.8%) | loss: 1.009416 | trade:0.37 call:0.64 put:0.36 | ATM:0.60 OTM:0.40 | lr: 7.66e-05 | left: 36s
step 11000 ( 85.2%) | loss: 0.991470 | trade:0.30 call:0.59 put:0.41 | ATM:0.64 OTM:0.36 | lr: 7.35e-05 | left: 36s
step 11050 ( 85.4%) | loss: 0.988962 | trade:0.28 call:0.62 put:0.38 | ATM:0.70 OTM:0.30 | lr: 7.17e-05 | left: 35s
step 11100 ( 85.7%) | loss: 0.993768 | trade:0.38 call:0.63 put:0.37 | ATM:0.59 OTM:0.41 | lr: 6.98e-05 | left: 34s
step 11150 ( 86.1%) | loss: 0.975731 | trade:0.33 call:0.56 put:0.44 | ATM:0.64 OTM:0.36 | lr: 6.63e-05 | left: 33s
step 11200 ( 86.6%) | loss: 0.981351 | trade:0.36 call:0.55 put:0.45 | ATM:0.62 OTM:0.38 | lr: 6.21e-05 | left: 32s
step 11250 ( 87.2%) | loss: 0.977824 | trade:0.29 call:0.58 put:0.42 | ATM:0.66 OTM:0.34 | lr: 5.80e-05 | left: 31s
step 11300 ( 87.7%) | loss: 0.985558 | trade:0.34 call:0.63 put:0.37 | ATM:0.64 OTM:0.36 | lr: 5.40e-05 | left: 29s
step 11350 ( 88.2%) | loss: 0.974297 | trade:0.38 call:0.58 put:0.42 | ATM:0.61 OTM:0.39 | lr: 5.00e-05 | left: 28s
step 11400 ( 88.8%) | loss: 0.979100 | trade:0.35 call:0.61 put:0.39 | ATM:0.63 OTM:0.37 | lr: 4.62e-05 | left: 27s
step 11450 ( 89.3%) | loss: 0.953790 | trade:0.31 call:0.61 put:0.39 | ATM:0.68 OTM:0.32 | lr: 4.24e-05 | left: 26s
step 11500 ( 89.8%) | loss: 0.963214 | trade:0.32 call:0.63 put:0.37 | ATM:0.66 OTM:0.34 | lr: 3.87e-05 | left: 24s
step 11550 ( 90.4%) | loss: 0.975232 | trade:0.31 call:0.59 put:0.41 | ATM:0.65 OTM:0.35 | lr: 3.51e-05 | left: 23s
step 11600 ( 90.7%) | loss: 0.980306 | trade:0.36 call:0.58 put:0.42 | ATM:0.65 OTM:0.35 | lr: 3.30e-05 | left: 22s
step 11650 ( 91.2%) | loss: 0.980296 | trade:0.34 call:0.56 put:0.44 | ATM:0.66 OTM:0.34 | lr: 2.99e-05 | left: 21s
step 11700 ( 91.7%) | loss: 0.977374 | trade:0.32 call:0.62 put:0.38 | ATM:0.71 OTM:0.29 | lr: 2.66e-05 | left: 20s
step 11750 ( 92.2%) | loss: 0.981381 | trade:0.33 call:0.61 put:0.39 | ATM:0.63 OTM:0.37 | lr: 2.35e-05 | left: 19s
step 11800 ( 92.8%) | loss: 0.963055 | trade:0.37 call:0.61 put:0.39 | ATM:0.67 OTM:0.33 | lr: 2.06e-05 | left: 17s
step 11850 ( 93.0%) | loss: 0.937169 | trade:0.35 call:0.63 put:0.37 | ATM:0.68 OTM:0.32 | lr: 1.92e-05 | left: 17s
step 11900 ( 93.2%) | loss: 0.978616 | trade:0.27 call:0.63 put:0.37 | ATM:0.70 OTM:0.30 | lr: 1.81e-05 | left: 16s
step 11950 ( 93.4%) | loss: 0.966001 | trade:0.33 call:0.57 put:0.43 | ATM:0.68 OTM:0.32 | lr: 1.70e-05 | left: 16s
step 12000 ( 93.7%) | loss: 0.962897 | trade:0.36 call:0.55 put:0.45 | ATM:0.64 OTM:0.36 | lr: 1.58e-05 | left: 15s
step 12050 ( 93.9%) | loss: 0.971834 | trade:0.34 call:0.60 put:0.40 | ATM:0.66 OTM:0.34 | lr: 1.47e-05 | left: 15s
step 12100 ( 94.2%) | loss: 0.938473 | trade:0.27 call:0.64 put:0.36 | ATM:0.66 OTM:0.34 | lr: 1.36e-05 | left: 14s
step 12150 ( 94.4%) | loss: 0.959967 | trade:0.32 call:0.61 put:0.39 | ATM:0.70 OTM:0.30 | lr: 1.26e-05 | left: 13s
step 12200 ( 94.6%) | loss: 0.970240 | trade:0.31 call:0.54 put:0.46 | ATM:0.68 OTM:0.32 | lr: 1.17e-05 | left: 13s
step 12250 ( 94.8%) | loss: 0.959263 | trade:0.31 call:0.61 put:0.39 | ATM:0.66 OTM:0.34 | lr: 1.08e-05 | left: 12s
step 12300 ( 95.1%) | loss: 0.957104 | trade:0.33 call:0.60 put:0.40 | ATM:0.65 OTM:0.35 | lr: 9.76e-06 | left: 12s
step 12350 ( 95.3%) | loss: 0.949543 | trade:0.29 call:0.65 put:0.35 | ATM:0.66 OTM:0.34 | lr: 8.89e-06 | left: 11s
step 12400 ( 95.6%) | loss: 0.957558 | trade:0.34 call:0.58 put:0.42 | ATM:0.66 OTM:0.34 | lr: 7.92e-06 | left: 11s
step 12450 ( 95.9%) | loss: 0.952029 | trade:0.36 call:0.63 put:0.37 | ATM:0.64 OTM:0.36 | lr: 6.82e-06 | left: 10s
step 12500 ( 96.4%) | loss: 0.968643 | trade:0.30 call:0.62 put:0.38 | ATM:0.69 OTM:0.31 | lr: 5.21e-06 | left: 9s
step 12550 ( 96.9%) | loss: 0.957914 | trade:0.34 call:0.56 put:0.44 | ATM:0.63 OTM:0.37 | lr: 3.79e-06 | left: 7s
step 12600 ( 97.5%) | loss: 0.961344 | trade:0.28 call:0.62 put:0.38 | ATM:0.64 OTM:0.36 | lr: 2.60e-06 | left: 6s
step 12650 ( 98.0%) | loss: 0.965786 | trade:0.29 call:0.62 put:0.38 | ATM:0.68 OTM:0.32 | lr: 1.62e-06 | left: 5s
step 12700 ( 98.5%) | loss: 0.967698 | trade:0.32 call:0.59 put:0.41 | ATM:0.65 OTM:0.35 | lr: 8.72e-07 | left: 3s
step 12750 ( 99.1%) | loss: 0.945109 | trade:0.34 call:0.61 put:0.39 | ATM:0.61 OTM:0.39 | lr: 3.54e-07 | left: 2s
step 12800 ( 99.6%) | loss: 0.964872 | trade:0.32 call:0.67 put:0.33 | ATM:0.66 OTM:0.34 | lr: 5.99e-08 | left: 1s

Training done at 245s. Starting evaluation...
Evaluation done in 7s (total wall: 252s)
Model saved to /root/best_model.pt
Trade log: 90 trades -> /root/trade_log.csv

---
score:              0.137952
profit_factor:      1.988513
win_rate:           0.433333
avg_winner:         0.623578
avg_loser:          -0.239804
trades_per_day:     1.384615
max_consec_loss:    10
num_trades:         90
trade_sharpe:       2.684127
sortino:            25.150769
max_drawdown:       -2.344686
calmar:             5.156144
ev_per_trade:       0.134328
do_nothing_pct:     0.590583
exit_pct:           0.012108
model_exit_count:   54
cooldown_blocked:   147
pre_10am_blocked:   608
short_hold_pct:     0.167000
stop_loss_rate:     0.367000
direction_collapse_pct: 0.355600
avg_entry_cost_bps: 387.517600
avg_entry_quality:  0.737100
cost_realism_coverage: 1.011100
high_cost_entry_rate: 0.477800
low_quality_entry_rate: 0.000000
actionable_bar_rate: 0.829100
risk_off_bar_rate:  0.000000
final_capital:      12243.73
equity_sharpe:      1.179500
max_equity_dd:      -0.273600
total_dollar_return:0.224400
val_sharpe:         3.525866
total_return:       12.089540
num_val_bars:       4460
num_val_days:       65
worst_chunk_pf:     0.64
rr_ratio:           2.6004
avg_hold_bars:      11.89
model_exit_rate:    0.6000
hit_ruin:           False
min_equity_frac:    0.7480
avg_risk_fraction:  0.0991
max_risk_fraction:  0.3390
trades_blocked_by_balance: 0
  Chunk 1: 2025-02-18..2025-05-12 | 16 trades | PF=0.89 | WR=31.2%
  Chunk 2: 2025-05-14..2025-07-07 | 8 trades | PF=4.55 | WR=50.0%
  Chunk 3: 2025-07-18..2025-09-10 | 15 trades | PF=0.64 | WR=53.3%
  Chunk 4: 2025-09-16..2025-11-03 | 22 trades | PF=2.32 | WR=31.8%
  Chunk 5: 2025-11-12..2026-03-12 | 29 trades | PF=2.25 | WR=51.7%
training_seconds:   240.0
total_seconds:      253.7
peak_vram_mb:       357.0
num_steps:          12836
num_params:         146,265
lookback:           120
depth:              3
d_model:            64
effective_lr:       0.00015
gate_label_smoothing:0.050000
dir_label_smoothing:0.050000
false_entry_penalty:2.000000
/opt/conda/lib/python3.11/site-packages/torch/nn/modules/transformer.py:379: UserWarning: enable_nested_tensor is True, but self.use_nested_tensor is False because encoder_layer.norm_first was True
  warnings.warn(
