Loading data from: /root/.cache/autoresearch-trading/features/data.pt
Loaded 382920 1-min bars, 32 features, 8 actions
  ~981 trading days
Training:   up to idx 268019
Validation: idx 268020-382919
  Option P&L coverage: 296720/382920 (77%)
Parameters: 146,265
Architecture: v4 simplified two-head (gate+dir) + balanced strike gating with further enhanced hold bonus
Training from scratch (v4: no warm-start).

Budget: 240s | Batch: 128 | Lookback: 120
LR: 0.00015 | Depth: 3 | d_model: 64 | ff_mult: 3
Dropout: 0.15 | Weight decay: 0.05
False entry penalty: 2.0x
Label smoothing: gate=0.05 dir=0.05
Score tuning: R:R bonus=0.3, hold bonus=0.35, freq center=2.5, drawdown penalty=0.3

step 00000 (  0.0%) | loss: 3.093059 | trade:0.27 call:0.45 put:0.55 | ATM:0.23 OTM:0.77 | lr: 0.00e+00 | left: 240s
step 00050 (  0.4%) | loss: 3.220655 | trade:0.27 call:0.46 put:0.54 | ATM:0.24 OTM:0.76 | lr: 5.46e-06 | left: 239s
step 00100 (  0.9%) | loss: 3.165889 | trade:0.29 call:0.45 put:0.55 | ATM:0.24 OTM:0.76 | lr: 1.34e-05 | left: 238s
step 00150 (  1.4%) | loss: 3.111847 | trade:0.32 call:0.47 put:0.53 | ATM:0.24 OTM:0.76 | lr: 2.15e-05 | left: 237s
step 00200 (  2.0%) | loss: 3.050473 | trade:0.36 call:0.48 put:0.52 | ATM:0.26 OTM:0.74 | lr: 2.94e-05 | left: 235s
step 00250 (  2.5%) | loss: 2.964875 | trade:0.39 call:0.49 put:0.51 | ATM:0.28 OTM:0.72 | lr: 3.74e-05 | left: 234s
step 00300 (  3.0%) | loss: 2.914042 | trade:0.42 call:0.51 put:0.49 | ATM:0.30 OTM:0.70 | lr: 4.53e-05 | left: 233s
step 00350 (  3.6%) | loss: 2.900227 | trade:0.44 call:0.52 put:0.48 | ATM:0.32 OTM:0.68 | lr: 5.33e-05 | left: 231s
step 00400 (  4.1%) | loss: 2.830448 | trade:0.45 call:0.53 put:0.47 | ATM:0.34 OTM:0.66 | lr: 6.13e-05 | left: 230s
step 00450 (  4.6%) | loss: 2.777746 | trade:0.42 call:0.54 put:0.46 | ATM:0.35 OTM:0.65 | lr: 6.93e-05 | left: 229s
step 00500 (  5.2%) | loss: 2.756087 | trade:0.44 call:0.55 put:0.45 | ATM:0.36 OTM:0.64 | lr: 7.73e-05 | left: 228s
step 00550 (  5.7%) | loss: 2.713399 | trade:0.43 call:0.55 put:0.45 | ATM:0.36 OTM:0.64 | lr: 8.53e-05 | left: 226s
step 00600 (  6.2%) | loss: 2.649687 | trade:0.43 call:0.57 put:0.43 | ATM:0.37 OTM:0.63 | lr: 9.33e-05 | left: 225s
step 00650 (  6.8%) | loss: 2.584285 | trade:0.45 call:0.58 put:0.42 | ATM:0.37 OTM:0.63 | lr: 1.01e-04 | left: 224s
step 00700 (  7.3%) | loss: 2.486602 | trade:0.41 call:0.59 put:0.41 | ATM:0.37 OTM:0.63 | lr: 1.09e-04 | left: 222s
step 00750 (  7.8%) | loss: 2.419667 | trade:0.41 call:0.61 put:0.39 | ATM:0.41 OTM:0.59 | lr: 1.17e-04 | left: 221s
step 00800 (  8.3%) | loss: 2.326804 | trade:0.42 call:0.55 put:0.45 | ATM:0.39 OTM:0.61 | lr: 1.25e-04 | left: 220s
step 00850 (  8.9%) | loss: 2.265862 | trade:0.43 call:0.61 put:0.39 | ATM:0.38 OTM:0.62 | lr: 1.33e-04 | left: 219s
step 00900 (  9.4%) | loss: 2.164433 | trade:0.43 call:0.59 put:0.41 | ATM:0.37 OTM:0.63 | lr: 1.41e-04 | left: 217s
step 00950 (  9.9%) | loss: 2.064326 | trade:0.40 call:0.62 put:0.38 | ATM:0.41 OTM:0.59 | lr: 1.49e-04 | left: 216s
step 01000 ( 10.4%) | loss: 1.960863 | trade:0.41 call:0.65 put:0.35 | ATM:0.43 OTM:0.57 | lr: 1.50e-04 | left: 215s
step 01050 ( 11.0%) | loss: 1.871284 | trade:0.40 call:0.66 put:0.34 | ATM:0.44 OTM:0.56 | lr: 1.50e-04 | left: 214s
step 01100 ( 11.5%) | loss: 1.805506 | trade:0.42 call:0.63 put:0.37 | ATM:0.44 OTM:0.56 | lr: 1.50e-04 | left: 212s
step 01150 ( 12.0%) | loss: 1.707781 | trade:0.39 call:0.62 put:0.38 | ATM:0.46 OTM:0.54 | lr: 1.50e-04 | left: 211s
step 01200 ( 12.6%) | loss: 1.681222 | trade:0.42 call:0.64 put:0.36 | ATM:0.39 OTM:0.61 | lr: 1.50e-04 | left: 210s
step 01250 ( 13.1%) | loss: 1.588603 | trade:0.40 call:0.64 put:0.36 | ATM:0.47 OTM:0.53 | lr: 1.50e-04 | left: 209s
step 01300 ( 13.6%) | loss: 1.558844 | trade:0.33 call:0.67 put:0.33 | ATM:0.45 OTM:0.55 | lr: 1.50e-04 | left: 207s
step 01350 ( 14.2%) | loss: 1.496936 | trade:0.37 call:0.56 put:0.44 | ATM:0.45 OTM:0.55 | lr: 1.50e-04 | left: 206s
step 01400 ( 14.7%) | loss: 1.493744 | trade:0.42 call:0.61 put:0.39 | ATM:0.49 OTM:0.51 | lr: 1.50e-04 | left: 205s
step 01450 ( 15.2%) | loss: 1.500843 | trade:0.35 call:0.71 put:0.29 | ATM:0.49 OTM:0.51 | lr: 1.50e-04 | left: 203s
step 01500 ( 15.8%) | loss: 1.477320 | trade:0.42 call:0.61 put:0.39 | ATM:0.48 OTM:0.52 | lr: 1.50e-04 | left: 202s
step 01550 ( 16.3%) | loss: 1.411133 | trade:0.36 call:0.67 put:0.33 | ATM:0.47 OTM:0.53 | lr: 1.50e-04 | left: 201s
step 01600 ( 16.8%) | loss: 1.405679 | trade:0.40 call:0.60 put:0.40 | ATM:0.45 OTM:0.55 | lr: 1.50e-04 | left: 200s
step 01650 ( 17.4%) | loss: 1.410027 | trade:0.42 call:0.63 put:0.37 | ATM:0.49 OTM:0.51 | lr: 1.50e-04 | left: 198s
step 01700 ( 17.9%) | loss: 1.374336 | trade:0.33 call:0.64 put:0.36 | ATM:0.50 OTM:0.50 | lr: 1.50e-04 | left: 197s
step 01750 ( 18.4%) | loss: 1.327998 | trade:0.36 call:0.63 put:0.37 | ATM:0.53 OTM:0.47 | lr: 1.50e-04 | left: 196s
step 01800 ( 19.0%) | loss: 1.368016 | trade:0.32 call:0.61 put:0.39 | ATM:0.50 OTM:0.50 | lr: 1.50e-04 | left: 194s
step 01850 ( 19.5%) | loss: 1.347428 | trade:0.40 call:0.63 put:0.37 | ATM:0.50 OTM:0.50 | lr: 1.50e-04 | left: 193s
step 01900 ( 20.0%) | loss: 1.316923 | trade:0.39 call:0.60 put:0.40 | ATM:0.52 OTM:0.48 | lr: 1.50e-04 | left: 192s
step 01950 ( 20.6%) | loss: 1.322444 | trade:0.33 call:0.57 put:0.43 | ATM:0.50 OTM:0.50 | lr: 1.50e-04 | left: 191s
step 02000 ( 21.1%) | loss: 1.282360 | trade:0.32 call:0.65 put:0.35 | ATM:0.53 OTM:0.47 | lr: 1.50e-04 | left: 189s
step 02050 ( 21.6%) | loss: 1.327668 | trade:0.37 call:0.66 put:0.34 | ATM:0.51 OTM:0.49 | lr: 1.50e-04 | left: 188s
step 02100 ( 22.2%) | loss: 1.287473 | trade:0.35 call:0.62 put:0.38 | ATM:0.49 OTM:0.51 | lr: 1.50e-04 | left: 187s
step 02150 ( 22.7%) | loss: 1.299056 | trade:0.36 call:0.60 put:0.40 | ATM:0.49 OTM:0.51 | lr: 1.50e-04 | left: 186s
step 02200 ( 23.2%) | loss: 1.282283 | trade:0.39 call:0.61 put:0.39 | ATM:0.45 OTM:0.55 | lr: 1.50e-04 | left: 184s
step 02250 ( 23.7%) | loss: 1.255684 | trade:0.37 call:0.64 put:0.36 | ATM:0.57 OTM:0.43 | lr: 1.50e-04 | left: 183s
step 02300 ( 24.3%) | loss: 1.250350 | trade:0.35 call:0.58 put:0.42 | ATM:0.52 OTM:0.48 | lr: 1.50e-04 | left: 182s
step 02350 ( 24.8%) | loss: 1.246981 | trade:0.34 call:0.71 put:0.29 | ATM:0.57 OTM:0.43 | lr: 1.50e-04 | left: 180s
step 02400 ( 25.3%) | loss: 1.242848 | trade:0.32 call:0.70 put:0.30 | ATM:0.43 OTM:0.57 | lr: 1.50e-04 | left: 179s
step 02450 ( 25.9%) | loss: 1.261571 | trade:0.40 call:0.66 put:0.34 | ATM:0.50 OTM:0.50 | lr: 1.50e-04 | left: 178s
step 02500 ( 26.4%) | loss: 1.249709 | trade:0.38 call:0.57 put:0.43 | ATM:0.52 OTM:0.48 | lr: 1.50e-04 | left: 177s
step 02550 ( 26.9%) | loss: 1.244523 | trade:0.34 call:0.61 put:0.39 | ATM:0.52 OTM:0.48 | lr: 1.50e-04 | left: 175s
step 02600 ( 27.4%) | loss: 1.242622 | trade:0.34 call:0.55 put:0.45 | ATM:0.51 OTM:0.49 | lr: 1.50e-04 | left: 174s
step 02650 ( 28.0%) | loss: 1.220673 | trade:0.37 call:0.62 put:0.38 | ATM:0.54 OTM:0.46 | lr: 1.50e-04 | left: 173s
step 02700 ( 28.5%) | loss: 1.251041 | trade:0.32 call:0.62 put:0.38 | ATM:0.53 OTM:0.47 | lr: 1.50e-04 | left: 172s
step 02750 ( 29.0%) | loss: 1.240059 | trade:0.36 call:0.56 put:0.44 | ATM:0.52 OTM:0.48 | lr: 1.50e-04 | left: 170s
step 02800 ( 29.6%) | loss: 1.229505 | trade:0.36 call:0.60 put:0.40 | ATM:0.56 OTM:0.44 | lr: 1.50e-04 | left: 169s
step 02850 ( 30.1%) | loss: 1.179861 | trade:0.30 call:0.63 put:0.37 | ATM:0.60 OTM:0.40 | lr: 1.50e-04 | left: 168s
step 02900 ( 30.6%) | loss: 1.190462 | trade:0.38 call:0.62 put:0.38 | ATM:0.53 OTM:0.47 | lr: 1.50e-04 | left: 166s
step 02950 ( 31.2%) | loss: 1.204765 | trade:0.36 call:0.60 put:0.40 | ATM:0.55 OTM:0.45 | lr: 1.50e-04 | left: 165s
step 03000 ( 31.7%) | loss: 1.201683 | trade:0.38 call:0.57 put:0.43 | ATM:0.55 OTM:0.45 | lr: 1.50e-04 | left: 164s
step 03050 ( 32.2%) | loss: 1.175467 | trade:0.37 call:0.66 put:0.34 | ATM:0.56 OTM:0.44 | lr: 1.50e-04 | left: 163s
step 03100 ( 32.8%) | loss: 1.179477 | trade:0.38 call:0.67 put:0.33 | ATM:0.59 OTM:0.41 | lr: 1.50e-04 | left: 161s
step 03150 ( 33.3%) | loss: 1.175132 | trade:0.36 call:0.59 put:0.41 | ATM:0.52 OTM:0.48 | lr: 1.50e-04 | left: 160s
step 03200 ( 33.8%) | loss: 1.199515 | trade:0.35 call:0.63 put:0.37 | ATM:0.53 OTM:0.47 | lr: 1.50e-04 | left: 159s
step 03250 ( 34.4%) | loss: 1.190448 | trade:0.29 call:0.59 put:0.41 | ATM:0.60 OTM:0.40 | lr: 1.50e-04 | left: 157s
step 03300 ( 34.9%) | loss: 1.187127 | trade:0.36 call:0.65 put:0.35 | ATM:0.57 OTM:0.43 | lr: 1.50e-04 | left: 156s
step 03350 ( 35.4%) | loss: 1.177752 | trade:0.30 call:0.58 put:0.42 | ATM:0.60 OTM:0.40 | lr: 1.50e-04 | left: 155s
step 03400 ( 36.0%) | loss: 1.167749 | trade:0.37 call:0.60 put:0.40 | ATM:0.56 OTM:0.44 | lr: 1.50e-04 | left: 154s
step 03450 ( 36.5%) | loss: 1.137551 | trade:0.34 call:0.61 put:0.39 | ATM:0.51 OTM:0.49 | lr: 1.50e-04 | left: 152s
step 03500 ( 37.0%) | loss: 1.173326 | trade:0.33 call:0.63 put:0.37 | ATM:0.52 OTM:0.48 | lr: 1.50e-04 | left: 151s
step 03550 ( 37.5%) | loss: 1.165573 | trade:0.33 call:0.63 put:0.37 | ATM:0.57 OTM:0.43 | lr: 1.50e-04 | left: 150s
step 03600 ( 38.1%) | loss: 1.156471 | trade:0.32 call:0.61 put:0.39 | ATM:0.56 OTM:0.44 | lr: 1.50e-04 | left: 149s
step 03650 ( 38.6%) | loss: 1.156242 | trade:0.30 call:0.62 put:0.38 | ATM:0.57 OTM:0.43 | lr: 1.50e-04 | left: 147s
step 03700 ( 39.2%) | loss: 1.150071 | trade:0.34 call:0.65 put:0.35 | ATM:0.57 OTM:0.43 | lr: 1.50e-04 | left: 146s
step 03750 ( 39.7%) | loss: 1.198698 | trade:0.29 call:0.67 put:0.33 | ATM:0.66 OTM:0.34 | lr: 1.50e-04 | left: 145s
step 03800 ( 40.2%) | loss: 1.162487 | trade:0.39 call:0.58 put:0.42 | ATM:0.57 OTM:0.43 | lr: 1.50e-04 | left: 143s
step 03850 ( 40.8%) | loss: 1.143034 | trade:0.35 call:0.59 put:0.41 | ATM:0.56 OTM:0.44 | lr: 1.50e-04 | left: 142s
step 03900 ( 41.3%) | loss: 1.134582 | trade:0.38 call:0.56 put:0.44 | ATM:0.59 OTM:0.41 | lr: 1.50e-04 | left: 141s
step 03950 ( 41.9%) | loss: 1.110136 | trade:0.26 call:0.67 put:0.33 | ATM:0.60 OTM:0.40 | lr: 1.50e-04 | left: 140s
step 04000 ( 42.4%) | loss: 1.148514 | trade:0.36 call:0.65 put:0.35 | ATM:0.56 OTM:0.44 | lr: 1.50e-04 | left: 138s
step 04050 ( 43.0%) | loss: 1.143476 | trade:0.36 call:0.63 put:0.37 | ATM:0.56 OTM:0.44 | lr: 1.50e-04 | left: 137s
step 04100 ( 43.5%) | loss: 1.132514 | trade:0.30 call:0.65 put:0.35 | ATM:0.57 OTM:0.43 | lr: 1.50e-04 | left: 135s
step 04150 ( 44.1%) | loss: 1.103761 | trade:0.33 call:0.57 put:0.43 | ATM:0.65 OTM:0.35 | lr: 1.50e-04 | left: 134s
step 04200 ( 44.6%) | loss: 1.112157 | trade:0.30 call:0.62 put:0.38 | ATM:0.62 OTM:0.38 | lr: 1.50e-04 | left: 133s
step 04250 ( 45.2%) | loss: 1.122012 | trade:0.33 call:0.57 put:0.43 | ATM:0.60 OTM:0.40 | lr: 1.50e-04 | left: 132s
step 04300 ( 45.7%) | loss: 1.122909 | trade:0.40 call:0.60 put:0.40 | ATM:0.60 OTM:0.40 | lr: 1.50e-04 | left: 130s
step 04350 ( 46.2%) | loss: 1.115823 | trade:0.29 call:0.65 put:0.35 | ATM:0.62 OTM:0.38 | lr: 1.50e-04 | left: 129s
step 04400 ( 46.8%) | loss: 1.119578 | trade:0.34 call:0.64 put:0.36 | ATM:0.54 OTM:0.46 | lr: 1.50e-04 | left: 128s
step 04450 ( 47.4%) | loss: 1.099581 | trade:0.37 call:0.66 put:0.34 | ATM:0.62 OTM:0.38 | lr: 1.50e-04 | left: 126s
step 04500 ( 47.9%) | loss: 1.132753 | trade:0.35 call:0.60 put:0.40 | ATM:0.62 OTM:0.38 | lr: 1.50e-04 | left: 125s
step 04550 ( 48.5%) | loss: 1.106368 | trade:0.34 call:0.58 put:0.42 | ATM:0.56 OTM:0.44 | lr: 1.50e-04 | left: 124s
step 04600 ( 49.0%) | loss: 1.119854 | trade:0.35 call:0.63 put:0.37 | ATM:0.55 OTM:0.45 | lr: 1.50e-04 | left: 122s
step 04650 ( 49.6%) | loss: 1.095545 | trade:0.35 call:0.60 put:0.40 | ATM:0.56 OTM:0.44 | lr: 1.50e-04 | left: 121s
step 04700 ( 50.1%) | loss: 1.120159 | trade:0.38 call:0.64 put:0.36 | ATM:0.63 OTM:0.37 | lr: 1.50e-04 | left: 120s
step 04750 ( 50.6%) | loss: 1.131854 | trade:0.31 call:0.59 put:0.41 | ATM:0.63 OTM:0.37 | lr: 1.50e-04 | left: 118s
step 04800 ( 51.2%) | loss: 1.089776 | trade:0.39 call:0.59 put:0.41 | ATM:0.54 OTM:0.46 | lr: 1.50e-04 | left: 117s
step 04850 ( 51.7%) | loss: 1.099515 | trade:0.38 call:0.61 put:0.39 | ATM:0.59 OTM:0.41 | lr: 1.50e-04 | left: 116s
step 04900 ( 52.2%) | loss: 1.092431 | trade:0.30 call:0.62 put:0.38 | ATM:0.66 OTM:0.34 | lr: 1.50e-04 | left: 115s
step 04950 ( 52.8%) | loss: 1.122079 | trade:0.35 call:0.61 put:0.39 | ATM:0.60 OTM:0.40 | lr: 1.50e-04 | left: 113s
step 05000 ( 53.3%) | loss: 1.109922 | trade:0.36 call:0.58 put:0.42 | ATM:0.62 OTM:0.38 | lr: 1.50e-04 | left: 112s
step 05050 ( 53.9%) | loss: 1.096590 | trade:0.34 call:0.64 put:0.36 | ATM:0.53 OTM:0.47 | lr: 1.50e-04 | left: 111s
step 05100 ( 54.4%) | loss: 1.111421 | trade:0.33 call:0.62 put:0.38 | ATM:0.60 OTM:0.40 | lr: 1.50e-04 | left: 109s
step 05150 ( 54.9%) | loss: 1.092485 | trade:0.38 call:0.58 put:0.42 | ATM:0.62 OTM:0.38 | lr: 1.50e-04 | left: 108s
step 05200 ( 55.5%) | loss: 1.097993 | trade:0.31 call:0.63 put:0.37 | ATM:0.62 OTM:0.38 | lr: 1.50e-04 | left: 107s
step 05250 ( 56.0%) | loss: 1.090078 | trade:0.29 call:0.63 put:0.37 | ATM:0.65 OTM:0.35 | lr: 1.50e-04 | left: 106s
step 05300 ( 56.5%) | loss: 1.094626 | trade:0.30 call:0.67 put:0.33 | ATM:0.60 OTM:0.40 | lr: 1.50e-04 | left: 104s
step 05350 ( 57.1%) | loss: 1.105183 | trade:0.29 call:0.69 put:0.31 | ATM:0.67 OTM:0.33 | lr: 1.50e-04 | left: 103s
step 05400 ( 57.6%) | loss: 1.100217 | trade:0.39 call:0.54 put:0.46 | ATM:0.54 OTM:0.46 | lr: 1.50e-04 | left: 102s
step 05450 ( 58.1%) | loss: 1.068775 | trade:0.37 call:0.58 put:0.42 | ATM:0.59 OTM:0.41 | lr: 1.50e-04 | left: 101s
step 05500 ( 58.6%) | loss: 1.081063 | trade:0.33 call:0.55 put:0.45 | ATM:0.61 OTM:0.39 | lr: 1.50e-04 | left: 99s
step 05550 ( 59.2%) | loss: 1.093255 | trade:0.35 call:0.61 put:0.39 | ATM:0.67 OTM:0.33 | lr: 1.50e-04 | left: 98s
step 05600 ( 59.7%) | loss: 1.079841 | trade:0.35 call:0.67 put:0.33 | ATM:0.63 OTM:0.37 | lr: 1.50e-04 | left: 97s
step 05650 ( 60.2%) | loss: 1.072109 | trade:0.32 call:0.67 put:0.33 | ATM:0.66 OTM:0.34 | lr: 1.50e-04 | left: 95s
step 05700 ( 60.8%) | loss: 1.096853 | trade:0.40 call:0.63 put:0.37 | ATM:0.58 OTM:0.42 | lr: 1.50e-04 | left: 94s
step 05750 ( 61.3%) | loss: 1.057313 | trade:0.33 call:0.59 put:0.41 | ATM:0.58 OTM:0.42 | lr: 1.50e-04 | left: 93s
step 05800 ( 61.8%) | loss: 1.076631 | trade:0.34 call:0.67 put:0.33 | ATM:0.67 OTM:0.33 | lr: 1.50e-04 | left: 92s
step 05850 ( 62.3%) | loss: 1.075562 | trade:0.33 call:0.61 put:0.39 | ATM:0.60 OTM:0.40 | lr: 1.50e-04 | left: 90s
step 05900 ( 62.9%) | loss: 1.072367 | trade:0.35 call:0.62 put:0.38 | ATM:0.63 OTM:0.37 | lr: 1.50e-04 | left: 89s
step 05950 ( 63.4%) | loss: 1.051144 | trade:0.34 call:0.53 put:0.47 | ATM:0.65 OTM:0.35 | lr: 1.50e-04 | left: 88s
step 06000 ( 63.9%) | loss: 1.069075 | trade:0.36 call:0.63 put:0.37 | ATM:0.64 OTM:0.36 | lr: 1.50e-04 | left: 87s
step 06050 ( 64.5%) | loss: 1.092159 | trade:0.33 call:0.62 put:0.38 | ATM:0.62 OTM:0.38 | lr: 1.50e-04 | left: 85s
step 06100 ( 65.0%) | loss: 1.076820 | trade:0.29 call:0.58 put:0.42 | ATM:0.64 OTM:0.36 | lr: 1.50e-04 | left: 84s
step 06150 ( 65.5%) | loss: 1.073250 | trade:0.27 call:0.62 put:0.38 | ATM:0.61 OTM:0.39 | lr: 1.50e-04 | left: 83s
step 06200 ( 66.1%) | loss: 1.064538 | trade:0.34 call:0.57 put:0.43 | ATM:0.60 OTM:0.40 | lr: 1.50e-04 | left: 81s
step 06250 ( 66.6%) | loss: 1.054174 | trade:0.33 call:0.68 put:0.32 | ATM:0.66 OTM:0.34 | lr: 1.50e-04 | left: 80s
step 06300 ( 67.1%) | loss: 1.064712 | trade:0.34 call:0.60 put:0.40 | ATM:0.60 OTM:0.40 | lr: 1.50e-04 | left: 79s
step 06350 ( 67.7%) | loss: 1.059702 | trade:0.31 call:0.65 put:0.35 | ATM:0.67 OTM:0.33 | lr: 1.50e-04 | left: 78s
step 06400 ( 68.2%) | loss: 1.060044 | trade:0.34 call:0.61 put:0.39 | ATM:0.67 OTM:0.33 | lr: 1.50e-04 | left: 76s
step 06450 ( 68.7%) | loss: 1.047413 | trade:0.34 call:0.56 put:0.44 | ATM:0.58 OTM:0.42 | lr: 1.50e-04 | left: 75s
step 06500 ( 69.3%) | loss: 1.058841 | trade:0.32 call:0.57 put:0.43 | ATM:0.62 OTM:0.38 | lr: 1.50e-04 | left: 74s
step 06550 ( 69.8%) | loss: 1.058061 | trade:0.37 call:0.63 put:0.37 | ATM:0.55 OTM:0.45 | lr: 1.50e-04 | left: 72s
step 06600 ( 70.2%) | loss: 1.069130 | trade:0.38 call:0.63 put:0.37 | ATM:0.60 OTM:0.40 | lr: 1.50e-04 | left: 72s
step 06650 ( 70.5%) | loss: 1.059543 | trade:0.36 call:0.63 put:0.37 | ATM:0.65 OTM:0.35 | lr: 1.50e-04 | left: 71s
step 06700 ( 71.1%) | loss: 1.060260 | trade:0.35 call:0.68 put:0.32 | ATM:0.64 OTM:0.36 | lr: 1.50e-04 | left: 69s
step 06750 ( 71.6%) | loss: 1.060455 | trade:0.36 call:0.63 put:0.37 | ATM:0.59 OTM:0.41 | lr: 1.49e-04 | left: 68s
step 06800 ( 72.2%) | loss: 1.079216 | trade:0.33 call:0.55 put:0.45 | ATM:0.62 OTM:0.38 | lr: 1.48e-04 | left: 67s
step 06850 ( 72.7%) | loss: 1.050262 | trade:0.33 call:0.62 put:0.38 | ATM:0.65 OTM:0.35 | lr: 1.47e-04 | left: 65s
step 06900 ( 73.3%) | loss: 1.044861 | trade:0.34 call:0.59 put:0.41 | ATM:0.62 OTM:0.38 | lr: 1.46e-04 | left: 64s
step 06950 ( 73.8%) | loss: 1.042945 | trade:0.28 call:0.59 put:0.41 | ATM:0.70 OTM:0.30 | lr: 1.44e-04 | left: 63s
step 07000 ( 74.3%) | loss: 1.047113 | trade:0.34 call:0.59 put:0.41 | ATM:0.59 OTM:0.41 | lr: 1.42e-04 | left: 62s
step 07050 ( 74.9%) | loss: 1.049130 | trade:0.29 call:0.59 put:0.41 | ATM:0.66 OTM:0.34 | lr: 1.41e-04 | left: 60s
step 07100 ( 75.4%) | loss: 1.055538 | trade:0.30 call:0.61 put:0.39 | ATM:0.64 OTM:0.36 | lr: 1.38e-04 | left: 59s
step 07150 ( 75.9%) | loss: 1.035893 | trade:0.35 call:0.61 put:0.39 | ATM:0.60 OTM:0.40 | lr: 1.36e-04 | left: 58s
step 07200 ( 76.4%) | loss: 1.021782 | trade:0.32 call:0.59 put:0.41 | ATM:0.59 OTM:0.41 | lr: 1.34e-04 | left: 57s
step 07250 ( 77.0%) | loss: 1.034192 | trade:0.34 call:0.60 put:0.40 | ATM:0.60 OTM:0.40 | lr: 1.31e-04 | left: 55s
step 07300 ( 77.5%) | loss: 1.031173 | trade:0.39 call:0.61 put:0.39 | ATM:0.59 OTM:0.41 | lr: 1.28e-04 | left: 54s
step 07350 ( 78.0%) | loss: 1.019310 | trade:0.30 call:0.61 put:0.39 | ATM:0.65 OTM:0.35 | lr: 1.25e-04 | left: 53s
step 07400 ( 78.6%) | loss: 1.044946 | trade:0.31 call:0.62 put:0.38 | ATM:0.64 OTM:0.36 | lr: 1.22e-04 | left: 51s
step 07450 ( 79.1%) | loss: 1.052176 | trade:0.34 call:0.64 put:0.36 | ATM:0.67 OTM:0.33 | lr: 1.18e-04 | left: 50s
step 07500 ( 79.6%) | loss: 1.025036 | trade:0.31 call:0.60 put:0.40 | ATM:0.61 OTM:0.39 | lr: 1.15e-04 | left: 49s
step 07550 ( 80.2%) | loss: 1.028344 | trade:0.24 call:0.60 put:0.40 | ATM:0.69 OTM:0.31 | lr: 1.11e-04 | left: 48s
step 07600 ( 80.7%) | loss: 1.032637 | trade:0.32 call:0.58 put:0.42 | ATM:0.61 OTM:0.39 | lr: 1.08e-04 | left: 46s
step 07650 ( 81.2%) | loss: 1.040116 | trade:0.30 call:0.55 put:0.45 | ATM:0.58 OTM:0.42 | lr: 1.04e-04 | left: 45s
step 07700 ( 81.8%) | loss: 1.038463 | trade:0.33 call:0.64 put:0.36 | ATM:0.57 OTM:0.43 | lr: 1.00e-04 | left: 44s
step 07750 ( 82.3%) | loss: 1.027536 | trade:0.35 call:0.54 put:0.46 | ATM:0.63 OTM:0.37 | lr: 9.60e-05 | left: 42s
step 07800 ( 82.8%) | loss: 1.045369 | trade:0.31 call:0.57 put:0.43 | ATM:0.66 OTM:0.34 | lr: 9.20e-05 | left: 41s
step 07850 ( 83.4%) | loss: 1.042927 | trade:0.34 call:0.58 put:0.42 | ATM:0.65 OTM:0.35 | lr: 8.79e-05 | left: 40s
step 07900 ( 83.9%) | loss: 1.026478 | trade:0.35 call:0.64 put:0.36 | ATM:0.61 OTM:0.39 | lr: 8.37e-05 | left: 39s
step 07950 ( 84.4%) | loss: 1.011598 | trade:0.39 call:0.56 put:0.44 | ATM:0.54 OTM:0.46 | lr: 7.96e-05 | left: 37s
step 08000 ( 84.9%) | loss: 1.019056 | trade:0.33 call:0.52 put:0.48 | ATM:0.68 OTM:0.32 | lr: 7.54e-05 | left: 36s
step 08050 ( 85.5%) | loss: 1.035711 | trade:0.39 call:0.61 put:0.39 | ATM:0.61 OTM:0.39 | lr: 7.12e-05 | left: 35s
step 08100 ( 86.0%) | loss: 1.010994 | trade:0.32 call:0.59 put:0.41 | ATM:0.68 OTM:0.32 | lr: 6.71e-05 | left: 34s
step 08150 ( 86.5%) | loss: 1.030555 | trade:0.34 call:0.57 put:0.43 | ATM:0.61 OTM:0.39 | lr: 6.29e-05 | left: 32s
step 08200 ( 87.1%) | loss: 1.030917 | trade:0.35 call:0.61 put:0.39 | ATM:0.63 OTM:0.37 | lr: 5.88e-05 | left: 31s
step 08250 ( 87.6%) | loss: 1.018436 | trade:0.42 call:0.60 put:0.40 | ATM:0.55 OTM:0.45 | lr: 5.47e-05 | left: 30s
step 08300 ( 88.1%) | loss: 1.028914 | trade:0.26 call:0.61 put:0.39 | ATM:0.64 OTM:0.36 | lr: 5.07e-05 | left: 28s
step 08350 ( 88.7%) | loss: 1.038962 | trade:0.37 call:0.61 put:0.39 | ATM:0.61 OTM:0.39 | lr: 4.68e-05 | left: 27s
step 08400 ( 89.2%) | loss: 1.013578 | trade:0.34 call:0.58 put:0.42 | ATM:0.66 OTM:0.34 | lr: 4.30e-05 | left: 26s
step 08450 ( 89.7%) | loss: 1.026143 | trade:0.33 call:0.54 put:0.46 | ATM:0.62 OTM:0.38 | lr: 3.93e-05 | left: 25s
step 08500 ( 90.3%) | loss: 1.018407 | trade:0.36 call:0.57 put:0.43 | ATM:0.61 OTM:0.39 | lr: 3.56e-05 | left: 23s
step 08550 ( 90.8%) | loss: 0.993261 | trade:0.34 call:0.64 put:0.36 | ATM:0.67 OTM:0.33 | lr: 3.21e-05 | left: 22s
step 08600 ( 91.3%) | loss: 0.995562 | trade:0.33 call:0.58 put:0.42 | ATM:0.62 OTM:0.38 | lr: 2.88e-05 | left: 21s
step 08650 ( 91.9%) | loss: 0.994927 | trade:0.32 call:0.55 put:0.45 | ATM:0.60 OTM:0.40 | lr: 2.57e-05 | left: 20s
step 08700 ( 92.4%) | loss: 1.010083 | trade:0.36 call:0.54 put:0.46 | ATM:0.63 OTM:0.37 | lr: 2.26e-05 | left: 18s
step 08750 ( 92.9%) | loss: 1.027510 | trade:0.34 call:0.54 put:0.46 | ATM:0.62 OTM:0.38 | lr: 1.97e-05 | left: 17s
step 08800 ( 93.5%) | loss: 0.998394 | trade:0.35 call:0.61 put:0.39 | ATM:0.65 OTM:0.35 | lr: 1.70e-05 | left: 16s
step 08850 ( 94.0%) | loss: 0.997193 | trade:0.30 call:0.57 put:0.43 | ATM:0.70 OTM:0.30 | lr: 1.44e-05 | left: 14s
step 08900 ( 94.5%) | loss: 1.015920 | trade:0.32 call:0.63 put:0.37 | ATM:0.61 OTM:0.39 | lr: 1.22e-05 | left: 13s
step 08950 ( 95.0%) | loss: 1.014758 | trade:0.38 call:0.65 put:0.35 | ATM:0.60 OTM:0.40 | lr: 1.00e-05 | left: 12s
step 09000 ( 95.5%) | loss: 0.988153 | trade:0.29 call:0.63 put:0.37 | ATM:0.65 OTM:0.35 | lr: 8.03e-06 | left: 11s
step 09050 ( 96.1%) | loss: 1.018841 | trade:0.40 call:0.55 put:0.45 | ATM:0.57 OTM:0.43 | lr: 6.27e-06 | left: 9s
step 09100 ( 96.6%) | loss: 1.029385 | trade:0.33 call:0.60 put:0.40 | ATM:0.66 OTM:0.34 | lr: 4.70e-06 | left: 8s
step 09150 ( 97.1%) | loss: 0.996611 | trade:0.29 call:0.59 put:0.41 | ATM:0.69 OTM:0.31 | lr: 3.35e-06 | left: 7s
step 09200 ( 97.7%) | loss: 1.021198 | trade:0.32 call:0.58 put:0.42 | ATM:0.69 OTM:0.31 | lr: 2.23e-06 | left: 6s
step 09250 ( 98.2%) | loss: 0.985348 | trade:0.33 call:0.56 put:0.44 | ATM:0.71 OTM:0.29 | lr: 1.33e-06 | left: 4s
step 09300 ( 98.7%) | loss: 0.988897 | trade:0.31 call:0.63 put:0.37 | ATM:0.65 OTM:0.35 | lr: 6.61e-07 | left: 3s
step 09350 ( 99.3%) | loss: 1.005029 | trade:0.35 call:0.62 put:0.38 | ATM:0.69 OTM:0.31 | lr: 2.24e-07 | left: 2s
step 09400 ( 99.8%) | loss: 1.027826 | trade:0.32 call:0.65 put:0.35 | ATM:0.69 OTM:0.31 | lr: 1.76e-08 | left: 0s

Training done at 245s. Starting evaluation...
Evaluation done in 7s (total wall: 251s)
Model saved to /root/best_model.pt
Trade log: 85 trades -> /root/trade_log.csv

---
score:              4.705117
profit_factor:      3.194456
win_rate:           0.458824
avg_winner:         0.915644
avg_loser:          -0.243017
trades_per_day:     1.307692
max_consec_loss:    5
num_trades:         85
trade_sharpe:       4.397620
sortino:            58.194292
max_drawdown:       -1.690515
calmar:             14.511163
ev_per_trade:       0.288604
do_nothing_pct:     0.597085
exit_pct:           0.012108
model_exit_count:   54
cooldown_blocked:   130
pre_10am_blocked:   606
short_hold_pct:     0.129000
stop_loss_rate:     0.329000
direction_collapse_pct: 0.364700
avg_entry_cost_bps: 428.722000
avg_entry_quality:  0.718800
cost_realism_coverage: 1.011800
high_cost_entry_rate: 0.494100
low_quality_entry_rate: 0.000000
actionable_bar_rate: 0.829100
risk_off_bar_rate:  0.000000
final_capital:      17940.46
equity_sharpe:      2.733400
max_equity_dd:      -0.206000
total_dollar_return:0.794000
val_sharpe:         5.635291
total_return:       24.531340
num_val_bars:       4460
num_val_days:       65
worst_chunk_pf:     2.23
rr_ratio:           3.7678
avg_hold_bars:      12.47
model_exit_rate:    0.6353
hit_ruin:           False
min_equity_frac:    0.8737
avg_risk_fraction:  0.0792
max_risk_fraction:  0.2740
trades_blocked_by_balance: 0
  Chunk 1: 2025-02-18..2025-05-12 | 15 trades | PF=2.50 | WR=40.0%
  Chunk 2: 2025-05-14..2025-07-07 | 8 trades | PF=4.58 | WR=50.0%
  Chunk 3: 2025-07-18..2025-09-09 | 12 trades | PF=3.31 | WR=33.3%
  Chunk 4: 2025-09-10..2025-10-31 | 14 trades | PF=7.46 | WR=71.4%
  Chunk 5: 2025-11-03..2026-03-12 | 36 trades | PF=2.23 | WR=41.7%
training_seconds:   240.0
total_seconds:      253.6
peak_vram_mb:       357.0
num_steps:          9420
num_params:         146,265
lookback:           120
depth:              3
d_model:            64
effective_lr:       0.00015
gate_label_smoothing:0.050000
dir_label_smoothing:0.050000
false_entry_penalty:2.000000
/opt/conda/lib/python3.11/site-packages/torch/nn/modules/transformer.py:379: UserWarning: enable_nested_tensor is True, but self.use_nested_tensor is False because encoder_layer.norm_first was True
  warnings.warn(
