Loading data from: /root/.cache/autoresearch-trading/features/data.pt
Loaded 382920 1-min bars, 32 features, 8 actions
  ~981 trading days
Training:   up to idx 268019
Validation: idx 268020-382919
  Option P&L coverage: 296720/382920 (77%)
Parameters: 147,466
Architecture: v4 simplified two-head (gate+dir) + balanced strike gating + VIX regime adaptation
Training from scratch (v4: no warm-start).

Budget: 240s | Batch: 128 | Lookback: 120
LR: 0.00015 | Depth: 3 | d_model: 64 | ff_mult: 3
Dropout: 0.15 | Weight decay: 0.05
False entry penalty: 2.0x
Label smoothing: gate=0.05 dir=0.05
VIX regime adaptation: 0.3

step 00000 (  0.0%) | loss: 3.043714 | trade:0.32 call:0.45 put:0.55 | ATM:0.27 OTM:0.73 | lr: 0.00e+00 | left: 240s
step 00050 (  0.4%) | loss: 3.114783 | trade:0.32 call:0.44 put:0.56 | ATM:0.28 OTM:0.72 | lr: 5.90e-06 | left: 239s
step 00100 (  1.0%) | loss: 3.084587 | trade:0.34 call:0.45 put:0.55 | ATM:0.28 OTM:0.72 | lr: 1.44e-05 | left: 238s
step 00150 (  1.5%) | loss: 3.038828 | trade:0.38 call:0.45 put:0.55 | ATM:0.28 OTM:0.72 | lr: 2.31e-05 | left: 236s
step 00200 (  2.1%) | loss: 2.996029 | trade:0.43 call:0.46 put:0.54 | ATM:0.30 OTM:0.70 | lr: 3.17e-05 | left: 235s
step 00250 (  2.7%) | loss: 2.922449 | trade:0.44 call:0.48 put:0.52 | ATM:0.32 OTM:0.68 | lr: 4.02e-05 | left: 234s
step 00300 (  3.3%) | loss: 2.875207 | trade:0.44 call:0.48 put:0.52 | ATM:0.33 OTM:0.67 | lr: 4.88e-05 | left: 232s
step 00350 (  3.8%) | loss: 2.855578 | trade:0.44 call:0.49 put:0.51 | ATM:0.34 OTM:0.66 | lr: 5.73e-05 | left: 231s
step 00400 (  4.4%) | loss: 2.785922 | trade:0.44 call:0.52 put:0.48 | ATM:0.36 OTM:0.64 | lr: 6.58e-05 | left: 229s
step 00450 (  5.0%) | loss: 2.719206 | trade:0.41 call:0.50 put:0.50 | ATM:0.37 OTM:0.63 | lr: 7.44e-05 | left: 228s
step 00500 (  5.5%) | loss: 2.694105 | trade:0.44 call:0.52 put:0.48 | ATM:0.37 OTM:0.63 | lr: 8.30e-05 | left: 227s
step 00550 (  6.1%) | loss: 2.646799 | trade:0.43 call:0.52 put:0.48 | ATM:0.38 OTM:0.62 | lr: 9.17e-05 | left: 225s
step 00600 (  6.7%) | loss: 2.568595 | trade:0.44 call:0.52 put:0.48 | ATM:0.39 OTM:0.61 | lr: 1.00e-04 | left: 224s
step 00650 (  7.2%) | loss: 2.502804 | trade:0.46 call:0.55 put:0.45 | ATM:0.40 OTM:0.60 | lr: 1.09e-04 | left: 223s
step 00700 (  7.8%) | loss: 2.391118 | trade:0.43 call:0.56 put:0.44 | ATM:0.40 OTM:0.60 | lr: 1.17e-04 | left: 221s
step 00750 (  8.4%) | loss: 2.324561 | trade:0.41 call:0.58 put:0.42 | ATM:0.43 OTM:0.57 | lr: 1.25e-04 | left: 220s
step 00800 (  8.9%) | loss: 2.227795 | trade:0.44 call:0.52 put:0.48 | ATM:0.43 OTM:0.57 | lr: 1.34e-04 | left: 219s
step 00850 (  9.5%) | loss: 2.170550 | trade:0.42 call:0.60 put:0.40 | ATM:0.41 OTM:0.59 | lr: 1.42e-04 | left: 217s
step 00900 ( 10.0%) | loss: 2.070658 | trade:0.43 call:0.56 put:0.44 | ATM:0.41 OTM:0.59 | lr: 1.50e-04 | left: 216s
step 00950 ( 10.6%) | loss: 1.967326 | trade:0.40 call:0.64 put:0.36 | ATM:0.46 OTM:0.54 | lr: 1.50e-04 | left: 215s
step 01000 ( 11.2%) | loss: 1.890530 | trade:0.41 call:0.64 put:0.36 | ATM:0.45 OTM:0.55 | lr: 1.50e-04 | left: 213s
step 01050 ( 11.7%) | loss: 1.793703 | trade:0.40 call:0.68 put:0.32 | ATM:0.47 OTM:0.53 | lr: 1.50e-04 | left: 212s
step 01100 ( 12.3%) | loss: 1.747388 | trade:0.40 call:0.69 put:0.31 | ATM:0.49 OTM:0.51 | lr: 1.50e-04 | left: 210s
step 01150 ( 12.9%) | loss: 1.665959 | trade:0.43 call:0.63 put:0.37 | ATM:0.48 OTM:0.52 | lr: 1.50e-04 | left: 209s
step 01200 ( 13.4%) | loss: 1.632141 | trade:0.43 call:0.66 put:0.34 | ATM:0.43 OTM:0.57 | lr: 1.50e-04 | left: 208s
step 01250 ( 14.0%) | loss: 1.577114 | trade:0.38 call:0.66 put:0.34 | ATM:0.47 OTM:0.53 | lr: 1.50e-04 | left: 206s
step 01300 ( 14.6%) | loss: 1.549552 | trade:0.32 call:0.72 put:0.28 | ATM:0.47 OTM:0.53 | lr: 1.50e-04 | left: 205s
step 01350 ( 15.1%) | loss: 1.478353 | trade:0.36 call:0.62 put:0.38 | ATM:0.50 OTM:0.50 | lr: 1.50e-04 | left: 204s
step 01400 ( 15.7%) | loss: 1.485179 | trade:0.39 call:0.62 put:0.38 | ATM:0.54 OTM:0.46 | lr: 1.50e-04 | left: 202s
step 01450 ( 16.3%) | loss: 1.485125 | trade:0.33 call:0.76 put:0.24 | ATM:0.52 OTM:0.48 | lr: 1.50e-04 | left: 201s
step 01500 ( 16.8%) | loss: 1.481798 | trade:0.40 call:0.67 put:0.33 | ATM:0.54 OTM:0.46 | lr: 1.50e-04 | left: 200s
step 01550 ( 17.4%) | loss: 1.406849 | trade:0.38 call:0.69 put:0.31 | ATM:0.51 OTM:0.49 | lr: 1.50e-04 | left: 198s
step 01600 ( 18.0%) | loss: 1.409261 | trade:0.43 call:0.63 put:0.37 | ATM:0.51 OTM:0.49 | lr: 1.50e-04 | left: 197s
step 01650 ( 18.6%) | loss: 1.408509 | trade:0.41 call:0.70 put:0.30 | ATM:0.51 OTM:0.49 | lr: 1.50e-04 | left: 195s
step 01700 ( 19.1%) | loss: 1.385170 | trade:0.34 call:0.70 put:0.30 | ATM:0.55 OTM:0.45 | lr: 1.50e-04 | left: 194s
step 01750 ( 19.7%) | loss: 1.331304 | trade:0.36 call:0.70 put:0.30 | ATM:0.56 OTM:0.44 | lr: 1.50e-04 | left: 193s
step 01800 ( 20.3%) | loss: 1.388583 | trade:0.32 call:0.69 put:0.31 | ATM:0.55 OTM:0.45 | lr: 1.50e-04 | left: 191s
step 01850 ( 20.9%) | loss: 1.338482 | trade:0.40 call:0.68 put:0.32 | ATM:0.53 OTM:0.47 | lr: 1.50e-04 | left: 190s
step 01900 ( 21.4%) | loss: 1.330835 | trade:0.39 call:0.68 put:0.32 | ATM:0.51 OTM:0.49 | lr: 1.50e-04 | left: 189s
step 01950 ( 22.0%) | loss: 1.339119 | trade:0.33 call:0.64 put:0.36 | ATM:0.51 OTM:0.49 | lr: 1.50e-04 | left: 187s
step 02000 ( 22.6%) | loss: 1.297077 | trade:0.32 call:0.73 put:0.27 | ATM:0.54 OTM:0.46 | lr: 1.50e-04 | left: 186s
step 02050 ( 23.1%) | loss: 1.325532 | trade:0.37 call:0.73 put:0.27 | ATM:0.56 OTM:0.44 | lr: 1.50e-04 | left: 184s
step 02100 ( 23.7%) | loss: 1.282151 | trade:0.36 call:0.69 put:0.31 | ATM:0.48 OTM:0.52 | lr: 1.50e-04 | left: 183s
step 02150 ( 24.3%) | loss: 1.293836 | trade:0.37 call:0.67 put:0.33 | ATM:0.52 OTM:0.48 | lr: 1.50e-04 | left: 182s
step 02200 ( 24.9%) | loss: 1.286631 | trade:0.39 call:0.67 put:0.33 | ATM:0.46 OTM:0.54 | lr: 1.50e-04 | left: 180s
step 02250 ( 25.4%) | loss: 1.279737 | trade:0.38 call:0.70 put:0.30 | ATM:0.58 OTM:0.42 | lr: 1.50e-04 | left: 179s
step 02300 ( 26.0%) | loss: 1.276776 | trade:0.34 call:0.66 put:0.34 | ATM:0.56 OTM:0.44 | lr: 1.50e-04 | left: 178s
step 02350 ( 26.6%) | loss: 1.258903 | trade:0.37 call:0.77 put:0.23 | ATM:0.57 OTM:0.43 | lr: 1.50e-04 | left: 176s
step 02400 ( 27.1%) | loss: 1.239027 | trade:0.34 call:0.76 put:0.24 | ATM:0.45 OTM:0.55 | lr: 1.50e-04 | left: 175s
step 02450 ( 27.7%) | loss: 1.265709 | trade:0.39 call:0.72 put:0.28 | ATM:0.51 OTM:0.49 | lr: 1.50e-04 | left: 173s
step 02500 ( 28.3%) | loss: 1.236739 | trade:0.41 call:0.63 put:0.37 | ATM:0.51 OTM:0.49 | lr: 1.50e-04 | left: 172s
step 02550 ( 28.9%) | loss: 1.258138 | trade:0.35 call:0.67 put:0.33 | ATM:0.52 OTM:0.48 | lr: 1.50e-04 | left: 171s
step 02600 ( 29.4%) | loss: 1.237536 | trade:0.34 call:0.64 put:0.36 | ATM:0.55 OTM:0.45 | lr: 1.50e-04 | left: 169s
step 02650 ( 30.0%) | loss: 1.234035 | trade:0.36 call:0.69 put:0.31 | ATM:0.54 OTM:0.46 | lr: 1.50e-04 | left: 168s
step 02700 ( 30.6%) | loss: 1.244881 | trade:0.31 call:0.68 put:0.32 | ATM:0.55 OTM:0.45 | lr: 1.50e-04 | left: 167s
step 02750 ( 31.2%) | loss: 1.252647 | trade:0.36 call:0.62 put:0.38 | ATM:0.53 OTM:0.47 | lr: 1.50e-04 | left: 165s
step 02800 ( 31.7%) | loss: 1.222092 | trade:0.36 call:0.68 put:0.32 | ATM:0.59 OTM:0.41 | lr: 1.50e-04 | left: 164s
step 02850 ( 32.3%) | loss: 1.194201 | trade:0.29 call:0.71 put:0.29 | ATM:0.63 OTM:0.37 | lr: 1.50e-04 | left: 162s
step 02900 ( 32.9%) | loss: 1.188585 | trade:0.39 call:0.67 put:0.33 | ATM:0.55 OTM:0.45 | lr: 1.50e-04 | left: 161s
step 02950 ( 33.5%) | loss: 1.212936 | trade:0.39 call:0.67 put:0.33 | ATM:0.56 OTM:0.44 | lr: 1.50e-04 | left: 160s
step 03000 ( 34.1%) | loss: 1.205075 | trade:0.40 call:0.62 put:0.38 | ATM:0.53 OTM:0.47 | lr: 1.50e-04 | left: 158s
step 03050 ( 34.6%) | loss: 1.166306 | trade:0.36 call:0.69 put:0.31 | ATM:0.59 OTM:0.41 | lr: 1.50e-04 | left: 157s
step 03100 ( 35.2%) | loss: 1.191423 | trade:0.40 call:0.72 put:0.28 | ATM:0.63 OTM:0.37 | lr: 1.50e-04 | left: 155s
step 03150 ( 35.8%) | loss: 1.152520 | trade:0.35 call:0.70 put:0.30 | ATM:0.59 OTM:0.41 | lr: 1.50e-04 | left: 154s
step 03200 ( 36.4%) | loss: 1.196611 | trade:0.34 call:0.66 put:0.34 | ATM:0.54 OTM:0.46 | lr: 1.50e-04 | left: 153s
step 03250 ( 37.0%) | loss: 1.204622 | trade:0.29 call:0.71 put:0.29 | ATM:0.58 OTM:0.42 | lr: 1.50e-04 | left: 151s
step 03300 ( 37.5%) | loss: 1.177847 | trade:0.36 call:0.71 put:0.29 | ATM:0.61 OTM:0.39 | lr: 1.50e-04 | left: 150s
step 03350 ( 38.1%) | loss: 1.186157 | trade:0.31 call:0.66 put:0.34 | ATM:0.61 OTM:0.39 | lr: 1.50e-04 | left: 149s
step 03400 ( 38.7%) | loss: 1.161173 | trade:0.34 call:0.68 put:0.32 | ATM:0.61 OTM:0.39 | lr: 1.50e-04 | left: 147s
step 03450 ( 39.3%) | loss: 1.151435 | trade:0.33 call:0.72 put:0.28 | ATM:0.54 OTM:0.46 | lr: 1.50e-04 | left: 146s
step 03500 ( 39.9%) | loss: 1.166383 | trade:0.33 call:0.71 put:0.29 | ATM:0.54 OTM:0.46 | lr: 1.50e-04 | left: 144s
step 03550 ( 40.4%) | loss: 1.172176 | trade:0.34 call:0.68 put:0.32 | ATM:0.56 OTM:0.44 | lr: 1.50e-04 | left: 143s
step 03600 ( 41.0%) | loss: 1.164686 | trade:0.33 call:0.67 put:0.33 | ATM:0.59 OTM:0.41 | lr: 1.50e-04 | left: 142s
step 03650 ( 41.6%) | loss: 1.164383 | trade:0.32 call:0.69 put:0.31 | ATM:0.56 OTM:0.44 | lr: 1.50e-04 | left: 140s
step 03700 ( 42.2%) | loss: 1.147734 | trade:0.34 call:0.67 put:0.33 | ATM:0.56 OTM:0.44 | lr: 1.50e-04 | left: 139s
step 03750 ( 42.7%) | loss: 1.193556 | trade:0.28 call:0.74 put:0.26 | ATM:0.65 OTM:0.35 | lr: 1.50e-04 | left: 137s
step 03800 ( 43.3%) | loss: 1.162734 | trade:0.37 call:0.64 put:0.36 | ATM:0.59 OTM:0.41 | lr: 1.50e-04 | left: 136s
step 03850 ( 43.9%) | loss: 1.147683 | trade:0.35 call:0.67 put:0.33 | ATM:0.58 OTM:0.42 | lr: 1.50e-04 | left: 135s
step 03900 ( 44.5%) | loss: 1.144369 | trade:0.40 call:0.63 put:0.37 | ATM:0.59 OTM:0.41 | lr: 1.50e-04 | left: 133s
step 03950 ( 45.0%) | loss: 1.127810 | trade:0.26 call:0.75 put:0.25 | ATM:0.61 OTM:0.39 | lr: 1.50e-04 | left: 132s
step 04000 ( 45.6%) | loss: 1.135722 | trade:0.36 call:0.68 put:0.32 | ATM:0.58 OTM:0.42 | lr: 1.50e-04 | left: 131s
step 04050 ( 46.2%) | loss: 1.134951 | trade:0.37 call:0.71 put:0.29 | ATM:0.56 OTM:0.44 | lr: 1.50e-04 | left: 129s
step 04100 ( 46.8%) | loss: 1.140789 | trade:0.30 call:0.72 put:0.28 | ATM:0.59 OTM:0.41 | lr: 1.50e-04 | left: 128s
step 04150 ( 47.3%) | loss: 1.127239 | trade:0.33 call:0.65 put:0.35 | ATM:0.64 OTM:0.36 | lr: 1.50e-04 | left: 126s
step 04200 ( 47.9%) | loss: 1.134200 | trade:0.30 call:0.74 put:0.26 | ATM:0.62 OTM:0.38 | lr: 1.50e-04 | left: 125s
step 04250 ( 48.5%) | loss: 1.130144 | trade:0.32 call:0.66 put:0.34 | ATM:0.61 OTM:0.39 | lr: 1.50e-04 | left: 124s
step 04300 ( 49.1%) | loss: 1.132921 | trade:0.40 call:0.67 put:0.33 | ATM:0.59 OTM:0.41 | lr: 1.50e-04 | left: 122s
step 04350 ( 49.6%) | loss: 1.108860 | trade:0.30 call:0.70 put:0.30 | ATM:0.64 OTM:0.36 | lr: 1.50e-04 | left: 121s
step 04400 ( 50.2%) | loss: 1.128898 | trade:0.35 call:0.69 put:0.31 | ATM:0.56 OTM:0.44 | lr: 1.50e-04 | left: 119s
step 04450 ( 50.8%) | loss: 1.111351 | trade:0.37 call:0.71 put:0.29 | ATM:0.62 OTM:0.38 | lr: 1.50e-04 | left: 118s
step 04500 ( 51.3%) | loss: 1.131134 | trade:0.36 call:0.66 put:0.34 | ATM:0.64 OTM:0.36 | lr: 1.50e-04 | left: 117s
step 04550 ( 51.9%) | loss: 1.100875 | trade:0.36 call:0.65 put:0.35 | ATM:0.58 OTM:0.42 | lr: 1.50e-04 | left: 115s
step 04600 ( 52.5%) | loss: 1.129333 | trade:0.35 call:0.68 put:0.32 | ATM:0.56 OTM:0.44 | lr: 1.50e-04 | left: 114s
step 04650 ( 53.1%) | loss: 1.100386 | trade:0.37 call:0.66 put:0.34 | ATM:0.56 OTM:0.44 | lr: 1.50e-04 | left: 113s
step 04700 ( 53.6%) | loss: 1.101056 | trade:0.39 call:0.68 put:0.32 | ATM:0.62 OTM:0.38 | lr: 1.50e-04 | left: 111s
step 04750 ( 54.2%) | loss: 1.123751 | trade:0.32 call:0.67 put:0.33 | ATM:0.62 OTM:0.38 | lr: 1.50e-04 | left: 110s
step 04800 ( 54.8%) | loss: 1.094013 | trade:0.37 call:0.67 put:0.33 | ATM:0.57 OTM:0.43 | lr: 1.50e-04 | left: 108s
step 04850 ( 55.4%) | loss: 1.107807 | trade:0.38 call:0.66 put:0.34 | ATM:0.61 OTM:0.39 | lr: 1.50e-04 | left: 107s
step 04900 ( 55.9%) | loss: 1.097770 | trade:0.31 call:0.69 put:0.31 | ATM:0.66 OTM:0.34 | lr: 1.50e-04 | left: 106s
step 04950 ( 56.5%) | loss: 1.121923 | trade:0.34 call:0.65 put:0.35 | ATM:0.59 OTM:0.41 | lr: 1.50e-04 | left: 104s
step 05000 ( 57.1%) | loss: 1.110133 | trade:0.37 call:0.67 put:0.33 | ATM:0.64 OTM:0.36 | lr: 1.50e-04 | left: 103s
step 05050 ( 57.7%) | loss: 1.095993 | trade:0.34 call:0.68 put:0.32 | ATM:0.51 OTM:0.49 | lr: 1.50e-04 | left: 102s
step 05100 ( 58.3%) | loss: 1.105341 | trade:0.31 call:0.71 put:0.29 | ATM:0.62 OTM:0.38 | lr: 1.50e-04 | left: 100s
step 05150 ( 58.8%) | loss: 1.095475 | trade:0.38 call:0.63 put:0.37 | ATM:0.64 OTM:0.36 | lr: 1.50e-04 | left: 99s
step 05200 ( 59.4%) | loss: 1.104185 | trade:0.33 call:0.69 put:0.31 | ATM:0.62 OTM:0.38 | lr: 1.50e-04 | left: 97s
step 05250 ( 60.0%) | loss: 1.098621 | trade:0.29 call:0.71 put:0.29 | ATM:0.65 OTM:0.35 | lr: 1.50e-04 | left: 96s
step 05300 ( 60.6%) | loss: 1.092624 | trade:0.33 call:0.71 put:0.29 | ATM:0.61 OTM:0.39 | lr: 1.50e-04 | left: 95s
step 05350 ( 61.1%) | loss: 1.119423 | trade:0.30 call:0.72 put:0.28 | ATM:0.67 OTM:0.33 | lr: 1.50e-04 | left: 93s
step 05400 ( 61.7%) | loss: 1.104460 | trade:0.40 call:0.65 put:0.35 | ATM:0.57 OTM:0.43 | lr: 1.50e-04 | left: 92s
step 05450 ( 62.3%) | loss: 1.065949 | trade:0.38 call:0.63 put:0.37 | ATM:0.60 OTM:0.40 | lr: 1.50e-04 | left: 90s
step 05500 ( 62.9%) | loss: 1.084409 | trade:0.34 call:0.65 put:0.35 | ATM:0.62 OTM:0.38 | lr: 1.50e-04 | left: 89s
step 05550 ( 63.4%) | loss: 1.105652 | trade:0.34 call:0.64 put:0.36 | ATM:0.69 OTM:0.31 | lr: 1.50e-04 | left: 88s
step 05600 ( 64.0%) | loss: 1.085476 | trade:0.35 call:0.74 put:0.26 | ATM:0.65 OTM:0.35 | lr: 1.50e-04 | left: 86s
step 05650 ( 64.6%) | loss: 1.091283 | trade:0.32 call:0.69 put:0.31 | ATM:0.67 OTM:0.33 | lr: 1.50e-04 | left: 85s
step 05700 ( 65.2%) | loss: 1.093207 | trade:0.40 call:0.70 put:0.30 | ATM:0.59 OTM:0.41 | lr: 1.50e-04 | left: 84s
step 05750 ( 65.8%) | loss: 1.068200 | trade:0.35 call:0.68 put:0.32 | ATM:0.58 OTM:0.42 | lr: 1.50e-04 | left: 82s
step 05800 ( 66.3%) | loss: 1.075117 | trade:0.35 call:0.70 put:0.30 | ATM:0.66 OTM:0.34 | lr: 1.50e-04 | left: 81s
step 05850 ( 66.9%) | loss: 1.072456 | trade:0.32 call:0.69 put:0.31 | ATM:0.60 OTM:0.40 | lr: 1.50e-04 | left: 79s
step 05900 ( 67.5%) | loss: 1.072305 | trade:0.38 call:0.70 put:0.30 | ATM:0.61 OTM:0.39 | lr: 1.50e-04 | left: 78s
step 05950 ( 68.1%) | loss: 1.050567 | trade:0.33 call:0.59 put:0.41 | ATM:0.63 OTM:0.37 | lr: 1.50e-04 | left: 77s
step 06000 ( 68.6%) | loss: 1.074088 | trade:0.34 call:0.68 put:0.32 | ATM:0.64 OTM:0.36 | lr: 1.50e-04 | left: 75s
step 06050 ( 69.2%) | loss: 1.095785 | trade:0.34 call:0.69 put:0.31 | ATM:0.64 OTM:0.36 | lr: 1.50e-04 | left: 74s
step 06100 ( 69.8%) | loss: 1.071353 | trade:0.30 call:0.63 put:0.37 | ATM:0.63 OTM:0.37 | lr: 1.50e-04 | left: 72s
step 06150 ( 70.4%) | loss: 1.069732 | trade:0.26 call:0.69 put:0.31 | ATM:0.66 OTM:0.34 | lr: 1.50e-04 | left: 71s
step 06200 ( 71.0%) | loss: 1.061742 | trade:0.33 call:0.60 put:0.40 | ATM:0.63 OTM:0.37 | lr: 1.50e-04 | left: 70s
step 06250 ( 71.5%) | loss: 1.068184 | trade:0.35 call:0.74 put:0.26 | ATM:0.66 OTM:0.34 | lr: 1.49e-04 | left: 68s
step 06300 ( 72.1%) | loss: 1.068777 | trade:0.35 call:0.63 put:0.37 | ATM:0.60 OTM:0.40 | lr: 1.48e-04 | left: 67s
step 06350 ( 72.6%) | loss: 1.066616 | trade:0.30 call:0.71 put:0.29 | ATM:0.66 OTM:0.34 | lr: 1.47e-04 | left: 66s
step 06400 ( 73.2%) | loss: 1.073056 | trade:0.34 call:0.67 put:0.33 | ATM:0.68 OTM:0.32 | lr: 1.46e-04 | left: 64s
step 06450 ( 73.8%) | loss: 1.042637 | trade:0.34 call:0.64 put:0.36 | ATM:0.57 OTM:0.43 | lr: 1.44e-04 | left: 63s
step 06500 ( 74.4%) | loss: 1.056782 | trade:0.31 call:0.63 put:0.37 | ATM:0.61 OTM:0.39 | lr: 1.42e-04 | left: 62s
step 06550 ( 74.9%) | loss: 1.067796 | trade:0.36 call:0.67 put:0.33 | ATM:0.59 OTM:0.41 | lr: 1.40e-04 | left: 60s
step 06600 ( 75.5%) | loss: 1.054535 | trade:0.36 call:0.68 put:0.32 | ATM:0.63 OTM:0.37 | lr: 1.38e-04 | left: 59s
step 06650 ( 76.1%) | loss: 1.061327 | trade:0.37 call:0.65 put:0.35 | ATM:0.66 OTM:0.34 | lr: 1.35e-04 | left: 57s
step 06700 ( 76.7%) | loss: 1.056667 | trade:0.35 call:0.69 put:0.31 | ATM:0.64 OTM:0.36 | lr: 1.32e-04 | left: 56s
step 06750 ( 77.2%) | loss: 1.065286 | trade:0.38 call:0.69 put:0.31 | ATM:0.59 OTM:0.41 | lr: 1.29e-04 | left: 55s
step 06800 ( 77.8%) | loss: 1.070376 | trade:0.32 call:0.63 put:0.37 | ATM:0.60 OTM:0.40 | lr: 1.26e-04 | left: 53s
step 06850 ( 78.4%) | loss: 1.037391 | trade:0.33 call:0.66 put:0.34 | ATM:0.62 OTM:0.38 | lr: 1.23e-04 | left: 52s
step 06900 ( 79.0%) | loss: 1.040643 | trade:0.34 call:0.63 put:0.37 | ATM:0.62 OTM:0.38 | lr: 1.19e-04 | left: 50s
step 06950 ( 79.6%) | loss: 1.051830 | trade:0.30 call:0.66 put:0.34 | ATM:0.72 OTM:0.28 | lr: 1.15e-04 | left: 49s
step 07000 ( 80.1%) | loss: 1.044171 | trade:0.34 call:0.66 put:0.34 | ATM:0.55 OTM:0.45 | lr: 1.12e-04 | left: 48s
step 07050 ( 80.7%) | loss: 1.048311 | trade:0.30 call:0.64 put:0.36 | ATM:0.68 OTM:0.32 | lr: 1.08e-04 | left: 46s
step 07100 ( 81.3%) | loss: 1.043104 | trade:0.32 call:0.68 put:0.32 | ATM:0.66 OTM:0.34 | lr: 1.03e-04 | left: 45s
step 07150 ( 81.9%) | loss: 1.031999 | trade:0.33 call:0.66 put:0.34 | ATM:0.63 OTM:0.37 | lr: 9.91e-05 | left: 43s
step 07200 ( 82.5%) | loss: 1.025361 | trade:0.32 call:0.65 put:0.35 | ATM:0.62 OTM:0.38 | lr: 9.48e-05 | left: 42s
step 07250 ( 83.0%) | loss: 1.049253 | trade:0.34 call:0.66 put:0.34 | ATM:0.59 OTM:0.41 | lr: 9.03e-05 | left: 41s
step 07300 ( 83.6%) | loss: 1.046792 | trade:0.38 call:0.68 put:0.32 | ATM:0.62 OTM:0.38 | lr: 8.59e-05 | left: 39s
step 07350 ( 84.2%) | loss: 1.015493 | trade:0.30 call:0.67 put:0.33 | ATM:0.65 OTM:0.35 | lr: 8.13e-05 | left: 38s
step 07400 ( 84.8%) | loss: 1.044340 | trade:0.32 call:0.68 put:0.32 | ATM:0.66 OTM:0.34 | lr: 7.68e-05 | left: 37s
step 07450 ( 85.3%) | loss: 1.045714 | trade:0.34 call:0.70 put:0.30 | ATM:0.69 OTM:0.31 | lr: 7.23e-05 | left: 35s
step 07500 ( 85.9%) | loss: 1.037979 | trade:0.33 call:0.66 put:0.34 | ATM:0.61 OTM:0.39 | lr: 6.77e-05 | left: 34s
step 07550 ( 86.5%) | loss: 1.025626 | trade:0.25 call:0.68 put:0.32 | ATM:0.72 OTM:0.28 | lr: 6.32e-05 | left: 32s
step 07600 ( 87.1%) | loss: 1.030894 | trade:0.33 call:0.67 put:0.33 | ATM:0.61 OTM:0.39 | lr: 5.88e-05 | left: 31s
step 07650 ( 87.7%) | loss: 1.033727 | trade:0.31 call:0.62 put:0.38 | ATM:0.61 OTM:0.39 | lr: 5.43e-05 | left: 30s
step 07700 ( 88.2%) | loss: 1.028033 | trade:0.33 call:0.71 put:0.29 | ATM:0.61 OTM:0.39 | lr: 5.00e-05 | left: 28s
step 07750 ( 88.8%) | loss: 1.008946 | trade:0.36 call:0.65 put:0.35 | ATM:0.63 OTM:0.37 | lr: 4.58e-05 | left: 27s
step 07800 ( 89.4%) | loss: 1.009578 | trade:0.32 call:0.61 put:0.39 | ATM:0.66 OTM:0.34 | lr: 4.16e-05 | left: 25s
step 07850 ( 90.0%) | loss: 1.047950 | trade:0.35 call:0.64 put:0.36 | ATM:0.67 OTM:0.33 | lr: 3.76e-05 | left: 24s
step 07900 ( 90.6%) | loss: 1.037772 | trade:0.34 call:0.70 put:0.30 | ATM:0.63 OTM:0.37 | lr: 3.37e-05 | left: 23s
step 07950 ( 91.1%) | loss: 1.012207 | trade:0.40 call:0.60 put:0.40 | ATM:0.60 OTM:0.40 | lr: 3.00e-05 | left: 21s
step 08000 ( 91.7%) | loss: 1.022122 | trade:0.33 call:0.58 put:0.42 | ATM:0.69 OTM:0.31 | lr: 2.65e-05 | left: 20s
step 08050 ( 92.3%) | loss: 1.003761 | trade:0.40 call:0.65 put:0.35 | ATM:0.60 OTM:0.40 | lr: 2.31e-05 | left: 18s
step 08100 ( 92.9%) | loss: 0.997278 | trade:0.32 call:0.65 put:0.35 | ATM:0.69 OTM:0.31 | lr: 1.99e-05 | left: 17s
step 08150 ( 93.5%) | loss: 1.021868 | trade:0.33 call:0.60 put:0.40 | ATM:0.62 OTM:0.38 | lr: 1.69e-05 | left: 16s
step 08200 ( 94.0%) | loss: 1.034926 | trade:0.35 call:0.65 put:0.35 | ATM:0.63 OTM:0.37 | lr: 1.41e-05 | left: 14s
step 08250 ( 94.6%) | loss: 1.017509 | trade:0.42 call:0.65 put:0.35 | ATM:0.57 OTM:0.43 | lr: 1.16e-05 | left: 13s
step 08300 ( 95.2%) | loss: 1.031561 | trade:0.27 call:0.71 put:0.29 | ATM:0.65 OTM:0.35 | lr: 9.30e-06 | left: 12s
step 08350 ( 95.8%) | loss: 1.029770 | trade:0.38 call:0.67 put:0.33 | ATM:0.63 OTM:0.37 | lr: 7.24e-06 | left: 10s
step 08400 ( 96.3%) | loss: 1.007710 | trade:0.34 call:0.67 put:0.33 | ATM:0.68 OTM:0.32 | lr: 5.42e-06 | left: 9s
step 08450 ( 96.9%) | loss: 1.006349 | trade:0.33 call:0.61 put:0.39 | ATM:0.62 OTM:0.38 | lr: 3.86e-06 | left: 7s
step 08500 ( 97.5%) | loss: 1.013570 | trade:0.37 call:0.65 put:0.35 | ATM:0.65 OTM:0.35 | lr: 2.60e-06 | left: 6s
step 08550 ( 98.0%) | loss: 1.007191 | trade:0.35 call:0.69 put:0.31 | ATM:0.66 OTM:0.34 | lr: 1.56e-06 | left: 5s
step 08600 ( 98.6%) | loss: 1.015204 | trade:0.33 call:0.64 put:0.36 | ATM:0.62 OTM:0.38 | lr: 7.83e-07 | left: 3s
step 08650 ( 99.2%) | loss: 1.001544 | trade:0.32 call:0.61 put:0.39 | ATM:0.59 OTM:0.41 | lr: 2.65e-07 | left: 2s
step 08700 ( 99.8%) | loss: 1.004501 | trade:0.37 call:0.60 put:0.40 | ATM:0.62 OTM:0.38 | lr: 2.07e-08 | left: 1s

Training done at 245s. Starting evaluation...
Evaluation done in 10s (total wall: 254s)
Model saved to /root/best_model.pt
Trade log: 71 trades -> /root/trade_log.csv

---
score:              0.379488
profit_factor:      2.699979
win_rate:           0.309859
avg_winner:         1.429342
avg_loser:          -0.237685
trades_per_day:     1.092308
max_consec_loss:    7
num_trades:         71
trade_sharpe:       3.917622
sortino:            42.662724
max_drawdown:       -2.782451
calmar:             7.115647
ev_per_trade:       0.278858
do_nothing_pct:     0.631166
exit_pct:           0.008520
model_exit_count:   38
cooldown_blocked:   142
pre_10am_blocked:   538
short_hold_pct:     0.099000
stop_loss_rate:     0.479000
direction_collapse_pct: 0.267600
avg_entry_cost_bps: 279.885900
avg_entry_quality:  0.798500
cost_realism_coverage: 1.014100
high_cost_entry_rate: 0.380300
low_quality_entry_rate: 0.000000
actionable_bar_rate: 0.829100
risk_off_bar_rate:  0.000000
final_capital:      17548.01
equity_sharpe:      2.567300
max_equity_dd:      -0.299200
total_dollar_return:0.754800
val_sharpe:         -22.817575
total_return:       19.798938
num_val_bars:       4460
num_val_days:       65
worst_chunk_pf:     1.30
rr_ratio:           6.0136
avg_hold_bars:      13.58
model_exit_rate:    0.5352
hit_ruin:           False
min_equity_frac:    0.7580
avg_risk_fraction:  0.0729
max_risk_fraction:  0.3009
trades_blocked_by_balance: 0
  Chunk 1: 2025-02-18..2025-05-14 | 15 trades | PF=1.30 | WR=33.3%
  Chunk 2: 2025-05-28..2025-07-31 | 10 trades | PF=3.55 | WR=30.0%
  Chunk 3: 2025-08-13..2025-09-10 | 8 trades | PF=1.49 | WR=12.5%
  Chunk 4: 2025-09-16..2025-10-31 | 9 trades | PF=9.44 | WR=44.4%
  Chunk 5: 2025-11-03..2026-03-12 | 29 trades | PF=2.44 | WR=31.0%
training_seconds:   240.0
total_seconds:      256.6
peak_vram_mb:       357.0
num_steps:          8720
num_params:         147,466
lookback:           120
depth:              3
d_model:            64
effective_lr:       0.00015
gate_label_smoothing:0.050000
dir_label_smoothing:0.050000
false_entry_penalty:2.000000
vix_regime_adaptation:0.300000
/opt/conda/lib/python3.11/site-packages/torch/nn/modules/transformer.py:379: UserWarning: enable_nested_tensor is True, but self.use_nested_tensor is False because encoder_layer.norm_first was True
  warnings.warn(
