Loading data from: /root/.cache/autoresearch-trading/features/data.pt
Loaded 384870 1-min bars, 32 features, 8 actions
  ~986 trading days
Training:   up to idx 269189
Validation: idx 269190-384869
  Option P&L coverage: 297877/384870 (77%)
Parameters: 146,265
Architecture: v4 simplified two-head (gate+dir) + balanced strike gating + VIX regime robustness + temporal chunking + stop prevention + FULL STOPPED P&L CONSISTENCY + feature noise injection + cross-temporal consistency + direction-side loss + STRONG CONSERVATIVE GATE BIAS
Training from scratch (v4: no warm-start).

Budget: 240s | Batch: 128 | Lookback: 120
LR: 0.00015 | Depth: 3 | d_model: 64 | ff_mult: 3
Dropout: 0.15 | Weight decay: 0.05
False entry penalty: 2.5x
Label smoothing: gate=0.05 dir=0.05
Loss weights: gate=1.0, dir=1.0, pnl=0.3, exit=0.5
VIX regime weights: vix_regime=0.2, vix_consistency=0.1
Temporal robustness: temporal_chunk=0.3, cross_temporal=0.3
Direction-side loss: dir_side=0.4
Stop prevention: stop_prevention=0.3
Feature noise injection: std=0.05
CRITICAL: Training exclusively on STOPPED P&L to align with evaluation reality
STRONG CONSERVATIVE GATE BIAS: NO_TRADE=+1.0, TRADE=-1.0 for high selectivity

step 00000 (  0.0%) | loss: 3.669156 | trade:0.12 call:0.45 put:0.55 | ATM:0.23 OTM:0.77 | lr: 0.00e+00 | left: 240s
step 00050 (  0.4%) | loss: 3.796479 | trade:0.12 call:0.46 put:0.54 | ATM:0.24 OTM:0.76 | lr: 6.19e-06 | left: 239s
step 00100 (  1.0%) | loss: 3.761144 | trade:0.13 call:0.46 put:0.54 | ATM:0.24 OTM:0.76 | lr: 1.50e-05 | left: 238s
step 00150 (  1.6%) | loss: 3.618050 | trade:0.16 call:0.46 put:0.54 | ATM:0.24 OTM:0.76 | lr: 2.38e-05 | left: 236s
step 00200 (  2.2%) | loss: 3.501174 | trade:0.19 call:0.49 put:0.51 | ATM:0.25 OTM:0.75 | lr: 3.27e-05 | left: 235s
step 00250 (  2.7%) | loss: 3.389576 | trade:0.24 call:0.51 put:0.49 | ATM:0.26 OTM:0.74 | lr: 4.12e-05 | left: 233s
step 00300 (  3.3%) | loss: 3.278273 | trade:0.30 call:0.52 put:0.48 | ATM:0.28 OTM:0.72 | lr: 4.98e-05 | left: 232s
step 00350 (  3.9%) | loss: 3.227924 | trade:0.33 call:0.53 put:0.47 | ATM:0.30 OTM:0.70 | lr: 5.87e-05 | left: 231s
step 00400 (  4.4%) | loss: 3.147139 | trade:0.34 call:0.54 put:0.46 | ATM:0.32 OTM:0.68 | lr: 6.63e-05 | left: 229s
step 00450 (  5.0%) | loss: 3.073636 | trade:0.34 call:0.54 put:0.46 | ATM:0.33 OTM:0.67 | lr: 7.48e-05 | left: 228s
step 00500 (  5.6%) | loss: 2.999888 | trade:0.33 call:0.55 put:0.45 | ATM:0.32 OTM:0.68 | lr: 8.38e-05 | left: 227s
step 00550 (  6.2%) | loss: 2.924871 | trade:0.33 call:0.55 put:0.45 | ATM:0.33 OTM:0.67 | lr: 9.28e-05 | left: 225s
step 00600 (  6.8%) | loss: 2.854292 | trade:0.36 call:0.56 put:0.44 | ATM:0.33 OTM:0.67 | lr: 1.02e-04 | left: 224s
step 00650 (  7.4%) | loss: 2.753015 | trade:0.38 call:0.54 put:0.46 | ATM:0.33 OTM:0.67 | lr: 1.11e-04 | left: 222s
step 00700 (  8.0%) | loss: 2.659833 | trade:0.36 call:0.55 put:0.45 | ATM:0.35 OTM:0.65 | lr: 1.20e-04 | left: 221s
step 00750 (  8.6%) | loss: 2.508701 | trade:0.37 call:0.55 put:0.45 | ATM:0.34 OTM:0.66 | lr: 1.29e-04 | left: 219s
step 00800 (  9.2%) | loss: 2.378617 | trade:0.35 call:0.59 put:0.41 | ATM:0.38 OTM:0.62 | lr: 1.38e-04 | left: 218s
step 00850 (  9.8%) | loss: 2.298092 | trade:0.37 call:0.61 put:0.39 | ATM:0.37 OTM:0.63 | lr: 1.46e-04 | left: 217s
step 00900 ( 10.3%) | loss: 2.146654 | trade:0.36 call:0.60 put:0.40 | ATM:0.39 OTM:0.61 | lr: 1.50e-04 | left: 215s
step 00950 ( 10.9%) | loss: 1.984847 | trade:0.37 call:0.59 put:0.41 | ATM:0.37 OTM:0.63 | lr: 1.50e-04 | left: 214s
step 01000 ( 11.5%) | loss: 1.948907 | trade:0.34 call:0.64 put:0.36 | ATM:0.43 OTM:0.57 | lr: 1.50e-04 | left: 212s
step 01050 ( 12.1%) | loss: 1.789410 | trade:0.35 call:0.69 put:0.31 | ATM:0.48 OTM:0.52 | lr: 1.50e-04 | left: 211s
step 01100 ( 12.7%) | loss: 1.689216 | trade:0.35 call:0.64 put:0.36 | ATM:0.42 OTM:0.58 | lr: 1.50e-04 | left: 209s
step 01150 ( 13.3%) | loss: 1.663637 | trade:0.37 call:0.60 put:0.40 | ATM:0.46 OTM:0.54 | lr: 1.50e-04 | left: 208s
step 01200 ( 13.9%) | loss: 1.591120 | trade:0.36 call:0.64 put:0.36 | ATM:0.50 OTM:0.50 | lr: 1.50e-04 | left: 207s
step 01250 ( 14.5%) | loss: 1.519156 | trade:0.37 call:0.63 put:0.37 | ATM:0.45 OTM:0.55 | lr: 1.50e-04 | left: 205s
step 01300 ( 15.1%) | loss: 1.503595 | trade:0.36 call:0.67 put:0.33 | ATM:0.46 OTM:0.54 | lr: 1.50e-04 | left: 204s
step 01350 ( 15.6%) | loss: 1.441728 | trade:0.35 call:0.62 put:0.38 | ATM:0.45 OTM:0.55 | lr: 1.50e-04 | left: 202s
step 01400 ( 16.2%) | loss: 1.362519 | trade:0.38 call:0.61 put:0.39 | ATM:0.44 OTM:0.56 | lr: 1.50e-04 | left: 201s
step 01450 ( 16.8%) | loss: 1.361383 | trade:0.33 call:0.61 put:0.39 | ATM:0.45 OTM:0.55 | lr: 1.50e-04 | left: 200s
step 01500 ( 17.3%) | loss: 1.308534 | trade:0.33 call:0.61 put:0.39 | ATM:0.51 OTM:0.49 | lr: 1.50e-04 | left: 198s
step 01550 ( 17.9%) | loss: 1.356867 | trade:0.36 call:0.63 put:0.37 | ATM:0.43 OTM:0.57 | lr: 1.50e-04 | left: 197s
step 01600 ( 18.5%) | loss: 1.287662 | trade:0.37 call:0.61 put:0.39 | ATM:0.45 OTM:0.55 | lr: 1.50e-04 | left: 196s
step 01650 ( 19.1%) | loss: 1.238239 | trade:0.35 call:0.64 put:0.36 | ATM:0.45 OTM:0.55 | lr: 1.50e-04 | left: 194s
step 01700 ( 19.7%) | loss: 1.239345 | trade:0.30 call:0.61 put:0.39 | ATM:0.49 OTM:0.51 | lr: 1.50e-04 | left: 193s
step 01750 ( 20.2%) | loss: 1.224981 | trade:0.37 call:0.65 put:0.35 | ATM:0.45 OTM:0.55 | lr: 1.50e-04 | left: 191s
step 01800 ( 20.8%) | loss: 1.206610 | trade:0.32 call:0.68 put:0.32 | ATM:0.47 OTM:0.53 | lr: 1.50e-04 | left: 190s
step 01850 ( 21.4%) | loss: 1.192458 | trade:0.35 call:0.64 put:0.36 | ATM:0.48 OTM:0.52 | lr: 1.50e-04 | left: 189s
step 01900 ( 21.8%) | loss: 1.175957 | trade:0.37 call:0.57 put:0.43 | ATM:0.51 OTM:0.49 | lr: 1.50e-04 | left: 188s
step 01950 ( 22.4%) | loss: 1.152532 | trade:0.30 call:0.68 put:0.32 | ATM:0.54 OTM:0.46 | lr: 1.50e-04 | left: 186s
step 02000 ( 23.0%) | loss: 1.200521 | trade:0.41 call:0.59 put:0.41 | ATM:0.50 OTM:0.50 | lr: 1.50e-04 | left: 185s
step 02050 ( 23.6%) | loss: 1.175869 | trade:0.35 call:0.58 put:0.42 | ATM:0.49 OTM:0.51 | lr: 1.50e-04 | left: 183s
step 02100 ( 24.2%) | loss: 1.116018 | trade:0.36 call:0.63 put:0.37 | ATM:0.51 OTM:0.49 | lr: 1.50e-04 | left: 182s
step 02150 ( 24.7%) | loss: 1.108021 | trade:0.41 call:0.64 put:0.36 | ATM:0.50 OTM:0.50 | lr: 1.50e-04 | left: 181s
step 02200 ( 25.3%) | loss: 1.076760 | trade:0.36 call:0.66 put:0.34 | ATM:0.52 OTM:0.48 | lr: 1.50e-04 | left: 179s
step 02250 ( 25.9%) | loss: 1.083595 | trade:0.38 call:0.62 put:0.38 | ATM:0.52 OTM:0.48 | lr: 1.50e-04 | left: 178s
step 02300 ( 26.5%) | loss: 1.143957 | trade:0.32 call:0.61 put:0.39 | ATM:0.56 OTM:0.44 | lr: 1.50e-04 | left: 176s
step 02350 ( 27.1%) | loss: 1.111542 | trade:0.36 call:0.64 put:0.36 | ATM:0.52 OTM:0.48 | lr: 1.50e-04 | left: 175s
step 02400 ( 27.7%) | loss: 1.062701 | trade:0.33 call:0.68 put:0.32 | ATM:0.55 OTM:0.45 | lr: 1.50e-04 | left: 174s
step 02450 ( 28.3%) | loss: 1.052139 | trade:0.33 call:0.62 put:0.38 | ATM:0.53 OTM:0.47 | lr: 1.50e-04 | left: 172s
step 02500 ( 28.9%) | loss: 1.072244 | trade:0.29 call:0.71 put:0.29 | ATM:0.59 OTM:0.41 | lr: 1.50e-04 | left: 171s
step 02550 ( 29.5%) | loss: 1.087347 | trade:0.35 call:0.66 put:0.34 | ATM:0.58 OTM:0.42 | lr: 1.50e-04 | left: 169s
step 02600 ( 30.1%) | loss: 1.044800 | trade:0.32 call:0.62 put:0.38 | ATM:0.53 OTM:0.47 | lr: 1.50e-04 | left: 168s
step 02650 ( 30.7%) | loss: 1.047099 | trade:0.32 call:0.64 put:0.36 | ATM:0.55 OTM:0.45 | lr: 1.50e-04 | left: 166s
step 02700 ( 31.3%) | loss: 1.042032 | trade:0.35 call:0.62 put:0.38 | ATM:0.54 OTM:0.46 | lr: 1.50e-04 | left: 165s
step 02750 ( 31.9%) | loss: 1.019443 | trade:0.38 call:0.61 put:0.39 | ATM:0.52 OTM:0.48 | lr: 1.50e-04 | left: 163s
step 02800 ( 32.5%) | loss: 1.032069 | trade:0.36 call:0.58 put:0.42 | ATM:0.53 OTM:0.47 | lr: 1.50e-04 | left: 162s
step 02850 ( 33.0%) | loss: 1.018128 | trade:0.36 call:0.55 put:0.45 | ATM:0.55 OTM:0.45 | lr: 1.50e-04 | left: 161s
step 02900 ( 33.5%) | loss: 1.016949 | trade:0.36 call:0.65 put:0.35 | ATM:0.54 OTM:0.46 | lr: 1.50e-04 | left: 160s
step 02950 ( 34.1%) | loss: 1.018011 | trade:0.30 call:0.64 put:0.36 | ATM:0.54 OTM:0.46 | lr: 1.50e-04 | left: 158s
step 03000 ( 34.7%) | loss: 1.026749 | trade:0.36 call:0.63 put:0.37 | ATM:0.57 OTM:0.43 | lr: 1.50e-04 | left: 157s
step 03050 ( 35.2%) | loss: 0.985218 | trade:0.33 call:0.65 put:0.35 | ATM:0.54 OTM:0.46 | lr: 1.50e-04 | left: 155s
step 03100 ( 35.8%) | loss: 0.998855 | trade:0.32 call:0.69 put:0.31 | ATM:0.61 OTM:0.39 | lr: 1.50e-04 | left: 154s
step 03150 ( 36.4%) | loss: 0.997252 | trade:0.33 call:0.62 put:0.38 | ATM:0.50 OTM:0.50 | lr: 1.50e-04 | left: 153s
step 03200 ( 37.0%) | loss: 0.984557 | trade:0.37 call:0.62 put:0.38 | ATM:0.55 OTM:0.45 | lr: 1.50e-04 | left: 151s
step 03250 ( 37.5%) | loss: 1.006750 | trade:0.35 call:0.59 put:0.41 | ATM:0.59 OTM:0.41 | lr: 1.50e-04 | left: 150s
step 03300 ( 38.1%) | loss: 0.952640 | trade:0.31 call:0.61 put:0.39 | ATM:0.57 OTM:0.43 | lr: 1.50e-04 | left: 149s
step 03350 ( 38.7%) | loss: 0.956533 | trade:0.37 call:0.58 put:0.42 | ATM:0.58 OTM:0.42 | lr: 1.50e-04 | left: 147s
step 03400 ( 39.3%) | loss: 0.980237 | trade:0.28 call:0.58 put:0.42 | ATM:0.60 OTM:0.40 | lr: 1.50e-04 | left: 146s
step 03450 ( 39.9%) | loss: 1.003722 | trade:0.35 call:0.68 put:0.32 | ATM:0.60 OTM:0.40 | lr: 1.50e-04 | left: 144s
step 03500 ( 40.4%) | loss: 0.928371 | trade:0.33 call:0.61 put:0.39 | ATM:0.52 OTM:0.48 | lr: 1.50e-04 | left: 143s
step 03550 ( 41.0%) | loss: 0.971359 | trade:0.31 call:0.61 put:0.39 | ATM:0.56 OTM:0.44 | lr: 1.50e-04 | left: 142s
step 03600 ( 41.6%) | loss: 0.958099 | trade:0.30 call:0.62 put:0.38 | ATM:0.55 OTM:0.45 | lr: 1.50e-04 | left: 140s
step 03650 ( 42.2%) | loss: 0.968805 | trade:0.30 call:0.62 put:0.38 | ATM:0.57 OTM:0.43 | lr: 1.50e-04 | left: 139s
step 03700 ( 42.8%) | loss: 0.987723 | trade:0.39 call:0.59 put:0.41 | ATM:0.55 OTM:0.45 | lr: 1.50e-04 | left: 137s
step 03750 ( 43.4%) | loss: 0.982661 | trade:0.32 call:0.63 put:0.37 | ATM:0.60 OTM:0.40 | lr: 1.50e-04 | left: 136s
step 03800 ( 44.0%) | loss: 0.964756 | trade:0.36 call:0.63 put:0.37 | ATM:0.51 OTM:0.49 | lr: 1.50e-04 | left: 134s
step 03850 ( 44.6%) | loss: 0.944133 | trade:0.38 call:0.59 put:0.41 | ATM:0.53 OTM:0.47 | lr: 1.50e-04 | left: 133s
step 03900 ( 45.1%) | loss: 0.979750 | trade:0.38 call:0.64 put:0.36 | ATM:0.51 OTM:0.49 | lr: 1.50e-04 | left: 132s
step 03950 ( 45.7%) | loss: 0.938275 | trade:0.38 call:0.63 put:0.37 | ATM:0.58 OTM:0.42 | lr: 1.50e-04 | left: 130s
step 04000 ( 46.3%) | loss: 0.972220 | trade:0.29 call:0.64 put:0.36 | ATM:0.58 OTM:0.42 | lr: 1.50e-04 | left: 129s
step 04050 ( 46.9%) | loss: 0.952003 | trade:0.28 call:0.68 put:0.32 | ATM:0.58 OTM:0.42 | lr: 1.50e-04 | left: 127s
step 04100 ( 47.5%) | loss: 0.969584 | trade:0.27 call:0.66 put:0.34 | ATM:0.61 OTM:0.39 | lr: 1.50e-04 | left: 126s
step 04150 ( 48.1%) | loss: 0.950533 | trade:0.30 call:0.65 put:0.35 | ATM:0.55 OTM:0.45 | lr: 1.50e-04 | left: 125s
step 04200 ( 48.6%) | loss: 0.946638 | trade:0.32 call:0.63 put:0.37 | ATM:0.56 OTM:0.44 | lr: 1.50e-04 | left: 123s
step 04250 ( 49.2%) | loss: 0.917422 | trade:0.36 call:0.60 put:0.40 | ATM:0.53 OTM:0.47 | lr: 1.50e-04 | left: 122s
step 04300 ( 49.8%) | loss: 0.925058 | trade:0.32 call:0.55 put:0.45 | ATM:0.58 OTM:0.42 | lr: 1.50e-04 | left: 120s
step 04350 ( 50.4%) | loss: 0.937649 | trade:0.38 call:0.57 put:0.43 | ATM:0.59 OTM:0.41 | lr: 1.50e-04 | left: 119s
step 04400 ( 51.0%) | loss: 0.931868 | trade:0.28 call:0.60 put:0.40 | ATM:0.62 OTM:0.38 | lr: 1.50e-04 | left: 118s
step 04450 ( 51.6%) | loss: 0.922117 | trade:0.38 call:0.61 put:0.39 | ATM:0.52 OTM:0.48 | lr: 1.50e-04 | left: 116s
step 04500 ( 52.1%) | loss: 0.926792 | trade:0.29 call:0.61 put:0.39 | ATM:0.62 OTM:0.38 | lr: 1.50e-04 | left: 115s
step 04550 ( 52.7%) | loss: 0.931796 | trade:0.41 call:0.64 put:0.36 | ATM:0.52 OTM:0.48 | lr: 1.50e-04 | left: 113s
step 04600 ( 53.3%) | loss: 0.959153 | trade:0.33 call:0.63 put:0.37 | ATM:0.62 OTM:0.38 | lr: 1.50e-04 | left: 112s
step 04650 ( 53.9%) | loss: 0.939502 | trade:0.35 call:0.56 put:0.44 | ATM:0.62 OTM:0.38 | lr: 1.50e-04 | left: 111s
step 04700 ( 54.5%) | loss: 0.936112 | trade:0.41 call:0.60 put:0.40 | ATM:0.51 OTM:0.49 | lr: 1.50e-04 | left: 109s
step 04750 ( 55.1%) | loss: 0.938677 | trade:0.39 call:0.60 put:0.40 | ATM:0.53 OTM:0.47 | lr: 1.50e-04 | left: 108s
step 04800 ( 55.7%) | loss: 0.886173 | trade:0.37 call:0.65 put:0.35 | ATM:0.57 OTM:0.43 | lr: 1.50e-04 | left: 106s
step 04850 ( 56.3%) | loss: 0.921621 | trade:0.31 call:0.59 put:0.41 | ATM:0.60 OTM:0.40 | lr: 1.50e-04 | left: 105s
step 04900 ( 56.8%) | loss: 0.894717 | trade:0.32 call:0.63 put:0.37 | ATM:0.62 OTM:0.38 | lr: 1.50e-04 | left: 104s
step 04950 ( 57.4%) | loss: 0.923515 | trade:0.32 call:0.64 put:0.36 | ATM:0.54 OTM:0.46 | lr: 1.50e-04 | left: 102s
step 05000 ( 57.9%) | loss: 0.901444 | trade:0.34 call:0.61 put:0.39 | ATM:0.58 OTM:0.42 | lr: 1.50e-04 | left: 101s
step 05050 ( 58.2%) | loss: 0.910918 | trade:0.33 call:0.61 put:0.39 | ATM:0.57 OTM:0.43 | lr: 1.50e-04 | left: 100s
step 05100 ( 58.6%) | loss: 0.916265 | trade:0.38 call:0.61 put:0.39 | ATM:0.58 OTM:0.42 | lr: 1.50e-04 | left: 99s
step 05150 ( 59.0%) | loss: 0.913245 | trade:0.33 call:0.58 put:0.42 | ATM:0.64 OTM:0.36 | lr: 1.50e-04 | left: 98s
step 05200 ( 59.5%) | loss: 0.912394 | trade:0.42 call:0.63 put:0.37 | ATM:0.54 OTM:0.46 | lr: 1.50e-04 | left: 97s
step 05250 ( 60.1%) | loss: 0.904909 | trade:0.33 call:0.64 put:0.36 | ATM:0.61 OTM:0.39 | lr: 1.50e-04 | left: 96s
step 05300 ( 60.7%) | loss: 0.903022 | trade:0.38 call:0.64 put:0.36 | ATM:0.58 OTM:0.42 | lr: 1.50e-04 | left: 94s
step 05350 ( 61.3%) | loss: 0.920090 | trade:0.38 call:0.61 put:0.39 | ATM:0.60 OTM:0.40 | lr: 1.50e-04 | left: 93s
step 05400 ( 61.9%) | loss: 0.880885 | trade:0.33 call:0.61 put:0.39 | ATM:0.58 OTM:0.42 | lr: 1.50e-04 | left: 91s
step 05450 ( 62.5%) | loss: 0.882445 | trade:0.34 call:0.62 put:0.38 | ATM:0.60 OTM:0.40 | lr: 1.50e-04 | left: 90s
step 05500 ( 63.1%) | loss: 0.905593 | trade:0.35 call:0.58 put:0.42 | ATM:0.62 OTM:0.38 | lr: 1.50e-04 | left: 89s
step 05550 ( 63.7%) | loss: 0.909291 | trade:0.33 call:0.66 put:0.34 | ATM:0.58 OTM:0.42 | lr: 1.50e-04 | left: 87s
step 05600 ( 64.2%) | loss: 0.895378 | trade:0.35 call:0.57 put:0.43 | ATM:0.57 OTM:0.43 | lr: 1.50e-04 | left: 86s
step 05650 ( 64.8%) | loss: 0.887529 | trade:0.38 call:0.58 put:0.42 | ATM:0.56 OTM:0.44 | lr: 1.50e-04 | left: 84s
step 05700 ( 65.4%) | loss: 0.900085 | trade:0.33 call:0.60 put:0.40 | ATM:0.64 OTM:0.36 | lr: 1.50e-04 | left: 83s
step 05750 ( 66.0%) | loss: 0.894275 | trade:0.34 call:0.62 put:0.38 | ATM:0.67 OTM:0.33 | lr: 1.50e-04 | left: 82s
step 05800 ( 66.6%) | loss: 0.882526 | trade:0.31 call:0.57 put:0.43 | ATM:0.58 OTM:0.42 | lr: 1.50e-04 | left: 80s
step 05850 ( 67.2%) | loss: 0.845408 | trade:0.32 call:0.64 put:0.36 | ATM:0.63 OTM:0.37 | lr: 1.50e-04 | left: 79s
step 05900 ( 67.8%) | loss: 0.824624 | trade:0.35 call:0.64 put:0.36 | ATM:0.63 OTM:0.37 | lr: 1.50e-04 | left: 77s
step 05950 ( 68.4%) | loss: 0.928421 | trade:0.37 call:0.65 put:0.35 | ATM:0.61 OTM:0.39 | lr: 1.50e-04 | left: 76s
step 06000 ( 68.9%) | loss: 0.842119 | trade:0.34 call:0.62 put:0.38 | ATM:0.62 OTM:0.38 | lr: 1.50e-04 | left: 75s
step 06050 ( 69.5%) | loss: 0.879371 | trade:0.35 call:0.61 put:0.39 | ATM:0.59 OTM:0.41 | lr: 1.50e-04 | left: 73s
step 06100 ( 70.1%) | loss: 0.859393 | trade:0.34 call:0.53 put:0.47 | ATM:0.57 OTM:0.43 | lr: 1.50e-04 | left: 72s
step 06150 ( 70.7%) | loss: 0.847066 | trade:0.37 call:0.54 put:0.46 | ATM:0.62 OTM:0.38 | lr: 1.50e-04 | left: 70s
step 06200 ( 71.3%) | loss: 0.855907 | trade:0.33 call:0.56 put:0.44 | ATM:0.64 OTM:0.36 | lr: 1.49e-04 | left: 69s
step 06250 ( 71.8%) | loss: 0.828371 | trade:0.38 call:0.63 put:0.37 | ATM:0.57 OTM:0.43 | lr: 1.49e-04 | left: 68s
step 06300 ( 72.4%) | loss: 0.895272 | trade:0.32 call:0.65 put:0.35 | ATM:0.60 OTM:0.40 | lr: 1.48e-04 | left: 66s
step 06350 ( 73.0%) | loss: 0.848974 | trade:0.34 call:0.60 put:0.40 | ATM:0.60 OTM:0.40 | lr: 1.46e-04 | left: 65s
step 06400 ( 73.6%) | loss: 0.905636 | trade:0.33 call:0.64 put:0.36 | ATM:0.65 OTM:0.35 | lr: 1.45e-04 | left: 63s
step 06450 ( 74.2%) | loss: 0.858231 | trade:0.40 call:0.61 put:0.39 | ATM:0.59 OTM:0.41 | lr: 1.43e-04 | left: 62s
step 06500 ( 74.8%) | loss: 0.862055 | trade:0.27 call:0.59 put:0.41 | ATM:0.66 OTM:0.34 | lr: 1.41e-04 | left: 60s
step 06550 ( 75.4%) | loss: 0.890585 | trade:0.33 call:0.58 put:0.42 | ATM:0.64 OTM:0.36 | lr: 1.38e-04 | left: 59s
step 06600 ( 76.0%) | loss: 0.866453 | trade:0.31 call:0.61 put:0.39 | ATM:0.66 OTM:0.34 | lr: 1.36e-04 | left: 58s
step 06650 ( 76.6%) | loss: 0.830765 | trade:0.32 call:0.65 put:0.35 | ATM:0.64 OTM:0.36 | lr: 1.33e-04 | left: 56s
step 06700 ( 77.1%) | loss: 0.858367 | trade:0.34 call:0.56 put:0.44 | ATM:0.63 OTM:0.37 | lr: 1.30e-04 | left: 55s
step 06750 ( 77.6%) | loss: 0.863627 | trade:0.26 call:0.59 put:0.41 | ATM:0.64 OTM:0.36 | lr: 1.28e-04 | left: 54s
step 06800 ( 78.2%) | loss: 0.878033 | trade:0.36 call:0.56 put:0.44 | ATM:0.61 OTM:0.39 | lr: 1.24e-04 | left: 52s
step 06850 ( 78.7%) | loss: 0.841481 | trade:0.33 call:0.57 put:0.43 | ATM:0.65 OTM:0.35 | lr: 1.21e-04 | left: 51s
step 06900 ( 79.3%) | loss: 0.868718 | trade:0.30 call:0.58 put:0.42 | ATM:0.69 OTM:0.31 | lr: 1.17e-04 | left: 50s
step 06950 ( 79.9%) | loss: 0.862651 | trade:0.28 call:0.60 put:0.40 | ATM:0.65 OTM:0.35 | lr: 1.13e-04 | left: 48s
step 07000 ( 80.5%) | loss: 0.841937 | trade:0.36 call:0.59 put:0.41 | ATM:0.63 OTM:0.37 | lr: 1.09e-04 | left: 47s
step 07050 ( 81.1%) | loss: 0.865594 | trade:0.35 call:0.62 put:0.38 | ATM:0.60 OTM:0.40 | lr: 1.05e-04 | left: 45s
step 07100 ( 81.7%) | loss: 0.859323 | trade:0.33 call:0.66 put:0.34 | ATM:0.60 OTM:0.40 | lr: 1.00e-04 | left: 44s
step 07150 ( 82.3%) | loss: 0.846943 | trade:0.30 call:0.58 put:0.42 | ATM:0.61 OTM:0.39 | lr: 9.59e-05 | left: 42s
step 07200 ( 82.9%) | loss: 0.888702 | trade:0.29 call:0.61 put:0.39 | ATM:0.68 OTM:0.32 | lr: 9.15e-05 | left: 41s
step 07250 ( 83.5%) | loss: 0.819051 | trade:0.36 call:0.57 put:0.43 | ATM:0.61 OTM:0.39 | lr: 8.70e-05 | left: 40s
step 07300 ( 84.0%) | loss: 0.848055 | trade:0.28 call:0.64 put:0.36 | ATM:0.67 OTM:0.33 | lr: 8.25e-05 | left: 38s
step 07350 ( 84.6%) | loss: 0.877693 | trade:0.37 call:0.62 put:0.38 | ATM:0.57 OTM:0.43 | lr: 7.80e-05 | left: 37s
step 07400 ( 85.2%) | loss: 0.797013 | trade:0.36 call:0.59 put:0.41 | ATM:0.60 OTM:0.40 | lr: 7.35e-05 | left: 36s
step 07450 ( 85.8%) | loss: 0.833033 | trade:0.32 call:0.56 put:0.44 | ATM:0.63 OTM:0.37 | lr: 6.89e-05 | left: 34s
step 07500 ( 86.4%) | loss: 0.894729 | trade:0.39 call:0.58 put:0.42 | ATM:0.69 OTM:0.31 | lr: 6.44e-05 | left: 33s
step 07550 ( 86.9%) | loss: 0.805152 | trade:0.36 call:0.54 put:0.46 | ATM:0.58 OTM:0.42 | lr: 6.00e-05 | left: 31s
step 07600 ( 87.5%) | loss: 0.842627 | trade:0.32 call:0.52 put:0.48 | ATM:0.64 OTM:0.36 | lr: 5.55e-05 | left: 30s
step 07650 ( 88.1%) | loss: 0.848022 | trade:0.35 call:0.60 put:0.40 | ATM:0.58 OTM:0.42 | lr: 5.10e-05 | left: 28s
step 07700 ( 88.7%) | loss: 0.804673 | trade:0.30 call:0.61 put:0.39 | ATM:0.62 OTM:0.38 | lr: 4.66e-05 | left: 27s
step 07750 ( 89.3%) | loss: 0.869291 | trade:0.34 call:0.56 put:0.44 | ATM:0.63 OTM:0.37 | lr: 4.25e-05 | left: 26s
step 07800 ( 89.9%) | loss: 0.819896 | trade:0.33 call:0.62 put:0.38 | ATM:0.57 OTM:0.43 | lr: 3.85e-05 | left: 24s
step 07850 ( 90.4%) | loss: 0.810767 | trade:0.30 call:0.58 put:0.42 | ATM:0.68 OTM:0.32 | lr: 3.46e-05 | left: 23s
step 07900 ( 91.0%) | loss: 0.840263 | trade:0.37 call:0.60 put:0.40 | ATM:0.62 OTM:0.38 | lr: 3.10e-05 | left: 22s
step 07950 ( 91.6%) | loss: 0.832253 | trade:0.35 call:0.56 put:0.44 | ATM:0.57 OTM:0.43 | lr: 2.74e-05 | left: 20s
step 08000 ( 92.1%) | loss: 0.835876 | trade:0.37 call:0.59 put:0.41 | ATM:0.61 OTM:0.39 | lr: 2.40e-05 | left: 19s
step 08050 ( 92.7%) | loss: 0.796549 | trade:0.42 call:0.61 put:0.39 | ATM:0.56 OTM:0.44 | lr: 2.08e-05 | left: 17s
step 08100 ( 93.3%) | loss: 0.822390 | trade:0.33 call:0.58 put:0.42 | ATM:0.59 OTM:0.41 | lr: 1.77e-05 | left: 16s
step 08150 ( 93.9%) | loss: 0.792973 | trade:0.30 call:0.54 put:0.46 | ATM:0.68 OTM:0.32 | lr: 1.49e-05 | left: 15s
step 08200 ( 94.5%) | loss: 0.858577 | trade:0.31 call:0.52 put:0.48 | ATM:0.62 OTM:0.38 | lr: 1.23e-05 | left: 13s
step 08250 ( 95.0%) | loss: 0.794945 | trade:0.30 call:0.61 put:0.39 | ATM:0.65 OTM:0.35 | lr: 9.90e-06 | left: 12s
step 08300 ( 95.6%) | loss: 0.825982 | trade:0.38 call:0.59 put:0.41 | ATM:0.59 OTM:0.41 | lr: 7.76e-06 | left: 10s
step 08350 ( 96.2%) | loss: 0.824557 | trade:0.36 call:0.59 put:0.41 | ATM:0.68 OTM:0.32 | lr: 5.87e-06 | left: 9s
step 08400 ( 96.8%) | loss: 0.779201 | trade:0.35 call:0.55 put:0.45 | ATM:0.60 OTM:0.40 | lr: 4.19e-06 | left: 8s
step 08450 ( 97.4%) | loss: 0.818730 | trade:0.37 call:0.58 put:0.42 | ATM:0.61 OTM:0.39 | lr: 2.82e-06 | left: 6s
step 08500 ( 98.0%) | loss: 0.812096 | trade:0.34 call:0.57 put:0.43 | ATM:0.66 OTM:0.34 | lr: 1.71e-06 | left: 5s
step 08550 ( 98.5%) | loss: 0.808328 | trade:0.33 call:0.57 put:0.43 | ATM:0.62 OTM:0.38 | lr: 8.91e-07 | left: 4s
step 08600 ( 99.1%) | loss: 0.791603 | trade:0.36 call:0.59 put:0.41 | ATM:0.62 OTM:0.38 | lr: 3.19e-07 | left: 2s
step 08650 ( 99.7%) | loss: 0.825841 | trade:0.31 call:0.62 put:0.38 | ATM:0.67 OTM:0.33 | lr: 3.29e-08 | left: 1s

Training done at 244s. Starting evaluation...
Evaluation done in 7s (total wall: 251s)
Model saved to /root/best_model.pt
Trade log: 133 trades -> /root/trade_log.csv

---
score:              0.591665
profit_factor:      2.210054
win_rate:           0.300752
avg_winner:         0.919814
avg_loser:          -0.179009
trades_per_day:     1.985075
max_consec_loss:    12
num_trades:         133
trade_sharpe:       3.522731
sortino:            31.954444
max_drawdown:       -4.068468
calmar:             4.951435
ev_per_trade:       0.151464
do_nothing_pct:     0.592370
exit_pct:           0.020146
model_exit_count:   94
cooldown_blocked:   167
pre_10am_blocked:   701
short_hold_pct:     0.316000
stop_loss_rate:     0.278000
direction_collapse_pct: 0.436100
avg_entry_cost_bps: 415.575100
avg_entry_quality:  0.710500
cost_realism_coverage: 1.000000
high_cost_entry_rate: 0.533800
low_quality_entry_rate: 0.000000
actionable_bar_rate: 0.803300
risk_off_bar_rate:  0.000000
final_capital:      10965.92
equity_sharpe:      0.824900
max_equity_dd:      -0.520300
total_dollar_return:0.096600
val_sharpe:         -23.029924
total_return:       20.144756
num_val_bars:       4666
num_val_days:       67
worst_chunk_pf:     0.28
rr_ratio:           5.1384
avg_hold_bars:      7.77
model_exit_rate:    0.7068
hit_ruin:           False
min_equity_frac:    0.5104
avg_risk_fraction:  0.1015
max_risk_fraction:  0.4137
trades_blocked_by_balance: 0
  Chunk 1: 2025-02-18..2025-05-14 | 30 trades | PF=1.62 | WR=26.7%
  Chunk 2: 2025-05-28..2025-08-01 | 25 trades | PF=0.28 | WR=20.0%
  Chunk 3: 2025-08-13..2025-09-16 | 14 trades | PF=4.39 | WR=21.4%
  Chunk 4: 2025-09-17..2025-11-03 | 26 trades | PF=2.33 | WR=30.8%
  Chunk 5: 2025-11-12..2026-03-16 | 38 trades | PF=3.53 | WR=42.1%
training_seconds:   240.0
total_seconds:      253.3
peak_vram_mb:       366.9
num_steps:          8674
num_params:         146,265
lookback:           120
depth:              3
d_model:            64
effective_lr:       0.00015
gate_label_smoothing:0.050000
dir_label_smoothing:0.050000
false_entry_penalty:2.500000
feature_noise_std:  0.050000
/opt/conda/lib/python3.11/site-packages/torch/nn/modules/transformer.py:379: UserWarning: enable_nested_tensor is True, but self.use_nested_tensor is False because encoder_layer.norm_first was True
  warnings.warn(
