Loading data from: /root/.cache/autoresearch-trading/features/data.pt
Loaded 382920 1-min bars, 32 features, 8 actions
  ~981 trading days
Training:   up to idx 268019
Validation: idx 268020-382919
  Option P&L coverage: 296720/382920 (77%)
Parameters: 146,265
Architecture: v4 simplified two-head (gate+dir) + less restrictive balanced strike gating
Training from scratch (v4: no warm-start).

Budget: 240s | Batch: 128 | Lookback: 120
LR: 0.00015 | Depth: 3 | d_model: 64 | ff_mult: 3
Dropout: 0.15 | Weight decay: 0.05
False entry penalty: 2.0x
Label smoothing: gate=0.05 dir=0.05

step 00000 (  0.0%) | loss: 3.095435 | trade:0.27 call:0.45 put:0.55 | ATM:0.24 OTM:0.76 | lr: 0.00e+00 | left: 240s
step 00050 (  0.4%) | loss: 3.213721 | trade:0.27 call:0.46 put:0.54 | ATM:0.25 OTM:0.75 | lr: 5.56e-06 | left: 239s
step 00100 (  0.9%) | loss: 3.156697 | trade:0.29 call:0.45 put:0.55 | ATM:0.25 OTM:0.75 | lr: 1.36e-05 | left: 238s
step 00150 (  1.4%) | loss: 3.107244 | trade:0.32 call:0.47 put:0.53 | ATM:0.25 OTM:0.75 | lr: 2.15e-05 | left: 237s
step 00200 (  2.0%) | loss: 3.043517 | trade:0.36 call:0.48 put:0.52 | ATM:0.27 OTM:0.73 | lr: 2.95e-05 | left: 235s
step 00250 (  2.5%) | loss: 2.960928 | trade:0.39 call:0.50 put:0.50 | ATM:0.28 OTM:0.72 | lr: 3.75e-05 | left: 234s
step 00300 (  3.0%) | loss: 2.910089 | trade:0.42 call:0.51 put:0.49 | ATM:0.30 OTM:0.70 | lr: 4.54e-05 | left: 233s
step 00350 (  3.6%) | loss: 2.894902 | trade:0.44 call:0.52 put:0.48 | ATM:0.33 OTM:0.67 | lr: 5.33e-05 | left: 231s
step 00400 (  4.1%) | loss: 2.829333 | trade:0.45 call:0.53 put:0.47 | ATM:0.34 OTM:0.66 | lr: 6.13e-05 | left: 230s
step 00450 (  4.6%) | loss: 2.775867 | trade:0.42 call:0.54 put:0.46 | ATM:0.35 OTM:0.65 | lr: 6.93e-05 | left: 229s
step 00500 (  5.1%) | loss: 2.753173 | trade:0.44 call:0.55 put:0.45 | ATM:0.36 OTM:0.64 | lr: 7.72e-05 | left: 228s
step 00550 (  5.7%) | loss: 2.708926 | trade:0.43 call:0.55 put:0.45 | ATM:0.36 OTM:0.64 | lr: 8.52e-05 | left: 226s
step 00600 (  6.2%) | loss: 2.648392 | trade:0.43 call:0.57 put:0.43 | ATM:0.37 OTM:0.63 | lr: 9.31e-05 | left: 225s
step 00650 (  6.7%) | loss: 2.582929 | trade:0.45 call:0.58 put:0.42 | ATM:0.37 OTM:0.63 | lr: 1.01e-04 | left: 224s
step 00700 (  7.3%) | loss: 2.487517 | trade:0.41 call:0.59 put:0.41 | ATM:0.37 OTM:0.63 | lr: 1.09e-04 | left: 223s
step 00750 (  7.8%) | loss: 2.418731 | trade:0.41 call:0.61 put:0.39 | ATM:0.41 OTM:0.59 | lr: 1.17e-04 | left: 221s
step 00800 (  8.3%) | loss: 2.326154 | trade:0.42 call:0.55 put:0.45 | ATM:0.39 OTM:0.61 | lr: 1.25e-04 | left: 220s
step 00850 (  8.8%) | loss: 2.262043 | trade:0.43 call:0.61 put:0.39 | ATM:0.39 OTM:0.61 | lr: 1.33e-04 | left: 219s
step 00900 (  9.4%) | loss: 2.164456 | trade:0.43 call:0.59 put:0.41 | ATM:0.37 OTM:0.63 | lr: 1.41e-04 | left: 217s
step 00950 (  9.9%) | loss: 2.062636 | trade:0.40 call:0.62 put:0.38 | ATM:0.41 OTM:0.59 | lr: 1.49e-04 | left: 216s
step 01000 ( 10.4%) | loss: 1.959578 | trade:0.41 call:0.65 put:0.35 | ATM:0.43 OTM:0.57 | lr: 1.50e-04 | left: 215s
step 01050 ( 11.0%) | loss: 1.868141 | trade:0.40 call:0.66 put:0.34 | ATM:0.44 OTM:0.56 | lr: 1.50e-04 | left: 214s
step 01100 ( 11.5%) | loss: 1.804231 | trade:0.42 call:0.63 put:0.37 | ATM:0.44 OTM:0.56 | lr: 1.50e-04 | left: 212s
step 01150 ( 12.0%) | loss: 1.707068 | trade:0.39 call:0.62 put:0.38 | ATM:0.45 OTM:0.55 | lr: 1.50e-04 | left: 211s
step 01200 ( 12.6%) | loss: 1.680713 | trade:0.42 call:0.64 put:0.36 | ATM:0.39 OTM:0.61 | lr: 1.50e-04 | left: 210s
step 01250 ( 13.1%) | loss: 1.588844 | trade:0.40 call:0.64 put:0.36 | ATM:0.46 OTM:0.54 | lr: 1.50e-04 | left: 208s
step 01300 ( 13.6%) | loss: 1.558975 | trade:0.33 call:0.67 put:0.33 | ATM:0.45 OTM:0.55 | lr: 1.50e-04 | left: 207s
step 01350 ( 14.2%) | loss: 1.496237 | trade:0.36 call:0.56 put:0.44 | ATM:0.45 OTM:0.55 | lr: 1.50e-04 | left: 206s
step 01400 ( 14.7%) | loss: 1.494421 | trade:0.42 call:0.60 put:0.40 | ATM:0.49 OTM:0.51 | lr: 1.50e-04 | left: 205s
step 01450 ( 15.2%) | loss: 1.499076 | trade:0.35 call:0.71 put:0.29 | ATM:0.49 OTM:0.51 | lr: 1.50e-04 | left: 203s
step 01500 ( 15.7%) | loss: 1.477285 | trade:0.42 call:0.61 put:0.39 | ATM:0.48 OTM:0.52 | lr: 1.50e-04 | left: 202s
step 01550 ( 16.3%) | loss: 1.411030 | trade:0.36 call:0.67 put:0.33 | ATM:0.47 OTM:0.53 | lr: 1.50e-04 | left: 201s
step 01600 ( 16.8%) | loss: 1.405887 | trade:0.40 call:0.60 put:0.40 | ATM:0.45 OTM:0.55 | lr: 1.50e-04 | left: 200s
step 01650 ( 17.3%) | loss: 1.410532 | trade:0.42 call:0.63 put:0.37 | ATM:0.49 OTM:0.51 | lr: 1.50e-04 | left: 198s
step 01700 ( 17.9%) | loss: 1.374060 | trade:0.33 call:0.64 put:0.36 | ATM:0.50 OTM:0.50 | lr: 1.50e-04 | left: 197s
step 01750 ( 18.4%) | loss: 1.328598 | trade:0.36 call:0.63 put:0.37 | ATM:0.53 OTM:0.47 | lr: 1.50e-04 | left: 196s
step 01800 ( 19.0%) | loss: 1.367367 | trade:0.32 call:0.61 put:0.39 | ATM:0.50 OTM:0.50 | lr: 1.50e-04 | left: 194s
step 01850 ( 19.5%) | loss: 1.346854 | trade:0.39 call:0.63 put:0.37 | ATM:0.50 OTM:0.50 | lr: 1.50e-04 | left: 193s
step 01900 ( 20.0%) | loss: 1.317605 | trade:0.39 call:0.60 put:0.40 | ATM:0.52 OTM:0.48 | lr: 1.50e-04 | left: 192s
step 01950 ( 20.6%) | loss: 1.320431 | trade:0.33 call:0.57 put:0.43 | ATM:0.50 OTM:0.50 | lr: 1.50e-04 | left: 191s
step 02000 ( 21.1%) | loss: 1.282173 | trade:0.32 call:0.65 put:0.35 | ATM:0.53 OTM:0.47 | lr: 1.50e-04 | left: 189s
step 02050 ( 21.6%) | loss: 1.327186 | trade:0.37 call:0.66 put:0.34 | ATM:0.51 OTM:0.49 | lr: 1.50e-04 | left: 188s
step 02100 ( 22.1%) | loss: 1.287532 | trade:0.35 call:0.62 put:0.38 | ATM:0.49 OTM:0.51 | lr: 1.50e-04 | left: 187s
step 02150 ( 22.7%) | loss: 1.298430 | trade:0.36 call:0.60 put:0.40 | ATM:0.49 OTM:0.51 | lr: 1.50e-04 | left: 186s
step 02200 ( 23.2%) | loss: 1.283280 | trade:0.39 call:0.61 put:0.39 | ATM:0.45 OTM:0.55 | lr: 1.50e-04 | left: 184s
step 02250 ( 23.7%) | loss: 1.255248 | trade:0.37 call:0.64 put:0.36 | ATM:0.56 OTM:0.44 | lr: 1.50e-04 | left: 183s
step 02300 ( 24.3%) | loss: 1.250703 | trade:0.35 call:0.58 put:0.42 | ATM:0.52 OTM:0.48 | lr: 1.50e-04 | left: 182s
step 02350 ( 24.8%) | loss: 1.247683 | trade:0.34 call:0.71 put:0.29 | ATM:0.56 OTM:0.44 | lr: 1.50e-04 | left: 181s
step 02400 ( 25.3%) | loss: 1.241438 | trade:0.32 call:0.70 put:0.30 | ATM:0.43 OTM:0.57 | lr: 1.50e-04 | left: 179s
step 02450 ( 25.8%) | loss: 1.259784 | trade:0.40 call:0.65 put:0.35 | ATM:0.49 OTM:0.51 | lr: 1.50e-04 | left: 178s
step 02500 ( 26.4%) | loss: 1.249296 | trade:0.38 call:0.57 put:0.43 | ATM:0.52 OTM:0.48 | lr: 1.50e-04 | left: 177s
step 02550 ( 26.9%) | loss: 1.244579 | trade:0.34 call:0.61 put:0.39 | ATM:0.52 OTM:0.48 | lr: 1.50e-04 | left: 175s
step 02600 ( 27.4%) | loss: 1.242554 | trade:0.34 call:0.55 put:0.45 | ATM:0.51 OTM:0.49 | lr: 1.50e-04 | left: 174s
step 02650 ( 27.9%) | loss: 1.220382 | trade:0.37 call:0.62 put:0.38 | ATM:0.54 OTM:0.46 | lr: 1.50e-04 | left: 173s
step 02700 ( 28.5%) | loss: 1.251920 | trade:0.32 call:0.62 put:0.38 | ATM:0.53 OTM:0.47 | lr: 1.50e-04 | left: 172s
step 02750 ( 29.0%) | loss: 1.240133 | trade:0.36 call:0.57 put:0.43 | ATM:0.52 OTM:0.48 | lr: 1.50e-04 | left: 170s
step 02800 ( 29.5%) | loss: 1.230120 | trade:0.36 call:0.60 put:0.40 | ATM:0.56 OTM:0.44 | lr: 1.50e-04 | left: 169s
step 02850 ( 30.1%) | loss: 1.179794 | trade:0.30 call:0.63 put:0.37 | ATM:0.60 OTM:0.40 | lr: 1.50e-04 | left: 168s
step 02900 ( 30.6%) | loss: 1.190617 | trade:0.38 call:0.62 put:0.38 | ATM:0.53 OTM:0.47 | lr: 1.50e-04 | left: 167s
step 02950 ( 31.1%) | loss: 1.204208 | trade:0.36 call:0.60 put:0.40 | ATM:0.55 OTM:0.45 | lr: 1.50e-04 | left: 165s
step 03000 ( 31.7%) | loss: 1.201665 | trade:0.38 call:0.57 put:0.43 | ATM:0.55 OTM:0.45 | lr: 1.50e-04 | left: 164s
step 03050 ( 32.2%) | loss: 1.174708 | trade:0.37 call:0.66 put:0.34 | ATM:0.56 OTM:0.44 | lr: 1.50e-04 | left: 163s
step 03100 ( 32.7%) | loss: 1.178685 | trade:0.38 call:0.67 put:0.33 | ATM:0.59 OTM:0.41 | lr: 1.50e-04 | left: 161s
step 03150 ( 33.2%) | loss: 1.174678 | trade:0.36 call:0.59 put:0.41 | ATM:0.52 OTM:0.48 | lr: 1.50e-04 | left: 160s
step 03200 ( 33.7%) | loss: 1.198790 | trade:0.35 call:0.63 put:0.37 | ATM:0.53 OTM:0.47 | lr: 1.50e-04 | left: 159s
step 03250 ( 34.3%) | loss: 1.190781 | trade:0.29 call:0.59 put:0.41 | ATM:0.60 OTM:0.40 | lr: 1.50e-04 | left: 158s
step 03300 ( 34.8%) | loss: 1.187085 | trade:0.36 call:0.65 put:0.35 | ATM:0.57 OTM:0.43 | lr: 1.50e-04 | left: 156s
step 03350 ( 35.3%) | loss: 1.177872 | trade:0.30 call:0.58 put:0.42 | ATM:0.60 OTM:0.40 | lr: 1.50e-04 | left: 155s
step 03400 ( 35.9%) | loss: 1.167200 | trade:0.37 call:0.60 put:0.40 | ATM:0.56 OTM:0.44 | lr: 1.50e-04 | left: 154s
step 03450 ( 36.4%) | loss: 1.137283 | trade:0.34 call:0.61 put:0.39 | ATM:0.51 OTM:0.49 | lr: 1.50e-04 | left: 153s
step 03500 ( 36.9%) | loss: 1.174069 | trade:0.33 call:0.63 put:0.37 | ATM:0.53 OTM:0.47 | lr: 1.50e-04 | left: 151s
step 03550 ( 37.4%) | loss: 1.164250 | trade:0.33 call:0.63 put:0.37 | ATM:0.57 OTM:0.43 | lr: 1.50e-04 | left: 150s
step 03600 ( 38.0%) | loss: 1.156097 | trade:0.32 call:0.62 put:0.38 | ATM:0.57 OTM:0.43 | lr: 1.50e-04 | left: 149s
step 03650 ( 38.5%) | loss: 1.155707 | trade:0.30 call:0.62 put:0.38 | ATM:0.57 OTM:0.43 | lr: 1.50e-04 | left: 148s
step 03700 ( 39.0%) | loss: 1.148972 | trade:0.34 call:0.65 put:0.35 | ATM:0.57 OTM:0.43 | lr: 1.50e-04 | left: 146s
step 03750 ( 39.5%) | loss: 1.198903 | trade:0.29 call:0.67 put:0.33 | ATM:0.66 OTM:0.34 | lr: 1.50e-04 | left: 145s
step 03800 ( 40.1%) | loss: 1.162920 | trade:0.39 call:0.58 put:0.42 | ATM:0.57 OTM:0.43 | lr: 1.50e-04 | left: 144s
step 03850 ( 40.6%) | loss: 1.143155 | trade:0.35 call:0.59 put:0.41 | ATM:0.56 OTM:0.44 | lr: 1.50e-04 | left: 143s
step 03900 ( 41.1%) | loss: 1.134649 | trade:0.38 call:0.56 put:0.44 | ATM:0.59 OTM:0.41 | lr: 1.50e-04 | left: 141s
step 03950 ( 41.6%) | loss: 1.109346 | trade:0.26 call:0.67 put:0.33 | ATM:0.60 OTM:0.40 | lr: 1.50e-04 | left: 140s
step 04000 ( 42.2%) | loss: 1.148063 | trade:0.36 call:0.65 put:0.35 | ATM:0.56 OTM:0.44 | lr: 1.50e-04 | left: 139s
step 04050 ( 42.7%) | loss: 1.143837 | trade:0.36 call:0.63 put:0.37 | ATM:0.57 OTM:0.43 | lr: 1.50e-04 | left: 137s
step 04100 ( 43.3%) | loss: 1.133561 | trade:0.30 call:0.65 put:0.35 | ATM:0.56 OTM:0.44 | lr: 1.50e-04 | left: 136s
step 04150 ( 43.8%) | loss: 1.103919 | trade:0.33 call:0.57 put:0.43 | ATM:0.65 OTM:0.35 | lr: 1.50e-04 | left: 135s
step 04200 ( 44.3%) | loss: 1.112717 | trade:0.30 call:0.62 put:0.38 | ATM:0.62 OTM:0.38 | lr: 1.50e-04 | left: 134s
step 04250 ( 44.8%) | loss: 1.122103 | trade:0.33 call:0.57 put:0.43 | ATM:0.60 OTM:0.40 | lr: 1.50e-04 | left: 132s
step 04300 ( 45.4%) | loss: 1.123019 | trade:0.40 call:0.60 put:0.40 | ATM:0.59 OTM:0.41 | lr: 1.50e-04 | left: 131s
step 04350 ( 45.9%) | loss: 1.115570 | trade:0.29 call:0.65 put:0.35 | ATM:0.63 OTM:0.37 | lr: 1.50e-04 | left: 130s
step 04400 ( 46.4%) | loss: 1.119314 | trade:0.34 call:0.64 put:0.36 | ATM:0.54 OTM:0.46 | lr: 1.50e-04 | left: 129s
step 04450 ( 47.0%) | loss: 1.100336 | trade:0.37 call:0.66 put:0.34 | ATM:0.62 OTM:0.38 | lr: 1.50e-04 | left: 127s
step 04500 ( 47.5%) | loss: 1.132976 | trade:0.36 call:0.60 put:0.40 | ATM:0.62 OTM:0.38 | lr: 1.50e-04 | left: 126s
step 04550 ( 48.0%) | loss: 1.106298 | trade:0.34 call:0.58 put:0.42 | ATM:0.56 OTM:0.44 | lr: 1.50e-04 | left: 125s
step 04600 ( 48.5%) | loss: 1.118211 | trade:0.35 call:0.63 put:0.37 | ATM:0.55 OTM:0.45 | lr: 1.50e-04 | left: 123s
step 04650 ( 49.1%) | loss: 1.094865 | trade:0.35 call:0.60 put:0.40 | ATM:0.56 OTM:0.44 | lr: 1.50e-04 | left: 122s
step 04700 ( 49.6%) | loss: 1.119110 | trade:0.38 call:0.64 put:0.36 | ATM:0.63 OTM:0.37 | lr: 1.50e-04 | left: 121s
step 04750 ( 50.1%) | loss: 1.130566 | trade:0.31 call:0.59 put:0.41 | ATM:0.63 OTM:0.37 | lr: 1.50e-04 | left: 120s
step 04800 ( 50.7%) | loss: 1.090054 | trade:0.39 call:0.59 put:0.41 | ATM:0.54 OTM:0.46 | lr: 1.50e-04 | left: 118s
step 04850 ( 51.2%) | loss: 1.099484 | trade:0.37 call:0.61 put:0.39 | ATM:0.59 OTM:0.41 | lr: 1.50e-04 | left: 117s
step 04900 ( 51.7%) | loss: 1.092178 | trade:0.30 call:0.62 put:0.38 | ATM:0.66 OTM:0.34 | lr: 1.50e-04 | left: 116s
step 04950 ( 52.1%) | loss: 1.119886 | trade:0.35 call:0.61 put:0.39 | ATM:0.60 OTM:0.40 | lr: 1.50e-04 | left: 115s
step 05000 ( 52.6%) | loss: 1.109204 | trade:0.36 call:0.58 put:0.42 | ATM:0.62 OTM:0.38 | lr: 1.50e-04 | left: 114s
step 05050 ( 53.1%) | loss: 1.096974 | trade:0.34 call:0.64 put:0.36 | ATM:0.53 OTM:0.47 | lr: 1.50e-04 | left: 113s
step 05100 ( 53.5%) | loss: 1.112079 | trade:0.33 call:0.62 put:0.38 | ATM:0.60 OTM:0.40 | lr: 1.50e-04 | left: 112s
step 05150 ( 54.0%) | loss: 1.092074 | trade:0.38 call:0.58 put:0.42 | ATM:0.62 OTM:0.38 | lr: 1.50e-04 | left: 110s
step 05200 ( 54.5%) | loss: 1.098088 | trade:0.31 call:0.63 put:0.37 | ATM:0.62 OTM:0.38 | lr: 1.50e-04 | left: 109s
step 05250 ( 55.0%) | loss: 1.089727 | trade:0.29 call:0.63 put:0.37 | ATM:0.65 OTM:0.35 | lr: 1.50e-04 | left: 108s
step 05300 ( 55.5%) | loss: 1.094146 | trade:0.30 call:0.67 put:0.33 | ATM:0.60 OTM:0.40 | lr: 1.50e-04 | left: 107s
step 05350 ( 56.0%) | loss: 1.104360 | trade:0.29 call:0.69 put:0.31 | ATM:0.67 OTM:0.33 | lr: 1.50e-04 | left: 106s
step 05400 ( 56.5%) | loss: 1.098316 | trade:0.39 call:0.54 put:0.46 | ATM:0.54 OTM:0.46 | lr: 1.50e-04 | left: 104s
step 05450 ( 57.1%) | loss: 1.068989 | trade:0.37 call:0.58 put:0.42 | ATM:0.59 OTM:0.41 | lr: 1.50e-04 | left: 103s
step 05500 ( 57.6%) | loss: 1.080506 | trade:0.34 call:0.56 put:0.44 | ATM:0.60 OTM:0.40 | lr: 1.50e-04 | left: 102s
step 05550 ( 58.1%) | loss: 1.092510 | trade:0.35 call:0.61 put:0.39 | ATM:0.67 OTM:0.33 | lr: 1.50e-04 | left: 101s
step 05600 ( 58.6%) | loss: 1.079031 | trade:0.35 call:0.67 put:0.33 | ATM:0.63 OTM:0.37 | lr: 1.50e-04 | left: 99s
step 05650 ( 59.2%) | loss: 1.071929 | trade:0.32 call:0.67 put:0.33 | ATM:0.67 OTM:0.33 | lr: 1.50e-04 | left: 98s
step 05700 ( 59.7%) | loss: 1.095871 | trade:0.40 call:0.63 put:0.37 | ATM:0.58 OTM:0.42 | lr: 1.50e-04 | left: 97s
step 05750 ( 60.2%) | loss: 1.056635 | trade:0.33 call:0.59 put:0.41 | ATM:0.58 OTM:0.42 | lr: 1.50e-04 | left: 95s
step 05800 ( 60.8%) | loss: 1.077320 | trade:0.34 call:0.67 put:0.33 | ATM:0.67 OTM:0.33 | lr: 1.50e-04 | left: 94s
step 05850 ( 61.3%) | loss: 1.075459 | trade:0.33 call:0.61 put:0.39 | ATM:0.60 OTM:0.40 | lr: 1.50e-04 | left: 93s
step 05900 ( 61.8%) | loss: 1.072492 | trade:0.35 call:0.62 put:0.38 | ATM:0.63 OTM:0.37 | lr: 1.50e-04 | left: 92s
step 05950 ( 62.3%) | loss: 1.050311 | trade:0.34 call:0.53 put:0.47 | ATM:0.65 OTM:0.35 | lr: 1.50e-04 | left: 90s
step 06000 ( 62.9%) | loss: 1.069180 | trade:0.36 call:0.63 put:0.37 | ATM:0.64 OTM:0.36 | lr: 1.50e-04 | left: 89s
step 06050 ( 63.4%) | loss: 1.093182 | trade:0.33 call:0.61 put:0.39 | ATM:0.62 OTM:0.38 | lr: 1.50e-04 | left: 88s
step 06100 ( 63.9%) | loss: 1.076920 | trade:0.29 call:0.58 put:0.42 | ATM:0.64 OTM:0.36 | lr: 1.50e-04 | left: 87s
step 06150 ( 64.5%) | loss: 1.073496 | trade:0.27 call:0.62 put:0.38 | ATM:0.61 OTM:0.39 | lr: 1.50e-04 | left: 85s
step 06200 ( 65.0%) | loss: 1.064075 | trade:0.34 call:0.57 put:0.43 | ATM:0.60 OTM:0.40 | lr: 1.50e-04 | left: 84s
step 06250 ( 65.5%) | loss: 1.054341 | trade:0.33 call:0.68 put:0.32 | ATM:0.66 OTM:0.34 | lr: 1.50e-04 | left: 83s
step 06300 ( 66.1%) | loss: 1.064814 | trade:0.34 call:0.60 put:0.40 | ATM:0.60 OTM:0.40 | lr: 1.50e-04 | left: 81s
step 06350 ( 66.6%) | loss: 1.059879 | trade:0.31 call:0.65 put:0.35 | ATM:0.67 OTM:0.33 | lr: 1.50e-04 | left: 80s
step 06400 ( 67.1%) | loss: 1.060558 | trade:0.34 call:0.61 put:0.39 | ATM:0.67 OTM:0.33 | lr: 1.50e-04 | left: 79s
step 06450 ( 67.6%) | loss: 1.046796 | trade:0.34 call:0.56 put:0.44 | ATM:0.58 OTM:0.42 | lr: 1.50e-04 | left: 78s
step 06500 ( 68.2%) | loss: 1.059194 | trade:0.32 call:0.57 put:0.43 | ATM:0.62 OTM:0.38 | lr: 1.50e-04 | left: 76s
step 06550 ( 68.7%) | loss: 1.057550 | trade:0.37 call:0.63 put:0.37 | ATM:0.56 OTM:0.44 | lr: 1.50e-04 | left: 75s
step 06600 ( 69.2%) | loss: 1.068345 | trade:0.38 call:0.63 put:0.37 | ATM:0.60 OTM:0.40 | lr: 1.50e-04 | left: 74s
step 06650 ( 69.7%) | loss: 1.059383 | trade:0.36 call:0.63 put:0.37 | ATM:0.65 OTM:0.35 | lr: 1.50e-04 | left: 73s
step 06700 ( 70.3%) | loss: 1.060325 | trade:0.35 call:0.68 put:0.32 | ATM:0.64 OTM:0.36 | lr: 1.50e-04 | left: 71s
step 06750 ( 70.8%) | loss: 1.060656 | trade:0.36 call:0.63 put:0.37 | ATM:0.59 OTM:0.41 | lr: 1.50e-04 | left: 70s
step 06800 ( 71.3%) | loss: 1.079167 | trade:0.33 call:0.55 put:0.45 | ATM:0.62 OTM:0.38 | lr: 1.49e-04 | left: 69s
step 06850 ( 71.9%) | loss: 1.051056 | trade:0.33 call:0.62 put:0.38 | ATM:0.65 OTM:0.35 | lr: 1.49e-04 | left: 67s
step 06900 ( 72.4%) | loss: 1.044655 | trade:0.34 call:0.59 put:0.41 | ATM:0.62 OTM:0.38 | lr: 1.48e-04 | left: 66s
step 06950 ( 73.0%) | loss: 1.042725 | trade:0.28 call:0.59 put:0.41 | ATM:0.70 OTM:0.30 | lr: 1.46e-04 | left: 65s
step 07000 ( 73.5%) | loss: 1.049565 | trade:0.34 call:0.59 put:0.41 | ATM:0.59 OTM:0.41 | lr: 1.45e-04 | left: 64s
step 07050 ( 74.0%) | loss: 1.049057 | trade:0.29 call:0.59 put:0.41 | ATM:0.66 OTM:0.34 | lr: 1.44e-04 | left: 62s
step 07100 ( 74.5%) | loss: 1.056059 | trade:0.30 call:0.61 put:0.39 | ATM:0.64 OTM:0.36 | lr: 1.42e-04 | left: 61s
step 07150 ( 75.1%) | loss: 1.035590 | trade:0.35 call:0.60 put:0.40 | ATM:0.59 OTM:0.41 | lr: 1.40e-04 | left: 60s
step 07200 ( 75.6%) | loss: 1.021727 | trade:0.32 call:0.59 put:0.41 | ATM:0.59 OTM:0.41 | lr: 1.38e-04 | left: 59s
step 07250 ( 76.1%) | loss: 1.034592 | trade:0.34 call:0.60 put:0.40 | ATM:0.60 OTM:0.40 | lr: 1.35e-04 | left: 57s
step 07300 ( 76.6%) | loss: 1.031943 | trade:0.39 call:0.61 put:0.39 | ATM:0.59 OTM:0.41 | lr: 1.33e-04 | left: 56s
step 07350 ( 77.2%) | loss: 1.018430 | trade:0.30 call:0.61 put:0.39 | ATM:0.65 OTM:0.35 | lr: 1.30e-04 | left: 55s
step 07400 ( 77.8%) | loss: 1.044779 | trade:0.31 call:0.62 put:0.38 | ATM:0.64 OTM:0.36 | lr: 1.27e-04 | left: 53s
step 07450 ( 78.3%) | loss: 1.052777 | trade:0.34 call:0.64 put:0.36 | ATM:0.67 OTM:0.33 | lr: 1.23e-04 | left: 52s
step 07500 ( 78.9%) | loss: 1.025650 | trade:0.31 call:0.60 put:0.40 | ATM:0.61 OTM:0.39 | lr: 1.20e-04 | left: 51s
step 07550 ( 79.4%) | loss: 1.029011 | trade:0.24 call:0.60 put:0.40 | ATM:0.69 OTM:0.31 | lr: 1.16e-04 | left: 49s
step 07600 ( 80.0%) | loss: 1.032758 | trade:0.32 call:0.58 put:0.42 | ATM:0.61 OTM:0.39 | lr: 1.13e-04 | left: 48s
step 07650 ( 80.5%) | loss: 1.039091 | trade:0.30 call:0.54 put:0.46 | ATM:0.58 OTM:0.42 | lr: 1.09e-04 | left: 47s
step 07700 ( 81.0%) | loss: 1.039820 | trade:0.33 call:0.64 put:0.36 | ATM:0.57 OTM:0.43 | lr: 1.05e-04 | left: 45s
step 07750 ( 81.6%) | loss: 1.027899 | trade:0.35 call:0.54 put:0.46 | ATM:0.63 OTM:0.37 | lr: 1.01e-04 | left: 44s
step 07800 ( 82.1%) | loss: 1.046042 | trade:0.31 call:0.57 put:0.43 | ATM:0.66 OTM:0.34 | lr: 9.71e-05 | left: 43s
step 07850 ( 82.7%) | loss: 1.043073 | trade:0.35 call:0.58 put:0.42 | ATM:0.65 OTM:0.35 | lr: 9.31e-05 | left: 42s
step 07900 ( 83.2%) | loss: 1.026320 | trade:0.35 call:0.64 put:0.36 | ATM:0.61 OTM:0.39 | lr: 8.90e-05 | left: 40s
step 07950 ( 83.7%) | loss: 1.011402 | trade:0.39 call:0.55 put:0.45 | ATM:0.54 OTM:0.46 | lr: 8.49e-05 | left: 39s
step 08000 ( 84.3%) | loss: 1.018510 | trade:0.33 call:0.52 put:0.48 | ATM:0.68 OTM:0.32 | lr: 8.08e-05 | left: 38s
step 08050 ( 84.8%) | loss: 1.036913 | trade:0.39 call:0.61 put:0.39 | ATM:0.61 OTM:0.39 | lr: 7.66e-05 | left: 36s
step 08100 ( 85.3%) | loss: 1.011370 | trade:0.32 call:0.59 put:0.41 | ATM:0.69 OTM:0.31 | lr: 7.25e-05 | left: 35s
step 08150 ( 85.9%) | loss: 1.031315 | trade:0.34 call:0.57 put:0.43 | ATM:0.61 OTM:0.39 | lr: 6.83e-05 | left: 34s
step 08200 ( 86.4%) | loss: 1.031446 | trade:0.35 call:0.61 put:0.39 | ATM:0.63 OTM:0.37 | lr: 6.42e-05 | left: 33s
step 08250 ( 86.9%) | loss: 1.017948 | trade:0.42 call:0.60 put:0.40 | ATM:0.54 OTM:0.46 | lr: 6.01e-05 | left: 31s
step 08300 ( 87.4%) | loss: 1.029151 | trade:0.26 call:0.61 put:0.39 | ATM:0.64 OTM:0.36 | lr: 5.61e-05 | left: 30s
step 08350 ( 88.0%) | loss: 1.038400 | trade:0.37 call:0.61 put:0.39 | ATM:0.61 OTM:0.39 | lr: 5.21e-05 | left: 29s
step 08400 ( 88.5%) | loss: 1.013942 | trade:0.34 call:0.58 put:0.42 | ATM:0.66 OTM:0.34 | lr: 4.82e-05 | left: 28s
step 08450 ( 89.0%) | loss: 1.026430 | trade:0.33 call:0.54 put:0.46 | ATM:0.62 OTM:0.38 | lr: 4.43e-05 | left: 26s
step 08500 ( 89.3%) | loss: 1.018180 | trade:0.36 call:0.57 put:0.43 | ATM:0.61 OTM:0.39 | lr: 4.20e-05 | left: 26s
step 08550 ( 89.6%) | loss: 0.994186 | trade:0.34 call:0.64 put:0.36 | ATM:0.67 OTM:0.33 | lr: 4.04e-05 | left: 25s
step 08600 ( 89.8%) | loss: 0.996250 | trade:0.33 call:0.58 put:0.42 | ATM:0.62 OTM:0.38 | lr: 3.88e-05 | left: 24s
step 08650 ( 90.0%) | loss: 0.996097 | trade:0.32 call:0.55 put:0.45 | ATM:0.60 OTM:0.40 | lr: 3.74e-05 | left: 24s
step 08700 ( 90.2%) | loss: 1.011946 | trade:0.36 call:0.54 put:0.46 | ATM:0.63 OTM:0.37 | lr: 3.59e-05 | left: 23s
step 08750 ( 90.5%) | loss: 1.028538 | trade:0.34 call:0.54 put:0.46 | ATM:0.61 OTM:0.39 | lr: 3.42e-05 | left: 23s
step 08800 ( 90.8%) | loss: 1.000380 | trade:0.35 call:0.61 put:0.39 | ATM:0.65 OTM:0.35 | lr: 3.23e-05 | left: 22s
step 08850 ( 91.1%) | loss: 0.997995 | trade:0.30 call:0.57 put:0.43 | ATM:0.70 OTM:0.30 | lr: 3.01e-05 | left: 21s
step 08900 ( 91.6%) | loss: 1.017999 | trade:0.32 call:0.63 put:0.37 | ATM:0.61 OTM:0.39 | lr: 2.72e-05 | left: 20s
step 08950 ( 92.1%) | loss: 1.017603 | trade:0.38 call:0.65 put:0.35 | ATM:0.61 OTM:0.39 | lr: 2.41e-05 | left: 19s
step 09000 ( 92.7%) | loss: 0.988474 | trade:0.29 call:0.63 put:0.37 | ATM:0.65 OTM:0.35 | lr: 2.11e-05 | left: 18s
step 09050 ( 93.2%) | loss: 1.020105 | trade:0.40 call:0.55 put:0.45 | ATM:0.57 OTM:0.43 | lr: 1.82e-05 | left: 16s
step 09100 ( 93.7%) | loss: 1.030550 | trade:0.33 call:0.60 put:0.40 | ATM:0.66 OTM:0.34 | lr: 1.55e-05 | left: 15s
step 09150 ( 94.3%) | loss: 0.997464 | trade:0.29 call:0.59 put:0.41 | ATM:0.69 OTM:0.31 | lr: 1.31e-05 | left: 14s
step 09200 ( 94.7%) | loss: 1.019567 | trade:0.32 call:0.58 put:0.42 | ATM:0.69 OTM:0.31 | lr: 1.12e-05 | left: 13s
step 09250 ( 95.1%) | loss: 0.986685 | trade:0.33 call:0.56 put:0.44 | ATM:0.71 OTM:0.29 | lr: 9.59e-06 | left: 12s
step 09300 ( 95.4%) | loss: 0.989056 | trade:0.31 call:0.63 put:0.37 | ATM:0.65 OTM:0.35 | lr: 8.59e-06 | left: 11s
step 09350 ( 95.8%) | loss: 1.004388 | trade:0.35 call:0.62 put:0.38 | ATM:0.69 OTM:0.31 | lr: 7.14e-06 | left: 10s
step 09400 ( 96.3%) | loss: 1.025427 | trade:0.32 call:0.65 put:0.35 | ATM:0.69 OTM:0.31 | lr: 5.48e-06 | left: 9s
step 09450 ( 96.9%) | loss: 0.992750 | trade:0.34 call:0.57 put:0.43 | ATM:0.63 OTM:0.37 | lr: 4.03e-06 | left: 8s
step 09500 ( 97.4%) | loss: 1.000752 | trade:0.36 call:0.58 put:0.42 | ATM:0.64 OTM:0.36 | lr: 2.79e-06 | left: 6s
step 09550 ( 97.9%) | loss: 0.977979 | trade:0.36 call:0.62 put:0.38 | ATM:0.63 OTM:0.37 | lr: 1.76e-06 | left: 5s
step 09600 ( 98.2%) | loss: 1.010023 | trade:0.33 call:0.59 put:0.41 | ATM:0.58 OTM:0.42 | lr: 1.30e-06 | left: 4s
step 09650 ( 98.5%) | loss: 1.006204 | trade:0.37 call:0.58 put:0.42 | ATM:0.63 OTM:0.37 | lr: 8.69e-07 | left: 3s
step 09700 ( 99.1%) | loss: 0.992041 | trade:0.35 call:0.59 put:0.41 | ATM:0.62 OTM:0.38 | lr: 3.56e-07 | left: 2s
step 09750 ( 99.6%) | loss: 0.998985 | trade:0.30 call:0.60 put:0.40 | ATM:0.69 OTM:0.31 | lr: 6.60e-08 | left: 1s

Training done at 245s. Starting evaluation...
Evaluation done in 7s (total wall: 251s)
Model saved to /root/best_model.pt
Trade log: 80 trades -> /root/trade_log.csv

---
score:              1.562228
profit_factor:      3.204998
win_rate:           0.462500
avg_winner:         0.932852
avg_loser:          -0.250448
trades_per_day:     1.230769
max_consec_loss:    4
num_trades:         80
trade_sharpe:       4.382054
sortino:            58.459691
max_drawdown:       -1.428461
calmar:             16.623657
ev_per_trade:       0.296828
do_nothing_pct:     0.593946
exit_pct:           0.010987
model_exit_count:   49
cooldown_blocked:   130
pre_10am_blocked:   607
short_hold_pct:     0.125000
stop_loss_rate:     0.350000
direction_collapse_pct: 0.375000
avg_entry_cost_bps: 451.283700
avg_entry_quality:  0.707100
cost_realism_coverage: 1.012500
high_cost_entry_rate: 0.512500
low_quality_entry_rate: 0.000000
actionable_bar_rate: 0.829100
risk_off_bar_rate:  0.000000
final_capital:      11799.41
equity_sharpe:      1.090500
max_equity_dd:      -0.226700
total_dollar_return:0.179900
val_sharpe:         5.102921
total_return:       23.746252
num_val_bars:       4460
num_val_days:       65
worst_chunk_pf:     2.22
rr_ratio:           3.7247
avg_hold_bars:      13.41
model_exit_rate:    0.6125
hit_ruin:           False
min_equity_frac:    0.8691
avg_risk_fraction:  0.0961
max_risk_fraction:  0.3328
trades_blocked_by_balance: 0
training_seconds:   240.0
total_seconds:      253.6
peak_vram_mb:       357.0
num_steps:          9788
num_params:         146,265
lookback:           120
depth:              3
d_model:            64
effective_lr:       0.00015
gate_label_smoothing:0.050000
dir_label_smoothing:0.050000
false_entry_penalty:2.000000
/opt/conda/lib/python3.11/site-packages/torch/nn/modules/transformer.py:379: UserWarning: enable_nested_tensor is True, but self.use_nested_tensor is False because encoder_layer.norm_first was True
  warnings.warn(
