Loading data from: /root/.cache/autoresearch-trading/features/data.pt
Loaded 384870 1-min bars, 32 features, 8 actions
  ~986 trading days
Training:   up to idx 269189
Validation: idx 269190-384869
  Option P&L coverage: 297877/384870 (77%)
Parameters: 145,064
Architecture: v4 simplified two-head (gate+dir), ATM-biased, no ETV
Training from scratch (v4: no warm-start).
Day-sequential batching: 70% sequential, 30% random (batch=16)

Budget: 240s | Batch: 128 | Lookback: 120
LR: 0.00025 | Depth: 3 | d_model: 64 | ff_mult: 3
Dropout: 0.15 | Weight decay: 0.05
False entry penalty: 1.5x
Label smoothing: gate=0.05 dir=0.05
Loss weights: gate=2.0, dir=1.0, pnl=0.3, exit=0.5
EV gate scale: 10.0

step 00000 (  0.0%) | loss: 0.000000 | trade:0.42 call:0.53 put:0.47 | ATM:0.41 OTM:0.59 [seq] | lr: 0.00e+00 | left: 240s
step 00050 (  0.2%) | loss: 1.139065 | trade:0.36 call:0.49 put:0.51 | ATM:0.42 OTM:0.58 [seq] | lr: 4.07e-06 | left: 239s
step 00100 (  0.7%) | loss: 1.491956 | trade:0.50 call:0.48 put:0.52 | ATM:0.45 OTM:0.55 [seq] | lr: 1.10e-05 | left: 238s
step 00150 (  1.0%) | loss: 1.273922 | trade:0.49 call:0.44 put:0.56 | ATM:0.42 OTM:0.58 [seq] | lr: 1.75e-05 | left: 237s
step 00200 (  1.4%) | loss: 1.009484 | trade:0.49 call:0.51 put:0.49 | ATM:0.48 OTM:0.52 [seq] | lr: 2.37e-05 | left: 237s
step 00250 (  1.8%) | loss: 0.728179 | trade:0.52 call:0.51 put:0.49 | ATM:0.46 OTM:0.54 [seq] | lr: 3.00e-05 | left: 236s
step 00300 (  2.2%) | loss: 1.183790 | trade:0.53 call:0.57 put:0.43 | ATM:0.45 OTM:0.55 [seq] | lr: 3.61e-05 | left: 235s
step 00350 (  2.5%) | loss: 1.191979 | trade:0.54 call:0.57 put:0.43 | ATM:0.45 OTM:0.55 [rnd] | lr: 4.24e-05 | left: 234s
step 00400 (  2.9%) | loss: 1.207206 | trade:0.44 call:0.54 put:0.46 | ATM:0.46 OTM:0.54 [seq] | lr: 4.89e-05 | left: 233s
step 00450 (  3.3%) | loss: 1.478389 | trade:0.41 call:0.71 put:0.29 | ATM:0.48 OTM:0.52 [seq] | lr: 5.57e-05 | left: 232s
step 00500 (  3.7%) | loss: 0.807835 | trade:0.21 call:0.69 put:0.31 | ATM:0.52 OTM:0.48 [seq] | lr: 6.20e-05 | left: 231s
step 00550 (  4.1%) | loss: 0.971148 | trade:0.22 call:0.65 put:0.35 | ATM:0.51 OTM:0.49 [seq] | lr: 6.85e-05 | left: 230s
step 00600 (  4.5%) | loss: 0.702347 | trade:0.67 call:0.88 put:0.12 | ATM:0.56 OTM:0.44 [seq] | lr: 7.51e-05 | left: 229s
step 00650 (  4.9%) | loss: 0.921681 | trade:0.72 call:0.88 put:0.12 | ATM:0.51 OTM:0.49 [seq] | lr: 8.15e-05 | left: 228s
step 00700 (  5.3%) | loss: 1.043400 | trade:0.06 call:0.57 put:0.43 | ATM:0.45 OTM:0.55 [seq] | lr: 8.84e-05 | left: 227s
step 00750 (  5.7%) | loss: 2.417646 | trade:0.49 call:0.52 put:0.48 | ATM:0.46 OTM:0.54 [seq] | lr: 9.58e-05 | left: 226s
step 00800 (  6.1%) | loss: 0.885194 | trade:0.92 call:0.52 put:0.48 | ATM:0.45 OTM:0.55 [seq] | lr: 1.02e-04 | left: 225s
step 00850 (  6.5%) | loss: 0.353202 | trade:0.88 call:0.48 put:0.52 | ATM:0.38 OTM:0.62 [seq] | lr: 1.08e-04 | left: 224s
step 00900 (  6.8%) | loss: 0.634129 | trade:0.61 call:0.92 put:0.08 | ATM:0.58 OTM:0.42 [seq] | lr: 1.13e-04 | left: 224s
step 00950 (  7.1%) | loss: 0.415777 | trade:0.54 call:0.90 put:0.10 | ATM:0.53 OTM:0.47 [seq] | lr: 1.19e-04 | left: 223s
step 01000 (  7.5%) | loss: 0.674444 | trade:0.32 call:0.71 put:0.29 | ATM:0.52 OTM:0.48 [rnd] | lr: 1.25e-04 | left: 222s
step 01050 (  7.9%) | loss: 0.486103 | trade:0.11 call:0.82 put:0.18 | ATM:0.49 OTM:0.51 [seq] | lr: 1.31e-04 | left: 221s
step 01100 (  8.3%) | loss: 0.479361 | trade:0.05 call:0.81 put:0.19 | ATM:0.56 OTM:0.44 [seq] | lr: 1.38e-04 | left: 220s
step 01150 (  8.6%) | loss: 0.506048 | trade:0.23 call:0.97 put:0.03 | ATM:0.58 OTM:0.42 [seq] | lr: 1.44e-04 | left: 219s
step 01200 (  9.0%) | loss: 0.772621 | trade:0.29 call:0.73 put:0.27 | ATM:0.57 OTM:0.43 [rnd] | lr: 1.50e-04 | left: 218s
step 01250 (  9.4%) | loss: 0.738385 | trade:0.34 call:0.68 put:0.32 | ATM:0.59 OTM:0.41 [rnd] | lr: 1.57e-04 | left: 217s
step 01300 (  9.7%) | loss: 0.351450 | trade:0.05 call:0.73 put:0.27 | ATM:0.76 OTM:0.24 [seq] | lr: 1.62e-04 | left: 217s
step 01350 ( 10.1%) | loss: 0.491659 | trade:0.32 call:0.73 put:0.27 | ATM:0.61 OTM:0.39 [rnd] | lr: 1.68e-04 | left: 216s
step 01400 ( 10.4%) | loss: 0.554596 | trade:0.29 call:0.65 put:0.35 | ATM:0.64 OTM:0.36 [rnd] | lr: 1.73e-04 | left: 215s
step 01450 ( 10.6%) | loss: 0.756181 | trade:0.35 call:0.70 put:0.30 | ATM:0.62 OTM:0.38 [rnd] | lr: 1.76e-04 | left: 215s
step 01500 ( 10.7%) | loss: 0.493500 | trade:0.06 call:0.81 put:0.19 | ATM:0.68 OTM:0.32 [seq] | lr: 1.79e-04 | left: 214s
step 01550 ( 10.9%) | loss: 0.247830 | trade:0.07 call:0.42 put:0.58 | ATM:0.72 OTM:0.28 [seq] | lr: 1.81e-04 | left: 214s
step 01600 ( 11.1%) | loss: 0.726613 | trade:0.35 call:0.70 put:0.30 | ATM:0.61 OTM:0.39 [rnd] | lr: 1.85e-04 | left: 213s
step 01650 ( 11.2%) | loss: 0.516848 | trade:0.88 call:0.04 put:0.96 | ATM:0.75 OTM:0.25 [seq] | lr: 1.87e-04 | left: 213s
step 01700 ( 11.4%) | loss: 0.481228 | trade:0.01 call:0.90 put:0.10 | ATM:0.78 OTM:0.22 [seq] | lr: 1.90e-04 | left: 213s
step 01750 ( 11.5%) | loss: 0.234697 | trade:0.74 call:0.97 put:0.03 | ATM:0.73 OTM:0.27 [seq] | lr: 1.92e-04 | left: 212s
step 01800 ( 11.8%) | loss: 0.473319 | trade:0.01 call:0.74 put:0.26 | ATM:0.73 OTM:0.27 [seq] | lr: 1.96e-04 | left: 212s
step 01850 ( 12.1%) | loss: 0.567529 | trade:0.01 call:0.86 put:0.14 | ATM:0.77 OTM:0.23 [seq] | lr: 2.01e-04 | left: 211s
step 01900 ( 12.3%) | loss: 0.464155 | trade:0.12 call:0.93 put:0.07 | ATM:0.84 OTM:0.16 [seq] | lr: 2.05e-04 | left: 210s
step 01950 ( 12.4%) | loss: 0.259587 | trade:0.01 call:0.90 put:0.10 | ATM:0.84 OTM:0.16 [seq] | lr: 2.07e-04 | left: 210s
step 02000 ( 12.6%) | loss: 0.520672 | trade:0.33 call:0.86 put:0.14 | ATM:0.66 OTM:0.34 [seq] | lr: 2.10e-04 | left: 210s
step 02050 ( 12.8%) | loss: 1.108335 | trade:0.30 call:0.74 put:0.26 | ATM:0.65 OTM:0.35 [rnd] | lr: 2.14e-04 | left: 209s
step 02100 ( 13.0%) | loss: 0.712820 | trade:0.33 call:0.79 put:0.21 | ATM:0.62 OTM:0.38 [rnd] | lr: 2.17e-04 | left: 209s
step 02150 ( 13.1%) | loss: 0.559941 | trade:0.28 call:0.81 put:0.19 | ATM:0.66 OTM:0.34 [rnd] | lr: 2.19e-04 | left: 208s
step 02200 ( 13.3%) | loss: 0.441601 | trade:0.36 call:0.73 put:0.27 | ATM:0.62 OTM:0.38 [rnd] | lr: 2.22e-04 | left: 208s
step 02250 ( 13.5%) | loss: 0.361647 | trade:0.14 call:0.99 put:0.01 | ATM:0.74 OTM:0.26 [seq] | lr: 2.25e-04 | left: 208s
step 02300 ( 13.7%) | loss: 0.619983 | trade:0.30 call:0.76 put:0.24 | ATM:0.64 OTM:0.36 [rnd] | lr: 2.28e-04 | left: 207s
step 02350 ( 13.8%) | loss: 0.484230 | trade:0.90 call:0.01 put:0.99 | ATM:0.85 OTM:0.15 [seq] | lr: 2.31e-04 | left: 207s
step 02400 ( 14.0%) | loss: 0.560398 | trade:0.01 call:0.79 put:0.21 | ATM:0.78 OTM:0.22 [seq] | lr: 2.34e-04 | left: 206s
step 02450 ( 14.2%) | loss: 0.585994 | trade:0.34 call:0.76 put:0.24 | ATM:0.63 OTM:0.37 [rnd] | lr: 2.36e-04 | left: 206s
step 02500 ( 14.3%) | loss: 0.446070 | trade:0.03 call:0.95 put:0.05 | ATM:0.92 OTM:0.08 [seq] | lr: 2.39e-04 | left: 206s
step 02550 ( 14.5%) | loss: 0.311200 | trade:0.02 call:0.90 put:0.10 | ATM:0.83 OTM:0.17 [seq] | lr: 2.41e-04 | left: 205s
step 02600 ( 14.6%) | loss: 0.312324 | trade:0.01 call:0.59 put:0.41 | ATM:0.69 OTM:0.31 [seq] | lr: 2.44e-04 | left: 205s
step 02650 ( 14.8%) | loss: 0.302037 | trade:0.82 call:0.08 put:0.92 | ATM:0.58 OTM:0.42 [seq] | lr: 2.46e-04 | left: 205s
step 02700 ( 14.9%) | loss: 0.346257 | trade:0.30 call:0.73 put:0.27 | ATM:0.64 OTM:0.36 [rnd] | lr: 2.49e-04 | left: 204s
step 02750 ( 15.1%) | loss: 0.502534 | trade:0.70 call:0.97 put:0.03 | ATM:0.37 OTM:0.63 [seq] | lr: 2.50e-04 | left: 204s
step 02800 ( 15.3%) | loss: 1.027738 | trade:0.46 call:0.45 put:0.55 | ATM:0.87 OTM:0.13 [seq] | lr: 2.50e-04 | left: 203s
step 02850 ( 15.5%) | loss: 0.485478 | trade:0.02 call:0.36 put:0.64 | ATM:0.43 OTM:0.57 [seq] | lr: 2.50e-04 | left: 203s
step 02900 ( 15.7%) | loss: 0.384513 | trade:0.01 call:0.70 put:0.30 | ATM:0.70 OTM:0.30 [seq] | lr: 2.50e-04 | left: 202s
step 02950 ( 16.0%) | loss: 0.529319 | trade:0.29 call:0.72 put:0.28 | ATM:0.62 OTM:0.38 [rnd] | lr: 2.50e-04 | left: 202s
step 03000 ( 16.4%) | loss: 0.513227 | trade:0.03 call:0.55 put:0.45 | ATM:0.63 OTM:0.37 [seq] | lr: 2.50e-04 | left: 201s
step 03050 ( 16.8%) | loss: 0.520136 | trade:0.04 call:0.84 put:0.16 | ATM:0.70 OTM:0.30 [seq] | lr: 2.50e-04 | left: 200s
step 03100 ( 17.1%) | loss: 0.555964 | trade:0.51 call:0.66 put:0.34 | ATM:0.49 OTM:0.51 [seq] | lr: 2.50e-04 | left: 199s
step 03150 ( 17.4%) | loss: 0.496856 | trade:0.34 call:0.77 put:0.23 | ATM:0.61 OTM:0.39 [rnd] | lr: 2.50e-04 | left: 198s
step 03200 ( 17.7%) | loss: 0.435856 | trade:0.90 call:0.98 put:0.02 | ATM:0.35 OTM:0.65 [seq] | lr: 2.50e-04 | left: 197s
step 03250 ( 18.1%) | loss: 0.545314 | trade:0.29 call:0.02 put:0.98 | ATM:0.97 OTM:0.03 [seq] | lr: 2.50e-04 | left: 197s
step 03300 ( 18.5%) | loss: 0.583598 | trade:0.37 call:0.72 put:0.28 | ATM:0.59 OTM:0.41 [rnd] | lr: 2.50e-04 | left: 196s
step 03350 ( 18.7%) | loss: 0.400610 | trade:0.25 call:0.77 put:0.23 | ATM:0.64 OTM:0.36 [rnd] | lr: 2.50e-04 | left: 195s
step 03400 ( 18.9%) | loss: 0.422142 | trade:0.31 call:0.79 put:0.21 | ATM:0.65 OTM:0.35 [rnd] | lr: 2.50e-04 | left: 195s
step 03450 ( 19.0%) | loss: 0.401838 | trade:0.36 call:0.72 put:0.28 | ATM:0.64 OTM:0.36 [rnd] | lr: 2.50e-04 | left: 194s
step 03500 ( 19.2%) | loss: 0.315920 | trade:0.03 call:0.72 put:0.28 | ATM:0.83 OTM:0.17 [seq] | lr: 2.50e-04 | left: 194s
step 03550 ( 19.3%) | loss: 0.544278 | trade:0.03 call:0.69 put:0.31 | ATM:0.78 OTM:0.22 [seq] | lr: 2.50e-04 | left: 194s
step 03600 ( 19.6%) | loss: 0.823936 | trade:0.31 call:0.73 put:0.27 | ATM:0.66 OTM:0.34 [rnd] | lr: 2.50e-04 | left: 193s
step 03650 ( 19.8%) | loss: 0.596077 | trade:0.32 call:0.78 put:0.22 | ATM:0.60 OTM:0.40 [rnd] | lr: 2.50e-04 | left: 193s
step 03700 ( 20.0%) | loss: 0.511899 | trade:0.31 call:0.80 put:0.20 | ATM:0.62 OTM:0.38 [rnd] | lr: 2.50e-04 | left: 192s
step 03750 ( 20.2%) | loss: 0.442614 | trade:0.02 call:0.72 put:0.28 | ATM:0.61 OTM:0.39 [seq] | lr: 2.50e-04 | left: 192s
step 03800 ( 20.4%) | loss: 0.495641 | trade:0.30 call:0.73 put:0.27 | ATM:0.63 OTM:0.37 [rnd] | lr: 2.50e-04 | left: 191s
step 03850 ( 20.6%) | loss: 0.434085 | trade:0.01 call:0.86 put:0.14 | ATM:0.77 OTM:0.23 [seq] | lr: 2.50e-04 | left: 191s
step 03900 ( 20.8%) | loss: 0.392894 | trade:0.97 call:0.01 put:0.99 | ATM:0.29 OTM:0.71 [seq] | lr: 2.50e-04 | left: 190s
step 03950 ( 21.0%) | loss: 0.684484 | trade:0.27 call:0.67 put:0.33 | ATM:0.64 OTM:0.36 [rnd] | lr: 2.50e-04 | left: 190s
step 04000 ( 21.1%) | loss: 0.567353 | trade:0.36 call:0.75 put:0.25 | ATM:0.60 OTM:0.40 [rnd] | lr: 2.50e-04 | left: 189s
step 04050 ( 21.4%) | loss: 0.449222 | trade:0.28 call:0.89 put:0.11 | ATM:0.78 OTM:0.22 [seq] | lr: 2.50e-04 | left: 189s
step 04100 ( 21.7%) | loss: 0.431163 | trade:0.32 call:0.73 put:0.27 | ATM:0.60 OTM:0.40 [rnd] | lr: 2.50e-04 | left: 188s
step 04150 ( 21.8%) | loss: 0.362706 | trade:0.04 call:0.89 put:0.11 | ATM:0.69 OTM:0.31 [seq] | lr: 2.50e-04 | left: 188s
step 04200 ( 22.0%) | loss: 0.816620 | trade:0.33 call:0.75 put:0.25 | ATM:0.63 OTM:0.37 [rnd] | lr: 2.50e-04 | left: 187s
step 04250 ( 22.2%) | loss: 0.472521 | trade:0.32 call:0.77 put:0.23 | ATM:0.59 OTM:0.41 [rnd] | lr: 2.50e-04 | left: 187s
step 04300 ( 22.4%) | loss: 0.378005 | trade:0.88 call:0.99 put:0.01 | ATM:0.35 OTM:0.65 [seq] | lr: 2.50e-04 | left: 186s
step 04350 ( 22.6%) | loss: 0.319417 | trade:0.04 call:0.68 put:0.32 | ATM:0.44 OTM:0.56 [seq] | lr: 2.50e-04 | left: 186s
step 04400 ( 22.7%) | loss: 0.294105 | trade:0.03 call:0.82 put:0.18 | ATM:0.61 OTM:0.39 [seq] | lr: 2.50e-04 | left: 185s
step 04450 ( 22.9%) | loss: 0.373305 | trade:0.02 call:0.69 put:0.31 | ATM:0.50 OTM:0.50 [seq] | lr: 2.50e-04 | left: 185s
step 04500 ( 23.2%) | loss: 0.565070 | trade:0.37 call:0.76 put:0.24 | ATM:0.59 OTM:0.41 [rnd] | lr: 2.50e-04 | left: 184s
step 04550 ( 23.4%) | loss: 0.612421 | trade:0.34 call:0.75 put:0.25 | ATM:0.62 OTM:0.38 [rnd] | lr: 2.50e-04 | left: 184s
step 04600 ( 23.5%) | loss: 0.562861 | trade:0.88 call:0.02 put:0.98 | ATM:0.65 OTM:0.35 [seq] | lr: 2.50e-04 | left: 184s
step 04650 ( 23.7%) | loss: 0.517179 | trade:0.30 call:0.77 put:0.23 | ATM:0.60 OTM:0.40 [rnd] | lr: 2.50e-04 | left: 183s
step 04700 ( 23.9%) | loss: 0.586397 | trade:0.04 call:0.89 put:0.11 | ATM:0.87 OTM:0.13 [seq] | lr: 2.50e-04 | left: 183s
step 04750 ( 24.0%) | loss: 0.650490 | trade:0.33 call:0.81 put:0.19 | ATM:0.58 OTM:0.42 [rnd] | lr: 2.50e-04 | left: 182s
step 04800 ( 24.2%) | loss: 0.426806 | trade:0.67 call:0.83 put:0.17 | ATM:0.35 OTM:0.65 [seq] | lr: 2.50e-04 | left: 182s
step 04850 ( 24.4%) | loss: 0.603462 | trade:0.50 call:0.94 put:0.06 | ATM:0.55 OTM:0.45 [seq] | lr: 2.50e-04 | left: 182s
step 04900 ( 24.6%) | loss: 0.534476 | trade:0.48 call:0.91 put:0.09 | ATM:0.67 OTM:0.33 [seq] | lr: 2.50e-04 | left: 181s
step 04950 ( 24.8%) | loss: 0.283577 | trade:0.08 call:0.89 put:0.11 | ATM:0.83 OTM:0.17 [seq] | lr: 2.50e-04 | left: 180s
step 05000 ( 25.0%) | loss: 0.436121 | trade:0.11 call:0.76 put:0.24 | ATM:0.53 OTM:0.47 [seq] | lr: 2.50e-04 | left: 180s
step 05050 ( 25.2%) | loss: 0.467908 | trade:0.30 call:0.94 put:0.06 | ATM:0.90 OTM:0.10 [seq] | lr: 2.50e-04 | left: 180s
step 05100 ( 25.4%) | loss: 0.318819 | trade:0.06 call:0.85 put:0.15 | ATM:0.77 OTM:0.23 [seq] | lr: 2.50e-04 | left: 179s
step 05150 ( 25.5%) | loss: 0.471519 | trade:0.80 call:0.68 put:0.32 | ATM:0.40 OTM:0.60 [seq] | lr: 2.50e-04 | left: 179s
step 05200 ( 25.7%) | loss: 0.429238 | trade:0.02 call:0.79 put:0.21 | ATM:0.72 OTM:0.28 [seq] | lr: 2.50e-04 | left: 178s
step 05250 ( 25.9%) | loss: 0.469461 | trade:0.02 call:0.87 put:0.13 | ATM:0.82 OTM:0.18 [seq] | lr: 2.50e-04 | left: 178s
step 05300 ( 26.1%) | loss: 0.418581 | trade:0.01 call:0.96 put:0.04 | ATM:0.90 OTM:0.10 [seq] | lr: 2.50e-04 | left: 177s
step 05350 ( 26.3%) | loss: 0.432425 | trade:0.90 call:1.00 put:0.00 | ATM:0.33 OTM:0.67 [seq] | lr: 2.50e-04 | left: 177s
step 05400 ( 26.4%) | loss: 0.584576 | trade:0.33 call:0.73 put:0.27 | ATM:0.60 OTM:0.40 [rnd] | lr: 2.50e-04 | left: 177s
step 05450 ( 26.6%) | loss: 0.438641 | trade:0.96 call:1.00 put:0.00 | ATM:0.22 OTM:0.78 [seq] | lr: 2.50e-04 | left: 176s
step 05500 ( 26.8%) | loss: 0.517886 | trade:0.33 call:0.80 put:0.20 | ATM:0.61 OTM:0.39 [rnd] | lr: 2.50e-04 | left: 176s
step 05550 ( 26.9%) | loss: 0.567635 | trade:0.92 call:0.99 put:0.01 | ATM:0.22 OTM:0.78 [seq] | lr: 2.50e-04 | left: 175s
step 05600 ( 27.1%) | loss: 0.230587 | trade:0.81 call:1.00 put:0.00 | ATM:0.28 OTM:0.72 [seq] | lr: 2.50e-04 | left: 175s
step 05650 ( 27.2%) | loss: 0.305953 | trade:0.02 call:0.75 put:0.25 | ATM:0.38 OTM:0.62 [seq] | lr: 2.50e-04 | left: 175s
step 05700 ( 27.4%) | loss: 1.333238 | trade:0.27 call:0.72 put:0.28 | ATM:0.57 OTM:0.43 [rnd] | lr: 2.50e-04 | left: 174s
step 05750 ( 27.6%) | loss: 1.356673 | trade:0.94 call:0.96 put:0.04 | ATM:0.44 OTM:0.56 [seq] | lr: 2.50e-04 | left: 174s
step 05800 ( 27.8%) | loss: 0.605181 | trade:0.36 call:0.78 put:0.22 | ATM:0.58 OTM:0.42 [rnd] | lr: 2.50e-04 | left: 173s
step 05850 ( 28.1%) | loss: 0.532578 | trade:0.03 call:0.91 put:0.09 | ATM:0.86 OTM:0.14 [seq] | lr: 2.50e-04 | left: 173s
step 05900 ( 28.5%) | loss: 1.916876 | trade:0.81 call:0.95 put:0.05 | ATM:0.38 OTM:0.62 [seq] | lr: 2.50e-04 | left: 172s
step 05950 ( 29.0%) | loss: 0.908130 | trade:0.97 call:1.00 put:0.00 | ATM:0.12 OTM:0.88 [seq] | lr: 2.50e-04 | left: 170s
step 06000 ( 29.4%) | loss: 0.527005 | trade:0.24 call:0.77 put:0.23 | ATM:0.64 OTM:0.36 [rnd] | lr: 2.50e-04 | left: 169s
step 06050 ( 29.8%) | loss: 0.628306 | trade:0.66 call:0.80 put:0.20 | ATM:0.82 OTM:0.18 [seq] | lr: 2.50e-04 | left: 168s
step 06100 ( 30.2%) | loss: 0.777807 | trade:0.50 call:0.86 put:0.14 | ATM:0.68 OTM:0.32 [seq] | lr: 2.50e-04 | left: 167s
step 06150 ( 30.6%) | loss: 0.673416 | trade:0.28 call:0.79 put:0.21 | ATM:0.63 OTM:0.37 [rnd] | lr: 2.50e-04 | left: 166s
step 06200 ( 31.0%) | loss: 0.632915 | trade:0.93 call:0.01 put:0.99 | ATM:0.75 OTM:0.25 [seq] | lr: 2.50e-04 | left: 165s
step 06250 ( 31.4%) | loss: 0.512357 | trade:0.93 call:0.03 put:0.97 | ATM:0.69 OTM:0.31 [seq] | lr: 2.50e-04 | left: 165s
step 06300 ( 31.8%) | loss: 0.420311 | trade:0.01 call:0.92 put:0.08 | ATM:0.83 OTM:0.17 [seq] | lr: 2.50e-04 | left: 164s
step 06350 ( 32.2%) | loss: 1.539656 | trade:0.91 call:1.00 put:0.00 | ATM:0.22 OTM:0.78 [seq] | lr: 2.50e-04 | left: 163s
step 06400 ( 32.7%) | loss: 1.886287 | trade:0.93 call:1.00 put:0.00 | ATM:0.18 OTM:0.82 [seq] | lr: 2.50e-04 | left: 161s
step 06450 ( 33.2%) | loss: 2.128013 | trade:0.84 call:0.98 put:0.02 | ATM:0.27 OTM:0.73 [seq] | lr: 2.50e-04 | left: 160s
step 06500 ( 33.6%) | loss: 0.584700 | trade:0.03 call:0.74 put:0.26 | ATM:0.38 OTM:0.62 [seq] | lr: 2.50e-04 | left: 159s
step 06550 ( 34.0%) | loss: 0.630304 | trade:0.41 call:0.87 put:0.13 | ATM:0.78 OTM:0.22 [seq] | lr: 2.50e-04 | left: 158s
step 06600 ( 34.4%) | loss: 0.452839 | trade:0.99 call:0.01 put:0.99 | ATM:0.74 OTM:0.26 [seq] | lr: 2.50e-04 | left: 157s
step 06650 ( 34.8%) | loss: 0.380256 | trade:0.77 call:0.08 put:0.92 | ATM:0.58 OTM:0.42 [seq] | lr: 2.50e-04 | left: 156s
step 06700 ( 35.2%) | loss: 0.366958 | trade:0.61 call:0.95 put:0.05 | ATM:0.80 OTM:0.20 [seq] | lr: 2.50e-04 | left: 156s
step 06750 ( 35.5%) | loss: 0.463032 | trade:0.27 call:0.97 put:0.03 | ATM:0.94 OTM:0.06 [seq] | lr: 2.50e-04 | left: 155s
step 06800 ( 35.9%) | loss: 0.536940 | trade:0.01 call:0.71 put:0.29 | ATM:0.64 OTM:0.36 [seq] | lr: 2.50e-04 | left: 154s
step 06850 ( 36.3%) | loss: 0.454531 | trade:0.01 call:0.41 put:0.59 | ATM:0.61 OTM:0.39 [seq] | lr: 2.50e-04 | left: 153s
step 06900 ( 36.7%) | loss: 0.204694 | trade:0.87 call:0.03 put:0.97 | ATM:0.74 OTM:0.26 [seq] | lr: 2.50e-04 | left: 152s
step 06950 ( 37.0%) | loss: 0.493727 | trade:0.34 call:0.78 put:0.22 | ATM:0.62 OTM:0.38 [rnd] | lr: 2.50e-04 | left: 151s
step 07000 ( 37.4%) | loss: 0.252349 | trade:0.97 call:0.99 put:0.01 | ATM:0.38 OTM:0.62 [seq] | lr: 2.50e-04 | left: 150s
step 07050 ( 37.8%) | loss: 0.393944 | trade:0.96 call:1.00 put:0.00 | ATM:0.21 OTM:0.79 [seq] | lr: 2.50e-04 | left: 149s
step 07100 ( 38.2%) | loss: 0.376540 | trade:0.97 call:1.00 put:0.00 | ATM:0.24 OTM:0.76 [seq] | lr: 2.50e-04 | left: 148s
step 07150 ( 38.6%) | loss: 1.517864 | trade:0.31 call:0.80 put:0.20 | ATM:0.57 OTM:0.43 [rnd] | lr: 2.50e-04 | left: 147s
step 07200 ( 39.0%) | loss: 0.508320 | trade:0.88 call:0.99 put:0.01 | ATM:0.30 OTM:0.70 [seq] | lr: 2.50e-04 | left: 146s
step 07250 ( 39.4%) | loss: 0.389504 | trade:0.26 call:0.83 put:0.17 | ATM:0.60 OTM:0.40 [rnd] | lr: 2.50e-04 | left: 146s
step 07300 ( 39.7%) | loss: 0.392008 | trade:0.02 call:0.95 put:0.05 | ATM:0.95 OTM:0.05 [seq] | lr: 2.50e-04 | left: 145s
step 07350 ( 40.1%) | loss: 0.402001 | trade:0.01 call:0.77 put:0.23 | ATM:0.62 OTM:0.38 [seq] | lr: 2.50e-04 | left: 144s
step 07400 ( 40.5%) | loss: 0.455587 | trade:0.28 call:0.76 put:0.24 | ATM:0.58 OTM:0.42 [rnd] | lr: 2.50e-04 | left: 143s
step 07450 ( 40.9%) | loss: 0.411808 | trade:0.29 call:0.75 put:0.25 | ATM:0.59 OTM:0.41 [rnd] | lr: 2.50e-04 | left: 142s
step 07500 ( 41.2%) | loss: 0.361147 | trade:0.01 call:0.86 put:0.14 | ATM:0.69 OTM:0.31 [seq] | lr: 2.50e-04 | left: 141s
step 07550 ( 41.6%) | loss: 0.410818 | trade:0.01 call:0.75 put:0.25 | ATM:0.64 OTM:0.36 [seq] | lr: 2.50e-04 | left: 140s
step 07600 ( 42.0%) | loss: 0.284684 | trade:0.02 call:0.92 put:0.08 | ATM:0.61 OTM:0.39 [seq] | lr: 2.50e-04 | left: 139s
step 07650 ( 42.3%) | loss: 0.483153 | trade:0.33 call:0.76 put:0.24 | ATM:0.59 OTM:0.41 [rnd] | lr: 2.50e-04 | left: 138s
step 07700 ( 42.7%) | loss: 0.356958 | trade:0.36 call:0.77 put:0.23 | ATM:0.57 OTM:0.43 [rnd] | lr: 2.50e-04 | left: 138s
step 07750 ( 43.1%) | loss: 0.359936 | trade:0.02 call:0.59 put:0.41 | ATM:0.60 OTM:0.40 [seq] | lr: 2.50e-04 | left: 137s
step 07800 ( 43.4%) | loss: 0.358874 | trade:0.39 call:0.77 put:0.23 | ATM:0.57 OTM:0.43 [rnd] | lr: 2.50e-04 | left: 136s
step 07850 ( 43.8%) | loss: 0.428792 | trade:0.01 call:0.75 put:0.25 | ATM:0.45 OTM:0.55 [seq] | lr: 2.50e-04 | left: 135s
step 07900 ( 44.2%) | loss: 0.526118 | trade:0.01 call:0.88 put:0.12 | ATM:0.83 OTM:0.17 [seq] | lr: 2.50e-04 | left: 134s
step 07950 ( 44.5%) | loss: 0.296497 | trade:0.38 call:0.75 put:0.25 | ATM:0.54 OTM:0.46 [rnd] | lr: 2.50e-04 | left: 133s
step 08000 ( 44.9%) | loss: 0.361538 | trade:0.92 call:0.01 put:0.99 | ATM:0.69 OTM:0.31 [seq] | lr: 2.50e-04 | left: 132s
step 08050 ( 45.3%) | loss: 0.500935 | trade:0.30 call:0.83 put:0.17 | ATM:0.68 OTM:0.32 [seq] | lr: 2.50e-04 | left: 131s
step 08100 ( 45.5%) | loss: 0.635012 | trade:0.33 call:0.81 put:0.19 | ATM:0.58 OTM:0.42 [rnd] | lr: 2.50e-04 | left: 131s
step 08150 ( 45.7%) | loss: 0.535775 | trade:0.34 call:0.77 put:0.23 | ATM:0.57 OTM:0.43 [seq] | lr: 2.50e-04 | left: 130s
step 08200 ( 45.9%) | loss: 0.644881 | trade:0.08 call:0.75 put:0.25 | ATM:0.56 OTM:0.44 [seq] | lr: 2.50e-04 | left: 130s
step 08250 ( 46.1%) | loss: 0.419783 | trade:0.01 call:0.70 put:0.30 | ATM:0.58 OTM:0.42 [seq] | lr: 2.50e-04 | left: 129s
step 08300 ( 46.3%) | loss: 0.560886 | trade:0.28 call:0.78 put:0.22 | ATM:0.59 OTM:0.41 [rnd] | lr: 2.50e-04 | left: 129s
step 08350 ( 46.5%) | loss: 0.650599 | trade:0.35 call:0.81 put:0.19 | ATM:0.58 OTM:0.42 [rnd] | lr: 2.50e-04 | left: 128s
step 08400 ( 46.7%) | loss: 1.236587 | trade:0.76 call:0.98 put:0.02 | ATM:0.49 OTM:0.51 [seq] | lr: 2.50e-04 | left: 128s
step 08450 ( 46.8%) | loss: 0.630754 | trade:0.27 call:0.79 put:0.21 | ATM:0.62 OTM:0.38 [rnd] | lr: 2.50e-04 | left: 128s
step 08500 ( 47.0%) | loss: 0.260405 | trade:0.04 call:0.83 put:0.17 | ATM:0.72 OTM:0.28 [seq] | lr: 2.50e-04 | left: 127s
step 08550 ( 47.2%) | loss: 0.253876 | trade:0.03 call:0.90 put:0.10 | ATM:0.83 OTM:0.17 [seq] | lr: 2.50e-04 | left: 127s
step 08600 ( 47.3%) | loss: 0.316333 | trade:0.01 call:0.37 put:0.63 | ATM:0.84 OTM:0.16 [seq] | lr: 2.50e-04 | left: 126s
step 08650 ( 47.5%) | loss: 0.477465 | trade:0.01 call:0.84 put:0.16 | ATM:0.80 OTM:0.20 [seq] | lr: 2.50e-04 | left: 126s
step 08700 ( 47.7%) | loss: 0.485306 | trade:0.53 call:0.73 put:0.27 | ATM:0.45 OTM:0.55 [seq] | lr: 2.50e-04 | left: 126s
step 08750 ( 47.9%) | loss: 0.453856 | trade:0.30 call:0.82 put:0.18 | ATM:0.57 OTM:0.43 [rnd] | lr: 2.50e-04 | left: 125s
step 08800 ( 48.1%) | loss: 0.583584 | trade:0.25 call:0.76 put:0.24 | ATM:0.63 OTM:0.37 [rnd] | lr: 2.50e-04 | left: 125s
step 08850 ( 48.2%) | loss: 0.431112 | trade:0.02 call:0.59 put:0.41 | ATM:0.61 OTM:0.39 [seq] | lr: 2.50e-04 | left: 124s
step 08900 ( 48.4%) | loss: 0.419855 | trade:0.57 call:0.98 put:0.02 | ATM:0.85 OTM:0.15 [seq] | lr: 2.50e-04 | left: 124s
step 08950 ( 48.6%) | loss: 0.594818 | trade:0.23 call:0.88 put:0.12 | ATM:0.82 OTM:0.18 [seq] | lr: 2.50e-04 | left: 123s
step 09000 ( 48.8%) | loss: 0.606324 | trade:0.03 call:0.85 put:0.15 | ATM:0.78 OTM:0.22 [seq] | lr: 2.50e-04 | left: 123s
step 09050 ( 48.9%) | loss: 0.258903 | trade:0.30 call:0.77 put:0.23 | ATM:0.59 OTM:0.41 [rnd] | lr: 2.50e-04 | left: 123s
step 09100 ( 49.1%) | loss: 0.562336 | trade:0.30 call:0.74 put:0.26 | ATM:0.59 OTM:0.41 [rnd] | lr: 2.50e-04 | left: 122s
step 09150 ( 49.3%) | loss: 0.239246 | trade:0.69 call:0.98 put:0.02 | ATM:0.49 OTM:0.51 [seq] | lr: 2.50e-04 | left: 122s
step 09200 ( 49.5%) | loss: 0.517909 | trade:0.02 call:0.91 put:0.09 | ATM:0.87 OTM:0.13 [seq] | lr: 2.50e-04 | left: 121s
step 09250 ( 49.7%) | loss: 0.702106 | trade:0.33 call:0.78 put:0.22 | ATM:0.59 OTM:0.41 [rnd] | lr: 2.50e-04 | left: 121s
step 09300 ( 50.1%) | loss: 0.366243 | trade:0.02 call:0.91 put:0.09 | ATM:0.93 OTM:0.07 [seq] | lr: 2.50e-04 | left: 120s
step 09350 ( 50.5%) | loss: 0.705541 | trade:0.02 call:0.72 put:0.28 | ATM:0.58 OTM:0.42 [seq] | lr: 2.50e-04 | left: 119s
step 09400 ( 50.9%) | loss: 0.540898 | trade:0.97 call:0.01 put:0.99 | ATM:0.72 OTM:0.28 [seq] | lr: 2.50e-04 | left: 118s
step 09450 ( 51.0%) | loss: 0.202872 | trade:0.89 call:0.00 put:1.00 | ATM:0.65 OTM:0.35 [seq] | lr: 2.50e-04 | left: 118s
step 09500 ( 51.4%) | loss: 0.421258 | trade:0.01 call:0.70 put:0.30 | ATM:0.47 OTM:0.53 [seq] | lr: 2.50e-04 | left: 117s
step 09550 ( 51.8%) | loss: 0.579486 | trade:0.32 call:0.76 put:0.24 | ATM:0.57 OTM:0.43 [rnd] | lr: 2.50e-04 | left: 116s
step 09600 ( 52.1%) | loss: 0.606636 | trade:0.02 call:0.87 put:0.13 | ATM:0.77 OTM:0.23 [seq] | lr: 2.50e-04 | left: 115s
step 09650 ( 52.3%) | loss: 0.451982 | trade:0.03 call:0.92 put:0.08 | ATM:0.87 OTM:0.13 [seq] | lr: 2.50e-04 | left: 114s
step 09700 ( 52.5%) | loss: 0.224222 | trade:0.06 call:0.94 put:0.06 | ATM:0.90 OTM:0.10 [seq] | lr: 2.50e-04 | left: 114s
step 09750 ( 52.7%) | loss: 0.356921 | trade:0.01 call:0.77 put:0.23 | ATM:0.41 OTM:0.59 [seq] | lr: 2.50e-04 | left: 113s
step 09800 ( 52.9%) | loss: 0.390318 | trade:0.94 call:0.99 put:0.01 | ATM:0.34 OTM:0.66 [seq] | lr: 2.50e-04 | left: 113s
step 09850 ( 53.0%) | loss: 0.322940 | trade:0.06 call:0.81 put:0.19 | ATM:0.36 OTM:0.64 [seq] | lr: 2.50e-04 | left: 113s
step 09900 ( 53.2%) | loss: 0.438238 | trade:0.31 call:0.82 put:0.18 | ATM:0.56 OTM:0.44 [rnd] | lr: 2.50e-04 | left: 112s
step 09950 ( 53.4%) | loss: 0.606739 | trade:0.29 call:0.76 put:0.24 | ATM:0.56 OTM:0.44 [rnd] | lr: 2.50e-04 | left: 112s
step 10000 ( 53.6%) | loss: 0.501836 | trade:0.01 call:0.90 put:0.10 | ATM:0.83 OTM:0.17 [seq] | lr: 2.50e-04 | left: 111s
step 10050 ( 53.8%) | loss: 0.520871 | trade:0.33 call:0.78 put:0.22 | ATM:0.56 OTM:0.44 [rnd] | lr: 2.50e-04 | left: 111s
step 10100 ( 54.0%) | loss: 0.436567 | trade:0.02 call:0.88 put:0.12 | ATM:0.86 OTM:0.14 [seq] | lr: 2.50e-04 | left: 110s
step 10150 ( 54.1%) | loss: 0.495234 | trade:0.38 call:0.76 put:0.24 | ATM:0.52 OTM:0.48 [rnd] | lr: 2.50e-04 | left: 110s
step 10200 ( 54.3%) | loss: 0.433139 | trade:0.32 call:0.72 put:0.28 | ATM:0.56 OTM:0.44 [rnd] | lr: 2.50e-04 | left: 110s
step 10250 ( 54.4%) | loss: 0.369337 | trade:0.27 call:0.76 put:0.24 | ATM:0.59 OTM:0.41 [rnd] | lr: 2.50e-04 | left: 109s
step 10300 ( 54.6%) | loss: 0.257537 | trade:0.00 call:0.76 put:0.24 | ATM:0.42 OTM:0.58 [seq] | lr: 2.50e-04 | left: 109s
step 10350 ( 54.8%) | loss: 0.490921 | trade:0.01 call:0.54 put:0.46 | ATM:0.49 OTM:0.51 [seq] | lr: 2.50e-04 | left: 108s
step 10400 ( 55.0%) | loss: 0.407025 | trade:0.02 call:0.95 put:0.05 | ATM:0.48 OTM:0.52 [seq] | lr: 2.50e-04 | left: 108s
step 10450 ( 55.1%) | loss: 0.529485 | trade:0.95 call:0.98 put:0.02 | ATM:0.37 OTM:0.63 [seq] | lr: 2.50e-04 | left: 108s
step 10500 ( 55.3%) | loss: 0.408746 | trade:0.33 call:0.80 put:0.20 | ATM:0.53 OTM:0.47 [rnd] | lr: 2.50e-04 | left: 107s
step 10550 ( 55.4%) | loss: 0.408466 | trade:0.03 call:0.82 put:0.18 | ATM:0.67 OTM:0.33 [seq] | lr: 2.50e-04 | left: 107s
step 10600 ( 55.6%) | loss: 0.569607 | trade:0.50 call:0.88 put:0.12 | ATM:0.43 OTM:0.57 [seq] | lr: 2.50e-04 | left: 106s
step 10650 ( 55.8%) | loss: 0.438079 | trade:0.97 call:0.03 put:0.97 | ATM:0.67 OTM:0.33 [seq] | lr: 2.50e-04 | left: 106s
step 10700 ( 56.0%) | loss: 0.395808 | trade:0.80 call:0.01 put:0.99 | ATM:0.74 OTM:0.26 [seq] | lr: 2.50e-04 | left: 106s
step 10750 ( 56.1%) | loss: 0.432214 | trade:0.34 call:0.78 put:0.22 | ATM:0.55 OTM:0.45 [rnd] | lr: 2.50e-04 | left: 105s
step 10800 ( 56.3%) | loss: 0.450195 | trade:0.37 call:0.79 put:0.21 | ATM:0.54 OTM:0.46 [rnd] | lr: 2.50e-04 | left: 105s
step 10850 ( 56.5%) | loss: 0.615288 | trade:0.26 call:0.74 put:0.26 | ATM:0.55 OTM:0.45 [rnd] | lr: 2.50e-04 | left: 104s
step 10900 ( 56.6%) | loss: 0.569229 | trade:0.10 call:0.96 put:0.04 | ATM:0.48 OTM:0.52 [seq] | lr: 2.50e-04 | left: 104s
step 10950 ( 56.8%) | loss: 0.576716 | trade:0.32 call:0.79 put:0.21 | ATM:0.59 OTM:0.41 [rnd] | lr: 2.50e-04 | left: 104s
step 11000 ( 57.0%) | loss: 0.549790 | trade:0.29 call:0.79 put:0.21 | ATM:0.58 OTM:0.42 [rnd] | lr: 2.50e-04 | left: 103s
step 11050 ( 57.2%) | loss: 0.409850 | trade:0.31 call:0.79 put:0.21 | ATM:0.59 OTM:0.41 [rnd] | lr: 2.50e-04 | left: 103s
step 11100 ( 57.3%) | loss: 0.595028 | trade:0.94 call:0.97 put:0.03 | ATM:0.67 OTM:0.33 [seq] | lr: 2.50e-04 | left: 102s
step 11150 ( 57.5%) | loss: 0.438587 | trade:0.48 call:0.03 put:0.97 | ATM:0.96 OTM:0.04 [seq] | lr: 2.50e-04 | left: 102s
step 11200 ( 57.7%) | loss: 0.541683 | trade:0.01 call:0.74 put:0.26 | ATM:0.79 OTM:0.21 [seq] | lr: 2.50e-04 | left: 102s
step 11250 ( 57.8%) | loss: 0.736178 | trade:0.55 call:0.61 put:0.39 | ATM:0.58 OTM:0.42 [seq] | lr: 2.50e-04 | left: 101s
step 11300 ( 58.1%) | loss: 0.836375 | trade:0.34 call:0.88 put:0.12 | ATM:0.58 OTM:0.42 [seq] | lr: 2.50e-04 | left: 101s
step 11350 ( 58.3%) | loss: 0.646658 | trade:0.98 call:1.00 put:0.00 | ATM:0.21 OTM:0.79 [seq] | lr: 2.50e-04 | left: 100s
step 11400 ( 58.4%) | loss: 0.525726 | trade:0.97 call:1.00 put:0.00 | ATM:0.21 OTM:0.79 [seq] | lr: 2.50e-04 | left: 100s
step 11450 ( 58.6%) | loss: 0.602245 | trade:0.06 call:0.96 put:0.04 | ATM:0.47 OTM:0.53 [seq] | lr: 2.50e-04 | left: 99s
step 11500 ( 58.8%) | loss: 0.432459 | trade:0.01 call:0.66 put:0.34 | ATM:0.38 OTM:0.62 [seq] | lr: 2.50e-04 | left: 99s
step 11550 ( 59.0%) | loss: 0.361358 | trade:0.31 call:0.73 put:0.27 | ATM:0.55 OTM:0.45 [rnd] | lr: 2.50e-04 | left: 98s
step 11600 ( 59.1%) | loss: 0.536361 | trade:0.92 call:1.00 put:0.00 | ATM:0.29 OTM:0.71 [seq] | lr: 2.50e-04 | left: 98s
step 11650 ( 59.3%) | loss: 0.520321 | trade:0.35 call:0.74 put:0.26 | ATM:0.58 OTM:0.42 [rnd] | lr: 2.50e-04 | left: 98s
step 11700 ( 59.5%) | loss: 0.489178 | trade:0.01 call:0.80 put:0.20 | ATM:0.44 OTM:0.56 [seq] | lr: 2.50e-04 | left: 97s
step 11750 ( 59.7%) | loss: 0.515260 | trade:0.29 call:0.81 put:0.19 | ATM:0.55 OTM:0.45 [rnd] | lr: 2.50e-04 | left: 97s
step 11800 ( 59.9%) | loss: 0.418776 | trade:0.95 call:0.99 put:0.01 | ATM:0.42 OTM:0.58 [seq] | lr: 2.50e-04 | left: 96s
step 11850 ( 60.1%) | loss: 0.313468 | trade:0.92 call:0.99 put:0.01 | ATM:0.33 OTM:0.67 [seq] | lr: 2.50e-04 | left: 96s
step 11900 ( 60.3%) | loss: 0.228077 | trade:0.02 call:0.75 put:0.25 | ATM:0.35 OTM:0.65 [seq] | lr: 2.50e-04 | left: 95s
step 11950 ( 60.5%) | loss: 0.830504 | trade:0.01 call:0.82 put:0.18 | ATM:0.82 OTM:0.18 [seq] | lr: 2.50e-04 | left: 95s
step 12000 ( 60.7%) | loss: 0.591202 | trade:0.12 call:0.89 put:0.11 | ATM:0.90 OTM:0.10 [seq] | lr: 2.50e-04 | left: 94s
step 12050 ( 60.9%) | loss: 0.383551 | trade:0.49 call:0.33 put:0.67 | ATM:0.78 OTM:0.22 [seq] | lr: 2.50e-04 | left: 94s
step 12100 ( 61.1%) | loss: 0.615640 | trade:0.46 call:0.88 put:0.12 | ATM:0.52 OTM:0.48 [seq] | lr: 2.50e-04 | left: 93s
step 12150 ( 61.3%) | loss: 0.350565 | trade:0.01 call:0.69 put:0.31 | ATM:0.43 OTM:0.57 [seq] | lr: 2.50e-04 | left: 93s
step 12200 ( 61.6%) | loss: 0.433856 | trade:0.01 call:0.91 put:0.09 | ATM:0.42 OTM:0.58 [seq] | lr: 2.50e-04 | left: 92s
step 12250 ( 62.0%) | loss: 0.530277 | trade:0.01 call:0.88 put:0.12 | ATM:0.62 OTM:0.38 [seq] | lr: 2.50e-04 | left: 91s
step 12300 ( 62.3%) | loss: 0.474261 | trade:0.01 call:0.72 put:0.28 | ATM:0.53 OTM:0.47 [seq] | lr: 2.50e-04 | left: 90s
step 12350 ( 62.7%) | loss: 0.299723 | trade:0.02 call:0.40 put:0.60 | ATM:0.60 OTM:0.40 [seq] | lr: 2.50e-04 | left: 89s
step 12400 ( 63.1%) | loss: 0.421321 | trade:0.01 call:0.83 put:0.17 | ATM:0.76 OTM:0.24 [seq] | lr: 2.50e-04 | left: 89s
step 12450 ( 63.4%) | loss: 0.325904 | trade:0.75 call:0.98 put:0.02 | ATM:0.33 OTM:0.67 [seq] | lr: 2.50e-04 | left: 88s
step 12500 ( 63.8%) | loss: 0.428289 | trade:0.01 call:0.58 put:0.42 | ATM:0.58 OTM:0.42 [seq] | lr: 2.50e-04 | left: 87s
step 12550 ( 64.2%) | loss: 0.435016 | trade:0.04 call:0.71 put:0.29 | ATM:0.61 OTM:0.39 [seq] | lr: 2.50e-04 | left: 86s
step 12600 ( 64.6%) | loss: 0.588709 | trade:0.99 call:0.00 put:1.00 | ATM:0.77 OTM:0.23 [seq] | lr: 2.50e-04 | left: 85s
step 12650 ( 65.0%) | loss: 0.449063 | trade:0.93 call:0.01 put:0.99 | ATM:0.64 OTM:0.36 [seq] | lr: 2.50e-04 | left: 84s
step 12700 ( 65.4%) | loss: 0.453329 | trade:0.01 call:0.51 put:0.49 | ATM:0.51 OTM:0.49 [seq] | lr: 2.50e-04 | left: 83s
step 12750 ( 65.8%) | loss: 0.460783 | trade:0.37 call:0.80 put:0.20 | ATM:0.55 OTM:0.45 [rnd] | lr: 2.50e-04 | left: 82s
step 12800 ( 66.2%) | loss: 0.453935 | trade:0.03 call:0.86 put:0.14 | ATM:0.45 OTM:0.55 [seq] | lr: 2.50e-04 | left: 81s
step 12850 ( 66.5%) | loss: 0.491168 | trade:0.33 call:0.77 put:0.23 | ATM:0.57 OTM:0.43 [rnd] | lr: 2.50e-04 | left: 80s
step 12900 ( 66.9%) | loss: 0.336073 | trade:0.02 call:0.82 put:0.18 | ATM:0.78 OTM:0.22 [seq] | lr: 2.50e-04 | left: 79s
step 12950 ( 67.4%) | loss: 0.534368 | trade:0.35 call:0.75 put:0.25 | ATM:0.57 OTM:0.43 [rnd] | lr: 2.50e-04 | left: 78s
step 13000 ( 67.8%) | loss: 0.923210 | trade:0.57 call:0.47 put:0.53 | ATM:0.74 OTM:0.26 [seq] | lr: 2.50e-04 | left: 77s
step 13050 ( 68.3%) | loss: 0.683404 | trade:0.50 call:0.32 put:0.68 | ATM:0.47 OTM:0.53 [seq] | lr: 2.50e-04 | left: 76s
step 13100 ( 68.7%) | loss: 0.645476 | trade:0.37 call:0.79 put:0.21 | ATM:0.53 OTM:0.47 [rnd] | lr: 2.50e-04 | left: 75s
step 13150 ( 69.1%) | loss: 0.714979 | trade:0.57 call:0.98 put:0.02 | ATM:0.55 OTM:0.45 [seq] | lr: 2.50e-04 | left: 74s
step 13200 ( 69.5%) | loss: 0.561334 | trade:0.43 call:0.86 put:0.14 | ATM:0.50 OTM:0.50 [seq] | lr: 2.50e-04 | left: 73s
step 13250 ( 69.8%) | loss: 0.389667 | trade:0.24 call:0.93 put:0.07 | ATM:0.87 OTM:0.13 [seq] | lr: 2.50e-04 | left: 72s
step 13300 ( 70.2%) | loss: 0.407761 | trade:0.89 call:0.00 put:1.00 | ATM:0.99 OTM:0.01 [seq] | lr: 2.50e-04 | left: 71s
step 13350 ( 70.6%) | loss: 0.425432 | trade:0.53 call:0.93 put:0.07 | ATM:0.68 OTM:0.32 [seq] | lr: 2.50e-04 | left: 71s
step 13400 ( 70.9%) | loss: 0.349944 | trade:0.87 call:0.98 put:0.02 | ATM:0.44 OTM:0.56 [seq] | lr: 2.49e-04 | left: 70s
step 13450 ( 71.3%) | loss: 0.491484 | trade:0.02 call:0.81 put:0.19 | ATM:0.71 OTM:0.29 [seq] | lr: 2.49e-04 | left: 69s
step 13500 ( 71.7%) | loss: 0.329129 | trade:0.01 call:0.77 put:0.23 | ATM:0.59 OTM:0.41 [seq] | lr: 2.48e-04 | left: 68s
step 13550 ( 72.0%) | loss: 0.389921 | trade:0.01 call:0.87 put:0.13 | ATM:0.89 OTM:0.11 [seq] | lr: 2.47e-04 | left: 67s
step 13600 ( 72.4%) | loss: 0.276493 | trade:0.01 call:0.84 put:0.16 | ATM:0.72 OTM:0.28 [seq] | lr: 2.46e-04 | left: 66s
step 13650 ( 72.8%) | loss: 0.363941 | trade:0.01 call:0.69 put:0.31 | ATM:0.40 OTM:0.60 [seq] | lr: 2.45e-04 | left: 65s
step 13700 ( 73.1%) | loss: 0.354452 | trade:0.01 call:0.85 put:0.15 | ATM:0.58 OTM:0.42 [seq] | lr: 2.43e-04 | left: 64s
step 13750 ( 73.5%) | loss: 0.476551 | trade:0.36 call:0.79 put:0.21 | ATM:0.54 OTM:0.46 [rnd] | lr: 2.42e-04 | left: 64s
step 13800 ( 73.9%) | loss: 0.466927 | trade:0.32 call:0.78 put:0.22 | ATM:0.58 OTM:0.42 [rnd] | lr: 2.40e-04 | left: 63s
step 13850 ( 74.3%) | loss: 0.285289 | trade:0.01 call:0.77 put:0.23 | ATM:0.58 OTM:0.42 [seq] | lr: 2.38e-04 | left: 62s
step 13900 ( 74.7%) | loss: 0.378879 | trade:0.02 call:0.76 put:0.24 | ATM:0.47 OTM:0.53 [seq] | lr: 2.35e-04 | left: 61s
step 13950 ( 75.0%) | loss: 0.466480 | trade:0.25 call:0.76 put:0.24 | ATM:0.61 OTM:0.39 [rnd] | lr: 2.33e-04 | left: 60s
step 14000 ( 75.4%) | loss: 0.524110 | trade:0.06 call:0.82 put:0.18 | ATM:0.42 OTM:0.58 [seq] | lr: 2.30e-04 | left: 59s
step 14050 ( 75.8%) | loss: 0.349060 | trade:0.02 call:0.79 put:0.21 | ATM:0.52 OTM:0.48 [seq] | lr: 2.28e-04 | left: 58s
step 14100 ( 76.2%) | loss: 0.325055 | trade:0.01 call:0.24 put:0.76 | ATM:0.84 OTM:0.16 [seq] | lr: 2.25e-04 | left: 57s
step 14150 ( 76.5%) | loss: 0.501306 | trade:0.27 call:0.78 put:0.22 | ATM:0.58 OTM:0.42 [rnd] | lr: 2.22e-04 | left: 56s
step 14200 ( 76.9%) | loss: 0.428087 | trade:0.03 call:0.92 put:0.08 | ATM:0.91 OTM:0.09 [seq] | lr: 2.19e-04 | left: 55s
step 14250 ( 77.3%) | loss: 0.372228 | trade:0.01 call:0.82 put:0.18 | ATM:0.75 OTM:0.25 [seq] | lr: 2.15e-04 | left: 55s
step 14300 ( 77.7%) | loss: 0.427927 | trade:0.35 call:0.74 put:0.26 | ATM:0.57 OTM:0.43 [rnd] | lr: 2.12e-04 | left: 54s
step 14350 ( 78.0%) | loss: 0.450270 | trade:0.02 call:0.66 put:0.34 | ATM:0.32 OTM:0.68 [seq] | lr: 2.08e-04 | left: 53s
step 14400 ( 78.4%) | loss: 0.515567 | trade:0.06 call:0.96 put:0.04 | ATM:0.95 OTM:0.05 [seq] | lr: 2.05e-04 | left: 52s
step 14450 ( 78.8%) | loss: 0.393284 | trade:0.39 call:0.34 put:0.66 | ATM:0.87 OTM:0.13 [seq] | lr: 2.01e-04 | left: 51s
step 14500 ( 79.2%) | loss: 0.344805 | trade:0.01 call:0.78 put:0.22 | ATM:0.50 OTM:0.50 [seq] | lr: 1.97e-04 | left: 50s
step 14550 ( 79.6%) | loss: 0.500741 | trade:0.93 call:0.97 put:0.03 | ATM:0.35 OTM:0.65 [seq] | lr: 1.92e-04 | left: 49s
step 14600 ( 79.9%) | loss: 0.424909 | trade:0.05 call:0.84 put:0.16 | ATM:0.35 OTM:0.65 [seq] | lr: 1.88e-04 | left: 48s
step 14650 ( 80.2%) | loss: 0.435076 | trade:0.01 call:0.79 put:0.21 | ATM:0.55 OTM:0.45 [seq] | lr: 1.85e-04 | left: 47s
step 14700 ( 80.5%) | loss: 0.386828 | trade:0.01 call:0.68 put:0.32 | ATM:0.38 OTM:0.62 [seq] | lr: 1.82e-04 | left: 47s
step 14750 ( 80.9%) | loss: 0.554164 | trade:0.17 call:0.79 put:0.21 | ATM:0.45 OTM:0.55 [seq] | lr: 1.77e-04 | left: 46s
step 14800 ( 81.3%) | loss: 0.420253 | trade:0.04 call:0.82 put:0.18 | ATM:0.54 OTM:0.46 [seq] | lr: 1.72e-04 | left: 45s
step 14850 ( 81.7%) | loss: 0.400683 | trade:0.29 call:0.78 put:0.22 | ATM:0.58 OTM:0.42 [rnd] | lr: 1.67e-04 | left: 44s
step 14900 ( 82.1%) | loss: 0.272453 | trade:0.02 call:0.83 put:0.17 | ATM:0.55 OTM:0.45 [seq] | lr: 1.63e-04 | left: 43s
step 14950 ( 82.4%) | loss: 0.341405 | trade:0.01 call:0.83 put:0.17 | ATM:0.51 OTM:0.49 [seq] | lr: 1.59e-04 | left: 42s
step 15000 ( 82.8%) | loss: 0.506004 | trade:0.37 call:0.41 put:0.59 | ATM:0.58 OTM:0.42 [seq] | lr: 1.53e-04 | left: 41s
step 15050 ( 83.2%) | loss: 0.354070 | trade:0.02 call:0.75 put:0.25 | ATM:0.58 OTM:0.42 [seq] | lr: 1.48e-04 | left: 40s
step 15100 ( 83.5%) | loss: 0.299091 | trade:0.02 call:0.87 put:0.13 | ATM:0.76 OTM:0.24 [seq] | lr: 1.44e-04 | left: 39s
step 15150 ( 83.9%) | loss: 0.383657 | trade:0.01 call:0.85 put:0.15 | ATM:0.66 OTM:0.34 [seq] | lr: 1.39e-04 | left: 39s
step 15200 ( 84.2%) | loss: 0.251183 | trade:0.91 call:0.99 put:0.01 | ATM:0.40 OTM:0.60 [seq] | lr: 1.36e-04 | left: 38s
step 15250 ( 84.6%) | loss: 0.469736 | trade:0.01 call:0.81 put:0.19 | ATM:0.45 OTM:0.55 [seq] | lr: 1.31e-04 | left: 37s
step 15300 ( 84.9%) | loss: 0.589549 | trade:0.33 call:0.77 put:0.23 | ATM:0.58 OTM:0.42 [rnd] | lr: 1.26e-04 | left: 36s
step 15350 ( 85.3%) | loss: 0.343434 | trade:0.01 call:0.97 put:0.03 | ATM:0.94 OTM:0.06 [seq] | lr: 1.21e-04 | left: 35s
step 15400 ( 85.7%) | loss: 0.360973 | trade:0.01 call:0.55 put:0.45 | ATM:0.53 OTM:0.47 [seq] | lr: 1.16e-04 | left: 34s
step 15450 ( 86.1%) | loss: 0.477186 | trade:0.01 call:0.86 put:0.14 | ATM:0.71 OTM:0.29 [seq] | lr: 1.11e-04 | left: 33s
step 15500 ( 86.4%) | loss: 0.481380 | trade:0.04 call:0.25 put:0.75 | ATM:0.41 OTM:0.59 [seq] | lr: 1.07e-04 | left: 33s
step 15550 ( 86.6%) | loss: 0.258577 | trade:0.01 call:0.84 put:0.16 | ATM:0.45 OTM:0.55 [seq] | lr: 1.04e-04 | left: 32s
step 15600 ( 87.0%) | loss: 0.370897 | trade:0.01 call:0.85 put:0.15 | ATM:0.53 OTM:0.47 [seq] | lr: 9.87e-05 | left: 31s
step 15650 ( 87.4%) | loss: 0.426188 | trade:0.01 call:0.87 put:0.13 | ATM:0.67 OTM:0.33 [seq] | lr: 9.39e-05 | left: 30s
step 15700 ( 87.8%) | loss: 0.450777 | trade:0.37 call:0.75 put:0.25 | ATM:0.56 OTM:0.44 [rnd] | lr: 8.90e-05 | left: 29s
step 15750 ( 88.2%) | loss: 0.476581 | trade:0.33 call:0.80 put:0.20 | ATM:0.56 OTM:0.44 [rnd] | lr: 8.44e-05 | left: 28s
step 15800 ( 88.5%) | loss: 0.442802 | trade:0.29 call:0.80 put:0.20 | ATM:0.57 OTM:0.43 [rnd] | lr: 7.97e-05 | left: 27s
step 15850 ( 88.9%) | loss: 0.352139 | trade:0.34 call:0.80 put:0.20 | ATM:0.56 OTM:0.44 [rnd] | lr: 7.54e-05 | left: 27s
step 15900 ( 89.3%) | loss: 0.554181 | trade:0.28 call:0.79 put:0.21 | ATM:0.59 OTM:0.41 [rnd] | lr: 7.09e-05 | left: 26s
step 15950 ( 89.7%) | loss: 0.407879 | trade:0.01 call:0.71 put:0.29 | ATM:0.62 OTM:0.38 [seq] | lr: 6.64e-05 | left: 25s
step 16000 ( 90.0%) | loss: 0.464847 | trade:0.01 call:0.89 put:0.11 | ATM:0.83 OTM:0.17 [seq] | lr: 6.20e-05 | left: 24s
step 16050 ( 90.4%) | loss: 0.394714 | trade:0.02 call:0.90 put:0.10 | ATM:0.83 OTM:0.17 [seq] | lr: 5.78e-05 | left: 23s
step 16100 ( 90.8%) | loss: 0.388262 | trade:0.05 call:0.95 put:0.05 | ATM:0.93 OTM:0.07 [seq] | lr: 5.37e-05 | left: 22s
step 16150 ( 91.2%) | loss: 0.318068 | trade:0.02 call:0.89 put:0.11 | ATM:0.65 OTM:0.35 [seq] | lr: 4.99e-05 | left: 21s
step 16200 ( 91.6%) | loss: 0.637659 | trade:0.26 call:0.75 put:0.25 | ATM:0.58 OTM:0.42 [rnd] | lr: 4.58e-05 | left: 20s
step 16250 ( 91.9%) | loss: 0.528101 | trade:0.30 call:0.76 put:0.24 | ATM:0.57 OTM:0.43 [rnd] | lr: 4.19e-05 | left: 19s
step 16300 ( 92.3%) | loss: 0.403565 | trade:0.33 call:0.80 put:0.20 | ATM:0.57 OTM:0.43 [rnd] | lr: 3.83e-05 | left: 18s
step 16350 ( 92.7%) | loss: 0.529987 | trade:0.33 call:0.78 put:0.22 | ATM:0.55 OTM:0.45 [rnd] | lr: 3.47e-05 | left: 17s
step 16400 ( 93.1%) | loss: 0.617580 | trade:0.01 call:0.65 put:0.35 | ATM:0.48 OTM:0.52 [seq] | lr: 3.12e-05 | left: 17s
step 16450 ( 93.5%) | loss: 0.413033 | trade:0.88 call:0.96 put:0.04 | ATM:0.95 OTM:0.05 [seq] | lr: 2.81e-05 | left: 16s
step 16500 ( 93.8%) | loss: 0.463871 | trade:0.01 call:0.77 put:0.23 | ATM:0.62 OTM:0.38 [seq] | lr: 2.50e-05 | left: 15s
step 16550 ( 94.2%) | loss: 0.536921 | trade:0.30 call:0.80 put:0.20 | ATM:0.55 OTM:0.45 [rnd] | lr: 2.22e-05 | left: 14s
step 16600 ( 94.6%) | loss: 0.533479 | trade:0.02 call:0.77 put:0.23 | ATM:0.35 OTM:0.65 [seq] | lr: 1.94e-05 | left: 13s
step 16650 ( 95.0%) | loss: 0.348132 | trade:0.01 call:0.79 put:0.21 | ATM:0.70 OTM:0.30 [seq] | lr: 1.69e-05 | left: 12s
step 16700 ( 95.4%) | loss: 0.641313 | trade:0.30 call:0.79 put:0.21 | ATM:0.55 OTM:0.45 [rnd] | lr: 1.43e-05 | left: 11s
step 16750 ( 95.8%) | loss: 0.422923 | trade:0.01 call:0.79 put:0.21 | ATM:0.64 OTM:0.36 [seq] | lr: 1.22e-05 | left: 10s
step 16800 ( 96.1%) | loss: 0.517170 | trade:0.27 call:0.77 put:0.23 | ATM:0.60 OTM:0.40 [rnd] | lr: 1.01e-05 | left: 9s
step 16850 ( 96.5%) | loss: 0.659518 | trade:0.31 call:0.77 put:0.23 | ATM:0.55 OTM:0.45 [rnd] | lr: 8.17e-06 | left: 8s
step 16900 ( 96.9%) | loss: 0.471693 | trade:0.77 call:0.99 put:0.01 | ATM:0.38 OTM:0.62 [seq] | lr: 6.46e-06 | left: 7s
step 16950 ( 97.3%) | loss: 0.497099 | trade:0.28 call:0.78 put:0.22 | ATM:0.58 OTM:0.42 [rnd] | lr: 5.00e-06 | left: 6s
step 17000 ( 97.7%) | loss: 0.397586 | trade:0.02 call:0.48 put:0.52 | ATM:0.46 OTM:0.54 [seq] | lr: 3.73e-06 | left: 6s
step 17050 ( 98.1%) | loss: 0.723972 | trade:0.33 call:0.76 put:0.24 | ATM:0.59 OTM:0.41 [rnd] | lr: 2.56e-06 | left: 5s
step 17100 ( 98.4%) | loss: 0.467307 | trade:0.30 call:0.80 put:0.20 | ATM:0.57 OTM:0.43 [rnd] | lr: 1.68e-06 | left: 4s
step 17150 ( 98.8%) | loss: 0.518207 | trade:0.02 call:0.68 put:0.32 | ATM:0.52 OTM:0.48 [seq] | lr: 9.61e-07 | left: 3s
step 17200 ( 99.2%) | loss: 0.411597 | trade:0.02 call:0.77 put:0.23 | ATM:0.44 OTM:0.56 [seq] | lr: 4.45e-07 | left: 2s
step 17250 ( 99.6%) | loss: 0.307638 | trade:0.01 call:0.71 put:0.29 | ATM:0.73 OTM:0.27 [seq] | lr: 1.38e-07 | left: 1s
step 17300 ( 99.9%) | loss: 0.380068 | trade:0.01 call:0.91 put:0.09 | ATM:0.85 OTM:0.15 [seq] | lr: 3.22e-09 | left: 0s

Training done at 245s. Starting evaluation...
Evaluation done in 1s (total wall: 246s)
Model saved to /root/best_model.pt

---
score:              -10.000000
profit_factor:      0.000000
win_rate:           0.000000
avg_winner:         0.000000
avg_loser:          0.000000
trades_per_day:     0.000000
max_consec_loss:    0
num_trades:         1
trade_sharpe:       0.000000
sortino:            0.000000
max_drawdown:       0.000000
calmar:             0.000000
ev_per_trade:       0.000000
do_nothing_pct:     1.000000
exit_pct:           0.000000
model_exit_count:   0
cooldown_blocked:   0
pre_10am_blocked:   0
short_hold_pct:     0.000000
stop_loss_rate:     0.000000
direction_collapse_pct: 0.000000
avg_entry_cost_bps: 300.000000
avg_entry_quality:  0.000000
cost_realism_coverage: 0.000000
high_cost_entry_rate: 1.000000
low_quality_entry_rate: 1.000000
actionable_bar_rate: 0.000000
risk_off_bar_rate:  0.000000
final_capital:      10000.00
equity_sharpe:      0.000000
max_equity_dd:      0.000000
total_dollar_return:0.000000
val_sharpe:         118.037293
total_return:       0.000000
num_val_bars:       260
num_val_days:       5
worst_chunk_pf:     1.00
rr_ratio:           0.0000
avg_hold_bars:      0.00
model_exit_rate:    0.0000
hit_ruin:           False
min_equity_frac:    1.0000
avg_risk_fraction:  0.0000
max_risk_fraction:  0.0000
trades_blocked_by_balance: 0
training_seconds:   240.0
total_seconds:      248.5
peak_vram_mb:       452.7
num_steps:          17309
num_params:         145,064
lookback:           120
depth:              3
d_model:            64
effective_lr:       0.00025
gate_label_smoothing:0.050000
dir_label_smoothing:0.050000
false_entry_penalty:1.500000
/opt/conda/lib/python3.11/site-packages/torch/nn/modules/transformer.py:379: UserWarning: enable_nested_tensor is True, but self.use_nested_tensor is False because encoder_layer.norm_first was True
  warnings.warn(
