Mixed precision: bf16 enabled (Ampere+ GPU detected)
Loading data from: /root/.cache/autoresearch-trading/features/data.pt
Loaded 384870 1-min bars, 32 features, 8 actions
  ~986 trading days
Training:   up to idx 269189
Validation: idx 269190-384869
  Option P&L coverage: 297877/384870 (77%)
Parameters: 145,064
Architecture: v4 simplified two-head (gate+dir), ATM-biased, no ETV
Training from scratch (v4: no warm-start).
Day-sequential batching: 70% sequential, 30% random (batch=16)

Budget: 240s | Batch: 512 | Lookback: 120
LR: 0.00025 | Depth: 3 | d_model: 64 | ff_mult: 3
Dropout: 0.15 | Weight decay: 0.05
Label smoothing: gate=0.05 dir=0.05
Loss weights: gate=0.5, dir=2.0, pnl=0.3
Exit override strength: 0.15 (gate targets flipped on exit bars)
Position state: flat for random batches, tracked for day-sequential

step 00000 (  0.0%) | loss: 0.000000 | trade:0.58 call:0.47 put:0.53 | ATM:0.43 OTM:0.57 [seq] | lr: 0.00e+00 | left: 240s
step 00050 (  0.2%) | loss: 1.194529 | trade:0.56 call:0.55 put:0.45 | ATM:0.42 OTM:0.58 [seq] | lr: 2.93e-06 | left: 240s
step 00100 (  0.5%) | loss: 1.539897 | trade:0.66 call:0.47 put:0.53 | ATM:0.44 OTM:0.56 [seq] | lr: 9.10e-06 | left: 239s
step 00150 (  1.0%) | loss: 1.346253 | trade:0.62 call:0.50 put:0.50 | ATM:0.48 OTM:0.52 [seq] | lr: 1.61e-05 | left: 238s
step 00200 (  1.4%) | loss: 1.045542 | trade:0.66 call:0.47 put:0.53 | ATM:0.46 OTM:0.54 [seq] | lr: 2.32e-05 | left: 237s
step 00250 (  1.8%) | loss: 0.781670 | trade:0.57 call:0.54 put:0.46 | ATM:0.47 OTM:0.53 [seq] | lr: 3.06e-05 | left: 236s
step 00300 (  2.2%) | loss: 1.236000 | trade:0.55 call:0.68 put:0.32 | ATM:0.48 OTM:0.52 [seq] | lr: 3.69e-05 | left: 235s
step 00350 (  2.5%) | loss: 1.263836 | trade:0.47 call:0.67 put:0.33 | ATM:0.47 OTM:0.53 [rnd] | lr: 4.14e-05 | left: 234s
step 00400 (  2.9%) | loss: 1.131577 | trade:0.53 call:0.69 put:0.31 | ATM:0.45 OTM:0.55 [seq] | lr: 4.86e-05 | left: 233s
step 00450 (  3.4%) | loss: 1.272689 | trade:0.20 call:0.72 put:0.28 | ATM:0.48 OTM:0.52 [seq] | lr: 5.60e-05 | left: 232s
step 00500 (  3.6%) | loss: 0.877135 | trade:0.32 call:0.82 put:0.18 | ATM:0.56 OTM:0.44 [seq] | lr: 6.02e-05 | left: 231s
step 00550 (  3.8%) | loss: 1.112687 | trade:0.26 call:0.77 put:0.23 | ATM:0.49 OTM:0.51 [seq] | lr: 6.37e-05 | left: 231s
step 00600 (  4.0%) | loss: 0.827672 | trade:0.31 call:0.90 put:0.10 | ATM:0.57 OTM:0.43 [seq] | lr: 6.70e-05 | left: 230s
step 00650 (  4.2%) | loss: 1.105182 | trade:0.22 call:0.90 put:0.10 | ATM:0.55 OTM:0.45 [seq] | lr: 7.01e-05 | left: 230s
step 00700 (  4.4%) | loss: 1.249567 | trade:0.17 call:0.51 put:0.49 | ATM:0.47 OTM:0.53 [seq] | lr: 7.38e-05 | left: 229s
step 00750 (  4.6%) | loss: 1.464699 | trade:0.11 call:0.47 put:0.53 | ATM:0.48 OTM:0.52 [seq] | lr: 7.75e-05 | left: 229s
step 00800 (  5.0%) | loss: 0.958295 | trade:0.76 call:0.36 put:0.64 | ATM:0.51 OTM:0.49 [seq] | lr: 8.27e-05 | left: 228s
step 00850 (  5.4%) | loss: 0.430677 | trade:0.75 call:0.36 put:0.64 | ATM:0.47 OTM:0.53 [seq] | lr: 8.95e-05 | left: 227s
step 00900 (  5.8%) | loss: 0.766669 | trade:0.84 call:0.95 put:0.06 | ATM:0.59 OTM:0.41 [seq] | lr: 9.66e-05 | left: 226s
step 00950 (  6.2%) | loss: 0.517460 | trade:0.81 call:0.89 put:0.12 | ATM:0.40 OTM:0.60 [seq] | lr: 1.04e-04 | left: 225s
step 01000 (  6.6%) | loss: 0.786883 | trade:0.30 call:0.67 put:0.33 | ATM:0.57 OTM:0.43 [rnd] | lr: 1.11e-04 | left: 224s
step 01050 (  6.9%) | loss: 0.577454 | trade:0.07 call:0.74 put:0.26 | ATM:0.61 OTM:0.39 [seq] | lr: 1.15e-04 | left: 223s
step 01100 (  7.2%) | loss: 0.569673 | trade:0.69 call:0.87 put:0.13 | ATM:0.71 OTM:0.29 [seq] | lr: 1.20e-04 | left: 223s
step 01150 (  7.6%) | loss: 0.606597 | trade:0.72 call:0.97 put:0.03 | ATM:0.65 OTM:0.35 [seq] | lr: 1.27e-04 | left: 222s
step 01200 (  8.0%) | loss: 0.962102 | trade:0.34 call:0.69 put:0.32 | ATM:0.58 OTM:0.42 [rnd] | lr: 1.34e-04 | left: 221s
step 01250 (  8.4%) | loss: 0.926383 | trade:0.34 call:0.68 put:0.32 | ATM:0.61 OTM:0.39 [rnd] | lr: 1.39e-04 | left: 220s
step 01300 (  8.6%) | loss: 0.443100 | trade:0.89 call:0.96 put:0.03 | ATM:0.81 OTM:0.19 [seq] | lr: 1.43e-04 | left: 219s
step 01350 (  8.7%) | loss: 0.615775 | trade:0.36 call:0.68 put:0.32 | ATM:0.60 OTM:0.40 [rnd] | lr: 1.46e-04 | left: 219s
step 01400 (  8.9%) | loss: 0.706676 | trade:0.37 call:0.71 put:0.29 | ATM:0.60 OTM:0.40 [rnd] | lr: 1.49e-04 | left: 219s
step 01450 (  9.1%) | loss: 0.958282 | trade:0.37 call:0.68 put:0.32 | ATM:0.63 OTM:0.37 [rnd] | lr: 1.52e-04 | left: 218s
step 01500 (  9.3%) | loss: 0.635771 | trade:0.00 call:0.67 put:0.33 | ATM:0.61 OTM:0.39 [seq] | lr: 1.55e-04 | left: 218s
step 01550 (  9.5%) | loss: 0.315388 | trade:0.01 call:0.54 put:0.46 | ATM:0.79 OTM:0.21 [seq] | lr: 1.58e-04 | left: 217s
step 01600 (  9.8%) | loss: 0.923264 | trade:0.35 call:0.71 put:0.29 | ATM:0.61 OTM:0.39 [rnd] | lr: 1.63e-04 | left: 216s
step 01650 ( 10.2%) | loss: 0.656478 | trade:0.96 call:0.02 put:0.98 | ATM:0.82 OTM:0.18 [seq] | lr: 1.70e-04 | left: 215s
step 01700 ( 10.7%) | loss: 0.625287 | trade:0.00 call:0.89 put:0.11 | ATM:0.63 OTM:0.37 [seq] | lr: 1.78e-04 | left: 214s
step 01750 ( 11.1%) | loss: 0.306765 | trade:0.52 call:0.92 put:0.08 | ATM:0.86 OTM:0.14 [seq] | lr: 1.85e-04 | left: 213s
step 01800 ( 11.5%) | loss: 0.621589 | trade:0.01 call:0.84 put:0.17 | ATM:0.75 OTM:0.25 [seq] | lr: 1.92e-04 | left: 212s
step 01850 ( 11.8%) | loss: 0.748197 | trade:0.00 call:0.76 put:0.24 | ATM:0.68 OTM:0.32 [seq] | lr: 1.97e-04 | left: 212s
step 01900 ( 12.2%) | loss: 0.608051 | trade:0.00 call:0.97 put:0.03 | ATM:0.83 OTM:0.17 [seq] | lr: 2.03e-04 | left: 211s
step 01950 ( 12.6%) | loss: 0.339421 | trade:0.00 call:0.67 put:0.33 | ATM:0.58 OTM:0.42 [seq] | lr: 2.10e-04 | left: 210s
step 02000 ( 13.0%) | loss: 0.658353 | trade:0.32 call:0.84 put:0.16 | ATM:0.60 OTM:0.40 [seq] | lr: 2.17e-04 | left: 209s
step 02050 ( 13.4%) | loss: 1.233037 | trade:0.35 call:0.72 put:0.28 | ATM:0.59 OTM:0.41 [rnd] | lr: 2.23e-04 | left: 208s
step 02100 ( 13.6%) | loss: 0.878922 | trade:0.33 call:0.73 put:0.26 | ATM:0.59 OTM:0.41 [rnd] | lr: 2.26e-04 | left: 207s
step 02150 ( 13.8%) | loss: 0.723286 | trade:0.36 call:0.74 put:0.26 | ATM:0.57 OTM:0.43 [rnd] | lr: 2.29e-04 | left: 207s
step 02200 ( 14.0%) | loss: 0.584438 | trade:0.36 call:0.77 put:0.22 | ATM:0.56 OTM:0.44 [rnd] | lr: 2.33e-04 | left: 206s
step 02250 ( 14.2%) | loss: 0.467831 | trade:0.00 call:0.99 put:0.01 | ATM:0.84 OTM:0.16 [seq] | lr: 2.37e-04 | left: 206s
step 02300 ( 14.4%) | loss: 0.814707 | trade:0.37 call:0.74 put:0.26 | ATM:0.58 OTM:0.42 [rnd] | lr: 2.40e-04 | left: 205s
step 02350 ( 14.6%) | loss: 0.639027 | trade:0.86 call:0.01 put:0.99 | ATM:0.97 OTM:0.03 [seq] | lr: 2.44e-04 | left: 205s
step 02400 ( 15.0%) | loss: 0.742806 | trade:0.01 call:0.39 put:0.61 | ATM:0.72 OTM:0.28 [seq] | lr: 2.49e-04 | left: 204s
step 02450 ( 15.4%) | loss: 0.765126 | trade:0.34 call:0.73 put:0.28 | ATM:0.57 OTM:0.43 [rnd] | lr: 2.50e-04 | left: 203s
step 02500 ( 15.7%) | loss: 0.580881 | trade:0.00 call:0.82 put:0.18 | ATM:0.76 OTM:0.24 [seq] | lr: 2.50e-04 | left: 202s
step 02550 ( 15.9%) | loss: 0.411076 | trade:0.00 call:0.79 put:0.21 | ATM:0.59 OTM:0.41 [seq] | lr: 2.50e-04 | left: 202s
step 02600 ( 16.1%) | loss: 0.408903 | trade:0.11 call:0.01 put:0.99 | ATM:0.92 OTM:0.08 [seq] | lr: 2.50e-04 | left: 201s
step 02650 ( 16.3%) | loss: 0.401890 | trade:0.94 call:0.02 put:0.98 | ATM:0.67 OTM:0.33 [seq] | lr: 2.50e-04 | left: 201s
step 02700 ( 16.4%) | loss: 0.456127 | trade:0.36 call:0.77 put:0.23 | ATM:0.57 OTM:0.43 [rnd] | lr: 2.50e-04 | left: 201s
step 02750 ( 16.6%) | loss: 0.659162 | trade:0.92 call:1.00 put:0.01 | ATM:0.29 OTM:0.71 [seq] | lr: 2.50e-04 | left: 200s
step 02800 ( 16.8%) | loss: 1.030499 | trade:0.90 call:0.53 put:0.47 | ATM:0.90 OTM:0.10 [seq] | lr: 2.50e-04 | left: 200s
step 02850 ( 17.1%) | loss: 0.601372 | trade:0.00 call:0.64 put:0.36 | ATM:0.59 OTM:0.41 [seq] | lr: 2.50e-04 | left: 199s
step 02900 ( 17.3%) | loss: 0.498250 | trade:0.00 call:0.91 put:0.09 | ATM:0.39 OTM:0.61 [seq] | lr: 2.50e-04 | left: 199s
step 02950 ( 17.5%) | loss: 0.691114 | trade:0.36 call:0.77 put:0.24 | ATM:0.57 OTM:0.43 [rnd] | lr: 2.50e-04 | left: 198s
step 03000 ( 17.7%) | loss: 0.607746 | trade:0.00 call:0.66 put:0.34 | ATM:0.48 OTM:0.52 [seq] | lr: 2.50e-04 | left: 197s
step 03050 ( 17.9%) | loss: 0.560416 | trade:0.00 call:0.75 put:0.25 | ATM:0.36 OTM:0.64 [seq] | lr: 2.50e-04 | left: 197s
step 03100 ( 18.2%) | loss: 0.806483 | trade:0.46 call:0.69 put:0.31 | ATM:0.50 OTM:0.50 [seq] | lr: 2.50e-04 | left: 196s
step 03150 ( 18.4%) | loss: 0.623353 | trade:0.36 call:0.75 put:0.25 | ATM:0.56 OTM:0.44 [rnd] | lr: 2.50e-04 | left: 196s
step 03200 ( 18.6%) | loss: 0.569391 | trade:0.98 call:0.98 put:0.02 | ATM:0.28 OTM:0.72 [seq] | lr: 2.50e-04 | left: 195s
step 03250 ( 18.7%) | loss: 0.718409 | trade:0.68 call:0.06 put:0.94 | ATM:0.94 OTM:0.06 [seq] | lr: 2.50e-04 | left: 195s
step 03300 ( 18.9%) | loss: 0.755653 | trade:0.39 call:0.75 put:0.25 | ATM:0.55 OTM:0.45 [rnd] | lr: 2.50e-04 | left: 195s
step 03350 ( 19.1%) | loss: 0.521082 | trade:0.36 call:0.71 put:0.29 | ATM:0.59 OTM:0.41 [rnd] | lr: 2.50e-04 | left: 194s
step 03400 ( 19.3%) | loss: 0.539691 | trade:0.38 call:0.74 put:0.26 | ATM:0.56 OTM:0.44 [rnd] | lr: 2.50e-04 | left: 194s
step 03450 ( 19.4%) | loss: 0.521022 | trade:0.37 call:0.75 put:0.25 | ATM:0.56 OTM:0.44 [rnd] | lr: 2.50e-04 | left: 193s
step 03500 ( 19.6%) | loss: 0.405849 | trade:0.00 call:0.06 put:0.95 | ATM:0.94 OTM:0.06 [seq] | lr: 2.50e-04 | left: 193s
step 03550 ( 19.8%) | loss: 0.704065 | trade:0.00 call:0.13 put:0.87 | ATM:0.75 OTM:0.25 [seq] | lr: 2.50e-04 | left: 192s
step 03600 ( 20.0%) | loss: 1.083451 | trade:0.33 call:0.73 put:0.27 | ATM:0.57 OTM:0.43 [rnd] | lr: 2.50e-04 | left: 192s
step 03650 ( 20.3%) | loss: 0.770318 | trade:0.36 call:0.77 put:0.23 | ATM:0.55 OTM:0.45 [rnd] | lr: 2.50e-04 | left: 191s
step 03700 ( 20.5%) | loss: 0.662131 | trade:0.36 call:0.76 put:0.24 | ATM:0.56 OTM:0.44 [rnd] | lr: 2.50e-04 | left: 191s
step 03750 ( 20.7%) | loss: 0.578231 | trade:0.00 call:0.93 put:0.07 | ATM:0.36 OTM:0.64 [seq] | lr: 2.50e-04 | left: 190s
step 03800 ( 20.9%) | loss: 0.634213 | trade:0.34 call:0.76 put:0.24 | ATM:0.55 OTM:0.45 [rnd] | lr: 2.50e-04 | left: 190s
step 03850 ( 21.1%) | loss: 0.419748 | trade:0.00 call:0.91 put:0.08 | ATM:0.76 OTM:0.24 [seq] | lr: 2.50e-04 | left: 189s
step 03900 ( 21.3%) | loss: 0.496068 | trade:0.94 call:0.01 put:0.99 | ATM:0.18 OTM:0.82 [seq] | lr: 2.50e-04 | left: 189s
step 03950 ( 21.5%) | loss: 0.894293 | trade:0.38 call:0.76 put:0.24 | ATM:0.54 OTM:0.46 [rnd] | lr: 2.50e-04 | left: 188s
step 04000 ( 21.9%) | loss: 0.733298 | trade:0.37 call:0.75 put:0.25 | ATM:0.55 OTM:0.45 [rnd] | lr: 2.50e-04 | left: 187s
step 04050 ( 22.3%) | loss: 0.566736 | trade:0.27 call:0.83 put:0.17 | ATM:0.76 OTM:0.24 [seq] | lr: 2.50e-04 | left: 186s
step 04100 ( 22.7%) | loss: 0.543950 | trade:0.38 call:0.74 put:0.26 | ATM:0.55 OTM:0.45 [rnd] | lr: 2.50e-04 | left: 186s
step 04150 ( 22.9%) | loss: 0.470921 | trade:0.00 call:0.86 put:0.13 | ATM:0.49 OTM:0.51 [seq] | lr: 2.50e-04 | left: 185s
step 04200 ( 23.1%) | loss: 1.053131 | trade:0.34 call:0.75 put:0.25 | ATM:0.56 OTM:0.44 [rnd] | lr: 2.50e-04 | left: 185s
step 04250 ( 23.3%) | loss: 0.612607 | trade:0.39 call:0.79 put:0.21 | ATM:0.54 OTM:0.46 [rnd] | lr: 2.50e-04 | left: 184s
step 04300 ( 23.5%) | loss: 0.505158 | trade:0.89 call:0.99 put:0.01 | ATM:0.32 OTM:0.68 [seq] | lr: 2.50e-04 | left: 184s
step 04350 ( 23.6%) | loss: 0.413975 | trade:0.01 call:0.78 put:0.22 | ATM:0.35 OTM:0.65 [seq] | lr: 2.50e-04 | left: 183s
step 04400 ( 23.8%) | loss: 0.378202 | trade:0.00 call:0.67 put:0.33 | ATM:0.52 OTM:0.48 [seq] | lr: 2.50e-04 | left: 183s
step 04450 ( 24.1%) | loss: 0.480652 | trade:0.00 call:0.61 put:0.39 | ATM:0.41 OTM:0.59 [seq] | lr: 2.50e-04 | left: 182s
step 04500 ( 24.6%) | loss: 0.770360 | trade:0.36 call:0.75 put:0.25 | ATM:0.56 OTM:0.44 [rnd] | lr: 2.50e-04 | left: 181s
step 04550 ( 25.0%) | loss: 0.776032 | trade:0.34 call:0.73 put:0.27 | ATM:0.55 OTM:0.45 [rnd] | lr: 2.50e-04 | left: 180s
step 04600 ( 25.4%) | loss: 0.716316 | trade:0.85 call:0.01 put:0.98 | ATM:0.71 OTM:0.29 [seq] | lr: 2.50e-04 | left: 179s
step 04650 ( 25.9%) | loss: 0.674035 | trade:0.36 call:0.75 put:0.25 | ATM:0.55 OTM:0.45 [rnd] | lr: 2.50e-04 | left: 178s
step 04700 ( 26.2%) | loss: 0.742461 | trade:0.00 call:0.98 put:0.02 | ATM:0.89 OTM:0.11 [seq] | lr: 2.50e-04 | left: 177s
step 04750 ( 26.5%) | loss: 0.839611 | trade:0.37 call:0.72 put:0.28 | ATM:0.55 OTM:0.45 [rnd] | lr: 2.50e-04 | left: 176s
step 04800 ( 26.9%) | loss: 0.542537 | trade:0.92 call:0.95 put:0.05 | ATM:0.31 OTM:0.69 [seq] | lr: 2.50e-04 | left: 175s
step 04850 ( 27.4%) | loss: 0.739035 | trade:0.46 call:0.88 put:0.13 | ATM:0.38 OTM:0.62 [seq] | lr: 2.50e-04 | left: 174s
step 04900 ( 27.8%) | loss: 0.618264 | trade:0.45 call:0.84 put:0.17 | ATM:0.58 OTM:0.42 [seq] | lr: 2.50e-04 | left: 173s
step 04950 ( 27.9%) | loss: 0.362054 | trade:0.06 call:0.96 put:0.04 | ATM:0.93 OTM:0.07 [seq] | lr: 2.50e-04 | left: 173s
step 05000 ( 28.2%) | loss: 0.564508 | trade:0.89 call:0.77 put:0.23 | ATM:0.53 OTM:0.47 [seq] | lr: 2.50e-04 | left: 172s
step 05050 ( 28.4%) | loss: 0.605949 | trade:0.81 call:0.98 put:0.01 | ATM:0.98 OTM:0.02 [seq] | lr: 2.50e-04 | left: 172s
step 05100 ( 28.6%) | loss: 0.407189 | trade:0.00 call:0.76 put:0.24 | ATM:0.66 OTM:0.34 [seq] | lr: 2.50e-04 | left: 171s
step 05150 ( 28.7%) | loss: 0.604710 | trade:0.89 call:0.83 put:0.17 | ATM:0.59 OTM:0.41 [seq] | lr: 2.50e-04 | left: 171s
step 05200 ( 29.1%) | loss: 0.552589 | trade:0.00 call:0.82 put:0.18 | ATM:0.43 OTM:0.57 [seq] | lr: 2.50e-04 | left: 170s
step 05250 ( 29.5%) | loss: 0.604602 | trade:0.00 call:0.68 put:0.32 | ATM:0.37 OTM:0.63 [seq] | lr: 2.50e-04 | left: 169s
step 05300 ( 29.9%) | loss: 0.532219 | trade:0.01 call:0.99 put:0.01 | ATM:0.98 OTM:0.02 [seq] | lr: 2.50e-04 | left: 168s
step 05350 ( 30.4%) | loss: 0.562214 | trade:0.91 call:0.99 put:0.01 | ATM:0.32 OTM:0.68 [seq] | lr: 2.50e-04 | left: 167s
step 05400 ( 30.8%) | loss: 0.757264 | trade:0.36 call:0.76 put:0.24 | ATM:0.52 OTM:0.48 [rnd] | lr: 2.50e-04 | left: 166s
step 05450 ( 31.2%) | loss: 0.567427 | trade:0.95 call:1.00 put:0.00 | ATM:0.23 OTM:0.77 [seq] | lr: 2.50e-04 | left: 165s
step 05500 ( 31.5%) | loss: 0.668825 | trade:0.37 call:0.74 put:0.26 | ATM:0.54 OTM:0.46 [rnd] | lr: 2.50e-04 | left: 164s
step 05550 ( 32.0%) | loss: 0.742900 | trade:0.91 call:1.00 put:0.00 | ATM:0.23 OTM:0.77 [seq] | lr: 2.50e-04 | left: 163s
step 05600 ( 32.4%) | loss: 0.293040 | trade:0.93 call:1.00 put:0.00 | ATM:0.26 OTM:0.74 [seq] | lr: 2.50e-04 | left: 162s
step 05650 ( 32.8%) | loss: 0.401613 | trade:0.00 call:0.77 put:0.22 | ATM:0.35 OTM:0.65 [seq] | lr: 2.50e-04 | left: 161s
step 05700 ( 33.0%) | loss: 1.522272 | trade:0.38 call:0.74 put:0.26 | ATM:0.53 OTM:0.47 [rnd] | lr: 2.50e-04 | left: 161s
step 05750 ( 33.2%) | loss: 1.338040 | trade:0.94 call:0.98 put:0.01 | ATM:0.51 OTM:0.49 [seq] | lr: 2.50e-04 | left: 160s
step 05800 ( 33.4%) | loss: 0.748437 | trade:0.39 call:0.73 put:0.27 | ATM:0.52 OTM:0.48 [rnd] | lr: 2.50e-04 | left: 160s
step 05850 ( 33.6%) | loss: 0.694182 | trade:0.77 call:0.76 put:0.24 | ATM:0.49 OTM:0.51 [seq] | lr: 2.50e-04 | left: 159s
step 05900 ( 33.8%) | loss: 1.368752 | trade:0.87 call:0.92 put:0.08 | ATM:0.36 OTM:0.64 [seq] | lr: 2.50e-04 | left: 159s
step 05950 ( 34.0%) | loss: 0.908663 | trade:0.96 call:1.00 put:0.00 | ATM:0.19 OTM:0.81 [seq] | lr: 2.50e-04 | left: 158s
step 06000 ( 34.4%) | loss: 0.654354 | trade:0.35 call:0.77 put:0.23 | ATM:0.54 OTM:0.46 [rnd] | lr: 2.50e-04 | left: 157s
step 06050 ( 34.9%) | loss: 0.700607 | trade:0.91 call:0.95 put:0.05 | ATM:0.65 OTM:0.35 [seq] | lr: 2.50e-04 | left: 156s
step 06100 ( 35.3%) | loss: 0.969483 | trade:0.47 call:0.80 put:0.20 | ATM:0.52 OTM:0.48 [seq] | lr: 2.50e-04 | left: 155s
step 06150 ( 35.7%) | loss: 0.855670 | trade:0.37 call:0.73 put:0.28 | ATM:0.53 OTM:0.47 [rnd] | lr: 2.50e-04 | left: 154s
step 06200 ( 36.1%) | loss: 0.826156 | trade:0.97 call:0.01 put:0.99 | ATM:0.62 OTM:0.38 [seq] | lr: 2.50e-04 | left: 153s
step 06250 ( 36.4%) | loss: 0.656777 | trade:0.93 call:0.01 put:0.99 | ATM:0.67 OTM:0.33 [seq] | lr: 2.50e-04 | left: 153s
step 06300 ( 36.8%) | loss: 0.550911 | trade:0.00 call:0.68 put:0.32 | ATM:0.59 OTM:0.41 [seq] | lr: 2.50e-04 | left: 152s
step 06350 ( 37.3%) | loss: 1.210205 | trade:0.98 call:1.00 put:0.00 | ATM:0.26 OTM:0.74 [seq] | lr: 2.50e-04 | left: 150s
step 06400 ( 37.8%) | loss: 1.731516 | trade:0.97 call:0.99 put:0.01 | ATM:0.26 OTM:0.74 [seq] | lr: 2.50e-04 | left: 149s
step 06450 ( 38.0%) | loss: 2.160299 | trade:0.91 call:0.98 put:0.01 | ATM:0.29 OTM:0.71 [seq] | lr: 2.50e-04 | left: 149s
step 06500 ( 38.2%) | loss: 0.678618 | trade:0.00 call:0.77 put:0.23 | ATM:0.33 OTM:0.67 [seq] | lr: 2.50e-04 | left: 148s
step 06550 ( 38.5%) | loss: 0.727743 | trade:0.45 call:0.81 put:0.18 | ATM:0.81 OTM:0.19 [seq] | lr: 2.50e-04 | left: 148s
step 06600 ( 38.7%) | loss: 0.520068 | trade:0.91 call:0.02 put:0.97 | ATM:0.63 OTM:0.37 [seq] | lr: 2.50e-04 | left: 147s
step 06650 ( 38.8%) | loss: 0.483124 | trade:0.89 call:0.01 put:1.00 | ATM:0.68 OTM:0.32 [seq] | lr: 2.50e-04 | left: 147s
step 06700 ( 39.1%) | loss: 0.482648 | trade:0.94 call:0.99 put:0.01 | ATM:0.47 OTM:0.53 [seq] | lr: 2.50e-04 | left: 146s
step 06750 ( 39.4%) | loss: 0.602394 | trade:0.93 call:0.97 put:0.03 | ATM:0.96 OTM:0.04 [seq] | lr: 2.50e-04 | left: 145s
step 06800 ( 39.9%) | loss: 0.702863 | trade:0.00 call:0.33 put:0.67 | ATM:0.61 OTM:0.39 [seq] | lr: 2.50e-04 | left: 144s
step 06850 ( 40.2%) | loss: 0.592585 | trade:0.00 call:0.24 put:0.77 | ATM:0.60 OTM:0.40 [seq] | lr: 2.50e-04 | left: 144s
step 06900 ( 40.5%) | loss: 0.272651 | trade:0.93 call:0.02 put:0.98 | ATM:0.67 OTM:0.33 [seq] | lr: 2.50e-04 | left: 143s
step 06950 ( 40.9%) | loss: 0.639526 | trade:0.36 call:0.73 put:0.28 | ATM:0.53 OTM:0.47 [rnd] | lr: 2.50e-04 | left: 142s
step 07000 ( 41.2%) | loss: 0.331780 | trade:0.95 call:1.00 put:0.00 | ATM:0.43 OTM:0.57 [seq] | lr: 2.50e-04 | left: 141s
step 07050 ( 41.5%) | loss: 0.513743 | trade:0.96 call:1.00 put:0.00 | ATM:0.21 OTM:0.79 [seq] | lr: 2.50e-04 | left: 140s
step 07100 ( 41.8%) | loss: 0.477793 | trade:0.95 call:1.00 put:0.00 | ATM:0.19 OTM:0.81 [seq] | lr: 2.50e-04 | left: 140s
step 07150 ( 42.3%) | loss: 1.438159 | trade:0.36 call:0.72 put:0.28 | ATM:0.51 OTM:0.49 [rnd] | lr: 2.50e-04 | left: 139s
step 07200 ( 42.7%) | loss: 0.626893 | trade:0.92 call:0.96 put:0.04 | ATM:0.31 OTM:0.69 [seq] | lr: 2.50e-04 | left: 137s
step 07250 ( 43.0%) | loss: 0.507398 | trade:0.34 call:0.74 put:0.26 | ATM:0.53 OTM:0.47 [rnd] | lr: 2.50e-04 | left: 137s
step 07300 ( 43.2%) | loss: 0.522888 | trade:0.00 call:0.98 put:0.02 | ATM:0.95 OTM:0.05 [seq] | lr: 2.50e-04 | left: 136s
step 07350 ( 43.4%) | loss: 0.523897 | trade:0.00 call:0.75 put:0.25 | ATM:0.48 OTM:0.52 [seq] | lr: 2.50e-04 | left: 136s
step 07400 ( 43.6%) | loss: 0.591597 | trade:0.37 call:0.75 put:0.25 | ATM:0.53 OTM:0.47 [rnd] | lr: 2.50e-04 | left: 135s
step 07450 ( 43.8%) | loss: 0.540479 | trade:0.36 call:0.75 put:0.25 | ATM:0.52 OTM:0.48 [rnd] | lr: 2.50e-04 | left: 135s
step 07500 ( 44.0%) | loss: 0.473307 | trade:0.00 call:0.33 put:0.68 | ATM:0.79 OTM:0.21 [seq] | lr: 2.50e-04 | left: 135s
step 07550 ( 44.2%) | loss: 0.530353 | trade:0.00 call:0.44 put:0.56 | ATM:0.71 OTM:0.29 [seq] | lr: 2.50e-04 | left: 134s
step 07600 ( 44.6%) | loss: 0.374441 | trade:0.00 call:0.96 put:0.04 | ATM:0.35 OTM:0.65 [seq] | lr: 2.50e-04 | left: 133s
step 07650 ( 45.0%) | loss: 0.625071 | trade:0.35 call:0.75 put:0.25 | ATM:0.52 OTM:0.48 [rnd] | lr: 2.50e-04 | left: 132s
step 07700 ( 45.4%) | loss: 0.458967 | trade:0.37 call:0.75 put:0.25 | ATM:0.50 OTM:0.50 [rnd] | lr: 2.50e-04 | left: 131s
step 07750 ( 45.8%) | loss: 0.478895 | trade:0.00 call:0.69 put:0.31 | ATM:0.55 OTM:0.45 [seq] | lr: 2.50e-04 | left: 130s
step 07800 ( 46.3%) | loss: 0.464257 | trade:0.34 call:0.74 put:0.26 | ATM:0.54 OTM:0.46 [rnd] | lr: 2.50e-04 | left: 129s
step 07850 ( 46.5%) | loss: 0.556590 | trade:0.00 call:0.94 put:0.07 | ATM:0.31 OTM:0.69 [seq] | lr: 2.50e-04 | left: 128s
step 07900 ( 46.9%) | loss: 0.690547 | trade:0.00 call:0.70 put:0.31 | ATM:0.66 OTM:0.34 [seq] | lr: 2.50e-04 | left: 127s
step 07950 ( 47.3%) | loss: 0.377670 | trade:0.35 call:0.75 put:0.26 | ATM:0.52 OTM:0.48 [rnd] | lr: 2.50e-04 | left: 126s
step 08000 ( 47.8%) | loss: 0.476849 | trade:0.94 call:0.00 put:1.00 | ATM:0.64 OTM:0.36 [seq] | lr: 2.50e-04 | left: 125s
step 08050 ( 48.1%) | loss: 0.781293 | trade:0.00 call:0.60 put:0.39 | ATM:0.43 OTM:0.57 [seq] | lr: 2.50e-04 | left: 125s
step 08100 ( 48.3%) | loss: 0.760575 | trade:0.38 call:0.73 put:0.27 | ATM:0.53 OTM:0.47 [rnd] | lr: 2.50e-04 | left: 124s
step 08150 ( 48.5%) | loss: 0.632242 | trade:0.32 call:0.89 put:0.12 | ATM:0.48 OTM:0.52 [seq] | lr: 2.50e-04 | left: 124s
step 08200 ( 48.7%) | loss: 0.693274 | trade:0.22 call:0.78 put:0.22 | ATM:0.52 OTM:0.48 [seq] | lr: 2.50e-04 | left: 123s
step 08250 ( 49.0%) | loss: 0.479120 | trade:0.00 call:0.75 put:0.25 | ATM:0.45 OTM:0.55 [seq] | lr: 2.50e-04 | left: 123s
step 08300 ( 49.2%) | loss: 0.674177 | trade:0.38 call:0.73 put:0.26 | ATM:0.53 OTM:0.47 [rnd] | lr: 2.50e-04 | left: 122s
step 08350 ( 49.6%) | loss: 0.827853 | trade:0.37 call:0.73 put:0.27 | ATM:0.52 OTM:0.48 [rnd] | lr: 2.50e-04 | left: 121s
step 08400 ( 50.1%) | loss: 1.072267 | trade:0.95 call:0.97 put:0.04 | ATM:0.43 OTM:0.57 [seq] | lr: 2.50e-04 | left: 120s
step 08450 ( 50.5%) | loss: 0.685391 | trade:0.33 call:0.77 put:0.23 | ATM:0.53 OTM:0.47 [rnd] | lr: 2.50e-04 | left: 119s
step 08500 ( 50.9%) | loss: 0.324323 | trade:0.00 call:0.70 put:0.30 | ATM:0.35 OTM:0.65 [seq] | lr: 2.50e-04 | left: 118s
step 08550 ( 51.3%) | loss: 0.325583 | trade:0.00 call:0.91 put:0.10 | ATM:0.85 OTM:0.15 [seq] | lr: 2.50e-04 | left: 117s
step 08600 ( 51.5%) | loss: 0.408935 | trade:0.00 call:0.30 put:0.70 | ATM:0.80 OTM:0.20 [seq] | lr: 2.50e-04 | left: 116s
step 08650 ( 51.9%) | loss: 0.615808 | trade:0.00 call:0.21 put:0.79 | ATM:0.72 OTM:0.28 [seq] | lr: 2.50e-04 | left: 115s
step 08700 ( 52.2%) | loss: 0.605275 | trade:0.45 call:0.93 put:0.07 | ATM:0.34 OTM:0.66 [seq] | lr: 2.50e-04 | left: 115s
step 08750 ( 52.6%) | loss: 0.571751 | trade:0.39 call:0.72 put:0.28 | ATM:0.54 OTM:0.46 [rnd] | lr: 2.50e-04 | left: 114s
step 08800 ( 53.0%) | loss: 0.761235 | trade:0.36 call:0.75 put:0.25 | ATM:0.51 OTM:0.49 [rnd] | lr: 2.50e-04 | left: 113s
step 08850 ( 53.2%) | loss: 0.553248 | trade:0.00 call:0.04 put:0.96 | ATM:0.90 OTM:0.10 [seq] | lr: 2.50e-04 | left: 112s
step 08900 ( 53.4%) | loss: 0.552562 | trade:0.90 call:0.96 put:0.04 | ATM:0.93 OTM:0.07 [seq] | lr: 2.50e-04 | left: 112s
step 08950 ( 53.5%) | loss: 0.782690 | trade:0.82 call:0.94 put:0.06 | ATM:0.93 OTM:0.07 [seq] | lr: 2.50e-04 | left: 111s
step 09000 ( 53.7%) | loss: 0.794141 | trade:0.00 call:0.87 put:0.13 | ATM:0.66 OTM:0.34 [seq] | lr: 2.50e-04 | left: 111s
step 09050 ( 53.9%) | loss: 0.336278 | trade:0.34 call:0.75 put:0.25 | ATM:0.52 OTM:0.48 [rnd] | lr: 2.50e-04 | left: 111s
step 09100 ( 54.1%) | loss: 0.727758 | trade:0.36 call:0.76 put:0.24 | ATM:0.52 OTM:0.48 [rnd] | lr: 2.50e-04 | left: 110s
step 09150 ( 54.3%) | loss: 0.308591 | trade:0.89 call:0.99 put:0.01 | ATM:0.47 OTM:0.53 [seq] | lr: 2.50e-04 | left: 110s
step 09200 ( 54.5%) | loss: 0.697726 | trade:0.00 call:0.70 put:0.30 | ATM:0.59 OTM:0.41 [seq] | lr: 2.50e-04 | left: 109s
step 09250 ( 54.8%) | loss: 0.910508 | trade:0.41 call:0.71 put:0.29 | ATM:0.52 OTM:0.48 [rnd] | lr: 2.50e-04 | left: 109s
step 09300 ( 55.0%) | loss: 0.441673 | trade:0.00 call:0.84 put:0.16 | ATM:0.50 OTM:0.50 [seq] | lr: 2.50e-04 | left: 108s
step 09350 ( 55.2%) | loss: 0.922980 | trade:0.00 call:0.26 put:0.74 | ATM:0.47 OTM:0.53 [seq] | lr: 2.50e-04 | left: 107s
step 09400 ( 55.4%) | loss: 0.709833 | trade:0.96 call:0.01 put:0.99 | ATM:0.67 OTM:0.33 [seq] | lr: 2.50e-04 | left: 107s
step 09450 ( 55.6%) | loss: 0.267308 | trade:0.91 call:0.00 put:1.00 | ATM:0.68 OTM:0.32 [seq] | lr: 2.50e-04 | left: 107s
step 09500 ( 55.8%) | loss: 0.556963 | trade:0.00 call:0.58 put:0.42 | ATM:0.43 OTM:0.57 [seq] | lr: 2.50e-04 | left: 106s
step 09550 ( 55.9%) | loss: 0.753679 | trade:0.35 call:0.76 put:0.24 | ATM:0.52 OTM:0.48 [rnd] | lr: 2.50e-04 | left: 106s
step 09600 ( 56.2%) | loss: 0.787139 | trade:0.00 call:0.52 put:0.48 | ATM:0.42 OTM:0.58 [seq] | lr: 2.50e-04 | left: 105s
step 09650 ( 56.4%) | loss: 0.589620 | trade:0.00 call:0.90 put:0.10 | ATM:0.87 OTM:0.13 [seq] | lr: 2.50e-04 | left: 105s
step 09700 ( 56.6%) | loss: 0.295962 | trade:0.00 call:0.77 put:0.23 | ATM:0.52 OTM:0.48 [seq] | lr: 2.50e-04 | left: 104s
step 09750 ( 56.8%) | loss: 0.416228 | trade:0.95 call:0.77 put:0.23 | ATM:0.53 OTM:0.47 [seq] | lr: 2.50e-04 | left: 104s
step 09800 ( 56.9%) | loss: 0.494927 | trade:0.93 call:1.00 put:0.00 | ATM:0.33 OTM:0.67 [seq] | lr: 2.50e-04 | left: 103s
step 09850 ( 57.1%) | loss: 0.420486 | trade:0.00 call:0.83 put:0.17 | ATM:0.35 OTM:0.65 [seq] | lr: 2.50e-04 | left: 103s
step 09900 ( 57.3%) | loss: 0.560951 | trade:0.32 call:0.75 put:0.25 | ATM:0.52 OTM:0.48 [rnd] | lr: 2.50e-04 | left: 102s
step 09950 ( 57.5%) | loss: 0.807607 | trade:0.37 call:0.75 put:0.25 | ATM:0.50 OTM:0.50 [rnd] | lr: 2.50e-04 | left: 102s
step 10000 ( 57.8%) | loss: 0.661408 | trade:0.00 call:0.61 put:0.39 | ATM:0.72 OTM:0.28 [seq] | lr: 2.50e-04 | left: 101s
step 10050 ( 58.0%) | loss: 0.691324 | trade:0.35 call:0.76 put:0.24 | ATM:0.52 OTM:0.48 [rnd] | lr: 2.50e-04 | left: 101s
step 10100 ( 58.2%) | loss: 0.582207 | trade:0.00 call:0.88 put:0.12 | ATM:0.71 OTM:0.29 [seq] | lr: 2.50e-04 | left: 100s
step 10150 ( 58.4%) | loss: 0.630912 | trade:0.38 call:0.74 put:0.26 | ATM:0.54 OTM:0.46 [rnd] | lr: 2.50e-04 | left: 100s
step 10200 ( 58.6%) | loss: 0.562012 | trade:0.38 call:0.73 put:0.27 | ATM:0.51 OTM:0.49 [rnd] | lr: 2.50e-04 | left: 99s
step 10250 ( 58.7%) | loss: 0.489954 | trade:0.35 call:0.75 put:0.26 | ATM:0.51 OTM:0.49 [rnd] | lr: 2.50e-04 | left: 99s
step 10300 ( 58.9%) | loss: 0.350422 | trade:0.00 call:0.86 put:0.14 | ATM:0.45 OTM:0.55 [seq] | lr: 2.50e-04 | left: 99s
step 10350 ( 59.1%) | loss: 0.651171 | trade:0.00 call:0.46 put:0.54 | ATM:0.48 OTM:0.52 [seq] | lr: 2.50e-04 | left: 98s
step 10400 ( 59.3%) | loss: 0.541887 | trade:0.01 call:0.89 put:0.11 | ATM:0.39 OTM:0.61 [seq] | lr: 2.50e-04 | left: 98s
step 10450 ( 59.6%) | loss: 0.697835 | trade:0.93 call:0.97 put:0.03 | ATM:0.41 OTM:0.59 [seq] | lr: 2.50e-04 | left: 97s
step 10500 ( 59.8%) | loss: 0.528588 | trade:0.39 call:0.73 put:0.27 | ATM:0.51 OTM:0.49 [rnd] | lr: 2.50e-04 | left: 97s
step 10550 ( 60.0%) | loss: 0.538048 | trade:0.00 call:0.83 put:0.17 | ATM:0.46 OTM:0.54 [seq] | lr: 2.50e-04 | left: 96s
step 10600 ( 60.2%) | loss: 0.714250 | trade:0.47 call:0.84 put:0.16 | ATM:0.41 OTM:0.59 [seq] | lr: 2.50e-04 | left: 96s
step 10650 ( 60.3%) | loss: 0.555097 | trade:0.97 call:0.02 put:0.98 | ATM:0.76 OTM:0.24 [seq] | lr: 2.50e-04 | left: 95s
step 10700 ( 60.5%) | loss: 0.513517 | trade:0.94 call:0.01 put:0.99 | ATM:0.63 OTM:0.37 [seq] | lr: 2.50e-04 | left: 95s
step 10750 ( 60.7%) | loss: 0.565180 | trade:0.34 call:0.76 put:0.24 | ATM:0.50 OTM:0.50 [rnd] | lr: 2.50e-04 | left: 94s
step 10800 ( 60.9%) | loss: 0.594609 | trade:0.37 call:0.76 put:0.24 | ATM:0.49 OTM:0.51 [rnd] | lr: 2.50e-04 | left: 94s
step 10850 ( 61.2%) | loss: 0.729734 | trade:0.38 call:0.76 put:0.24 | ATM:0.51 OTM:0.49 [rnd] | lr: 2.50e-04 | left: 93s
step 10900 ( 61.5%) | loss: 0.738613 | trade:0.93 call:0.98 put:0.01 | ATM:0.52 OTM:0.48 [seq] | lr: 2.50e-04 | left: 92s
step 10950 ( 61.8%) | loss: 0.764579 | trade:0.35 call:0.71 put:0.29 | ATM:0.50 OTM:0.50 [rnd] | lr: 2.50e-04 | left: 92s
step 11000 ( 62.0%) | loss: 0.726205 | trade:0.36 call:0.73 put:0.27 | ATM:0.50 OTM:0.50 [rnd] | lr: 2.50e-04 | left: 91s
step 11050 ( 62.4%) | loss: 0.540134 | trade:0.34 call:0.72 put:0.28 | ATM:0.50 OTM:0.50 [rnd] | lr: 2.50e-04 | left: 90s
step 11100 ( 62.8%) | loss: 0.763332 | trade:0.96 call:1.00 put:0.00 | ATM:0.36 OTM:0.64 [seq] | lr: 2.50e-04 | left: 89s
step 11150 ( 63.1%) | loss: 0.566517 | trade:0.86 call:0.02 put:0.98 | ATM:0.98 OTM:0.02 [seq] | lr: 2.50e-04 | left: 89s
step 11200 ( 63.3%) | loss: 0.705023 | trade:0.00 call:0.91 put:0.08 | ATM:0.54 OTM:0.46 [seq] | lr: 2.50e-04 | left: 88s
step 11250 ( 63.5%) | loss: 0.756373 | trade:0.62 call:0.43 put:0.57 | ATM:0.62 OTM:0.38 [seq] | lr: 2.50e-04 | left: 88s
step 11300 ( 63.7%) | loss: 0.875298 | trade:0.32 call:0.71 put:0.29 | ATM:0.56 OTM:0.44 [seq] | lr: 2.50e-04 | left: 87s
step 11350 ( 63.9%) | loss: 0.807607 | trade:0.96 call:1.00 put:0.00 | ATM:0.17 OTM:0.83 [seq] | lr: 2.50e-04 | left: 87s
step 11400 ( 64.1%) | loss: 0.678418 | trade:0.93 call:1.00 put:0.00 | ATM:0.19 OTM:0.81 [seq] | lr: 2.50e-04 | left: 86s
step 11450 ( 64.3%) | loss: 0.784527 | trade:0.90 call:0.98 put:0.01 | ATM:0.51 OTM:0.49 [seq] | lr: 2.50e-04 | left: 86s
step 11500 ( 64.7%) | loss: 0.568517 | trade:0.00 call:0.63 put:0.37 | ATM:0.30 OTM:0.70 [seq] | lr: 2.50e-04 | left: 85s
step 11550 ( 64.9%) | loss: 0.464441 | trade:0.36 call:0.75 put:0.25 | ATM:0.50 OTM:0.50 [rnd] | lr: 2.50e-04 | left: 84s
step 11600 ( 65.1%) | loss: 0.708672 | trade:0.92 call:1.00 put:0.00 | ATM:0.29 OTM:0.71 [seq] | lr: 2.50e-04 | left: 84s
step 11650 ( 65.3%) | loss: 0.688269 | trade:0.35 call:0.78 put:0.22 | ATM:0.51 OTM:0.49 [rnd] | lr: 2.50e-04 | left: 83s
step 11700 ( 65.5%) | loss: 0.651396 | trade:0.00 call:0.76 put:0.24 | ATM:0.44 OTM:0.56 [seq] | lr: 2.50e-04 | left: 83s
step 11750 ( 65.7%) | loss: 0.669598 | trade:0.35 call:0.73 put:0.27 | ATM:0.49 OTM:0.51 [rnd] | lr: 2.50e-04 | left: 82s
step 11800 ( 65.9%) | loss: 0.550214 | trade:0.95 call:0.96 put:0.04 | ATM:0.42 OTM:0.58 [seq] | lr: 2.50e-04 | left: 82s
step 11850 ( 66.1%) | loss: 0.413038 | trade:0.92 call:0.99 put:0.00 | ATM:0.33 OTM:0.67 [seq] | lr: 2.50e-04 | left: 81s
step 11900 ( 66.3%) | loss: 0.300724 | trade:0.00 call:0.81 put:0.19 | ATM:0.30 OTM:0.70 [seq] | lr: 2.50e-04 | left: 81s
step 11950 ( 66.6%) | loss: 0.803151 | trade:0.00 call:0.73 put:0.27 | ATM:0.50 OTM:0.50 [seq] | lr: 2.50e-04 | left: 80s
step 12000 ( 66.8%) | loss: 0.753185 | trade:0.80 call:0.95 put:0.05 | ATM:0.93 OTM:0.07 [seq] | lr: 2.50e-04 | left: 80s
step 12050 ( 67.1%) | loss: 0.357152 | trade:0.48 call:0.24 put:0.76 | ATM:0.68 OTM:0.32 [seq] | lr: 2.50e-04 | left: 79s
step 12100 ( 67.6%) | loss: 0.742000 | trade:0.45 call:0.62 put:0.38 | ATM:0.54 OTM:0.46 [seq] | lr: 2.50e-04 | left: 78s
step 12150 ( 68.0%) | loss: 0.454164 | trade:0.00 call:0.65 put:0.35 | ATM:0.44 OTM:0.56 [seq] | lr: 2.50e-04 | left: 77s
step 12200 ( 68.3%) | loss: 0.564100 | trade:0.00 call:0.98 put:0.03 | ATM:0.35 OTM:0.65 [seq] | lr: 2.50e-04 | left: 76s
step 12250 ( 68.5%) | loss: 0.685212 | trade:0.00 call:0.88 put:0.12 | ATM:0.47 OTM:0.53 [seq] | lr: 2.50e-04 | left: 76s
step 12300 ( 68.7%) | loss: 0.615811 | trade:0.00 call:0.45 put:0.55 | ATM:0.45 OTM:0.55 [seq] | lr: 2.50e-04 | left: 75s
step 12350 ( 68.8%) | loss: 0.393365 | trade:0.00 call:0.48 put:0.52 | ATM:0.48 OTM:0.52 [seq] | lr: 2.50e-04 | left: 75s
step 12400 ( 69.0%) | loss: 0.548139 | trade:0.00 call:0.79 put:0.21 | ATM:0.41 OTM:0.59 [seq] | lr: 2.50e-04 | left: 74s
step 12450 ( 69.2%) | loss: 0.430856 | trade:0.94 call:0.99 put:0.01 | ATM:0.32 OTM:0.68 [seq] | lr: 2.50e-04 | left: 74s
step 12500 ( 69.5%) | loss: 0.557388 | trade:0.00 call:0.60 put:0.40 | ATM:0.42 OTM:0.58 [seq] | lr: 2.50e-04 | left: 73s
step 12550 ( 69.9%) | loss: 0.477250 | trade:0.00 call:0.62 put:0.37 | ATM:0.42 OTM:0.58 [seq] | lr: 2.50e-04 | left: 72s
step 12600 ( 70.3%) | loss: 0.762295 | trade:0.97 call:0.01 put:1.00 | ATM:0.68 OTM:0.32 [seq] | lr: 2.50e-04 | left: 71s
step 12650 ( 70.8%) | loss: 0.575862 | trade:0.94 call:0.01 put:0.99 | ATM:0.59 OTM:0.41 [seq] | lr: 2.50e-04 | left: 70s
step 12700 ( 71.2%) | loss: 0.598670 | trade:0.00 call:0.45 put:0.55 | ATM:0.41 OTM:0.59 [seq] | lr: 2.49e-04 | left: 69s
step 12750 ( 71.6%) | loss: 0.600363 | trade:0.33 call:0.73 put:0.27 | ATM:0.52 OTM:0.48 [rnd] | lr: 2.48e-04 | left: 68s
step 12800 ( 71.8%) | loss: 0.599784 | trade:0.00 call:0.82 put:0.18 | ATM:0.39 OTM:0.61 [seq] | lr: 2.48e-04 | left: 68s
step 12850 ( 72.2%) | loss: 0.640766 | trade:0.35 call:0.74 put:0.25 | ATM:0.51 OTM:0.49 [rnd] | lr: 2.47e-04 | left: 67s
step 12900 ( 72.6%) | loss: 0.385794 | trade:0.00 call:0.40 put:0.60 | ATM:0.54 OTM:0.46 [seq] | lr: 2.45e-04 | left: 66s
step 12950 ( 73.1%) | loss: 0.622004 | trade:0.35 call:0.71 put:0.29 | ATM:0.52 OTM:0.48 [rnd] | lr: 2.44e-04 | left: 65s
step 13000 ( 73.3%) | loss: 1.080372 | trade:0.49 call:0.46 put:0.54 | ATM:0.68 OTM:0.32 [seq] | lr: 2.43e-04 | left: 64s
step 13050 ( 73.5%) | loss: 0.855016 | trade:0.45 call:0.37 put:0.63 | ATM:0.49 OTM:0.51 [seq] | lr: 2.42e-04 | left: 63s
step 13100 ( 73.8%) | loss: 0.808545 | trade:0.33 call:0.77 put:0.23 | ATM:0.50 OTM:0.50 [rnd] | lr: 2.40e-04 | left: 63s
step 13150 ( 74.0%) | loss: 0.932591 | trade:0.91 call:0.98 put:0.01 | ATM:0.47 OTM:0.53 [seq] | lr: 2.39e-04 | left: 62s
step 13200 ( 74.2%) | loss: 0.729720 | trade:0.92 call:0.86 put:0.14 | ATM:0.40 OTM:0.60 [seq] | lr: 2.38e-04 | left: 62s
step 13250 ( 74.4%) | loss: 0.509849 | trade:0.88 call:0.95 put:0.05 | ATM:0.92 OTM:0.08 [seq] | lr: 2.37e-04 | left: 62s
step 13300 ( 74.7%) | loss: 0.539296 | trade:0.93 call:0.01 put:0.99 | ATM:0.96 OTM:0.04 [seq] | lr: 2.35e-04 | left: 61s
step 13350 ( 75.1%) | loss: 0.557138 | trade:0.90 call:0.95 put:0.05 | ATM:0.91 OTM:0.09 [seq] | lr: 2.32e-04 | left: 60s
step 13400 ( 75.5%) | loss: 0.455882 | trade:0.91 call:0.98 put:0.02 | ATM:0.50 OTM:0.50 [seq] | lr: 2.30e-04 | left: 59s
step 13450 ( 76.0%) | loss: 0.650276 | trade:0.00 call:0.80 put:0.20 | ATM:0.43 OTM:0.57 [seq] | lr: 2.26e-04 | left: 58s
step 13500 ( 76.4%) | loss: 0.426913 | trade:0.00 call:0.97 put:0.03 | ATM:0.94 OTM:0.06 [seq] | lr: 2.23e-04 | left: 57s
step 13550 ( 76.7%) | loss: 0.510861 | trade:0.00 call:0.85 put:0.15 | ATM:0.49 OTM:0.51 [seq] | lr: 2.20e-04 | left: 56s
step 13600 ( 77.1%) | loss: 0.357558 | trade:0.00 call:0.95 put:0.04 | ATM:0.84 OTM:0.16 [seq] | lr: 2.17e-04 | left: 55s
step 13650 ( 77.4%) | loss: 0.482264 | trade:0.00 call:0.77 put:0.22 | ATM:0.39 OTM:0.61 [seq] | lr: 2.14e-04 | left: 54s
step 13700 ( 77.9%) | loss: 0.467859 | trade:0.00 call:0.81 put:0.19 | ATM:0.41 OTM:0.59 [seq] | lr: 2.10e-04 | left: 53s
step 13750 ( 78.2%) | loss: 0.551499 | trade:0.37 call:0.75 put:0.25 | ATM:0.50 OTM:0.50 [rnd] | lr: 2.06e-04 | left: 52s
step 13800 ( 78.4%) | loss: 0.613069 | trade:0.35 call:0.75 put:0.25 | ATM:0.48 OTM:0.52 [rnd] | lr: 2.04e-04 | left: 52s
step 13850 ( 78.6%) | loss: 0.362566 | trade:0.00 call:0.91 put:0.09 | ATM:0.33 OTM:0.67 [seq] | lr: 2.03e-04 | left: 51s
step 13900 ( 78.8%) | loss: 0.491929 | trade:0.00 call:0.98 put:0.02 | ATM:0.35 OTM:0.65 [seq] | lr: 2.01e-04 | left: 51s
step 13950 ( 79.0%) | loss: 0.622047 | trade:0.35 call:0.76 put:0.24 | ATM:0.50 OTM:0.50 [rnd] | lr: 1.99e-04 | left: 50s
step 14000 ( 79.2%) | loss: 0.684445 | trade:0.00 call:0.74 put:0.26 | ATM:0.35 OTM:0.65 [seq] | lr: 1.97e-04 | left: 50s
step 14050 ( 79.3%) | loss: 0.456593 | trade:0.00 call:0.80 put:0.20 | ATM:0.69 OTM:0.31 [seq] | lr: 1.95e-04 | left: 50s
step 14100 ( 79.6%) | loss: 0.424133 | trade:0.00 call:0.52 put:0.48 | ATM:0.48 OTM:0.52 [seq] | lr: 1.92e-04 | left: 49s
step 14150 ( 80.0%) | loss: 0.664201 | trade:0.35 call:0.76 put:0.24 | ATM:0.49 OTM:0.51 [rnd] | lr: 1.87e-04 | left: 48s
step 14200 ( 80.5%) | loss: 0.558720 | trade:0.00 call:0.26 put:0.74 | ATM:0.75 OTM:0.25 [seq] | lr: 1.82e-04 | left: 47s
step 14250 ( 80.9%) | loss: 0.493106 | trade:0.00 call:0.71 put:0.29 | ATM:0.53 OTM:0.47 [seq] | lr: 1.77e-04 | left: 46s
step 14300 ( 81.3%) | loss: 0.560338 | trade:0.38 call:0.75 put:0.25 | ATM:0.51 OTM:0.49 [rnd] | lr: 1.72e-04 | left: 45s
step 14350 ( 81.7%) | loss: 0.587819 | trade:0.00 call:0.73 put:0.26 | ATM:0.35 OTM:0.65 [seq] | lr: 1.68e-04 | left: 44s
step 14400 ( 82.0%) | loss: 0.686005 | trade:0.00 call:0.89 put:0.12 | ATM:0.83 OTM:0.17 [seq] | lr: 1.63e-04 | left: 43s
step 14450 ( 82.4%) | loss: 0.469294 | trade:0.44 call:0.12 put:0.88 | ATM:0.82 OTM:0.18 [seq] | lr: 1.58e-04 | left: 42s
step 14500 ( 82.8%) | loss: 0.390964 | trade:0.00 call:0.68 put:0.32 | ATM:0.56 OTM:0.44 [seq] | lr: 1.53e-04 | left: 41s
step 14550 ( 83.2%) | loss: 0.636030 | trade:0.93 call:0.99 put:0.01 | ATM:0.37 OTM:0.63 [seq] | lr: 1.48e-04 | left: 40s
step 14600 ( 83.4%) | loss: 0.558231 | trade:0.00 call:0.77 put:0.23 | ATM:0.31 OTM:0.69 [seq] | lr: 1.46e-04 | left: 40s
step 14650 ( 83.6%) | loss: 0.576455 | trade:0.00 call:0.71 put:0.28 | ATM:0.41 OTM:0.59 [seq] | lr: 1.43e-04 | left: 39s
step 14700 ( 83.8%) | loss: 0.429581 | trade:0.00 call:0.73 put:0.27 | ATM:0.32 OTM:0.68 [seq] | lr: 1.40e-04 | left: 39s
step 14750 ( 84.0%) | loss: 0.599600 | trade:0.00 call:0.79 put:0.21 | ATM:0.36 OTM:0.64 [seq] | lr: 1.38e-04 | left: 38s
step 14800 ( 84.2%) | loss: 0.534414 | trade:0.00 call:0.77 put:0.23 | ATM:0.47 OTM:0.53 [seq] | lr: 1.35e-04 | left: 38s
step 14850 ( 84.4%) | loss: 0.540355 | trade:0.38 call:0.77 put:0.23 | ATM:0.49 OTM:0.51 [rnd] | lr: 1.33e-04 | left: 37s
step 14900 ( 84.7%) | loss: 0.353810 | trade:0.00 call:0.79 put:0.21 | ATM:0.40 OTM:0.60 [seq] | lr: 1.29e-04 | left: 37s
step 14950 ( 85.1%) | loss: 0.448255 | trade:0.00 call:0.69 put:0.31 | ATM:0.43 OTM:0.57 [seq] | lr: 1.23e-04 | left: 36s
step 15000 ( 85.6%) | loss: 0.610506 | trade:0.46 call:0.53 put:0.47 | ATM:0.43 OTM:0.57 [seq] | lr: 1.17e-04 | left: 35s
step 15050 ( 86.0%) | loss: 0.461806 | trade:0.00 call:0.73 put:0.27 | ATM:0.38 OTM:0.62 [seq] | lr: 1.12e-04 | left: 34s
step 15100 ( 86.4%) | loss: 0.397218 | trade:0.00 call:0.84 put:0.15 | ATM:0.41 OTM:0.59 [seq] | lr: 1.06e-04 | left: 33s
step 15150 ( 86.7%) | loss: 0.509130 | trade:0.00 call:0.70 put:0.30 | ATM:0.39 OTM:0.61 [seq] | lr: 1.03e-04 | left: 32s
step 15200 ( 87.0%) | loss: 0.331090 | trade:0.95 call:0.92 put:0.08 | ATM:0.40 OTM:0.60 [seq] | lr: 9.92e-05 | left: 31s
step 15250 ( 87.4%) | loss: 0.618140 | trade:0.00 call:0.81 put:0.19 | ATM:0.41 OTM:0.59 [seq] | lr: 9.39e-05 | left: 30s
step 15300 ( 87.8%) | loss: 0.776163 | trade:0.36 call:0.77 put:0.23 | ATM:0.51 OTM:0.49 [rnd] | lr: 8.84e-05 | left: 29s
step 15350 ( 88.3%) | loss: 0.419644 | trade:0.00 call:0.95 put:0.04 | ATM:0.94 OTM:0.06 [seq] | lr: 8.33e-05 | left: 28s
step 15400 ( 88.4%) | loss: 0.465661 | trade:0.00 call:0.48 put:0.52 | ATM:0.60 OTM:0.40 [seq] | lr: 8.10e-05 | left: 28s
step 15450 ( 88.7%) | loss: 0.635542 | trade:0.00 call:0.79 put:0.21 | ATM:0.41 OTM:0.59 [seq] | lr: 7.83e-05 | left: 27s
step 15500 ( 88.9%) | loss: 0.637062 | trade:0.00 call:0.38 put:0.62 | ATM:0.38 OTM:0.62 [seq] | lr: 7.57e-05 | left: 27s
step 15550 ( 89.1%) | loss: 0.342956 | trade:0.00 call:0.94 put:0.06 | ATM:0.38 OTM:0.62 [seq] | lr: 7.35e-05 | left: 26s
step 15600 ( 89.2%) | loss: 0.493035 | trade:0.00 call:0.71 put:0.29 | ATM:0.45 OTM:0.55 [seq] | lr: 7.13e-05 | left: 26s
step 15650 ( 89.4%) | loss: 0.556980 | trade:0.00 call:0.89 put:0.11 | ATM:0.35 OTM:0.65 [seq] | lr: 6.92e-05 | left: 25s
step 15700 ( 89.7%) | loss: 0.588991 | trade:0.39 call:0.76 put:0.24 | ATM:0.51 OTM:0.49 [rnd] | lr: 6.61e-05 | left: 25s
step 15750 ( 90.1%) | loss: 0.640076 | trade:0.36 call:0.75 put:0.26 | ATM:0.50 OTM:0.50 [rnd] | lr: 6.14e-05 | left: 24s
step 15800 ( 90.5%) | loss: 0.541254 | trade:0.34 call:0.76 put:0.24 | ATM:0.48 OTM:0.52 [rnd] | lr: 5.66e-05 | left: 23s
step 15850 ( 90.9%) | loss: 0.460024 | trade:0.34 call:0.75 put:0.25 | ATM:0.50 OTM:0.50 [rnd] | lr: 5.21e-05 | left: 22s
step 15900 ( 91.4%) | loss: 0.733816 | trade:0.36 call:0.77 put:0.22 | ATM:0.48 OTM:0.52 [rnd] | lr: 4.76e-05 | left: 21s
step 15950 ( 91.7%) | loss: 0.539681 | trade:0.00 call:0.83 put:0.17 | ATM:0.63 OTM:0.37 [seq] | lr: 4.39e-05 | left: 20s
step 16000 ( 92.0%) | loss: 0.618176 | trade:0.00 call:0.67 put:0.33 | ATM:0.43 OTM:0.57 [seq] | lr: 4.17e-05 | left: 19s
step 16050 ( 92.3%) | loss: 0.520768 | trade:0.00 call:0.88 put:0.12 | ATM:0.56 OTM:0.44 [seq] | lr: 3.82e-05 | left: 18s
step 16100 ( 92.8%) | loss: 0.517232 | trade:0.01 call:0.94 put:0.06 | ATM:0.93 OTM:0.07 [seq] | lr: 3.43e-05 | left: 17s
step 16150 ( 93.1%) | loss: 0.418274 | trade:0.00 call:0.68 put:0.32 | ATM:0.40 OTM:0.60 [seq] | lr: 3.08e-05 | left: 16s
step 16200 ( 93.4%) | loss: 0.838537 | trade:0.36 call:0.75 put:0.25 | ATM:0.50 OTM:0.50 [rnd] | lr: 2.85e-05 | left: 16s
step 16250 ( 93.6%) | loss: 0.705868 | trade:0.36 call:0.76 put:0.24 | ATM:0.50 OTM:0.50 [rnd] | lr: 2.69e-05 | left: 15s
step 16300 ( 93.8%) | loss: 0.535198 | trade:0.36 call:0.78 put:0.22 | ATM:0.51 OTM:0.49 [rnd] | lr: 2.55e-05 | left: 15s
step 16350 ( 94.0%) | loss: 0.682513 | trade:0.34 call:0.74 put:0.26 | ATM:0.51 OTM:0.49 [rnd] | lr: 2.40e-05 | left: 14s
step 16400 ( 94.2%) | loss: 0.818668 | trade:0.00 call:0.84 put:0.16 | ATM:0.44 OTM:0.56 [seq] | lr: 2.24e-05 | left: 14s
step 16450 ( 94.4%) | loss: 0.550425 | trade:0.91 call:0.95 put:0.05 | ATM:0.95 OTM:0.05 [seq] | lr: 2.11e-05 | left: 14s
step 16500 ( 94.6%) | loss: 0.621310 | trade:0.00 call:0.84 put:0.16 | ATM:0.68 OTM:0.32 [seq] | lr: 1.97e-05 | left: 13s
step 16550 ( 94.8%) | loss: 0.707716 | trade:0.34 call:0.77 put:0.23 | ATM:0.50 OTM:0.50 [rnd] | lr: 1.83e-05 | left: 13s
step 16600 ( 95.1%) | loss: 0.708265 | trade:0.00 call:0.68 put:0.32 | ATM:0.36 OTM:0.64 [seq] | lr: 1.59e-05 | left: 12s
step 16650 ( 95.6%) | loss: 0.455180 | trade:0.00 call:0.65 put:0.35 | ATM:0.81 OTM:0.19 [seq] | lr: 1.33e-05 | left: 11s
step 16700 ( 96.0%) | loss: 0.793897 | trade:0.39 call:0.76 put:0.24 | ATM:0.50 OTM:0.50 [rnd] | lr: 1.07e-05 | left: 10s
step 16750 ( 96.4%) | loss: 0.563465 | trade:0.00 call:0.80 put:0.20 | ATM:0.52 OTM:0.48 [seq] | lr: 8.61e-06 | left: 9s
step 16800 ( 96.8%) | loss: 0.694153 | trade:0.36 call:0.74 put:0.26 | ATM:0.50 OTM:0.50 [rnd] | lr: 6.98e-06 | left: 8s
step 16850 ( 97.1%) | loss: 0.875687 | trade:0.35 call:0.75 put:0.25 | ATM:0.50 OTM:0.50 [rnd] | lr: 5.86e-06 | left: 7s
step 16900 ( 97.3%) | loss: 0.620546 | trade:0.90 call:0.98 put:0.02 | ATM:0.42 OTM:0.58 [seq] | lr: 4.80e-06 | left: 6s
step 16950 ( 97.6%) | loss: 0.661420 | trade:0.39 call:0.76 put:0.24 | ATM:0.50 OTM:0.50 [rnd] | lr: 4.07e-06 | left: 6s
step 17000 ( 97.8%) | loss: 0.534114 | trade:0.00 call:0.72 put:0.28 | ATM:0.45 OTM:0.55 [seq] | lr: 3.21e-06 | left: 5s
step 17050 ( 98.0%) | loss: 0.971535 | trade:0.36 call:0.75 put:0.25 | ATM:0.49 OTM:0.51 [rnd] | lr: 2.65e-06 | left: 5s
step 17100 ( 98.2%) | loss: 0.625762 | trade:0.36 call:0.78 put:0.22 | ATM:0.50 OTM:0.50 [rnd] | lr: 2.19e-06 | left: 4s
step 17150 ( 98.4%) | loss: 0.683832 | trade:0.00 call:0.57 put:0.43 | ATM:0.40 OTM:0.60 [seq] | lr: 1.70e-06 | left: 4s
step 17200 ( 98.6%) | loss: 0.548380 | trade:0.00 call:0.75 put:0.25 | ATM:0.38 OTM:0.62 [seq] | lr: 1.34e-06 | left: 3s
step 17250 ( 98.8%) | loss: 0.410170 | trade:0.00 call:0.77 put:0.23 | ATM:0.47 OTM:0.53 [seq] | lr: 1.03e-06 | left: 3s
step 17300 ( 99.0%) | loss: 0.509392 | trade:0.00 call:0.96 put:0.04 | ATM:0.52 OTM:0.48 [seq] | lr: 7.25e-07 | left: 2s
step 17350 ( 99.2%) | loss: 0.737746 | trade:0.37 call:0.76 put:0.24 | ATM:0.50 OTM:0.50 [rnd] | lr: 4.84e-07 | left: 2s
step 17400 ( 99.4%) | loss: 0.662022 | trade:0.36 call:0.75 put:0.25 | ATM:0.50 OTM:0.50 [rnd] | lr: 2.82e-07 | left: 2s
step 17450 ( 99.6%) | loss: 0.580702 | trade:0.89 call:0.07 put:0.93 | ATM:0.64 OTM:0.36 [seq] | lr: 1.34e-07 | left: 1s
step 17500 ( 99.8%) | loss: 0.612008 | trade:0.00 call:0.81 put:0.19 | ATM:0.66 OTM:0.34 [seq] | lr: 3.37e-08 | left: 1s
step 17550 (100.0%) | loss: 0.790557 | trade:0.35 call:0.76 put:0.24 | ATM:0.49 OTM:0.51 [rnd] | lr: 3.00e-11 | left: 0s

Training done at 245s. Starting evaluation...
Evaluation done in 1s (total wall: 246s)
Model saved to /root/best_model.pt
Trade log: 9 trades -> /root/trade_log.csv

=== TRADE DIAGNOSTICS ===

Worst 5 trades:
  2025-09-17 2025-09-17 14:02 CALL_ATM 6600.0 PnL=-3441.49% hold=1bars exit=model_exit
  2025-09-17 2025-09-17 14:00 CALL_ATM 6600.0 PnL=-2771.06% hold=1bars exit=model_exit
  2025-09-17 2025-09-17 13:10 CALL_ATM 6600.0 PnL=-393.59% hold=2bars exit=model_exit
  2025-09-17 2025-09-17 13:17 CALL_ATM 6600.0 PnL=-381.18% hold=3bars exit=model_exit
  2025-09-17 2025-09-17 13:08 CALL_ATM 6600.0 PnL=-129.29% hold=1bars exit=model_exit
Best 5 trades:
  2025-09-17 2025-09-17 13:08 CALL_ATM 6600.0 PnL=-129.29% hold=1bars exit=model_exit
  2025-09-17 2025-09-17 13:22 CALL_ATM 6600.0 PnL=-30.21% hold=5bars exit=model_exit
  2025-09-17 2025-09-17 13:13 CALL_ATM 6600.0 PnL=+46.61% hold=1bars exit=model_exit
  2025-09-17 2025-09-17 13:00 CALL_ATM 6600.0 PnL=+157.11% hold=7bars exit=model_exit
  2025-09-17 2025-09-17 13:29 CALL_ATM 6600.0 PnL=+445.04% hold=3bars exit=model_exit

Time-of-day breakdown:
  Lunch(11:30-13:30): 9 trades, WR=33.3%, avg=-722.01%

Direction breakdown:
  CALL: 9 trades, WR=33.3%, avg=-722.01%

Exit reasons:
  model_exit: 9 (100.0%)

Stop-loss alignment: MULTI-LEVEL (tight/med/wide selected by IV+VIX)
=== END DIAGNOSTICS ===

---
score:              -0.724991
profit_factor:      0.090775
win_rate:           0.333333
avg_winner:         0.021625
avg_loser:          -0.119114
trades_per_day:     1.800000
max_consec_loss:    2
num_trades:         9
trade_sharpe:       -11.092608
sortino:            -10.216306
max_drawdown:       -0.665518
calmar:             -0.976393
ev_per_trade:       -0.072201
do_nothing_pct:     0.819231
exit_pct:           0.034615
model_exit_count:   9
cooldown_blocked:   0
pre_10am_blocked:   23
short_hold_pct:     0.000000
stop_loss_rate:     0.000000
direction_collapse_pct: 1.000000
avg_entry_cost_bps: 476.587000
avg_entry_quality:  0.707000
cost_realism_coverage: 1.000000
high_cost_entry_rate: 0.222200
low_quality_entry_rate: 0.000000
actionable_bar_rate: 0.969200
risk_off_bar_rate:  0.000000
final_capital:      8143.91
equity_sharpe:      -10.796700
max_equity_dd:      -0.188200
total_dollar_return:-0.185600
val_sharpe:         -21.968405
total_return:       -0.649807
num_val_bars:       260
num_val_days:       5
worst_chunk_pf:     1.00
rr_ratio:           0.1816
avg_hold_bars:      2.67
model_exit_rate:    1.0000
hit_ruin:           False
min_equity_frac:    0.8144
avg_risk_fraction:  0.2249
max_risk_fraction:  0.3295
trades_blocked_by_balance: 0
training_seconds:   240.0
total_seconds:      247.8
peak_vram_mb:       769.2
num_steps:          17552
num_params:         145,064
lookback:           120
depth:              3
d_model:            64
effective_lr:       0.00025
gate_label_smoothing:0.050000
dir_label_smoothing:0.050000
false_entry_penalty:1.500000
/opt/conda/lib/python3.11/site-packages/torch/nn/modules/transformer.py:379: UserWarning: enable_nested_tensor is True, but self.use_nested_tensor is False because encoder_layer.norm_first was True
  warnings.warn(
