Mixed precision: bf16 enabled (Ampere+ GPU detected)
Loading data from: /root/.cache/autoresearch-trading/features/data.pt
Loaded 384870 1-min bars, 32 features, 8 actions
  ~986 trading days
Training:   up to idx 269189
Validation: idx 269190-384869
  Option P&L coverage: 297877/384870 (77%)
Parameters: 145,064
Architecture: v4 simplified two-head (gate+dir), ATM-biased, no ETV
Training from scratch (v4: no warm-start).
Day-sequential batching: 70% sequential, 30% random (batch=16)

Budget: 240s | Batch: 512 | Lookback: 120
LR: 0.00025 | Depth: 3 | d_model: 64 | ff_mult: 3
Dropout: 0.13 | Weight decay: 0.05
Label smoothing: gate=0.05 dir=0.05
Loss weights: gate=0.5, dir=2.0, pnl=0.25
Exit override strength: 0.15 (gate targets flipped on exit bars)
Position state: flat for random batches, tracked for day-sequential

step 00000 (  0.0%) | loss: 0.000000 | trade:0.58 call:0.47 put:0.53 | ATM:0.43 OTM:0.57 [seq] | lr: 0.00e+00 | left: 240s
step 00050 (  0.2%) | loss: 1.193602 | trade:0.57 call:0.54 put:0.46 | ATM:0.43 OTM:0.57 [seq] | lr: 3.40e-06 | left: 240s
step 00100 (  0.4%) | loss: 1.536100 | trade:0.66 call:0.47 put:0.52 | ATM:0.45 OTM:0.55 [seq] | lr: 7.11e-06 | left: 239s
step 00150 (  0.6%) | loss: 1.348763 | trade:0.63 call:0.50 put:0.50 | ATM:0.47 OTM:0.53 [seq] | lr: 1.04e-05 | left: 238s
step 00200 (  0.8%) | loss: 1.054550 | trade:0.66 call:0.44 put:0.56 | ATM:0.45 OTM:0.55 [seq] | lr: 1.37e-05 | left: 238s
step 00250 (  1.0%) | loss: 0.798688 | trade:0.56 call:0.51 put:0.49 | ATM:0.47 OTM:0.53 [seq] | lr: 1.68e-05 | left: 238s
step 00300 (  1.2%) | loss: 1.287641 | trade:0.57 call:0.62 put:0.38 | ATM:0.47 OTM:0.53 [seq] | lr: 1.99e-05 | left: 237s
step 00350 (  1.4%) | loss: 1.335328 | trade:0.53 call:0.59 put:0.41 | ATM:0.45 OTM:0.55 [rnd] | lr: 2.33e-05 | left: 237s
step 00400 (  1.7%) | loss: 1.202528 | trade:0.57 call:0.62 put:0.38 | ATM:0.44 OTM:0.56 [seq] | lr: 2.90e-05 | left: 236s
step 00450 (  2.2%) | loss: 1.355969 | trade:0.32 call:0.68 put:0.32 | ATM:0.47 OTM:0.53 [seq] | lr: 3.66e-05 | left: 235s
step 00500 (  2.6%) | loss: 0.928213 | trade:0.42 call:0.75 put:0.25 | ATM:0.52 OTM:0.48 [seq] | lr: 4.40e-05 | left: 234s
step 00550 (  3.1%) | loss: 1.181957 | trade:0.35 call:0.69 put:0.31 | ATM:0.49 OTM:0.51 [seq] | lr: 5.14e-05 | left: 233s
step 00600 (  3.5%) | loss: 0.884612 | trade:0.36 call:0.88 put:0.11 | ATM:0.56 OTM:0.44 [seq] | lr: 5.80e-05 | left: 232s
step 00650 (  3.7%) | loss: 1.186357 | trade:0.31 call:0.86 put:0.14 | ATM:0.51 OTM:0.49 [seq] | lr: 6.21e-05 | left: 231s
step 00700 (  4.1%) | loss: 1.373301 | trade:0.27 call:0.57 put:0.43 | ATM:0.43 OTM:0.57 [seq] | lr: 6.76e-05 | left: 230s
step 00750 (  4.4%) | loss: 1.507649 | trade:0.16 call:0.58 put:0.42 | ATM:0.45 OTM:0.55 [seq] | lr: 7.31e-05 | left: 229s
step 00800 (  4.8%) | loss: 1.028590 | trade:0.65 call:0.41 put:0.59 | ATM:0.47 OTM:0.53 [seq] | lr: 7.95e-05 | left: 229s
step 00850 (  5.0%) | loss: 0.461943 | trade:0.62 call:0.43 put:0.57 | ATM:0.44 OTM:0.56 [seq] | lr: 8.26e-05 | left: 228s
step 00900 (  5.2%) | loss: 0.823099 | trade:0.80 call:0.92 put:0.08 | ATM:0.59 OTM:0.41 [seq] | lr: 8.62e-05 | left: 228s
step 00950 (  5.4%) | loss: 0.552294 | trade:0.68 call:0.86 put:0.15 | ATM:0.45 OTM:0.55 [seq] | lr: 8.95e-05 | left: 227s
step 01000 (  5.6%) | loss: 0.843161 | trade:0.30 call:0.68 put:0.31 | ATM:0.54 OTM:0.46 [rnd] | lr: 9.26e-05 | left: 227s
step 01050 (  5.8%) | loss: 0.611653 | trade:0.12 call:0.79 put:0.21 | ATM:0.53 OTM:0.47 [seq] | lr: 9.64e-05 | left: 226s
step 01100 (  6.0%) | loss: 0.597749 | trade:0.68 call:0.89 put:0.11 | ATM:0.67 OTM:0.33 [seq] | lr: 1.00e-04 | left: 226s
step 01150 (  6.4%) | loss: 0.634382 | trade:0.71 call:0.96 put:0.04 | ATM:0.63 OTM:0.37 [seq] | lr: 1.07e-04 | left: 225s
step 01200 (  6.8%) | loss: 0.998254 | trade:0.34 call:0.69 put:0.31 | ATM:0.56 OTM:0.44 [rnd] | lr: 1.14e-04 | left: 224s
step 01250 (  7.3%) | loss: 0.956599 | trade:0.34 call:0.69 put:0.31 | ATM:0.59 OTM:0.41 [rnd] | lr: 1.21e-04 | left: 223s
step 01300 (  7.7%) | loss: 0.456047 | trade:0.87 call:0.96 put:0.04 | ATM:0.79 OTM:0.21 [seq] | lr: 1.28e-04 | left: 222s
step 01350 (  8.1%) | loss: 0.632359 | trade:0.36 call:0.69 put:0.31 | ATM:0.58 OTM:0.42 [rnd] | lr: 1.34e-04 | left: 221s
step 01400 (  8.5%) | loss: 0.725038 | trade:0.38 call:0.71 put:0.29 | ATM:0.59 OTM:0.41 [rnd] | lr: 1.41e-04 | left: 220s
step 01450 (  8.9%) | loss: 0.979504 | trade:0.36 call:0.68 put:0.32 | ATM:0.62 OTM:0.38 [rnd] | lr: 1.48e-04 | left: 219s
step 01500 (  9.3%) | loss: 0.649188 | trade:0.00 call:0.67 put:0.33 | ATM:0.59 OTM:0.41 [seq] | lr: 1.55e-04 | left: 218s
step 01550 (  9.5%) | loss: 0.321473 | trade:0.02 call:0.43 put:0.57 | ATM:0.78 OTM:0.22 [seq] | lr: 1.58e-04 | left: 217s
step 01600 (  9.7%) | loss: 0.941481 | trade:0.36 call:0.71 put:0.29 | ATM:0.61 OTM:0.39 [rnd] | lr: 1.61e-04 | left: 217s
step 01650 (  9.8%) | loss: 0.666184 | trade:0.95 call:0.02 put:0.98 | ATM:0.81 OTM:0.19 [seq] | lr: 1.64e-04 | left: 216s
step 01700 ( 10.0%) | loss: 0.634149 | trade:0.00 call:0.92 put:0.08 | ATM:0.71 OTM:0.29 [seq] | lr: 1.67e-04 | left: 216s
step 01750 ( 10.2%) | loss: 0.310895 | trade:0.36 call:0.92 put:0.08 | ATM:0.86 OTM:0.14 [seq] | lr: 1.70e-04 | left: 215s
step 01800 ( 10.4%) | loss: 0.630649 | trade:0.00 call:0.83 put:0.17 | ATM:0.74 OTM:0.26 [seq] | lr: 1.74e-04 | left: 215s
step 01850 ( 10.7%) | loss: 0.757830 | trade:0.00 call:0.77 put:0.23 | ATM:0.68 OTM:0.32 [seq] | lr: 1.78e-04 | left: 214s
step 01900 ( 11.1%) | loss: 0.617025 | trade:0.00 call:0.98 put:0.02 | ATM:0.83 OTM:0.17 [seq] | lr: 1.85e-04 | left: 213s
step 01950 ( 11.4%) | loss: 0.344521 | trade:0.00 call:0.69 put:0.31 | ATM:0.59 OTM:0.41 [seq] | lr: 1.90e-04 | left: 213s
step 02000 ( 11.7%) | loss: 0.666900 | trade:0.32 call:0.85 put:0.15 | ATM:0.59 OTM:0.41 [seq] | lr: 1.95e-04 | left: 212s
step 02050 ( 12.1%) | loss: 1.272891 | trade:0.36 call:0.73 put:0.28 | ATM:0.60 OTM:0.40 [rnd] | lr: 2.01e-04 | left: 211s
step 02100 ( 12.5%) | loss: 0.889996 | trade:0.33 call:0.73 put:0.27 | ATM:0.60 OTM:0.40 [rnd] | lr: 2.08e-04 | left: 210s
step 02150 ( 12.7%) | loss: 0.734032 | trade:0.36 call:0.73 put:0.27 | ATM:0.58 OTM:0.42 [rnd] | lr: 2.12e-04 | left: 210s
step 02200 ( 13.1%) | loss: 0.593299 | trade:0.36 call:0.78 put:0.22 | ATM:0.56 OTM:0.44 [rnd] | lr: 2.18e-04 | left: 209s
step 02250 ( 13.4%) | loss: 0.475115 | trade:0.00 call:0.99 put:0.01 | ATM:0.86 OTM:0.14 [seq] | lr: 2.24e-04 | left: 208s
step 02300 ( 13.9%) | loss: 0.825935 | trade:0.37 call:0.74 put:0.25 | ATM:0.58 OTM:0.42 [rnd] | lr: 2.31e-04 | left: 207s
step 02350 ( 14.1%) | loss: 0.647302 | trade:0.83 call:0.01 put:0.98 | ATM:0.96 OTM:0.04 [seq] | lr: 2.34e-04 | left: 206s
step 02400 ( 14.3%) | loss: 0.753801 | trade:0.01 call:0.47 put:0.52 | ATM:0.68 OTM:0.32 [seq] | lr: 2.38e-04 | left: 206s
step 02450 ( 14.5%) | loss: 0.776765 | trade:0.34 call:0.72 put:0.28 | ATM:0.58 OTM:0.42 [rnd] | lr: 2.42e-04 | left: 205s
step 02500 ( 14.7%) | loss: 0.589006 | trade:0.00 call:0.82 put:0.17 | ATM:0.75 OTM:0.25 [seq] | lr: 2.45e-04 | left: 205s
step 02550 ( 14.9%) | loss: 0.417580 | trade:0.00 call:0.81 put:0.19 | ATM:0.58 OTM:0.42 [seq] | lr: 2.48e-04 | left: 204s
step 02600 ( 15.0%) | loss: 0.415299 | trade:0.09 call:0.02 put:0.98 | ATM:0.91 OTM:0.09 [seq] | lr: 2.50e-04 | left: 204s
step 02650 ( 15.3%) | loss: 0.406255 | trade:0.93 call:0.02 put:0.98 | ATM:0.68 OTM:0.32 [seq] | lr: 2.50e-04 | left: 203s
step 02700 ( 15.7%) | loss: 0.463079 | trade:0.36 call:0.77 put:0.23 | ATM:0.56 OTM:0.44 [rnd] | lr: 2.50e-04 | left: 202s
step 02750 ( 16.2%) | loss: 0.667497 | trade:0.93 call:0.99 put:0.01 | ATM:0.29 OTM:0.71 [seq] | lr: 2.50e-04 | left: 201s
step 02800 ( 16.7%) | loss: 1.043611 | trade:0.92 call:0.52 put:0.48 | ATM:0.90 OTM:0.10 [seq] | lr: 2.50e-04 | left: 200s
step 02850 ( 17.1%) | loss: 0.610761 | trade:0.00 call:0.66 put:0.34 | ATM:0.61 OTM:0.39 [seq] | lr: 2.50e-04 | left: 199s
step 02900 ( 17.3%) | loss: 0.505078 | trade:0.00 call:0.88 put:0.12 | ATM:0.38 OTM:0.62 [seq] | lr: 2.50e-04 | left: 198s
step 02950 ( 17.6%) | loss: 0.700663 | trade:0.37 call:0.77 put:0.23 | ATM:0.57 OTM:0.43 [rnd] | lr: 2.50e-04 | left: 198s
step 03000 ( 18.0%) | loss: 0.616835 | trade:0.00 call:0.64 put:0.36 | ATM:0.49 OTM:0.51 [seq] | lr: 2.50e-04 | left: 197s
step 03050 ( 18.5%) | loss: 0.569041 | trade:0.00 call:0.77 put:0.23 | ATM:0.33 OTM:0.67 [seq] | lr: 2.50e-04 | left: 196s
step 03100 ( 18.7%) | loss: 0.811794 | trade:0.45 call:0.79 put:0.22 | ATM:0.47 OTM:0.53 [seq] | lr: 2.50e-04 | left: 195s
step 03150 ( 18.9%) | loss: 0.632890 | trade:0.36 call:0.76 put:0.24 | ATM:0.55 OTM:0.45 [rnd] | lr: 2.50e-04 | left: 195s
step 03200 ( 19.1%) | loss: 0.577778 | trade:0.97 call:0.98 put:0.02 | ATM:0.28 OTM:0.72 [seq] | lr: 2.50e-04 | left: 194s
step 03250 ( 19.3%) | loss: 0.727712 | trade:0.67 call:0.07 put:0.93 | ATM:0.93 OTM:0.07 [seq] | lr: 2.50e-04 | left: 194s
step 03300 ( 19.5%) | loss: 0.765603 | trade:0.39 call:0.76 put:0.24 | ATM:0.54 OTM:0.46 [rnd] | lr: 2.50e-04 | left: 193s
step 03350 ( 19.6%) | loss: 0.529212 | trade:0.35 call:0.71 put:0.29 | ATM:0.58 OTM:0.42 [rnd] | lr: 2.50e-04 | left: 193s
step 03400 ( 19.9%) | loss: 0.546893 | trade:0.37 call:0.74 put:0.26 | ATM:0.57 OTM:0.43 [rnd] | lr: 2.50e-04 | left: 192s
step 03450 ( 20.3%) | loss: 0.527794 | trade:0.36 call:0.75 put:0.25 | ATM:0.56 OTM:0.44 [rnd] | lr: 2.50e-04 | left: 191s
step 03500 ( 20.7%) | loss: 0.412253 | trade:0.00 call:0.11 put:0.89 | ATM:0.90 OTM:0.10 [seq] | lr: 2.50e-04 | left: 190s
step 03550 ( 21.1%) | loss: 0.712639 | trade:0.00 call:0.21 put:0.79 | ATM:0.73 OTM:0.27 [seq] | lr: 2.50e-04 | left: 189s
step 03600 ( 21.6%) | loss: 1.098963 | trade:0.32 call:0.73 put:0.27 | ATM:0.55 OTM:0.45 [rnd] | lr: 2.50e-04 | left: 188s
step 03650 ( 21.8%) | loss: 0.780720 | trade:0.36 call:0.76 put:0.24 | ATM:0.54 OTM:0.46 [rnd] | lr: 2.50e-04 | left: 188s
step 03700 ( 22.2%) | loss: 0.671450 | trade:0.36 call:0.75 put:0.25 | ATM:0.56 OTM:0.44 [rnd] | lr: 2.50e-04 | left: 187s
step 03750 ( 22.6%) | loss: 0.586076 | trade:0.00 call:0.92 put:0.08 | ATM:0.30 OTM:0.70 [seq] | lr: 2.50e-04 | left: 186s
step 03800 ( 23.0%) | loss: 0.642827 | trade:0.34 call:0.75 put:0.25 | ATM:0.55 OTM:0.45 [rnd] | lr: 2.50e-04 | left: 185s
step 03850 ( 23.2%) | loss: 0.425753 | trade:0.00 call:0.90 put:0.10 | ATM:0.71 OTM:0.29 [seq] | lr: 2.50e-04 | left: 184s
step 03900 ( 23.4%) | loss: 0.502574 | trade:0.95 call:0.01 put:0.99 | ATM:0.20 OTM:0.80 [seq] | lr: 2.50e-04 | left: 184s
step 03950 ( 23.6%) | loss: 0.905787 | trade:0.38 call:0.76 put:0.24 | ATM:0.54 OTM:0.46 [rnd] | lr: 2.50e-04 | left: 183s
step 04000 ( 23.8%) | loss: 0.742566 | trade:0.35 call:0.75 put:0.25 | ATM:0.54 OTM:0.46 [rnd] | lr: 2.50e-04 | left: 183s
step 04050 ( 24.0%) | loss: 0.576012 | trade:0.27 call:0.82 put:0.18 | ATM:0.75 OTM:0.25 [seq] | lr: 2.50e-04 | left: 182s
step 04100 ( 24.2%) | loss: 0.549198 | trade:0.38 call:0.72 put:0.28 | ATM:0.55 OTM:0.45 [rnd] | lr: 2.50e-04 | left: 182s
step 04150 ( 24.6%) | loss: 0.478011 | trade:0.00 call:0.83 put:0.17 | ATM:0.46 OTM:0.54 [seq] | lr: 2.50e-04 | left: 181s
step 04200 ( 25.0%) | loss: 1.068323 | trade:0.33 call:0.75 put:0.25 | ATM:0.55 OTM:0.45 [rnd] | lr: 2.50e-04 | left: 180s
step 04250 ( 25.4%) | loss: 0.620977 | trade:0.38 call:0.80 put:0.21 | ATM:0.53 OTM:0.47 [rnd] | lr: 2.50e-04 | left: 179s
step 04300 ( 25.8%) | loss: 0.511495 | trade:0.89 call:0.99 put:0.01 | ATM:0.33 OTM:0.67 [seq] | lr: 2.50e-04 | left: 178s
step 04350 ( 26.2%) | loss: 0.419126 | trade:0.01 call:0.78 put:0.22 | ATM:0.34 OTM:0.66 [seq] | lr: 2.50e-04 | left: 177s
step 04400 ( 26.4%) | loss: 0.383276 | trade:0.00 call:0.70 put:0.30 | ATM:0.55 OTM:0.45 [seq] | lr: 2.50e-04 | left: 177s
step 04450 ( 26.8%) | loss: 0.487012 | trade:0.00 call:0.63 put:0.37 | ATM:0.42 OTM:0.58 [seq] | lr: 2.50e-04 | left: 176s
step 04500 ( 27.2%) | loss: 0.773586 | trade:0.36 call:0.75 put:0.25 | ATM:0.56 OTM:0.44 [rnd] | lr: 2.50e-04 | left: 175s
step 04550 ( 27.6%) | loss: 0.787886 | trade:0.34 call:0.73 put:0.26 | ATM:0.55 OTM:0.45 [rnd] | lr: 2.50e-04 | left: 174s
step 04600 ( 27.8%) | loss: 0.726663 | trade:0.86 call:0.01 put:0.99 | ATM:0.71 OTM:0.29 [seq] | lr: 2.50e-04 | left: 173s
step 04650 ( 28.0%) | loss: 0.681466 | trade:0.37 call:0.75 put:0.25 | ATM:0.54 OTM:0.46 [rnd] | lr: 2.50e-04 | left: 173s
step 04700 ( 28.2%) | loss: 0.753868 | trade:0.00 call:0.96 put:0.04 | ATM:0.88 OTM:0.12 [seq] | lr: 2.50e-04 | left: 172s
step 04750 ( 28.4%) | loss: 0.852202 | trade:0.37 call:0.72 put:0.28 | ATM:0.55 OTM:0.45 [rnd] | lr: 2.50e-04 | left: 172s
step 04800 ( 28.6%) | loss: 0.550827 | trade:0.91 call:0.94 put:0.06 | ATM:0.32 OTM:0.68 [seq] | lr: 2.50e-04 | left: 171s
step 04850 ( 28.9%) | loss: 0.750290 | trade:0.46 call:0.86 put:0.13 | ATM:0.37 OTM:0.63 [seq] | lr: 2.50e-04 | left: 171s
step 04900 ( 29.4%) | loss: 0.625655 | trade:0.45 call:0.82 put:0.18 | ATM:0.56 OTM:0.44 [seq] | lr: 2.50e-04 | left: 169s
step 04950 ( 29.8%) | loss: 0.366554 | trade:0.11 call:0.95 put:0.05 | ATM:0.92 OTM:0.08 [seq] | lr: 2.50e-04 | left: 168s
step 05000 ( 30.2%) | loss: 0.572525 | trade:0.87 call:0.73 put:0.27 | ATM:0.52 OTM:0.48 [seq] | lr: 2.50e-04 | left: 167s
step 05050 ( 30.6%) | loss: 0.614551 | trade:0.79 call:0.98 put:0.02 | ATM:0.97 OTM:0.03 [seq] | lr: 2.50e-04 | left: 166s
step 05100 ( 30.9%) | loss: 0.412454 | trade:0.00 call:0.75 put:0.25 | ATM:0.70 OTM:0.30 [seq] | lr: 2.50e-04 | left: 166s
step 05150 ( 31.3%) | loss: 0.614014 | trade:0.87 call:0.83 put:0.17 | ATM:0.62 OTM:0.38 [seq] | lr: 2.50e-04 | left: 165s
step 05200 ( 31.7%) | loss: 0.561435 | trade:0.00 call:0.82 put:0.18 | ATM:0.42 OTM:0.58 [seq] | lr: 2.50e-04 | left: 164s
step 05250 ( 32.1%) | loss: 0.613479 | trade:0.00 call:0.69 put:0.31 | ATM:0.37 OTM:0.63 [seq] | lr: 2.50e-04 | left: 163s
step 05300 ( 32.3%) | loss: 0.540550 | trade:0.00 call:0.98 put:0.01 | ATM:0.97 OTM:0.03 [seq] | lr: 2.50e-04 | left: 162s
step 05350 ( 32.5%) | loss: 0.570725 | trade:0.89 call:0.99 put:0.01 | ATM:0.34 OTM:0.66 [seq] | lr: 2.50e-04 | left: 162s
step 05400 ( 32.7%) | loss: 0.767457 | trade:0.36 call:0.75 put:0.24 | ATM:0.53 OTM:0.47 [rnd] | lr: 2.50e-04 | left: 162s
step 05450 ( 32.9%) | loss: 0.576506 | trade:0.94 call:1.00 put:0.00 | ATM:0.24 OTM:0.76 [seq] | lr: 2.50e-04 | left: 161s
step 05500 ( 33.1%) | loss: 0.680067 | trade:0.37 call:0.75 put:0.25 | ATM:0.55 OTM:0.45 [rnd] | lr: 2.50e-04 | left: 161s
step 05550 ( 33.3%) | loss: 0.753141 | trade:0.91 call:1.00 put:0.00 | ATM:0.22 OTM:0.78 [seq] | lr: 2.50e-04 | left: 160s
step 05600 ( 33.7%) | loss: 0.297251 | trade:0.92 call:1.00 put:0.00 | ATM:0.27 OTM:0.73 [seq] | lr: 2.50e-04 | left: 159s
step 05650 ( 34.1%) | loss: 0.407604 | trade:0.00 call:0.78 put:0.22 | ATM:0.36 OTM:0.64 [seq] | lr: 2.50e-04 | left: 158s
step 05700 ( 34.6%) | loss: 1.526419 | trade:0.37 call:0.73 put:0.27 | ATM:0.54 OTM:0.46 [rnd] | lr: 2.50e-04 | left: 157s
step 05750 ( 35.1%) | loss: 1.352960 | trade:0.95 call:0.99 put:0.01 | ATM:0.37 OTM:0.63 [seq] | lr: 2.50e-04 | left: 156s
step 05800 ( 35.4%) | loss: 0.759375 | trade:0.38 call:0.74 put:0.26 | ATM:0.53 OTM:0.47 [rnd] | lr: 2.50e-04 | left: 155s
step 05850 ( 35.7%) | loss: 0.703236 | trade:0.85 call:0.73 put:0.28 | ATM:0.49 OTM:0.51 [seq] | lr: 2.50e-04 | left: 154s
step 05900 ( 36.1%) | loss: 1.409882 | trade:0.87 call:0.92 put:0.08 | ATM:0.39 OTM:0.61 [seq] | lr: 2.50e-04 | left: 153s
step 05950 ( 36.6%) | loss: 0.932558 | trade:0.95 call:1.00 put:0.00 | ATM:0.18 OTM:0.82 [seq] | lr: 2.50e-04 | left: 152s
step 06000 ( 37.1%) | loss: 0.662340 | trade:0.35 call:0.77 put:0.23 | ATM:0.54 OTM:0.46 [rnd] | lr: 2.50e-04 | left: 151s
step 06050 ( 37.5%) | loss: 0.712981 | trade:0.91 call:0.95 put:0.05 | ATM:0.64 OTM:0.36 [seq] | lr: 2.50e-04 | left: 150s
step 06100 ( 37.9%) | loss: 0.979718 | trade:0.47 call:0.83 put:0.17 | ATM:0.55 OTM:0.45 [seq] | lr: 2.50e-04 | left: 149s
step 06150 ( 38.1%) | loss: 0.867175 | trade:0.36 call:0.73 put:0.28 | ATM:0.54 OTM:0.46 [rnd] | lr: 2.50e-04 | left: 149s
step 06200 ( 38.3%) | loss: 0.838889 | trade:0.96 call:0.01 put:0.99 | ATM:0.61 OTM:0.39 [seq] | lr: 2.50e-04 | left: 148s
step 06250 ( 38.5%) | loss: 0.666342 | trade:0.92 call:0.01 put:0.99 | ATM:0.65 OTM:0.35 [seq] | lr: 2.50e-04 | left: 148s
step 06300 ( 38.7%) | loss: 0.558590 | trade:0.00 call:0.67 put:0.33 | ATM:0.60 OTM:0.40 [seq] | lr: 2.50e-04 | left: 147s
step 06350 ( 39.0%) | loss: 1.280576 | trade:0.97 call:1.00 put:0.00 | ATM:0.24 OTM:0.76 [seq] | lr: 2.50e-04 | left: 146s
step 06400 ( 39.3%) | loss: 1.672060 | trade:0.96 call:0.98 put:0.01 | ATM:0.27 OTM:0.73 [seq] | lr: 2.50e-04 | left: 146s
step 06450 ( 39.8%) | loss: 2.199242 | trade:0.89 call:0.98 put:0.02 | ATM:0.29 OTM:0.71 [seq] | lr: 2.50e-04 | left: 144s
step 06500 ( 40.3%) | loss: 0.688703 | trade:0.00 call:0.78 put:0.22 | ATM:0.33 OTM:0.67 [seq] | lr: 2.50e-04 | left: 143s
step 06550 ( 40.7%) | loss: 0.722658 | trade:0.45 call:0.83 put:0.17 | ATM:0.82 OTM:0.18 [seq] | lr: 2.50e-04 | left: 142s
step 06600 ( 41.2%) | loss: 0.521265 | trade:0.92 call:0.01 put:0.99 | ATM:0.65 OTM:0.35 [seq] | lr: 2.50e-04 | left: 141s
step 06650 ( 41.6%) | loss: 0.489542 | trade:0.89 call:0.01 put:0.99 | ATM:0.67 OTM:0.33 [seq] | lr: 2.50e-04 | left: 140s
step 06700 ( 42.0%) | loss: 0.491025 | trade:0.94 call:0.98 put:0.02 | ATM:0.50 OTM:0.50 [seq] | lr: 2.50e-04 | left: 139s
step 06750 ( 42.2%) | loss: 0.611184 | trade:0.92 call:0.98 put:0.02 | ATM:0.97 OTM:0.03 [seq] | lr: 2.50e-04 | left: 139s
step 06800 ( 42.6%) | loss: 0.712839 | trade:0.00 call:0.31 put:0.69 | ATM:0.66 OTM:0.34 [seq] | lr: 2.50e-04 | left: 138s
step 06850 ( 43.1%) | loss: 0.601330 | trade:0.00 call:0.26 put:0.74 | ATM:0.65 OTM:0.35 [seq] | lr: 2.50e-04 | left: 137s
step 06900 ( 43.4%) | loss: 0.276233 | trade:0.91 call:0.01 put:0.99 | ATM:0.72 OTM:0.28 [seq] | lr: 2.50e-04 | left: 136s
step 06950 ( 43.5%) | loss: 0.647689 | trade:0.36 call:0.71 put:0.29 | ATM:0.54 OTM:0.46 [rnd] | lr: 2.50e-04 | left: 136s
step 07000 ( 43.7%) | loss: 0.336810 | trade:0.95 call:1.00 put:0.00 | ATM:0.43 OTM:0.57 [seq] | lr: 2.50e-04 | left: 135s
step 07050 ( 44.0%) | loss: 0.522024 | trade:0.95 call:1.00 put:0.00 | ATM:0.21 OTM:0.79 [seq] | lr: 2.50e-04 | left: 135s
step 07100 ( 44.1%) | loss: 0.482529 | trade:0.94 call:1.00 put:0.00 | ATM:0.19 OTM:0.81 [seq] | lr: 2.50e-04 | left: 134s
step 07150 ( 44.3%) | loss: 1.433341 | trade:0.37 call:0.73 put:0.27 | ATM:0.53 OTM:0.47 [rnd] | lr: 2.50e-04 | left: 134s
step 07200 ( 44.6%) | loss: 0.677403 | trade:0.89 call:0.95 put:0.05 | ATM:0.30 OTM:0.70 [seq] | lr: 2.50e-04 | left: 133s
step 07250 ( 44.9%) | loss: 0.519239 | trade:0.33 call:0.73 put:0.27 | ATM:0.55 OTM:0.45 [rnd] | lr: 2.50e-04 | left: 132s
step 07300 ( 45.3%) | loss: 0.531872 | trade:0.00 call:0.98 put:0.03 | ATM:0.92 OTM:0.08 [seq] | lr: 2.50e-04 | left: 131s
step 07350 ( 45.8%) | loss: 0.532661 | trade:0.00 call:0.74 put:0.26 | ATM:0.47 OTM:0.53 [seq] | lr: 2.50e-04 | left: 130s
step 07400 ( 46.2%) | loss: 0.600229 | trade:0.36 call:0.75 put:0.25 | ATM:0.54 OTM:0.46 [rnd] | lr: 2.50e-04 | left: 129s
step 07450 ( 46.6%) | loss: 0.549520 | trade:0.36 call:0.73 put:0.27 | ATM:0.54 OTM:0.46 [rnd] | lr: 2.50e-04 | left: 128s
step 07500 ( 46.9%) | loss: 0.480085 | trade:0.00 call:0.35 put:0.65 | ATM:0.81 OTM:0.19 [seq] | lr: 2.50e-04 | left: 128s
step 07550 ( 47.2%) | loss: 0.538433 | trade:0.00 call:0.57 put:0.43 | ATM:0.75 OTM:0.25 [seq] | lr: 2.50e-04 | left: 127s
step 07600 ( 47.7%) | loss: 0.378833 | trade:0.00 call:0.96 put:0.04 | ATM:0.35 OTM:0.65 [seq] | lr: 2.50e-04 | left: 126s
step 07650 ( 47.9%) | loss: 0.634271 | trade:0.35 call:0.74 put:0.26 | ATM:0.52 OTM:0.48 [rnd] | lr: 2.50e-04 | left: 125s
step 07700 ( 48.1%) | loss: 0.466222 | trade:0.37 call:0.74 put:0.26 | ATM:0.51 OTM:0.49 [rnd] | lr: 2.50e-04 | left: 125s
step 07750 ( 48.3%) | loss: 0.486174 | trade:0.00 call:0.68 put:0.32 | ATM:0.57 OTM:0.43 [seq] | lr: 2.50e-04 | left: 124s
step 07800 ( 48.5%) | loss: 0.471736 | trade:0.34 call:0.74 put:0.26 | ATM:0.53 OTM:0.47 [rnd] | lr: 2.50e-04 | left: 124s
step 07850 ( 48.7%) | loss: 0.563416 | trade:0.00 call:0.92 put:0.08 | ATM:0.32 OTM:0.68 [seq] | lr: 2.50e-04 | left: 123s
step 07900 ( 48.9%) | loss: 0.700169 | trade:0.00 call:0.77 put:0.22 | ATM:0.53 OTM:0.47 [seq] | lr: 2.50e-04 | left: 123s
step 07950 ( 49.1%) | loss: 0.382198 | trade:0.35 call:0.73 put:0.27 | ATM:0.53 OTM:0.47 [rnd] | lr: 2.50e-04 | left: 122s
step 08000 ( 49.5%) | loss: 0.483664 | trade:0.93 call:0.00 put:1.00 | ATM:0.64 OTM:0.36 [seq] | lr: 2.50e-04 | left: 121s
step 08050 ( 50.0%) | loss: 0.800390 | trade:0.00 call:0.56 put:0.44 | ATM:0.45 OTM:0.55 [seq] | lr: 2.50e-04 | left: 120s
step 08100 ( 50.5%) | loss: 0.771189 | trade:0.38 call:0.71 put:0.29 | ATM:0.54 OTM:0.46 [rnd] | lr: 2.50e-04 | left: 119s
step 08150 ( 50.9%) | loss: 0.640849 | trade:0.31 call:0.92 put:0.08 | ATM:0.55 OTM:0.45 [seq] | lr: 2.50e-04 | left: 118s
step 08200 ( 51.2%) | loss: 0.699639 | trade:0.21 call:0.77 put:0.23 | ATM:0.55 OTM:0.45 [seq] | lr: 2.50e-04 | left: 117s
step 08250 ( 51.6%) | loss: 0.486351 | trade:0.00 call:0.66 put:0.33 | ATM:0.49 OTM:0.51 [seq] | lr: 2.50e-04 | left: 116s
step 08300 ( 52.0%) | loss: 0.682084 | trade:0.38 call:0.72 put:0.28 | ATM:0.54 OTM:0.46 [rnd] | lr: 2.50e-04 | left: 115s
step 08350 ( 52.4%) | loss: 0.839648 | trade:0.37 call:0.72 put:0.28 | ATM:0.53 OTM:0.47 [rnd] | lr: 2.50e-04 | left: 114s
step 08400 ( 52.6%) | loss: 1.092460 | trade:0.95 call:0.97 put:0.03 | ATM:0.42 OTM:0.58 [seq] | lr: 2.50e-04 | left: 114s
step 08450 ( 52.8%) | loss: 0.698213 | trade:0.33 call:0.76 put:0.24 | ATM:0.54 OTM:0.46 [rnd] | lr: 2.50e-04 | left: 113s
step 08500 ( 53.0%) | loss: 0.329750 | trade:0.00 call:0.71 put:0.29 | ATM:0.36 OTM:0.64 [seq] | lr: 2.50e-04 | left: 113s
step 08550 ( 53.2%) | loss: 0.330506 | trade:0.00 call:0.82 put:0.18 | ATM:0.71 OTM:0.29 [seq] | lr: 2.50e-04 | left: 112s
step 08600 ( 53.4%) | loss: 0.415099 | trade:0.00 call:0.24 put:0.76 | ATM:0.85 OTM:0.15 [seq] | lr: 2.50e-04 | left: 112s
step 08650 ( 53.7%) | loss: 0.625983 | trade:0.00 call:0.18 put:0.82 | ATM:0.76 OTM:0.24 [seq] | lr: 2.50e-04 | left: 111s
step 08700 ( 54.2%) | loss: 0.613037 | trade:0.46 call:0.92 put:0.08 | ATM:0.33 OTM:0.67 [seq] | lr: 2.50e-04 | left: 110s
step 08750 ( 54.6%) | loss: 0.581222 | trade:0.39 call:0.73 put:0.27 | ATM:0.55 OTM:0.45 [rnd] | lr: 2.50e-04 | left: 109s
step 08800 ( 55.0%) | loss: 0.773897 | trade:0.35 call:0.77 put:0.24 | ATM:0.53 OTM:0.47 [rnd] | lr: 2.50e-04 | left: 108s
step 08850 ( 55.5%) | loss: 0.562048 | trade:0.00 call:0.04 put:0.96 | ATM:0.91 OTM:0.09 [seq] | lr: 2.50e-04 | left: 107s
step 08900 ( 55.7%) | loss: 0.560662 | trade:0.90 call:0.95 put:0.05 | ATM:0.91 OTM:0.09 [seq] | lr: 2.50e-04 | left: 106s
step 08950 ( 56.1%) | loss: 0.794214 | trade:0.84 call:0.95 put:0.05 | ATM:0.94 OTM:0.06 [seq] | lr: 2.50e-04 | left: 105s
step 09000 ( 56.5%) | loss: 0.805858 | trade:0.00 call:0.91 put:0.09 | ATM:0.81 OTM:0.19 [seq] | lr: 2.50e-04 | left: 104s
step 09050 ( 56.9%) | loss: 0.340753 | trade:0.34 call:0.74 put:0.26 | ATM:0.53 OTM:0.47 [rnd] | lr: 2.50e-04 | left: 104s
step 09100 ( 57.1%) | loss: 0.740209 | trade:0.36 call:0.75 put:0.25 | ATM:0.52 OTM:0.48 [rnd] | lr: 2.50e-04 | left: 103s
step 09150 ( 57.3%) | loss: 0.313476 | trade:0.90 call:1.00 put:0.01 | ATM:0.46 OTM:0.54 [seq] | lr: 2.50e-04 | left: 103s
step 09200 ( 57.5%) | loss: 0.709883 | trade:0.00 call:0.69 put:0.31 | ATM:0.64 OTM:0.36 [seq] | lr: 2.50e-04 | left: 102s
step 09250 ( 57.7%) | loss: 0.921823 | trade:0.41 call:0.71 put:0.28 | ATM:0.52 OTM:0.48 [rnd] | lr: 2.50e-04 | left: 102s
step 09300 ( 57.9%) | loss: 0.448180 | trade:0.00 call:0.73 put:0.27 | ATM:0.61 OTM:0.39 [seq] | lr: 2.50e-04 | left: 101s
step 09350 ( 58.2%) | loss: 0.937938 | trade:0.00 call:0.36 put:0.64 | ATM:0.42 OTM:0.58 [seq] | lr: 2.50e-04 | left: 100s
step 09400 ( 58.6%) | loss: 0.721251 | trade:0.96 call:0.01 put:0.98 | ATM:0.66 OTM:0.34 [seq] | lr: 2.50e-04 | left: 99s
step 09450 ( 59.1%) | loss: 0.271566 | trade:0.90 call:0.00 put:1.00 | ATM:0.67 OTM:0.33 [seq] | lr: 2.50e-04 | left: 98s
step 09500 ( 59.5%) | loss: 0.564631 | trade:0.00 call:0.73 put:0.27 | ATM:0.42 OTM:0.58 [seq] | lr: 2.50e-04 | left: 97s
step 09550 ( 59.9%) | loss: 0.764702 | trade:0.35 call:0.76 put:0.24 | ATM:0.52 OTM:0.48 [rnd] | lr: 2.50e-04 | left: 96s
step 09600 ( 60.3%) | loss: 0.799281 | trade:0.00 call:0.45 put:0.55 | ATM:0.46 OTM:0.54 [seq] | lr: 2.50e-04 | left: 95s
step 09650 ( 60.7%) | loss: 0.599026 | trade:0.00 call:0.90 put:0.10 | ATM:0.86 OTM:0.14 [seq] | lr: 2.50e-04 | left: 94s
step 09700 ( 61.1%) | loss: 0.300756 | trade:0.00 call:0.82 put:0.19 | ATM:0.61 OTM:0.39 [seq] | lr: 2.50e-04 | left: 93s
step 09750 ( 61.4%) | loss: 0.424213 | trade:0.95 call:0.78 put:0.22 | ATM:0.53 OTM:0.47 [seq] | lr: 2.50e-04 | left: 93s
step 09800 ( 61.6%) | loss: 0.502948 | trade:0.92 call:1.00 put:0.00 | ATM:0.33 OTM:0.67 [seq] | lr: 2.50e-04 | left: 92s
step 09850 ( 61.8%) | loss: 0.427254 | trade:0.00 call:0.82 put:0.18 | ATM:0.35 OTM:0.65 [seq] | lr: 2.50e-04 | left: 92s
step 09900 ( 62.0%) | loss: 0.569265 | trade:0.32 call:0.74 put:0.26 | ATM:0.54 OTM:0.46 [rnd] | lr: 2.50e-04 | left: 91s
step 09950 ( 62.2%) | loss: 0.819854 | trade:0.37 call:0.75 put:0.25 | ATM:0.51 OTM:0.49 [rnd] | lr: 2.50e-04 | left: 91s
step 10000 ( 62.4%) | loss: 0.671173 | trade:0.00 call:0.42 put:0.58 | ATM:0.64 OTM:0.36 [seq] | lr: 2.50e-04 | left: 90s
step 10050 ( 62.7%) | loss: 0.702401 | trade:0.34 call:0.75 put:0.25 | ATM:0.53 OTM:0.47 [rnd] | lr: 2.50e-04 | left: 89s
step 10100 ( 63.2%) | loss: 0.592434 | trade:0.00 call:0.92 put:0.08 | ATM:0.64 OTM:0.36 [seq] | lr: 2.50e-04 | left: 88s
step 10150 ( 63.6%) | loss: 0.642074 | trade:0.38 call:0.73 put:0.27 | ATM:0.55 OTM:0.45 [rnd] | lr: 2.50e-04 | left: 87s
step 10200 ( 64.0%) | loss: 0.572212 | trade:0.38 call:0.74 put:0.26 | ATM:0.52 OTM:0.48 [rnd] | lr: 2.50e-04 | left: 86s
step 10250 ( 64.4%) | loss: 0.497562 | trade:0.35 call:0.76 put:0.24 | ATM:0.52 OTM:0.48 [rnd] | lr: 2.50e-04 | left: 85s
step 10300 ( 64.7%) | loss: 0.355761 | trade:0.00 call:0.89 put:0.11 | ATM:0.45 OTM:0.55 [seq] | lr: 2.50e-04 | left: 85s
step 10350 ( 65.1%) | loss: 0.660702 | trade:0.00 call:0.55 put:0.45 | ATM:0.44 OTM:0.56 [seq] | lr: 2.50e-04 | left: 84s
step 10400 ( 65.6%) | loss: 0.551088 | trade:0.00 call:0.87 put:0.13 | ATM:0.42 OTM:0.58 [seq] | lr: 2.50e-04 | left: 83s
step 10450 ( 65.9%) | loss: 0.709124 | trade:0.92 call:0.98 put:0.02 | ATM:0.43 OTM:0.57 [seq] | lr: 2.50e-04 | left: 82s
step 10500 ( 66.1%) | loss: 0.536907 | trade:0.39 call:0.74 put:0.26 | ATM:0.51 OTM:0.49 [rnd] | lr: 2.50e-04 | left: 81s
step 10550 ( 66.3%) | loss: 0.549096 | trade:0.00 call:0.81 put:0.19 | ATM:0.43 OTM:0.57 [seq] | lr: 2.50e-04 | left: 81s
step 10600 ( 66.5%) | loss: 0.721187 | trade:0.47 call:0.66 put:0.33 | ATM:0.42 OTM:0.58 [seq] | lr: 2.50e-04 | left: 80s
step 10650 ( 66.7%) | loss: 0.563283 | trade:0.97 call:0.02 put:0.98 | ATM:0.72 OTM:0.28 [seq] | lr: 2.50e-04 | left: 80s
step 10700 ( 66.9%) | loss: 0.521311 | trade:0.94 call:0.01 put:0.99 | ATM:0.62 OTM:0.38 [seq] | lr: 2.50e-04 | left: 79s
step 10750 ( 67.1%) | loss: 0.573892 | trade:0.34 call:0.73 put:0.27 | ATM:0.52 OTM:0.48 [rnd] | lr: 2.50e-04 | left: 79s
step 10800 ( 67.5%) | loss: 0.604553 | trade:0.37 call:0.75 put:0.25 | ATM:0.50 OTM:0.50 [rnd] | lr: 2.50e-04 | left: 78s
step 10850 ( 67.9%) | loss: 0.737551 | trade:0.38 call:0.75 put:0.25 | ATM:0.52 OTM:0.48 [rnd] | lr: 2.50e-04 | left: 77s
step 10900 ( 68.4%) | loss: 0.749580 | trade:0.91 call:0.99 put:0.01 | ATM:0.51 OTM:0.49 [seq] | lr: 2.50e-04 | left: 76s
step 10950 ( 68.8%) | loss: 0.776931 | trade:0.35 call:0.73 put:0.27 | ATM:0.50 OTM:0.50 [rnd] | lr: 2.50e-04 | left: 75s
step 11000 ( 69.2%) | loss: 0.737264 | trade:0.35 call:0.72 put:0.28 | ATM:0.51 OTM:0.49 [rnd] | lr: 2.50e-04 | left: 74s
step 11050 ( 69.6%) | loss: 0.548544 | trade:0.35 call:0.73 put:0.27 | ATM:0.51 OTM:0.49 [rnd] | lr: 2.50e-04 | left: 73s
step 11100 ( 70.0%) | loss: 0.776561 | trade:0.95 call:0.99 put:0.00 | ATM:0.38 OTM:0.62 [seq] | lr: 2.50e-04 | left: 72s
step 11150 ( 70.4%) | loss: 0.575550 | trade:0.86 call:0.02 put:0.98 | ATM:0.97 OTM:0.03 [seq] | lr: 2.50e-04 | left: 71s
step 11200 ( 70.6%) | loss: 0.716743 | trade:0.00 call:0.66 put:0.34 | ATM:0.72 OTM:0.28 [seq] | lr: 2.50e-04 | left: 71s
step 11250 ( 70.8%) | loss: 0.780641 | trade:0.62 call:0.44 put:0.56 | ATM:0.63 OTM:0.37 [seq] | lr: 2.50e-04 | left: 70s
step 11300 ( 71.1%) | loss: 0.894521 | trade:0.32 call:0.71 put:0.29 | ATM:0.54 OTM:0.46 [seq] | lr: 2.49e-04 | left: 69s
step 11350 ( 71.3%) | loss: 0.821857 | trade:0.96 call:1.00 put:0.00 | ATM:0.17 OTM:0.83 [seq] | lr: 2.49e-04 | left: 69s
step 11400 ( 71.5%) | loss: 0.689973 | trade:0.93 call:1.00 put:0.00 | ATM:0.20 OTM:0.80 [seq] | lr: 2.48e-04 | left: 68s
step 11450 ( 71.8%) | loss: 0.798051 | trade:0.89 call:0.98 put:0.02 | ATM:0.49 OTM:0.51 [seq] | lr: 2.48e-04 | left: 68s
step 11500 ( 72.2%) | loss: 0.577017 | trade:0.00 call:0.62 put:0.38 | ATM:0.30 OTM:0.70 [seq] | lr: 2.47e-04 | left: 67s
step 11550 ( 72.6%) | loss: 0.472420 | trade:0.36 call:0.73 put:0.27 | ATM:0.50 OTM:0.50 [rnd] | lr: 2.45e-04 | left: 66s
step 11600 ( 73.0%) | loss: 0.719795 | trade:0.92 call:1.00 put:0.00 | ATM:0.29 OTM:0.71 [seq] | lr: 2.44e-04 | left: 65s
step 11650 ( 73.5%) | loss: 0.699524 | trade:0.34 call:0.76 put:0.24 | ATM:0.51 OTM:0.49 [rnd] | lr: 2.42e-04 | left: 64s
step 11700 ( 73.7%) | loss: 0.661385 | trade:0.00 call:0.78 put:0.22 | ATM:0.45 OTM:0.55 [seq] | lr: 2.41e-04 | left: 63s
step 11750 ( 74.1%) | loss: 0.680351 | trade:0.34 call:0.73 put:0.27 | ATM:0.51 OTM:0.49 [rnd] | lr: 2.39e-04 | left: 62s
step 11800 ( 74.5%) | loss: 0.561651 | trade:0.93 call:0.96 put:0.03 | ATM:0.43 OTM:0.57 [seq] | lr: 2.36e-04 | left: 61s
step 11850 ( 74.9%) | loss: 0.420034 | trade:0.91 call:1.00 put:0.00 | ATM:0.34 OTM:0.66 [seq] | lr: 2.34e-04 | left: 60s
step 11900 ( 75.1%) | loss: 0.305432 | trade:0.00 call:0.78 put:0.22 | ATM:0.29 OTM:0.71 [seq] | lr: 2.33e-04 | left: 60s
step 11950 ( 75.3%) | loss: 0.819133 | trade:0.00 call:0.81 put:0.19 | ATM:0.67 OTM:0.33 [seq] | lr: 2.31e-04 | left: 59s
step 12000 ( 75.5%) | loss: 0.765692 | trade:0.80 call:0.95 put:0.05 | ATM:0.93 OTM:0.07 [seq] | lr: 2.29e-04 | left: 59s
step 12050 ( 75.8%) | loss: 0.357754 | trade:0.48 call:0.26 put:0.73 | ATM:0.66 OTM:0.34 [seq] | lr: 2.28e-04 | left: 58s
step 12100 ( 76.0%) | loss: 0.755669 | trade:0.45 call:0.67 put:0.33 | ATM:0.48 OTM:0.52 [seq] | lr: 2.26e-04 | left: 58s
step 12150 ( 76.3%) | loss: 0.456936 | trade:0.00 call:0.66 put:0.34 | ATM:0.47 OTM:0.53 [seq] | lr: 2.24e-04 | left: 57s
step 12200 ( 76.6%) | loss: 0.572950 | trade:0.00 call:0.97 put:0.03 | ATM:0.40 OTM:0.60 [seq] | lr: 2.21e-04 | left: 56s
step 12250 ( 77.1%) | loss: 0.696857 | trade:0.00 call:0.81 put:0.19 | ATM:0.55 OTM:0.45 [seq] | lr: 2.17e-04 | left: 55s
step 12300 ( 77.5%) | loss: 0.625730 | trade:0.00 call:0.55 put:0.45 | ATM:0.43 OTM:0.57 [seq] | lr: 2.13e-04 | left: 54s
step 12350 ( 77.9%) | loss: 0.399222 | trade:0.00 call:0.75 put:0.25 | ATM:0.44 OTM:0.56 [seq] | lr: 2.09e-04 | left: 53s
step 12400 ( 78.3%) | loss: 0.557442 | trade:0.00 call:0.77 put:0.23 | ATM:0.36 OTM:0.64 [seq] | lr: 2.06e-04 | left: 52s
step 12450 ( 78.6%) | loss: 0.437736 | trade:0.93 call:0.99 put:0.01 | ATM:0.33 OTM:0.67 [seq] | lr: 2.03e-04 | left: 51s
step 12500 ( 79.0%) | loss: 0.566096 | trade:0.00 call:0.68 put:0.31 | ATM:0.46 OTM:0.54 [seq] | lr: 1.98e-04 | left: 50s
step 12550 ( 79.5%) | loss: 0.480586 | trade:0.00 call:0.62 put:0.37 | ATM:0.41 OTM:0.59 [seq] | lr: 1.93e-04 | left: 49s
step 12600 ( 79.9%) | loss: 0.774706 | trade:0.96 call:0.01 put:0.99 | ATM:0.67 OTM:0.33 [seq] | lr: 1.88e-04 | left: 48s
step 12650 ( 80.1%) | loss: 0.585075 | trade:0.92 call:0.01 put:0.99 | ATM:0.59 OTM:0.41 [seq] | lr: 1.86e-04 | left: 48s
step 12700 ( 80.3%) | loss: 0.608510 | trade:0.00 call:0.47 put:0.53 | ATM:0.44 OTM:0.56 [seq] | lr: 1.84e-04 | left: 47s
step 12750 ( 80.5%) | loss: 0.609615 | trade:0.33 call:0.74 put:0.26 | ATM:0.53 OTM:0.47 [rnd] | lr: 1.81e-04 | left: 47s
step 12800 ( 80.7%) | loss: 0.609834 | trade:0.00 call:0.82 put:0.18 | ATM:0.40 OTM:0.60 [seq] | lr: 1.79e-04 | left: 46s
step 12850 ( 80.9%) | loss: 0.650684 | trade:0.35 call:0.75 put:0.25 | ATM:0.51 OTM:0.49 [rnd] | lr: 1.77e-04 | left: 46s
step 12900 ( 81.1%) | loss: 0.391667 | trade:0.00 call:0.37 put:0.63 | ATM:0.63 OTM:0.37 [seq] | lr: 1.75e-04 | left: 45s
step 12950 ( 81.5%) | loss: 0.627246 | trade:0.33 call:0.73 put:0.27 | ATM:0.53 OTM:0.47 [rnd] | lr: 1.70e-04 | left: 44s
step 13000 ( 82.0%) | loss: 1.105947 | trade:0.51 call:0.43 put:0.57 | ATM:0.67 OTM:0.33 [seq] | lr: 1.64e-04 | left: 43s
step 13050 ( 82.5%) | loss: 0.856814 | trade:0.45 call:0.37 put:0.63 | ATM:0.50 OTM:0.50 [seq] | lr: 1.58e-04 | left: 42s
step 13100 ( 82.9%) | loss: 0.821914 | trade:0.32 call:0.76 put:0.24 | ATM:0.51 OTM:0.49 [rnd] | lr: 1.52e-04 | left: 41s
step 13150 ( 83.4%) | loss: 0.947893 | trade:0.91 call:0.98 put:0.02 | ATM:0.47 OTM:0.53 [seq] | lr: 1.46e-04 | left: 40s
step 13200 ( 83.6%) | loss: 0.741668 | trade:0.91 call:0.84 put:0.16 | ATM:0.39 OTM:0.61 [seq] | lr: 1.43e-04 | left: 39s
step 13250 ( 84.0%) | loss: 0.518608 | trade:0.88 call:0.93 put:0.07 | ATM:0.90 OTM:0.10 [seq] | lr: 1.38e-04 | left: 38s
step 13300 ( 84.5%) | loss: 0.548253 | trade:0.91 call:0.01 put:0.99 | ATM:0.97 OTM:0.03 [seq] | lr: 1.32e-04 | left: 37s
step 13350 ( 84.9%) | loss: 0.566202 | trade:0.89 call:0.95 put:0.05 | ATM:0.91 OTM:0.09 [seq] | lr: 1.27e-04 | left: 36s
step 13400 ( 85.2%) | loss: 0.462822 | trade:0.90 call:0.98 put:0.02 | ATM:0.51 OTM:0.49 [seq] | lr: 1.23e-04 | left: 36s
step 13450 ( 85.4%) | loss: 0.660563 | trade:0.00 call:0.80 put:0.20 | ATM:0.46 OTM:0.54 [seq] | lr: 1.20e-04 | left: 35s
step 13500 ( 85.6%) | loss: 0.433557 | trade:0.00 call:0.97 put:0.03 | ATM:0.93 OTM:0.07 [seq] | lr: 1.17e-04 | left: 35s
step 13550 ( 85.8%) | loss: 0.519076 | trade:0.00 call:0.80 put:0.20 | ATM:0.51 OTM:0.49 [seq] | lr: 1.14e-04 | left: 34s
step 13600 ( 86.0%) | loss: 0.363782 | trade:0.00 call:0.96 put:0.04 | ATM:0.86 OTM:0.14 [seq] | lr: 1.12e-04 | left: 34s
step 13650 ( 86.2%) | loss: 0.490052 | trade:0.00 call:0.75 put:0.25 | ATM:0.39 OTM:0.61 [seq] | lr: 1.09e-04 | left: 33s
step 13700 ( 86.5%) | loss: 0.475293 | trade:0.00 call:0.77 put:0.23 | ATM:0.37 OTM:0.63 [seq] | lr: 1.05e-04 | left: 32s
step 13750 ( 86.9%) | loss: 0.560121 | trade:0.37 call:0.75 put:0.25 | ATM:0.50 OTM:0.50 [rnd] | lr: 1.00e-04 | left: 31s
step 13800 ( 87.4%) | loss: 0.622959 | trade:0.35 call:0.73 put:0.27 | ATM:0.50 OTM:0.50 [rnd] | lr: 9.44e-05 | left: 30s
step 13850 ( 87.8%) | loss: 0.368314 | trade:0.00 call:0.88 put:0.12 | ATM:0.34 OTM:0.66 [seq] | lr: 8.94e-05 | left: 29s
step 13900 ( 88.2%) | loss: 0.500466 | trade:0.00 call:0.93 put:0.07 | ATM:0.42 OTM:0.58 [seq] | lr: 8.44e-05 | left: 28s
step 13950 ( 88.5%) | loss: 0.632580 | trade:0.35 call:0.75 put:0.25 | ATM:0.50 OTM:0.50 [rnd] | lr: 8.01e-05 | left: 28s
step 14000 ( 88.8%) | loss: 0.695279 | trade:0.00 call:0.73 put:0.27 | ATM:0.34 OTM:0.66 [seq] | lr: 7.64e-05 | left: 27s
step 14050 ( 89.2%) | loss: 0.464036 | trade:0.00 call:0.82 put:0.18 | ATM:0.76 OTM:0.24 [seq] | lr: 7.16e-05 | left: 26s
step 14100 ( 89.6%) | loss: 0.431081 | trade:0.00 call:0.54 put:0.46 | ATM:0.48 OTM:0.52 [seq] | lr: 6.66e-05 | left: 25s
step 14150 ( 90.1%) | loss: 0.674880 | trade:0.35 call:0.75 put:0.25 | ATM:0.50 OTM:0.50 [rnd] | lr: 6.19e-05 | left: 24s
step 14200 ( 90.3%) | loss: 0.568140 | trade:0.00 call:0.37 put:0.63 | ATM:0.75 OTM:0.25 [seq] | lr: 5.92e-05 | left: 23s
step 14250 ( 90.5%) | loss: 0.501039 | trade:0.00 call:0.71 put:0.29 | ATM:0.51 OTM:0.49 [seq] | lr: 5.73e-05 | left: 23s
step 14300 ( 90.7%) | loss: 0.569901 | trade:0.38 call:0.74 put:0.26 | ATM:0.51 OTM:0.49 [rnd] | lr: 5.52e-05 | left: 22s
step 14350 ( 90.9%) | loss: 0.597646 | trade:0.00 call:0.74 put:0.26 | ATM:0.39 OTM:0.61 [seq] | lr: 5.30e-05 | left: 22s
step 14400 ( 91.1%) | loss: 0.697395 | trade:0.00 call:0.93 put:0.07 | ATM:0.89 OTM:0.11 [seq] | lr: 5.09e-05 | left: 21s
step 14450 ( 91.2%) | loss: 0.477086 | trade:0.44 call:0.07 put:0.93 | ATM:0.90 OTM:0.10 [seq] | lr: 4.90e-05 | left: 21s
step 14500 ( 91.5%) | loss: 0.390235 | trade:0.00 call:0.63 put:0.37 | ATM:0.55 OTM:0.45 [seq] | lr: 4.61e-05 | left: 20s
step 14550 ( 92.0%) | loss: 0.646166 | trade:0.93 call:0.99 put:0.01 | ATM:0.36 OTM:0.64 [seq] | lr: 4.17e-05 | left: 19s
step 14600 ( 92.4%) | loss: 0.567259 | trade:0.00 call:0.76 put:0.24 | ATM:0.31 OTM:0.69 [seq] | lr: 3.76e-05 | left: 18s
step 14650 ( 92.8%) | loss: 0.586408 | trade:0.00 call:0.72 put:0.28 | ATM:0.42 OTM:0.58 [seq] | lr: 3.36e-05 | left: 17s
step 14700 ( 93.3%) | loss: 0.436279 | trade:0.00 call:0.72 put:0.28 | ATM:0.33 OTM:0.67 [seq] | lr: 2.95e-05 | left: 16s
step 14750 ( 93.7%) | loss: 0.609565 | trade:0.00 call:0.77 put:0.23 | ATM:0.36 OTM:0.64 [seq] | lr: 2.65e-05 | left: 15s
step 14800 ( 94.0%) | loss: 0.543628 | trade:0.00 call:0.75 put:0.25 | ATM:0.50 OTM:0.50 [seq] | lr: 2.35e-05 | left: 14s
step 14850 ( 94.4%) | loss: 0.548796 | trade:0.38 call:0.76 put:0.24 | ATM:0.49 OTM:0.51 [rnd] | lr: 2.06e-05 | left: 13s
step 14900 ( 94.9%) | loss: 0.359665 | trade:0.00 call:0.80 put:0.20 | ATM:0.39 OTM:0.61 [seq] | lr: 1.77e-05 | left: 12s
step 14950 ( 95.0%) | loss: 0.455795 | trade:0.00 call:0.77 put:0.22 | ATM:0.42 OTM:0.58 [seq] | lr: 1.65e-05 | left: 12s
step 15000 ( 95.3%) | loss: 0.620074 | trade:0.47 call:0.54 put:0.46 | ATM:0.46 OTM:0.54 [seq] | lr: 1.51e-05 | left: 11s
step 15050 ( 95.5%) | loss: 0.469568 | trade:0.00 call:0.77 put:0.23 | ATM:0.41 OTM:0.59 [seq] | lr: 1.38e-05 | left: 11s
step 15100 ( 95.7%) | loss: 0.403867 | trade:0.00 call:0.85 put:0.15 | ATM:0.42 OTM:0.58 [seq] | lr: 1.25e-05 | left: 10s
step 15150 ( 95.9%) | loss: 0.517949 | trade:0.00 call:0.71 put:0.29 | ATM:0.40 OTM:0.60 [seq] | lr: 1.14e-05 | left: 10s
step 15200 ( 96.1%) | loss: 0.336740 | trade:0.94 call:0.95 put:0.05 | ATM:0.43 OTM:0.57 [seq] | lr: 1.02e-05 | left: 9s
step 15250 ( 96.5%) | loss: 0.629073 | trade:0.00 call:0.80 put:0.20 | ATM:0.39 OTM:0.61 [seq] | lr: 8.25e-06 | left: 8s
step 15300 ( 97.0%) | loss: 0.787774 | trade:0.36 call:0.76 put:0.24 | ATM:0.52 OTM:0.48 [rnd] | lr: 6.27e-06 | left: 7s
step 15350 ( 97.4%) | loss: 0.424873 | trade:0.00 call:0.96 put:0.04 | ATM:0.93 OTM:0.07 [seq] | lr: 4.59e-06 | left: 6s
step 15400 ( 97.8%) | loss: 0.473827 | trade:0.00 call:0.42 put:0.58 | ATM:0.65 OTM:0.35 [seq] | lr: 3.24e-06 | left: 5s
step 15450 ( 98.2%) | loss: 0.646470 | trade:0.00 call:0.73 put:0.27 | ATM:0.46 OTM:0.54 [seq] | lr: 2.22e-06 | left: 4s
step 15500 ( 98.5%) | loss: 0.647759 | trade:0.00 call:0.24 put:0.76 | ATM:0.38 OTM:0.62 [seq] | lr: 1.46e-06 | left: 3s
step 15550 ( 98.9%) | loss: 0.348824 | trade:0.00 call:0.88 put:0.12 | ATM:0.42 OTM:0.58 [seq] | lr: 7.95e-07 | left: 3s
step 15600 ( 99.4%) | loss: 0.501650 | trade:0.00 call:0.61 put:0.39 | ATM:0.53 OTM:0.47 [seq] | lr: 2.79e-07 | left: 2s
step 15650 ( 99.6%) | loss: 0.566824 | trade:0.00 call:0.84 put:0.16 | ATM:0.37 OTM:0.63 [seq] | lr: 9.58e-08 | left: 1s
step 15700 ( 99.8%) | loss: 0.599588 | trade:0.38 call:0.75 put:0.25 | ATM:0.51 OTM:0.49 [rnd] | lr: 1.93e-08 | left: 0s

Training done at 245s. Starting evaluation...
Evaluation done in 1s (total wall: 246s)
Model saved to /root/best_model.pt
Trade log: 5 trades -> /root/trade_log.csv

=== TRADE DIAGNOSTICS ===

Worst 5 trades:
  2025-09-17 2025-09-17 14:02 CALL_ATM 6600.0 PnL=-3441.49% hold=1bars exit=end_of_day
  2025-09-17 2025-09-17 13:10 CALL_ATM 6600.0 PnL=-393.59% hold=2bars exit=model_exit
  2025-09-17 2025-09-17 13:08 CALL_ATM 6600.0 PnL=-129.29% hold=1bars exit=model_exit
  2025-09-17 2025-09-17 13:23 CALL_ATM 6600.0 PnL=-74.14% hold=1bars exit=model_exit
  2025-09-17 2025-09-17 13:00 CALL_ATM 6600.0 PnL=+157.11% hold=7bars exit=model_exit
Best 5 trades:
  2025-09-17 2025-09-17 14:02 CALL_ATM 6600.0 PnL=-3441.49% hold=1bars exit=end_of_day
  2025-09-17 2025-09-17 13:10 CALL_ATM 6600.0 PnL=-393.59% hold=2bars exit=model_exit
  2025-09-17 2025-09-17 13:08 CALL_ATM 6600.0 PnL=-129.29% hold=1bars exit=model_exit
  2025-09-17 2025-09-17 13:23 CALL_ATM 6600.0 PnL=-74.14% hold=1bars exit=model_exit
  2025-09-17 2025-09-17 13:00 CALL_ATM 6600.0 PnL=+157.11% hold=7bars exit=model_exit

Time-of-day breakdown:
  Lunch(11:30-13:30): 5 trades, WR=20.0%, avg=-776.28%

Direction breakdown:
  CALL: 5 trades, WR=20.0%, avg=-776.28%

Exit reasons:
  model_exit: 4 (80.0%)
  end_of_day: 1 (20.0%)

Stop-loss alignment: MULTI-LEVEL (tight/med/wide selected by IV+VIX)
=== END DIAGNOSTICS ===

---
score:              -0.127607
profit_factor:      0.038902
win_rate:           0.200000
avg_winner:         0.015711
avg_loser:          -0.100963
trades_per_day:     1.000000
max_consec_loss:    4
num_trades:         5
trade_sharpe:       -8.200554
sortino:            -7.573070
max_drawdown:       -0.403851
calmar:             -0.961098
ev_per_trade:       -0.077628
do_nothing_pct:     0.865385
exit_pct:           0.015385
model_exit_count:   4
cooldown_blocked:   0
pre_10am_blocked:   23
short_hold_pct:     0.000000
stop_loss_rate:     0.000000
direction_collapse_pct: 1.000000
avg_entry_cost_bps: 293.540000
avg_entry_quality:  0.703200
cost_realism_coverage: 1.000000
high_cost_entry_rate: 0.200000
low_quality_entry_rate: 0.000000
actionable_bar_rate: 0.969200
risk_off_bar_rate:  0.000000
final_capital:      8869.68
equity_sharpe:      -7.835100
max_equity_dd:      -0.115800
total_dollar_return:-0.113000
val_sharpe:         -37.770407
total_return:       -0.388141
num_val_bars:       260
num_val_days:       5
worst_chunk_pf:     1.00
rr_ratio:           0.1556
avg_hold_bars:      2.40
model_exit_rate:    0.8000
hit_ruin:           False
min_equity_frac:    0.8870
avg_risk_fraction:  0.2227
max_risk_fraction:  0.3054
trades_blocked_by_balance: 0
training_seconds:   240.0
total_seconds:      248.1
peak_vram_mb:       769.2
num_steps:          15742
num_params:         145,064
lookback:           120
depth:              3
d_model:            64
effective_lr:       0.00025
gate_label_smoothing:0.050000
dir_label_smoothing:0.050000
false_entry_penalty:1.500000
/opt/conda/lib/python3.11/site-packages/torch/nn/modules/transformer.py:379: UserWarning: enable_nested_tensor is True, but self.use_nested_tensor is False because encoder_layer.norm_first was True
  warnings.warn(
