Loading data from: /root/.cache/autoresearch-trading/features/data.pt
Loaded 384870 1-min bars, 32 features, 8 actions
  ~986 trading days
Training:   up to idx 269189
Validation: idx 269190-384869
  Option P&L coverage: 297877/384870 (77%)
Parameters: 147,370
Architecture: v4 simplified two-head (gate+dir) + balanced strike gating + VIX regime robustness + stop prevention + FULL STOPPED P&L CONSISTENCY + feature noise injection + MAXIMUM CONSERVATIVE GATE BIAS + ADAPTIVE EXIT QUALITY PREDICTOR + MICROSTRUCTURE EXIT TIMING
Training from scratch (v4: no warm-start).

Budget: 240s | Batch: 128 | Lookback: 120
LR: 0.00015 | Depth: 3 | d_model: 64 | ff_mult: 3
Dropout: 0.15 | Weight decay: 0.05
False entry penalty: 2.5x
Label smoothing: gate=0.05 dir=0.05
Loss weights: gate=1.0, dir=1.0, pnl=0.3, exit=0.5
VIX regime weights: vix_regime=0.2, vix_consistency=0.1
Direction-side loss: dir_side=0.4
Stop prevention: stop_prevention=0.3
Feature noise injection: std=0.05
NEW: Exit quality prediction: exit_quality=0.4, microstructure_exit=0.3
CRITICAL: Training exclusively on STOPPED P&L to align with evaluation reality
MAXIMUM CONSERVATIVE GATE BIAS: NO_TRADE=+1.2, TRADE=-1.2 for ultra-selectivity

step 00000 (  0.0%) | loss: 3.555513 | trade:0.15 call:0.52 put:0.48 | ATM:0.31 OTM:0.69 | exit_qual:0.474| lr: 0.00e+00 | left: 240s
step 00050 (  0.4%) | loss: 3.719663 | trade:0.15 call:0.51 put:0.49 | ATM:0.31 OTM:0.69 | exit_qual:0.495| lr: 6.48e-06 | left: 239s
step 00100 (  1.1%) | loss: 3.667615 | trade:0.18 call:0.53 put:0.47 | ATM:0.31 OTM:0.69 | exit_qual:0.493| lr: 1.58e-05 | left: 237s
step 00150 (  1.6%) | loss: 3.573171 | trade:0.23 call:0.54 put:0.46 | ATM:0.31 OTM:0.69 | exit_qual:0.507| lr: 2.46e-05 | left: 236s
step 00200 (  2.3%) | loss: 3.425584 | trade:0.31 call:0.56 put:0.44 | ATM:0.31 OTM:0.69 | exit_qual:0.540| lr: 3.38e-05 | left: 235s
step 00250 (  2.9%) | loss: 3.407640 | trade:0.31 call:0.57 put:0.43 | ATM:0.31 OTM:0.69 | exit_qual:0.581| lr: 4.31e-05 | left: 233s
step 00300 (  3.5%) | loss: 3.369876 | trade:0.29 call:0.58 put:0.42 | ATM:0.32 OTM:0.68 | exit_qual:0.618| lr: 5.25e-05 | left: 232s
step 00350 (  4.1%) | loss: 3.299344 | trade:0.32 call:0.59 put:0.41 | ATM:0.34 OTM:0.66 | exit_qual:0.658| lr: 6.19e-05 | left: 230s
step 00400 (  4.7%) | loss: 3.231783 | trade:0.31 call:0.57 put:0.43 | ATM:0.32 OTM:0.68 | exit_qual:0.701| lr: 7.10e-05 | left: 229s
step 00450 (  5.4%) | loss: 3.126156 | trade:0.30 call:0.60 put:0.40 | ATM:0.36 OTM:0.64 | exit_qual:0.704| lr: 8.03e-05 | left: 227s
step 00500 (  6.0%) | loss: 3.055145 | trade:0.30 call:0.60 put:0.40 | ATM:0.36 OTM:0.64 | exit_qual:0.703| lr: 8.96e-05 | left: 226s
step 00550 (  6.6%) | loss: 3.015134 | trade:0.31 call:0.56 put:0.44 | ATM:0.35 OTM:0.65 | exit_qual:0.715| lr: 9.87e-05 | left: 224s
step 00600 (  7.2%) | loss: 2.870614 | trade:0.32 call:0.59 put:0.41 | ATM:0.38 OTM:0.62 | exit_qual:0.734| lr: 1.08e-04 | left: 223s
step 00650 (  7.8%) | loss: 2.756210 | trade:0.28 call:0.57 put:0.43 | ATM:0.39 OTM:0.61 | exit_qual:0.741| lr: 1.17e-04 | left: 221s
step 00700 (  8.5%) | loss: 2.641740 | trade:0.27 call:0.60 put:0.40 | ATM:0.42 OTM:0.58 | exit_qual:0.733| lr: 1.27e-04 | left: 220s
step 00750 (  9.1%) | loss: 2.540399 | trade:0.31 call:0.63 put:0.37 | ATM:0.41 OTM:0.59 | exit_qual:0.747| lr: 1.36e-04 | left: 218s
step 00800 (  9.7%) | loss: 2.387505 | trade:0.31 call:0.58 put:0.42 | ATM:0.40 OTM:0.60 | exit_qual:0.756| lr: 1.46e-04 | left: 217s
step 00850 ( 10.3%) | loss: 2.300401 | trade:0.31 call:0.67 put:0.33 | ATM:0.43 OTM:0.57 | exit_qual:0.745| lr: 1.50e-04 | left: 215s
step 00900 ( 10.9%) | loss: 2.206938 | trade:0.26 call:0.67 put:0.33 | ATM:0.46 OTM:0.54 | exit_qual:0.739| lr: 1.50e-04 | left: 214s
step 00950 ( 11.6%) | loss: 2.110694 | trade:0.29 call:0.64 put:0.36 | ATM:0.49 OTM:0.51 | exit_qual:0.755| lr: 1.50e-04 | left: 212s
step 01000 ( 12.2%) | loss: 1.973403 | trade:0.28 call:0.62 put:0.38 | ATM:0.45 OTM:0.55 | exit_qual:0.744| lr: 1.50e-04 | left: 211s
step 01050 ( 12.8%) | loss: 1.920465 | trade:0.27 call:0.66 put:0.34 | ATM:0.46 OTM:0.54 | exit_qual:0.748| lr: 1.50e-04 | left: 209s
step 01100 ( 13.4%) | loss: 1.868090 | trade:0.31 call:0.64 put:0.36 | ATM:0.48 OTM:0.52 | exit_qual:0.749| lr: 1.50e-04 | left: 208s
step 01150 ( 14.0%) | loss: 1.835108 | trade:0.30 call:0.65 put:0.35 | ATM:0.45 OTM:0.55 | exit_qual:0.760| lr: 1.50e-04 | left: 206s
step 01200 ( 14.7%) | loss: 1.801357 | trade:0.26 call:0.66 put:0.34 | ATM:0.46 OTM:0.54 | exit_qual:0.733| lr: 1.50e-04 | left: 205s
step 01250 ( 15.3%) | loss: 1.756977 | trade:0.28 call:0.64 put:0.36 | ATM:0.50 OTM:0.50 | exit_qual:0.743| lr: 1.50e-04 | left: 203s
step 01300 ( 15.9%) | loss: 1.750008 | trade:0.27 call:0.71 put:0.29 | ATM:0.47 OTM:0.53 | exit_qual:0.744| lr: 1.50e-04 | left: 202s
step 01350 ( 16.5%) | loss: 1.683621 | trade:0.27 call:0.67 put:0.33 | ATM:0.54 OTM:0.46 | exit_qual:0.749| lr: 1.50e-04 | left: 200s
step 01400 ( 17.2%) | loss: 1.686012 | trade:0.29 call:0.63 put:0.37 | ATM:0.54 OTM:0.46 | exit_qual:0.742| lr: 1.50e-04 | left: 199s
step 01450 ( 17.8%) | loss: 1.618135 | trade:0.28 call:0.71 put:0.29 | ATM:0.49 OTM:0.51 | exit_qual:0.748| lr: 1.50e-04 | left: 197s
step 01500 ( 18.4%) | loss: 1.629915 | trade:0.29 call:0.59 put:0.41 | ATM:0.50 OTM:0.50 | exit_qual:0.748| lr: 1.50e-04 | left: 196s
step 01550 ( 19.0%) | loss: 1.601570 | trade:0.30 call:0.68 put:0.32 | ATM:0.50 OTM:0.50 | exit_qual:0.754| lr: 1.50e-04 | left: 194s
step 01600 ( 19.7%) | loss: 1.625411 | trade:0.23 call:0.62 put:0.38 | ATM:0.58 OTM:0.42 | exit_qual:0.730| lr: 1.50e-04 | left: 193s
step 01650 ( 20.3%) | loss: 1.531201 | trade:0.30 call:0.67 put:0.33 | ATM:0.51 OTM:0.49 | exit_qual:0.755| lr: 1.50e-04 | left: 191s
step 01700 ( 20.9%) | loss: 1.518475 | trade:0.24 call:0.66 put:0.34 | ATM:0.59 OTM:0.41 | exit_qual:0.732| lr: 1.50e-04 | left: 190s
step 01750 ( 21.5%) | loss: 1.479744 | trade:0.31 call:0.63 put:0.37 | ATM:0.52 OTM:0.48 | exit_qual:0.752| lr: 1.50e-04 | left: 188s
step 01800 ( 22.1%) | loss: 1.489633 | trade:0.30 call:0.60 put:0.40 | ATM:0.56 OTM:0.44 | exit_qual:0.759| lr: 1.50e-04 | left: 187s
step 01850 ( 22.7%) | loss: 1.450494 | trade:0.25 call:0.60 put:0.40 | ATM:0.59 OTM:0.41 | exit_qual:0.735| lr: 1.50e-04 | left: 185s
step 01900 ( 23.4%) | loss: 1.470451 | trade:0.27 call:0.70 put:0.30 | ATM:0.58 OTM:0.42 | exit_qual:0.735| lr: 1.50e-04 | left: 184s
step 01950 ( 24.0%) | loss: 1.431840 | trade:0.26 call:0.59 put:0.41 | ATM:0.58 OTM:0.42 | exit_qual:0.748| lr: 1.50e-04 | left: 182s
step 02000 ( 24.6%) | loss: 1.457579 | trade:0.35 call:0.63 put:0.37 | ATM:0.48 OTM:0.52 | exit_qual:0.772| lr: 1.50e-04 | left: 181s
step 02050 ( 25.2%) | loss: 1.418578 | trade:0.27 call:0.62 put:0.38 | ATM:0.57 OTM:0.43 | exit_qual:0.740| lr: 1.50e-04 | left: 180s
step 02100 ( 25.8%) | loss: 1.423914 | trade:0.24 call:0.71 put:0.29 | ATM:0.63 OTM:0.37 | exit_qual:0.727| lr: 1.50e-04 | left: 178s
step 02150 ( 26.4%) | loss: 1.432543 | trade:0.31 call:0.60 put:0.40 | ATM:0.57 OTM:0.43 | exit_qual:0.763| lr: 1.50e-04 | left: 177s
step 02200 ( 27.0%) | loss: 1.391437 | trade:0.26 call:0.64 put:0.36 | ATM:0.54 OTM:0.46 | exit_qual:0.738| lr: 1.50e-04 | left: 175s
step 02250 ( 27.6%) | loss: 1.422786 | trade:0.24 call:0.65 put:0.35 | ATM:0.63 OTM:0.37 | exit_qual:0.737| lr: 1.50e-04 | left: 174s
step 02300 ( 28.2%) | loss: 1.387867 | trade:0.26 call:0.67 put:0.33 | ATM:0.60 OTM:0.40 | exit_qual:0.742| lr: 1.50e-04 | left: 172s
step 02350 ( 28.8%) | loss: 1.363203 | trade:0.26 call:0.59 put:0.41 | ATM:0.58 OTM:0.42 | exit_qual:0.747| lr: 1.50e-04 | left: 171s
step 02400 ( 29.4%) | loss: 1.360726 | trade:0.22 call:0.63 put:0.37 | ATM:0.57 OTM:0.43 | exit_qual:0.732| lr: 1.50e-04 | left: 169s
step 02450 ( 30.0%) | loss: 1.384883 | trade:0.28 call:0.54 put:0.46 | ATM:0.58 OTM:0.42 | exit_qual:0.748| lr: 1.50e-04 | left: 168s
step 02500 ( 30.6%) | loss: 1.365795 | trade:0.24 call:0.64 put:0.36 | ATM:0.64 OTM:0.36 | exit_qual:0.735| lr: 1.50e-04 | left: 166s
step 02550 ( 31.3%) | loss: 1.399819 | trade:0.30 call:0.65 put:0.35 | ATM:0.59 OTM:0.41 | exit_qual:0.762| lr: 1.50e-04 | left: 165s
step 02600 ( 31.9%) | loss: 1.381500 | trade:0.26 call:0.64 put:0.36 | ATM:0.66 OTM:0.34 | exit_qual:0.741| lr: 1.50e-04 | left: 163s
step 02650 ( 32.5%) | loss: 1.306414 | trade:0.28 call:0.59 put:0.41 | ATM:0.59 OTM:0.41 | exit_qual:0.754| lr: 1.50e-04 | left: 162s
step 02700 ( 33.1%) | loss: 1.378691 | trade:0.27 call:0.62 put:0.38 | ATM:0.57 OTM:0.43 | exit_qual:0.761| lr: 1.50e-04 | left: 160s
step 02750 ( 33.7%) | loss: 1.408338 | trade:0.29 call:0.57 put:0.43 | ATM:0.63 OTM:0.37 | exit_qual:0.752| lr: 1.50e-04 | left: 159s
step 02800 ( 34.4%) | loss: 1.303691 | trade:0.30 call:0.64 put:0.36 | ATM:0.56 OTM:0.44 | exit_qual:0.758| lr: 1.50e-04 | left: 157s
step 02850 ( 35.0%) | loss: 1.335101 | trade:0.25 call:0.54 put:0.46 | ATM:0.60 OTM:0.40 | exit_qual:0.737| lr: 1.50e-04 | left: 156s
step 02900 ( 35.6%) | loss: 1.352187 | trade:0.23 call:0.65 put:0.35 | ATM:0.66 OTM:0.34 | exit_qual:0.739| lr: 1.50e-04 | left: 155s
step 02950 ( 36.2%) | loss: 1.327456 | trade:0.27 call:0.61 put:0.39 | ATM:0.58 OTM:0.42 | exit_qual:0.755| lr: 1.50e-04 | left: 153s
step 03000 ( 36.8%) | loss: 1.336135 | trade:0.27 call:0.66 put:0.34 | ATM:0.61 OTM:0.39 | exit_qual:0.751| lr: 1.50e-04 | left: 152s
step 03050 ( 37.5%) | loss: 1.309063 | trade:0.28 call:0.63 put:0.37 | ATM:0.59 OTM:0.41 | exit_qual:0.759| lr: 1.50e-04 | left: 150s
step 03100 ( 38.1%) | loss: 1.281858 | trade:0.26 call:0.59 put:0.41 | ATM:0.65 OTM:0.35 | exit_qual:0.748| lr: 1.50e-04 | left: 149s
step 03150 ( 38.7%) | loss: 1.302109 | trade:0.32 call:0.56 put:0.44 | ATM:0.56 OTM:0.44 | exit_qual:0.778| lr: 1.50e-04 | left: 147s
step 03200 ( 39.3%) | loss: 1.266038 | trade:0.23 call:0.58 put:0.42 | ATM:0.58 OTM:0.42 | exit_qual:0.740| lr: 1.50e-04 | left: 146s
step 03250 ( 39.9%) | loss: 1.292511 | trade:0.27 call:0.64 put:0.36 | ATM:0.61 OTM:0.39 | exit_qual:0.749| lr: 1.50e-04 | left: 144s
step 03300 ( 40.5%) | loss: 1.317918 | trade:0.28 call:0.55 put:0.45 | ATM:0.59 OTM:0.41 | exit_qual:0.760| lr: 1.50e-04 | left: 143s
step 03350 ( 41.1%) | loss: 1.320161 | trade:0.25 call:0.57 put:0.43 | ATM:0.60 OTM:0.40 | exit_qual:0.742| lr: 1.50e-04 | left: 141s
step 03400 ( 41.7%) | loss: 1.283324 | trade:0.27 call:0.59 put:0.41 | ATM:0.60 OTM:0.40 | exit_qual:0.746| lr: 1.50e-04 | left: 140s
step 03450 ( 42.3%) | loss: 1.250919 | trade:0.29 call:0.61 put:0.39 | ATM:0.53 OTM:0.47 | exit_qual:0.756| lr: 1.50e-04 | left: 138s
step 03500 ( 43.0%) | loss: 1.291048 | trade:0.25 call:0.56 put:0.44 | ATM:0.63 OTM:0.37 | exit_qual:0.753| lr: 1.50e-04 | left: 137s
step 03550 ( 43.6%) | loss: 1.297811 | trade:0.23 call:0.63 put:0.37 | ATM:0.68 OTM:0.32 | exit_qual:0.734| lr: 1.50e-04 | left: 135s
step 03600 ( 44.2%) | loss: 1.264309 | trade:0.27 call:0.66 put:0.34 | ATM:0.58 OTM:0.42 | exit_qual:0.756| lr: 1.50e-04 | left: 134s
step 03650 ( 44.9%) | loss: 1.271492 | trade:0.22 call:0.61 put:0.39 | ATM:0.66 OTM:0.34 | exit_qual:0.737| lr: 1.50e-04 | left: 132s
step 03700 ( 45.5%) | loss: 1.290366 | trade:0.27 call:0.59 put:0.41 | ATM:0.60 OTM:0.40 | exit_qual:0.751| lr: 1.50e-04 | left: 131s
step 03750 ( 46.1%) | loss: 1.294374 | trade:0.29 call:0.66 put:0.34 | ATM:0.62 OTM:0.38 | exit_qual:0.763| lr: 1.50e-04 | left: 129s
step 03800 ( 46.7%) | loss: 1.253713 | trade:0.28 call:0.55 put:0.45 | ATM:0.61 OTM:0.39 | exit_qual:0.766| lr: 1.50e-04 | left: 128s
step 03850 ( 47.3%) | loss: 1.287209 | trade:0.28 call:0.57 put:0.43 | ATM:0.63 OTM:0.37 | exit_qual:0.763| lr: 1.50e-04 | left: 126s
step 03900 ( 48.0%) | loss: 1.244574 | trade:0.30 call:0.62 put:0.38 | ATM:0.50 OTM:0.50 | exit_qual:0.771| lr: 1.50e-04 | left: 125s
step 03950 ( 48.6%) | loss: 1.259872 | trade:0.25 call:0.61 put:0.39 | ATM:0.63 OTM:0.37 | exit_qual:0.746| lr: 1.50e-04 | left: 123s
step 04000 ( 49.2%) | loss: 1.226535 | trade:0.27 call:0.61 put:0.39 | ATM:0.63 OTM:0.37 | exit_qual:0.757| lr: 1.50e-04 | left: 122s
step 04050 ( 49.8%) | loss: 1.233518 | trade:0.27 call:0.63 put:0.37 | ATM:0.59 OTM:0.41 | exit_qual:0.754| lr: 1.50e-04 | left: 120s
step 04100 ( 50.4%) | loss: 1.274967 | trade:0.26 call:0.53 put:0.47 | ATM:0.62 OTM:0.38 | exit_qual:0.759| lr: 1.50e-04 | left: 119s
step 04150 ( 51.1%) | loss: 1.286467 | trade:0.22 call:0.56 put:0.44 | ATM:0.61 OTM:0.39 | exit_qual:0.733| lr: 1.50e-04 | left: 117s
step 04200 ( 51.6%) | loss: 1.255540 | trade:0.29 call:0.55 put:0.45 | ATM:0.62 OTM:0.38 | exit_qual:0.760| lr: 1.50e-04 | left: 116s
step 04250 ( 52.3%) | loss: 1.232539 | trade:0.29 call:0.61 put:0.39 | ATM:0.64 OTM:0.36 | exit_qual:0.764| lr: 1.50e-04 | left: 115s
step 04300 ( 52.9%) | loss: 1.255774 | trade:0.25 call:0.57 put:0.43 | ATM:0.65 OTM:0.35 | exit_qual:0.748| lr: 1.50e-04 | left: 113s
step 04350 ( 53.5%) | loss: 1.264491 | trade:0.27 call:0.61 put:0.39 | ATM:0.61 OTM:0.39 | exit_qual:0.747| lr: 1.50e-04 | left: 112s
step 04400 ( 54.1%) | loss: 1.258749 | trade:0.23 call:0.60 put:0.40 | ATM:0.69 OTM:0.31 | exit_qual:0.738| lr: 1.50e-04 | left: 110s
step 04450 ( 54.7%) | loss: 1.225621 | trade:0.24 call:0.53 put:0.47 | ATM:0.63 OTM:0.37 | exit_qual:0.744| lr: 1.50e-04 | left: 109s
step 04500 ( 55.4%) | loss: 1.275631 | trade:0.28 call:0.67 put:0.33 | ATM:0.62 OTM:0.38 | exit_qual:0.757| lr: 1.50e-04 | left: 107s
step 04550 ( 56.0%) | loss: 1.247569 | trade:0.30 call:0.56 put:0.44 | ATM:0.58 OTM:0.42 | exit_qual:0.768| lr: 1.50e-04 | left: 106s
step 04600 ( 56.6%) | loss: 1.252721 | trade:0.31 call:0.56 put:0.44 | ATM:0.68 OTM:0.32 | exit_qual:0.766| lr: 1.50e-04 | left: 104s
step 04650 ( 57.2%) | loss: 1.274182 | trade:0.25 call:0.63 put:0.37 | ATM:0.64 OTM:0.36 | exit_qual:0.748| lr: 1.50e-04 | left: 103s
step 04700 ( 57.8%) | loss: 1.229670 | trade:0.25 call:0.60 put:0.40 | ATM:0.63 OTM:0.37 | exit_qual:0.741| lr: 1.50e-04 | left: 101s
step 04750 ( 58.5%) | loss: 1.226898 | trade:0.27 call:0.60 put:0.40 | ATM:0.62 OTM:0.38 | exit_qual:0.753| lr: 1.50e-04 | left: 100s
step 04800 ( 59.1%) | loss: 1.213470 | trade:0.26 call:0.58 put:0.42 | ATM:0.65 OTM:0.35 | exit_qual:0.753| lr: 1.50e-04 | left: 98s
step 04850 ( 59.7%) | loss: 1.231369 | trade:0.28 call:0.51 put:0.49 | ATM:0.52 OTM:0.48 | exit_qual:0.764| lr: 1.50e-04 | left: 97s
step 04900 ( 60.3%) | loss: 1.204064 | trade:0.27 call:0.58 put:0.42 | ATM:0.56 OTM:0.44 | exit_qual:0.757| lr: 1.50e-04 | left: 95s
step 04950 ( 60.9%) | loss: 1.233700 | trade:0.27 call:0.53 put:0.47 | ATM:0.66 OTM:0.34 | exit_qual:0.757| lr: 1.50e-04 | left: 94s
step 05000 ( 61.5%) | loss: 1.244234 | trade:0.24 call:0.60 put:0.40 | ATM:0.63 OTM:0.37 | exit_qual:0.747| lr: 1.50e-04 | left: 92s
step 05050 ( 62.1%) | loss: 1.283972 | trade:0.26 call:0.60 put:0.40 | ATM:0.67 OTM:0.33 | exit_qual:0.758| lr: 1.50e-04 | left: 91s
step 05100 ( 62.7%) | loss: 1.199149 | trade:0.27 call:0.50 put:0.50 | ATM:0.61 OTM:0.39 | exit_qual:0.757| lr: 1.50e-04 | left: 89s
step 05150 ( 63.4%) | loss: 1.221474 | trade:0.30 call:0.59 put:0.41 | ATM:0.56 OTM:0.44 | exit_qual:0.765| lr: 1.50e-04 | left: 88s
step 05200 ( 64.0%) | loss: 1.234120 | trade:0.25 call:0.59 put:0.41 | ATM:0.65 OTM:0.35 | exit_qual:0.752| lr: 1.50e-04 | left: 86s
step 05250 ( 64.6%) | loss: 1.186092 | trade:0.25 call:0.54 put:0.46 | ATM:0.59 OTM:0.41 | exit_qual:0.758| lr: 1.50e-04 | left: 85s
step 05300 ( 65.2%) | loss: 1.247314 | trade:0.24 call:0.56 put:0.44 | ATM:0.71 OTM:0.29 | exit_qual:0.743| lr: 1.50e-04 | left: 83s
step 05350 ( 65.8%) | loss: 1.237619 | trade:0.28 call:0.48 put:0.52 | ATM:0.62 OTM:0.38 | exit_qual:0.757| lr: 1.50e-04 | left: 82s
step 05400 ( 66.4%) | loss: 1.243872 | trade:0.26 call:0.58 put:0.42 | ATM:0.69 OTM:0.31 | exit_qual:0.747| lr: 1.50e-04 | left: 81s
step 05450 ( 67.1%) | loss: 1.219921 | trade:0.26 call:0.60 put:0.40 | ATM:0.66 OTM:0.34 | exit_qual:0.757| lr: 1.50e-04 | left: 79s
step 05500 ( 67.7%) | loss: 1.208717 | trade:0.21 call:0.51 put:0.49 | ATM:0.67 OTM:0.33 | exit_qual:0.728| lr: 1.50e-04 | left: 78s
step 05550 ( 68.3%) | loss: 1.224247 | trade:0.24 call:0.59 put:0.41 | ATM:0.63 OTM:0.37 | exit_qual:0.749| lr: 1.50e-04 | left: 76s
step 05600 ( 68.9%) | loss: 1.206095 | trade:0.26 call:0.59 put:0.41 | ATM:0.67 OTM:0.33 | exit_qual:0.751| lr: 1.50e-04 | left: 75s
step 05650 ( 69.5%) | loss: 1.231249 | trade:0.23 call:0.58 put:0.42 | ATM:0.66 OTM:0.34 | exit_qual:0.747| lr: 1.50e-04 | left: 73s
step 05700 ( 70.2%) | loss: 1.214359 | trade:0.28 call:0.57 put:0.43 | ATM:0.61 OTM:0.39 | exit_qual:0.754| lr: 1.50e-04 | left: 72s
step 05750 ( 70.8%) | loss: 1.196775 | trade:0.25 call:0.55 put:0.45 | ATM:0.66 OTM:0.34 | exit_qual:0.757| lr: 1.50e-04 | left: 70s
step 05800 ( 71.4%) | loss: 1.191041 | trade:0.28 call:0.58 put:0.42 | ATM:0.64 OTM:0.36 | exit_qual:0.764| lr: 1.49e-04 | left: 69s
step 05850 ( 72.0%) | loss: 1.237706 | trade:0.25 call:0.53 put:0.47 | ATM:0.67 OTM:0.33 | exit_qual:0.745| lr: 1.48e-04 | left: 67s
step 05900 ( 72.6%) | loss: 1.221261 | trade:0.25 call:0.62 put:0.38 | ATM:0.62 OTM:0.38 | exit_qual:0.747| lr: 1.47e-04 | left: 66s
step 05950 ( 73.2%) | loss: 1.203308 | trade:0.28 call:0.58 put:0.42 | ATM:0.65 OTM:0.35 | exit_qual:0.760| lr: 1.46e-04 | left: 64s
step 06000 ( 73.9%) | loss: 1.218111 | trade:0.26 call:0.65 put:0.35 | ATM:0.72 OTM:0.28 | exit_qual:0.750| lr: 1.44e-04 | left: 63s
step 06050 ( 74.5%) | loss: 1.196767 | trade:0.24 call:0.55 put:0.45 | ATM:0.58 OTM:0.42 | exit_qual:0.747| lr: 1.42e-04 | left: 61s
step 06100 ( 75.1%) | loss: 1.204280 | trade:0.23 call:0.57 put:0.43 | ATM:0.66 OTM:0.34 | exit_qual:0.739| lr: 1.39e-04 | left: 60s
step 06150 ( 75.7%) | loss: 1.164557 | trade:0.25 call:0.55 put:0.45 | ATM:0.63 OTM:0.37 | exit_qual:0.746| lr: 1.37e-04 | left: 58s
step 06200 ( 76.4%) | loss: 1.194415 | trade:0.25 call:0.59 put:0.41 | ATM:0.71 OTM:0.29 | exit_qual:0.742| lr: 1.34e-04 | left: 57s
step 06250 ( 77.0%) | loss: 1.186741 | trade:0.29 call:0.61 put:0.39 | ATM:0.59 OTM:0.41 | exit_qual:0.769| lr: 1.31e-04 | left: 55s
step 06300 ( 77.6%) | loss: 1.244206 | trade:0.24 call:0.61 put:0.39 | ATM:0.70 OTM:0.30 | exit_qual:0.746| lr: 1.27e-04 | left: 54s
step 06350 ( 78.2%) | loss: 1.170973 | trade:0.29 call:0.56 put:0.44 | ATM:0.63 OTM:0.37 | exit_qual:0.772| lr: 1.24e-04 | left: 52s
step 06400 ( 78.8%) | loss: 1.172380 | trade:0.25 call:0.58 put:0.42 | ATM:0.61 OTM:0.39 | exit_qual:0.753| lr: 1.20e-04 | left: 51s
step 06450 ( 79.5%) | loss: 1.178845 | trade:0.30 call:0.62 put:0.38 | ATM:0.61 OTM:0.39 | exit_qual:0.778| lr: 1.16e-04 | left: 49s
step 06500 ( 80.1%) | loss: 1.199224 | trade:0.23 call:0.59 put:0.41 | ATM:0.67 OTM:0.33 | exit_qual:0.740| lr: 1.12e-04 | left: 48s
step 06550 ( 80.7%) | loss: 1.169046 | trade:0.26 call:0.59 put:0.41 | ATM:0.60 OTM:0.40 | exit_qual:0.757| lr: 1.08e-04 | left: 46s
step 06600 ( 81.3%) | loss: 1.204593 | trade:0.24 call:0.49 put:0.51 | ATM:0.65 OTM:0.35 | exit_qual:0.743| lr: 1.03e-04 | left: 45s
step 06650 ( 81.9%) | loss: 1.183183 | trade:0.27 call:0.56 put:0.44 | ATM:0.61 OTM:0.39 | exit_qual:0.762| lr: 9.86e-05 | left: 43s
step 06700 ( 82.6%) | loss: 1.175908 | trade:0.27 call:0.55 put:0.45 | ATM:0.62 OTM:0.38 | exit_qual:0.756| lr: 9.39e-05 | left: 42s
step 06750 ( 83.1%) | loss: 1.196187 | trade:0.25 call:0.62 put:0.38 | ATM:0.63 OTM:0.37 | exit_qual:0.751| lr: 8.96e-05 | left: 40s
step 06800 ( 83.7%) | loss: 1.166595 | trade:0.30 call:0.63 put:0.37 | ATM:0.58 OTM:0.42 | exit_qual:0.772| lr: 8.48e-05 | left: 39s
step 06850 ( 84.4%) | loss: 1.137618 | trade:0.28 call:0.60 put:0.40 | ATM:0.63 OTM:0.37 | exit_qual:0.761| lr: 8.00e-05 | left: 37s
step 06900 ( 85.0%) | loss: 1.142957 | trade:0.27 call:0.58 put:0.42 | ATM:0.65 OTM:0.35 | exit_qual:0.759| lr: 7.51e-05 | left: 36s
step 06950 ( 85.6%) | loss: 1.160660 | trade:0.28 call:0.62 put:0.38 | ATM:0.58 OTM:0.42 | exit_qual:0.765| lr: 7.02e-05 | left: 35s
step 07000 ( 86.2%) | loss: 1.187386 | trade:0.25 call:0.59 put:0.41 | ATM:0.66 OTM:0.34 | exit_qual:0.755| lr: 6.54e-05 | left: 33s
step 07050 ( 86.8%) | loss: 1.191627 | trade:0.24 call:0.57 put:0.43 | ATM:0.63 OTM:0.37 | exit_qual:0.747| lr: 6.06e-05 | left: 32s
step 07100 ( 87.5%) | loss: 1.165855 | trade:0.27 call:0.61 put:0.39 | ATM:0.59 OTM:0.41 | exit_qual:0.752| lr: 5.59e-05 | left: 30s
step 07150 ( 88.1%) | loss: 1.216038 | trade:0.19 call:0.56 put:0.44 | ATM:0.72 OTM:0.28 | exit_qual:0.725| lr: 5.12e-05 | left: 29s
step 07200 ( 88.7%) | loss: 1.127725 | trade:0.25 call:0.57 put:0.43 | ATM:0.61 OTM:0.39 | exit_qual:0.750| lr: 4.66e-05 | left: 27s
step 07250 ( 89.3%) | loss: 1.169189 | trade:0.26 call:0.59 put:0.41 | ATM:0.67 OTM:0.33 | exit_qual:0.756| lr: 4.22e-05 | left: 26s
step 07300 ( 89.9%) | loss: 1.134646 | trade:0.26 call:0.59 put:0.41 | ATM:0.65 OTM:0.35 | exit_qual:0.759| lr: 3.79e-05 | left: 24s
step 07350 ( 90.6%) | loss: 1.165947 | trade:0.24 call:0.59 put:0.41 | ATM:0.64 OTM:0.36 | exit_qual:0.748| lr: 3.38e-05 | left: 23s
step 07400 ( 91.2%) | loss: 1.158089 | trade:0.28 call:0.61 put:0.39 | ATM:0.62 OTM:0.38 | exit_qual:0.766| lr: 2.98e-05 | left: 21s
step 07450 ( 91.8%) | loss: 1.160322 | trade:0.25 call:0.63 put:0.37 | ATM:0.68 OTM:0.32 | exit_qual:0.749| lr: 2.60e-05 | left: 20s
step 07500 ( 92.4%) | loss: 1.167765 | trade:0.25 call:0.57 put:0.43 | ATM:0.64 OTM:0.36 | exit_qual:0.753| lr: 2.25e-05 | left: 18s
step 07550 ( 93.0%) | loss: 1.150520 | trade:0.23 call:0.65 put:0.35 | ATM:0.67 OTM:0.33 | exit_qual:0.736| lr: 1.91e-05 | left: 17s
step 07600 ( 93.7%) | loss: 1.160149 | trade:0.25 call:0.57 put:0.43 | ATM:0.68 OTM:0.32 | exit_qual:0.750| lr: 1.60e-05 | left: 15s
step 07650 ( 94.3%) | loss: 1.152265 | trade:0.27 call:0.63 put:0.37 | ATM:0.65 OTM:0.35 | exit_qual:0.756| lr: 1.31e-05 | left: 14s
step 07700 ( 94.9%) | loss: 1.155536 | trade:0.25 call:0.61 put:0.39 | ATM:0.66 OTM:0.34 | exit_qual:0.745| lr: 1.04e-05 | left: 12s
step 07750 ( 95.5%) | loss: 1.129556 | trade:0.30 call:0.60 put:0.40 | ATM:0.60 OTM:0.40 | exit_qual:0.771| lr: 8.08e-06 | left: 11s
step 07800 ( 96.1%) | loss: 1.186458 | trade:0.24 call:0.64 put:0.36 | ATM:0.60 OTM:0.40 | exit_qual:0.747| lr: 6.02e-06 | left: 9s
step 07850 ( 96.8%) | loss: 1.144213 | trade:0.28 call:0.56 put:0.44 | ATM:0.61 OTM:0.39 | exit_qual:0.766| lr: 4.21e-06 | left: 8s
step 07900 ( 97.4%) | loss: 1.119995 | trade:0.25 call:0.63 put:0.37 | ATM:0.64 OTM:0.36 | exit_qual:0.752| lr: 2.74e-06 | left: 6s
step 07950 ( 98.0%) | loss: 1.146464 | trade:0.26 call:0.67 put:0.33 | ATM:0.62 OTM:0.38 | exit_qual:0.756| lr: 1.59e-06 | left: 5s
step 08000 ( 98.7%) | loss: 1.141092 | trade:0.30 call:0.62 put:0.38 | ATM:0.57 OTM:0.43 | exit_qual:0.770| lr: 7.43e-07 | left: 3s
step 08050 ( 99.3%) | loss: 1.120057 | trade:0.24 call:0.60 put:0.40 | ATM:0.66 OTM:0.34 | exit_qual:0.740| lr: 2.15e-07 | left: 2s
step 08100 ( 99.9%) | loss: 1.160497 | trade:0.25 call:0.66 put:0.34 | ATM:0.65 OTM:0.35 | exit_qual:0.749| lr: 4.21e-09 | left: 0s

Training done at 244s. Starting evaluation...
Evaluation done in 7s (total wall: 251s)
Model saved to /root/best_model.pt
Trade log: 61 trades -> /root/trade_log.csv

---
score:              1.299915
profit_factor:      2.927989
win_rate:           0.442623
avg_winner:         0.653470
avg_loser:          -0.177232
trades_per_day:     0.910448
max_consec_loss:    3
num_trades:         61
trade_sharpe:       3.137999
sortino:            21.732626
max_drawdown:       -2.249985
calmar:             5.163509
ev_per_trade:       0.190456
do_nothing_pct:     0.814188
exit_pct:           0.010716
model_exit_count:   50
cooldown_blocked:   55
pre_10am_blocked:   307
short_hold_pct:     0.377000
stop_loss_rate:     0.213000
direction_collapse_pct: 0.409800
avg_entry_cost_bps: 134.687000
avg_entry_quality:  0.879000
cost_realism_coverage: 1.000000
high_cost_entry_rate: 0.213100
low_quality_entry_rate: 0.000000
actionable_bar_rate: 0.803300
risk_off_bar_rate:  0.000000
final_capital:      12054.91
equity_sharpe:      1.266900
max_equity_dd:      -0.276900
total_dollar_return:0.205500
val_sharpe:         -21.207761
total_return:       11.617818
num_val_bars:       4666
num_val_days:       67
worst_chunk_pf:     0.58
rr_ratio:           3.6871
avg_hold_bars:      8.28
model_exit_rate:    0.8197
hit_ruin:           False
min_equity_frac:    0.7998
avg_risk_fraction:  0.0889
max_risk_fraction:  0.2587
trades_blocked_by_balance: 0
  Chunk 1: 2025-02-18..2025-04-03 | 10 trades | PF=1.66 | WR=50.0%
  Chunk 2: 2025-05-12..2025-07-07 | 13 trades | PF=0.58 | WR=38.5%
  Chunk 3: 2025-07-18..2025-08-01 | 6 trades | PF=2.67 | WR=33.3%
  Chunk 4: 2025-08-13..2025-10-09 | 11 trades | PF=8.59 | WR=54.5%
  Chunk 5: 2025-11-03..2026-02-05 | 21 trades | PF=3.59 | WR=42.9%
training_seconds:   240.0
total_seconds:      253.4
peak_vram_mb:       367.0
num_steps:          8109
num_params:         147,370
lookback:           120
depth:              3
d_model:            64
effective_lr:       0.00015
gate_label_smoothing:0.050000
dir_label_smoothing:0.050000
false_entry_penalty:2.500000
feature_noise_std:  0.050000
exit_quality_weight:0.400000
microstructure_exit_weight:0.300000
/opt/conda/lib/python3.11/site-packages/torch/nn/modules/transformer.py:379: UserWarning: enable_nested_tensor is True, but self.use_nested_tensor is False because encoder_layer.norm_first was True
  warnings.warn(
