Loading data from: /root/.cache/autoresearch-trading/features/data.pt
Loaded 382920 1-min bars, 32 features, 8 actions
  ~981 trading days
Training:   up to idx 268019
Validation: idx 268020-382919
  Option P&L coverage: 296720/382920 (77%)
Parameters: 146,265
Architecture: v4 simplified two-head (gate+dir) + balanced strike gating + temporal consistency
Training from scratch (v4: no warm-start).

Budget: 240s | Batch: 128 | Lookback: 120
LR: 0.00015 | Depth: 3 | d_model: 64 | ff_mult: 3
Dropout: 0.15 | Weight decay: 0.05
False entry penalty: 2.0x
Label smoothing: gate=0.05 dir=0.05
Temporal consistency weight: 0.2

step 00000 (  0.0%) | loss: 3.094123 | trade:0.27 call:0.45 put:0.55 | ATM:0.23 OTM:0.77 | lr: 0.00e+00 | left: 240s
step 00050 (  0.4%) | loss: 3.221157 | trade:0.27 call:0.46 put:0.54 | ATM:0.24 OTM:0.76 | lr: 5.82e-06 | left: 239s
step 00100 (  1.0%) | loss: 3.164153 | trade:0.29 call:0.45 put:0.55 | ATM:0.24 OTM:0.76 | lr: 1.46e-05 | left: 238s
step 00150 (  1.6%) | loss: 3.106307 | trade:0.32 call:0.47 put:0.53 | ATM:0.25 OTM:0.75 | lr: 2.35e-05 | left: 236s
step 00200 (  2.2%) | loss: 3.041765 | trade:0.37 call:0.48 put:0.52 | ATM:0.26 OTM:0.74 | lr: 3.24e-05 | left: 235s
step 00250 (  2.7%) | loss: 2.955111 | trade:0.40 call:0.50 put:0.50 | ATM:0.28 OTM:0.72 | lr: 4.12e-05 | left: 233s
step 00300 (  3.3%) | loss: 2.905549 | trade:0.42 call:0.51 put:0.49 | ATM:0.31 OTM:0.69 | lr: 4.98e-05 | left: 232s
step 00350 (  3.9%) | loss: 2.891456 | trade:0.44 call:0.52 put:0.48 | ATM:0.33 OTM:0.67 | lr: 5.86e-05 | left: 231s
step 00400 (  4.5%) | loss: 2.818535 | trade:0.45 call:0.54 put:0.46 | ATM:0.34 OTM:0.66 | lr: 6.73e-05 | left: 229s
step 00450 (  5.1%) | loss: 2.762013 | trade:0.42 call:0.54 put:0.46 | ATM:0.35 OTM:0.65 | lr: 7.62e-05 | left: 228s
step 00500 (  5.7%) | loss: 2.736333 | trade:0.44 call:0.55 put:0.45 | ATM:0.36 OTM:0.64 | lr: 8.50e-05 | left: 226s
step 00550 (  6.3%) | loss: 2.687808 | trade:0.43 call:0.55 put:0.45 | ATM:0.36 OTM:0.64 | lr: 9.38e-05 | left: 225s
step 00600 (  6.9%) | loss: 2.616213 | trade:0.42 call:0.57 put:0.43 | ATM:0.37 OTM:0.63 | lr: 1.03e-04 | left: 224s
step 00650 (  7.4%) | loss: 2.545027 | trade:0.45 call:0.58 put:0.42 | ATM:0.37 OTM:0.63 | lr: 1.12e-04 | left: 222s
step 00700 (  8.0%) | loss: 2.438943 | trade:0.41 call:0.59 put:0.41 | ATM:0.37 OTM:0.63 | lr: 1.21e-04 | left: 221s
step 00750 (  8.6%) | loss: 2.367523 | trade:0.41 call:0.62 put:0.38 | ATM:0.41 OTM:0.59 | lr: 1.29e-04 | left: 219s
step 00800 (  9.2%) | loss: 2.263337 | trade:0.42 call:0.55 put:0.45 | ATM:0.39 OTM:0.61 | lr: 1.38e-04 | left: 218s
step 00850 (  9.8%) | loss: 2.198464 | trade:0.42 call:0.62 put:0.38 | ATM:0.38 OTM:0.62 | lr: 1.46e-04 | left: 217s
step 00900 ( 10.3%) | loss: 2.093374 | trade:0.43 call:0.60 put:0.40 | ATM:0.38 OTM:0.62 | lr: 1.50e-04 | left: 215s
step 00950 ( 10.9%) | loss: 1.995057 | trade:0.40 call:0.63 put:0.37 | ATM:0.42 OTM:0.58 | lr: 1.50e-04 | left: 214s
step 01000 ( 11.5%) | loss: 1.903426 | trade:0.41 call:0.65 put:0.35 | ATM:0.43 OTM:0.57 | lr: 1.50e-04 | left: 212s
step 01050 ( 12.1%) | loss: 1.816897 | trade:0.40 call:0.67 put:0.33 | ATM:0.45 OTM:0.55 | lr: 1.50e-04 | left: 211s
step 01100 ( 12.6%) | loss: 1.767304 | trade:0.41 call:0.64 put:0.36 | ATM:0.45 OTM:0.55 | lr: 1.50e-04 | left: 210s
step 01150 ( 13.2%) | loss: 1.691627 | trade:0.38 call:0.63 put:0.37 | ATM:0.46 OTM:0.54 | lr: 1.50e-04 | left: 208s
step 01200 ( 13.8%) | loss: 1.657866 | trade:0.41 call:0.64 put:0.36 | ATM:0.40 OTM:0.60 | lr: 1.50e-04 | left: 207s
step 01250 ( 14.4%) | loss: 1.581717 | trade:0.38 call:0.64 put:0.36 | ATM:0.47 OTM:0.53 | lr: 1.50e-04 | left: 205s
step 01300 ( 15.0%) | loss: 1.557143 | trade:0.32 call:0.67 put:0.33 | ATM:0.45 OTM:0.55 | lr: 1.50e-04 | left: 204s
step 01350 ( 15.6%) | loss: 1.496539 | trade:0.36 call:0.57 put:0.43 | ATM:0.46 OTM:0.54 | lr: 1.50e-04 | left: 203s
step 01400 ( 16.2%) | loss: 1.495396 | trade:0.41 call:0.60 put:0.40 | ATM:0.49 OTM:0.51 | lr: 1.50e-04 | left: 201s
step 01450 ( 16.8%) | loss: 1.514061 | trade:0.34 call:0.70 put:0.30 | ATM:0.48 OTM:0.52 | lr: 1.50e-04 | left: 200s
step 01500 ( 17.4%) | loss: 1.487728 | trade:0.42 call:0.61 put:0.39 | ATM:0.48 OTM:0.52 | lr: 1.50e-04 | left: 198s
step 01550 ( 17.9%) | loss: 1.427826 | trade:0.35 call:0.67 put:0.33 | ATM:0.48 OTM:0.52 | lr: 1.50e-04 | left: 197s
step 01600 ( 18.5%) | loss: 1.426960 | trade:0.40 call:0.59 put:0.41 | ATM:0.45 OTM:0.55 | lr: 1.50e-04 | left: 196s
step 01650 ( 19.1%) | loss: 1.421745 | trade:0.42 call:0.63 put:0.37 | ATM:0.49 OTM:0.51 | lr: 1.50e-04 | left: 194s
step 01700 ( 19.7%) | loss: 1.396108 | trade:0.33 call:0.63 put:0.37 | ATM:0.51 OTM:0.49 | lr: 1.50e-04 | left: 193s
step 01750 ( 20.3%) | loss: 1.346387 | trade:0.36 call:0.62 put:0.38 | ATM:0.53 OTM:0.47 | lr: 1.50e-04 | left: 191s
step 01800 ( 20.9%) | loss: 1.387796 | trade:0.32 call:0.60 put:0.40 | ATM:0.50 OTM:0.50 | lr: 1.50e-04 | left: 190s
step 01850 ( 21.5%) | loss: 1.370996 | trade:0.38 call:0.64 put:0.36 | ATM:0.50 OTM:0.50 | lr: 1.50e-04 | left: 188s
step 01900 ( 22.0%) | loss: 1.331656 | trade:0.38 call:0.60 put:0.40 | ATM:0.52 OTM:0.48 | lr: 1.50e-04 | left: 187s
step 01950 ( 22.6%) | loss: 1.343508 | trade:0.32 call:0.56 put:0.44 | ATM:0.50 OTM:0.50 | lr: 1.50e-04 | left: 186s
step 02000 ( 23.2%) | loss: 1.312378 | trade:0.31 call:0.65 put:0.35 | ATM:0.53 OTM:0.47 | lr: 1.50e-04 | left: 184s
step 02050 ( 23.8%) | loss: 1.344975 | trade:0.37 call:0.66 put:0.34 | ATM:0.51 OTM:0.49 | lr: 1.50e-04 | left: 183s
step 02100 ( 24.3%) | loss: 1.311387 | trade:0.34 call:0.61 put:0.39 | ATM:0.49 OTM:0.51 | lr: 1.50e-04 | left: 182s
step 02150 ( 24.9%) | loss: 1.322220 | trade:0.35 call:0.60 put:0.40 | ATM:0.49 OTM:0.51 | lr: 1.50e-04 | left: 180s
step 02200 ( 25.5%) | loss: 1.304721 | trade:0.39 call:0.61 put:0.39 | ATM:0.45 OTM:0.55 | lr: 1.50e-04 | left: 179s
step 02250 ( 26.1%) | loss: 1.282260 | trade:0.37 call:0.64 put:0.36 | ATM:0.57 OTM:0.43 | lr: 1.50e-04 | left: 177s
step 02300 ( 26.7%) | loss: 1.270728 | trade:0.34 call:0.57 put:0.43 | ATM:0.52 OTM:0.48 | lr: 1.50e-04 | left: 176s
step 02350 ( 27.3%) | loss: 1.274728 | trade:0.33 call:0.70 put:0.30 | ATM:0.56 OTM:0.44 | lr: 1.50e-04 | left: 175s
step 02400 ( 27.9%) | loss: 1.262895 | trade:0.32 call:0.69 put:0.31 | ATM:0.43 OTM:0.57 | lr: 1.50e-04 | left: 173s
step 02450 ( 28.4%) | loss: 1.287281 | trade:0.40 call:0.65 put:0.35 | ATM:0.50 OTM:0.50 | lr: 1.50e-04 | left: 172s
step 02500 ( 29.0%) | loss: 1.279619 | trade:0.37 call:0.57 put:0.43 | ATM:0.51 OTM:0.49 | lr: 1.50e-04 | left: 170s
step 02550 ( 29.6%) | loss: 1.270870 | trade:0.34 call:0.61 put:0.39 | ATM:0.52 OTM:0.48 | lr: 1.50e-04 | left: 169s
step 02600 ( 30.2%) | loss: 1.268234 | trade:0.34 call:0.54 put:0.46 | ATM:0.51 OTM:0.49 | lr: 1.50e-04 | left: 168s
step 02650 ( 30.7%) | loss: 1.245488 | trade:0.36 call:0.61 put:0.39 | ATM:0.54 OTM:0.46 | lr: 1.50e-04 | left: 166s
step 02700 ( 31.3%) | loss: 1.280479 | trade:0.32 call:0.62 put:0.38 | ATM:0.53 OTM:0.47 | lr: 1.50e-04 | left: 165s
step 02750 ( 31.9%) | loss: 1.265250 | trade:0.35 call:0.56 put:0.44 | ATM:0.52 OTM:0.48 | lr: 1.50e-04 | left: 163s
step 02800 ( 32.5%) | loss: 1.254263 | trade:0.36 call:0.60 put:0.40 | ATM:0.56 OTM:0.44 | lr: 1.50e-04 | left: 162s
step 02850 ( 33.1%) | loss: 1.203079 | trade:0.29 call:0.62 put:0.38 | ATM:0.59 OTM:0.41 | lr: 1.50e-04 | left: 161s
step 02900 ( 33.7%) | loss: 1.219243 | trade:0.38 call:0.61 put:0.39 | ATM:0.53 OTM:0.47 | lr: 1.50e-04 | left: 159s
step 02950 ( 34.3%) | loss: 1.230533 | trade:0.36 call:0.60 put:0.40 | ATM:0.55 OTM:0.45 | lr: 1.50e-04 | left: 158s
step 03000 ( 34.9%) | loss: 1.232479 | trade:0.37 call:0.57 put:0.43 | ATM:0.54 OTM:0.46 | lr: 1.50e-04 | left: 156s
step 03050 ( 35.5%) | loss: 1.199610 | trade:0.36 call:0.65 put:0.35 | ATM:0.56 OTM:0.44 | lr: 1.50e-04 | left: 155s
step 03100 ( 36.1%) | loss: 1.206151 | trade:0.38 call:0.66 put:0.34 | ATM:0.58 OTM:0.42 | lr: 1.50e-04 | left: 153s
step 03150 ( 36.6%) | loss: 1.199884 | trade:0.35 call:0.59 put:0.41 | ATM:0.52 OTM:0.48 | lr: 1.50e-04 | left: 152s
step 03200 ( 37.2%) | loss: 1.223171 | trade:0.35 call:0.62 put:0.38 | ATM:0.53 OTM:0.47 | lr: 1.50e-04 | left: 151s
step 03250 ( 37.8%) | loss: 1.224668 | trade:0.29 call:0.59 put:0.41 | ATM:0.60 OTM:0.40 | lr: 1.50e-04 | left: 149s
step 03300 ( 38.4%) | loss: 1.219573 | trade:0.36 call:0.65 put:0.35 | ATM:0.57 OTM:0.43 | lr: 1.50e-04 | left: 148s
step 03350 ( 39.0%) | loss: 1.203228 | trade:0.30 call:0.58 put:0.42 | ATM:0.60 OTM:0.40 | lr: 1.50e-04 | left: 146s
step 03400 ( 39.6%) | loss: 1.195690 | trade:0.37 call:0.59 put:0.41 | ATM:0.56 OTM:0.44 | lr: 1.50e-04 | left: 145s
step 03450 ( 40.2%) | loss: 1.163957 | trade:0.33 call:0.60 put:0.40 | ATM:0.50 OTM:0.50 | lr: 1.50e-04 | left: 144s
step 03500 ( 40.8%) | loss: 1.208238 | trade:0.32 call:0.62 put:0.38 | ATM:0.52 OTM:0.48 | lr: 1.50e-04 | left: 142s
step 03550 ( 41.4%) | loss: 1.201099 | trade:0.33 call:0.62 put:0.38 | ATM:0.57 OTM:0.43 | lr: 1.50e-04 | left: 141s
step 03600 ( 41.9%) | loss: 1.187079 | trade:0.32 call:0.61 put:0.39 | ATM:0.56 OTM:0.44 | lr: 1.50e-04 | left: 139s
step 03650 ( 42.5%) | loss: 1.189926 | trade:0.30 call:0.61 put:0.39 | ATM:0.56 OTM:0.44 | lr: 1.50e-04 | left: 138s
step 03700 ( 43.1%) | loss: 1.166844 | trade:0.34 call:0.64 put:0.36 | ATM:0.57 OTM:0.43 | lr: 1.50e-04 | left: 137s
step 03750 ( 43.7%) | loss: 1.218112 | trade:0.28 call:0.66 put:0.34 | ATM:0.65 OTM:0.35 | lr: 1.50e-04 | left: 135s
step 03800 ( 44.3%) | loss: 1.190007 | trade:0.37 call:0.58 put:0.42 | ATM:0.57 OTM:0.43 | lr: 1.50e-04 | left: 134s
step 03850 ( 44.8%) | loss: 1.172760 | trade:0.35 call:0.59 put:0.41 | ATM:0.56 OTM:0.44 | lr: 1.50e-04 | left: 132s
step 03900 ( 45.4%) | loss: 1.165416 | trade:0.38 call:0.56 put:0.44 | ATM:0.59 OTM:0.41 | lr: 1.50e-04 | left: 131s
step 03950 ( 46.0%) | loss: 1.142996 | trade:0.26 call:0.67 put:0.33 | ATM:0.60 OTM:0.40 | lr: 1.50e-04 | left: 130s
step 04000 ( 46.6%) | loss: 1.177451 | trade:0.35 call:0.65 put:0.35 | ATM:0.56 OTM:0.44 | lr: 1.50e-04 | left: 128s
step 04050 ( 47.2%) | loss: 1.164735 | trade:0.35 call:0.62 put:0.38 | ATM:0.57 OTM:0.43 | lr: 1.50e-04 | left: 127s
step 04100 ( 47.8%) | loss: 1.164193 | trade:0.30 call:0.64 put:0.36 | ATM:0.56 OTM:0.44 | lr: 1.50e-04 | left: 125s
step 04150 ( 48.4%) | loss: 1.132225 | trade:0.32 call:0.58 put:0.42 | ATM:0.65 OTM:0.35 | lr: 1.50e-04 | left: 124s
step 04200 ( 48.9%) | loss: 1.141634 | trade:0.29 call:0.61 put:0.39 | ATM:0.62 OTM:0.38 | lr: 1.50e-04 | left: 123s
step 04250 ( 49.5%) | loss: 1.149179 | trade:0.32 call:0.57 put:0.43 | ATM:0.60 OTM:0.40 | lr: 1.50e-04 | left: 121s
step 04300 ( 50.1%) | loss: 1.147940 | trade:0.39 call:0.60 put:0.40 | ATM:0.60 OTM:0.40 | lr: 1.50e-04 | left: 120s
step 04350 ( 50.7%) | loss: 1.144741 | trade:0.29 call:0.65 put:0.35 | ATM:0.62 OTM:0.38 | lr: 1.50e-04 | left: 118s
step 04400 ( 51.3%) | loss: 1.146797 | trade:0.34 call:0.64 put:0.36 | ATM:0.54 OTM:0.46 | lr: 1.50e-04 | left: 117s
step 04450 ( 51.9%) | loss: 1.133248 | trade:0.36 call:0.66 put:0.34 | ATM:0.62 OTM:0.38 | lr: 1.50e-04 | left: 115s
step 04500 ( 52.4%) | loss: 1.160229 | trade:0.35 call:0.60 put:0.40 | ATM:0.61 OTM:0.39 | lr: 1.50e-04 | left: 114s
step 04550 ( 53.0%) | loss: 1.135464 | trade:0.33 call:0.57 put:0.43 | ATM:0.56 OTM:0.44 | lr: 1.50e-04 | left: 113s
step 04600 ( 53.6%) | loss: 1.153173 | trade:0.35 call:0.63 put:0.37 | ATM:0.55 OTM:0.45 | lr: 1.50e-04 | left: 111s
step 04650 ( 54.2%) | loss: 1.117735 | trade:0.35 call:0.59 put:0.41 | ATM:0.56 OTM:0.44 | lr: 1.50e-04 | left: 110s
step 04700 ( 54.8%) | loss: 1.145411 | trade:0.37 call:0.63 put:0.37 | ATM:0.63 OTM:0.37 | lr: 1.50e-04 | left: 109s
step 04750 ( 55.4%) | loss: 1.167556 | trade:0.31 call:0.59 put:0.41 | ATM:0.63 OTM:0.37 | lr: 1.50e-04 | left: 107s
step 04800 ( 55.9%) | loss: 1.113808 | trade:0.38 call:0.58 put:0.42 | ATM:0.54 OTM:0.46 | lr: 1.50e-04 | left: 106s
step 04850 ( 56.5%) | loss: 1.127258 | trade:0.37 call:0.60 put:0.40 | ATM:0.59 OTM:0.41 | lr: 1.50e-04 | left: 104s
step 04900 ( 57.1%) | loss: 1.118410 | trade:0.29 call:0.62 put:0.38 | ATM:0.66 OTM:0.34 | lr: 1.50e-04 | left: 103s
step 04950 ( 57.7%) | loss: 1.153864 | trade:0.34 call:0.61 put:0.39 | ATM:0.60 OTM:0.40 | lr: 1.50e-04 | left: 101s
step 05000 ( 58.3%) | loss: 1.136355 | trade:0.36 call:0.58 put:0.42 | ATM:0.61 OTM:0.39 | lr: 1.50e-04 | left: 100s
step 05050 ( 58.9%) | loss: 1.125369 | trade:0.33 call:0.63 put:0.37 | ATM:0.52 OTM:0.48 | lr: 1.50e-04 | left: 99s
step 05100 ( 59.5%) | loss: 1.129281 | trade:0.32 call:0.62 put:0.38 | ATM:0.60 OTM:0.40 | lr: 1.50e-04 | left: 97s
step 05150 ( 60.1%) | loss: 1.125853 | trade:0.37 call:0.58 put:0.42 | ATM:0.62 OTM:0.38 | lr: 1.50e-04 | left: 96s
step 05200 ( 60.7%) | loss: 1.127033 | trade:0.30 call:0.63 put:0.37 | ATM:0.61 OTM:0.39 | lr: 1.50e-04 | left: 94s
step 05250 ( 61.3%) | loss: 1.117043 | trade:0.28 call:0.63 put:0.37 | ATM:0.65 OTM:0.35 | lr: 1.50e-04 | left: 93s
step 05300 ( 61.9%) | loss: 1.121485 | trade:0.30 call:0.67 put:0.33 | ATM:0.59 OTM:0.41 | lr: 1.50e-04 | left: 91s
step 05350 ( 62.5%) | loss: 1.134785 | trade:0.29 call:0.69 put:0.31 | ATM:0.67 OTM:0.33 | lr: 1.50e-04 | left: 90s
step 05400 ( 63.1%) | loss: 1.129336 | trade:0.38 call:0.55 put:0.45 | ATM:0.54 OTM:0.46 | lr: 1.50e-04 | left: 89s
step 05450 ( 63.7%) | loss: 1.107318 | trade:0.36 call:0.58 put:0.42 | ATM:0.59 OTM:0.41 | lr: 1.50e-04 | left: 87s
step 05500 ( 64.3%) | loss: 1.108156 | trade:0.33 call:0.56 put:0.44 | ATM:0.60 OTM:0.40 | lr: 1.50e-04 | left: 86s
step 05550 ( 64.9%) | loss: 1.116998 | trade:0.34 call:0.61 put:0.39 | ATM:0.67 OTM:0.33 | lr: 1.50e-04 | left: 84s
step 05600 ( 65.5%) | loss: 1.105661 | trade:0.34 call:0.67 put:0.33 | ATM:0.63 OTM:0.37 | lr: 1.50e-04 | left: 83s
step 05650 ( 66.1%) | loss: 1.095887 | trade:0.31 call:0.66 put:0.34 | ATM:0.66 OTM:0.34 | lr: 1.50e-04 | left: 81s
step 05700 ( 66.7%) | loss: 1.125447 | trade:0.39 call:0.63 put:0.37 | ATM:0.58 OTM:0.42 | lr: 1.50e-04 | left: 80s
step 05750 ( 67.3%) | loss: 1.083148 | trade:0.33 call:0.59 put:0.41 | ATM:0.58 OTM:0.42 | lr: 1.50e-04 | left: 79s
step 05800 ( 67.9%) | loss: 1.107007 | trade:0.34 call:0.67 put:0.33 | ATM:0.67 OTM:0.33 | lr: 1.50e-04 | left: 77s
step 05850 ( 68.5%) | loss: 1.108586 | trade:0.32 call:0.61 put:0.39 | ATM:0.59 OTM:0.41 | lr: 1.50e-04 | left: 76s
step 05900 ( 69.0%) | loss: 1.109346 | trade:0.35 call:0.61 put:0.39 | ATM:0.62 OTM:0.38 | lr: 1.50e-04 | left: 74s
step 05950 ( 69.6%) | loss: 1.089711 | trade:0.34 call:0.52 put:0.48 | ATM:0.65 OTM:0.35 | lr: 1.50e-04 | left: 73s
step 06000 ( 70.2%) | loss: 1.092568 | trade:0.36 call:0.64 put:0.36 | ATM:0.64 OTM:0.36 | lr: 1.50e-04 | left: 72s
step 06050 ( 70.8%) | loss: 1.127253 | trade:0.33 call:0.61 put:0.39 | ATM:0.62 OTM:0.38 | lr: 1.50e-04 | left: 70s
step 06100 ( 71.4%) | loss: 1.109664 | trade:0.29 call:0.58 put:0.42 | ATM:0.63 OTM:0.37 | lr: 1.49e-04 | left: 69s
step 06150 ( 72.0%) | loss: 1.103752 | trade:0.27 call:0.62 put:0.38 | ATM:0.61 OTM:0.39 | lr: 1.48e-04 | left: 67s
step 06200 ( 72.5%) | loss: 1.098636 | trade:0.33 call:0.57 put:0.43 | ATM:0.60 OTM:0.40 | lr: 1.47e-04 | left: 66s
step 06250 ( 73.1%) | loss: 1.085154 | trade:0.32 call:0.68 put:0.32 | ATM:0.66 OTM:0.34 | lr: 1.46e-04 | left: 64s
step 06300 ( 73.7%) | loss: 1.101760 | trade:0.33 call:0.60 put:0.40 | ATM:0.60 OTM:0.40 | lr: 1.44e-04 | left: 63s
step 06350 ( 74.3%) | loss: 1.088080 | trade:0.30 call:0.66 put:0.34 | ATM:0.67 OTM:0.33 | lr: 1.43e-04 | left: 62s
step 06400 ( 74.9%) | loss: 1.090260 | trade:0.33 call:0.62 put:0.38 | ATM:0.67 OTM:0.33 | lr: 1.40e-04 | left: 60s
step 06450 ( 75.5%) | loss: 1.080629 | trade:0.34 call:0.56 put:0.44 | ATM:0.59 OTM:0.41 | lr: 1.38e-04 | left: 59s
step 06500 ( 76.0%) | loss: 1.092197 | trade:0.31 call:0.57 put:0.43 | ATM:0.61 OTM:0.39 | lr: 1.35e-04 | left: 57s
step 06550 ( 76.6%) | loss: 1.089129 | trade:0.36 call:0.62 put:0.38 | ATM:0.56 OTM:0.44 | lr: 1.33e-04 | left: 56s
step 06600 ( 77.2%) | loss: 1.094108 | trade:0.37 call:0.63 put:0.37 | ATM:0.61 OTM:0.39 | lr: 1.30e-04 | left: 55s
step 06650 ( 77.8%) | loss: 1.087811 | trade:0.35 call:0.63 put:0.37 | ATM:0.65 OTM:0.35 | lr: 1.26e-04 | left: 53s
step 06700 ( 78.4%) | loss: 1.080475 | trade:0.35 call:0.68 put:0.32 | ATM:0.64 OTM:0.36 | lr: 1.23e-04 | left: 52s
step 06750 ( 79.0%) | loss: 1.085544 | trade:0.36 call:0.64 put:0.36 | ATM:0.59 OTM:0.41 | lr: 1.19e-04 | left: 50s
step 06800 ( 79.6%) | loss: 1.101283 | trade:0.33 call:0.56 put:0.44 | ATM:0.61 OTM:0.39 | lr: 1.16e-04 | left: 49s
step 06850 ( 80.1%) | loss: 1.077829 | trade:0.32 call:0.63 put:0.37 | ATM:0.64 OTM:0.36 | lr: 1.12e-04 | left: 48s
step 06900 ( 80.7%) | loss: 1.069434 | trade:0.33 call:0.58 put:0.42 | ATM:0.62 OTM:0.38 | lr: 1.08e-04 | left: 46s
step 06950 ( 81.3%) | loss: 1.066237 | trade:0.28 call:0.59 put:0.41 | ATM:0.70 OTM:0.30 | lr: 1.03e-04 | left: 45s
step 07000 ( 81.9%) | loss: 1.070828 | trade:0.33 call:0.59 put:0.41 | ATM:0.60 OTM:0.40 | lr: 9.89e-05 | left: 43s
step 07050 ( 82.5%) | loss: 1.063305 | trade:0.29 call:0.59 put:0.41 | ATM:0.67 OTM:0.33 | lr: 9.46e-05 | left: 42s
step 07100 ( 83.1%) | loss: 1.072366 | trade:0.29 call:0.61 put:0.39 | ATM:0.64 OTM:0.36 | lr: 9.01e-05 | left: 41s
step 07150 ( 83.7%) | loss: 1.063030 | trade:0.34 call:0.60 put:0.40 | ATM:0.60 OTM:0.40 | lr: 8.55e-05 | left: 39s
step 07200 ( 84.2%) | loss: 1.057291 | trade:0.32 call:0.59 put:0.41 | ATM:0.61 OTM:0.39 | lr: 8.09e-05 | left: 38s
step 07250 ( 84.8%) | loss: 1.056704 | trade:0.33 call:0.61 put:0.39 | ATM:0.61 OTM:0.39 | lr: 7.64e-05 | left: 36s
step 07300 ( 85.4%) | loss: 1.056662 | trade:0.38 call:0.61 put:0.39 | ATM:0.59 OTM:0.41 | lr: 7.20e-05 | left: 35s
step 07350 ( 86.0%) | loss: 1.043826 | trade:0.30 call:0.61 put:0.39 | ATM:0.65 OTM:0.35 | lr: 6.74e-05 | left: 34s
step 07400 ( 86.6%) | loss: 1.067029 | trade:0.30 call:0.62 put:0.38 | ATM:0.65 OTM:0.35 | lr: 6.27e-05 | left: 32s
step 07450 ( 87.1%) | loss: 1.071330 | trade:0.34 call:0.65 put:0.35 | ATM:0.67 OTM:0.33 | lr: 5.83e-05 | left: 31s
step 07500 ( 87.7%) | loss: 1.050607 | trade:0.31 call:0.60 put:0.40 | ATM:0.61 OTM:0.39 | lr: 5.40e-05 | left: 29s
step 07550 ( 88.3%) | loss: 1.045651 | trade:0.25 call:0.60 put:0.40 | ATM:0.69 OTM:0.31 | lr: 4.96e-05 | left: 28s
step 07600 ( 88.8%) | loss: 1.059526 | trade:0.30 call:0.59 put:0.41 | ATM:0.62 OTM:0.38 | lr: 4.56e-05 | left: 27s
step 07650 ( 89.4%) | loss: 1.060499 | trade:0.29 call:0.56 put:0.44 | ATM:0.58 OTM:0.42 | lr: 4.14e-05 | left: 25s
step 07700 ( 90.0%) | loss: 1.063943 | trade:0.31 call:0.64 put:0.36 | ATM:0.58 OTM:0.42 | lr: 3.75e-05 | left: 24s
step 07750 ( 90.6%) | loss: 1.051173 | trade:0.35 call:0.56 put:0.44 | ATM:0.63 OTM:0.37 | lr: 3.35e-05 | left: 23s
step 07800 ( 91.2%) | loss: 1.061363 | trade:0.31 call:0.57 put:0.43 | ATM:0.66 OTM:0.34 | lr: 2.97e-05 | left: 21s
step 07850 ( 91.8%) | loss: 1.062106 | trade:0.34 call:0.59 put:0.41 | ATM:0.66 OTM:0.34 | lr: 2.63e-05 | left: 20s
step 07900 ( 92.3%) | loss: 1.052528 | trade:0.35 call:0.63 put:0.37 | ATM:0.61 OTM:0.39 | lr: 2.28e-05 | left: 18s
step 07950 ( 92.9%) | loss: 1.048572 | trade:0.38 call:0.56 put:0.44 | ATM:0.55 OTM:0.45 | lr: 1.96e-05 | left: 17s
step 08000 ( 93.5%) | loss: 1.046618 | trade:0.33 call:0.51 put:0.49 | ATM:0.68 OTM:0.32 | lr: 1.66e-05 | left: 16s
step 08050 ( 94.1%) | loss: 1.067590 | trade:0.38 call:0.61 put:0.39 | ATM:0.61 OTM:0.39 | lr: 1.38e-05 | left: 14s
step 08100 ( 94.7%) | loss: 1.043524 | trade:0.31 call:0.57 put:0.43 | ATM:0.68 OTM:0.32 | lr: 1.12e-05 | left: 13s
step 08150 ( 95.3%) | loss: 1.060654 | trade:0.33 call:0.56 put:0.44 | ATM:0.60 OTM:0.40 | lr: 8.95e-06 | left: 11s
step 08200 ( 95.9%) | loss: 1.062971 | trade:0.34 call:0.60 put:0.40 | ATM:0.62 OTM:0.38 | lr: 6.86e-06 | left: 10s
step 08250 ( 96.5%) | loss: 1.042270 | trade:0.42 call:0.60 put:0.40 | ATM:0.55 OTM:0.45 | lr: 5.07e-06 | left: 8s
step 08300 ( 97.1%) | loss: 1.056901 | trade:0.25 call:0.61 put:0.39 | ATM:0.63 OTM:0.37 | lr: 3.54e-06 | left: 7s
step 08350 ( 97.6%) | loss: 1.062942 | trade:0.36 call:0.60 put:0.40 | ATM:0.62 OTM:0.38 | lr: 2.27e-06 | left: 6s
step 08400 ( 98.2%) | loss: 1.044303 | trade:0.33 call:0.59 put:0.41 | ATM:0.66 OTM:0.34 | lr: 1.28e-06 | left: 4s
step 08450 ( 98.8%) | loss: 1.054687 | trade:0.32 call:0.55 put:0.45 | ATM:0.62 OTM:0.38 | lr: 5.66e-07 | left: 3s
step 08500 ( 99.4%) | loss: 1.049743 | trade:0.35 call:0.58 put:0.42 | ATM:0.61 OTM:0.39 | lr: 1.44e-07 | left: 1s
step 08550 (100.0%) | loss: 1.020359 | trade:0.33 call:0.64 put:0.36 | ATM:0.66 OTM:0.34 | lr: 3.25e-12 | left: 0s

Training done at 244s. Starting evaluation...
Evaluation done in 7s (total wall: 251s)
Model saved to /root/best_model.pt
Trade log: 73 trades -> /root/trade_log.csv

---
score:              0.954743
profit_factor:      2.793233
win_rate:           0.424658
avg_winner:         0.908889
avg_loser:          -0.240168
trades_per_day:     1.123077
max_consec_loss:    4
num_trades:         73
trade_sharpe:       3.849495
sortino:            41.772481
max_drawdown:       -2.564517
calmar:             7.053366
ev_per_trade:       0.247787
do_nothing_pct:     0.597758
exit_pct:           0.009865
model_exit_count:   44
cooldown_blocked:   117
pre_10am_blocked:   616
short_hold_pct:     0.178000
stop_loss_rate:     0.370000
direction_collapse_pct: 0.342500
avg_entry_cost_bps: 359.707100
avg_entry_quality:  0.754700
cost_realism_coverage: 1.013700
high_cost_entry_rate: 0.438400
low_quality_entry_rate: 0.000000
actionable_bar_rate: 0.829100
risk_off_bar_rate:  0.000000
final_capital:      18342.79
equity_sharpe:      2.957200
max_equity_dd:      -0.214500
total_dollar_return:0.834300
val_sharpe:         5.391584
total_return:       18.088475
num_val_bars:       4460
num_val_days:       65
worst_chunk_pf:     0.33
rr_ratio:           3.7844
avg_hold_bars:      14.52
model_exit_rate:    0.6027
hit_ruin:           False
min_equity_frac:    0.8746
avg_risk_fraction:  0.0747
max_risk_fraction:  0.2814
trades_blocked_by_balance: 0
  Chunk 1: 2025-02-18..2025-05-12 | 12 trades | PF=2.56 | WR=25.0%
  Chunk 2: 2025-05-14..2025-07-07 | 9 trades | PF=0.33 | WR=33.3%
  Chunk 3: 2025-07-18..2025-09-03 | 8 trades | PF=5.27 | WR=37.5%
  Chunk 4: 2025-09-09..2025-10-09 | 12 trades | PF=5.55 | WR=58.3%
  Chunk 5: 2025-10-31..2026-03-12 | 32 trades | PF=2.54 | WR=46.9%
training_seconds:   240.0
total_seconds:      253.3
peak_vram_mb:       357.0
num_steps:          8551
num_params:         146,265
lookback:           120
depth:              3
d_model:            64
effective_lr:       0.00015
gate_label_smoothing:0.050000
dir_label_smoothing:0.050000
false_entry_penalty:2.000000
temporal_consistency_weight:0.200000
/opt/conda/lib/python3.11/site-packages/torch/nn/modules/transformer.py:379: UserWarning: enable_nested_tensor is True, but self.use_nested_tensor is False because encoder_layer.norm_first was True
  warnings.warn(
