Loading data from: /root/.cache/autoresearch-trading/features/data.pt
Loaded 382920 1-min bars, 32 features, 8 actions
  ~981 trading days
Training:   up to idx 268019
Validation: idx 268020-382919
  Option P&L coverage: 296720/382920 (77%)
Parameters: 146,265
Architecture: v4 simplified two-head (gate+dir) + aggressive capital preservation
Training from scratch (v4: no warm-start).

Budget: 240s | Batch: 128 | Lookback: 120
LR: 0.00015 | Depth: 3 | d_model: 64 | ff_mult: 3
Dropout: 0.15 | Weight decay: 0.05
False entry penalty: 2.0x
Label smoothing: gate=0.05 dir=0.05

step 00000 (  0.0%) | loss: 3.095435 | trade:0.27 call:0.45 put:0.55 | ATM:0.24 OTM:0.76 | lr: 0.00e+00 | left: 240s
step 00050 (  0.4%) | loss: 3.213900 | trade:0.27 call:0.46 put:0.54 | ATM:0.25 OTM:0.75 | lr: 5.38e-06 | left: 239s
step 00100 (  0.9%) | loss: 3.157398 | trade:0.29 call:0.45 put:0.55 | ATM:0.25 OTM:0.75 | lr: 1.36e-05 | left: 238s
step 00150 (  1.4%) | loss: 3.107714 | trade:0.32 call:0.47 put:0.53 | ATM:0.25 OTM:0.75 | lr: 2.16e-05 | left: 237s
step 00200 (  2.0%) | loss: 3.043636 | trade:0.36 call:0.48 put:0.52 | ATM:0.27 OTM:0.73 | lr: 2.96e-05 | left: 235s
step 00250 (  2.5%) | loss: 2.960855 | trade:0.39 call:0.50 put:0.50 | ATM:0.28 OTM:0.72 | lr: 3.76e-05 | left: 234s
step 00300 (  3.0%) | loss: 2.909935 | trade:0.42 call:0.51 put:0.49 | ATM:0.30 OTM:0.70 | lr: 4.56e-05 | left: 233s
step 00350 (  3.6%) | loss: 2.894681 | trade:0.44 call:0.52 put:0.48 | ATM:0.33 OTM:0.67 | lr: 5.35e-05 | left: 231s
step 00400 (  3.8%) | loss: 2.829561 | trade:0.45 call:0.53 put:0.47 | ATM:0.34 OTM:0.66 | lr: 5.73e-05 | left: 231s
step 00450 (  4.2%) | loss: 2.778718 | trade:0.42 call:0.54 put:0.46 | ATM:0.35 OTM:0.65 | lr: 6.24e-05 | left: 230s
step 00500 (  4.4%) | loss: 2.760482 | trade:0.44 call:0.55 put:0.45 | ATM:0.36 OTM:0.64 | lr: 6.61e-05 | left: 229s
step 00550 (  4.9%) | loss: 2.724105 | trade:0.43 call:0.55 put:0.45 | ATM:0.36 OTM:0.64 | lr: 7.33e-05 | left: 228s
step 00600 (  5.4%) | loss: 2.672665 | trade:0.43 call:0.56 put:0.44 | ATM:0.37 OTM:0.63 | lr: 8.12e-05 | left: 227s
step 00650 (  5.9%) | loss: 2.615024 | trade:0.44 call:0.58 put:0.42 | ATM:0.37 OTM:0.63 | lr: 8.92e-05 | left: 226s
step 00700 (  6.5%) | loss: 2.529106 | trade:0.41 call:0.58 put:0.42 | ATM:0.37 OTM:0.63 | lr: 9.71e-05 | left: 224s
step 00750 (  7.0%) | loss: 2.468839 | trade:0.41 call:0.60 put:0.40 | ATM:0.41 OTM:0.59 | lr: 1.05e-04 | left: 223s
step 00800 (  7.5%) | loss: 2.385392 | trade:0.43 call:0.55 put:0.45 | ATM:0.39 OTM:0.61 | lr: 1.13e-04 | left: 222s
step 00850 (  8.1%) | loss: 2.327952 | trade:0.43 call:0.61 put:0.39 | ATM:0.39 OTM:0.61 | lr: 1.21e-04 | left: 221s
step 00900 (  8.6%) | loss: 2.236188 | trade:0.43 call:0.58 put:0.42 | ATM:0.37 OTM:0.63 | lr: 1.29e-04 | left: 219s
step 00950 (  9.0%) | loss: 2.138597 | trade:0.41 call:0.62 put:0.38 | ATM:0.40 OTM:0.60 | lr: 1.36e-04 | left: 218s
step 01000 (  9.3%) | loss: 2.036635 | trade:0.41 call:0.64 put:0.36 | ATM:0.42 OTM:0.58 | lr: 1.39e-04 | left: 218s
step 01050 (  9.7%) | loss: 1.944627 | trade:0.40 call:0.65 put:0.35 | ATM:0.43 OTM:0.57 | lr: 1.45e-04 | left: 217s
step 01100 ( 10.2%) | loss: 1.877194 | trade:0.42 call:0.63 put:0.37 | ATM:0.44 OTM:0.56 | lr: 1.50e-04 | left: 216s
step 01150 ( 10.7%) | loss: 1.773891 | trade:0.39 call:0.62 put:0.38 | ATM:0.45 OTM:0.55 | lr: 1.50e-04 | left: 214s
step 01200 ( 11.1%) | loss: 1.738801 | trade:0.42 call:0.64 put:0.36 | ATM:0.38 OTM:0.62 | lr: 1.50e-04 | left: 213s
step 01250 ( 11.4%) | loss: 1.637056 | trade:0.40 call:0.63 put:0.37 | ATM:0.46 OTM:0.54 | lr: 1.50e-04 | left: 213s
step 01300 ( 11.6%) | loss: 1.600326 | trade:0.34 call:0.66 put:0.34 | ATM:0.44 OTM:0.56 | lr: 1.50e-04 | left: 212s
step 01350 ( 11.9%) | loss: 1.532169 | trade:0.37 call:0.56 put:0.44 | ATM:0.45 OTM:0.55 | lr: 1.50e-04 | left: 212s
step 01400 ( 12.1%) | loss: 1.524093 | trade:0.42 call:0.61 put:0.39 | ATM:0.48 OTM:0.52 | lr: 1.50e-04 | left: 211s
step 01450 ( 12.3%) | loss: 1.525150 | trade:0.35 call:0.70 put:0.30 | ATM:0.48 OTM:0.52 | lr: 1.50e-04 | left: 210s
step 01500 ( 12.6%) | loss: 1.499986 | trade:0.42 call:0.61 put:0.39 | ATM:0.47 OTM:0.53 | lr: 1.50e-04 | left: 210s
step 01550 ( 13.0%) | loss: 1.431043 | trade:0.36 call:0.67 put:0.33 | ATM:0.47 OTM:0.53 | lr: 1.50e-04 | left: 209s
step 01600 ( 13.2%) | loss: 1.424234 | trade:0.40 call:0.60 put:0.40 | ATM:0.44 OTM:0.56 | lr: 1.50e-04 | left: 208s
step 01650 ( 13.5%) | loss: 1.425585 | trade:0.42 call:0.63 put:0.37 | ATM:0.49 OTM:0.51 | lr: 1.50e-04 | left: 208s
step 01700 ( 13.7%) | loss: 1.388027 | trade:0.33 call:0.64 put:0.36 | ATM:0.50 OTM:0.50 | lr: 1.50e-04 | left: 207s
step 01750 ( 14.0%) | loss: 1.341096 | trade:0.36 call:0.63 put:0.37 | ATM:0.53 OTM:0.47 | lr: 1.50e-04 | left: 206s
step 01800 ( 14.2%) | loss: 1.379347 | trade:0.33 call:0.61 put:0.39 | ATM:0.49 OTM:0.51 | lr: 1.50e-04 | left: 206s
step 01850 ( 14.4%) | loss: 1.356945 | trade:0.40 call:0.63 put:0.37 | ATM:0.50 OTM:0.50 | lr: 1.50e-04 | left: 205s
step 01900 ( 14.7%) | loss: 1.326795 | trade:0.39 call:0.60 put:0.40 | ATM:0.51 OTM:0.49 | lr: 1.50e-04 | left: 205s
step 01950 ( 14.9%) | loss: 1.329479 | trade:0.33 call:0.57 put:0.43 | ATM:0.49 OTM:0.51 | lr: 1.50e-04 | left: 204s
step 02000 ( 15.2%) | loss: 1.290458 | trade:0.32 call:0.65 put:0.35 | ATM:0.52 OTM:0.48 | lr: 1.50e-04 | left: 204s
step 02050 ( 15.4%) | loss: 1.335453 | trade:0.37 call:0.66 put:0.34 | ATM:0.50 OTM:0.50 | lr: 1.50e-04 | left: 203s
step 02100 ( 15.7%) | loss: 1.294761 | trade:0.35 call:0.62 put:0.38 | ATM:0.49 OTM:0.51 | lr: 1.50e-04 | left: 202s
step 02150 ( 15.9%) | loss: 1.305229 | trade:0.36 call:0.60 put:0.40 | ATM:0.49 OTM:0.51 | lr: 1.50e-04 | left: 202s
step 02200 ( 16.1%) | loss: 1.289663 | trade:0.39 call:0.62 put:0.38 | ATM:0.44 OTM:0.56 | lr: 1.50e-04 | left: 201s
step 02250 ( 16.3%) | loss: 1.261759 | trade:0.37 call:0.64 put:0.36 | ATM:0.56 OTM:0.44 | lr: 1.50e-04 | left: 201s
step 02300 ( 16.5%) | loss: 1.256229 | trade:0.35 call:0.58 put:0.42 | ATM:0.52 OTM:0.48 | lr: 1.50e-04 | left: 200s
step 02350 ( 16.8%) | loss: 1.252822 | trade:0.34 call:0.71 put:0.29 | ATM:0.56 OTM:0.44 | lr: 1.50e-04 | left: 200s
step 02400 ( 17.0%) | loss: 1.246922 | trade:0.32 call:0.70 put:0.30 | ATM:0.43 OTM:0.57 | lr: 1.50e-04 | left: 199s
step 02450 ( 17.3%) | loss: 1.265333 | trade:0.40 call:0.66 put:0.34 | ATM:0.49 OTM:0.51 | lr: 1.50e-04 | left: 199s
step 02500 ( 17.5%) | loss: 1.254814 | trade:0.38 call:0.57 put:0.43 | ATM:0.51 OTM:0.49 | lr: 1.50e-04 | left: 198s
step 02550 ( 17.8%) | loss: 1.249375 | trade:0.34 call:0.61 put:0.39 | ATM:0.52 OTM:0.48 | lr: 1.50e-04 | left: 197s
step 02600 ( 18.0%) | loss: 1.247483 | trade:0.34 call:0.55 put:0.45 | ATM:0.51 OTM:0.49 | lr: 1.50e-04 | left: 197s
step 02650 ( 18.3%) | loss: 1.225304 | trade:0.37 call:0.62 put:0.38 | ATM:0.54 OTM:0.46 | lr: 1.50e-04 | left: 196s
step 02700 ( 18.6%) | loss: 1.256317 | trade:0.32 call:0.62 put:0.38 | ATM:0.52 OTM:0.48 | lr: 1.50e-04 | left: 195s
step 02750 ( 18.9%) | loss: 1.244557 | trade:0.36 call:0.57 put:0.43 | ATM:0.52 OTM:0.48 | lr: 1.50e-04 | left: 195s
step 02800 ( 19.1%) | loss: 1.234149 | trade:0.36 call:0.60 put:0.40 | ATM:0.56 OTM:0.44 | lr: 1.50e-04 | left: 194s
step 02850 ( 19.3%) | loss: 1.183738 | trade:0.30 call:0.63 put:0.37 | ATM:0.59 OTM:0.41 | lr: 1.50e-04 | left: 194s
step 02900 ( 19.6%) | loss: 1.194183 | trade:0.38 call:0.62 put:0.38 | ATM:0.53 OTM:0.47 | lr: 1.50e-04 | left: 193s
step 02950 ( 20.0%) | loss: 1.207885 | trade:0.36 call:0.60 put:0.40 | ATM:0.55 OTM:0.45 | lr: 1.50e-04 | left: 192s
step 03000 ( 20.5%) | loss: 1.205286 | trade:0.38 call:0.57 put:0.43 | ATM:0.55 OTM:0.45 | lr: 1.50e-04 | left: 191s
step 03050 ( 21.0%) | loss: 1.178111 | trade:0.37 call:0.66 put:0.34 | ATM:0.56 OTM:0.44 | lr: 1.50e-04 | left: 190s
step 03100 ( 21.6%) | loss: 1.182035 | trade:0.38 call:0.67 put:0.33 | ATM:0.58 OTM:0.42 | lr: 1.50e-04 | left: 188s
step 03150 ( 22.1%) | loss: 1.177661 | trade:0.36 call:0.59 put:0.41 | ATM:0.52 OTM:0.48 | lr: 1.50e-04 | left: 187s
step 03200 ( 22.6%) | loss: 1.202348 | trade:0.35 call:0.63 put:0.37 | ATM:0.53 OTM:0.47 | lr: 1.50e-04 | left: 186s
step 03250 ( 23.0%) | loss: 1.194094 | trade:0.30 call:0.59 put:0.41 | ATM:0.59 OTM:0.41 | lr: 1.50e-04 | left: 185s
step 03300 ( 23.3%) | loss: 1.190198 | trade:0.36 call:0.65 put:0.35 | ATM:0.57 OTM:0.43 | lr: 1.50e-04 | left: 184s
step 03350 ( 23.6%) | loss: 1.180901 | trade:0.30 call:0.58 put:0.42 | ATM:0.60 OTM:0.40 | lr: 1.50e-04 | left: 183s
step 03400 ( 24.1%) | loss: 1.170398 | trade:0.37 call:0.60 put:0.40 | ATM:0.56 OTM:0.44 | lr: 1.50e-04 | left: 182s
step 03450 ( 24.5%) | loss: 1.140089 | trade:0.34 call:0.61 put:0.39 | ATM:0.51 OTM:0.49 | lr: 1.50e-04 | left: 181s
step 03500 ( 24.9%) | loss: 1.176665 | trade:0.33 call:0.63 put:0.37 | ATM:0.52 OTM:0.48 | lr: 1.50e-04 | left: 180s
step 03550 ( 25.4%) | loss: 1.167059 | trade:0.33 call:0.63 put:0.37 | ATM:0.57 OTM:0.43 | lr: 1.50e-04 | left: 179s
step 03600 ( 25.9%) | loss: 1.159018 | trade:0.32 call:0.61 put:0.39 | ATM:0.56 OTM:0.44 | lr: 1.50e-04 | left: 178s
step 03650 ( 26.5%) | loss: 1.158368 | trade:0.30 call:0.62 put:0.38 | ATM:0.57 OTM:0.43 | lr: 1.50e-04 | left: 176s
step 03700 ( 27.0%) | loss: 1.151618 | trade:0.34 call:0.65 put:0.35 | ATM:0.57 OTM:0.43 | lr: 1.50e-04 | left: 175s
step 03750 ( 27.5%) | loss: 1.201583 | trade:0.29 call:0.67 put:0.33 | ATM:0.66 OTM:0.34 | lr: 1.50e-04 | left: 174s
step 03800 ( 28.1%) | loss: 1.165406 | trade:0.39 call:0.58 put:0.42 | ATM:0.57 OTM:0.43 | lr: 1.50e-04 | left: 173s
step 03850 ( 28.5%) | loss: 1.145678 | trade:0.35 call:0.59 put:0.41 | ATM:0.56 OTM:0.44 | lr: 1.50e-04 | left: 172s
step 03900 ( 29.0%) | loss: 1.137193 | trade:0.39 call:0.56 put:0.44 | ATM:0.58 OTM:0.42 | lr: 1.50e-04 | left: 170s
step 03950 ( 29.6%) | loss: 1.111857 | trade:0.26 call:0.67 put:0.33 | ATM:0.59 OTM:0.41 | lr: 1.50e-04 | left: 169s
step 04000 ( 30.1%) | loss: 1.150305 | trade:0.36 call:0.65 put:0.35 | ATM:0.56 OTM:0.44 | lr: 1.50e-04 | left: 168s
step 04050 ( 30.6%) | loss: 1.145844 | trade:0.36 call:0.63 put:0.37 | ATM:0.56 OTM:0.44 | lr: 1.50e-04 | left: 167s
step 04100 ( 31.1%) | loss: 1.135544 | trade:0.30 call:0.65 put:0.35 | ATM:0.56 OTM:0.44 | lr: 1.50e-04 | left: 165s
step 04150 ( 31.4%) | loss: 1.105897 | trade:0.33 call:0.57 put:0.43 | ATM:0.64 OTM:0.36 | lr: 1.50e-04 | left: 165s
step 04200 ( 31.7%) | loss: 1.114745 | trade:0.30 call:0.62 put:0.38 | ATM:0.62 OTM:0.38 | lr: 1.50e-04 | left: 164s
step 04250 ( 31.9%) | loss: 1.124099 | trade:0.33 call:0.57 put:0.43 | ATM:0.60 OTM:0.40 | lr: 1.50e-04 | left: 163s
step 04300 ( 32.2%) | loss: 1.124910 | trade:0.40 call:0.60 put:0.40 | ATM:0.59 OTM:0.41 | lr: 1.50e-04 | left: 163s
step 04350 ( 32.5%) | loss: 1.117253 | trade:0.29 call:0.65 put:0.35 | ATM:0.62 OTM:0.38 | lr: 1.50e-04 | left: 162s
step 04400 ( 32.7%) | loss: 1.121417 | trade:0.34 call:0.64 put:0.36 | ATM:0.54 OTM:0.46 | lr: 1.50e-04 | left: 161s
step 04450 ( 33.0%) | loss: 1.102389 | trade:0.37 call:0.66 put:0.34 | ATM:0.62 OTM:0.38 | lr: 1.50e-04 | left: 161s
step 04500 ( 33.2%) | loss: 1.134718 | trade:0.36 call:0.60 put:0.40 | ATM:0.62 OTM:0.38 | lr: 1.50e-04 | left: 160s
step 04550 ( 33.4%) | loss: 1.108088 | trade:0.34 call:0.58 put:0.42 | ATM:0.56 OTM:0.44 | lr: 1.50e-04 | left: 160s
step 04600 ( 33.7%) | loss: 1.119891 | trade:0.35 call:0.63 put:0.37 | ATM:0.55 OTM:0.45 | lr: 1.50e-04 | left: 159s
step 04650 ( 33.9%) | loss: 1.096120 | trade:0.35 call:0.60 put:0.40 | ATM:0.56 OTM:0.44 | lr: 1.50e-04 | left: 159s
step 04700 ( 34.1%) | loss: 1.120852 | trade:0.38 call:0.64 put:0.36 | ATM:0.63 OTM:0.37 | lr: 1.50e-04 | left: 158s
step 04750 ( 34.5%) | loss: 1.132191 | trade:0.31 call:0.59 put:0.41 | ATM:0.63 OTM:0.37 | lr: 1.50e-04 | left: 157s
step 04800 ( 34.7%) | loss: 1.091615 | trade:0.39 call:0.59 put:0.41 | ATM:0.54 OTM:0.46 | lr: 1.50e-04 | left: 157s
step 04850 ( 34.9%) | loss: 1.100888 | trade:0.37 call:0.61 put:0.39 | ATM:0.59 OTM:0.41 | lr: 1.50e-04 | left: 156s
step 04900 ( 35.1%) | loss: 1.093304 | trade:0.30 call:0.62 put:0.38 | ATM:0.66 OTM:0.34 | lr: 1.50e-04 | left: 156s
step 04950 ( 35.4%) | loss: 1.121489 | trade:0.35 call:0.61 put:0.39 | ATM:0.60 OTM:0.40 | lr: 1.50e-04 | left: 155s
step 05000 ( 35.6%) | loss: 1.110569 | trade:0.36 call:0.58 put:0.42 | ATM:0.62 OTM:0.38 | lr: 1.50e-04 | left: 155s
step 05050 ( 35.9%) | loss: 1.098457 | trade:0.34 call:0.64 put:0.36 | ATM:0.53 OTM:0.47 | lr: 1.50e-04 | left: 154s
step 05100 ( 36.2%) | loss: 1.113981 | trade:0.33 call:0.62 put:0.38 | ATM:0.60 OTM:0.40 | lr: 1.50e-04 | left: 153s
step 05150 ( 36.6%) | loss: 1.093437 | trade:0.38 call:0.58 put:0.42 | ATM:0.62 OTM:0.38 | lr: 1.50e-04 | left: 152s
step 05200 ( 36.8%) | loss: 1.099449 | trade:0.30 call:0.63 put:0.37 | ATM:0.62 OTM:0.38 | lr: 1.50e-04 | left: 152s
step 05250 ( 37.0%) | loss: 1.090935 | trade:0.29 call:0.63 put:0.37 | ATM:0.65 OTM:0.35 | lr: 1.50e-04 | left: 151s
step 05300 ( 37.3%) | loss: 1.095342 | trade:0.30 call:0.67 put:0.33 | ATM:0.60 OTM:0.40 | lr: 1.50e-04 | left: 150s
step 05350 ( 37.5%) | loss: 1.105632 | trade:0.29 call:0.69 put:0.31 | ATM:0.67 OTM:0.33 | lr: 1.50e-04 | left: 150s
step 05400 ( 37.8%) | loss: 1.099523 | trade:0.39 call:0.54 put:0.46 | ATM:0.54 OTM:0.46 | lr: 1.50e-04 | left: 149s
step 05450 ( 38.1%) | loss: 1.070348 | trade:0.37 call:0.58 put:0.42 | ATM:0.59 OTM:0.41 | lr: 1.50e-04 | left: 149s
step 05500 ( 38.3%) | loss: 1.081841 | trade:0.34 call:0.56 put:0.44 | ATM:0.60 OTM:0.40 | lr: 1.50e-04 | left: 148s
step 05550 ( 38.5%) | loss: 1.093859 | trade:0.35 call:0.61 put:0.39 | ATM:0.67 OTM:0.33 | lr: 1.50e-04 | left: 147s
step 05600 ( 38.9%) | loss: 1.080302 | trade:0.35 call:0.67 put:0.33 | ATM:0.63 OTM:0.37 | lr: 1.50e-04 | left: 147s
step 05650 ( 39.1%) | loss: 1.073610 | trade:0.32 call:0.67 put:0.33 | ATM:0.67 OTM:0.33 | lr: 1.50e-04 | left: 146s
step 05700 ( 39.4%) | loss: 1.096911 | trade:0.40 call:0.63 put:0.37 | ATM:0.58 OTM:0.42 | lr: 1.50e-04 | left: 145s
step 05750 ( 39.7%) | loss: 1.057700 | trade:0.33 call:0.59 put:0.41 | ATM:0.58 OTM:0.42 | lr: 1.50e-04 | left: 145s
step 05800 ( 40.0%) | loss: 1.078708 | trade:0.34 call:0.67 put:0.33 | ATM:0.67 OTM:0.33 | lr: 1.50e-04 | left: 144s
step 05850 ( 40.4%) | loss: 1.076468 | trade:0.33 call:0.61 put:0.39 | ATM:0.60 OTM:0.40 | lr: 1.50e-04 | left: 143s
step 05900 ( 40.8%) | loss: 1.073635 | trade:0.35 call:0.62 put:0.38 | ATM:0.63 OTM:0.37 | lr: 1.50e-04 | left: 142s
step 05950 ( 41.3%) | loss: 1.051309 | trade:0.34 call:0.52 put:0.48 | ATM:0.65 OTM:0.35 | lr: 1.50e-04 | left: 141s
step 06000 ( 41.9%) | loss: 1.070272 | trade:0.36 call:0.63 put:0.37 | ATM:0.64 OTM:0.36 | lr: 1.50e-04 | left: 140s
step 06050 ( 42.4%) | loss: 1.094498 | trade:0.33 call:0.61 put:0.39 | ATM:0.62 OTM:0.38 | lr: 1.50e-04 | left: 138s
step 06100 ( 42.9%) | loss: 1.077859 | trade:0.29 call:0.58 put:0.42 | ATM:0.64 OTM:0.36 | lr: 1.50e-04 | left: 137s
step 06150 ( 43.1%) | loss: 1.074394 | trade:0.27 call:0.62 put:0.38 | ATM:0.61 OTM:0.39 | lr: 1.50e-04 | left: 136s
step 06200 ( 43.4%) | loss: 1.065165 | trade:0.34 call:0.57 put:0.43 | ATM:0.60 OTM:0.40 | lr: 1.50e-04 | left: 136s
step 06250 ( 43.6%) | loss: 1.055307 | trade:0.33 call:0.68 put:0.32 | ATM:0.66 OTM:0.34 | lr: 1.50e-04 | left: 135s
step 06300 ( 43.9%) | loss: 1.065793 | trade:0.34 call:0.60 put:0.40 | ATM:0.60 OTM:0.40 | lr: 1.50e-04 | left: 135s
step 06350 ( 44.1%) | loss: 1.061022 | trade:0.31 call:0.65 put:0.35 | ATM:0.67 OTM:0.33 | lr: 1.50e-04 | left: 134s
step 06400 ( 44.4%) | loss: 1.061652 | trade:0.34 call:0.60 put:0.40 | ATM:0.67 OTM:0.33 | lr: 1.50e-04 | left: 134s
step 06450 ( 44.6%) | loss: 1.047533 | trade:0.34 call:0.56 put:0.44 | ATM:0.58 OTM:0.42 | lr: 1.50e-04 | left: 133s
step 06500 ( 44.9%) | loss: 1.060177 | trade:0.32 call:0.57 put:0.43 | ATM:0.62 OTM:0.38 | lr: 1.50e-04 | left: 132s
step 06550 ( 45.1%) | loss: 1.058508 | trade:0.37 call:0.63 put:0.37 | ATM:0.56 OTM:0.44 | lr: 1.50e-04 | left: 132s
step 06600 ( 45.4%) | loss: 1.069358 | trade:0.38 call:0.63 put:0.37 | ATM:0.60 OTM:0.40 | lr: 1.50e-04 | left: 131s
step 06650 ( 45.6%) | loss: 1.060314 | trade:0.36 call:0.63 put:0.37 | ATM:0.65 OTM:0.35 | lr: 1.50e-04 | left: 131s
step 06700 ( 45.8%) | loss: 1.061150 | trade:0.35 call:0.68 put:0.32 | ATM:0.64 OTM:0.36 | lr: 1.50e-04 | left: 130s
step 06750 ( 46.1%) | loss: 1.061465 | trade:0.36 call:0.63 put:0.37 | ATM:0.59 OTM:0.41 | lr: 1.50e-04 | left: 129s
step 06800 ( 46.4%) | loss: 1.080277 | trade:0.33 call:0.55 put:0.45 | ATM:0.62 OTM:0.38 | lr: 1.50e-04 | left: 129s
step 06850 ( 46.7%) | loss: 1.052145 | trade:0.33 call:0.62 put:0.38 | ATM:0.65 OTM:0.35 | lr: 1.50e-04 | left: 128s
step 06900 ( 47.0%) | loss: 1.045822 | trade:0.34 call:0.59 put:0.41 | ATM:0.62 OTM:0.38 | lr: 1.50e-04 | left: 127s
step 06950 ( 47.3%) | loss: 1.043936 | trade:0.28 call:0.59 put:0.41 | ATM:0.70 OTM:0.30 | lr: 1.50e-04 | left: 127s
step 07000 ( 47.5%) | loss: 1.051551 | trade:0.34 call:0.59 put:0.41 | ATM:0.59 OTM:0.41 | lr: 1.50e-04 | left: 126s
step 07050 ( 47.7%) | loss: 1.050514 | trade:0.29 call:0.59 put:0.41 | ATM:0.66 OTM:0.34 | lr: 1.50e-04 | left: 125s
step 07100 ( 48.0%) | loss: 1.058084 | trade:0.30 call:0.61 put:0.39 | ATM:0.63 OTM:0.37 | lr: 1.50e-04 | left: 125s
step 07150 ( 48.2%) | loss: 1.037583 | trade:0.35 call:0.60 put:0.40 | ATM:0.59 OTM:0.41 | lr: 1.50e-04 | left: 124s
step 07200 ( 48.4%) | loss: 1.024036 | trade:0.32 call:0.59 put:0.41 | ATM:0.58 OTM:0.42 | lr: 1.50e-04 | left: 124s
step 07250 ( 48.6%) | loss: 1.037316 | trade:0.34 call:0.60 put:0.40 | ATM:0.60 OTM:0.40 | lr: 1.50e-04 | left: 123s
step 07300 ( 48.9%) | loss: 1.035165 | trade:0.39 call:0.61 put:0.39 | ATM:0.59 OTM:0.41 | lr: 1.50e-04 | left: 123s
step 07350 ( 49.2%) | loss: 1.021071 | trade:0.30 call:0.61 put:0.39 | ATM:0.64 OTM:0.36 | lr: 1.50e-04 | left: 122s
step 07400 ( 49.5%) | loss: 1.049995 | trade:0.31 call:0.62 put:0.38 | ATM:0.64 OTM:0.36 | lr: 1.50e-04 | left: 121s
step 07450 ( 49.8%) | loss: 1.058891 | trade:0.33 call:0.64 put:0.36 | ATM:0.66 OTM:0.34 | lr: 1.50e-04 | left: 121s
step 07500 ( 50.0%) | loss: 1.030888 | trade:0.31 call:0.59 put:0.41 | ATM:0.61 OTM:0.39 | lr: 1.50e-04 | left: 120s
step 07550 ( 50.2%) | loss: 1.035731 | trade:0.24 call:0.60 put:0.40 | ATM:0.69 OTM:0.31 | lr: 1.50e-04 | left: 119s
step 07600 ( 50.5%) | loss: 1.038231 | trade:0.32 call:0.59 put:0.41 | ATM:0.60 OTM:0.40 | lr: 1.50e-04 | left: 119s
step 07650 ( 50.7%) | loss: 1.045629 | trade:0.30 call:0.55 put:0.45 | ATM:0.58 OTM:0.42 | lr: 1.50e-04 | left: 118s
step 07700 ( 51.0%) | loss: 1.046575 | trade:0.33 call:0.64 put:0.36 | ATM:0.56 OTM:0.44 | lr: 1.50e-04 | left: 118s
step 07750 ( 51.2%) | loss: 1.034797 | trade:0.35 call:0.54 put:0.46 | ATM:0.63 OTM:0.37 | lr: 1.50e-04 | left: 117s
step 07800 ( 51.5%) | loss: 1.051137 | trade:0.31 call:0.56 put:0.44 | ATM:0.66 OTM:0.34 | lr: 1.50e-04 | left: 116s
step 07850 ( 51.7%) | loss: 1.052675 | trade:0.35 call:0.58 put:0.42 | ATM:0.64 OTM:0.36 | lr: 1.50e-04 | left: 116s
step 07900 ( 52.0%) | loss: 1.034828 | trade:0.35 call:0.64 put:0.36 | ATM:0.60 OTM:0.40 | lr: 1.50e-04 | left: 115s
step 07950 ( 52.2%) | loss: 1.020470 | trade:0.39 call:0.55 put:0.45 | ATM:0.55 OTM:0.45 | lr: 1.50e-04 | left: 115s
step 08000 ( 52.4%) | loss: 1.027239 | trade:0.33 call:0.52 put:0.48 | ATM:0.67 OTM:0.33 | lr: 1.50e-04 | left: 114s
step 08050 ( 52.7%) | loss: 1.050091 | trade:0.38 call:0.61 put:0.39 | ATM:0.61 OTM:0.39 | lr: 1.50e-04 | left: 114s
step 08100 ( 52.9%) | loss: 1.023168 | trade:0.33 call:0.61 put:0.39 | ATM:0.69 OTM:0.31 | lr: 1.50e-04 | left: 113s
step 08150 ( 53.2%) | loss: 1.041945 | trade:0.34 call:0.57 put:0.43 | ATM:0.61 OTM:0.39 | lr: 1.50e-04 | left: 112s
step 08200 ( 53.5%) | loss: 1.050876 | trade:0.36 call:0.59 put:0.41 | ATM:0.61 OTM:0.39 | lr: 1.50e-04 | left: 112s
step 08250 ( 54.0%) | loss: 1.035436 | trade:0.42 call:0.60 put:0.40 | ATM:0.53 OTM:0.47 | lr: 1.50e-04 | left: 110s
step 08300 ( 54.6%) | loss: 1.045613 | trade:0.26 call:0.62 put:0.38 | ATM:0.64 OTM:0.36 | lr: 1.50e-04 | left: 109s
step 08350 ( 55.1%) | loss: 1.052570 | trade:0.36 call:0.61 put:0.39 | ATM:0.63 OTM:0.37 | lr: 1.50e-04 | left: 108s
step 08400 ( 55.5%) | loss: 1.026575 | trade:0.33 call:0.59 put:0.41 | ATM:0.67 OTM:0.33 | lr: 1.50e-04 | left: 107s
step 08450 ( 55.7%) | loss: 1.037170 | trade:0.33 call:0.53 put:0.47 | ATM:0.59 OTM:0.41 | lr: 1.50e-04 | left: 106s
step 08500 ( 56.0%) | loss: 1.035972 | trade:0.35 call:0.56 put:0.44 | ATM:0.62 OTM:0.38 | lr: 1.50e-04 | left: 106s
step 08550 ( 56.2%) | loss: 1.005836 | trade:0.33 call:0.65 put:0.35 | ATM:0.67 OTM:0.33 | lr: 1.50e-04 | left: 105s
step 08600 ( 56.5%) | loss: 1.006626 | trade:0.32 call:0.59 put:0.41 | ATM:0.62 OTM:0.38 | lr: 1.50e-04 | left: 104s
step 08650 ( 57.0%) | loss: 1.005333 | trade:0.32 call:0.57 put:0.43 | ATM:0.58 OTM:0.42 | lr: 1.50e-04 | left: 103s
step 08700 ( 57.6%) | loss: 1.022755 | trade:0.36 call:0.53 put:0.47 | ATM:0.62 OTM:0.38 | lr: 1.50e-04 | left: 102s
step 08750 ( 58.1%) | loss: 1.038740 | trade:0.34 call:0.54 put:0.46 | ATM:0.60 OTM:0.40 | lr: 1.50e-04 | left: 101s
step 08800 ( 58.6%) | loss: 1.021572 | trade:0.36 call:0.60 put:0.40 | ATM:0.64 OTM:0.36 | lr: 1.50e-04 | left: 99s
step 08850 ( 59.2%) | loss: 1.015181 | trade:0.30 call:0.57 put:0.43 | ATM:0.69 OTM:0.31 | lr: 1.50e-04 | left: 98s
step 08900 ( 59.7%) | loss: 1.030644 | trade:0.32 call:0.64 put:0.36 | ATM:0.60 OTM:0.40 | lr: 1.50e-04 | left: 97s
step 08950 ( 60.2%) | loss: 1.030965 | trade:0.39 call:0.64 put:0.36 | ATM:0.60 OTM:0.40 | lr: 1.50e-04 | left: 95s
step 09000 ( 60.7%) | loss: 0.996478 | trade:0.30 call:0.65 put:0.35 | ATM:0.66 OTM:0.34 | lr: 1.50e-04 | left: 94s
step 09050 ( 60.9%) | loss: 1.036054 | trade:0.40 call:0.56 put:0.44 | ATM:0.57 OTM:0.43 | lr: 1.50e-04 | left: 94s
step 09100 ( 61.2%) | loss: 1.046177 | trade:0.33 call:0.60 put:0.40 | ATM:0.67 OTM:0.33 | lr: 1.50e-04 | left: 93s
step 09150 ( 61.6%) | loss: 1.004557 | trade:0.29 call:0.61 put:0.39 | ATM:0.68 OTM:0.32 | lr: 1.50e-04 | left: 92s
step 09200 ( 62.1%) | loss: 1.034357 | trade:0.31 call:0.60 put:0.40 | ATM:0.69 OTM:0.31 | lr: 1.50e-04 | left: 91s
step 09250 ( 62.7%) | loss: 0.992908 | trade:0.33 call:0.58 put:0.42 | ATM:0.72 OTM:0.28 | lr: 1.50e-04 | left: 90s
step 09300 ( 63.2%) | loss: 1.001120 | trade:0.31 call:0.63 put:0.37 | ATM:0.64 OTM:0.36 | lr: 1.50e-04 | left: 88s
step 09350 ( 63.7%) | loss: 1.013966 | trade:0.34 call:0.62 put:0.38 | ATM:0.67 OTM:0.33 | lr: 1.50e-04 | left: 87s
step 09400 ( 64.3%) | loss: 1.034836 | trade:0.33 call:0.63 put:0.37 | ATM:0.69 OTM:0.31 | lr: 1.50e-04 | left: 86s
step 09450 ( 64.8%) | loss: 0.998252 | trade:0.35 call:0.57 put:0.43 | ATM:0.63 OTM:0.37 | lr: 1.50e-04 | left: 84s
step 09500 ( 65.3%) | loss: 1.018268 | trade:0.36 call:0.60 put:0.40 | ATM:0.63 OTM:0.37 | lr: 1.50e-04 | left: 83s
step 09550 ( 65.8%) | loss: 0.988917 | trade:0.35 call:0.63 put:0.37 | ATM:0.62 OTM:0.38 | lr: 1.50e-04 | left: 82s
step 09600 ( 66.2%) | loss: 1.016786 | trade:0.33 call:0.57 put:0.43 | ATM:0.55 OTM:0.45 | lr: 1.50e-04 | left: 81s
step 09650 ( 66.5%) | loss: 1.011133 | trade:0.38 call:0.58 put:0.42 | ATM:0.63 OTM:0.37 | lr: 1.50e-04 | left: 80s
step 09700 ( 67.0%) | loss: 1.007484 | trade:0.35 call:0.58 put:0.42 | ATM:0.63 OTM:0.37 | lr: 1.50e-04 | left: 79s
step 09750 ( 67.5%) | loss: 1.002109 | trade:0.30 call:0.60 put:0.40 | ATM:0.72 OTM:0.28 | lr: 1.50e-04 | left: 78s
step 09800 ( 67.8%) | loss: 0.999063 | trade:0.31 call:0.62 put:0.38 | ATM:0.65 OTM:0.35 | lr: 1.50e-04 | left: 77s
step 09850 ( 68.0%) | loss: 1.009100 | trade:0.34 call:0.52 put:0.48 | ATM:0.62 OTM:0.38 | lr: 1.50e-04 | left: 77s
step 09900 ( 68.3%) | loss: 1.014449 | trade:0.29 call:0.60 put:0.40 | ATM:0.68 OTM:0.32 | lr: 1.50e-04 | left: 76s
step 09950 ( 68.5%) | loss: 1.004243 | trade:0.33 call:0.60 put:0.40 | ATM:0.69 OTM:0.31 | lr: 1.50e-04 | left: 75s
step 10000 ( 68.8%) | loss: 1.016090 | trade:0.36 call:0.53 put:0.47 | ATM:0.65 OTM:0.35 | lr: 1.50e-04 | left: 75s
step 10050 ( 69.1%) | loss: 1.006722 | trade:0.33 call:0.61 put:0.39 | ATM:0.61 OTM:0.39 | lr: 1.50e-04 | left: 74s
step 10100 ( 69.3%) | loss: 1.003158 | trade:0.33 call:0.53 put:0.47 | ATM:0.65 OTM:0.35 | lr: 1.50e-04 | left: 74s
step 10150 ( 69.5%) | loss: 1.009280 | trade:0.34 call:0.61 put:0.39 | ATM:0.63 OTM:0.37 | lr: 1.50e-04 | left: 73s
step 10200 ( 69.8%) | loss: 0.999824 | trade:0.36 call:0.60 put:0.40 | ATM:0.64 OTM:0.36 | lr: 1.50e-04 | left: 73s
step 10250 ( 70.0%) | loss: 0.973389 | trade:0.35 call:0.56 put:0.44 | ATM:0.62 OTM:0.38 | lr: 1.50e-04 | left: 72s
step 10300 ( 70.2%) | loss: 1.011001 | trade:0.29 call:0.58 put:0.42 | ATM:0.64 OTM:0.36 | lr: 1.50e-04 | left: 71s
step 10350 ( 70.4%) | loss: 0.992191 | trade:0.33 call:0.60 put:0.40 | ATM:0.65 OTM:0.35 | lr: 1.50e-04 | left: 71s
step 10400 ( 70.6%) | loss: 1.005842 | trade:0.32 call:0.62 put:0.38 | ATM:0.63 OTM:0.37 | lr: 1.50e-04 | left: 70s
step 10450 ( 70.9%) | loss: 0.977289 | trade:0.31 call:0.64 put:0.36 | ATM:0.71 OTM:0.29 | lr: 1.50e-04 | left: 70s
step 10500 ( 71.1%) | loss: 1.019042 | trade:0.30 call:0.64 put:0.36 | ATM:0.66 OTM:0.34 | lr: 1.50e-04 | left: 69s
step 10550 ( 71.3%) | loss: 1.004579 | trade:0.31 call:0.56 put:0.44 | ATM:0.58 OTM:0.42 | lr: 1.49e-04 | left: 69s
step 10600 ( 71.5%) | loss: 1.003075 | trade:0.29 call:0.58 put:0.42 | ATM:0.70 OTM:0.30 | lr: 1.49e-04 | left: 68s
step 10650 ( 71.7%) | loss: 1.003674 | trade:0.29 call:0.57 put:0.43 | ATM:0.65 OTM:0.35 | lr: 1.49e-04 | left: 68s
step 10700 ( 71.9%) | loss: 1.005525 | trade:0.37 call:0.61 put:0.39 | ATM:0.62 OTM:0.38 | lr: 1.48e-04 | left: 67s
step 10750 ( 72.2%) | loss: 0.998237 | trade:0.32 call:0.52 put:0.48 | ATM:0.61 OTM:0.39 | lr: 1.48e-04 | left: 67s
step 10800 ( 72.4%) | loss: 1.002389 | trade:0.36 call:0.59 put:0.41 | ATM:0.62 OTM:0.38 | lr: 1.48e-04 | left: 66s
step 10850 ( 72.6%) | loss: 0.980588 | trade:0.39 call:0.55 put:0.45 | ATM:0.63 OTM:0.37 | lr: 1.47e-04 | left: 66s
step 10900 ( 72.9%) | loss: 0.977433 | trade:0.35 call:0.58 put:0.42 | ATM:0.65 OTM:0.35 | lr: 1.47e-04 | left: 65s
step 10950 ( 73.1%) | loss: 1.019280 | trade:0.36 call:0.63 put:0.37 | ATM:0.60 OTM:0.40 | lr: 1.46e-04 | left: 65s
step 11000 ( 73.4%) | loss: 1.002429 | trade:0.30 call:0.59 put:0.41 | ATM:0.64 OTM:0.36 | lr: 1.45e-04 | left: 64s
step 11050 ( 73.6%) | loss: 0.997186 | trade:0.29 call:0.62 put:0.38 | ATM:0.69 OTM:0.31 | lr: 1.45e-04 | left: 63s
step 11100 ( 73.8%) | loss: 0.999412 | trade:0.38 call:0.63 put:0.37 | ATM:0.60 OTM:0.40 | lr: 1.44e-04 | left: 63s
step 11150 ( 74.1%) | loss: 0.988250 | trade:0.33 call:0.57 put:0.43 | ATM:0.64 OTM:0.36 | lr: 1.43e-04 | left: 62s
step 11200 ( 74.3%) | loss: 0.993977 | trade:0.36 call:0.55 put:0.45 | ATM:0.61 OTM:0.39 | lr: 1.43e-04 | left: 62s
step 11250 ( 74.5%) | loss: 0.990945 | trade:0.29 call:0.58 put:0.42 | ATM:0.65 OTM:0.35 | lr: 1.42e-04 | left: 61s
step 11300 ( 74.8%) | loss: 0.995940 | trade:0.32 call:0.64 put:0.36 | ATM:0.65 OTM:0.35 | lr: 1.41e-04 | left: 60s
step 11350 ( 75.0%) | loss: 0.987482 | trade:0.38 call:0.57 put:0.43 | ATM:0.61 OTM:0.39 | lr: 1.40e-04 | left: 60s
step 11400 ( 75.3%) | loss: 0.989523 | trade:0.35 call:0.61 put:0.39 | ATM:0.63 OTM:0.37 | lr: 1.39e-04 | left: 59s
step 11450 ( 75.5%) | loss: 0.967167 | trade:0.31 call:0.61 put:0.39 | ATM:0.67 OTM:0.33 | lr: 1.38e-04 | left: 59s
step 11500 ( 75.8%) | loss: 0.970670 | trade:0.32 call:0.64 put:0.36 | ATM:0.67 OTM:0.33 | lr: 1.37e-04 | left: 58s
step 11550 ( 76.0%) | loss: 0.991021 | trade:0.31 call:0.59 put:0.41 | ATM:0.65 OTM:0.35 | lr: 1.36e-04 | left: 58s
step 11600 ( 76.4%) | loss: 0.990619 | trade:0.36 call:0.57 put:0.43 | ATM:0.64 OTM:0.36 | lr: 1.34e-04 | left: 57s
step 11650 ( 76.8%) | loss: 0.988657 | trade:0.35 call:0.55 put:0.45 | ATM:0.65 OTM:0.35 | lr: 1.32e-04 | left: 56s
step 11700 ( 77.3%) | loss: 0.986935 | trade:0.33 call:0.61 put:0.39 | ATM:0.70 OTM:0.30 | lr: 1.29e-04 | left: 54s
step 11750 ( 77.9%) | loss: 0.990110 | trade:0.32 call:0.60 put:0.40 | ATM:0.63 OTM:0.37 | lr: 1.26e-04 | left: 53s
step 11800 ( 78.2%) | loss: 0.973197 | trade:0.37 call:0.61 put:0.39 | ATM:0.65 OTM:0.35 | lr: 1.24e-04 | left: 52s
step 11850 ( 78.4%) | loss: 0.949368 | trade:0.36 call:0.63 put:0.37 | ATM:0.68 OTM:0.32 | lr: 1.23e-04 | left: 52s
step 11900 ( 78.7%) | loss: 0.980323 | trade:0.27 call:0.62 put:0.38 | ATM:0.69 OTM:0.31 | lr: 1.21e-04 | left: 51s
step 11950 ( 79.0%) | loss: 0.978208 | trade:0.34 call:0.56 put:0.44 | ATM:0.67 OTM:0.33 | lr: 1.19e-04 | left: 50s
step 12000 ( 79.2%) | loss: 0.970377 | trade:0.37 call:0.55 put:0.45 | ATM:0.64 OTM:0.36 | lr: 1.18e-04 | left: 50s
step 12050 ( 79.6%) | loss: 0.977866 | trade:0.34 call:0.60 put:0.40 | ATM:0.65 OTM:0.35 | lr: 1.15e-04 | left: 49s
step 12100 ( 80.0%) | loss: 0.943380 | trade:0.26 call:0.64 put:0.36 | ATM:0.66 OTM:0.34 | lr: 1.12e-04 | left: 48s
step 12150 ( 80.3%) | loss: 0.966268 | trade:0.31 call:0.60 put:0.40 | ATM:0.71 OTM:0.29 | lr: 1.11e-04 | left: 47s
step 12200 ( 80.5%) | loss: 0.980493 | trade:0.32 call:0.54 put:0.46 | ATM:0.68 OTM:0.32 | lr: 1.09e-04 | left: 47s
step 12250 ( 80.7%) | loss: 0.965395 | trade:0.31 call:0.61 put:0.39 | ATM:0.64 OTM:0.36 | lr: 1.08e-04 | left: 46s
step 12300 ( 80.9%) | loss: 0.965564 | trade:0.33 call:0.61 put:0.39 | ATM:0.65 OTM:0.35 | lr: 1.06e-04 | left: 46s
step 12350 ( 81.1%) | loss: 0.953086 | trade:0.29 call:0.64 put:0.36 | ATM:0.66 OTM:0.34 | lr: 1.05e-04 | left: 45s
step 12400 ( 81.3%) | loss: 0.965651 | trade:0.35 call:0.57 put:0.43 | ATM:0.65 OTM:0.35 | lr: 1.03e-04 | left: 45s
step 12450 ( 81.6%) | loss: 0.955045 | trade:0.36 call:0.64 put:0.36 | ATM:0.65 OTM:0.35 | lr: 1.01e-04 | left: 44s
step 12500 ( 81.8%) | loss: 0.972445 | trade:0.30 call:0.61 put:0.39 | ATM:0.69 OTM:0.31 | lr: 9.99e-05 | left: 44s
step 12550 ( 82.0%) | loss: 0.955208 | trade:0.34 call:0.58 put:0.42 | ATM:0.63 OTM:0.37 | lr: 9.82e-05 | left: 43s
step 12600 ( 82.2%) | loss: 0.969409 | trade:0.28 call:0.62 put:0.38 | ATM:0.66 OTM:0.34 | lr: 9.67e-05 | left: 43s
step 12650 ( 82.4%) | loss: 0.969274 | trade:0.29 call:0.61 put:0.39 | ATM:0.69 OTM:0.31 | lr: 9.50e-05 | left: 42s
step 12700 ( 82.6%) | loss: 0.968638 | trade:0.32 call:0.58 put:0.42 | ATM:0.66 OTM:0.34 | lr: 9.33e-05 | left: 42s
step 12750 ( 82.9%) | loss: 0.946565 | trade:0.34 call:0.60 put:0.40 | ATM:0.61 OTM:0.39 | lr: 9.16e-05 | left: 41s
step 12800 ( 83.1%) | loss: 0.965520 | trade:0.32 call:0.67 put:0.33 | ATM:0.67 OTM:0.33 | lr: 8.95e-05 | left: 40s
step 12850 ( 83.4%) | loss: 0.971203 | trade:0.31 call:0.59 put:0.41 | ATM:0.63 OTM:0.37 | lr: 8.76e-05 | left: 40s
step 12900 ( 83.6%) | loss: 0.953271 | trade:0.32 call:0.65 put:0.35 | ATM:0.67 OTM:0.33 | lr: 8.59e-05 | left: 39s
step 12950 ( 83.9%) | loss: 0.971993 | trade:0.37 call:0.61 put:0.39 | ATM:0.62 OTM:0.38 | lr: 8.39e-05 | left: 39s
step 13000 ( 84.1%) | loss: 0.954991 | trade:0.30 call:0.58 put:0.42 | ATM:0.69 OTM:0.31 | lr: 8.22e-05 | left: 38s
step 13050 ( 84.3%) | loss: 0.983757 | trade:0.33 call:0.53 put:0.47 | ATM:0.67 OTM:0.33 | lr: 8.04e-05 | left: 38s
step 13100 ( 84.6%) | loss: 0.942722 | trade:0.35 call:0.60 put:0.40 | ATM:0.60 OTM:0.40 | lr: 7.84e-05 | left: 37s
step 13150 ( 84.9%) | loss: 0.952795 | trade:0.33 call:0.56 put:0.44 | ATM:0.61 OTM:0.39 | lr: 7.61e-05 | left: 36s
step 13200 ( 85.1%) | loss: 0.957043 | trade:0.34 call:0.56 put:0.44 | ATM:0.68 OTM:0.32 | lr: 7.40e-05 | left: 36s
step 13250 ( 85.4%) | loss: 0.940715 | trade:0.36 call:0.63 put:0.37 | ATM:0.59 OTM:0.41 | lr: 7.19e-05 | left: 35s
step 13300 ( 85.7%) | loss: 0.943664 | trade:0.40 call:0.63 put:0.37 | ATM:0.64 OTM:0.36 | lr: 6.98e-05 | left: 34s
step 13350 ( 85.9%) | loss: 0.953664 | trade:0.37 call:0.63 put:0.37 | ATM:0.60 OTM:0.40 | lr: 6.80e-05 | left: 34s
step 13400 ( 86.3%) | loss: 0.926204 | trade:0.34 call:0.61 put:0.39 | ATM:0.67 OTM:0.33 | lr: 6.51e-05 | left: 33s
step 13450 ( 86.8%) | loss: 0.941750 | trade:0.33 call:0.57 put:0.43 | ATM:0.64 OTM:0.36 | lr: 6.10e-05 | left: 32s
step 13500 ( 87.3%) | loss: 0.958695 | trade:0.34 call:0.63 put:0.37 | ATM:0.62 OTM:0.38 | lr: 5.69e-05 | left: 30s
step 13550 ( 87.7%) | loss: 0.958479 | trade:0.35 call:0.60 put:0.40 | ATM:0.63 OTM:0.37 | lr: 5.43e-05 | left: 30s
step 13600 ( 87.9%) | loss: 0.941154 | trade:0.34 call:0.58 put:0.42 | ATM:0.66 OTM:0.34 | lr: 5.22e-05 | left: 29s
step 13650 ( 88.5%) | loss: 0.970939 | trade:0.29 call:0.49 put:0.51 | ATM:0.66 OTM:0.34 | lr: 4.84e-05 | left: 28s
step 13700 ( 88.9%) | loss: 0.939344 | trade:0.28 call:0.55 put:0.45 | ATM:0.67 OTM:0.33 | lr: 4.55e-05 | left: 27s
step 13750 ( 89.1%) | loss: 0.944073 | trade:0.32 call:0.58 put:0.42 | ATM:0.63 OTM:0.37 | lr: 4.38e-05 | left: 26s
step 13800 ( 89.3%) | loss: 0.938688 | trade:0.33 call:0.55 put:0.45 | ATM:0.63 OTM:0.37 | lr: 4.21e-05 | left: 26s
step 13850 ( 89.8%) | loss: 0.940520 | trade:0.35 call:0.52 put:0.48 | ATM:0.65 OTM:0.35 | lr: 3.87e-05 | left: 24s
step 13900 ( 90.4%) | loss: 0.957026 | trade:0.33 call:0.62 put:0.38 | ATM:0.64 OTM:0.36 | lr: 3.51e-05 | left: 23s
step 13950 ( 90.9%) | loss: 0.950179 | trade:0.31 call:0.62 put:0.38 | ATM:0.62 OTM:0.38 | lr: 3.16e-05 | left: 22s
step 14000 ( 91.4%) | loss: 0.939912 | trade:0.30 call:0.61 put:0.39 | ATM:0.65 OTM:0.35 | lr: 2.81e-05 | left: 21s
step 14050 ( 92.0%) | loss: 0.963083 | trade:0.30 call:0.54 put:0.46 | ATM:0.65 OTM:0.35 | lr: 2.49e-05 | left: 19s
step 14100 ( 92.5%) | loss: 0.923859 | trade:0.31 call:0.60 put:0.40 | ATM:0.65 OTM:0.35 | lr: 2.18e-05 | left: 18s
step 14150 ( 93.0%) | loss: 0.923728 | trade:0.35 call:0.60 put:0.40 | ATM:0.66 OTM:0.34 | lr: 1.92e-05 | left: 17s
step 14200 ( 93.5%) | loss: 0.954273 | trade:0.29 call:0.60 put:0.40 | ATM:0.67 OTM:0.33 | lr: 1.66e-05 | left: 16s
step 14250 ( 94.0%) | loss: 0.909188 | trade:0.37 call:0.50 put:0.50 | ATM:0.64 OTM:0.36 | lr: 1.42e-05 | left: 14s
step 14300 ( 94.3%) | loss: 0.925089 | trade:0.29 call:0.64 put:0.36 | ATM:0.70 OTM:0.30 | lr: 1.28e-05 | left: 14s
step 14350 ( 94.8%) | loss: 0.961722 | trade:0.26 call:0.60 put:0.40 | ATM:0.68 OTM:0.32 | lr: 1.09e-05 | left: 13s
step 14400 ( 95.3%) | loss: 0.937944 | trade:0.37 call:0.59 put:0.41 | ATM:0.60 OTM:0.40 | lr: 8.87e-06 | left: 11s
step 14450 ( 95.8%) | loss: 0.940520 | trade:0.32 call:0.59 put:0.41 | ATM:0.69 OTM:0.31 | lr: 7.01e-06 | left: 10s
step 14500 ( 96.4%) | loss: 0.952411 | trade:0.31 call:0.59 put:0.41 | ATM:0.66 OTM:0.34 | lr: 5.37e-06 | left: 9s
step 14550 ( 96.9%) | loss: 0.939239 | trade:0.31 call:0.56 put:0.44 | ATM:0.63 OTM:0.37 | lr: 3.93e-06 | left: 7s
step 14600 ( 97.4%) | loss: 0.916367 | trade:0.38 call:0.60 put:0.40 | ATM:0.64 OTM:0.36 | lr: 2.72e-06 | left: 6s
step 14650 ( 97.9%) | loss: 0.947199 | trade:0.34 call:0.60 put:0.40 | ATM:0.68 OTM:0.32 | lr: 1.85e-06 | left: 5s
step 14700 ( 98.1%) | loss: 0.952810 | trade:0.29 call:0.62 put:0.38 | ATM:0.73 OTM:0.27 | lr: 1.47e-06 | left: 5s
step 14750 ( 98.6%) | loss: 0.921704 | trade:0.35 call:0.60 put:0.40 | ATM:0.61 OTM:0.39 | lr: 8.32e-07 | left: 3s
step 14800 ( 99.1%) | loss: 0.932986 | trade:0.34 call:0.51 put:0.49 | ATM:0.63 OTM:0.37 | lr: 3.31e-07 | left: 2s
step 14850 ( 99.4%) | loss: 0.927728 | trade:0.31 call:0.64 put:0.36 | ATM:0.69 OTM:0.31 | lr: 1.61e-07 | left: 1s
step 14900 ( 99.7%) | loss: 0.932739 | trade:0.35 call:0.58 put:0.42 | ATM:0.64 OTM:0.36 | lr: 4.21e-08 | left: 1s

Training done at 245s. Starting evaluation...
Evaluation done in 7s (total wall: 251s)
Model saved to /root/best_model.pt
Trade log: 104 trades -> /root/trade_log.csv

---
score:              0.151452
profit_factor:      1.840442
win_rate:           0.375000
avg_winner:         0.630484
avg_loser:          -0.205543
trades_per_day:     1.600000
max_consec_loss:    11
num_trades:         104
trade_sharpe:       2.642752
sortino:            18.767349
max_drawdown:       -3.951281
calmar:             2.841753
ev_per_trade:       0.107967
do_nothing_pct:     0.578924
exit_pct:           0.015247
model_exit_count:   68
cooldown_blocked:   149
pre_10am_blocked:   624
short_hold_pct:     0.221000
stop_loss_rate:     0.327000
direction_collapse_pct: 0.307700
avg_entry_cost_bps: 365.547400
avg_entry_quality:  0.746000
cost_realism_coverage: 1.009600
high_cost_entry_rate: 0.471200
low_quality_entry_rate: 0.000000
actionable_bar_rate: 0.829100
risk_off_bar_rate:  0.000000
final_capital:      11453.07
equity_sharpe:      0.948100
max_equity_dd:      -0.425000
total_dollar_return:0.145300
val_sharpe:         -2.078308
total_return:       11.228566
num_val_bars:       4460
num_val_days:       65
worst_chunk_pf:     0.72
rr_ratio:           3.0674
avg_hold_bars:      10.62
model_exit_rate:    0.6538
hit_ruin:           False
min_equity_frac:    0.5848
avg_risk_fraction:  0.1058
max_risk_fraction:  0.3795
trades_blocked_by_balance: 0
training_seconds:   240.0
total_seconds:      253.5
peak_vram_mb:       357.0
num_steps:          14931
num_params:         146,265
lookback:           120
depth:              3
d_model:            64
effective_lr:       0.00015
gate_label_smoothing:0.050000
dir_label_smoothing:0.050000
false_entry_penalty:2.000000
/opt/conda/lib/python3.11/site-packages/torch/nn/modules/transformer.py:379: UserWarning: enable_nested_tensor is True, but self.use_nested_tensor is False because encoder_layer.norm_first was True
  warnings.warn(
