Loading data from: /root/.cache/autoresearch-trading/features/data.pt
Loaded 384870 1-min bars, 32 features, 8 actions
  ~986 trading days
Training:   up to idx 269189
Validation: idx 269190-384869
  Option P&L coverage: 297877/384870 (77%)
Parameters: 146,265
Architecture: v4 simplified two-head (gate+dir) + balanced strike gating with refined thresholds
Training from scratch (v4: no warm-start).

Budget: 240s | Batch: 128 | Lookback: 120
LR: 0.00015 | Depth: 3 | d_model: 64 | ff_mult: 3
Dropout: 0.15 | Weight decay: 0.05
False entry penalty: 2.0x
Label smoothing: gate=0.05 dir=0.05
Loss weights: gate=1.0, dir=1.0, pnl=0.3, exit=0.5
Score tuning: R:R bonus=0.3, hold bonus=0.0, freq center=2.5, drawdown penalty=0.5

step 00000 (  0.0%) | loss: 2.666450 | trade:0.27 call:0.45 put:0.55 | ATM:0.24 OTM:0.76 | lr: 0.00e+00 | left: 240s
step 00050 (  0.4%) | loss: 2.732009 | trade:0.27 call:0.46 put:0.54 | ATM:0.25 OTM:0.75 | lr: 5.26e-06 | left: 239s
step 00100 (  0.9%) | loss: 2.689607 | trade:0.28 call:0.46 put:0.54 | ATM:0.25 OTM:0.75 | lr: 1.32e-05 | left: 238s
step 00150 (  1.4%) | loss: 2.632853 | trade:0.29 call:0.47 put:0.53 | ATM:0.26 OTM:0.74 | lr: 2.12e-05 | left: 237s
step 00200 (  1.9%) | loss: 2.582718 | trade:0.32 call:0.48 put:0.52 | ATM:0.27 OTM:0.73 | lr: 2.91e-05 | left: 235s
step 00250 (  2.5%) | loss: 2.526887 | trade:0.33 call:0.49 put:0.51 | ATM:0.29 OTM:0.71 | lr: 3.71e-05 | left: 234s
step 00300 (  3.0%) | loss: 2.464844 | trade:0.33 call:0.50 put:0.50 | ATM:0.32 OTM:0.68 | lr: 4.50e-05 | left: 233s
step 00350 (  3.5%) | loss: 2.428169 | trade:0.34 call:0.51 put:0.49 | ATM:0.34 OTM:0.66 | lr: 5.30e-05 | left: 232s
step 00400 (  4.0%) | loss: 2.374606 | trade:0.34 call:0.53 put:0.47 | ATM:0.34 OTM:0.66 | lr: 6.05e-05 | left: 230s
step 00450 (  4.6%) | loss: 2.320248 | trade:0.33 call:0.53 put:0.47 | ATM:0.35 OTM:0.65 | lr: 6.85e-05 | left: 229s
step 00500 (  5.1%) | loss: 2.283680 | trade:0.33 call:0.54 put:0.46 | ATM:0.36 OTM:0.64 | lr: 7.64e-05 | left: 228s
step 00550 (  5.6%) | loss: 2.235588 | trade:0.34 call:0.55 put:0.45 | ATM:0.35 OTM:0.65 | lr: 8.43e-05 | left: 226s
step 00600 (  6.2%) | loss: 2.161837 | trade:0.33 call:0.55 put:0.45 | ATM:0.36 OTM:0.64 | lr: 9.23e-05 | left: 225s
step 00650 (  6.7%) | loss: 2.092456 | trade:0.35 call:0.57 put:0.43 | ATM:0.37 OTM:0.63 | lr: 1.00e-04 | left: 224s
step 00700 (  7.2%) | loss: 2.003022 | trade:0.35 call:0.56 put:0.44 | ATM:0.36 OTM:0.64 | lr: 1.08e-04 | left: 223s
step 00750 (  7.7%) | loss: 1.903347 | trade:0.36 call:0.55 put:0.45 | ATM:0.44 OTM:0.56 | lr: 1.16e-04 | left: 221s
step 00800 (  8.3%) | loss: 1.821871 | trade:0.35 call:0.49 put:0.51 | ATM:0.42 OTM:0.58 | lr: 1.24e-04 | left: 220s
step 00850 (  8.8%) | loss: 1.697221 | trade:0.37 call:0.55 put:0.45 | ATM:0.40 OTM:0.60 | lr: 1.32e-04 | left: 219s
step 00900 (  9.3%) | loss: 1.607992 | trade:0.38 call:0.56 put:0.44 | ATM:0.33 OTM:0.67 | lr: 1.39e-04 | left: 218s
step 00950 (  9.8%) | loss: 1.468458 | trade:0.38 call:0.58 put:0.42 | ATM:0.39 OTM:0.61 | lr: 1.47e-04 | left: 216s
step 01000 ( 10.3%) | loss: 1.392279 | trade:0.42 call:0.58 put:0.42 | ATM:0.42 OTM:0.58 | lr: 1.50e-04 | left: 215s
step 01050 ( 10.8%) | loss: 1.268171 | trade:0.41 call:0.58 put:0.42 | ATM:0.43 OTM:0.57 | lr: 1.50e-04 | left: 214s
step 01100 ( 11.4%) | loss: 1.186461 | trade:0.43 call:0.55 put:0.45 | ATM:0.43 OTM:0.57 | lr: 1.50e-04 | left: 213s
step 01150 ( 11.9%) | loss: 1.077654 | trade:0.42 call:0.53 put:0.47 | ATM:0.41 OTM:0.59 | lr: 1.50e-04 | left: 211s
step 01200 ( 12.4%) | loss: 1.048142 | trade:0.44 call:0.62 put:0.38 | ATM:0.39 OTM:0.61 | lr: 1.50e-04 | left: 210s
step 01250 ( 12.9%) | loss: 0.986729 | trade:0.41 call:0.54 put:0.46 | ATM:0.46 OTM:0.54 | lr: 1.50e-04 | left: 209s
step 01300 ( 13.5%) | loss: 0.977623 | trade:0.40 call:0.57 put:0.43 | ATM:0.41 OTM:0.59 | lr: 1.50e-04 | left: 208s
step 01350 ( 14.0%) | loss: 0.869255 | trade:0.40 call:0.49 put:0.51 | ATM:0.47 OTM:0.53 | lr: 1.50e-04 | left: 206s
step 01400 ( 14.5%) | loss: 0.881917 | trade:0.42 call:0.53 put:0.47 | ATM:0.50 OTM:0.50 | lr: 1.50e-04 | left: 205s
step 01450 ( 15.0%) | loss: 0.850776 | trade:0.37 call:0.65 put:0.35 | ATM:0.49 OTM:0.51 | lr: 1.50e-04 | left: 204s
step 01500 ( 15.6%) | loss: 0.861971 | trade:0.46 call:0.52 put:0.48 | ATM:0.45 OTM:0.55 | lr: 1.50e-04 | left: 203s
step 01550 ( 16.1%) | loss: 0.839777 | trade:0.38 call:0.62 put:0.38 | ATM:0.50 OTM:0.50 | lr: 1.50e-04 | left: 201s
step 01600 ( 16.6%) | loss: 0.774100 | trade:0.46 call:0.56 put:0.44 | ATM:0.51 OTM:0.49 | lr: 1.50e-04 | left: 200s
step 01650 ( 17.2%) | loss: 0.783441 | trade:0.42 call:0.60 put:0.40 | ATM:0.48 OTM:0.52 | lr: 1.50e-04 | left: 199s
step 01700 ( 17.7%) | loss: 0.755116 | trade:0.42 call:0.54 put:0.46 | ATM:0.46 OTM:0.54 | lr: 1.50e-04 | left: 198s
step 01750 ( 18.2%) | loss: 0.750063 | trade:0.43 call:0.57 put:0.43 | ATM:0.44 OTM:0.56 | lr: 1.50e-04 | left: 196s
step 01800 ( 18.7%) | loss: 0.758546 | trade:0.39 call:0.53 put:0.47 | ATM:0.55 OTM:0.45 | lr: 1.50e-04 | left: 195s
step 01850 ( 19.3%) | loss: 0.698289 | trade:0.48 call:0.61 put:0.39 | ATM:0.45 OTM:0.55 | lr: 1.50e-04 | left: 194s
step 01900 ( 19.8%) | loss: 0.711007 | trade:0.40 call:0.54 put:0.46 | ATM:0.51 OTM:0.49 | lr: 1.50e-04 | left: 192s
step 01950 ( 20.3%) | loss: 0.717294 | trade:0.39 call:0.51 put:0.49 | ATM:0.50 OTM:0.50 | lr: 1.50e-04 | left: 191s
step 02000 ( 20.8%) | loss: 0.652709 | trade:0.42 call:0.58 put:0.42 | ATM:0.47 OTM:0.53 | lr: 1.50e-04 | left: 190s
step 02050 ( 21.3%) | loss: 0.713514 | trade:0.39 call:0.60 put:0.40 | ATM:0.52 OTM:0.48 | lr: 1.50e-04 | left: 189s
step 02100 ( 21.8%) | loss: 0.703170 | trade:0.38 call:0.59 put:0.41 | ATM:0.50 OTM:0.50 | lr: 1.50e-04 | left: 188s
step 02150 ( 22.4%) | loss: 0.703593 | trade:0.44 call:0.56 put:0.44 | ATM:0.52 OTM:0.48 | lr: 1.50e-04 | left: 186s
step 02200 ( 22.9%) | loss: 0.690059 | trade:0.46 call:0.55 put:0.45 | ATM:0.43 OTM:0.57 | lr: 1.50e-04 | left: 185s
step 02250 ( 23.4%) | loss: 0.670931 | trade:0.40 call:0.60 put:0.40 | ATM:0.53 OTM:0.47 | lr: 1.50e-04 | left: 184s
step 02300 ( 23.9%) | loss: 0.641778 | trade:0.44 call:0.48 put:0.52 | ATM:0.52 OTM:0.48 | lr: 1.50e-04 | left: 183s
step 02350 ( 24.5%) | loss: 0.659940 | trade:0.41 call:0.63 put:0.37 | ATM:0.57 OTM:0.43 | lr: 1.50e-04 | left: 181s
step 02400 ( 25.0%) | loss: 0.690034 | trade:0.39 call:0.61 put:0.39 | ATM:0.45 OTM:0.55 | lr: 1.50e-04 | left: 180s
step 02450 ( 25.5%) | loss: 0.643968 | trade:0.44 call:0.62 put:0.38 | ATM:0.51 OTM:0.49 | lr: 1.50e-04 | left: 179s
step 02500 ( 26.1%) | loss: 0.643838 | trade:0.46 call:0.53 put:0.47 | ATM:0.49 OTM:0.51 | lr: 1.50e-04 | left: 177s
step 02550 ( 26.6%) | loss: 0.635639 | trade:0.41 call:0.55 put:0.45 | ATM:0.56 OTM:0.44 | lr: 1.50e-04 | left: 176s
step 02600 ( 27.1%) | loss: 0.655616 | trade:0.42 call:0.52 put:0.48 | ATM:0.53 OTM:0.47 | lr: 1.50e-04 | left: 175s
step 02650 ( 27.6%) | loss: 0.648133 | trade:0.43 call:0.61 put:0.39 | ATM:0.54 OTM:0.46 | lr: 1.50e-04 | left: 174s
step 02700 ( 28.2%) | loss: 0.658112 | trade:0.41 call:0.58 put:0.42 | ATM:0.58 OTM:0.42 | lr: 1.50e-04 | left: 172s
step 02750 ( 28.7%) | loss: 0.647796 | trade:0.44 call:0.54 put:0.46 | ATM:0.48 OTM:0.52 | lr: 1.50e-04 | left: 171s
step 02800 ( 29.2%) | loss: 0.632216 | trade:0.42 call:0.59 put:0.41 | ATM:0.56 OTM:0.44 | lr: 1.50e-04 | left: 170s
step 02850 ( 29.8%) | loss: 0.644403 | trade:0.39 call:0.59 put:0.41 | ATM:0.61 OTM:0.39 | lr: 1.50e-04 | left: 169s
step 02900 ( 30.3%) | loss: 0.601054 | trade:0.45 call:0.59 put:0.41 | ATM:0.48 OTM:0.52 | lr: 1.50e-04 | left: 167s
step 02950 ( 30.8%) | loss: 0.632588 | trade:0.40 call:0.61 put:0.39 | ATM:0.56 OTM:0.44 | lr: 1.50e-04 | left: 166s
step 03000 ( 31.3%) | loss: 0.594074 | trade:0.46 call:0.59 put:0.41 | ATM:0.46 OTM:0.54 | lr: 1.50e-04 | left: 165s
step 03050 ( 31.9%) | loss: 0.657920 | trade:0.43 call:0.55 put:0.45 | ATM:0.54 OTM:0.46 | lr: 1.50e-04 | left: 163s
step 03100 ( 32.4%) | loss: 0.598755 | trade:0.47 call:0.58 put:0.42 | ATM:0.52 OTM:0.48 | lr: 1.50e-04 | left: 162s
step 03150 ( 32.9%) | loss: 0.624646 | trade:0.43 call:0.60 put:0.40 | ATM:0.50 OTM:0.50 | lr: 1.50e-04 | left: 161s
step 03200 ( 33.4%) | loss: 0.621560 | trade:0.41 call:0.56 put:0.44 | ATM:0.52 OTM:0.48 | lr: 1.50e-04 | left: 160s
step 03250 ( 34.0%) | loss: 0.602620 | trade:0.40 call:0.56 put:0.44 | ATM:0.51 OTM:0.49 | lr: 1.50e-04 | left: 158s
step 03300 ( 34.5%) | loss: 0.611957 | trade:0.42 call:0.60 put:0.40 | ATM:0.54 OTM:0.46 | lr: 1.50e-04 | left: 157s
step 03350 ( 35.0%) | loss: 0.613280 | trade:0.44 call:0.57 put:0.43 | ATM:0.49 OTM:0.51 | lr: 1.50e-04 | left: 156s
step 03400 ( 35.6%) | loss: 0.638648 | trade:0.44 call:0.60 put:0.40 | ATM:0.55 OTM:0.45 | lr: 1.50e-04 | left: 155s
step 03450 ( 36.1%) | loss: 0.600550 | trade:0.44 call:0.60 put:0.40 | ATM:0.50 OTM:0.50 | lr: 1.50e-04 | left: 153s
step 03500 ( 36.6%) | loss: 0.611340 | trade:0.43 call:0.55 put:0.45 | ATM:0.50 OTM:0.50 | lr: 1.50e-04 | left: 152s
step 03550 ( 37.1%) | loss: 0.598946 | trade:0.38 call:0.57 put:0.43 | ATM:0.52 OTM:0.48 | lr: 1.50e-04 | left: 151s
step 03600 ( 37.7%) | loss: 0.616003 | trade:0.46 call:0.57 put:0.43 | ATM:0.51 OTM:0.49 | lr: 1.50e-04 | left: 150s
step 03650 ( 38.2%) | loss: 0.593936 | trade:0.43 call:0.56 put:0.44 | ATM:0.49 OTM:0.51 | lr: 1.50e-04 | left: 148s
step 03700 ( 38.7%) | loss: 0.619879 | trade:0.42 call:0.62 put:0.38 | ATM:0.54 OTM:0.46 | lr: 1.50e-04 | left: 147s
step 03750 ( 39.3%) | loss: 0.633299 | trade:0.33 call:0.69 put:0.31 | ATM:0.59 OTM:0.41 | lr: 1.50e-04 | left: 146s
step 03800 ( 39.8%) | loss: 0.600860 | trade:0.43 call:0.49 put:0.51 | ATM:0.54 OTM:0.46 | lr: 1.50e-04 | left: 144s
step 03850 ( 40.3%) | loss: 0.589400 | trade:0.44 call:0.58 put:0.42 | ATM:0.47 OTM:0.53 | lr: 1.50e-04 | left: 143s
step 03900 ( 40.8%) | loss: 0.598647 | trade:0.44 call:0.55 put:0.45 | ATM:0.49 OTM:0.51 | lr: 1.50e-04 | left: 142s
step 03950 ( 41.4%) | loss: 0.604783 | trade:0.38 call:0.56 put:0.44 | ATM:0.54 OTM:0.46 | lr: 1.50e-04 | left: 141s
step 04000 ( 41.9%) | loss: 0.604996 | trade:0.45 call:0.59 put:0.41 | ATM:0.50 OTM:0.50 | lr: 1.50e-04 | left: 139s
step 04050 ( 42.4%) | loss: 0.619549 | trade:0.41 call:0.56 put:0.44 | ATM:0.54 OTM:0.46 | lr: 1.50e-04 | left: 138s
step 04100 ( 42.9%) | loss: 0.602102 | trade:0.38 call:0.58 put:0.42 | ATM:0.51 OTM:0.49 | lr: 1.50e-04 | left: 137s
step 04150 ( 43.4%) | loss: 0.587605 | trade:0.44 call:0.58 put:0.42 | ATM:0.57 OTM:0.43 | lr: 1.50e-04 | left: 136s
step 04200 ( 43.9%) | loss: 0.589769 | trade:0.39 call:0.59 put:0.41 | ATM:0.55 OTM:0.45 | lr: 1.50e-04 | left: 135s
step 04250 ( 44.5%) | loss: 0.587629 | trade:0.43 call:0.56 put:0.44 | ATM:0.52 OTM:0.48 | lr: 1.50e-04 | left: 133s
step 04300 ( 45.0%) | loss: 0.603555 | trade:0.45 call:0.59 put:0.41 | ATM:0.50 OTM:0.50 | lr: 1.50e-04 | left: 132s
step 04350 ( 45.5%) | loss: 0.601932 | trade:0.44 call:0.58 put:0.42 | ATM:0.53 OTM:0.47 | lr: 1.50e-04 | left: 131s
step 04400 ( 46.0%) | loss: 0.594623 | trade:0.38 call:0.61 put:0.39 | ATM:0.53 OTM:0.47 | lr: 1.50e-04 | left: 129s
step 04450 ( 46.6%) | loss: 0.579841 | trade:0.43 call:0.57 put:0.43 | ATM:0.56 OTM:0.44 | lr: 1.50e-04 | left: 128s
step 04500 ( 47.1%) | loss: 0.605792 | trade:0.47 call:0.60 put:0.40 | ATM:0.52 OTM:0.48 | lr: 1.50e-04 | left: 127s
step 04550 ( 47.6%) | loss: 0.585154 | trade:0.39 call:0.55 put:0.45 | ATM:0.53 OTM:0.47 | lr: 1.50e-04 | left: 126s
step 04600 ( 48.1%) | loss: 0.561268 | trade:0.45 call:0.59 put:0.41 | ATM:0.50 OTM:0.50 | lr: 1.50e-04 | left: 124s
step 04650 ( 48.6%) | loss: 0.591128 | trade:0.45 call:0.54 put:0.46 | ATM:0.50 OTM:0.50 | lr: 1.50e-04 | left: 123s
step 04700 ( 49.2%) | loss: 0.609665 | trade:0.47 call:0.55 put:0.45 | ATM:0.54 OTM:0.46 | lr: 1.50e-04 | left: 122s
step 04750 ( 49.7%) | loss: 0.569282 | trade:0.43 call:0.53 put:0.47 | ATM:0.54 OTM:0.46 | lr: 1.50e-04 | left: 121s
step 04800 ( 50.2%) | loss: 0.591811 | trade:0.48 call:0.55 put:0.45 | ATM:0.48 OTM:0.52 | lr: 1.50e-04 | left: 119s
step 04850 ( 50.7%) | loss: 0.570495 | trade:0.45 call:0.53 put:0.47 | ATM:0.54 OTM:0.46 | lr: 1.50e-04 | left: 118s
step 04900 ( 51.3%) | loss: 0.612772 | trade:0.41 call:0.59 put:0.41 | ATM:0.53 OTM:0.47 | lr: 1.50e-04 | left: 117s
step 04950 ( 51.8%) | loss: 0.582940 | trade:0.39 call:0.55 put:0.45 | ATM:0.57 OTM:0.43 | lr: 1.50e-04 | left: 116s
step 05000 ( 52.3%) | loss: 0.593369 | trade:0.40 call:0.58 put:0.42 | ATM:0.57 OTM:0.43 | lr: 1.50e-04 | left: 114s
step 05050 ( 52.9%) | loss: 0.573877 | trade:0.42 call:0.60 put:0.40 | ATM:0.50 OTM:0.50 | lr: 1.50e-04 | left: 113s
step 05100 ( 53.4%) | loss: 0.602866 | trade:0.39 call:0.61 put:0.39 | ATM:0.61 OTM:0.39 | lr: 1.50e-04 | left: 112s
step 05150 ( 53.9%) | loss: 0.567362 | trade:0.44 call:0.57 put:0.43 | ATM:0.56 OTM:0.44 | lr: 1.50e-04 | left: 111s
step 05200 ( 54.4%) | loss: 0.579685 | trade:0.43 call:0.56 put:0.44 | ATM:0.58 OTM:0.42 | lr: 1.50e-04 | left: 109s
step 05250 ( 55.0%) | loss: 0.565573 | trade:0.41 call:0.60 put:0.40 | ATM:0.57 OTM:0.43 | lr: 1.50e-04 | left: 108s
step 05300 ( 55.5%) | loss: 0.584484 | trade:0.41 call:0.59 put:0.41 | ATM:0.52 OTM:0.48 | lr: 1.50e-04 | left: 107s
step 05350 ( 56.0%) | loss: 0.590423 | trade:0.40 call:0.59 put:0.41 | ATM:0.52 OTM:0.48 | lr: 1.50e-04 | left: 106s
step 05400 ( 56.5%) | loss: 0.594707 | trade:0.45 call:0.53 put:0.47 | ATM:0.42 OTM:0.58 | lr: 1.50e-04 | left: 104s
step 05450 ( 57.1%) | loss: 0.565277 | trade:0.44 call:0.49 put:0.51 | ATM:0.52 OTM:0.48 | lr: 1.50e-04 | left: 103s
step 05500 ( 57.6%) | loss: 0.545980 | trade:0.43 call:0.54 put:0.46 | ATM:0.51 OTM:0.49 | lr: 1.50e-04 | left: 102s
step 05550 ( 58.1%) | loss: 0.596219 | trade:0.45 call:0.55 put:0.45 | ATM:0.59 OTM:0.41 | lr: 1.50e-04 | left: 100s
step 05600 ( 58.6%) | loss: 0.568929 | trade:0.45 call:0.65 put:0.35 | ATM:0.58 OTM:0.42 | lr: 1.50e-04 | left: 99s
step 05650 ( 59.2%) | loss: 0.568926 | trade:0.38 call:0.61 put:0.39 | ATM:0.60 OTM:0.40 | lr: 1.50e-04 | left: 98s
step 05700 ( 59.7%) | loss: 0.588838 | trade:0.47 call:0.63 put:0.37 | ATM:0.49 OTM:0.51 | lr: 1.50e-04 | left: 97s
step 05750 ( 60.2%) | loss: 0.556263 | trade:0.44 call:0.58 put:0.42 | ATM:0.51 OTM:0.49 | lr: 1.50e-04 | left: 95s
step 05800 ( 60.8%) | loss: 0.582246 | trade:0.41 call:0.63 put:0.37 | ATM:0.55 OTM:0.45 | lr: 1.50e-04 | left: 94s
step 05850 ( 61.3%) | loss: 0.563886 | trade:0.44 call:0.60 put:0.40 | ATM:0.54 OTM:0.46 | lr: 1.50e-04 | left: 93s
step 05900 ( 61.8%) | loss: 0.572127 | trade:0.46 call:0.58 put:0.42 | ATM:0.52 OTM:0.48 | lr: 1.50e-04 | left: 92s
step 05950 ( 62.4%) | loss: 0.576298 | trade:0.37 call:0.53 put:0.47 | ATM:0.55 OTM:0.45 | lr: 1.50e-04 | left: 90s
step 06000 ( 62.9%) | loss: 0.555631 | trade:0.40 call:0.59 put:0.41 | ATM:0.54 OTM:0.46 | lr: 1.50e-04 | left: 89s
step 06050 ( 63.4%) | loss: 0.590333 | trade:0.41 call:0.54 put:0.46 | ATM:0.57 OTM:0.43 | lr: 1.50e-04 | left: 88s
step 06100 ( 63.9%) | loss: 0.551720 | trade:0.39 call:0.55 put:0.45 | ATM:0.56 OTM:0.44 | lr: 1.50e-04 | left: 87s
step 06150 ( 64.5%) | loss: 0.571870 | trade:0.43 call:0.58 put:0.42 | ATM:0.60 OTM:0.40 | lr: 1.50e-04 | left: 85s
step 06200 ( 65.0%) | loss: 0.570592 | trade:0.42 call:0.51 put:0.49 | ATM:0.54 OTM:0.46 | lr: 1.50e-04 | left: 84s
step 06250 ( 65.5%) | loss: 0.565843 | trade:0.41 call:0.60 put:0.40 | ATM:0.56 OTM:0.44 | lr: 1.50e-04 | left: 83s
step 06300 ( 66.0%) | loss: 0.561111 | trade:0.42 call:0.55 put:0.45 | ATM:0.54 OTM:0.46 | lr: 1.50e-04 | left: 82s
step 06350 ( 66.5%) | loss: 0.567993 | trade:0.38 call:0.58 put:0.42 | ATM:0.61 OTM:0.39 | lr: 1.50e-04 | left: 80s
step 06400 ( 67.1%) | loss: 0.561453 | trade:0.41 call:0.59 put:0.41 | ATM:0.58 OTM:0.42 | lr: 1.50e-04 | left: 79s
step 06450 ( 67.6%) | loss: 0.566059 | trade:0.40 call:0.52 put:0.48 | ATM:0.55 OTM:0.45 | lr: 1.50e-04 | left: 78s
step 06500 ( 68.1%) | loss: 0.555414 | trade:0.42 call:0.53 put:0.47 | ATM:0.56 OTM:0.44 | lr: 1.50e-04 | left: 76s
step 06550 ( 68.6%) | loss: 0.554372 | trade:0.44 call:0.55 put:0.45 | ATM:0.46 OTM:0.54 | lr: 1.50e-04 | left: 75s
step 06600 ( 69.2%) | loss: 0.565222 | trade:0.39 call:0.59 put:0.41 | ATM:0.55 OTM:0.45 | lr: 1.50e-04 | left: 74s
step 06650 ( 69.7%) | loss: 0.549533 | trade:0.44 call:0.57 put:0.43 | ATM:0.51 OTM:0.49 | lr: 1.50e-04 | left: 73s
step 06700 ( 70.2%) | loss: 0.565550 | trade:0.41 call:0.65 put:0.35 | ATM:0.55 OTM:0.45 | lr: 1.50e-04 | left: 71s
step 06750 ( 70.8%) | loss: 0.533485 | trade:0.43 call:0.59 put:0.41 | ATM:0.51 OTM:0.49 | lr: 1.50e-04 | left: 70s
step 06800 ( 71.3%) | loss: 0.571586 | trade:0.42 call:0.55 put:0.45 | ATM:0.51 OTM:0.49 | lr: 1.49e-04 | left: 69s
step 06850 ( 71.8%) | loss: 0.558168 | trade:0.44 call:0.61 put:0.39 | ATM:0.56 OTM:0.44 | lr: 1.49e-04 | left: 68s
step 06900 ( 72.3%) | loss: 0.556772 | trade:0.41 call:0.55 put:0.45 | ATM:0.60 OTM:0.40 | lr: 1.48e-04 | left: 66s
step 06950 ( 72.9%) | loss: 0.586259 | trade:0.39 call:0.57 put:0.43 | ATM:0.60 OTM:0.40 | lr: 1.47e-04 | left: 65s
step 07000 ( 73.4%) | loss: 0.563018 | trade:0.44 call:0.57 put:0.43 | ATM:0.53 OTM:0.47 | lr: 1.45e-04 | left: 64s
step 07050 ( 73.9%) | loss: 0.575028 | trade:0.41 call:0.54 put:0.46 | ATM:0.58 OTM:0.42 | lr: 1.44e-04 | left: 63s
step 07100 ( 74.4%) | loss: 0.576084 | trade:0.41 call:0.57 put:0.43 | ATM:0.51 OTM:0.49 | lr: 1.42e-04 | left: 61s
step 07150 ( 75.0%) | loss: 0.549104 | trade:0.43 call:0.57 put:0.43 | ATM:0.51 OTM:0.49 | lr: 1.40e-04 | left: 60s
step 07200 ( 75.5%) | loss: 0.528509 | trade:0.44 call:0.58 put:0.42 | ATM:0.55 OTM:0.45 | lr: 1.38e-04 | left: 59s
step 07250 ( 76.0%) | loss: 0.546023 | trade:0.40 call:0.54 put:0.46 | ATM:0.55 OTM:0.45 | lr: 1.36e-04 | left: 57s
step 07300 ( 76.5%) | loss: 0.535726 | trade:0.45 call:0.59 put:0.41 | ATM:0.52 OTM:0.48 | lr: 1.33e-04 | left: 56s
step 07350 ( 77.1%) | loss: 0.537136 | trade:0.41 call:0.54 put:0.46 | ATM:0.55 OTM:0.45 | lr: 1.30e-04 | left: 55s
step 07400 ( 77.6%) | loss: 0.575054 | trade:0.42 call:0.58 put:0.42 | ATM:0.54 OTM:0.46 | lr: 1.27e-04 | left: 54s
step 07450 ( 78.1%) | loss: 0.570322 | trade:0.41 call:0.62 put:0.38 | ATM:0.55 OTM:0.45 | lr: 1.24e-04 | left: 52s
step 07500 ( 78.7%) | loss: 0.539649 | trade:0.40 call:0.57 put:0.43 | ATM:0.60 OTM:0.40 | lr: 1.21e-04 | left: 51s
step 07550 ( 79.2%) | loss: 0.553365 | trade:0.39 call:0.57 put:0.43 | ATM:0.57 OTM:0.43 | lr: 1.18e-04 | left: 50s
step 07600 ( 79.7%) | loss: 0.545087 | trade:0.41 call:0.58 put:0.42 | ATM:0.57 OTM:0.43 | lr: 1.15e-04 | left: 49s
step 07650 ( 80.2%) | loss: 0.556328 | trade:0.40 call:0.49 put:0.51 | ATM:0.51 OTM:0.49 | lr: 1.11e-04 | left: 47s
step 07700 ( 80.8%) | loss: 0.568420 | trade:0.41 call:0.63 put:0.37 | ATM:0.49 OTM:0.51 | lr: 1.07e-04 | left: 46s
step 07750 ( 81.3%) | loss: 0.525050 | trade:0.41 call:0.57 put:0.43 | ATM:0.54 OTM:0.46 | lr: 1.04e-04 | left: 45s
step 07800 ( 81.8%) | loss: 0.550783 | trade:0.42 call:0.54 put:0.46 | ATM:0.55 OTM:0.45 | lr: 9.96e-05 | left: 44s
step 07850 ( 82.3%) | loss: 0.565435 | trade:0.43 call:0.56 put:0.44 | ATM:0.57 OTM:0.43 | lr: 9.57e-05 | left: 42s
step 07900 ( 82.9%) | loss: 0.536293 | trade:0.41 call:0.58 put:0.42 | ATM:0.52 OTM:0.48 | lr: 9.17e-05 | left: 41s
step 07950 ( 83.4%) | loss: 0.518646 | trade:0.46 call:0.54 put:0.46 | ATM:0.45 OTM:0.55 | lr: 8.77e-05 | left: 40s
step 08000 ( 83.9%) | loss: 0.541172 | trade:0.46 call:0.48 put:0.52 | ATM:0.51 OTM:0.49 | lr: 8.36e-05 | left: 39s
step 08050 ( 84.4%) | loss: 0.566382 | trade:0.43 call:0.54 put:0.46 | ATM:0.56 OTM:0.44 | lr: 7.95e-05 | left: 37s
step 08100 ( 85.0%) | loss: 0.550975 | trade:0.42 call:0.53 put:0.47 | ATM:0.57 OTM:0.43 | lr: 7.54e-05 | left: 36s
step 08150 ( 85.5%) | loss: 0.546305 | trade:0.42 call:0.48 put:0.52 | ATM:0.56 OTM:0.44 | lr: 7.12e-05 | left: 35s
step 08200 ( 86.0%) | loss: 0.554424 | trade:0.45 call:0.51 put:0.49 | ATM:0.54 OTM:0.46 | lr: 6.71e-05 | left: 34s
step 08250 ( 86.5%) | loss: 0.526325 | trade:0.46 call:0.55 put:0.45 | ATM:0.48 OTM:0.52 | lr: 6.30e-05 | left: 32s
step 08300 ( 87.1%) | loss: 0.551907 | trade:0.36 call:0.63 put:0.37 | ATM:0.56 OTM:0.44 | lr: 5.90e-05 | left: 31s
step 08350 ( 87.6%) | loss: 0.565144 | trade:0.43 call:0.58 put:0.42 | ATM:0.52 OTM:0.48 | lr: 5.50e-05 | left: 30s
step 08400 ( 88.1%) | loss: 0.530733 | trade:0.39 call:0.57 put:0.43 | ATM:0.61 OTM:0.39 | lr: 5.14e-05 | left: 29s
step 08450 ( 88.6%) | loss: 0.553235 | trade:0.43 call:0.46 put:0.54 | ATM:0.51 OTM:0.49 | lr: 4.75e-05 | left: 27s
step 08500 ( 89.1%) | loss: 0.551728 | trade:0.42 call:0.53 put:0.47 | ATM:0.53 OTM:0.47 | lr: 4.38e-05 | left: 26s
step 08550 ( 89.6%) | loss: 0.537897 | trade:0.38 call:0.59 put:0.41 | ATM:0.60 OTM:0.40 | lr: 4.01e-05 | left: 25s
step 08600 ( 90.2%) | loss: 0.527975 | trade:0.39 call:0.51 put:0.49 | ATM:0.57 OTM:0.43 | lr: 3.65e-05 | left: 24s
step 08650 ( 90.7%) | loss: 0.523180 | trade:0.44 call:0.55 put:0.45 | ATM:0.50 OTM:0.50 | lr: 3.30e-05 | left: 22s
step 08700 ( 91.2%) | loss: 0.538219 | trade:0.43 call:0.46 put:0.54 | ATM:0.54 OTM:0.46 | lr: 2.96e-05 | left: 21s
step 08750 ( 91.7%) | loss: 0.526735 | trade:0.41 call:0.53 put:0.47 | ATM:0.54 OTM:0.46 | lr: 2.64e-05 | left: 20s
step 08800 ( 92.2%) | loss: 0.541699 | trade:0.42 call:0.56 put:0.44 | ATM:0.54 OTM:0.46 | lr: 2.34e-05 | left: 19s
step 08850 ( 92.8%) | loss: 0.541618 | trade:0.41 call:0.52 put:0.48 | ATM:0.59 OTM:0.41 | lr: 2.05e-05 | left: 17s
step 08900 ( 93.3%) | loss: 0.548459 | trade:0.40 call:0.64 put:0.36 | ATM:0.56 OTM:0.44 | lr: 1.77e-05 | left: 16s
step 08950 ( 93.8%) | loss: 0.528035 | trade:0.47 call:0.60 put:0.40 | ATM:0.43 OTM:0.57 | lr: 1.51e-05 | left: 15s
step 09000 ( 94.4%) | loss: 0.540419 | trade:0.42 call:0.62 put:0.38 | ATM:0.57 OTM:0.43 | lr: 1.27e-05 | left: 14s
step 09050 ( 94.9%) | loss: 0.547083 | trade:0.47 call:0.50 put:0.50 | ATM:0.45 OTM:0.55 | lr: 1.05e-05 | left: 12s
step 09100 ( 95.4%) | loss: 0.548467 | trade:0.40 call:0.54 put:0.46 | ATM:0.56 OTM:0.44 | lr: 8.52e-06 | left: 11s
step 09150 ( 95.9%) | loss: 0.519748 | trade:0.40 call:0.54 put:0.46 | ATM:0.60 OTM:0.40 | lr: 6.71e-06 | left: 10s
step 09200 ( 96.5%) | loss: 0.541143 | trade:0.39 call:0.54 put:0.46 | ATM:0.54 OTM:0.46 | lr: 5.10e-06 | left: 8s
step 09250 ( 97.0%) | loss: 0.542677 | trade:0.41 call:0.53 put:0.47 | ATM:0.56 OTM:0.44 | lr: 3.70e-06 | left: 7s
step 09300 ( 97.5%) | loss: 0.553661 | trade:0.41 call:0.56 put:0.44 | ATM:0.57 OTM:0.43 | lr: 2.53e-06 | left: 6s
step 09350 ( 98.0%) | loss: 0.542074 | trade:0.43 call:0.62 put:0.38 | ATM:0.55 OTM:0.45 | lr: 1.57e-06 | left: 5s
step 09400 ( 98.6%) | loss: 0.551658 | trade:0.41 call:0.60 put:0.40 | ATM:0.64 OTM:0.36 | lr: 8.40e-07 | left: 3s
step 09450 ( 99.1%) | loss: 0.543398 | trade:0.43 call:0.55 put:0.45 | ATM:0.54 OTM:0.46 | lr: 3.35e-07 | left: 2s
step 09500 ( 99.6%) | loss: 0.542604 | trade:0.45 call:0.53 put:0.47 | ATM:0.59 OTM:0.41 | lr: 5.83e-08 | left: 1s

Training done at 245s. Starting evaluation...
Evaluation done in 7s (total wall: 252s)
Model saved to /root/best_model.pt
Trade log: 136 trades -> /root/trade_log.csv

---
score:              0.751241
profit_factor:      1.856905
win_rate:           0.323529
avg_winner:         0.889279
avg_loser:          -0.229041
trades_per_day:     2.029851
max_consec_loss:    7
num_trades:         136
trade_sharpe:       2.991203
sortino:            25.228448
max_drawdown:       -3.329320
calmar:             5.423477
ev_per_trade:       0.132768
do_nothing_pct:     0.427990
exit_pct:           0.018003
model_exit_count:   84
cooldown_blocked:   202
pre_10am_blocked:   1052
short_hold_pct:     0.228000
stop_loss_rate:     0.331000
direction_collapse_pct: 0.323500
avg_entry_cost_bps: 337.025800
avg_entry_quality:  0.788800
cost_realism_coverage: 1.007400
high_cost_entry_rate: 0.397100
low_quality_entry_rate: 0.000000
actionable_bar_rate: 0.803300
risk_off_bar_rate:  0.000000
final_capital:      8988.74
equity_sharpe:      0.552400
max_equity_dd:      -0.578300
total_dollar_return:-0.101100
val_sharpe:         -30.456716
total_return:       18.056493
num_val_bars:       4666
num_val_days:       67
worst_chunk_pf:     0.88
rr_ratio:           3.8826
avg_hold_bars:      10.40
model_exit_rate:    0.6176
hit_ruin:           False
min_equity_frac:    0.4217
avg_risk_fraction:  0.1160
max_risk_fraction:  0.5000
trades_blocked_by_balance: 0
  Chunk 1: 2025-02-18..2025-06-04 | 38 trades | PF=0.88 | WR=34.2%
  Chunk 2: 2025-06-20..2025-08-13 | 21 trades | PF=1.31 | WR=23.8%
  Chunk 3: 2025-08-15..2025-09-17 | 21 trades | PF=3.05 | WR=42.9%
  Chunk 4: 2025-09-24..2025-11-12 | 25 trades | PF=2.19 | WR=20.0%
  Chunk 5: 2025-12-02..2026-03-17 | 31 trades | PF=2.42 | WR=38.7%
training_seconds:   240.0
total_seconds:      254.0
peak_vram_mb:       366.7
num_steps:          9536
num_params:         146,265
lookback:           120
depth:              3
d_model:            64
effective_lr:       0.00015
gate_label_smoothing:0.050000
dir_label_smoothing:0.050000
false_entry_penalty:2.000000
/opt/conda/lib/python3.11/site-packages/torch/nn/modules/transformer.py:379: UserWarning: enable_nested_tensor is True, but self.use_nested_tensor is False because encoder_layer.norm_first was True
  warnings.warn(
