Mixed precision: bf16 enabled (Ampere+ GPU detected)
Loading data from: /root/.cache/autoresearch-trading/features/data.pt
Loaded 384870 1-min bars, 32 features, 8 actions
  ~986 trading days
Training:   up to idx 269189
Validation: idx 269190-384869
  Option P&L coverage: 297877/384870 (77%)
Parameters: 145,064
Architecture: v4 simplified two-head (gate+dir), ATM-biased, no ETV
Training from scratch (v4: no warm-start).
Day-sequential batching: 80% sequential, 20% random (batch=16)

Budget: 240s | Batch: 512 | Lookback: 120
LR: 0.00035 | Depth: 3 | d_model: 64 | ff_mult: 3
Dropout: 0.12 | Weight decay: 0.05
Label smoothing: gate=0.05 dir=0.05
Loss weights: gate=0.5, dir=2.0, pnl=0.3
Exit override strength: 0.15 (gate targets flipped on exit bars)
Position state: flat for random batches, tracked for day-sequential

step 00000 (  0.0%) | loss: 0.000000 | trade:0.61 call:0.47 put:0.52 | ATM:0.43 OTM:0.57 [seq] | lr: 0.00e+00 | left: 240s
step 00050 (  0.3%) | loss: 0.798679 | trade:0.61 call:0.45 put:0.55 | ATM:0.43 OTM:0.57 [seq] | lr: 9.36e-06 | left: 239s
step 00100 (  0.7%) | loss: 1.243280 | trade:0.66 call:0.47 put:0.53 | ATM:0.46 OTM:0.54 [seq] | lr: 2.57e-05 | left: 238s
step 00150 (  1.2%) | loss: 1.049324 | trade:0.47 call:0.51 put:0.49 | ATM:0.48 OTM:0.52 [seq] | lr: 4.16e-05 | left: 237s
step 00200 (  1.6%) | loss: 0.691069 | trade:0.54 call:0.52 put:0.48 | ATM:0.43 OTM:0.57 [seq] | lr: 5.61e-05 | left: 236s
step 00250 (  2.0%) | loss: 0.660783 | trade:0.44 call:0.70 put:0.30 | ATM:0.48 OTM:0.52 [seq] | lr: 7.08e-05 | left: 235s
step 00300 (  2.5%) | loss: 0.587903 | trade:0.44 call:0.67 put:0.33 | ATM:0.50 OTM:0.50 [seq] | lr: 8.59e-05 | left: 234s
step 00350 (  2.8%) | loss: 0.772398 | trade:0.44 call:0.73 put:0.26 | ATM:0.50 OTM:0.50 [seq] | lr: 9.94e-05 | left: 233s
step 00400 (  3.3%) | loss: 0.614651 | trade:0.29 call:0.80 put:0.20 | ATM:0.54 OTM:0.46 [seq] | lr: 1.14e-04 | left: 232s
step 00450 (  3.7%) | loss: 0.987107 | trade:0.37 call:0.87 put:0.13 | ATM:0.54 OTM:0.46 [seq] | lr: 1.30e-04 | left: 231s
step 00500 (  4.1%) | loss: 0.730518 | trade:0.36 call:0.75 put:0.25 | ATM:0.50 OTM:0.50 [rnd] | lr: 1.45e-04 | left: 230s
step 00550 (  4.6%) | loss: 0.724315 | trade:0.31 call:0.90 put:0.10 | ATM:0.53 OTM:0.47 [seq] | lr: 1.61e-04 | left: 229s
step 00600 (  5.0%) | loss: 0.281473 | trade:0.69 call:0.93 put:0.07 | ATM:0.67 OTM:0.33 [seq] | lr: 1.75e-04 | left: 228s
step 00650 (  5.5%) | loss: 0.490006 | trade:0.05 call:0.54 put:0.46 | ATM:0.55 OTM:0.45 [seq] | lr: 1.91e-04 | left: 227s
step 00700 (  5.9%) | loss: 0.742788 | trade:0.36 call:0.75 put:0.25 | ATM:0.55 OTM:0.45 [rnd] | lr: 2.07e-04 | left: 226s
step 00750 (  6.4%) | loss: 0.697059 | trade:0.39 call:0.73 put:0.27 | ATM:0.56 OTM:0.44 [rnd] | lr: 2.23e-04 | left: 225s
step 00800 (  6.8%) | loss: 0.379516 | trade:0.85 call:0.12 put:0.88 | ATM:0.51 OTM:0.49 [seq] | lr: 2.38e-04 | left: 224s
step 00850 (  7.2%) | loss: 0.446494 | trade:0.83 call:0.96 put:0.04 | ATM:0.75 OTM:0.25 [seq] | lr: 2.52e-04 | left: 223s
step 00900 (  7.6%) | loss: 0.225315 | trade:0.19 call:0.96 put:0.04 | ATM:0.74 OTM:0.26 [seq] | lr: 2.66e-04 | left: 222s
step 00950 (  8.0%) | loss: 0.339899 | trade:0.48 call:0.95 put:0.05 | ATM:0.47 OTM:0.53 [seq] | lr: 2.81e-04 | left: 221s
step 01000 (  8.5%) | loss: 0.392837 | trade:0.04 call:0.61 put:0.39 | ATM:0.76 OTM:0.24 [seq] | lr: 2.96e-04 | left: 220s
step 01050 (  8.9%) | loss: 0.291181 | trade:0.81 call:0.97 put:0.03 | ATM:0.82 OTM:0.18 [seq] | lr: 3.11e-04 | left: 219s
step 01100 (  9.3%) | loss: 0.247391 | trade:0.06 call:0.93 put:0.07 | ATM:0.88 OTM:0.12 [seq] | lr: 3.26e-04 | left: 218s
step 01150 (  9.7%) | loss: 0.400363 | trade:0.43 call:0.93 put:0.07 | ATM:0.47 OTM:0.53 [seq] | lr: 3.41e-04 | left: 217s
step 01200 ( 10.2%) | loss: 0.624315 | trade:0.49 call:0.89 put:0.11 | ATM:0.50 OTM:0.50 [seq] | lr: 3.50e-04 | left: 216s
step 01250 ( 10.7%) | loss: 0.401410 | trade:0.48 call:0.87 put:0.13 | ATM:0.42 OTM:0.58 [seq] | lr: 3.50e-04 | left: 214s
step 01300 ( 11.1%) | loss: 0.414588 | trade:0.01 call:0.58 put:0.42 | ATM:0.56 OTM:0.44 [seq] | lr: 3.50e-04 | left: 213s
step 01350 ( 11.5%) | loss: 0.525307 | trade:0.00 call:0.84 put:0.16 | ATM:0.71 OTM:0.29 [seq] | lr: 3.50e-04 | left: 212s
step 01400 ( 11.9%) | loss: 0.426839 | trade:0.00 call:0.79 put:0.21 | ATM:0.61 OTM:0.39 [seq] | lr: 3.50e-04 | left: 211s
step 01450 ( 12.3%) | loss: 0.273580 | trade:0.02 call:0.64 put:0.36 | ATM:0.68 OTM:0.32 [seq] | lr: 3.50e-04 | left: 210s
step 01500 ( 12.8%) | loss: 0.571065 | trade:0.34 call:0.77 put:0.23 | ATM:0.60 OTM:0.40 [rnd] | lr: 3.50e-04 | left: 209s
step 01550 ( 13.2%) | loss: 0.533790 | trade:0.95 call:0.02 put:0.98 | ATM:0.67 OTM:0.33 [seq] | lr: 3.50e-04 | left: 208s
step 01600 ( 13.6%) | loss: 0.523779 | trade:0.92 call:0.99 put:0.01 | ATM:0.28 OTM:0.72 [seq] | lr: 3.50e-04 | left: 207s
step 01650 ( 14.1%) | loss: 0.517131 | trade:0.00 call:0.50 put:0.50 | ATM:0.73 OTM:0.27 [seq] | lr: 3.50e-04 | left: 206s
step 01700 ( 14.5%) | loss: 0.556187 | trade:0.93 call:0.02 put:0.98 | ATM:0.74 OTM:0.26 [seq] | lr: 3.50e-04 | left: 205s
step 01750 ( 14.9%) | loss: 0.561535 | trade:0.91 call:0.01 put:0.99 | ATM:0.74 OTM:0.26 [seq] | lr: 3.50e-04 | left: 204s
step 01800 ( 15.3%) | loss: 0.172587 | trade:0.02 call:0.34 put:0.66 | ATM:0.80 OTM:0.20 [seq] | lr: 3.50e-04 | left: 203s
step 01850 ( 15.7%) | loss: 0.496427 | trade:0.00 call:0.64 put:0.36 | ATM:0.69 OTM:0.31 [seq] | lr: 3.50e-04 | left: 202s
step 01900 ( 16.2%) | loss: 1.557983 | trade:0.84 call:0.98 put:0.02 | ATM:0.54 OTM:0.46 [seq] | lr: 3.50e-04 | left: 201s
step 01950 ( 16.7%) | loss: 1.262822 | trade:0.90 call:0.98 put:0.02 | ATM:0.44 OTM:0.56 [seq] | lr: 3.50e-04 | left: 200s
step 02000 ( 17.2%) | loss: 0.891851 | trade:0.81 call:0.93 put:0.07 | ATM:0.90 OTM:0.10 [seq] | lr: 3.50e-04 | left: 199s
step 02050 ( 17.6%) | loss: 0.495129 | trade:0.00 call:0.77 put:0.23 | ATM:0.58 OTM:0.42 [seq] | lr: 3.50e-04 | left: 198s
step 02100 ( 18.0%) | loss: 0.456764 | trade:0.38 call:0.73 put:0.27 | ATM:0.56 OTM:0.44 [rnd] | lr: 3.50e-04 | left: 197s
step 02150 ( 18.4%) | loss: 0.657323 | trade:0.00 call:0.69 put:0.31 | ATM:0.57 OTM:0.43 [seq] | lr: 3.50e-04 | left: 196s
step 02200 ( 18.8%) | loss: 0.724979 | trade:0.96 call:0.99 put:0.01 | ATM:0.31 OTM:0.69 [seq] | lr: 3.50e-04 | left: 195s
step 02250 ( 19.2%) | loss: 0.214390 | trade:0.97 call:1.00 put:0.00 | ATM:0.23 OTM:0.77 [seq] | lr: 3.50e-04 | left: 194s
step 02300 ( 19.7%) | loss: 0.540885 | trade:0.00 call:0.16 put:0.84 | ATM:0.86 OTM:0.14 [seq] | lr: 3.50e-04 | left: 193s
step 02350 ( 20.1%) | loss: 0.481728 | trade:0.35 call:0.72 put:0.28 | ATM:0.57 OTM:0.43 [rnd] | lr: 3.50e-04 | left: 192s
step 02400 ( 20.5%) | loss: 0.627311 | trade:0.35 call:0.71 put:0.29 | ATM:0.58 OTM:0.42 [rnd] | lr: 3.50e-04 | left: 191s
step 02450 ( 20.9%) | loss: 0.321232 | trade:0.30 call:0.71 put:0.29 | ATM:0.60 OTM:0.40 [rnd] | lr: 3.50e-04 | left: 190s
step 02500 ( 21.3%) | loss: 0.221297 | trade:0.00 call:0.43 put:0.57 | ATM:0.58 OTM:0.42 [seq] | lr: 3.50e-04 | left: 189s
step 02550 ( 21.7%) | loss: 0.551247 | trade:0.33 call:0.75 put:0.25 | ATM:0.57 OTM:0.43 [rnd] | lr: 3.50e-04 | left: 188s
step 02600 ( 22.1%) | loss: 0.164312 | trade:0.93 call:0.01 put:0.99 | ATM:0.57 OTM:0.43 [seq] | lr: 3.50e-04 | left: 187s
step 02650 ( 22.6%) | loss: 0.316256 | trade:0.35 call:0.75 put:0.25 | ATM:0.54 OTM:0.46 [rnd] | lr: 3.50e-04 | left: 186s
step 02700 ( 23.0%) | loss: 0.310784 | trade:0.00 call:0.84 put:0.16 | ATM:0.78 OTM:0.22 [seq] | lr: 3.50e-04 | left: 185s
step 02750 ( 23.4%) | loss: 0.397408 | trade:0.37 call:0.77 put:0.23 | ATM:0.55 OTM:0.45 [rnd] | lr: 3.50e-04 | left: 184s
step 02800 ( 23.8%) | loss: 0.379921 | trade:0.00 call:0.95 put:0.05 | ATM:0.80 OTM:0.20 [seq] | lr: 3.50e-04 | left: 183s
step 02850 ( 24.2%) | loss: 0.372501 | trade:0.37 call:0.77 put:0.23 | ATM:0.55 OTM:0.45 [rnd] | lr: 3.50e-04 | left: 182s
step 02900 ( 24.6%) | loss: 0.483975 | trade:0.00 call:0.33 put:0.67 | ATM:0.74 OTM:0.26 [seq] | lr: 3.50e-04 | left: 181s
step 02950 ( 25.1%) | loss: 0.536522 | trade:0.00 call:0.88 put:0.12 | ATM:0.48 OTM:0.52 [seq] | lr: 3.50e-04 | left: 180s
step 03000 ( 25.6%) | loss: 0.203906 | trade:0.94 call:0.99 put:0.01 | ATM:0.29 OTM:0.71 [seq] | lr: 3.50e-04 | left: 179s
step 03050 ( 26.0%) | loss: 0.394283 | trade:0.00 call:0.71 put:0.29 | ATM:0.66 OTM:0.34 [seq] | lr: 3.50e-04 | left: 178s
step 03100 ( 26.4%) | loss: 0.622924 | trade:0.34 call:0.74 put:0.26 | ATM:0.57 OTM:0.43 [rnd] | lr: 3.50e-04 | left: 177s
step 03150 ( 26.8%) | loss: 0.475815 | trade:0.00 call:0.80 put:0.19 | ATM:0.62 OTM:0.38 [seq] | lr: 3.50e-04 | left: 176s
step 03200 ( 27.2%) | loss: 0.492325 | trade:0.47 call:0.42 put:0.57 | ATM:0.72 OTM:0.28 [seq] | lr: 3.50e-04 | left: 175s
step 03250 ( 27.7%) | loss: 0.369325 | trade:0.37 call:0.71 put:0.29 | ATM:0.54 OTM:0.46 [rnd] | lr: 3.50e-04 | left: 174s
step 03300 ( 28.1%) | loss: 0.333021 | trade:0.93 call:0.99 put:0.01 | ATM:0.22 OTM:0.78 [seq] | lr: 3.50e-04 | left: 173s
step 03350 ( 28.5%) | loss: 0.256152 | trade:0.82 call:0.94 put:0.06 | ATM:0.87 OTM:0.13 [seq] | lr: 3.50e-04 | left: 172s
step 03400 ( 28.9%) | loss: 0.317078 | trade:0.00 call:0.29 put:0.71 | ATM:0.67 OTM:0.33 [seq] | lr: 3.50e-04 | left: 171s
step 03450 ( 29.3%) | loss: 0.476285 | trade:0.36 call:0.71 put:0.29 | ATM:0.54 OTM:0.46 [rnd] | lr: 3.50e-04 | left: 170s
step 03500 ( 29.7%) | loss: 0.635387 | trade:0.35 call:0.71 put:0.29 | ATM:0.53 OTM:0.47 [rnd] | lr: 3.50e-04 | left: 169s
step 03550 ( 30.2%) | loss: 0.276533 | trade:0.00 call:0.19 put:0.80 | ATM:0.83 OTM:0.17 [seq] | lr: 3.50e-04 | left: 168s
step 03600 ( 30.6%) | loss: 0.586646 | trade:0.44 call:0.71 put:0.29 | ATM:0.41 OTM:0.59 [seq] | lr: 3.50e-04 | left: 166s
step 03650 ( 31.1%) | loss: 0.292430 | trade:0.00 call:0.52 put:0.47 | ATM:0.33 OTM:0.67 [seq] | lr: 3.50e-04 | left: 165s
step 03700 ( 31.5%) | loss: 0.378147 | trade:0.00 call:0.77 put:0.23 | ATM:0.59 OTM:0.41 [seq] | lr: 3.50e-04 | left: 164s
step 03750 ( 31.9%) | loss: 0.365152 | trade:0.97 call:0.02 put:0.98 | ATM:0.28 OTM:0.72 [seq] | lr: 3.50e-04 | left: 163s
step 03800 ( 32.3%) | loss: 0.653225 | trade:0.34 call:0.70 put:0.29 | ATM:0.54 OTM:0.46 [rnd] | lr: 3.50e-04 | left: 162s
step 03850 ( 32.8%) | loss: 0.427792 | trade:0.00 call:0.79 put:0.21 | ATM:0.34 OTM:0.66 [seq] | lr: 3.50e-04 | left: 161s
step 03900 ( 33.2%) | loss: 0.523913 | trade:0.00 call:0.70 put:0.30 | ATM:0.33 OTM:0.67 [seq] | lr: 3.50e-04 | left: 160s
step 03950 ( 33.6%) | loss: 0.274237 | trade:0.00 call:0.79 put:0.21 | ATM:0.54 OTM:0.46 [seq] | lr: 3.50e-04 | left: 159s
step 04000 ( 34.0%) | loss: 0.420583 | trade:0.35 call:0.75 put:0.25 | ATM:0.54 OTM:0.46 [rnd] | lr: 3.50e-04 | left: 158s
step 04050 ( 34.5%) | loss: 0.502431 | trade:0.00 call:0.11 put:0.89 | ATM:0.85 OTM:0.15 [seq] | lr: 3.50e-04 | left: 157s
step 04100 ( 34.9%) | loss: 0.381266 | trade:0.91 call:1.00 put:0.00 | ATM:0.32 OTM:0.68 [seq] | lr: 3.50e-04 | left: 156s
step 04150 ( 35.3%) | loss: 0.407211 | trade:0.25 call:0.78 put:0.22 | ATM:0.39 OTM:0.61 [seq] | lr: 3.50e-04 | left: 155s
step 04200 ( 35.7%) | loss: 0.299315 | trade:0.58 call:0.73 put:0.27 | ATM:0.47 OTM:0.53 [seq] | lr: 3.50e-04 | left: 154s
step 04250 ( 36.1%) | loss: 0.262925 | trade:0.00 call:0.27 put:0.73 | ATM:0.79 OTM:0.21 [seq] | lr: 3.50e-04 | left: 153s
step 04300 ( 36.5%) | loss: 0.474738 | trade:0.39 call:0.55 put:0.45 | ATM:0.60 OTM:0.40 [seq] | lr: 3.50e-04 | left: 152s
step 04350 ( 37.0%) | loss: 0.389161 | trade:0.00 call:0.10 put:0.90 | ATM:0.71 OTM:0.29 [seq] | lr: 3.50e-04 | left: 151s
step 04400 ( 37.4%) | loss: 0.379445 | trade:0.35 call:0.76 put:0.24 | ATM:0.52 OTM:0.48 [rnd] | lr: 3.50e-04 | left: 150s
step 04450 ( 37.8%) | loss: 0.278712 | trade:0.49 call:0.31 put:0.69 | ATM:0.51 OTM:0.49 [seq] | lr: 3.50e-04 | left: 149s
step 04500 ( 38.3%) | loss: 0.594995 | trade:0.00 call:0.88 put:0.12 | ATM:0.75 OTM:0.25 [seq] | lr: 3.50e-04 | left: 148s
step 04550 ( 38.6%) | loss: 0.499533 | trade:0.00 call:0.83 put:0.17 | ATM:0.68 OTM:0.32 [seq] | lr: 3.50e-04 | left: 147s
step 04600 ( 39.0%) | loss: 0.362134 | trade:0.85 call:0.88 put:0.13 | ATM:0.81 OTM:0.19 [seq] | lr: 3.50e-04 | left: 146s
step 04650 ( 39.4%) | loss: 0.148530 | trade:0.00 call:0.11 put:0.89 | ATM:0.81 OTM:0.19 [seq] | lr: 3.50e-04 | left: 145s
step 04700 ( 39.8%) | loss: 0.194319 | trade:0.00 call:0.04 put:0.96 | ATM:0.55 OTM:0.45 [seq] | lr: 3.50e-04 | left: 144s
step 04750 ( 40.3%) | loss: 0.423402 | trade:0.37 call:0.76 put:0.24 | ATM:0.51 OTM:0.49 [rnd] | lr: 3.50e-04 | left: 143s
step 04800 ( 40.7%) | loss: 0.248317 | trade:0.00 call:0.44 put:0.56 | ATM:0.53 OTM:0.47 [seq] | lr: 3.50e-04 | left: 142s
step 04850 ( 41.1%) | loss: 0.502716 | trade:0.00 call:0.84 put:0.16 | ATM:0.38 OTM:0.62 [seq] | lr: 3.50e-04 | left: 141s
step 04900 ( 41.5%) | loss: 0.374640 | trade:0.00 call:0.94 put:0.06 | ATM:0.72 OTM:0.28 [seq] | lr: 3.50e-04 | left: 140s
step 04950 ( 42.0%) | loss: 0.325611 | trade:0.00 call:0.64 put:0.36 | ATM:0.54 OTM:0.46 [seq] | lr: 3.50e-04 | left: 139s
step 05000 ( 42.4%) | loss: 0.413834 | trade:0.18 call:0.97 put:0.03 | ATM:0.91 OTM:0.09 [seq] | lr: 3.50e-04 | left: 138s
step 05050 ( 42.8%) | loss: 0.401449 | trade:0.00 call:0.80 put:0.20 | ATM:0.56 OTM:0.44 [seq] | lr: 3.50e-04 | left: 137s
step 05100 ( 43.2%) | loss: 0.459386 | trade:0.94 call:0.01 put:0.99 | ATM:0.30 OTM:0.70 [seq] | lr: 3.50e-04 | left: 136s
step 05150 ( 43.6%) | loss: 0.464887 | trade:0.86 call:0.94 put:0.06 | ATM:0.39 OTM:0.61 [seq] | lr: 3.50e-04 | left: 135s
step 05200 ( 44.1%) | loss: 0.313697 | trade:0.96 call:1.00 put:0.00 | ATM:0.22 OTM:0.78 [seq] | lr: 3.50e-04 | left: 134s
step 05250 ( 44.5%) | loss: 0.429707 | trade:0.36 call:0.75 put:0.26 | ATM:0.53 OTM:0.47 [rnd] | lr: 3.50e-04 | left: 133s
step 05300 ( 44.9%) | loss: 0.511133 | trade:0.95 call:1.00 put:0.00 | ATM:0.24 OTM:0.76 [seq] | lr: 3.50e-04 | left: 132s
step 05350 ( 45.3%) | loss: 0.258500 | trade:0.37 call:0.74 put:0.25 | ATM:0.52 OTM:0.48 [rnd] | lr: 3.50e-04 | left: 131s
step 05400 ( 45.7%) | loss: 0.289161 | trade:0.95 call:0.02 put:0.98 | ATM:0.67 OTM:0.33 [seq] | lr: 3.50e-04 | left: 130s
step 05450 ( 46.1%) | loss: 0.439714 | trade:0.36 call:0.74 put:0.26 | ATM:0.52 OTM:0.48 [rnd] | lr: 3.50e-04 | left: 129s
step 05500 ( 46.6%) | loss: 0.589007 | trade:0.31 call:0.91 put:0.09 | ATM:0.47 OTM:0.53 [seq] | lr: 3.50e-04 | left: 128s
step 05550 ( 47.0%) | loss: 0.292689 | trade:0.95 call:0.01 put:1.00 | ATM:0.78 OTM:0.22 [seq] | lr: 3.50e-04 | left: 127s
step 05600 ( 47.5%) | loss: 0.373227 | trade:0.86 call:0.01 put:0.98 | ATM:0.62 OTM:0.38 [seq] | lr: 3.50e-04 | left: 126s
step 05650 ( 47.9%) | loss: 0.876461 | trade:0.94 call:0.99 put:0.01 | ATM:0.26 OTM:0.74 [seq] | lr: 3.50e-04 | left: 125s
step 05700 ( 48.4%) | loss: 1.616666 | trade:0.93 call:0.90 put:0.10 | ATM:0.37 OTM:0.63 [seq] | lr: 3.50e-04 | left: 124s
step 05750 ( 48.8%) | loss: 0.687372 | trade:0.48 call:0.88 put:0.12 | ATM:0.42 OTM:0.58 [seq] | lr: 3.50e-04 | left: 123s
step 05800 ( 49.3%) | loss: 0.611949 | trade:0.78 call:0.91 put:0.09 | ATM:0.88 OTM:0.12 [seq] | lr: 3.50e-04 | left: 122s
step 05850 ( 49.8%) | loss: 0.394883 | trade:0.00 call:0.55 put:0.45 | ATM:0.44 OTM:0.56 [seq] | lr: 3.50e-04 | left: 121s
step 05900 ( 50.2%) | loss: 0.569848 | trade:0.00 call:0.75 put:0.25 | ATM:0.52 OTM:0.48 [seq] | lr: 3.50e-04 | left: 119s
step 05950 ( 50.7%) | loss: 0.684868 | trade:0.34 call:0.74 put:0.26 | ATM:0.53 OTM:0.47 [rnd] | lr: 3.50e-04 | left: 118s
step 06000 ( 51.1%) | loss: 0.346778 | trade:0.00 call:0.72 put:0.28 | ATM:0.41 OTM:0.59 [seq] | lr: 3.50e-04 | left: 117s
step 06050 ( 51.5%) | loss: 0.178203 | trade:0.37 call:0.70 put:0.30 | ATM:0.54 OTM:0.46 [rnd] | lr: 3.50e-04 | left: 116s
step 06100 ( 51.9%) | loss: 0.404148 | trade:0.90 call:0.98 put:0.02 | ATM:0.32 OTM:0.68 [seq] | lr: 3.50e-04 | left: 115s
step 06150 ( 52.3%) | loss: 0.459989 | trade:0.37 call:0.73 put:0.28 | ATM:0.52 OTM:0.48 [rnd] | lr: 3.50e-04 | left: 114s
step 06200 ( 52.7%) | loss: 0.245730 | trade:0.00 call:0.84 put:0.17 | ATM:0.32 OTM:0.68 [seq] | lr: 3.50e-04 | left: 113s
step 06250 ( 53.2%) | loss: 0.351653 | trade:0.00 call:0.82 put:0.18 | ATM:0.38 OTM:0.62 [seq] | lr: 3.50e-04 | left: 112s
step 06300 ( 53.6%) | loss: 0.396793 | trade:0.87 call:0.97 put:0.03 | ATM:0.32 OTM:0.68 [seq] | lr: 3.50e-04 | left: 111s
step 06350 ( 54.0%) | loss: 0.349066 | trade:0.00 call:0.21 put:0.79 | ATM:0.82 OTM:0.18 [seq] | lr: 3.50e-04 | left: 110s
step 06400 ( 54.4%) | loss: 0.295635 | trade:0.38 call:0.77 put:0.23 | ATM:0.49 OTM:0.51 [rnd] | lr: 3.50e-04 | left: 109s
step 06450 ( 54.8%) | loss: 0.337724 | trade:0.00 call:0.43 put:0.57 | ATM:0.34 OTM:0.66 [seq] | lr: 3.50e-04 | left: 108s
step 06500 ( 55.3%) | loss: 0.490505 | trade:0.00 call:0.82 put:0.18 | ATM:0.42 OTM:0.58 [seq] | lr: 3.50e-04 | left: 107s
step 06550 ( 55.7%) | loss: 0.374801 | trade:0.38 call:0.75 put:0.25 | ATM:0.53 OTM:0.47 [rnd] | lr: 3.50e-04 | left: 106s
step 06600 ( 56.1%) | loss: 0.409643 | trade:0.35 call:0.70 put:0.31 | ATM:0.53 OTM:0.47 [rnd] | lr: 3.50e-04 | left: 105s
step 06650 ( 56.5%) | loss: 0.096277 | trade:0.88 call:0.95 put:0.06 | ATM:0.39 OTM:0.61 [seq] | lr: 3.50e-04 | left: 104s
step 06700 ( 56.9%) | loss: 0.608074 | trade:0.83 call:0.74 put:0.26 | ATM:0.53 OTM:0.47 [seq] | lr: 3.50e-04 | left: 103s
step 06750 ( 57.4%) | loss: 0.383042 | trade:0.36 call:0.71 put:0.29 | ATM:0.54 OTM:0.46 [rnd] | lr: 3.50e-04 | left: 102s
step 06800 ( 57.8%) | loss: 0.375493 | trade:0.49 call:0.93 put:0.07 | ATM:0.66 OTM:0.34 [seq] | lr: 3.50e-04 | left: 101s
step 06850 ( 58.3%) | loss: 1.605926 | trade:0.00 call:0.72 put:0.28 | ATM:0.49 OTM:0.51 [seq] | lr: 3.50e-04 | left: 100s
step 06900 ( 58.7%) | loss: 0.385037 | trade:0.37 call:0.73 put:0.27 | ATM:0.52 OTM:0.48 [rnd] | lr: 3.50e-04 | left: 99s
step 06950 ( 59.1%) | loss: 0.461233 | trade:0.00 call:0.98 put:0.02 | ATM:0.92 OTM:0.08 [seq] | lr: 3.50e-04 | left: 98s
step 07000 ( 59.5%) | loss: 0.256490 | trade:0.00 call:0.85 put:0.15 | ATM:0.60 OTM:0.40 [seq] | lr: 3.50e-04 | left: 97s
step 07050 ( 59.9%) | loss: 0.300931 | trade:0.36 call:0.71 put:0.29 | ATM:0.53 OTM:0.47 [rnd] | lr: 3.50e-04 | left: 96s
step 07100 ( 60.3%) | loss: 0.351077 | trade:0.00 call:0.44 put:0.55 | ATM:0.48 OTM:0.52 [seq] | lr: 3.50e-04 | left: 95s
step 07150 ( 60.7%) | loss: 0.514148 | trade:0.73 call:0.95 put:0.05 | ATM:0.94 OTM:0.06 [seq] | lr: 3.50e-04 | left: 94s
step 07200 ( 61.1%) | loss: 0.327710 | trade:0.00 call:0.82 put:0.18 | ATM:0.45 OTM:0.55 [seq] | lr: 3.50e-04 | left: 93s
step 07250 ( 61.5%) | loss: 0.077008 | trade:0.82 call:0.96 put:0.03 | ATM:0.95 OTM:0.05 [seq] | lr: 3.50e-04 | left: 92s
step 07300 ( 62.0%) | loss: 0.709220 | trade:0.46 call:0.91 put:0.09 | ATM:0.73 OTM:0.27 [seq] | lr: 3.50e-04 | left: 91s
step 07350 ( 62.4%) | loss: 0.267317 | trade:0.79 call:0.95 put:0.05 | ATM:0.92 OTM:0.08 [seq] | lr: 3.50e-04 | left: 90s
step 07400 ( 62.8%) | loss: 0.362294 | trade:0.00 call:0.82 put:0.19 | ATM:0.67 OTM:0.33 [seq] | lr: 3.50e-04 | left: 89s
step 07450 ( 63.2%) | loss: 0.298356 | trade:0.00 call:0.83 put:0.17 | ATM:0.49 OTM:0.51 [seq] | lr: 3.50e-04 | left: 88s
step 07500 ( 63.6%) | loss: 0.371924 | trade:0.00 call:0.36 put:0.64 | ATM:0.47 OTM:0.53 [seq] | lr: 3.50e-04 | left: 87s
step 07550 ( 64.1%) | loss: 0.544781 | trade:0.00 call:0.87 put:0.13 | ATM:0.33 OTM:0.67 [seq] | lr: 3.50e-04 | left: 86s
step 07600 ( 64.5%) | loss: 0.218738 | trade:0.00 call:0.33 put:0.67 | ATM:0.38 OTM:0.62 [seq] | lr: 3.50e-04 | left: 85s
step 07650 ( 64.9%) | loss: 0.289273 | trade:0.55 call:0.81 put:0.19 | ATM:0.51 OTM:0.49 [seq] | lr: 3.50e-04 | left: 84s
step 07700 ( 65.3%) | loss: 0.364601 | trade:0.00 call:0.80 put:0.20 | ATM:0.38 OTM:0.62 [seq] | lr: 3.50e-04 | left: 83s
step 07750 ( 65.7%) | loss: 0.479889 | trade:0.59 call:0.81 put:0.19 | ATM:0.35 OTM:0.65 [seq] | lr: 3.50e-04 | left: 82s
step 07800 ( 66.2%) | loss: 0.656716 | trade:0.32 call:0.70 put:0.30 | ATM:0.55 OTM:0.45 [rnd] | lr: 3.50e-04 | left: 81s
step 07850 ( 66.7%) | loss: 0.374053 | trade:0.00 call:0.81 put:0.19 | ATM:0.49 OTM:0.51 [seq] | lr: 3.50e-04 | left: 80s
step 07900 ( 67.2%) | loss: 0.614099 | trade:0.00 call:0.70 put:0.30 | ATM:0.55 OTM:0.45 [seq] | lr: 3.50e-04 | left: 79s
step 07950 ( 67.6%) | loss: 0.527145 | trade:0.45 call:0.81 put:0.19 | ATM:0.56 OTM:0.44 [seq] | lr: 3.50e-04 | left: 78s
step 08000 ( 68.1%) | loss: 0.313368 | trade:0.48 call:0.86 put:0.14 | ATM:0.49 OTM:0.51 [seq] | lr: 3.50e-04 | left: 77s
step 08050 ( 68.5%) | loss: 0.409173 | trade:0.00 call:0.69 put:0.31 | ATM:0.59 OTM:0.41 [seq] | lr: 3.50e-04 | left: 76s
step 08100 ( 68.9%) | loss: 0.141732 | trade:0.12 call:0.93 put:0.08 | ATM:0.90 OTM:0.10 [seq] | lr: 3.50e-04 | left: 75s
step 08150 ( 69.3%) | loss: 0.376196 | trade:0.00 call:0.78 put:0.22 | ATM:0.40 OTM:0.60 [seq] | lr: 3.50e-04 | left: 74s
step 08200 ( 69.7%) | loss: 0.414890 | trade:0.00 call:0.19 put:0.81 | ATM:0.51 OTM:0.49 [seq] | lr: 3.50e-04 | left: 73s
step 08250 ( 70.1%) | loss: 0.418523 | trade:0.00 call:0.89 put:0.11 | ATM:0.55 OTM:0.45 [seq] | lr: 3.50e-04 | left: 72s
step 08300 ( 70.5%) | loss: 0.455508 | trade:0.00 call:0.66 put:0.35 | ATM:0.46 OTM:0.54 [seq] | lr: 3.50e-04 | left: 71s
step 08350 ( 71.0%) | loss: 0.274971 | trade:0.00 call:0.84 put:0.17 | ATM:0.70 OTM:0.30 [seq] | lr: 3.49e-04 | left: 70s
step 08400 ( 71.4%) | loss: 0.438117 | trade:0.36 call:0.76 put:0.24 | ATM:0.53 OTM:0.47 [rnd] | lr: 3.48e-04 | left: 69s
step 08450 ( 71.8%) | loss: 0.274345 | trade:0.00 call:0.81 put:0.19 | ATM:0.49 OTM:0.51 [seq] | lr: 3.47e-04 | left: 68s
step 08500 ( 72.2%) | loss: 0.527827 | trade:0.00 call:0.64 put:0.36 | ATM:0.59 OTM:0.41 [seq] | lr: 3.45e-04 | left: 67s
step 08550 ( 72.7%) | loss: 0.754746 | trade:0.00 call:0.71 put:0.29 | ATM:0.37 OTM:0.63 [seq] | lr: 3.43e-04 | left: 66s
step 08600 ( 73.2%) | loss: 0.229547 | trade:0.00 call:0.67 put:0.33 | ATM:0.39 OTM:0.61 [seq] | lr: 3.41e-04 | left: 64s
step 08650 ( 73.5%) | loss: 0.189744 | trade:0.00 call:0.84 put:0.16 | ATM:0.81 OTM:0.19 [seq] | lr: 3.38e-04 | left: 63s
step 08700 ( 74.0%) | loss: 0.545123 | trade:0.89 call:0.90 put:0.10 | ATM:0.82 OTM:0.18 [seq] | lr: 3.35e-04 | left: 62s
step 08750 ( 74.4%) | loss: 0.212798 | trade:0.88 call:0.91 put:0.09 | ATM:0.31 OTM:0.69 [seq] | lr: 3.32e-04 | left: 61s
step 08800 ( 74.8%) | loss: 0.306651 | trade:0.36 call:0.72 put:0.28 | ATM:0.52 OTM:0.48 [rnd] | lr: 3.28e-04 | left: 60s
step 08850 ( 75.2%) | loss: 0.382256 | trade:0.81 call:0.94 put:0.06 | ATM:0.92 OTM:0.08 [seq] | lr: 3.25e-04 | left: 59s
step 08900 ( 75.6%) | loss: 0.370638 | trade:0.00 call:0.67 put:0.33 | ATM:0.48 OTM:0.52 [seq] | lr: 3.20e-04 | left: 58s
step 08950 ( 76.1%) | loss: 0.530056 | trade:0.96 call:0.02 put:0.98 | ATM:0.66 OTM:0.34 [seq] | lr: 3.16e-04 | left: 57s
step 09000 ( 76.5%) | loss: 0.525116 | trade:0.38 call:0.71 put:0.29 | ATM:0.50 OTM:0.50 [rnd] | lr: 3.11e-04 | left: 56s
step 09050 ( 76.9%) | loss: 0.340233 | trade:0.00 call:0.49 put:0.51 | ATM:0.42 OTM:0.58 [seq] | lr: 3.06e-04 | left: 55s
step 09100 ( 77.3%) | loss: 0.487507 | trade:0.40 call:0.73 put:0.27 | ATM:0.53 OTM:0.47 [rnd] | lr: 3.01e-04 | left: 54s
step 09150 ( 77.8%) | loss: 0.401473 | trade:0.31 call:0.72 put:0.28 | ATM:0.51 OTM:0.49 [rnd] | lr: 2.95e-04 | left: 53s
step 09200 ( 78.2%) | loss: 0.374316 | trade:0.34 call:0.72 put:0.28 | ATM:0.52 OTM:0.48 [rnd] | lr: 2.90e-04 | left: 52s
step 09250 ( 78.6%) | loss: 0.226728 | trade:0.00 call:0.61 put:0.39 | ATM:0.57 OTM:0.43 [seq] | lr: 2.84e-04 | left: 51s
step 09300 ( 79.0%) | loss: 0.223268 | trade:0.00 call:0.62 put:0.38 | ATM:0.35 OTM:0.65 [seq] | lr: 2.78e-04 | left: 50s
step 09350 ( 79.4%) | loss: 0.238066 | trade:0.00 call:0.70 put:0.30 | ATM:0.49 OTM:0.51 [seq] | lr: 2.72e-04 | left: 49s
step 09400 ( 79.8%) | loss: 0.436560 | trade:0.92 call:0.99 put:0.01 | ATM:0.47 OTM:0.53 [seq] | lr: 2.65e-04 | left: 48s
step 09450 ( 80.2%) | loss: 0.573049 | trade:0.34 call:0.73 put:0.27 | ATM:0.51 OTM:0.49 [rnd] | lr: 2.59e-04 | left: 47s
step 09500 ( 80.7%) | loss: 0.530326 | trade:0.90 call:1.00 put:0.00 | ATM:0.22 OTM:0.78 [seq] | lr: 2.52e-04 | left: 46s
step 09550 ( 81.1%) | loss: 0.421625 | trade:0.95 call:1.00 put:0.00 | ATM:0.21 OTM:0.79 [seq] | lr: 2.45e-04 | left: 45s
step 09600 ( 81.5%) | loss: 0.509596 | trade:0.00 call:0.90 put:0.10 | ATM:0.75 OTM:0.25 [seq] | lr: 2.37e-04 | left: 44s
step 09650 ( 81.9%) | loss: 0.384496 | trade:0.00 call:0.31 put:0.69 | ATM:0.67 OTM:0.33 [seq] | lr: 2.30e-04 | left: 43s
step 09700 ( 82.3%) | loss: 0.402431 | trade:0.85 call:0.95 put:0.05 | ATM:0.92 OTM:0.08 [seq] | lr: 2.23e-04 | left: 42s
step 09750 ( 82.8%) | loss: 0.467495 | trade:0.37 call:0.71 put:0.29 | ATM:0.53 OTM:0.47 [rnd] | lr: 2.16e-04 | left: 41s
step 09800 ( 83.2%) | loss: 0.361943 | trade:0.00 call:0.10 put:0.90 | ATM:0.48 OTM:0.52 [seq] | lr: 2.08e-04 | left: 40s
step 09850 ( 83.6%) | loss: 0.242411 | trade:0.00 call:0.78 put:0.22 | ATM:0.47 OTM:0.53 [seq] | lr: 2.01e-04 | left: 39s
step 09900 ( 84.0%) | loss: 0.305462 | trade:0.35 call:0.72 put:0.28 | ATM:0.50 OTM:0.50 [rnd] | lr: 1.94e-04 | left: 38s
step 09950 ( 84.4%) | loss: 0.467744 | trade:0.00 call:0.76 put:0.24 | ATM:0.42 OTM:0.58 [seq] | lr: 1.86e-04 | left: 37s
step 10000 ( 84.8%) | loss: 0.332869 | trade:0.00 call:0.84 put:0.16 | ATM:0.69 OTM:0.31 [seq] | lr: 1.78e-04 | left: 36s
step 10050 ( 85.2%) | loss: 0.188069 | trade:0.85 call:0.91 put:0.09 | ATM:0.90 OTM:0.10 [seq] | lr: 1.71e-04 | left: 35s
step 10100 ( 85.6%) | loss: 0.399249 | trade:0.00 call:0.70 put:0.30 | ATM:0.35 OTM:0.65 [seq] | lr: 1.64e-04 | left: 34s
step 10150 ( 86.0%) | loss: 0.301894 | trade:0.00 call:0.69 put:0.31 | ATM:0.45 OTM:0.55 [seq] | lr: 1.56e-04 | left: 33s
step 10200 ( 86.5%) | loss: 0.544422 | trade:0.36 call:0.74 put:0.26 | ATM:0.51 OTM:0.49 [rnd] | lr: 1.48e-04 | left: 32s
step 10250 ( 86.9%) | loss: 0.482239 | trade:0.42 call:0.66 put:0.34 | ATM:0.48 OTM:0.52 [seq] | lr: 1.40e-04 | left: 31s
step 10300 ( 87.4%) | loss: 0.401754 | trade:0.37 call:0.71 put:0.29 | ATM:0.51 OTM:0.49 [rnd] | lr: 1.32e-04 | left: 30s
step 10350 ( 87.8%) | loss: 0.372698 | trade:0.95 call:0.01 put:0.99 | ATM:0.65 OTM:0.35 [seq] | lr: 1.25e-04 | left: 29s
step 10400 ( 88.2%) | loss: 0.455746 | trade:0.37 call:0.71 put:0.29 | ATM:0.52 OTM:0.48 [rnd] | lr: 1.18e-04 | left: 28s
step 10450 ( 88.6%) | loss: 0.253950 | trade:0.00 call:0.59 put:0.40 | ATM:0.46 OTM:0.54 [seq] | lr: 1.11e-04 | left: 27s
step 10500 ( 89.0%) | loss: 0.419786 | trade:0.95 call:0.99 put:0.01 | ATM:0.28 OTM:0.72 [seq] | lr: 1.04e-04 | left: 26s
step 10550 ( 89.4%) | loss: 0.392664 | trade:0.00 call:0.97 put:0.03 | ATM:0.60 OTM:0.40 [seq] | lr: 9.67e-05 | left: 25s
step 10600 ( 89.8%) | loss: 0.253844 | trade:0.88 call:1.00 put:0.00 | ATM:0.27 OTM:0.73 [seq] | lr: 9.01e-05 | left: 24s
step 10650 ( 90.3%) | loss: 0.328707 | trade:0.90 call:0.89 put:0.11 | ATM:0.73 OTM:0.27 [seq] | lr: 8.35e-05 | left: 23s
step 10700 ( 90.7%) | loss: 0.225538 | trade:0.88 call:0.03 put:0.97 | ATM:0.97 OTM:0.03 [seq] | lr: 7.69e-05 | left: 22s
step 10750 ( 91.1%) | loss: 0.431750 | trade:0.35 call:0.73 put:0.27 | ATM:0.52 OTM:0.48 [rnd] | lr: 7.08e-05 | left: 21s
step 10800 ( 91.5%) | loss: 1.343927 | trade:0.47 call:0.86 put:0.14 | ATM:0.35 OTM:0.65 [seq] | lr: 6.45e-05 | left: 20s
step 10850 ( 92.0%) | loss: 0.488438 | trade:0.35 call:0.71 put:0.29 | ATM:0.50 OTM:0.50 [rnd] | lr: 5.83e-05 | left: 19s
step 10900 ( 92.4%) | loss: 0.465122 | trade:0.45 call:0.12 put:0.88 | ATM:0.82 OTM:0.18 [seq] | lr: 5.25e-05 | left: 18s
step 10950 ( 92.9%) | loss: 0.268451 | trade:0.97 call:0.02 put:0.98 | ATM:0.32 OTM:0.68 [seq] | lr: 4.66e-05 | left: 17s
step 11000 ( 93.3%) | loss: 0.812495 | trade:0.36 call:0.72 put:0.28 | ATM:0.50 OTM:0.50 [rnd] | lr: 4.11e-05 | left: 16s
step 11050 ( 93.8%) | loss: 0.508049 | trade:0.00 call:0.61 put:0.39 | ATM:0.55 OTM:0.45 [seq] | lr: 3.59e-05 | left: 15s
step 11100 ( 94.2%) | loss: 0.343474 | trade:0.00 call:0.79 put:0.21 | ATM:0.38 OTM:0.62 [seq] | lr: 3.14e-05 | left: 14s
step 11150 ( 94.6%) | loss: 0.283586 | trade:0.00 call:0.55 put:0.45 | ATM:0.44 OTM:0.56 [seq] | lr: 2.72e-05 | left: 13s
step 11200 ( 95.0%) | loss: 0.450656 | trade:0.91 call:1.00 put:0.00 | ATM:0.29 OTM:0.71 [seq] | lr: 2.31e-05 | left: 12s
step 11250 ( 95.4%) | loss: 0.408244 | trade:0.36 call:0.69 put:0.31 | ATM:0.50 OTM:0.50 [rnd] | lr: 1.95e-05 | left: 11s
step 11300 ( 95.9%) | loss: 0.292553 | trade:0.90 call:1.00 put:0.01 | ATM:0.42 OTM:0.58 [seq] | lr: 1.61e-05 | left: 10s
step 11350 ( 96.3%) | loss: 0.519202 | trade:0.35 call:0.71 put:0.29 | ATM:0.50 OTM:0.50 [rnd] | lr: 1.29e-05 | left: 9s
step 11400 ( 96.7%) | loss: 0.412803 | trade:0.88 call:0.95 put:0.05 | ATM:0.93 OTM:0.07 [seq] | lr: 1.01e-05 | left: 8s
step 11450 ( 97.2%) | loss: 0.436876 | trade:0.88 call:0.98 put:0.02 | ATM:0.45 OTM:0.55 [seq] | lr: 7.71e-06 | left: 7s
step 11500 ( 97.6%) | loss: 0.349144 | trade:0.30 call:0.82 put:0.19 | ATM:0.49 OTM:0.51 [seq] | lr: 5.53e-06 | left: 6s
step 11550 ( 98.0%) | loss: 0.270874 | trade:0.00 call:0.33 put:0.67 | ATM:0.41 OTM:0.59 [seq] | lr: 3.65e-06 | left: 5s
step 11600 ( 98.5%) | loss: 0.341005 | trade:0.00 call:0.86 put:0.14 | ATM:0.74 OTM:0.26 [seq] | lr: 2.28e-06 | left: 4s
step 11650 ( 98.8%) | loss: 0.443019 | trade:0.88 call:0.98 put:0.03 | ATM:0.97 OTM:0.03 [seq] | lr: 1.31e-06 | left: 3s
step 11700 ( 99.2%) | loss: 0.278855 | trade:0.00 call:0.67 put:0.33 | ATM:0.43 OTM:0.57 [seq] | lr: 5.61e-07 | left: 2s
step 11750 ( 99.7%) | loss: 0.365262 | trade:0.00 call:0.86 put:0.15 | ATM:0.66 OTM:0.34 [seq] | lr: 1.17e-07 | left: 1s

Training done at 245s. Starting evaluation...
Evaluation done in 1s (total wall: 246s)
Model saved to /root/best_model.pt

---
score:              -10.000000
profit_factor:      0.000000
win_rate:           0.000000
avg_winner:         0.000000
avg_loser:          0.000000
trades_per_day:     0.000000
max_consec_loss:    0
num_trades:         4
trade_sharpe:       0.000000
sortino:            0.000000
max_drawdown:       0.000000
calmar:             0.000000
ev_per_trade:       0.000000
do_nothing_pct:     1.000000
exit_pct:           0.000000
model_exit_count:   0
cooldown_blocked:   0
pre_10am_blocked:   0
short_hold_pct:     0.000000
stop_loss_rate:     0.000000
direction_collapse_pct: 0.000000
avg_entry_cost_bps: 300.000000
avg_entry_quality:  0.000000
cost_realism_coverage: 0.000000
high_cost_entry_rate: 1.000000
low_quality_entry_rate: 1.000000
actionable_bar_rate: 0.000000
risk_off_bar_rate:  0.000000
final_capital:      10000.00
equity_sharpe:      0.000000
max_equity_dd:      0.000000
total_dollar_return:0.000000
val_sharpe:         -62.918833
total_return:       0.000000
num_val_bars:       260
num_val_days:       5
worst_chunk_pf:     1.00
rr_ratio:           0.0000
avg_hold_bars:      0.00
model_exit_rate:    0.0000
hit_ruin:           False
min_equity_frac:    1.0000
avg_risk_fraction:  0.0000
max_risk_fraction:  0.0000
trades_blocked_by_balance: 0
training_seconds:   240.0
total_seconds:      248.3
peak_vram_mb:       769.2
num_steps:          11794
num_params:         145,064
lookback:           120
depth:              3
d_model:            64
effective_lr:       0.00035
gate_label_smoothing:0.050000
dir_label_smoothing:0.050000
false_entry_penalty:1.500000
/opt/conda/lib/python3.11/site-packages/torch/nn/modules/transformer.py:379: UserWarning: enable_nested_tensor is True, but self.use_nested_tensor is False because encoder_layer.norm_first was True
  warnings.warn(
