Loading data from: /root/.cache/autoresearch-trading/features/data.pt
Loaded 382920 1-min bars, 32 features, 8 actions
  ~981 trading days
Training:   up to idx 268019
Validation: idx 268020-382919
  Option P&L coverage: 296720/382920 (77%)
Parameters: 145,112
Architecture: v4 simplified two-head (gate+dir) + position-aware direction selection
Training from scratch (v4: no warm-start).

Budget: 240s | Batch: 128 | Lookback: 120
LR: 0.00015 | Depth: 3 | d_model: 64 | ff_mult: 3
Dropout: 0.15 | Weight decay: 0.05
False entry penalty: 2.0x
Label smoothing: gate=0.05 dir=0.05

step 00000 (  0.0%) | loss: 3.234308 | trade:0.21 call:0.52 put:0.48 | ATM:0.22 OTM:0.78 | lr: 0.00e+00 | left: 240s
step 00050 (  0.4%) | loss: 3.434793 | trade:0.21 call:0.51 put:0.49 | ATM:0.22 OTM:0.78 | lr: 5.39e-06 | left: 239s
step 00100 (  0.7%) | loss: 3.378748 | trade:0.24 call:0.52 put:0.48 | ATM:0.21 OTM:0.79 | lr: 1.02e-05 | left: 238s
step 00150 (  0.9%) | loss: 3.313595 | trade:0.27 call:0.53 put:0.47 | ATM:0.23 OTM:0.77 | lr: 1.35e-05 | left: 238s
step 00200 (  1.2%) | loss: 3.261101 | trade:0.34 call:0.51 put:0.49 | ATM:0.21 OTM:0.79 | lr: 1.84e-05 | left: 237s
step 00250 (  1.5%) | loss: 3.197615 | trade:0.38 call:0.50 put:0.50 | ATM:0.22 OTM:0.78 | lr: 2.18e-05 | left: 236s
step 00300 (  1.7%) | loss: 3.161769 | trade:0.42 call:0.49 put:0.51 | ATM:0.24 OTM:0.76 | lr: 2.60e-05 | left: 236s
step 00350 (  2.0%) | loss: 3.170214 | trade:0.44 call:0.51 put:0.49 | ATM:0.19 OTM:0.81 | lr: 2.93e-05 | left: 235s
step 00400 (  2.2%) | loss: 3.138146 | trade:0.43 call:0.51 put:0.49 | ATM:0.25 OTM:0.75 | lr: 3.25e-05 | left: 235s
step 00450 (  2.4%) | loss: 3.098450 | trade:0.42 call:0.51 put:0.49 | ATM:0.22 OTM:0.78 | lr: 3.58e-05 | left: 234s
step 00500 (  2.6%) | loss: 3.119284 | trade:0.43 call:0.53 put:0.47 | ATM:0.21 OTM:0.79 | lr: 3.95e-05 | left: 234s
step 00550 (  2.9%) | loss: 3.119507 | trade:0.44 call:0.52 put:0.48 | ATM:0.23 OTM:0.77 | lr: 4.31e-05 | left: 233s
step 00600 (  3.1%) | loss: 3.094894 | trade:0.43 call:0.50 put:0.50 | ATM:0.24 OTM:0.76 | lr: 4.63e-05 | left: 233s
step 00650 (  3.3%) | loss: 3.090942 | trade:0.44 call:0.51 put:0.49 | ATM:0.24 OTM:0.76 | lr: 5.02e-05 | left: 232s
step 00700 (  3.6%) | loss: 3.059082 | trade:0.42 call:0.53 put:0.47 | ATM:0.23 OTM:0.77 | lr: 5.36e-05 | left: 231s
step 00750 (  3.8%) | loss: 3.042530 | trade:0.41 call:0.51 put:0.49 | ATM:0.25 OTM:0.75 | lr: 5.73e-05 | left: 231s
step 00800 (  4.1%) | loss: 3.037511 | trade:0.43 call:0.51 put:0.49 | ATM:0.25 OTM:0.75 | lr: 6.09e-05 | left: 230s
step 00850 (  4.3%) | loss: 3.018476 | trade:0.43 call:0.49 put:0.51 | ATM:0.23 OTM:0.77 | lr: 6.44e-05 | left: 230s
step 00900 (  4.5%) | loss: 3.016389 | trade:0.45 call:0.50 put:0.50 | ATM:0.24 OTM:0.76 | lr: 6.76e-05 | left: 229s
step 00950 (  4.7%) | loss: 2.960925 | trade:0.40 call:0.52 put:0.48 | ATM:0.25 OTM:0.75 | lr: 7.08e-05 | left: 229s
step 01000 (  4.9%) | loss: 2.962455 | trade:0.42 call:0.49 put:0.51 | ATM:0.25 OTM:0.75 | lr: 7.40e-05 | left: 228s
step 01050 (  5.2%) | loss: 2.936379 | trade:0.42 call:0.50 put:0.50 | ATM:0.24 OTM:0.76 | lr: 7.73e-05 | left: 228s
step 01100 (  5.4%) | loss: 2.921156 | trade:0.43 call:0.52 put:0.48 | ATM:0.25 OTM:0.75 | lr: 8.05e-05 | left: 227s
step 01150 (  5.6%) | loss: 2.904553 | trade:0.39 call:0.55 put:0.45 | ATM:0.26 OTM:0.74 | lr: 8.38e-05 | left: 227s
step 01200 (  5.8%) | loss: 2.882485 | trade:0.43 call:0.49 put:0.51 | ATM:0.27 OTM:0.73 | lr: 8.72e-05 | left: 226s
step 01250 (  6.0%) | loss: 2.868849 | trade:0.39 call:0.55 put:0.45 | ATM:0.26 OTM:0.74 | lr: 9.04e-05 | left: 226s
step 01300 (  6.3%) | loss: 2.826210 | trade:0.36 call:0.51 put:0.49 | ATM:0.27 OTM:0.73 | lr: 9.38e-05 | left: 225s
step 01350 (  6.5%) | loss: 2.813989 | trade:0.39 call:0.52 put:0.48 | ATM:0.29 OTM:0.71 | lr: 9.69e-05 | left: 224s
step 01400 (  6.7%) | loss: 2.795830 | trade:0.42 call:0.52 put:0.48 | ATM:0.28 OTM:0.72 | lr: 1.00e-04 | left: 224s
step 01450 (  6.9%) | loss: 2.769285 | trade:0.36 call:0.51 put:0.49 | ATM:0.27 OTM:0.73 | lr: 1.03e-04 | left: 223s
step 01500 (  7.1%) | loss: 2.758951 | trade:0.40 call:0.52 put:0.48 | ATM:0.28 OTM:0.72 | lr: 1.06e-04 | left: 223s
step 01550 (  7.3%) | loss: 2.734624 | trade:0.39 call:0.53 put:0.47 | ATM:0.29 OTM:0.71 | lr: 1.09e-04 | left: 222s
step 01600 (  7.5%) | loss: 2.725102 | trade:0.41 call:0.53 put:0.47 | ATM:0.29 OTM:0.71 | lr: 1.12e-04 | left: 222s
step 01650 (  7.7%) | loss: 2.714683 | trade:0.39 call:0.52 put:0.48 | ATM:0.30 OTM:0.70 | lr: 1.15e-04 | left: 222s
step 01700 (  7.9%) | loss: 2.701009 | trade:0.35 call:0.52 put:0.48 | ATM:0.28 OTM:0.72 | lr: 1.19e-04 | left: 221s
step 01750 (  8.1%) | loss: 2.677481 | trade:0.39 call:0.51 put:0.49 | ATM:0.31 OTM:0.69 | lr: 1.22e-04 | left: 221s
step 01800 (  8.3%) | loss: 2.667726 | trade:0.34 call:0.51 put:0.49 | ATM:0.30 OTM:0.70 | lr: 1.25e-04 | left: 220s
step 01850 (  8.5%) | loss: 2.641106 | trade:0.40 call:0.53 put:0.47 | ATM:0.32 OTM:0.68 | lr: 1.28e-04 | left: 220s
step 01900 (  8.7%) | loss: 2.648845 | trade:0.37 call:0.53 put:0.47 | ATM:0.33 OTM:0.67 | lr: 1.31e-04 | left: 219s
step 01950 (  9.0%) | loss: 2.647074 | trade:0.31 call:0.52 put:0.48 | ATM:0.33 OTM:0.67 | lr: 1.34e-04 | left: 218s
step 02000 (  9.2%) | loss: 2.584649 | trade:0.33 call:0.53 put:0.47 | ATM:0.34 OTM:0.66 | lr: 1.37e-04 | left: 218s
step 02050 (  9.4%) | loss: 2.638443 | trade:0.37 call:0.55 put:0.45 | ATM:0.35 OTM:0.65 | lr: 1.41e-04 | left: 217s
step 02100 (  9.6%) | loss: 2.619261 | trade:0.35 call:0.53 put:0.47 | ATM:0.33 OTM:0.67 | lr: 1.44e-04 | left: 217s
step 02150 (  9.8%) | loss: 2.609773 | trade:0.34 call:0.53 put:0.47 | ATM:0.33 OTM:0.67 | lr: 1.48e-04 | left: 216s
step 02200 ( 10.0%) | loss: 2.597352 | trade:0.40 call:0.53 put:0.47 | ATM:0.35 OTM:0.65 | lr: 1.50e-04 | left: 216s
step 02250 ( 10.3%) | loss: 2.606483 | trade:0.38 call:0.55 put:0.45 | ATM:0.35 OTM:0.65 | lr: 1.50e-04 | left: 215s
step 02300 ( 10.5%) | loss: 2.588111 | trade:0.33 call:0.54 put:0.46 | ATM:0.38 OTM:0.62 | lr: 1.50e-04 | left: 215s
step 02350 ( 10.8%) | loss: 2.560979 | trade:0.34 call:0.53 put:0.47 | ATM:0.34 OTM:0.66 | lr: 1.50e-04 | left: 214s
step 02400 ( 11.1%) | loss: 2.555316 | trade:0.31 call:0.54 put:0.46 | ATM:0.38 OTM:0.62 | lr: 1.50e-04 | left: 213s
step 02450 ( 11.4%) | loss: 2.581450 | trade:0.39 call:0.55 put:0.45 | ATM:0.35 OTM:0.65 | lr: 1.50e-04 | left: 213s
step 02500 ( 11.7%) | loss: 2.556787 | trade:0.39 call:0.55 put:0.45 | ATM:0.36 OTM:0.64 | lr: 1.50e-04 | left: 212s
step 02550 ( 11.9%) | loss: 2.557640 | trade:0.34 call:0.55 put:0.45 | ATM:0.35 OTM:0.65 | lr: 1.50e-04 | left: 211s
step 02600 ( 12.1%) | loss: 2.558447 | trade:0.34 call:0.54 put:0.46 | ATM:0.35 OTM:0.65 | lr: 1.50e-04 | left: 211s
step 02650 ( 12.3%) | loss: 2.552509 | trade:0.36 call:0.54 put:0.46 | ATM:0.37 OTM:0.63 | lr: 1.50e-04 | left: 210s
step 02700 ( 12.7%) | loss: 2.554514 | trade:0.32 call:0.53 put:0.47 | ATM:0.38 OTM:0.62 | lr: 1.50e-04 | left: 209s
step 02750 ( 13.0%) | loss: 2.542882 | trade:0.33 call:0.55 put:0.45 | ATM:0.39 OTM:0.61 | lr: 1.50e-04 | left: 209s
step 02800 ( 13.3%) | loss: 2.541859 | trade:0.35 call:0.54 put:0.46 | ATM:0.36 OTM:0.64 | lr: 1.50e-04 | left: 208s
step 02850 ( 13.5%) | loss: 2.548209 | trade:0.28 call:0.54 put:0.46 | ATM:0.40 OTM:0.60 | lr: 1.50e-04 | left: 208s
step 02900 ( 13.7%) | loss: 2.539003 | trade:0.40 call:0.55 put:0.45 | ATM:0.38 OTM:0.62 | lr: 1.50e-04 | left: 207s
step 02950 ( 13.9%) | loss: 2.538979 | trade:0.37 call:0.55 put:0.45 | ATM:0.38 OTM:0.62 | lr: 1.50e-04 | left: 207s
step 03000 ( 14.1%) | loss: 2.533247 | trade:0.40 call:0.55 put:0.45 | ATM:0.38 OTM:0.62 | lr: 1.50e-04 | left: 206s
step 03050 ( 14.4%) | loss: 2.530846 | trade:0.35 call:0.55 put:0.45 | ATM:0.38 OTM:0.62 | lr: 1.50e-04 | left: 205s
step 03100 ( 14.7%) | loss: 2.522940 | trade:0.37 call:0.55 put:0.45 | ATM:0.40 OTM:0.60 | lr: 1.50e-04 | left: 205s
step 03150 ( 14.9%) | loss: 2.509503 | trade:0.35 call:0.54 put:0.46 | ATM:0.37 OTM:0.63 | lr: 1.50e-04 | left: 204s
step 03200 ( 15.1%) | loss: 2.524639 | trade:0.33 call:0.54 put:0.46 | ATM:0.39 OTM:0.61 | lr: 1.50e-04 | left: 204s
step 03250 ( 15.3%) | loss: 2.522643 | trade:0.30 call:0.55 put:0.45 | ATM:0.37 OTM:0.63 | lr: 1.50e-04 | left: 203s
step 03300 ( 15.6%) | loss: 2.538644 | trade:0.36 call:0.54 put:0.46 | ATM:0.38 OTM:0.62 | lr: 1.50e-04 | left: 203s
step 03350 ( 15.8%) | loss: 2.525076 | trade:0.31 call:0.56 put:0.44 | ATM:0.42 OTM:0.58 | lr: 1.50e-04 | left: 202s
step 03400 ( 16.0%) | loss: 2.516733 | trade:0.35 call:0.55 put:0.45 | ATM:0.38 OTM:0.62 | lr: 1.50e-04 | left: 202s
step 03450 ( 16.3%) | loss: 2.516891 | trade:0.35 call:0.56 put:0.44 | ATM:0.38 OTM:0.62 | lr: 1.50e-04 | left: 201s
step 03500 ( 16.8%) | loss: 2.512097 | trade:0.33 call:0.55 put:0.45 | ATM:0.38 OTM:0.62 | lr: 1.50e-04 | left: 200s
step 03550 ( 17.3%) | loss: 2.517795 | trade:0.32 call:0.55 put:0.45 | ATM:0.39 OTM:0.61 | lr: 1.50e-04 | left: 198s
step 03600 ( 17.8%) | loss: 2.514457 | trade:0.31 call:0.55 put:0.45 | ATM:0.40 OTM:0.60 | lr: 1.50e-04 | left: 197s
step 03650 ( 18.4%) | loss: 2.514775 | trade:0.30 call:0.56 put:0.44 | ATM:0.37 OTM:0.63 | lr: 1.50e-04 | left: 196s
step 03700 ( 18.9%) | loss: 2.509346 | trade:0.33 call:0.55 put:0.45 | ATM:0.38 OTM:0.62 | lr: 1.50e-04 | left: 195s
step 03750 ( 19.4%) | loss: 2.512976 | trade:0.27 call:0.55 put:0.45 | ATM:0.39 OTM:0.61 | lr: 1.50e-04 | left: 193s
step 03800 ( 19.9%) | loss: 2.510014 | trade:0.35 call:0.55 put:0.45 | ATM:0.39 OTM:0.61 | lr: 1.50e-04 | left: 192s
step 03850 ( 20.4%) | loss: 2.520732 | trade:0.34 call:0.55 put:0.45 | ATM:0.38 OTM:0.62 | lr: 1.50e-04 | left: 191s
step 03900 ( 20.6%) | loss: 2.503815 | trade:0.40 call:0.55 put:0.45 | ATM:0.40 OTM:0.60 | lr: 1.50e-04 | left: 191s
step 03950 ( 20.8%) | loss: 2.508818 | trade:0.27 call:0.54 put:0.46 | ATM:0.39 OTM:0.61 | lr: 1.50e-04 | left: 190s
step 04000 ( 21.0%) | loss: 2.506401 | trade:0.35 call:0.55 put:0.45 | ATM:0.39 OTM:0.61 | lr: 1.50e-04 | left: 190s
step 04050 ( 21.2%) | loss: 2.501485 | trade:0.34 call:0.55 put:0.45 | ATM:0.39 OTM:0.61 | lr: 1.50e-04 | left: 189s
step 04100 ( 21.5%) | loss: 2.512887 | trade:0.29 call:0.55 put:0.45 | ATM:0.38 OTM:0.62 | lr: 1.50e-04 | left: 189s
step 04150 ( 21.7%) | loss: 2.503616 | trade:0.33 call:0.55 put:0.45 | ATM:0.40 OTM:0.60 | lr: 1.50e-04 | left: 188s
step 04200 ( 21.9%) | loss: 2.520650 | trade:0.31 call:0.55 put:0.45 | ATM:0.39 OTM:0.61 | lr: 1.50e-04 | left: 187s
step 04250 ( 22.1%) | loss: 2.494865 | trade:0.31 call:0.55 put:0.45 | ATM:0.39 OTM:0.61 | lr: 1.50e-04 | left: 187s
step 04300 ( 22.3%) | loss: 2.503499 | trade:0.38 call:0.54 put:0.46 | ATM:0.38 OTM:0.62 | lr: 1.50e-04 | left: 186s
step 04350 ( 22.5%) | loss: 2.487978 | trade:0.30 call:0.55 put:0.45 | ATM:0.38 OTM:0.62 | lr: 1.50e-04 | left: 186s
step 04400 ( 22.7%) | loss: 2.491422 | trade:0.32 call:0.55 put:0.45 | ATM:0.39 OTM:0.61 | lr: 1.50e-04 | left: 186s
step 04450 ( 22.9%) | loss: 2.476978 | trade:0.35 call:0.55 put:0.45 | ATM:0.38 OTM:0.62 | lr: 1.50e-04 | left: 185s
step 04500 ( 23.1%) | loss: 2.495104 | trade:0.33 call:0.56 put:0.44 | ATM:0.39 OTM:0.61 | lr: 1.50e-04 | left: 185s
step 04550 ( 23.3%) | loss: 2.494784 | trade:0.33 call:0.55 put:0.45 | ATM:0.39 OTM:0.61 | lr: 1.50e-04 | left: 184s
step 04600 ( 23.6%) | loss: 2.489039 | trade:0.35 call:0.56 put:0.44 | ATM:0.37 OTM:0.63 | lr: 1.50e-04 | left: 183s
step 04650 ( 23.8%) | loss: 2.487081 | trade:0.33 call:0.56 put:0.44 | ATM:0.38 OTM:0.62 | lr: 1.50e-04 | left: 183s
step 04700 ( 24.0%) | loss: 2.487223 | trade:0.38 call:0.56 put:0.44 | ATM:0.39 OTM:0.61 | lr: 1.50e-04 | left: 182s
step 04750 ( 24.2%) | loss: 2.498933 | trade:0.31 call:0.56 put:0.44 | ATM:0.39 OTM:0.61 | lr: 1.50e-04 | left: 182s
step 04800 ( 24.4%) | loss: 2.486186 | trade:0.37 call:0.55 put:0.45 | ATM:0.39 OTM:0.61 | lr: 1.50e-04 | left: 182s
step 04850 ( 24.6%) | loss: 2.480424 | trade:0.36 call:0.55 put:0.45 | ATM:0.40 OTM:0.60 | lr: 1.50e-04 | left: 181s
step 04900 ( 24.8%) | loss: 2.492046 | trade:0.32 call:0.55 put:0.45 | ATM:0.40 OTM:0.60 | lr: 1.50e-04 | left: 181s
step 04950 ( 25.0%) | loss: 2.494914 | trade:0.34 call:0.55 put:0.45 | ATM:0.39 OTM:0.61 | lr: 1.50e-04 | left: 180s
step 05000 ( 25.2%) | loss: 2.493236 | trade:0.36 call:0.56 put:0.44 | ATM:0.39 OTM:0.61 | lr: 1.50e-04 | left: 180s
step 05050 ( 25.4%) | loss: 2.473362 | trade:0.33 call:0.55 put:0.45 | ATM:0.39 OTM:0.61 | lr: 1.50e-04 | left: 179s
step 05100 ( 25.6%) | loss: 2.504763 | trade:0.30 call:0.55 put:0.45 | ATM:0.39 OTM:0.61 | lr: 1.50e-04 | left: 179s
step 05150 ( 25.8%) | loss: 2.484196 | trade:0.36 call:0.55 put:0.45 | ATM:0.39 OTM:0.61 | lr: 1.50e-04 | left: 178s
step 05200 ( 26.0%) | loss: 2.508505 | trade:0.30 call:0.55 put:0.45 | ATM:0.39 OTM:0.61 | lr: 1.50e-04 | left: 177s
step 05250 ( 26.3%) | loss: 2.481392 | trade:0.30 call:0.56 put:0.44 | ATM:0.38 OTM:0.62 | lr: 1.50e-04 | left: 177s
step 05300 ( 26.5%) | loss: 2.482242 | trade:0.29 call:0.55 put:0.45 | ATM:0.40 OTM:0.60 | lr: 1.50e-04 | left: 176s
step 05350 ( 26.7%) | loss: 2.487305 | trade:0.27 call:0.56 put:0.44 | ATM:0.39 OTM:0.61 | lr: 1.50e-04 | left: 176s
step 05400 ( 26.9%) | loss: 2.490560 | trade:0.36 call:0.56 put:0.44 | ATM:0.39 OTM:0.61 | lr: 1.50e-04 | left: 176s
step 05450 ( 27.1%) | loss: 2.487846 | trade:0.36 call:0.56 put:0.44 | ATM:0.40 OTM:0.60 | lr: 1.50e-04 | left: 175s
step 05500 ( 27.3%) | loss: 2.488221 | trade:0.34 call:0.56 put:0.44 | ATM:0.39 OTM:0.61 | lr: 1.50e-04 | left: 175s
step 05550 ( 27.6%) | loss: 2.479991 | trade:0.34 call:0.56 put:0.44 | ATM:0.39 OTM:0.61 | lr: 1.50e-04 | left: 174s
step 05600 ( 28.1%) | loss: 2.487419 | trade:0.33 call:0.55 put:0.45 | ATM:0.40 OTM:0.60 | lr: 1.50e-04 | left: 173s
step 05650 ( 28.6%) | loss: 2.487262 | trade:0.30 call:0.56 put:0.44 | ATM:0.40 OTM:0.60 | lr: 1.50e-04 | left: 171s
step 05700 ( 29.0%) | loss: 2.477137 | trade:0.36 call:0.55 put:0.45 | ATM:0.39 OTM:0.61 | lr: 1.50e-04 | left: 170s
step 05750 ( 29.5%) | loss: 2.476311 | trade:0.32 call:0.55 put:0.45 | ATM:0.38 OTM:0.62 | lr: 1.50e-04 | left: 169s
step 05800 ( 30.0%) | loss: 2.466476 | trade:0.32 call:0.55 put:0.45 | ATM:0.40 OTM:0.60 | lr: 1.50e-04 | left: 168s
step 05850 ( 30.4%) | loss: 2.477102 | trade:0.33 call:0.55 put:0.45 | ATM:0.38 OTM:0.62 | lr: 1.50e-04 | left: 167s
step 05900 ( 30.6%) | loss: 2.495696 | trade:0.35 call:0.55 put:0.45 | ATM:0.40 OTM:0.60 | lr: 1.50e-04 | left: 167s
step 05950 ( 30.8%) | loss: 2.461899 | trade:0.33 call:0.55 put:0.45 | ATM:0.41 OTM:0.59 | lr: 1.50e-04 | left: 166s
step 06000 ( 31.0%) | loss: 2.477452 | trade:0.35 call:0.55 put:0.45 | ATM:0.39 OTM:0.61 | lr: 1.50e-04 | left: 166s
step 06050 ( 31.2%) | loss: 2.490816 | trade:0.33 call:0.56 put:0.44 | ATM:0.41 OTM:0.59 | lr: 1.50e-04 | left: 165s
step 06100 ( 31.4%) | loss: 2.482834 | trade:0.29 call:0.56 put:0.44 | ATM:0.40 OTM:0.60 | lr: 1.50e-04 | left: 165s
step 06150 ( 31.6%) | loss: 2.484198 | trade:0.27 call:0.55 put:0.45 | ATM:0.40 OTM:0.60 | lr: 1.50e-04 | left: 164s
step 06200 ( 31.8%) | loss: 2.477322 | trade:0.31 call:0.56 put:0.44 | ATM:0.40 OTM:0.60 | lr: 1.50e-04 | left: 164s
step 06250 ( 32.1%) | loss: 2.480081 | trade:0.34 call:0.55 put:0.45 | ATM:0.39 OTM:0.61 | lr: 1.50e-04 | left: 163s
step 06300 ( 32.3%) | loss: 2.474948 | trade:0.34 call:0.55 put:0.45 | ATM:0.40 OTM:0.60 | lr: 1.50e-04 | left: 163s
step 06350 ( 32.5%) | loss: 2.487849 | trade:0.31 call:0.55 put:0.45 | ATM:0.39 OTM:0.61 | lr: 1.50e-04 | left: 162s
step 06400 ( 32.8%) | loss: 2.483254 | trade:0.33 call:0.54 put:0.46 | ATM:0.39 OTM:0.61 | lr: 1.50e-04 | left: 161s
step 06450 ( 33.0%) | loss: 2.480762 | trade:0.32 call:0.55 put:0.45 | ATM:0.40 OTM:0.60 | lr: 1.50e-04 | left: 161s
step 06500 ( 33.3%) | loss: 2.488293 | trade:0.33 call:0.55 put:0.45 | ATM:0.39 OTM:0.61 | lr: 1.50e-04 | left: 160s
step 06550 ( 33.5%) | loss: 2.479708 | trade:0.34 call:0.54 put:0.46 | ATM:0.40 OTM:0.60 | lr: 1.50e-04 | left: 159s
step 06600 ( 33.8%) | loss: 2.476929 | trade:0.35 call:0.56 put:0.44 | ATM:0.40 OTM:0.60 | lr: 1.50e-04 | left: 159s
step 06650 ( 34.0%) | loss: 2.464189 | trade:0.34 call:0.55 put:0.45 | ATM:0.39 OTM:0.61 | lr: 1.50e-04 | left: 158s
step 06700 ( 34.2%) | loss: 2.473478 | trade:0.33 call:0.55 put:0.45 | ATM:0.39 OTM:0.61 | lr: 1.50e-04 | left: 158s
step 06750 ( 34.4%) | loss: 2.479093 | trade:0.36 call:0.55 put:0.45 | ATM:0.40 OTM:0.60 | lr: 1.50e-04 | left: 157s
step 06800 ( 34.6%) | loss: 2.489745 | trade:0.33 call:0.55 put:0.45 | ATM:0.40 OTM:0.60 | lr: 1.50e-04 | left: 157s
step 06850 ( 34.9%) | loss: 2.453457 | trade:0.33 call:0.56 put:0.44 | ATM:0.39 OTM:0.61 | lr: 1.50e-04 | left: 156s
step 06900 ( 35.1%) | loss: 2.471375 | trade:0.32 call:0.55 put:0.45 | ATM:0.38 OTM:0.62 | lr: 1.50e-04 | left: 156s
step 06950 ( 35.3%) | loss: 2.468212 | trade:0.29 call:0.55 put:0.45 | ATM:0.40 OTM:0.60 | lr: 1.50e-04 | left: 155s
step 07000 ( 35.5%) | loss: 2.467524 | trade:0.34 call:0.55 put:0.45 | ATM:0.40 OTM:0.60 | lr: 1.50e-04 | left: 155s
step 07050 ( 35.7%) | loss: 2.481622 | trade:0.29 call:0.55 put:0.45 | ATM:0.39 OTM:0.61 | lr: 1.50e-04 | left: 154s
step 07100 ( 35.9%) | loss: 2.474422 | trade:0.31 call:0.56 put:0.44 | ATM:0.40 OTM:0.60 | lr: 1.50e-04 | left: 154s
step 07150 ( 36.1%) | loss: 2.474965 | trade:0.33 call:0.55 put:0.45 | ATM:0.39 OTM:0.61 | lr: 1.50e-04 | left: 153s
step 07200 ( 36.3%) | loss: 2.465759 | trade:0.32 call:0.55 put:0.45 | ATM:0.40 OTM:0.60 | lr: 1.50e-04 | left: 153s
step 07250 ( 36.6%) | loss: 2.462065 | trade:0.33 call:0.55 put:0.45 | ATM:0.40 OTM:0.60 | lr: 1.50e-04 | left: 152s
step 07300 ( 36.8%) | loss: 2.469064 | trade:0.39 call:0.55 put:0.45 | ATM:0.41 OTM:0.59 | lr: 1.50e-04 | left: 152s
step 07350 ( 37.1%) | loss: 2.470271 | trade:0.28 call:0.55 put:0.45 | ATM:0.39 OTM:0.61 | lr: 1.50e-04 | left: 151s
step 07400 ( 37.3%) | loss: 2.482368 | trade:0.30 call:0.55 put:0.45 | ATM:0.39 OTM:0.61 | lr: 1.50e-04 | left: 151s
step 07450 ( 37.5%) | loss: 2.471641 | trade:0.33 call:0.55 put:0.45 | ATM:0.39 OTM:0.61 | lr: 1.50e-04 | left: 150s
step 07500 ( 37.7%) | loss: 2.466426 | trade:0.31 call:0.55 put:0.45 | ATM:0.39 OTM:0.61 | lr: 1.50e-04 | left: 150s
step 07550 ( 37.9%) | loss: 2.475057 | trade:0.24 call:0.55 put:0.45 | ATM:0.39 OTM:0.61 | lr: 1.50e-04 | left: 149s
step 07600 ( 38.1%) | loss: 2.464838 | trade:0.32 call:0.55 put:0.45 | ATM:0.39 OTM:0.61 | lr: 1.50e-04 | left: 149s
step 07650 ( 38.3%) | loss: 2.470577 | trade:0.28 call:0.55 put:0.45 | ATM:0.39 OTM:0.61 | lr: 1.50e-04 | left: 148s
step 07700 ( 38.6%) | loss: 2.459647 | trade:0.33 call:0.55 put:0.45 | ATM:0.39 OTM:0.61 | lr: 1.50e-04 | left: 147s
step 07750 ( 38.8%) | loss: 2.450222 | trade:0.36 call:0.55 put:0.45 | ATM:0.39 OTM:0.61 | lr: 1.50e-04 | left: 147s
step 07800 ( 39.0%) | loss: 2.488337 | trade:0.31 call:0.55 put:0.45 | ATM:0.40 OTM:0.60 | lr: 1.50e-04 | left: 146s
step 07850 ( 39.2%) | loss: 2.465015 | trade:0.34 call:0.55 put:0.45 | ATM:0.38 OTM:0.62 | lr: 1.50e-04 | left: 146s
step 07900 ( 39.4%) | loss: 2.476655 | trade:0.33 call:0.55 put:0.45 | ATM:0.39 OTM:0.61 | lr: 1.50e-04 | left: 146s
step 07950 ( 39.6%) | loss: 2.455707 | trade:0.39 call:0.55 put:0.45 | ATM:0.39 OTM:0.61 | lr: 1.50e-04 | left: 145s
step 08000 ( 39.8%) | loss: 2.488143 | trade:0.32 call:0.56 put:0.44 | ATM:0.39 OTM:0.61 | lr: 1.50e-04 | left: 145s
step 08050 ( 40.0%) | loss: 2.463744 | trade:0.37 call:0.55 put:0.45 | ATM:0.39 OTM:0.61 | lr: 1.50e-04 | left: 144s
step 08100 ( 40.3%) | loss: 2.467795 | trade:0.32 call:0.55 put:0.45 | ATM:0.38 OTM:0.62 | lr: 1.50e-04 | left: 143s
step 08150 ( 40.5%) | loss: 2.465590 | trade:0.31 call:0.55 put:0.45 | ATM:0.38 OTM:0.62 | lr: 1.50e-04 | left: 143s
step 08200 ( 40.7%) | loss: 2.469953 | trade:0.35 call:0.55 put:0.45 | ATM:0.40 OTM:0.60 | lr: 1.50e-04 | left: 142s
step 08250 ( 41.0%) | loss: 2.467820 | trade:0.40 call:0.55 put:0.45 | ATM:0.39 OTM:0.61 | lr: 1.50e-04 | left: 142s
step 08300 ( 41.2%) | loss: 2.468519 | trade:0.26 call:0.55 put:0.45 | ATM:0.39 OTM:0.61 | lr: 1.50e-04 | left: 141s
step 08350 ( 41.4%) | loss: 2.474298 | trade:0.37 call:0.55 put:0.45 | ATM:0.40 OTM:0.60 | lr: 1.50e-04 | left: 141s
step 08400 ( 41.6%) | loss: 2.456772 | trade:0.32 call:0.55 put:0.45 | ATM:0.41 OTM:0.59 | lr: 1.50e-04 | left: 140s
step 08450 ( 41.9%) | loss: 2.460403 | trade:0.31 call:0.55 put:0.45 | ATM:0.39 OTM:0.61 | lr: 1.50e-04 | left: 139s
step 08500 ( 42.1%) | loss: 2.476377 | trade:0.36 call:0.55 put:0.45 | ATM:0.40 OTM:0.60 | lr: 1.50e-04 | left: 139s
step 08550 ( 42.4%) | loss: 2.460547 | trade:0.33 call:0.54 put:0.46 | ATM:0.38 OTM:0.62 | lr: 1.50e-04 | left: 138s
step 08600 ( 42.6%) | loss: 2.463196 | trade:0.31 call:0.55 put:0.45 | ATM:0.38 OTM:0.62 | lr: 1.50e-04 | left: 138s
step 08650 ( 42.8%) | loss: 2.460384 | trade:0.31 call:0.55 put:0.45 | ATM:0.39 OTM:0.61 | lr: 1.50e-04 | left: 137s
step 08700 ( 43.0%) | loss: 2.466394 | trade:0.34 call:0.55 put:0.45 | ATM:0.39 OTM:0.61 | lr: 1.50e-04 | left: 137s
step 08750 ( 43.3%) | loss: 2.472967 | trade:0.34 call:0.55 put:0.45 | ATM:0.39 OTM:0.61 | lr: 1.50e-04 | left: 136s
step 08800 ( 43.5%) | loss: 2.459088 | trade:0.35 call:0.55 put:0.45 | ATM:0.39 OTM:0.61 | lr: 1.50e-04 | left: 136s
step 08850 ( 43.7%) | loss: 2.458525 | trade:0.30 call:0.55 put:0.45 | ATM:0.40 OTM:0.60 | lr: 1.50e-04 | left: 135s
step 08900 ( 44.0%) | loss: 2.467227 | trade:0.31 call:0.55 put:0.45 | ATM:0.39 OTM:0.61 | lr: 1.50e-04 | left: 135s
step 08950 ( 44.2%) | loss: 2.462618 | trade:0.36 call:0.55 put:0.45 | ATM:0.40 OTM:0.60 | lr: 1.50e-04 | left: 134s
step 09000 ( 44.4%) | loss: 2.473077 | trade:0.30 call:0.56 put:0.44 | ATM:0.39 OTM:0.61 | lr: 1.50e-04 | left: 133s
step 09050 ( 44.6%) | loss: 2.462323 | trade:0.38 call:0.55 put:0.45 | ATM:0.40 OTM:0.60 | lr: 1.50e-04 | left: 133s
step 09100 ( 44.9%) | loss: 2.465615 | trade:0.33 call:0.56 put:0.44 | ATM:0.40 OTM:0.60 | lr: 1.50e-04 | left: 132s
step 09150 ( 45.1%) | loss: 2.449588 | trade:0.28 call:0.55 put:0.45 | ATM:0.39 OTM:0.61 | lr: 1.50e-04 | left: 132s
step 09200 ( 45.6%) | loss: 2.482120 | trade:0.32 call:0.56 put:0.44 | ATM:0.40 OTM:0.60 | lr: 1.50e-04 | left: 131s
step 09250 ( 46.0%) | loss: 2.456197 | trade:0.32 call:0.55 put:0.45 | ATM:0.40 OTM:0.60 | lr: 1.50e-04 | left: 130s
step 09300 ( 46.5%) | loss: 2.457573 | trade:0.32 call:0.55 put:0.45 | ATM:0.40 OTM:0.60 | lr: 1.50e-04 | left: 128s
step 09350 ( 47.0%) | loss: 2.465771 | trade:0.33 call:0.55 put:0.45 | ATM:0.40 OTM:0.60 | lr: 1.50e-04 | left: 127s
step 09400 ( 47.5%) | loss: 2.471256 | trade:0.32 call:0.55 put:0.45 | ATM:0.40 OTM:0.60 | lr: 1.50e-04 | left: 126s
step 09450 ( 47.9%) | loss: 2.462237 | trade:0.35 call:0.56 put:0.44 | ATM:0.39 OTM:0.61 | lr: 1.50e-04 | left: 125s
step 09500 ( 48.2%) | loss: 2.458378 | trade:0.35 call:0.55 put:0.45 | ATM:0.40 OTM:0.60 | lr: 1.50e-04 | left: 124s
step 09550 ( 48.4%) | loss: 2.452625 | trade:0.34 call:0.55 put:0.45 | ATM:0.39 OTM:0.61 | lr: 1.50e-04 | left: 124s
step 09600 ( 48.8%) | loss: 2.475804 | trade:0.33 call:0.55 put:0.45 | ATM:0.39 OTM:0.61 | lr: 1.50e-04 | left: 123s
step 09650 ( 49.3%) | loss: 2.452556 | trade:0.35 call:0.55 put:0.45 | ATM:0.40 OTM:0.60 | lr: 1.50e-04 | left: 122s
step 09700 ( 49.9%) | loss: 2.453610 | trade:0.36 call:0.55 put:0.45 | ATM:0.39 OTM:0.61 | lr: 1.50e-04 | left: 120s
step 09750 ( 50.4%) | loss: 2.456155 | trade:0.29 call:0.55 put:0.45 | ATM:0.39 OTM:0.61 | lr: 1.50e-04 | left: 119s
step 09800 ( 50.9%) | loss: 2.450136 | trade:0.29 call:0.56 put:0.44 | ATM:0.40 OTM:0.60 | lr: 1.50e-04 | left: 118s
step 09850 ( 51.2%) | loss: 2.461844 | trade:0.33 call:0.55 put:0.45 | ATM:0.39 OTM:0.61 | lr: 1.50e-04 | left: 117s
step 09900 ( 51.7%) | loss: 2.461906 | trade:0.28 call:0.55 put:0.45 | ATM:0.39 OTM:0.61 | lr: 1.50e-04 | left: 116s
step 09950 ( 52.2%) | loss: 2.456444 | trade:0.32 call:0.55 put:0.45 | ATM:0.39 OTM:0.61 | lr: 1.50e-04 | left: 115s
step 10000 ( 52.7%) | loss: 2.468822 | trade:0.34 call:0.55 put:0.45 | ATM:0.38 OTM:0.62 | lr: 1.50e-04 | left: 113s
step 10050 ( 53.2%) | loss: 2.440966 | trade:0.31 call:0.55 put:0.45 | ATM:0.40 OTM:0.60 | lr: 1.50e-04 | left: 112s
step 10100 ( 53.5%) | loss: 2.468184 | trade:0.33 call:0.55 put:0.45 | ATM:0.40 OTM:0.60 | lr: 1.50e-04 | left: 112s
step 10150 ( 54.0%) | loss: 2.463808 | trade:0.34 call:0.55 put:0.45 | ATM:0.40 OTM:0.60 | lr: 1.50e-04 | left: 110s
step 10200 ( 54.5%) | loss: 2.459183 | trade:0.35 call:0.55 put:0.45 | ATM:0.40 OTM:0.60 | lr: 1.50e-04 | left: 109s
step 10250 ( 55.0%) | loss: 2.447334 | trade:0.34 call:0.55 put:0.45 | ATM:0.39 OTM:0.61 | lr: 1.50e-04 | left: 108s
step 10300 ( 55.5%) | loss: 2.470546 | trade:0.28 call:0.55 put:0.45 | ATM:0.40 OTM:0.60 | lr: 1.50e-04 | left: 107s
step 10350 ( 56.0%) | loss: 2.458600 | trade:0.30 call:0.55 put:0.45 | ATM:0.40 OTM:0.60 | lr: 1.50e-04 | left: 106s
step 10400 ( 56.5%) | loss: 2.469117 | trade:0.31 call:0.56 put:0.44 | ATM:0.40 OTM:0.60 | lr: 1.50e-04 | left: 104s
step 10450 ( 57.0%) | loss: 2.456527 | trade:0.31 call:0.55 put:0.45 | ATM:0.39 OTM:0.61 | lr: 1.50e-04 | left: 103s
step 10500 ( 57.6%) | loss: 2.468848 | trade:0.29 call:0.55 put:0.45 | ATM:0.39 OTM:0.61 | lr: 1.50e-04 | left: 102s
step 10550 ( 57.9%) | loss: 2.461397 | trade:0.31 call:0.55 put:0.45 | ATM:0.39 OTM:0.61 | lr: 1.50e-04 | left: 101s
step 10600 ( 58.1%) | loss: 2.450216 | trade:0.30 call:0.55 put:0.45 | ATM:0.40 OTM:0.60 | lr: 1.50e-04 | left: 100s
step 10650 ( 58.4%) | loss: 2.449712 | trade:0.27 call:0.55 put:0.45 | ATM:0.40 OTM:0.60 | lr: 1.50e-04 | left: 100s
step 10700 ( 58.6%) | loss: 2.452361 | trade:0.35 call:0.55 put:0.45 | ATM:0.39 OTM:0.61 | lr: 1.50e-04 | left: 99s
step 10750 ( 58.8%) | loss: 2.461547 | trade:0.31 call:0.55 put:0.45 | ATM:0.39 OTM:0.61 | lr: 1.50e-04 | left: 99s
step 10800 ( 59.1%) | loss: 2.462677 | trade:0.34 call:0.55 put:0.45 | ATM:0.39 OTM:0.61 | lr: 1.50e-04 | left: 98s
step 10850 ( 59.3%) | loss: 2.456830 | trade:0.38 call:0.55 put:0.45 | ATM:0.40 OTM:0.60 | lr: 1.50e-04 | left: 98s
step 10900 ( 59.5%) | loss: 2.447904 | trade:0.35 call:0.55 put:0.45 | ATM:0.40 OTM:0.60 | lr: 1.50e-04 | left: 97s
step 10950 ( 59.7%) | loss: 2.471056 | trade:0.36 call:0.55 put:0.45 | ATM:0.39 OTM:0.61 | lr: 1.50e-04 | left: 97s
step 11000 ( 60.1%) | loss: 2.458939 | trade:0.31 call:0.55 put:0.45 | ATM:0.38 OTM:0.62 | lr: 1.50e-04 | left: 96s
step 11050 ( 60.3%) | loss: 2.467778 | trade:0.28 call:0.55 put:0.45 | ATM:0.40 OTM:0.60 | lr: 1.50e-04 | left: 95s
step 11100 ( 60.5%) | loss: 2.450504 | trade:0.37 call:0.55 put:0.45 | ATM:0.39 OTM:0.61 | lr: 1.50e-04 | left: 95s
step 11150 ( 60.7%) | loss: 2.458008 | trade:0.34 call:0.55 put:0.45 | ATM:0.39 OTM:0.61 | lr: 1.50e-04 | left: 94s
step 11200 ( 60.9%) | loss: 2.466118 | trade:0.36 call:0.55 put:0.45 | ATM:0.39 OTM:0.61 | lr: 1.50e-04 | left: 94s
step 11250 ( 61.2%) | loss: 2.459282 | trade:0.27 call:0.55 put:0.45 | ATM:0.39 OTM:0.61 | lr: 1.50e-04 | left: 93s
step 11300 ( 61.4%) | loss: 2.444255 | trade:0.32 call:0.55 put:0.45 | ATM:0.39 OTM:0.61 | lr: 1.50e-04 | left: 93s
step 11350 ( 61.6%) | loss: 2.462515 | trade:0.39 call:0.56 put:0.44 | ATM:0.40 OTM:0.60 | lr: 1.50e-04 | left: 92s
step 11400 ( 61.8%) | loss: 2.461811 | trade:0.36 call:0.55 put:0.45 | ATM:0.40 OTM:0.60 | lr: 1.50e-04 | left: 92s
step 11450 ( 62.1%) | loss: 2.442127 | trade:0.31 call:0.55 put:0.45 | ATM:0.40 OTM:0.60 | lr: 1.50e-04 | left: 91s
step 11500 ( 62.4%) | loss: 2.474853 | trade:0.31 call:0.55 put:0.45 | ATM:0.39 OTM:0.61 | lr: 1.50e-04 | left: 90s
step 11550 ( 62.6%) | loss: 2.457892 | trade:0.32 call:0.55 put:0.45 | ATM:0.40 OTM:0.60 | lr: 1.50e-04 | left: 90s
step 11600 ( 62.8%) | loss: 2.474394 | trade:0.34 call:0.55 put:0.45 | ATM:0.39 OTM:0.61 | lr: 1.50e-04 | left: 89s
step 11650 ( 63.0%) | loss: 2.451535 | trade:0.34 call:0.55 put:0.45 | ATM:0.39 OTM:0.61 | lr: 1.50e-04 | left: 89s
step 11700 ( 63.3%) | loss: 2.465960 | trade:0.31 call:0.55 put:0.45 | ATM:0.40 OTM:0.60 | lr: 1.50e-04 | left: 88s
step 11750 ( 63.5%) | loss: 2.451720 | trade:0.31 call:0.55 put:0.45 | ATM:0.39 OTM:0.61 | lr: 1.50e-04 | left: 88s
step 11800 ( 63.7%) | loss: 2.445148 | trade:0.36 call:0.55 put:0.45 | ATM:0.39 OTM:0.61 | lr: 1.50e-04 | left: 87s
step 11850 ( 64.0%) | loss: 2.447780 | trade:0.35 call:0.55 put:0.45 | ATM:0.39 OTM:0.61 | lr: 1.50e-04 | left: 86s
step 11900 ( 64.3%) | loss: 2.447876 | trade:0.26 call:0.55 put:0.45 | ATM:0.40 OTM:0.60 | lr: 1.50e-04 | left: 86s
step 11950 ( 64.5%) | loss: 2.437474 | trade:0.32 call:0.56 put:0.44 | ATM:0.40 OTM:0.60 | lr: 1.50e-04 | left: 85s
step 12000 ( 64.8%) | loss: 2.461370 | trade:0.35 call:0.55 put:0.45 | ATM:0.40 OTM:0.60 | lr: 1.50e-04 | left: 84s
step 12050 ( 65.0%) | loss: 2.455413 | trade:0.35 call:0.55 put:0.45 | ATM:0.40 OTM:0.60 | lr: 1.50e-04 | left: 84s
step 12100 ( 65.4%) | loss: 2.443321 | trade:0.26 call:0.55 put:0.45 | ATM:0.40 OTM:0.60 | lr: 1.50e-04 | left: 83s
step 12150 ( 65.8%) | loss: 2.458066 | trade:0.30 call:0.55 put:0.45 | ATM:0.39 OTM:0.61 | lr: 1.50e-04 | left: 82s
step 12200 ( 66.0%) | loss: 2.455915 | trade:0.31 call:0.55 put:0.45 | ATM:0.41 OTM:0.59 | lr: 1.50e-04 | left: 82s
step 12250 ( 66.3%) | loss: 2.459711 | trade:0.31 call:0.55 put:0.45 | ATM:0.39 OTM:0.61 | lr: 1.50e-04 | left: 81s
step 12300 ( 66.7%) | loss: 2.453927 | trade:0.33 call:0.55 put:0.45 | ATM:0.40 OTM:0.60 | lr: 1.50e-04 | left: 80s
step 12350 ( 67.2%) | loss: 2.458727 | trade:0.27 call:0.55 put:0.45 | ATM:0.40 OTM:0.60 | lr: 1.50e-04 | left: 79s
step 12400 ( 67.8%) | loss: 2.451855 | trade:0.34 call:0.55 put:0.45 | ATM:0.39 OTM:0.61 | lr: 1.50e-04 | left: 77s
step 12450 ( 68.3%) | loss: 2.441539 | trade:0.35 call:0.55 put:0.45 | ATM:0.39 OTM:0.61 | lr: 1.50e-04 | left: 76s
step 12500 ( 68.8%) | loss: 2.455150 | trade:0.29 call:0.55 put:0.45 | ATM:0.41 OTM:0.59 | lr: 1.50e-04 | left: 75s
step 12550 ( 69.2%) | loss: 2.469854 | trade:0.33 call:0.55 put:0.45 | ATM:0.40 OTM:0.60 | lr: 1.50e-04 | left: 74s
step 12600 ( 69.4%) | loss: 2.452066 | trade:0.27 call:0.55 put:0.45 | ATM:0.38 OTM:0.62 | lr: 1.50e-04 | left: 73s
step 12650 ( 69.7%) | loss: 2.451209 | trade:0.29 call:0.55 put:0.45 | ATM:0.40 OTM:0.60 | lr: 1.50e-04 | left: 73s
step 12700 ( 69.9%) | loss: 2.456184 | trade:0.32 call:0.55 put:0.45 | ATM:0.40 OTM:0.60 | lr: 1.50e-04 | left: 72s
step 12750 ( 70.1%) | loss: 2.442292 | trade:0.32 call:0.55 put:0.45 | ATM:0.39 OTM:0.61 | lr: 1.50e-04 | left: 72s
step 12800 ( 70.3%) | loss: 2.450522 | trade:0.31 call:0.55 put:0.45 | ATM:0.40 OTM:0.60 | lr: 1.50e-04 | left: 71s
step 12850 ( 70.5%) | loss: 2.458792 | trade:0.32 call:0.55 put:0.45 | ATM:0.39 OTM:0.61 | lr: 1.50e-04 | left: 71s
step 12900 ( 70.8%) | loss: 2.433127 | trade:0.31 call:0.55 put:0.45 | ATM:0.40 OTM:0.60 | lr: 1.50e-04 | left: 70s
step 12950 ( 71.0%) | loss: 2.452473 | trade:0.36 call:0.55 put:0.45 | ATM:0.40 OTM:0.60 | lr: 1.50e-04 | left: 70s
step 13000 ( 71.2%) | loss: 2.442730 | trade:0.30 call:0.55 put:0.45 | ATM:0.40 OTM:0.60 | lr: 1.49e-04 | left: 69s
step 13050 ( 71.4%) | loss: 2.461190 | trade:0.31 call:0.55 put:0.45 | ATM:0.40 OTM:0.60 | lr: 1.49e-04 | left: 69s
step 13100 ( 71.7%) | loss: 2.439876 | trade:0.34 call:0.55 put:0.45 | ATM:0.40 OTM:0.60 | lr: 1.49e-04 | left: 68s
step 13150 ( 71.9%) | loss: 2.443067 | trade:0.34 call:0.55 put:0.45 | ATM:0.41 OTM:0.59 | lr: 1.49e-04 | left: 67s
step 13200 ( 72.1%) | loss: 2.452565 | trade:0.32 call:0.55 put:0.45 | ATM:0.40 OTM:0.60 | lr: 1.48e-04 | left: 67s
step 13250 ( 72.3%) | loss: 2.455546 | trade:0.36 call:0.55 put:0.45 | ATM:0.40 OTM:0.60 | lr: 1.48e-04 | left: 66s
step 13300 ( 72.6%) | loss: 2.446884 | trade:0.40 call:0.56 put:0.44 | ATM:0.41 OTM:0.59 | lr: 1.47e-04 | left: 66s
step 13350 ( 72.8%) | loss: 2.454160 | trade:0.36 call:0.55 put:0.45 | ATM:0.40 OTM:0.60 | lr: 1.47e-04 | left: 65s
step 13400 ( 73.0%) | loss: 2.435980 | trade:0.34 call:0.55 put:0.45 | ATM:0.40 OTM:0.60 | lr: 1.46e-04 | left: 65s
step 13450 ( 73.2%) | loss: 2.456273 | trade:0.32 call:0.55 put:0.45 | ATM:0.40 OTM:0.60 | lr: 1.46e-04 | left: 64s
step 13500 ( 73.4%) | loss: 2.447082 | trade:0.34 call:0.55 put:0.45 | ATM:0.40 OTM:0.60 | lr: 1.45e-04 | left: 64s
step 13550 ( 73.6%) | loss: 2.452582 | trade:0.34 call:0.55 put:0.45 | ATM:0.40 OTM:0.60 | lr: 1.45e-04 | left: 63s
step 13600 ( 73.8%) | loss: 2.443947 | trade:0.34 call:0.55 put:0.45 | ATM:0.39 OTM:0.61 | lr: 1.44e-04 | left: 63s
step 13650 ( 74.0%) | loss: 2.454935 | trade:0.30 call:0.55 put:0.45 | ATM:0.39 OTM:0.61 | lr: 1.43e-04 | left: 62s
step 13700 ( 74.3%) | loss: 2.459645 | trade:0.26 call:0.55 put:0.45 | ATM:0.41 OTM:0.59 | lr: 1.43e-04 | left: 62s
step 13750 ( 74.5%) | loss: 2.436615 | trade:0.30 call:0.55 put:0.45 | ATM:0.40 OTM:0.60 | lr: 1.42e-04 | left: 61s
step 13800 ( 74.7%) | loss: 2.456141 | trade:0.33 call:0.55 put:0.45 | ATM:0.40 OTM:0.60 | lr: 1.41e-04 | left: 61s
step 13850 ( 74.9%) | loss: 2.439046 | trade:0.32 call:0.55 put:0.45 | ATM:0.40 OTM:0.60 | lr: 1.40e-04 | left: 60s
step 13900 ( 75.1%) | loss: 2.439815 | trade:0.32 call:0.55 put:0.45 | ATM:0.40 OTM:0.60 | lr: 1.40e-04 | left: 60s
step 13950 ( 75.3%) | loss: 2.459674 | trade:0.30 call:0.55 put:0.45 | ATM:0.41 OTM:0.59 | lr: 1.39e-04 | left: 59s
step 14000 ( 75.5%) | loss: 2.452114 | trade:0.29 call:0.55 put:0.45 | ATM:0.39 OTM:0.61 | lr: 1.38e-04 | left: 59s
step 14050 ( 75.8%) | loss: 2.449099 | trade:0.29 call:0.55 put:0.45 | ATM:0.39 OTM:0.61 | lr: 1.37e-04 | left: 58s
step 14100 ( 76.0%) | loss: 2.462216 | trade:0.29 call:0.55 put:0.45 | ATM:0.40 OTM:0.60 | lr: 1.36e-04 | left: 58s
step 14150 ( 76.2%) | loss: 2.439268 | trade:0.33 call:0.55 put:0.45 | ATM:0.40 OTM:0.60 | lr: 1.35e-04 | left: 57s
step 14200 ( 76.4%) | loss: 2.458058 | trade:0.29 call:0.55 put:0.45 | ATM:0.40 OTM:0.60 | lr: 1.34e-04 | left: 57s
step 14250 ( 76.6%) | loss: 2.447756 | trade:0.36 call:0.55 put:0.45 | ATM:0.39 OTM:0.61 | lr: 1.33e-04 | left: 56s
step 14300 ( 76.8%) | loss: 2.436864 | trade:0.28 call:0.55 put:0.45 | ATM:0.39 OTM:0.61 | lr: 1.32e-04 | left: 56s
step 14350 ( 77.0%) | loss: 2.445845 | trade:0.26 call:0.55 put:0.45 | ATM:0.39 OTM:0.61 | lr: 1.31e-04 | left: 55s
step 14400 ( 77.2%) | loss: 2.453080 | trade:0.37 call:0.55 put:0.45 | ATM:0.41 OTM:0.59 | lr: 1.29e-04 | left: 55s
step 14450 ( 77.5%) | loss: 2.451718 | trade:0.30 call:0.55 put:0.45 | ATM:0.40 OTM:0.60 | lr: 1.28e-04 | left: 54s
step 14500 ( 77.7%) | loss: 2.444491 | trade:0.30 call:0.55 put:0.45 | ATM:0.40 OTM:0.60 | lr: 1.27e-04 | left: 54s
step 14550 ( 77.9%) | loss: 2.433687 | trade:0.29 call:0.55 put:0.45 | ATM:0.40 OTM:0.60 | lr: 1.26e-04 | left: 53s
step 14600 ( 78.1%) | loss: 2.440023 | trade:0.36 call:0.55 put:0.45 | ATM:0.40 OTM:0.60 | lr: 1.25e-04 | left: 53s
step 14650 ( 78.3%) | loss: 2.429766 | trade:0.34 call:0.55 put:0.45 | ATM:0.39 OTM:0.61 | lr: 1.23e-04 | left: 52s
step 14700 ( 78.5%) | loss: 2.453455 | trade:0.29 call:0.55 put:0.45 | ATM:0.40 OTM:0.60 | lr: 1.22e-04 | left: 51s
step 14750 ( 78.8%) | loss: 2.446630 | trade:0.34 call:0.55 put:0.45 | ATM:0.39 OTM:0.61 | lr: 1.20e-04 | left: 51s
step 14800 ( 79.0%) | loss: 2.428325 | trade:0.32 call:0.55 put:0.45 | ATM:0.38 OTM:0.62 | lr: 1.19e-04 | left: 50s
step 14850 ( 79.3%) | loss: 2.447721 | trade:0.31 call:0.55 put:0.45 | ATM:0.39 OTM:0.61 | lr: 1.17e-04 | left: 50s
step 14900 ( 79.5%) | loss: 2.439782 | trade:0.34 call:0.55 put:0.45 | ATM:0.40 OTM:0.60 | lr: 1.16e-04 | left: 49s
step 14950 ( 80.0%) | loss: 2.453472 | trade:0.27 call:0.55 put:0.45 | ATM:0.39 OTM:0.61 | lr: 1.13e-04 | left: 48s
step 15000 ( 80.5%) | loss: 2.447323 | trade:0.30 call:0.55 put:0.45 | ATM:0.40 OTM:0.60 | lr: 1.09e-04 | left: 47s
step 15050 ( 80.9%) | loss: 2.427695 | trade:0.35 call:0.56 put:0.44 | ATM:0.40 OTM:0.60 | lr: 1.06e-04 | left: 46s
step 15100 ( 81.4%) | loss: 2.442782 | trade:0.29 call:0.55 put:0.45 | ATM:0.39 OTM:0.61 | lr: 1.03e-04 | left: 45s
step 15150 ( 81.6%) | loss: 2.439823 | trade:0.28 call:0.55 put:0.45 | ATM:0.40 OTM:0.60 | lr: 1.01e-04 | left: 44s
step 15200 ( 81.9%) | loss: 2.452205 | trade:0.37 call:0.55 put:0.45 | ATM:0.41 OTM:0.59 | lr: 9.93e-05 | left: 44s
step 15250 ( 82.1%) | loss: 2.441352 | trade:0.29 call:0.55 put:0.45 | ATM:0.40 OTM:0.60 | lr: 9.75e-05 | left: 43s
step 15300 ( 82.3%) | loss: 2.448919 | trade:0.39 call:0.55 put:0.45 | ATM:0.39 OTM:0.61 | lr: 9.59e-05 | left: 42s
step 15350 ( 82.5%) | loss: 2.450559 | trade:0.31 call:0.55 put:0.45 | ATM:0.41 OTM:0.59 | lr: 9.43e-05 | left: 42s
step 15400 ( 82.7%) | loss: 2.452521 | trade:0.29 call:0.55 put:0.45 | ATM:0.39 OTM:0.61 | lr: 9.28e-05 | left: 41s
step 15450 ( 82.9%) | loss: 2.435875 | trade:0.29 call:0.55 put:0.45 | ATM:0.40 OTM:0.60 | lr: 9.10e-05 | left: 41s
step 15500 ( 83.1%) | loss: 2.440766 | trade:0.36 call:0.55 put:0.45 | ATM:0.39 OTM:0.61 | lr: 8.94e-05 | left: 40s
step 15550 ( 83.4%) | loss: 2.452771 | trade:0.31 call:0.55 put:0.45 | ATM:0.39 OTM:0.61 | lr: 8.78e-05 | left: 40s
step 15600 ( 83.6%) | loss: 2.441770 | trade:0.32 call:0.55 put:0.45 | ATM:0.40 OTM:0.60 | lr: 8.62e-05 | left: 39s
step 15650 ( 83.8%) | loss: 2.433845 | trade:0.34 call:0.55 put:0.45 | ATM:0.40 OTM:0.60 | lr: 8.45e-05 | left: 39s
step 15700 ( 84.0%) | loss: 2.436816 | trade:0.29 call:0.55 put:0.45 | ATM:0.40 OTM:0.60 | lr: 8.28e-05 | left: 38s
step 15750 ( 84.2%) | loss: 2.446974 | trade:0.26 call:0.55 put:0.45 | ATM:0.39 OTM:0.61 | lr: 8.12e-05 | left: 38s
step 15800 ( 84.4%) | loss: 2.434245 | trade:0.29 call:0.55 put:0.45 | ATM:0.39 OTM:0.61 | lr: 7.95e-05 | left: 37s
step 15850 ( 84.6%) | loss: 2.451488 | trade:0.37 call:0.55 put:0.45 | ATM:0.39 OTM:0.61 | lr: 7.78e-05 | left: 37s
step 15900 ( 84.9%) | loss: 2.440058 | trade:0.25 call:0.55 put:0.45 | ATM:0.39 OTM:0.61 | lr: 7.60e-05 | left: 36s
step 15950 ( 85.1%) | loss: 2.447200 | trade:0.31 call:0.55 put:0.45 | ATM:0.40 OTM:0.60 | lr: 7.44e-05 | left: 36s
step 16000 ( 85.3%) | loss: 2.440543 | trade:0.32 call:0.55 put:0.45 | ATM:0.39 OTM:0.61 | lr: 7.27e-05 | left: 35s
step 16050 ( 85.5%) | loss: 2.440722 | trade:0.27 call:0.55 put:0.45 | ATM:0.39 OTM:0.61 | lr: 7.11e-05 | left: 35s
step 16100 ( 85.7%) | loss: 2.437465 | trade:0.35 call:0.55 put:0.45 | ATM:0.39 OTM:0.61 | lr: 6.93e-05 | left: 34s
step 16150 ( 86.0%) | loss: 2.439345 | trade:0.30 call:0.55 put:0.45 | ATM:0.40 OTM:0.60 | lr: 6.69e-05 | left: 34s
step 16200 ( 86.2%) | loss: 2.448468 | trade:0.29 call:0.55 put:0.45 | ATM:0.40 OTM:0.60 | lr: 6.53e-05 | left: 33s
step 16250 ( 86.5%) | loss: 2.429668 | trade:0.32 call:0.55 put:0.45 | ATM:0.40 OTM:0.60 | lr: 6.36e-05 | left: 32s
step 16300 ( 86.7%) | loss: 2.440139 | trade:0.35 call:0.55 put:0.45 | ATM:0.40 OTM:0.60 | lr: 6.21e-05 | left: 32s
step 16350 ( 86.9%) | loss: 2.438213 | trade:0.34 call:0.55 put:0.45 | ATM:0.40 OTM:0.60 | lr: 6.04e-05 | left: 32s
step 16400 ( 87.1%) | loss: 2.443429 | trade:0.43 call:0.55 put:0.45 | ATM:0.40 OTM:0.60 | lr: 5.86e-05 | left: 31s
step 16450 ( 87.4%) | loss: 2.431999 | trade:0.40 call:0.55 put:0.45 | ATM:0.40 OTM:0.60 | lr: 5.67e-05 | left: 30s
step 16500 ( 87.6%) | loss: 2.457739 | trade:0.28 call:0.55 put:0.45 | ATM:0.40 OTM:0.60 | lr: 5.49e-05 | left: 30s
step 16550 ( 87.8%) | loss: 2.426988 | trade:0.29 call:0.55 put:0.45 | ATM:0.39 OTM:0.61 | lr: 5.31e-05 | left: 29s
step 16600 ( 88.0%) | loss: 2.447939 | trade:0.33 call:0.55 put:0.45 | ATM:0.39 OTM:0.61 | lr: 5.15e-05 | left: 29s
step 16650 ( 88.3%) | loss: 2.442208 | trade:0.36 call:0.55 put:0.45 | ATM:0.39 OTM:0.61 | lr: 4.98e-05 | left: 28s
step 16700 ( 88.5%) | loss: 2.454687 | trade:0.39 call:0.55 put:0.45 | ATM:0.39 OTM:0.61 | lr: 4.79e-05 | left: 28s
step 16750 ( 88.8%) | loss: 2.441198 | trade:0.31 call:0.55 put:0.45 | ATM:0.39 OTM:0.61 | lr: 4.59e-05 | left: 27s
step 16800 ( 89.0%) | loss: 2.430373 | trade:0.23 call:0.55 put:0.45 | ATM:0.40 OTM:0.60 | lr: 4.44e-05 | left: 26s
step 16850 ( 89.2%) | loss: 2.439822 | trade:0.28 call:0.55 put:0.45 | ATM:0.39 OTM:0.61 | lr: 4.28e-05 | left: 26s
step 16900 ( 89.5%) | loss: 2.433694 | trade:0.29 call:0.55 put:0.45 | ATM:0.41 OTM:0.59 | lr: 4.08e-05 | left: 25s
step 16950 ( 89.8%) | loss: 2.427634 | trade:0.29 call:0.55 put:0.45 | ATM:0.40 OTM:0.60 | lr: 3.92e-05 | left: 25s
step 17000 ( 90.0%) | loss: 2.445223 | trade:0.31 call:0.55 put:0.45 | ATM:0.40 OTM:0.60 | lr: 3.74e-05 | left: 24s
step 17050 ( 90.2%) | loss: 2.438867 | trade:0.32 call:0.55 put:0.45 | ATM:0.40 OTM:0.60 | lr: 3.61e-05 | left: 23s
step 17100 ( 90.4%) | loss: 2.452494 | trade:0.34 call:0.55 put:0.45 | ATM:0.39 OTM:0.61 | lr: 3.46e-05 | left: 23s
step 17150 ( 90.7%) | loss: 2.439494 | trade:0.29 call:0.55 put:0.45 | ATM:0.38 OTM:0.62 | lr: 3.30e-05 | left: 22s
step 17200 ( 90.9%) | loss: 2.440910 | trade:0.35 call:0.55 put:0.45 | ATM:0.40 OTM:0.60 | lr: 3.13e-05 | left: 22s
step 17250 ( 91.1%) | loss: 2.443269 | trade:0.30 call:0.56 put:0.44 | ATM:0.41 OTM:0.59 | lr: 3.00e-05 | left: 21s
step 17300 ( 91.3%) | loss: 2.444686 | trade:0.32 call:0.55 put:0.45 | ATM:0.39 OTM:0.61 | lr: 2.88e-05 | left: 21s
step 17350 ( 91.7%) | loss: 2.434035 | trade:0.33 call:0.55 put:0.45 | ATM:0.39 OTM:0.61 | lr: 2.68e-05 | left: 20s
step 17400 ( 92.0%) | loss: 2.446464 | trade:0.27 call:0.55 put:0.45 | ATM:0.40 OTM:0.60 | lr: 2.45e-05 | left: 19s
step 17450 ( 92.6%) | loss: 2.436832 | trade:0.28 call:0.55 put:0.45 | ATM:0.39 OTM:0.61 | lr: 2.16e-05 | left: 18s
step 17500 ( 93.1%) | loss: 2.436515 | trade:0.28 call:0.55 put:0.45 | ATM:0.39 OTM:0.61 | lr: 1.88e-05 | left: 17s
step 17550 ( 93.4%) | loss: 2.438583 | trade:0.29 call:0.55 put:0.45 | ATM:0.39 OTM:0.61 | lr: 1.75e-05 | left: 16s
step 17600 ( 93.6%) | loss: 2.430284 | trade:0.29 call:0.55 put:0.45 | ATM:0.40 OTM:0.60 | lr: 1.63e-05 | left: 15s
step 17650 ( 93.9%) | loss: 2.434982 | trade:0.33 call:0.55 put:0.45 | ATM:0.39 OTM:0.61 | lr: 1.49e-05 | left: 15s
step 17700 ( 94.3%) | loss: 2.450017 | trade:0.28 call:0.55 put:0.45 | ATM:0.40 OTM:0.60 | lr: 1.30e-05 | left: 14s
step 17750 ( 94.6%) | loss: 2.439280 | trade:0.31 call:0.56 put:0.44 | ATM:0.39 OTM:0.61 | lr: 1.19e-05 | left: 13s
step 17800 ( 94.8%) | loss: 2.447005 | trade:0.32 call:0.55 put:0.45 | ATM:0.40 OTM:0.60 | lr: 1.08e-05 | left: 12s
step 17850 ( 95.1%) | loss: 2.447980 | trade:0.35 call:0.55 put:0.45 | ATM:0.40 OTM:0.60 | lr: 9.72e-06 | left: 12s
step 17900 ( 95.3%) | loss: 2.429641 | trade:0.33 call:0.55 put:0.45 | ATM:0.40 OTM:0.60 | lr: 8.88e-06 | left: 11s
step 17950 ( 95.5%) | loss: 2.454242 | trade:0.40 call:0.56 put:0.44 | ATM:0.39 OTM:0.61 | lr: 8.14e-06 | left: 11s
step 18000 ( 95.7%) | loss: 2.446689 | trade:0.28 call:0.55 put:0.45 | ATM:0.41 OTM:0.59 | lr: 7.41e-06 | left: 10s
step 18050 ( 95.9%) | loss: 2.425601 | trade:0.32 call:0.55 put:0.45 | ATM:0.39 OTM:0.61 | lr: 6.69e-06 | left: 10s
step 18100 ( 96.2%) | loss: 2.436951 | trade:0.28 call:0.55 put:0.45 | ATM:0.39 OTM:0.61 | lr: 6.00e-06 | left: 9s
step 18150 ( 96.4%) | loss: 2.443449 | trade:0.30 call:0.55 put:0.45 | ATM:0.40 OTM:0.60 | lr: 5.29e-06 | left: 9s
step 18200 ( 96.6%) | loss: 2.440115 | trade:0.34 call:0.55 put:0.45 | ATM:0.40 OTM:0.60 | lr: 4.68e-06 | left: 8s
step 18250 ( 96.8%) | loss: 2.447313 | trade:0.31 call:0.55 put:0.45 | ATM:0.39 OTM:0.61 | lr: 4.14e-06 | left: 8s
step 18300 ( 97.0%) | loss: 2.430253 | trade:0.27 call:0.55 put:0.45 | ATM:0.39 OTM:0.61 | lr: 3.58e-06 | left: 7s
step 18350 ( 97.3%) | loss: 2.434381 | trade:0.33 call:0.55 put:0.45 | ATM:0.39 OTM:0.61 | lr: 3.06e-06 | left: 7s
step 18400 ( 97.5%) | loss: 2.434740 | trade:0.30 call:0.55 put:0.45 | ATM:0.39 OTM:0.61 | lr: 2.62e-06 | left: 6s
step 18450 ( 97.7%) | loss: 2.435180 | trade:0.32 call:0.55 put:0.45 | ATM:0.39 OTM:0.61 | lr: 2.21e-06 | left: 6s
step 18500 ( 97.9%) | loss: 2.435314 | trade:0.29 call:0.55 put:0.45 | ATM:0.40 OTM:0.60 | lr: 1.79e-06 | left: 5s
step 18550 ( 98.1%) | loss: 2.437377 | trade:0.34 call:0.55 put:0.45 | ATM:0.40 OTM:0.60 | lr: 1.44e-06 | left: 4s
step 18600 ( 98.4%) | loss: 2.448649 | trade:0.34 call:0.55 put:0.45 | ATM:0.40 OTM:0.60 | lr: 1.10e-06 | left: 4s
step 18650 ( 98.6%) | loss: 2.432353 | trade:0.29 call:0.55 put:0.45 | ATM:0.40 OTM:0.60 | lr: 7.49e-07 | left: 3s
step 18700 ( 98.9%) | loss: 2.444016 | trade:0.31 call:0.55 put:0.45 | ATM:0.40 OTM:0.60 | lr: 5.38e-07 | left: 3s
step 18750 ( 99.1%) | loss: 2.448962 | trade:0.30 call:0.55 put:0.45 | ATM:0.40 OTM:0.60 | lr: 3.60e-07 | left: 2s
step 18800 ( 99.4%) | loss: 2.447663 | trade:0.33 call:0.55 put:0.45 | ATM:0.40 OTM:0.60 | lr: 1.66e-07 | left: 2s
step 18850 ( 99.6%) | loss: 2.442027 | trade:0.34 call:0.55 put:0.45 | ATM:0.40 OTM:0.60 | lr: 5.94e-08 | left: 1s
step 18900 ( 99.8%) | loss: 2.421816 | trade:0.31 call:0.55 put:0.45 | ATM:0.40 OTM:0.60 | lr: 1.10e-08 | left: 0s

Training done at 245s. Starting evaluation...
Evaluation done in 8s (total wall: 252s)
Model saved to /root/best_model.pt
Trade log: 108 trades -> /root/trade_log.csv

---
score:              0.057234
profit_factor:      1.384736
win_rate:           0.268519
avg_winner:         0.693316
avg_loser:          -0.183796
trades_per_day:     1.661538
max_consec_loss:    10
num_trades:         108
trade_sharpe:       1.274479
sortino:            9.790895
max_drawdown:       -4.639477
calmar:             1.204081
ev_per_trade:       0.051725
do_nothing_pct:     0.638117
exit_pct:           0.019731
model_exit_count:   88
cooldown_blocked:   75
pre_10am_blocked:   661
short_hold_pct:     0.324000
stop_loss_rate:     0.176000
direction_collapse_pct: 1.000000
avg_entry_cost_bps: 812.643500
avg_entry_quality:  0.487800
cost_realism_coverage: 1.009300
high_cost_entry_rate: 0.972200
low_quality_entry_rate: 0.000000
actionable_bar_rate: 0.829100
risk_off_bar_rate:  0.000000
final_capital:      7569.46
equity_sharpe:      -0.143500
max_equity_dd:      -0.529300
total_dollar_return:-0.243100
val_sharpe:         -35.300260
total_return:       5.586308
num_val_bars:       4460
num_val_days:       65
worst_chunk_pf:     0.13
rr_ratio:           3.7722
avg_hold_bars:      8.12
model_exit_rate:    0.8148
hit_ruin:           False
min_equity_frac:    0.4916
avg_risk_fraction:  0.1214
max_risk_fraction:  0.3414
trades_blocked_by_balance: 0
training_seconds:   240.0
total_seconds:      254.6
peak_vram_mb:       357.0
num_steps:          18932
num_params:         145,112
lookback:           120
depth:              3
d_model:            64
effective_lr:       0.00015
gate_label_smoothing:0.050000
dir_label_smoothing:0.050000
false_entry_penalty:2.000000
/opt/conda/lib/python3.11/site-packages/torch/nn/modules/transformer.py:379: UserWarning: enable_nested_tensor is True, but self.use_nested_tensor is False because encoder_layer.norm_first was True
  warnings.warn(
