Loading data from: /root/.cache/autoresearch-trading/features/data.pt
Loaded 384870 1-min bars, 32 features, 8 actions
  ~986 trading days
Training:   up to idx 269189
Validation: idx 269190-384869
  Option P&L coverage: 297877/384870 (77%)
Parameters: 145,064
Architecture: v4 simplified two-head (gate+dir) + balanced strike gating with enhanced PnL alignment and minimized drawdown penalty + feature noise regularization
Training from scratch (v4: no warm-start).
Day-sequential batching: 70% sequential, 30% random (batch=16)

Budget: 240s | Batch: 128 | Lookback: 120
LR: 0.00025 | Depth: 3 | d_model: 64 | ff_mult: 3
Dropout: 0.15 | Weight decay: 0.05
Feature noise std: 0.02
False entry penalty: 2.0x
Label smoothing: gate=0.05 dir=0.05
Loss weights: gate=2.0, dir=1.0, pnl=0.3, exit=0.5
EV gate scale: 10.0

step 00000 (  0.0%) | loss: 0.000000 | trade:0.45 call:0.45 put:0.55 | ATM:0.40 OTM:0.60 [seq] | lr: 0.00e+00 | left: 240s
step 00050 (  0.2%) | loss: 1.161228 | trade:0.39 call:0.50 put:0.50 | ATM:0.41 OTM:0.59 [seq] | lr: 4.09e-06 | left: 239s
step 00100 (  0.7%) | loss: 1.517945 | trade:0.49 call:0.46 put:0.54 | ATM:0.42 OTM:0.58 [seq] | lr: 1.11e-05 | left: 238s
step 00150 (  1.1%) | loss: 1.316741 | trade:0.41 call:0.48 put:0.52 | ATM:0.43 OTM:0.57 [seq] | lr: 1.76e-05 | left: 237s
step 00200 (  1.4%) | loss: 1.028372 | trade:0.47 call:0.47 put:0.53 | ATM:0.43 OTM:0.57 [seq] | lr: 2.39e-05 | left: 237s
step 00250 (  1.8%) | loss: 0.746054 | trade:0.44 call:0.54 put:0.46 | ATM:0.47 OTM:0.53 [seq] | lr: 3.02e-05 | left: 236s
step 00300 (  2.2%) | loss: 1.165900 | trade:0.52 call:0.58 put:0.42 | ATM:0.47 OTM:0.53 [seq] | lr: 3.62e-05 | left: 235s
step 00350 (  2.5%) | loss: 1.196619 | trade:0.53 call:0.58 put:0.42 | ATM:0.44 OTM:0.56 [rnd] | lr: 4.24e-05 | left: 234s
step 00400 (  2.9%) | loss: 1.204614 | trade:0.53 call:0.50 put:0.50 | ATM:0.44 OTM:0.56 [seq] | lr: 4.92e-05 | left: 233s
step 00450 (  3.4%) | loss: 1.513850 | trade:0.45 call:0.71 put:0.29 | ATM:0.50 OTM:0.50 [seq] | lr: 5.60e-05 | left: 232s
step 00500 (  3.7%) | loss: 0.821400 | trade:0.22 call:0.69 put:0.31 | ATM:0.51 OTM:0.49 [seq] | lr: 6.23e-05 | left: 231s
step 00550 (  4.1%) | loss: 0.951206 | trade:0.16 call:0.69 put:0.31 | ATM:0.50 OTM:0.50 [seq] | lr: 6.88e-05 | left: 230s
step 00600 (  4.5%) | loss: 0.696743 | trade:0.45 call:0.81 put:0.19 | ATM:0.51 OTM:0.49 [seq] | lr: 7.54e-05 | left: 229s
step 00650 (  4.9%) | loss: 0.915816 | trade:0.42 call:0.54 put:0.46 | ATM:0.43 OTM:0.57 [seq] | lr: 8.19e-05 | left: 228s
step 00700 (  5.3%) | loss: 1.065041 | trade:0.07 call:0.54 put:0.46 | ATM:0.42 OTM:0.58 [seq] | lr: 8.89e-05 | left: 227s
step 00750 (  5.8%) | loss: 2.395820 | trade:0.53 call:0.55 put:0.45 | ATM:0.46 OTM:0.54 [seq] | lr: 9.63e-05 | left: 226s
step 00800 (  6.1%) | loss: 0.880549 | trade:0.95 call:0.60 put:0.40 | ATM:0.44 OTM:0.56 [seq] | lr: 1.02e-04 | left: 225s
step 00850 (  6.5%) | loss: 0.355835 | trade:0.67 call:0.55 put:0.45 | ATM:0.41 OTM:0.59 [seq] | lr: 1.08e-04 | left: 224s
step 00900 (  6.8%) | loss: 0.626723 | trade:0.18 call:0.73 put:0.27 | ATM:0.53 OTM:0.47 [seq] | lr: 1.14e-04 | left: 224s
step 00950 (  7.2%) | loss: 0.416245 | trade:0.48 call:0.91 put:0.09 | ATM:0.52 OTM:0.48 [seq] | lr: 1.20e-04 | left: 223s
step 01000 (  7.6%) | loss: 0.651044 | trade:0.31 call:0.68 put:0.32 | ATM:0.51 OTM:0.49 [rnd] | lr: 1.26e-04 | left: 222s
step 01050 (  8.0%) | loss: 0.483320 | trade:0.10 call:0.83 put:0.17 | ATM:0.46 OTM:0.54 [seq] | lr: 1.33e-04 | left: 221s
step 01100 (  8.3%) | loss: 0.469018 | trade:0.04 call:0.85 put:0.15 | ATM:0.62 OTM:0.38 [seq] | lr: 1.39e-04 | left: 220s
step 01150 (  8.7%) | loss: 0.497152 | trade:0.24 call:0.94 put:0.06 | ATM:0.65 OTM:0.35 [seq] | lr: 1.45e-04 | left: 219s
step 01200 (  9.1%) | loss: 0.778024 | trade:0.31 call:0.65 put:0.35 | ATM:0.57 OTM:0.43 [rnd] | lr: 1.52e-04 | left: 218s
step 01250 (  9.5%) | loss: 0.748954 | trade:0.31 call:0.69 put:0.31 | ATM:0.59 OTM:0.41 [rnd] | lr: 1.58e-04 | left: 217s
step 01300 (  9.9%) | loss: 0.355934 | trade:0.56 call:0.96 put:0.04 | ATM:0.71 OTM:0.29 [seq] | lr: 1.64e-04 | left: 216s
step 01350 ( 10.2%) | loss: 0.487881 | trade:0.33 call:0.70 put:0.30 | ATM:0.60 OTM:0.40 [rnd] | lr: 1.70e-04 | left: 215s
step 01400 ( 10.6%) | loss: 0.557437 | trade:0.42 call:0.69 put:0.31 | ATM:0.59 OTM:0.41 [rnd] | lr: 1.77e-04 | left: 215s
step 01450 ( 11.0%) | loss: 0.760027 | trade:0.32 call:0.68 put:0.32 | ATM:0.61 OTM:0.39 [rnd] | lr: 1.83e-04 | left: 214s
step 01500 ( 11.4%) | loss: 0.494664 | trade:0.01 call:0.76 put:0.24 | ATM:0.57 OTM:0.43 [seq] | lr: 1.90e-04 | left: 213s
step 01550 ( 11.7%) | loss: 0.248775 | trade:0.04 call:0.23 put:0.77 | ATM:0.72 OTM:0.28 [seq] | lr: 1.95e-04 | left: 212s
step 01600 ( 12.1%) | loss: 0.723725 | trade:0.32 call:0.72 put:0.28 | ATM:0.67 OTM:0.33 [rnd] | lr: 2.02e-04 | left: 211s
step 01650 ( 12.5%) | loss: 0.514768 | trade:0.86 call:0.05 put:0.95 | ATM:0.78 OTM:0.22 [seq] | lr: 2.08e-04 | left: 210s
step 01700 ( 12.9%) | loss: 0.487695 | trade:0.02 call:0.82 put:0.18 | ATM:0.72 OTM:0.28 [seq] | lr: 2.15e-04 | left: 209s
step 01750 ( 13.2%) | loss: 0.240280 | trade:0.74 call:0.98 put:0.02 | ATM:0.75 OTM:0.25 [seq] | lr: 2.21e-04 | left: 208s
step 01800 ( 13.6%) | loss: 0.487049 | trade:0.01 call:0.77 put:0.23 | ATM:0.72 OTM:0.28 [seq] | lr: 2.27e-04 | left: 207s
step 01850 ( 14.0%) | loss: 0.566797 | trade:0.01 call:0.80 put:0.20 | ATM:0.73 OTM:0.27 [seq] | lr: 2.33e-04 | left: 206s
step 01900 ( 14.4%) | loss: 0.458191 | trade:0.02 call:0.86 put:0.14 | ATM:0.82 OTM:0.18 [seq] | lr: 2.40e-04 | left: 205s
step 01950 ( 14.7%) | loss: 0.265252 | trade:0.02 call:0.77 put:0.23 | ATM:0.69 OTM:0.31 [seq] | lr: 2.46e-04 | left: 205s
step 02000 ( 15.1%) | loss: 0.524302 | trade:0.32 call:0.82 put:0.18 | ATM:0.61 OTM:0.39 [seq] | lr: 2.50e-04 | left: 204s
step 02050 ( 15.6%) | loss: 1.281862 | trade:0.24 call:0.72 put:0.28 | ATM:0.68 OTM:0.32 [rnd] | lr: 2.50e-04 | left: 203s
step 02100 ( 16.0%) | loss: 0.715630 | trade:0.39 call:0.74 put:0.26 | ATM:0.58 OTM:0.42 [rnd] | lr: 2.50e-04 | left: 202s
step 02150 ( 16.4%) | loss: 0.563434 | trade:0.36 call:0.77 put:0.23 | ATM:0.62 OTM:0.38 [rnd] | lr: 2.50e-04 | left: 201s
step 02200 ( 16.8%) | loss: 0.440127 | trade:0.30 call:0.73 put:0.27 | ATM:0.64 OTM:0.36 [rnd] | lr: 2.50e-04 | left: 200s
step 02250 ( 17.1%) | loss: 0.356887 | trade:0.13 call:0.98 put:0.02 | ATM:0.88 OTM:0.12 [seq] | lr: 2.50e-04 | left: 199s
step 02300 ( 17.5%) | loss: 0.609595 | trade:0.34 call:0.79 put:0.21 | ATM:0.64 OTM:0.36 [rnd] | lr: 2.50e-04 | left: 198s
step 02350 ( 17.9%) | loss: 0.487617 | trade:0.97 call:0.04 put:0.96 | ATM:0.72 OTM:0.28 [seq] | lr: 2.50e-04 | left: 197s
step 02400 ( 18.2%) | loss: 0.558514 | trade:0.01 call:0.73 put:0.27 | ATM:0.73 OTM:0.27 [seq] | lr: 2.50e-04 | left: 196s
step 02450 ( 18.5%) | loss: 0.577964 | trade:0.31 call:0.72 put:0.28 | ATM:0.63 OTM:0.37 [rnd] | lr: 2.50e-04 | left: 195s
step 02500 ( 18.9%) | loss: 0.443488 | trade:0.02 call:0.82 put:0.18 | ATM:0.75 OTM:0.25 [seq] | lr: 2.50e-04 | left: 195s
step 02550 ( 19.3%) | loss: 0.313911 | trade:0.00 call:0.83 put:0.17 | ATM:0.81 OTM:0.19 [seq] | lr: 2.50e-04 | left: 194s
step 02600 ( 19.7%) | loss: 0.312637 | trade:0.07 call:0.45 put:0.55 | ATM:0.75 OTM:0.25 [seq] | lr: 2.50e-04 | left: 193s
step 02650 ( 20.0%) | loss: 0.299183 | trade:0.92 call:0.01 put:0.99 | ATM:0.69 OTM:0.31 [seq] | lr: 2.50e-04 | left: 192s
step 02700 ( 20.2%) | loss: 0.353325 | trade:0.27 call:0.77 put:0.23 | ATM:0.66 OTM:0.34 [rnd] | lr: 2.50e-04 | left: 191s
step 02750 ( 20.5%) | loss: 0.506751 | trade:0.83 call:0.98 put:0.02 | ATM:0.36 OTM:0.64 [seq] | lr: 2.50e-04 | left: 191s
step 02800 ( 20.9%) | loss: 1.052027 | trade:0.47 call:0.47 put:0.53 | ATM:0.95 OTM:0.05 [seq] | lr: 2.50e-04 | left: 190s
step 02850 ( 21.3%) | loss: 0.474772 | trade:0.01 call:0.37 put:0.63 | ATM:0.38 OTM:0.62 [seq] | lr: 2.50e-04 | left: 189s
step 02900 ( 21.6%) | loss: 0.386674 | trade:0.01 call:0.46 put:0.54 | ATM:0.62 OTM:0.38 [seq] | lr: 2.50e-04 | left: 188s
step 02950 ( 22.0%) | loss: 0.535504 | trade:0.27 call:0.75 put:0.25 | ATM:0.64 OTM:0.36 [rnd] | lr: 2.50e-04 | left: 187s
step 03000 ( 22.4%) | loss: 0.510975 | trade:0.01 call:0.75 put:0.25 | ATM:0.60 OTM:0.40 [seq] | lr: 2.50e-04 | left: 186s
step 03050 ( 22.9%) | loss: 0.521929 | trade:0.04 call:0.78 put:0.22 | ATM:0.71 OTM:0.29 [seq] | lr: 2.50e-04 | left: 185s
step 03100 ( 23.3%) | loss: 0.569115 | trade:0.51 call:0.83 put:0.17 | ATM:0.42 OTM:0.58 [seq] | lr: 2.50e-04 | left: 184s
step 03150 ( 23.7%) | loss: 0.494994 | trade:0.30 call:0.75 put:0.25 | ATM:0.60 OTM:0.40 [rnd] | lr: 2.50e-04 | left: 183s
step 03200 ( 24.1%) | loss: 0.431460 | trade:0.83 call:0.99 put:0.01 | ATM:0.33 OTM:0.67 [seq] | lr: 2.50e-04 | left: 182s
step 03250 ( 24.4%) | loss: 0.549488 | trade:0.05 call:0.11 put:0.89 | ATM:0.85 OTM:0.15 [seq] | lr: 2.50e-04 | left: 181s
step 03300 ( 24.8%) | loss: 0.569586 | trade:0.25 call:0.77 put:0.23 | ATM:0.64 OTM:0.36 [rnd] | lr: 2.50e-04 | left: 180s
step 03350 ( 25.2%) | loss: 0.402197 | trade:0.27 call:0.75 put:0.25 | ATM:0.59 OTM:0.41 [rnd] | lr: 2.50e-04 | left: 180s
step 03400 ( 25.6%) | loss: 0.411071 | trade:0.28 call:0.71 put:0.29 | ATM:0.64 OTM:0.36 [rnd] | lr: 2.50e-04 | left: 179s
step 03450 ( 25.9%) | loss: 0.396743 | trade:0.31 call:0.75 put:0.25 | ATM:0.59 OTM:0.41 [rnd] | lr: 2.50e-04 | left: 178s
step 03500 ( 26.3%) | loss: 0.312840 | trade:0.02 call:0.53 put:0.47 | ATM:0.57 OTM:0.43 [seq] | lr: 2.50e-04 | left: 177s
step 03550 ( 26.7%) | loss: 0.549949 | trade:0.01 call:0.89 put:0.11 | ATM:0.67 OTM:0.33 [seq] | lr: 2.50e-04 | left: 176s
step 03600 ( 27.1%) | loss: 0.817551 | trade:0.35 call:0.73 put:0.27 | ATM:0.59 OTM:0.41 [rnd] | lr: 2.50e-04 | left: 175s
step 03650 ( 27.5%) | loss: 0.593083 | trade:0.34 call:0.73 put:0.27 | ATM:0.59 OTM:0.41 [rnd] | lr: 2.50e-04 | left: 174s
step 03700 ( 27.9%) | loss: 0.505837 | trade:0.27 call:0.80 put:0.20 | ATM:0.61 OTM:0.39 [rnd] | lr: 2.50e-04 | left: 173s
step 03750 ( 28.2%) | loss: 0.439290 | trade:0.02 call:0.56 put:0.44 | ATM:0.71 OTM:0.29 [seq] | lr: 2.50e-04 | left: 172s
step 03800 ( 28.6%) | loss: 0.493704 | trade:0.23 call:0.76 put:0.24 | ATM:0.61 OTM:0.39 [rnd] | lr: 2.50e-04 | left: 171s
step 03850 ( 29.0%) | loss: 0.355920 | trade:0.01 call:0.72 put:0.28 | ATM:0.75 OTM:0.25 [seq] | lr: 2.50e-04 | left: 170s
step 03900 ( 29.4%) | loss: 0.375087 | trade:0.99 call:0.02 put:0.98 | ATM:0.13 OTM:0.87 [seq] | lr: 2.50e-04 | left: 170s
step 03950 ( 29.7%) | loss: 0.685639 | trade:0.26 call:0.76 put:0.24 | ATM:0.64 OTM:0.36 [rnd] | lr: 2.50e-04 | left: 169s
step 04000 ( 30.1%) | loss: 0.562684 | trade:0.28 call:0.73 put:0.27 | ATM:0.61 OTM:0.39 [rnd] | lr: 2.50e-04 | left: 168s
step 04050 ( 30.5%) | loss: 0.449998 | trade:0.27 call:0.88 put:0.12 | ATM:0.77 OTM:0.23 [seq] | lr: 2.50e-04 | left: 167s
step 04100 ( 31.0%) | loss: 0.427239 | trade:0.30 call:0.76 put:0.24 | ATM:0.59 OTM:0.41 [rnd] | lr: 2.50e-04 | left: 166s
step 04150 ( 31.3%) | loss: 0.362038 | trade:0.05 call:0.70 put:0.30 | ATM:0.43 OTM:0.57 [seq] | lr: 2.50e-04 | left: 165s
step 04200 ( 31.7%) | loss: 0.809036 | trade:0.29 call:0.69 put:0.31 | ATM:0.61 OTM:0.39 [rnd] | lr: 2.50e-04 | left: 164s
step 04250 ( 32.1%) | loss: 0.474377 | trade:0.29 call:0.75 put:0.25 | ATM:0.62 OTM:0.38 [rnd] | lr: 2.50e-04 | left: 163s
step 04300 ( 32.5%) | loss: 0.380714 | trade:0.85 call:1.00 put:0.00 | ATM:0.29 OTM:0.71 [seq] | lr: 2.50e-04 | left: 162s
step 04350 ( 32.8%) | loss: 0.317692 | trade:0.04 call:0.80 put:0.20 | ATM:0.44 OTM:0.56 [seq] | lr: 2.50e-04 | left: 161s
step 04400 ( 33.2%) | loss: 0.292999 | trade:0.02 call:0.81 put:0.19 | ATM:0.67 OTM:0.33 [seq] | lr: 2.50e-04 | left: 160s
step 04450 ( 33.6%) | loss: 0.372031 | trade:0.02 call:0.70 put:0.30 | ATM:0.50 OTM:0.50 [seq] | lr: 2.50e-04 | left: 159s
step 04500 ( 34.0%) | loss: 0.557779 | trade:0.32 call:0.73 put:0.27 | ATM:0.60 OTM:0.40 [rnd] | lr: 2.50e-04 | left: 158s
step 04550 ( 34.4%) | loss: 0.601169 | trade:0.34 call:0.75 put:0.25 | ATM:0.59 OTM:0.41 [rnd] | lr: 2.50e-04 | left: 157s
step 04600 ( 34.8%) | loss: 0.558436 | trade:0.90 call:0.01 put:0.99 | ATM:0.67 OTM:0.33 [seq] | lr: 2.50e-04 | left: 157s
step 04650 ( 35.2%) | loss: 0.513202 | trade:0.31 call:0.73 put:0.27 | ATM:0.64 OTM:0.36 [rnd] | lr: 2.50e-04 | left: 156s
step 04700 ( 35.6%) | loss: 0.583147 | trade:0.04 call:0.95 put:0.05 | ATM:0.92 OTM:0.08 [seq] | lr: 2.50e-04 | left: 155s
step 04750 ( 36.0%) | loss: 0.649072 | trade:0.30 call:0.76 put:0.24 | ATM:0.61 OTM:0.39 [rnd] | lr: 2.50e-04 | left: 154s
step 04800 ( 36.3%) | loss: 0.425110 | trade:0.66 call:0.84 put:0.16 | ATM:0.38 OTM:0.62 [seq] | lr: 2.50e-04 | left: 153s
step 04850 ( 36.7%) | loss: 0.608470 | trade:0.50 call:0.77 put:0.23 | ATM:0.50 OTM:0.50 [seq] | lr: 2.50e-04 | left: 152s
step 04900 ( 37.2%) | loss: 0.521250 | trade:0.48 call:0.83 put:0.17 | ATM:0.65 OTM:0.35 [seq] | lr: 2.50e-04 | left: 151s
step 04950 ( 37.5%) | loss: 0.284255 | trade:0.08 call:0.96 put:0.04 | ATM:0.92 OTM:0.08 [seq] | lr: 2.50e-04 | left: 150s
step 05000 ( 37.9%) | loss: 0.426772 | trade:0.03 call:0.85 put:0.15 | ATM:0.64 OTM:0.36 [seq] | lr: 2.50e-04 | left: 149s
step 05050 ( 38.3%) | loss: 0.477012 | trade:0.48 call:0.92 put:0.08 | ATM:0.90 OTM:0.10 [seq] | lr: 2.50e-04 | left: 148s
step 05100 ( 38.7%) | loss: 0.319475 | trade:0.01 call:0.74 put:0.26 | ATM:0.73 OTM:0.27 [seq] | lr: 2.50e-04 | left: 147s
step 05150 ( 39.0%) | loss: 0.475429 | trade:0.36 call:0.84 put:0.16 | ATM:0.65 OTM:0.35 [seq] | lr: 2.50e-04 | left: 146s
step 05200 ( 39.4%) | loss: 0.426780 | trade:0.02 call:0.86 put:0.14 | ATM:0.82 OTM:0.18 [seq] | lr: 2.50e-04 | left: 145s
step 05250 ( 39.8%) | loss: 0.465928 | trade:0.02 call:0.90 put:0.10 | ATM:0.83 OTM:0.17 [seq] | lr: 2.50e-04 | left: 144s
step 05300 ( 40.2%) | loss: 0.420970 | trade:0.01 call:0.92 put:0.08 | ATM:0.68 OTM:0.32 [seq] | lr: 2.50e-04 | left: 144s
step 05350 ( 40.6%) | loss: 0.436645 | trade:0.84 call:1.00 put:0.00 | ATM:0.31 OTM:0.69 [seq] | lr: 2.50e-04 | left: 143s
step 05400 ( 40.9%) | loss: 0.590031 | trade:0.34 call:0.78 put:0.22 | ATM:0.59 OTM:0.41 [rnd] | lr: 2.50e-04 | left: 142s
step 05450 ( 41.3%) | loss: 0.435666 | trade:0.95 call:1.00 put:0.00 | ATM:0.25 OTM:0.75 [seq] | lr: 2.50e-04 | left: 141s
step 05500 ( 41.7%) | loss: 0.512475 | trade:0.29 call:0.74 put:0.26 | ATM:0.63 OTM:0.37 [rnd] | lr: 2.50e-04 | left: 140s
step 05550 ( 42.1%) | loss: 0.565184 | trade:0.92 call:1.00 put:0.00 | ATM:0.22 OTM:0.78 [seq] | lr: 2.50e-04 | left: 139s
step 05600 ( 42.4%) | loss: 0.229714 | trade:0.92 call:1.00 put:0.00 | ATM:0.26 OTM:0.74 [seq] | lr: 2.50e-04 | left: 138s
step 05650 ( 42.7%) | loss: 0.305661 | trade:0.04 call:0.81 put:0.19 | ATM:0.48 OTM:0.52 [seq] | lr: 2.50e-04 | left: 138s
step 05700 ( 43.2%) | loss: 1.339713 | trade:0.30 call:0.74 put:0.26 | ATM:0.59 OTM:0.41 [rnd] | lr: 2.50e-04 | left: 136s
step 05750 ( 43.6%) | loss: 1.370840 | trade:0.93 call:1.00 put:0.00 | ATM:0.35 OTM:0.65 [seq] | lr: 2.50e-04 | left: 135s
step 05800 ( 44.0%) | loss: 0.615271 | trade:0.33 call:0.78 put:0.22 | ATM:0.60 OTM:0.40 [rnd] | lr: 2.50e-04 | left: 134s
step 05850 ( 44.3%) | loss: 0.530355 | trade:0.05 call:0.93 put:0.07 | ATM:0.84 OTM:0.16 [seq] | lr: 2.50e-04 | left: 134s
step 05900 ( 44.8%) | loss: 1.819427 | trade:0.78 call:0.92 put:0.08 | ATM:0.31 OTM:0.69 [seq] | lr: 2.50e-04 | left: 132s
step 05950 ( 45.2%) | loss: 0.901303 | trade:0.96 call:1.00 put:0.00 | ATM:0.16 OTM:0.84 [seq] | lr: 2.50e-04 | left: 131s
step 06000 ( 45.7%) | loss: 0.558377 | trade:0.30 call:0.74 put:0.26 | ATM:0.63 OTM:0.37 [rnd] | lr: 2.50e-04 | left: 130s
step 06050 ( 46.1%) | loss: 0.620636 | trade:0.70 call:0.89 put:0.11 | ATM:0.58 OTM:0.42 [seq] | lr: 2.50e-04 | left: 129s
step 06100 ( 46.5%) | loss: 0.745008 | trade:0.50 call:0.83 put:0.17 | ATM:0.53 OTM:0.47 [seq] | lr: 2.50e-04 | left: 128s
step 06150 ( 46.9%) | loss: 0.670579 | trade:0.30 call:0.77 put:0.23 | ATM:0.57 OTM:0.43 [rnd] | lr: 2.50e-04 | left: 127s
step 06200 ( 47.3%) | loss: 0.639038 | trade:0.96 call:0.02 put:0.98 | ATM:0.60 OTM:0.40 [seq] | lr: 2.50e-04 | left: 127s
step 06250 ( 47.7%) | loss: 0.506203 | trade:0.89 call:0.02 put:0.98 | ATM:0.62 OTM:0.38 [seq] | lr: 2.50e-04 | left: 126s
step 06300 ( 48.0%) | loss: 0.417446 | trade:0.01 call:0.93 put:0.07 | ATM:0.90 OTM:0.10 [seq] | lr: 2.50e-04 | left: 125s
step 06350 ( 48.5%) | loss: 1.548604 | trade:0.93 call:0.99 put:0.01 | ATM:0.21 OTM:0.79 [seq] | lr: 2.50e-04 | left: 124s
step 06400 ( 48.9%) | loss: 1.848271 | trade:0.92 call:0.99 put:0.01 | ATM:0.24 OTM:0.76 [seq] | lr: 2.50e-04 | left: 123s
step 06450 ( 49.4%) | loss: 2.137603 | trade:0.86 call:0.98 put:0.02 | ATM:0.29 OTM:0.71 [seq] | lr: 2.50e-04 | left: 121s
step 06500 ( 49.8%) | loss: 0.587571 | trade:0.02 call:0.79 put:0.21 | ATM:0.38 OTM:0.62 [seq] | lr: 2.50e-04 | left: 120s
step 06550 ( 50.3%) | loss: 0.597992 | trade:0.09 call:0.82 put:0.18 | ATM:0.78 OTM:0.22 [seq] | lr: 2.50e-04 | left: 119s
step 06600 ( 50.7%) | loss: 0.462737 | trade:0.99 call:0.10 put:0.90 | ATM:0.63 OTM:0.37 [seq] | lr: 2.50e-04 | left: 118s
step 06650 ( 51.0%) | loss: 0.376145 | trade:0.81 call:0.05 put:0.95 | ATM:0.63 OTM:0.37 [seq] | lr: 2.50e-04 | left: 117s
step 06700 ( 51.4%) | loss: 0.368344 | trade:0.76 call:0.96 put:0.04 | ATM:0.48 OTM:0.52 [seq] | lr: 2.50e-04 | left: 117s
step 06750 ( 51.8%) | loss: 0.464978 | trade:0.13 call:0.97 put:0.03 | ATM:0.93 OTM:0.07 [seq] | lr: 2.50e-04 | left: 116s
step 06800 ( 52.1%) | loss: 0.546031 | trade:0.01 call:0.63 put:0.37 | ATM:0.63 OTM:0.37 [seq] | lr: 2.50e-04 | left: 115s
step 06850 ( 52.5%) | loss: 0.456786 | trade:0.01 call:0.66 put:0.34 | ATM:0.62 OTM:0.38 [seq] | lr: 2.50e-04 | left: 114s
step 06900 ( 52.9%) | loss: 0.207283 | trade:0.85 call:0.01 put:0.99 | ATM:0.76 OTM:0.24 [seq] | lr: 2.50e-04 | left: 113s
step 06950 ( 53.3%) | loss: 0.496345 | trade:0.26 call:0.77 put:0.23 | ATM:0.60 OTM:0.40 [rnd] | lr: 2.50e-04 | left: 112s
step 07000 ( 53.6%) | loss: 0.252658 | trade:0.95 call:1.00 put:0.00 | ATM:0.30 OTM:0.70 [seq] | lr: 2.50e-04 | left: 111s
step 07050 ( 54.0%) | loss: 0.390834 | trade:0.98 call:1.00 put:0.00 | ATM:0.14 OTM:0.86 [seq] | lr: 2.50e-04 | left: 110s
step 07100 ( 54.4%) | loss: 0.378133 | trade:0.95 call:1.00 put:0.00 | ATM:0.21 OTM:0.79 [seq] | lr: 2.50e-04 | left: 109s
step 07150 ( 54.8%) | loss: 1.528580 | trade:0.37 call:0.77 put:0.23 | ATM:0.57 OTM:0.43 [rnd] | lr: 2.50e-04 | left: 108s
step 07200 ( 55.2%) | loss: 0.504187 | trade:0.89 call:0.99 put:0.01 | ATM:0.33 OTM:0.67 [seq] | lr: 2.50e-04 | left: 107s
step 07250 ( 55.6%) | loss: 0.395833 | trade:0.34 call:0.80 put:0.20 | ATM:0.57 OTM:0.43 [rnd] | lr: 2.50e-04 | left: 106s
step 07300 ( 56.0%) | loss: 0.401163 | trade:0.02 call:0.94 put:0.06 | ATM:0.94 OTM:0.06 [seq] | lr: 2.50e-04 | left: 106s
step 07350 ( 56.3%) | loss: 0.403079 | trade:0.01 call:0.80 put:0.20 | ATM:0.59 OTM:0.41 [seq] | lr: 2.50e-04 | left: 105s
step 07400 ( 56.7%) | loss: 0.460645 | trade:0.32 call:0.79 put:0.21 | ATM:0.63 OTM:0.37 [rnd] | lr: 2.50e-04 | left: 104s
step 07450 ( 57.1%) | loss: 0.425204 | trade:0.30 call:0.73 put:0.27 | ATM:0.62 OTM:0.38 [rnd] | lr: 2.50e-04 | left: 103s
step 07500 ( 57.5%) | loss: 0.362586 | trade:0.00 call:0.82 put:0.18 | ATM:0.62 OTM:0.38 [seq] | lr: 2.50e-04 | left: 102s
step 07550 ( 57.8%) | loss: 0.404978 | trade:0.01 call:0.79 put:0.21 | ATM:0.69 OTM:0.31 [seq] | lr: 2.50e-04 | left: 101s
step 07600 ( 58.2%) | loss: 0.287961 | trade:0.01 call:0.77 put:0.23 | ATM:0.64 OTM:0.36 [seq] | lr: 2.50e-04 | left: 100s
step 07650 ( 58.6%) | loss: 0.475888 | trade:0.29 call:0.77 put:0.23 | ATM:0.63 OTM:0.37 [rnd] | lr: 2.50e-04 | left: 99s
step 07700 ( 58.9%) | loss: 0.352593 | trade:0.28 call:0.75 put:0.25 | ATM:0.60 OTM:0.40 [rnd] | lr: 2.50e-04 | left: 99s
step 07750 ( 59.3%) | loss: 0.362446 | trade:0.01 call:0.72 put:0.28 | ATM:0.62 OTM:0.38 [seq] | lr: 2.50e-04 | left: 98s
step 07800 ( 59.7%) | loss: 0.357021 | trade:0.34 call:0.80 put:0.20 | ATM:0.58 OTM:0.42 [rnd] | lr: 2.50e-04 | left: 97s
step 07850 ( 60.1%) | loss: 0.428675 | trade:0.01 call:0.94 put:0.06 | ATM:0.53 OTM:0.47 [seq] | lr: 2.50e-04 | left: 96s
step 07900 ( 60.4%) | loss: 0.529000 | trade:0.01 call:0.76 put:0.24 | ATM:0.75 OTM:0.25 [seq] | lr: 2.50e-04 | left: 95s
step 07950 ( 60.8%) | loss: 0.282897 | trade:0.31 call:0.77 put:0.23 | ATM:0.63 OTM:0.37 [rnd] | lr: 2.50e-04 | left: 94s
step 08000 ( 61.2%) | loss: 0.368751 | trade:0.91 call:0.01 put:0.99 | ATM:0.60 OTM:0.40 [seq] | lr: 2.50e-04 | left: 93s
step 08050 ( 61.6%) | loss: 0.508556 | trade:0.25 call:0.86 put:0.14 | ATM:0.72 OTM:0.28 [seq] | lr: 2.50e-04 | left: 92s
step 08100 ( 62.0%) | loss: 0.634893 | trade:0.31 call:0.76 put:0.24 | ATM:0.61 OTM:0.39 [rnd] | lr: 2.50e-04 | left: 91s
step 08150 ( 62.4%) | loss: 0.538262 | trade:0.34 call:0.90 put:0.10 | ATM:0.63 OTM:0.37 [seq] | lr: 2.50e-04 | left: 90s
step 08200 ( 62.8%) | loss: 0.652921 | trade:0.08 call:0.74 put:0.26 | ATM:0.57 OTM:0.43 [seq] | lr: 2.50e-04 | left: 89s
step 08250 ( 63.3%) | loss: 0.433333 | trade:0.02 call:0.88 put:0.12 | ATM:0.71 OTM:0.29 [seq] | lr: 2.50e-04 | left: 88s
step 08300 ( 63.7%) | loss: 0.554689 | trade:0.36 call:0.77 put:0.23 | ATM:0.57 OTM:0.43 [rnd] | lr: 2.50e-04 | left: 87s
step 08350 ( 64.0%) | loss: 0.647458 | trade:0.35 call:0.78 put:0.22 | ATM:0.57 OTM:0.43 [rnd] | lr: 2.50e-04 | left: 86s
step 08400 ( 64.5%) | loss: 1.228964 | trade:0.84 call:0.96 put:0.04 | ATM:0.50 OTM:0.50 [seq] | lr: 2.50e-04 | left: 85s
step 08450 ( 64.9%) | loss: 0.636802 | trade:0.35 call:0.81 put:0.19 | ATM:0.56 OTM:0.44 [rnd] | lr: 2.50e-04 | left: 84s
step 08500 ( 65.2%) | loss: 0.265217 | trade:0.04 call:0.87 put:0.13 | ATM:0.75 OTM:0.25 [seq] | lr: 2.50e-04 | left: 83s
step 08550 ( 65.6%) | loss: 0.253126 | trade:0.02 call:0.85 put:0.15 | ATM:0.76 OTM:0.24 [seq] | lr: 2.50e-04 | left: 83s
step 08600 ( 66.0%) | loss: 0.311016 | trade:0.01 call:0.35 put:0.65 | ATM:0.82 OTM:0.18 [seq] | lr: 2.50e-04 | left: 82s
step 08650 ( 66.3%) | loss: 0.471149 | trade:0.02 call:0.82 put:0.18 | ATM:0.77 OTM:0.23 [seq] | lr: 2.50e-04 | left: 81s
step 08700 ( 66.8%) | loss: 0.484216 | trade:0.50 call:0.61 put:0.39 | ATM:0.54 OTM:0.46 [seq] | lr: 2.50e-04 | left: 80s
step 08750 ( 67.1%) | loss: 0.451239 | trade:0.28 call:0.77 put:0.23 | ATM:0.60 OTM:0.40 [rnd] | lr: 2.50e-04 | left: 79s
step 08800 ( 67.5%) | loss: 0.582375 | trade:0.31 call:0.80 put:0.20 | ATM:0.57 OTM:0.43 [rnd] | lr: 2.50e-04 | left: 78s
step 08850 ( 67.9%) | loss: 0.429625 | trade:0.01 call:0.61 put:0.39 | ATM:0.68 OTM:0.32 [seq] | lr: 2.50e-04 | left: 77s
step 08900 ( 68.3%) | loss: 0.424479 | trade:0.48 call:0.91 put:0.09 | ATM:0.81 OTM:0.19 [seq] | lr: 2.50e-04 | left: 76s
step 08950 ( 68.7%) | loss: 0.592947 | trade:0.09 call:0.94 put:0.06 | ATM:0.93 OTM:0.07 [seq] | lr: 2.50e-04 | left: 75s
step 09000 ( 69.1%) | loss: 0.602054 | trade:0.02 call:0.91 put:0.09 | ATM:0.87 OTM:0.13 [seq] | lr: 2.50e-04 | left: 74s
step 09050 ( 69.4%) | loss: 0.249196 | trade:0.28 call:0.78 put:0.22 | ATM:0.59 OTM:0.41 [rnd] | lr: 2.50e-04 | left: 73s
step 09100 ( 69.8%) | loss: 0.555714 | trade:0.31 call:0.82 put:0.18 | ATM:0.61 OTM:0.39 [rnd] | lr: 2.50e-04 | left: 73s
step 09150 ( 70.1%) | loss: 0.237601 | trade:0.69 call:0.99 put:0.01 | ATM:0.47 OTM:0.53 [seq] | lr: 2.50e-04 | left: 72s
step 09200 ( 70.5%) | loss: 0.522133 | trade:0.03 call:0.91 put:0.09 | ATM:0.83 OTM:0.17 [seq] | lr: 2.50e-04 | left: 71s
step 09250 ( 70.9%) | loss: 0.704870 | trade:0.32 call:0.77 put:0.23 | ATM:0.58 OTM:0.42 [rnd] | lr: 2.49e-04 | left: 70s
step 09300 ( 71.3%) | loss: 0.367121 | trade:0.02 call:0.71 put:0.29 | ATM:0.74 OTM:0.26 [seq] | lr: 2.49e-04 | left: 69s
step 09350 ( 71.7%) | loss: 0.707266 | trade:0.01 call:0.73 put:0.27 | ATM:0.60 OTM:0.40 [seq] | lr: 2.48e-04 | left: 68s
step 09400 ( 72.1%) | loss: 0.544395 | trade:0.98 call:0.01 put:0.99 | ATM:0.76 OTM:0.24 [seq] | lr: 2.47e-04 | left: 67s
step 09450 ( 72.4%) | loss: 0.209260 | trade:0.86 call:0.00 put:1.00 | ATM:0.68 OTM:0.32 [seq] | lr: 2.46e-04 | left: 66s
step 09500 ( 72.8%) | loss: 0.425321 | trade:0.01 call:0.77 put:0.23 | ATM:0.54 OTM:0.46 [seq] | lr: 2.45e-04 | left: 65s
step 09550 ( 73.2%) | loss: 0.576638 | trade:0.26 call:0.75 put:0.25 | ATM:0.59 OTM:0.41 [rnd] | lr: 2.43e-04 | left: 64s
step 09600 ( 73.6%) | loss: 0.608747 | trade:0.02 call:0.89 put:0.11 | ATM:0.82 OTM:0.18 [seq] | lr: 2.41e-04 | left: 63s
step 09650 ( 74.0%) | loss: 0.453835 | trade:0.03 call:0.88 put:0.12 | ATM:0.79 OTM:0.21 [seq] | lr: 2.39e-04 | left: 62s
step 09700 ( 74.3%) | loss: 0.222403 | trade:0.02 call:0.95 put:0.05 | ATM:0.89 OTM:0.11 [seq] | lr: 2.37e-04 | left: 62s
step 09750 ( 74.7%) | loss: 0.353639 | trade:0.62 call:0.74 put:0.26 | ATM:0.43 OTM:0.57 [seq] | lr: 2.35e-04 | left: 61s
step 09800 ( 75.1%) | loss: 0.393961 | trade:0.92 call:0.99 put:0.01 | ATM:0.31 OTM:0.69 [seq] | lr: 2.33e-04 | left: 60s
step 09850 ( 75.4%) | loss: 0.321088 | trade:0.10 call:0.82 put:0.18 | ATM:0.31 OTM:0.69 [seq] | lr: 2.30e-04 | left: 59s
step 09900 ( 75.8%) | loss: 0.430394 | trade:0.29 call:0.79 put:0.21 | ATM:0.60 OTM:0.40 [rnd] | lr: 2.28e-04 | left: 58s
step 09950 ( 76.2%) | loss: 0.610308 | trade:0.27 call:0.78 put:0.22 | ATM:0.60 OTM:0.40 [rnd] | lr: 2.25e-04 | left: 57s
step 10000 ( 76.6%) | loss: 0.496348 | trade:0.01 call:0.87 put:0.13 | ATM:0.74 OTM:0.26 [seq] | lr: 2.21e-04 | left: 56s
step 10050 ( 76.9%) | loss: 0.528861 | trade:0.30 call:0.80 put:0.20 | ATM:0.60 OTM:0.40 [rnd] | lr: 2.18e-04 | left: 55s
step 10100 ( 77.3%) | loss: 0.435771 | trade:0.04 call:0.94 put:0.06 | ATM:0.89 OTM:0.11 [seq] | lr: 2.15e-04 | left: 54s
step 10150 ( 77.7%) | loss: 0.487115 | trade:0.24 call:0.80 put:0.20 | ATM:0.64 OTM:0.36 [rnd] | lr: 2.11e-04 | left: 53s
step 10200 ( 78.1%) | loss: 0.430528 | trade:0.32 call:0.82 put:0.18 | ATM:0.58 OTM:0.42 [rnd] | lr: 2.08e-04 | left: 53s
step 10250 ( 78.4%) | loss: 0.367325 | trade:0.23 call:0.81 put:0.19 | ATM:0.60 OTM:0.40 [rnd] | lr: 2.04e-04 | left: 52s
step 10300 ( 78.8%) | loss: 0.263091 | trade:0.02 call:0.69 put:0.31 | ATM:0.48 OTM:0.52 [seq] | lr: 2.00e-04 | left: 51s
step 10350 ( 79.2%) | loss: 0.497815 | trade:0.01 call:0.64 put:0.36 | ATM:0.57 OTM:0.43 [seq] | lr: 1.96e-04 | left: 50s
step 10400 ( 79.6%) | loss: 0.406376 | trade:0.02 call:0.95 put:0.05 | ATM:0.51 OTM:0.49 [seq] | lr: 1.92e-04 | left: 49s
step 10450 ( 80.0%) | loss: 0.530348 | trade:0.96 call:0.99 put:0.01 | ATM:0.35 OTM:0.65 [seq] | lr: 1.88e-04 | left: 48s
step 10500 ( 80.3%) | loss: 0.406693 | trade:0.31 call:0.78 put:0.22 | ATM:0.58 OTM:0.42 [rnd] | lr: 1.84e-04 | left: 47s
step 10550 ( 80.7%) | loss: 0.415232 | trade:0.05 call:0.85 put:0.15 | ATM:0.69 OTM:0.31 [seq] | lr: 1.79e-04 | left: 46s
step 10600 ( 81.1%) | loss: 0.591192 | trade:0.51 call:0.92 put:0.08 | ATM:0.54 OTM:0.46 [seq] | lr: 1.74e-04 | left: 45s
step 10650 ( 81.5%) | loss: 0.436384 | trade:0.99 call:0.01 put:0.99 | ATM:0.79 OTM:0.21 [seq] | lr: 1.69e-04 | left: 44s
step 10700 ( 81.9%) | loss: 0.394039 | trade:0.90 call:0.01 put:0.99 | ATM:0.72 OTM:0.28 [seq] | lr: 1.65e-04 | left: 43s
step 10750 ( 82.3%) | loss: 0.419223 | trade:0.27 call:0.73 put:0.27 | ATM:0.64 OTM:0.36 [rnd] | lr: 1.60e-04 | left: 43s
step 10800 ( 82.6%) | loss: 0.448306 | trade:0.31 call:0.76 put:0.24 | ATM:0.58 OTM:0.42 [rnd] | lr: 1.56e-04 | left: 42s
step 10850 ( 83.0%) | loss: 0.601222 | trade:0.38 call:0.78 put:0.22 | ATM:0.60 OTM:0.40 [rnd] | lr: 1.50e-04 | left: 41s
step 10900 ( 83.4%) | loss: 0.554456 | trade:0.09 call:0.97 put:0.03 | ATM:0.52 OTM:0.48 [seq] | lr: 1.46e-04 | left: 40s
step 10950 ( 83.8%) | loss: 0.586458 | trade:0.33 call:0.77 put:0.23 | ATM:0.58 OTM:0.42 [rnd] | lr: 1.41e-04 | left: 39s
step 11000 ( 84.2%) | loss: 0.551772 | trade:0.33 call:0.77 put:0.23 | ATM:0.62 OTM:0.38 [rnd] | lr: 1.36e-04 | left: 38s
step 11050 ( 84.5%) | loss: 0.412859 | trade:0.26 call:0.83 put:0.17 | ATM:0.59 OTM:0.41 [rnd] | lr: 1.31e-04 | left: 37s
step 11100 ( 84.9%) | loss: 0.587662 | trade:0.94 call:0.99 put:0.01 | ATM:0.40 OTM:0.60 [seq] | lr: 1.26e-04 | left: 36s
step 11150 ( 85.3%) | loss: 0.431158 | trade:0.56 call:0.03 put:0.97 | ATM:0.97 OTM:0.03 [seq] | lr: 1.21e-04 | left: 35s
step 11200 ( 85.7%) | loss: 0.541172 | trade:0.01 call:0.65 put:0.35 | ATM:0.73 OTM:0.27 [seq] | lr: 1.16e-04 | left: 34s
step 11250 ( 86.1%) | loss: 0.741943 | trade:0.52 call:0.64 put:0.36 | ATM:0.66 OTM:0.34 [seq] | lr: 1.11e-04 | left: 33s
step 11300 ( 86.6%) | loss: 0.845363 | trade:0.33 call:0.74 put:0.26 | ATM:0.64 OTM:0.36 [seq] | lr: 1.05e-04 | left: 32s
step 11350 ( 87.0%) | loss: 0.655426 | trade:0.99 call:1.00 put:0.00 | ATM:0.15 OTM:0.85 [seq] | lr: 9.92e-05 | left: 31s
step 11400 ( 87.4%) | loss: 0.525126 | trade:0.98 call:1.00 put:0.00 | ATM:0.17 OTM:0.83 [seq] | lr: 9.42e-05 | left: 30s
step 11450 ( 87.8%) | loss: 0.584937 | trade:0.10 call:0.92 put:0.08 | ATM:0.55 OTM:0.45 [seq] | lr: 8.90e-05 | left: 29s
step 11500 ( 88.2%) | loss: 0.438305 | trade:0.02 call:0.60 put:0.40 | ATM:0.33 OTM:0.67 [seq] | lr: 8.44e-05 | left: 28s
step 11550 ( 88.5%) | loss: 0.353707 | trade:0.29 call:0.79 put:0.21 | ATM:0.62 OTM:0.38 [rnd] | lr: 8.00e-05 | left: 28s
step 11600 ( 88.9%) | loss: 0.537558 | trade:0.93 call:0.99 put:0.01 | ATM:0.32 OTM:0.68 [seq] | lr: 7.53e-05 | left: 27s
step 11650 ( 89.3%) | loss: 0.525411 | trade:0.28 call:0.81 put:0.19 | ATM:0.58 OTM:0.42 [rnd] | lr: 7.08e-05 | left: 26s
step 11700 ( 89.7%) | loss: 0.496312 | trade:0.01 call:0.81 put:0.19 | ATM:0.65 OTM:0.35 [seq] | lr: 6.63e-05 | left: 25s
step 11750 ( 90.0%) | loss: 0.501316 | trade:0.27 call:0.81 put:0.19 | ATM:0.63 OTM:0.37 [rnd] | lr: 6.20e-05 | left: 24s
step 11800 ( 90.4%) | loss: 0.422699 | trade:0.93 call:0.99 put:0.01 | ATM:0.49 OTM:0.51 [seq] | lr: 5.78e-05 | left: 23s
step 11850 ( 90.8%) | loss: 0.311114 | trade:0.90 call:1.00 put:0.00 | ATM:0.27 OTM:0.73 [seq] | lr: 5.38e-05 | left: 22s
step 11900 ( 91.2%) | loss: 0.232296 | trade:0.02 call:0.78 put:0.22 | ATM:0.34 OTM:0.66 [seq] | lr: 4.98e-05 | left: 21s
step 11950 ( 91.6%) | loss: 0.759068 | trade:0.01 call:0.84 put:0.16 | ATM:0.82 OTM:0.18 [seq] | lr: 4.55e-05 | left: 20s
step 12000 ( 92.0%) | loss: 0.591651 | trade:0.05 call:0.96 put:0.04 | ATM:0.93 OTM:0.07 [seq] | lr: 4.16e-05 | left: 19s
step 12050 ( 92.4%) | loss: 0.358639 | trade:0.42 call:0.38 put:0.62 | ATM:0.82 OTM:0.18 [seq] | lr: 3.79e-05 | left: 18s
step 12100 ( 92.8%) | loss: 0.605393 | trade:0.47 call:0.87 put:0.13 | ATM:0.55 OTM:0.45 [seq] | lr: 3.39e-05 | left: 17s
step 12150 ( 93.2%) | loss: 0.355362 | trade:0.01 call:0.66 put:0.34 | ATM:0.56 OTM:0.44 [seq] | lr: 3.04e-05 | left: 16s
step 12200 ( 93.6%) | loss: 0.437917 | trade:0.01 call:0.82 put:0.18 | ATM:0.51 OTM:0.49 [seq] | lr: 2.72e-05 | left: 15s
step 12250 ( 94.0%) | loss: 0.525556 | trade:0.01 call:0.70 put:0.30 | ATM:0.39 OTM:0.61 [seq] | lr: 2.40e-05 | left: 14s
step 12300 ( 94.4%) | loss: 0.461083 | trade:0.03 call:0.85 put:0.15 | ATM:0.39 OTM:0.61 [seq] | lr: 2.11e-05 | left: 14s
step 12350 ( 94.7%) | loss: 0.296439 | trade:0.01 call:0.54 put:0.46 | ATM:0.50 OTM:0.50 [seq] | lr: 1.85e-05 | left: 13s
step 12400 ( 95.1%) | loss: 0.423586 | trade:0.05 call:0.89 put:0.11 | ATM:0.89 OTM:0.11 [seq] | lr: 1.63e-05 | left: 12s
step 12450 ( 95.4%) | loss: 0.319948 | trade:0.61 call:0.99 put:0.01 | ATM:0.30 OTM:0.70 [seq] | lr: 1.39e-05 | left: 11s
step 12500 ( 95.8%) | loss: 0.425306 | trade:0.01 call:0.72 put:0.28 | ATM:0.64 OTM:0.36 [seq] | lr: 1.17e-05 | left: 10s
step 12550 ( 96.3%) | loss: 0.439416 | trade:0.04 call:0.84 put:0.16 | ATM:0.55 OTM:0.45 [seq] | lr: 9.44e-06 | left: 9s
step 12600 ( 96.7%) | loss: 0.590500 | trade:0.96 call:0.02 put:0.98 | ATM:0.68 OTM:0.32 [seq] | lr: 7.58e-06 | left: 8s
step 12650 ( 97.0%) | loss: 0.439397 | trade:0.91 call:0.00 put:1.00 | ATM:0.73 OTM:0.27 [seq] | lr: 6.01e-06 | left: 7s
step 12700 ( 97.4%) | loss: 0.450492 | trade:0.02 call:0.60 put:0.40 | ATM:0.54 OTM:0.46 [seq] | lr: 4.58e-06 | left: 6s
step 12750 ( 97.8%) | loss: 0.449935 | trade:0.32 call:0.77 put:0.23 | ATM:0.61 OTM:0.39 [rnd] | lr: 3.36e-06 | left: 5s
step 12800 ( 98.2%) | loss: 0.458772 | trade:0.09 call:0.91 put:0.09 | ATM:0.45 OTM:0.55 [seq] | lr: 2.29e-06 | left: 4s
step 12850 ( 98.5%) | loss: 0.487410 | trade:0.33 call:0.77 put:0.23 | ATM:0.55 OTM:0.45 [rnd] | lr: 1.48e-06 | left: 4s
step 12900 ( 98.9%) | loss: 0.334017 | trade:0.03 call:0.84 put:0.16 | ATM:0.85 OTM:0.15 [seq] | lr: 7.82e-07 | left: 3s
step 12950 ( 99.4%) | loss: 0.533906 | trade:0.25 call:0.78 put:0.22 | ATM:0.61 OTM:0.39 [rnd] | lr: 2.85e-07 | left: 2s
step 13000 ( 99.8%) | loss: 0.945876 | trade:0.51 call:0.43 put:0.57 | ATM:0.68 OTM:0.32 [seq] | lr: 2.66e-08 | left: 0s

Training done at 245s. Starting evaluation...
Evaluation done in 1s (total wall: 246s)
Model saved to /root/best_model.pt

---
score:              -10.000000
profit_factor:      0.000000
win_rate:           0.000000
avg_winner:         0.000000
avg_loser:          0.000000
trades_per_day:     0.000000
max_consec_loss:    0
num_trades:         1
trade_sharpe:       0.000000
sortino:            0.000000
max_drawdown:       0.000000
calmar:             0.000000
ev_per_trade:       0.000000
do_nothing_pct:     1.000000
exit_pct:           0.000000
model_exit_count:   0
cooldown_blocked:   0
pre_10am_blocked:   0
short_hold_pct:     0.000000
stop_loss_rate:     0.000000
direction_collapse_pct: 0.000000
avg_entry_cost_bps: 300.000000
avg_entry_quality:  0.000000
cost_realism_coverage: 0.000000
high_cost_entry_rate: 1.000000
low_quality_entry_rate: 1.000000
actionable_bar_rate: 0.000000
risk_off_bar_rate:  0.000000
final_capital:      10000.00
equity_sharpe:      0.000000
max_equity_dd:      0.000000
total_dollar_return:0.000000
val_sharpe:         113.988757
total_return:       0.000000
num_val_bars:       260
num_val_days:       5
worst_chunk_pf:     1.00
rr_ratio:           0.0000
avg_hold_bars:      0.00
model_exit_rate:    0.0000
hit_ruin:           False
min_equity_frac:    1.0000
avg_risk_fraction:  0.0000
max_risk_fraction:  0.0000
trades_blocked_by_balance: 0
training_seconds:   240.0
total_seconds:      248.3
peak_vram_mb:       453.9
num_steps:          13022
num_params:         145,064
lookback:           120
depth:              3
d_model:            64
effective_lr:       0.00025
gate_label_smoothing:0.050000
dir_label_smoothing:0.050000
false_entry_penalty:2.000000
/opt/conda/lib/python3.11/site-packages/torch/nn/modules/transformer.py:379: UserWarning: enable_nested_tensor is True, but self.use_nested_tensor is False because encoder_layer.norm_first was True
  warnings.warn(
