Loading data from: /root/.cache/autoresearch-trading/features/data.pt
Loaded 382920 1-min bars, 70 features, 8 actions
  ~981 trading days
Training:   up to idx 268019
Validation: idx 268020-382919
  Option P&L coverage: 296720/382920 (77%)
Parameters: 147,496
Architecture: v4 simplified two-head (gate+dir) + position state
Training from scratch (v4: no warm-start).

Budget: 240s | Batch: 128 | Lookback: 120
LR: 0.0003 | Depth: 3 | d_model: 64 | ff_mult: 3
Dropout: 0.15 | Weight decay: 0.05
False entry penalty: 2.0x
Label smoothing: gate=0.05 dir=0.05

step 00000 (  0.0%) | loss: 3.472799 | trade:0.31 call:0.45 put:0.55 | ATM:0.25 OTM:0.75 | lr: 0.00e+00 | left: 240s
step 00050 (  0.3%) | loss: 3.247653 | trade:0.30 call:0.46 put:0.54 | ATM:0.25 OTM:0.75 | lr: 1.01e-05 | left: 239s
step 00100 (  0.8%) | loss: 3.234859 | trade:0.32 call:0.47 put:0.53 | ATM:0.25 OTM:0.75 | lr: 2.52e-05 | left: 238s
step 00150 (  1.3%) | loss: 3.128241 | trade:0.36 call:0.49 put:0.51 | ATM:0.26 OTM:0.74 | lr: 4.03e-05 | left: 237s
step 00200 (  1.8%) | loss: 3.082439 | trade:0.40 call:0.52 put:0.48 | ATM:0.27 OTM:0.73 | lr: 5.52e-05 | left: 236s
step 00250 (  2.3%) | loss: 2.921873 | trade:0.45 call:0.57 put:0.43 | ATM:0.28 OTM:0.72 | lr: 7.01e-05 | left: 234s
step 00300 (  2.8%) | loss: 2.876566 | trade:0.45 call:0.59 put:0.41 | ATM:0.27 OTM:0.73 | lr: 8.51e-05 | left: 233s
step 00350 (  3.3%) | loss: 2.821392 | trade:0.47 call:0.64 put:0.36 | ATM:0.28 OTM:0.72 | lr: 1.00e-04 | left: 232s
step 00400 (  3.8%) | loss: 2.769215 | trade:0.46 call:0.64 put:0.36 | ATM:0.29 OTM:0.71 | lr: 1.15e-04 | left: 231s
step 00450 (  4.3%) | loss: 2.766530 | trade:0.47 call:0.66 put:0.34 | ATM:0.30 OTM:0.70 | lr: 1.30e-04 | left: 230s
step 00500 (  4.8%) | loss: 2.717229 | trade:0.46 call:0.65 put:0.35 | ATM:0.32 OTM:0.68 | lr: 1.45e-04 | left: 228s
step 00550 (  5.3%) | loss: 2.657770 | trade:0.45 call:0.66 put:0.34 | ATM:0.32 OTM:0.68 | lr: 1.60e-04 | left: 227s
step 00600 (  5.8%) | loss: 2.628221 | trade:0.49 call:0.73 put:0.27 | ATM:0.30 OTM:0.70 | lr: 1.75e-04 | left: 226s
step 00650 (  6.3%) | loss: 2.615383 | trade:0.48 call:0.64 put:0.36 | ATM:0.31 OTM:0.69 | lr: 1.90e-04 | left: 225s
step 00700 (  6.8%) | loss: 2.621166 | trade:0.48 call:0.64 put:0.36 | ATM:0.32 OTM:0.68 | lr: 2.05e-04 | left: 224s
step 00750 (  7.3%) | loss: 2.596651 | trade:0.48 call:0.71 put:0.29 | ATM:0.29 OTM:0.71 | lr: 2.20e-04 | left: 222s
step 00800 (  7.8%) | loss: 2.546239 | trade:0.48 call:0.74 put:0.26 | ATM:0.31 OTM:0.69 | lr: 2.35e-04 | left: 221s
step 00850 (  8.3%) | loss: 2.519780 | trade:0.50 call:0.73 put:0.27 | ATM:0.31 OTM:0.69 | lr: 2.50e-04 | left: 220s
step 00900 (  8.8%) | loss: 2.515249 | trade:0.44 call:0.65 put:0.35 | ATM:0.33 OTM:0.67 | lr: 2.65e-04 | left: 219s
step 00950 (  9.3%) | loss: 2.494367 | trade:0.45 call:0.63 put:0.37 | ATM:0.33 OTM:0.67 | lr: 2.80e-04 | left: 218s
step 01000 (  9.8%) | loss: 2.517377 | trade:0.46 call:0.70 put:0.30 | ATM:0.30 OTM:0.70 | lr: 2.95e-04 | left: 216s
step 01050 ( 10.3%) | loss: 2.437450 | trade:0.45 call:0.57 put:0.43 | ATM:0.38 OTM:0.62 | lr: 3.00e-04 | left: 215s
step 01100 ( 10.8%) | loss: 2.453417 | trade:0.45 call:0.65 put:0.35 | ATM:0.35 OTM:0.65 | lr: 3.00e-04 | left: 214s
step 01150 ( 11.3%) | loss: 2.437815 | trade:0.43 call:0.67 put:0.33 | ATM:0.34 OTM:0.66 | lr: 3.00e-04 | left: 213s
step 01200 ( 11.8%) | loss: 2.371698 | trade:0.49 call:0.59 put:0.41 | ATM:0.32 OTM:0.68 | lr: 3.00e-04 | left: 212s
step 01250 ( 12.3%) | loss: 2.341943 | trade:0.49 call:0.67 put:0.33 | ATM:0.35 OTM:0.65 | lr: 3.00e-04 | left: 210s
step 01300 ( 12.8%) | loss: 2.321990 | trade:0.47 call:0.60 put:0.40 | ATM:0.36 OTM:0.64 | lr: 3.00e-04 | left: 209s
step 01350 ( 13.3%) | loss: 2.291843 | trade:0.46 call:0.61 put:0.39 | ATM:0.33 OTM:0.67 | lr: 3.00e-04 | left: 208s
step 01400 ( 13.8%) | loss: 2.271221 | trade:0.46 call:0.61 put:0.39 | ATM:0.37 OTM:0.63 | lr: 3.00e-04 | left: 207s
step 01450 ( 14.3%) | loss: 2.280331 | trade:0.45 call:0.73 put:0.27 | ATM:0.36 OTM:0.64 | lr: 3.00e-04 | left: 206s
step 01500 ( 14.5%) | loss: 2.270044 | trade:0.48 call:0.66 put:0.34 | ATM:0.33 OTM:0.67 | lr: 3.00e-04 | left: 205s
step 01550 ( 14.7%) | loss: 2.216380 | trade:0.50 call:0.70 put:0.30 | ATM:0.32 OTM:0.68 | lr: 3.00e-04 | left: 205s
step 01600 ( 14.9%) | loss: 2.211179 | trade:0.45 call:0.70 put:0.30 | ATM:0.37 OTM:0.63 | lr: 3.00e-04 | left: 204s
step 01650 ( 15.1%) | loss: 2.263552 | trade:0.46 call:0.63 put:0.37 | ATM:0.37 OTM:0.63 | lr: 3.00e-04 | left: 204s
step 01700 ( 15.3%) | loss: 2.233778 | trade:0.47 call:0.61 put:0.39 | ATM:0.39 OTM:0.61 | lr: 3.00e-04 | left: 203s
step 01750 ( 15.5%) | loss: 2.215360 | trade:0.44 call:0.64 put:0.36 | ATM:0.38 OTM:0.62 | lr: 3.00e-04 | left: 203s
step 01800 ( 15.7%) | loss: 2.170114 | trade:0.48 call:0.70 put:0.30 | ATM:0.35 OTM:0.65 | lr: 3.00e-04 | left: 202s
step 01850 ( 15.9%) | loss: 2.127891 | trade:0.44 call:0.72 put:0.28 | ATM:0.33 OTM:0.67 | lr: 3.00e-04 | left: 202s
step 01900 ( 16.1%) | loss: 2.092642 | trade:0.48 call:0.64 put:0.36 | ATM:0.39 OTM:0.61 | lr: 3.00e-04 | left: 201s
step 01950 ( 16.3%) | loss: 2.117612 | trade:0.52 call:0.68 put:0.32 | ATM:0.34 OTM:0.66 | lr: 3.00e-04 | left: 201s
step 02000 ( 16.5%) | loss: 2.075750 | trade:0.42 call:0.68 put:0.32 | ATM:0.39 OTM:0.61 | lr: 3.00e-04 | left: 201s
step 02050 ( 16.7%) | loss: 2.118185 | trade:0.49 call:0.60 put:0.40 | ATM:0.42 OTM:0.58 | lr: 3.00e-04 | left: 200s
step 02100 ( 16.9%) | loss: 2.082805 | trade:0.54 call:0.66 put:0.34 | ATM:0.35 OTM:0.65 | lr: 3.00e-04 | left: 200s
step 02150 ( 17.0%) | loss: 2.070803 | trade:0.44 call:0.63 put:0.37 | ATM:0.37 OTM:0.63 | lr: 3.00e-04 | left: 199s
step 02200 ( 17.2%) | loss: 2.067376 | trade:0.46 call:0.65 put:0.35 | ATM:0.36 OTM:0.64 | lr: 3.00e-04 | left: 199s
step 02250 ( 17.4%) | loss: 2.030733 | trade:0.44 call:0.65 put:0.35 | ATM:0.41 OTM:0.59 | lr: 3.00e-04 | left: 198s
step 02300 ( 17.7%) | loss: 2.010322 | trade:0.50 call:0.64 put:0.36 | ATM:0.40 OTM:0.60 | lr: 3.00e-04 | left: 198s
step 02350 ( 17.9%) | loss: 2.030782 | trade:0.47 call:0.76 put:0.24 | ATM:0.39 OTM:0.61 | lr: 3.00e-04 | left: 197s
step 02400 ( 18.2%) | loss: 2.034657 | trade:0.51 call:0.71 put:0.29 | ATM:0.36 OTM:0.64 | lr: 3.00e-04 | left: 196s
step 02450 ( 18.4%) | loss: 1.978794 | trade:0.45 call:0.64 put:0.36 | ATM:0.42 OTM:0.58 | lr: 3.00e-04 | left: 196s
step 02500 ( 18.6%) | loss: 1.990942 | trade:0.48 call:0.70 put:0.30 | ATM:0.40 OTM:0.60 | lr: 3.00e-04 | left: 195s
step 02550 ( 18.8%) | loss: 2.035998 | trade:0.50 call:0.69 put:0.31 | ATM:0.36 OTM:0.64 | lr: 3.00e-04 | left: 195s
step 02600 ( 19.1%) | loss: 1.960484 | trade:0.43 call:0.59 put:0.41 | ATM:0.43 OTM:0.57 | lr: 3.00e-04 | left: 194s
step 02650 ( 19.4%) | loss: 1.955827 | trade:0.47 call:0.64 put:0.36 | ATM:0.44 OTM:0.56 | lr: 3.00e-04 | left: 193s
step 02700 ( 19.6%) | loss: 1.929481 | trade:0.46 call:0.66 put:0.34 | ATM:0.38 OTM:0.62 | lr: 3.00e-04 | left: 193s
step 02750 ( 19.8%) | loss: 1.989731 | trade:0.47 call:0.67 put:0.33 | ATM:0.37 OTM:0.63 | lr: 3.00e-04 | left: 192s
step 02800 ( 20.0%) | loss: 1.957414 | trade:0.44 call:0.68 put:0.32 | ATM:0.38 OTM:0.62 | lr: 3.00e-04 | left: 192s
step 02850 ( 20.4%) | loss: 1.885282 | trade:0.44 call:0.59 put:0.41 | ATM:0.37 OTM:0.63 | lr: 3.00e-04 | left: 191s
step 02900 ( 20.7%) | loss: 1.900549 | trade:0.41 call:0.67 put:0.33 | ATM:0.42 OTM:0.58 | lr: 3.00e-04 | left: 190s
step 02950 ( 21.1%) | loss: 1.925410 | trade:0.45 call:0.70 put:0.30 | ATM:0.37 OTM:0.63 | lr: 3.00e-04 | left: 189s
step 03000 ( 21.6%) | loss: 1.961455 | trade:0.50 call:0.75 put:0.25 | ATM:0.37 OTM:0.63 | lr: 3.00e-04 | left: 188s
step 03050 ( 22.1%) | loss: 1.909679 | trade:0.43 call:0.61 put:0.39 | ATM:0.49 OTM:0.51 | lr: 3.00e-04 | left: 187s
step 03100 ( 22.4%) | loss: 1.899798 | trade:0.44 call:0.68 put:0.32 | ATM:0.46 OTM:0.54 | lr: 3.00e-04 | left: 186s
step 03150 ( 22.6%) | loss: 1.856209 | trade:0.44 call:0.65 put:0.35 | ATM:0.39 OTM:0.61 | lr: 3.00e-04 | left: 186s
step 03200 ( 23.1%) | loss: 1.805009 | trade:0.43 call:0.68 put:0.32 | ATM:0.41 OTM:0.59 | lr: 3.00e-04 | left: 185s
step 03250 ( 23.3%) | loss: 1.859421 | trade:0.41 call:0.78 put:0.22 | ATM:0.41 OTM:0.59 | lr: 3.00e-04 | left: 184s
step 03300 ( 23.6%) | loss: 1.835965 | trade:0.46 call:0.72 put:0.28 | ATM:0.35 OTM:0.65 | lr: 3.00e-04 | left: 183s
step 03350 ( 23.8%) | loss: 1.832351 | trade:0.46 call:0.63 put:0.37 | ATM:0.42 OTM:0.58 | lr: 3.00e-04 | left: 183s
step 03400 ( 24.0%) | loss: 1.806617 | trade:0.39 call:0.63 put:0.37 | ATM:0.53 OTM:0.47 | lr: 3.00e-04 | left: 182s
step 03450 ( 24.2%) | loss: 1.890195 | trade:0.46 call:0.64 put:0.36 | ATM:0.47 OTM:0.53 | lr: 3.00e-04 | left: 182s
step 03500 ( 24.5%) | loss: 1.838460 | trade:0.50 call:0.64 put:0.36 | ATM:0.44 OTM:0.56 | lr: 3.00e-04 | left: 181s
step 03550 ( 25.0%) | loss: 1.821155 | trade:0.44 call:0.64 put:0.36 | ATM:0.45 OTM:0.55 | lr: 3.00e-04 | left: 180s
step 03600 ( 25.5%) | loss: 1.865316 | trade:0.45 call:0.64 put:0.36 | ATM:0.46 OTM:0.54 | lr: 3.00e-04 | left: 179s
step 03650 ( 25.7%) | loss: 1.852061 | trade:0.44 call:0.70 put:0.30 | ATM:0.45 OTM:0.55 | lr: 3.00e-04 | left: 178s
step 03700 ( 26.1%) | loss: 1.799920 | trade:0.42 call:0.63 put:0.37 | ATM:0.44 OTM:0.56 | lr: 3.00e-04 | left: 177s
step 03750 ( 26.6%) | loss: 1.823532 | trade:0.44 call:0.65 put:0.35 | ATM:0.44 OTM:0.56 | lr: 3.00e-04 | left: 176s
step 03800 ( 27.1%) | loss: 1.804176 | trade:0.41 call:0.68 put:0.32 | ATM:0.40 OTM:0.60 | lr: 3.00e-04 | left: 175s
step 03850 ( 27.6%) | loss: 1.815269 | trade:0.49 call:0.74 put:0.26 | ATM:0.40 OTM:0.60 | lr: 3.00e-04 | left: 174s
step 03900 ( 28.1%) | loss: 1.801388 | trade:0.47 call:0.62 put:0.38 | ATM:0.40 OTM:0.60 | lr: 3.00e-04 | left: 173s
step 03950 ( 28.6%) | loss: 1.804802 | trade:0.38 call:0.73 put:0.27 | ATM:0.47 OTM:0.53 | lr: 3.00e-04 | left: 171s
step 04000 ( 29.1%) | loss: 1.803794 | trade:0.46 call:0.63 put:0.37 | ATM:0.42 OTM:0.58 | lr: 3.00e-04 | left: 170s
step 04050 ( 29.6%) | loss: 1.783435 | trade:0.45 call:0.65 put:0.35 | ATM:0.46 OTM:0.54 | lr: 3.00e-04 | left: 169s
step 04100 ( 30.1%) | loss: 1.779982 | trade:0.46 call:0.71 put:0.29 | ATM:0.43 OTM:0.57 | lr: 3.00e-04 | left: 168s
step 04150 ( 30.6%) | loss: 1.746950 | trade:0.45 call:0.71 put:0.29 | ATM:0.42 OTM:0.58 | lr: 3.00e-04 | left: 167s
step 04200 ( 30.9%) | loss: 1.770805 | trade:0.49 call:0.73 put:0.27 | ATM:0.41 OTM:0.59 | lr: 3.00e-04 | left: 166s
step 04250 ( 31.3%) | loss: 1.759831 | trade:0.45 call:0.69 put:0.31 | ATM:0.40 OTM:0.60 | lr: 3.00e-04 | left: 165s
step 04300 ( 31.8%) | loss: 1.746132 | trade:0.50 call:0.70 put:0.30 | ATM:0.41 OTM:0.59 | lr: 3.00e-04 | left: 164s
step 04350 ( 32.3%) | loss: 1.695563 | trade:0.46 call:0.66 put:0.34 | ATM:0.46 OTM:0.54 | lr: 3.00e-04 | left: 162s
step 04400 ( 32.8%) | loss: 1.685991 | trade:0.39 call:0.69 put:0.31 | ATM:0.48 OTM:0.52 | lr: 3.00e-04 | left: 161s
step 04450 ( 33.3%) | loss: 1.711179 | trade:0.41 call:0.73 put:0.27 | ATM:0.48 OTM:0.52 | lr: 3.00e-04 | left: 160s
step 04500 ( 33.7%) | loss: 1.720861 | trade:0.45 call:0.65 put:0.35 | ATM:0.47 OTM:0.53 | lr: 3.00e-04 | left: 159s
step 04550 ( 33.9%) | loss: 1.719635 | trade:0.45 call:0.72 put:0.28 | ATM:0.44 OTM:0.56 | lr: 3.00e-04 | left: 159s
step 04600 ( 34.2%) | loss: 1.699504 | trade:0.44 call:0.66 put:0.34 | ATM:0.51 OTM:0.49 | lr: 3.00e-04 | left: 158s
step 04650 ( 34.7%) | loss: 1.676426 | trade:0.44 call:0.69 put:0.31 | ATM:0.48 OTM:0.52 | lr: 3.00e-04 | left: 157s
step 04700 ( 35.1%) | loss: 1.715008 | trade:0.42 call:0.67 put:0.33 | ATM:0.46 OTM:0.54 | lr: 3.00e-04 | left: 156s
step 04750 ( 35.6%) | loss: 1.763476 | trade:0.46 call:0.67 put:0.33 | ATM:0.46 OTM:0.54 | lr: 3.00e-04 | left: 154s
step 04800 ( 36.1%) | loss: 1.733915 | trade:0.42 call:0.70 put:0.30 | ATM:0.54 OTM:0.46 | lr: 3.00e-04 | left: 153s
step 04850 ( 36.6%) | loss: 1.724439 | trade:0.47 call:0.70 put:0.30 | ATM:0.41 OTM:0.59 | lr: 3.00e-04 | left: 152s
step 04900 ( 37.1%) | loss: 1.700517 | trade:0.42 call:0.69 put:0.31 | ATM:0.45 OTM:0.55 | lr: 3.00e-04 | left: 151s
step 04950 ( 37.4%) | loss: 1.737048 | trade:0.41 call:0.69 put:0.31 | ATM:0.44 OTM:0.56 | lr: 3.00e-04 | left: 150s
step 05000 ( 37.6%) | loss: 1.673897 | trade:0.48 call:0.73 put:0.27 | ATM:0.42 OTM:0.58 | lr: 3.00e-04 | left: 150s
step 05050 ( 37.9%) | loss: 1.673555 | trade:0.43 call:0.65 put:0.35 | ATM:0.44 OTM:0.56 | lr: 3.00e-04 | left: 149s
step 05100 ( 38.1%) | loss: 1.683344 | trade:0.40 call:0.63 put:0.37 | ATM:0.46 OTM:0.54 | lr: 3.00e-04 | left: 149s
step 05150 ( 38.3%) | loss: 1.629498 | trade:0.41 call:0.74 put:0.26 | ATM:0.47 OTM:0.53 | lr: 3.00e-04 | left: 148s
step 05200 ( 38.6%) | loss: 1.640186 | trade:0.45 call:0.66 put:0.34 | ATM:0.49 OTM:0.51 | lr: 3.00e-04 | left: 147s
step 05250 ( 38.9%) | loss: 1.673202 | trade:0.45 call:0.70 put:0.30 | ATM:0.50 OTM:0.50 | lr: 3.00e-04 | left: 147s
step 05300 ( 39.1%) | loss: 1.701938 | trade:0.42 call:0.59 put:0.41 | ATM:0.50 OTM:0.50 | lr: 3.00e-04 | left: 146s
step 05350 ( 39.3%) | loss: 1.662403 | trade:0.40 call:0.63 put:0.37 | ATM:0.51 OTM:0.49 | lr: 3.00e-04 | left: 146s
step 05400 ( 39.5%) | loss: 1.672738 | trade:0.43 call:0.67 put:0.33 | ATM:0.45 OTM:0.55 | lr: 3.00e-04 | left: 145s
step 05450 ( 39.8%) | loss: 1.715848 | trade:0.47 call:0.67 put:0.33 | ATM:0.41 OTM:0.59 | lr: 3.00e-04 | left: 144s
step 05500 ( 40.0%) | loss: 1.595693 | trade:0.41 call:0.66 put:0.34 | ATM:0.49 OTM:0.51 | lr: 3.00e-04 | left: 144s
step 05550 ( 40.2%) | loss: 1.674800 | trade:0.40 call:0.68 put:0.32 | ATM:0.49 OTM:0.51 | lr: 3.00e-04 | left: 143s
step 05600 ( 40.4%) | loss: 1.619377 | trade:0.44 call:0.65 put:0.35 | ATM:0.49 OTM:0.51 | lr: 3.00e-04 | left: 143s
step 05650 ( 40.6%) | loss: 1.602212 | trade:0.39 call:0.59 put:0.41 | ATM:0.53 OTM:0.47 | lr: 3.00e-04 | left: 142s
step 05700 ( 40.8%) | loss: 1.660236 | trade:0.40 call:0.62 put:0.38 | ATM:0.50 OTM:0.50 | lr: 3.00e-04 | left: 142s
step 05750 ( 41.1%) | loss: 1.706962 | trade:0.45 call:0.63 put:0.37 | ATM:0.47 OTM:0.53 | lr: 3.00e-04 | left: 141s
step 05800 ( 41.3%) | loss: 1.650052 | trade:0.37 call:0.63 put:0.37 | ATM:0.51 OTM:0.49 | lr: 3.00e-04 | left: 141s
step 05850 ( 41.5%) | loss: 1.586657 | trade:0.40 call:0.76 put:0.24 | ATM:0.48 OTM:0.52 | lr: 3.00e-04 | left: 140s
step 05900 ( 41.7%) | loss: 1.652604 | trade:0.40 call:0.67 put:0.33 | ATM:0.49 OTM:0.51 | lr: 3.00e-04 | left: 140s
step 05950 ( 42.0%) | loss: 1.600962 | trade:0.41 call:0.72 put:0.28 | ATM:0.48 OTM:0.52 | lr: 3.00e-04 | left: 139s
step 06000 ( 42.1%) | loss: 1.705132 | trade:0.37 call:0.71 put:0.29 | ATM:0.52 OTM:0.48 | lr: 3.00e-04 | left: 139s
step 06050 ( 42.3%) | loss: 1.601608 | trade:0.42 call:0.69 put:0.31 | ATM:0.50 OTM:0.50 | lr: 3.00e-04 | left: 138s
step 06100 ( 42.5%) | loss: 1.616562 | trade:0.42 call:0.68 put:0.32 | ATM:0.42 OTM:0.58 | lr: 3.00e-04 | left: 138s
step 06150 ( 42.7%) | loss: 1.669536 | trade:0.42 call:0.70 put:0.30 | ATM:0.50 OTM:0.50 | lr: 3.00e-04 | left: 137s
step 06200 ( 42.9%) | loss: 1.622275 | trade:0.40 call:0.65 put:0.35 | ATM:0.50 OTM:0.50 | lr: 3.00e-04 | left: 137s
step 06250 ( 43.1%) | loss: 1.615518 | trade:0.41 call:0.71 put:0.29 | ATM:0.48 OTM:0.52 | lr: 3.00e-04 | left: 136s
step 06300 ( 43.4%) | loss: 1.567290 | trade:0.43 call:0.73 put:0.27 | ATM:0.50 OTM:0.50 | lr: 3.00e-04 | left: 136s
step 06350 ( 43.6%) | loss: 1.622600 | trade:0.43 call:0.66 put:0.34 | ATM:0.53 OTM:0.47 | lr: 3.00e-04 | left: 135s
step 06400 ( 43.8%) | loss: 1.660164 | trade:0.45 call:0.74 put:0.26 | ATM:0.46 OTM:0.54 | lr: 3.00e-04 | left: 135s
step 06450 ( 44.1%) | loss: 1.648647 | trade:0.46 call:0.66 put:0.34 | ATM:0.48 OTM:0.52 | lr: 3.00e-04 | left: 134s
step 06500 ( 44.3%) | loss: 1.626061 | trade:0.38 call:0.62 put:0.38 | ATM:0.48 OTM:0.52 | lr: 3.00e-04 | left: 134s
step 06550 ( 44.5%) | loss: 1.572015 | trade:0.40 call:0.70 put:0.30 | ATM:0.51 OTM:0.49 | lr: 3.00e-04 | left: 133s
step 06600 ( 44.7%) | loss: 1.603209 | trade:0.44 call:0.62 put:0.38 | ATM:0.52 OTM:0.48 | lr: 3.00e-04 | left: 133s
step 06650 ( 44.9%) | loss: 1.547769 | trade:0.41 call:0.67 put:0.33 | ATM:0.53 OTM:0.47 | lr: 3.00e-04 | left: 132s
step 06700 ( 45.1%) | loss: 1.547376 | trade:0.39 call:0.64 put:0.36 | ATM:0.55 OTM:0.45 | lr: 3.00e-04 | left: 132s
step 06750 ( 45.3%) | loss: 1.588293 | trade:0.45 call:0.68 put:0.32 | ATM:0.45 OTM:0.55 | lr: 3.00e-04 | left: 131s
step 06800 ( 45.6%) | loss: 1.588044 | trade:0.37 call:0.69 put:0.31 | ATM:0.50 OTM:0.50 | lr: 3.00e-04 | left: 131s
step 06850 ( 46.1%) | loss: 1.614345 | trade:0.36 call:0.62 put:0.38 | ATM:0.53 OTM:0.47 | lr: 3.00e-04 | left: 129s
step 06900 ( 46.6%) | loss: 1.605386 | trade:0.42 call:0.72 put:0.28 | ATM:0.50 OTM:0.50 | lr: 3.00e-04 | left: 128s
step 06950 ( 47.1%) | loss: 1.636908 | trade:0.41 call:0.64 put:0.36 | ATM:0.51 OTM:0.49 | lr: 3.00e-04 | left: 127s
step 07000 ( 47.6%) | loss: 1.622486 | trade:0.42 call:0.62 put:0.38 | ATM:0.50 OTM:0.50 | lr: 3.00e-04 | left: 126s
step 07050 ( 48.0%) | loss: 1.576381 | trade:0.46 call:0.62 put:0.38 | ATM:0.48 OTM:0.52 | lr: 3.00e-04 | left: 125s
step 07100 ( 48.4%) | loss: 1.596082 | trade:0.45 call:0.67 put:0.33 | ATM:0.41 OTM:0.59 | lr: 3.00e-04 | left: 124s
step 07150 ( 48.6%) | loss: 1.538392 | trade:0.39 call:0.65 put:0.35 | ATM:0.53 OTM:0.47 | lr: 3.00e-04 | left: 123s
step 07200 ( 48.8%) | loss: 1.524692 | trade:0.42 call:0.73 put:0.27 | ATM:0.49 OTM:0.51 | lr: 3.00e-04 | left: 123s
step 07250 ( 49.0%) | loss: 1.631670 | trade:0.40 call:0.68 put:0.32 | ATM:0.53 OTM:0.47 | lr: 3.00e-04 | left: 122s
step 07300 ( 49.4%) | loss: 1.555783 | trade:0.35 call:0.69 put:0.31 | ATM:0.50 OTM:0.50 | lr: 3.00e-04 | left: 121s
step 07350 ( 49.9%) | loss: 1.593325 | trade:0.43 call:0.70 put:0.30 | ATM:0.46 OTM:0.54 | lr: 3.00e-04 | left: 120s
step 07400 ( 50.4%) | loss: 1.590132 | trade:0.39 call:0.68 put:0.32 | ATM:0.49 OTM:0.51 | lr: 3.00e-04 | left: 119s
step 07450 ( 50.9%) | loss: 1.577515 | trade:0.40 call:0.66 put:0.34 | ATM:0.51 OTM:0.49 | lr: 3.00e-04 | left: 118s
step 07500 ( 51.4%) | loss: 1.551295 | trade:0.40 call:0.69 put:0.31 | ATM:0.49 OTM:0.51 | lr: 3.00e-04 | left: 117s
step 07550 ( 51.9%) | loss: 1.601009 | trade:0.42 call:0.66 put:0.34 | ATM:0.54 OTM:0.46 | lr: 3.00e-04 | left: 115s
step 07600 ( 52.4%) | loss: 1.544109 | trade:0.36 call:0.71 put:0.29 | ATM:0.51 OTM:0.49 | lr: 3.00e-04 | left: 114s
step 07650 ( 52.9%) | loss: 1.630208 | trade:0.43 call:0.73 put:0.27 | ATM:0.49 OTM:0.51 | lr: 3.00e-04 | left: 113s
step 07700 ( 53.4%) | loss: 1.574293 | trade:0.38 call:0.66 put:0.34 | ATM:0.50 OTM:0.50 | lr: 3.00e-04 | left: 112s
step 07750 ( 53.8%) | loss: 1.577740 | trade:0.40 call:0.61 put:0.39 | ATM:0.56 OTM:0.44 | lr: 3.00e-04 | left: 111s
step 07800 ( 54.0%) | loss: 1.558851 | trade:0.38 call:0.67 put:0.33 | ATM:0.53 OTM:0.47 | lr: 3.00e-04 | left: 110s
step 07850 ( 54.3%) | loss: 1.565704 | trade:0.44 call:0.66 put:0.34 | ATM:0.46 OTM:0.54 | lr: 3.00e-04 | left: 110s
step 07900 ( 54.8%) | loss: 1.530808 | trade:0.40 call:0.65 put:0.35 | ATM:0.49 OTM:0.51 | lr: 3.00e-04 | left: 108s
step 07950 ( 55.3%) | loss: 1.492760 | trade:0.44 call:0.70 put:0.30 | ATM:0.44 OTM:0.56 | lr: 3.00e-04 | left: 107s
step 08000 ( 55.8%) | loss: 1.508779 | trade:0.40 call:0.68 put:0.32 | ATM:0.52 OTM:0.48 | lr: 3.00e-04 | left: 106s
step 08050 ( 56.3%) | loss: 1.575547 | trade:0.42 call:0.67 put:0.33 | ATM:0.55 OTM:0.45 | lr: 3.00e-04 | left: 105s
step 08100 ( 56.8%) | loss: 1.580414 | trade:0.38 call:0.65 put:0.35 | ATM:0.51 OTM:0.49 | lr: 3.00e-04 | left: 104s
step 08150 ( 57.3%) | loss: 1.564497 | trade:0.47 call:0.66 put:0.34 | ATM:0.48 OTM:0.52 | lr: 3.00e-04 | left: 102s
step 08200 ( 57.8%) | loss: 1.540757 | trade:0.46 call:0.71 put:0.29 | ATM:0.42 OTM:0.58 | lr: 3.00e-04 | left: 101s
step 08250 ( 58.3%) | loss: 1.556902 | trade:0.40 call:0.66 put:0.34 | ATM:0.43 OTM:0.57 | lr: 3.00e-04 | left: 100s
step 08300 ( 58.8%) | loss: 1.546639 | trade:0.39 call:0.68 put:0.32 | ATM:0.50 OTM:0.50 | lr: 3.00e-04 | left: 99s
step 08350 ( 59.0%) | loss: 1.509008 | trade:0.38 call:0.71 put:0.29 | ATM:0.49 OTM:0.51 | lr: 3.00e-04 | left: 98s
step 08400 ( 59.2%) | loss: 1.511922 | trade:0.44 call:0.72 put:0.28 | ATM:0.47 OTM:0.53 | lr: 3.00e-04 | left: 98s
step 08450 ( 59.7%) | loss: 1.553971 | trade:0.42 call:0.70 put:0.30 | ATM:0.45 OTM:0.55 | lr: 3.00e-04 | left: 97s
step 08500 ( 60.2%) | loss: 1.504712 | trade:0.39 call:0.64 put:0.36 | ATM:0.53 OTM:0.47 | lr: 3.00e-04 | left: 96s
step 08550 ( 60.7%) | loss: 1.516589 | trade:0.43 call:0.64 put:0.36 | ATM:0.53 OTM:0.47 | lr: 3.00e-04 | left: 94s
step 08600 ( 61.1%) | loss: 1.508359 | trade:0.42 call:0.65 put:0.35 | ATM:0.45 OTM:0.55 | lr: 3.00e-04 | left: 93s
step 08650 ( 61.6%) | loss: 1.549330 | trade:0.44 call:0.69 put:0.31 | ATM:0.43 OTM:0.57 | lr: 3.00e-04 | left: 92s
step 08700 ( 62.1%) | loss: 1.497122 | trade:0.36 call:0.64 put:0.36 | ATM:0.53 OTM:0.47 | lr: 3.00e-04 | left: 91s
step 08750 ( 62.6%) | loss: 1.487326 | trade:0.35 call:0.68 put:0.32 | ATM:0.51 OTM:0.49 | lr: 3.00e-04 | left: 90s
step 08800 ( 63.1%) | loss: 1.622048 | trade:0.43 call:0.68 put:0.32 | ATM:0.48 OTM:0.52 | lr: 3.00e-04 | left: 88s
step 08850 ( 63.6%) | loss: 1.532827 | trade:0.42 call:0.64 put:0.36 | ATM:0.49 OTM:0.51 | lr: 3.00e-04 | left: 87s
step 08900 ( 64.0%) | loss: 1.492354 | trade:0.38 call:0.66 put:0.34 | ATM:0.52 OTM:0.48 | lr: 3.00e-04 | left: 86s
step 08950 ( 64.3%) | loss: 1.567576 | trade:0.38 call:0.65 put:0.35 | ATM:0.57 OTM:0.43 | lr: 3.00e-04 | left: 86s
step 09000 ( 64.8%) | loss: 1.505077 | trade:0.40 call:0.69 put:0.31 | ATM:0.50 OTM:0.50 | lr: 3.00e-04 | left: 84s
step 09050 ( 65.3%) | loss: 1.450327 | trade:0.46 call:0.66 put:0.34 | ATM:0.48 OTM:0.52 | lr: 3.00e-04 | left: 83s
step 09100 ( 65.8%) | loss: 1.506573 | trade:0.41 call:0.71 put:0.29 | ATM:0.54 OTM:0.46 | lr: 3.00e-04 | left: 82s
step 09150 ( 66.0%) | loss: 1.516158 | trade:0.37 call:0.63 put:0.37 | ATM:0.50 OTM:0.50 | lr: 3.00e-04 | left: 82s
step 09200 ( 66.2%) | loss: 1.496533 | trade:0.45 call:0.67 put:0.33 | ATM:0.46 OTM:0.54 | lr: 3.00e-04 | left: 81s
step 09250 ( 66.4%) | loss: 1.487146 | trade:0.43 call:0.63 put:0.37 | ATM:0.52 OTM:0.48 | lr: 3.00e-04 | left: 81s
step 09300 ( 66.7%) | loss: 1.592832 | trade:0.47 call:0.61 put:0.39 | ATM:0.49 OTM:0.51 | lr: 3.00e-04 | left: 80s
step 09350 ( 67.0%) | loss: 1.524323 | trade:0.46 call:0.66 put:0.34 | ATM:0.48 OTM:0.52 | lr: 3.00e-04 | left: 79s
step 09400 ( 67.3%) | loss: 1.573137 | trade:0.47 call:0.70 put:0.30 | ATM:0.45 OTM:0.55 | lr: 3.00e-04 | left: 79s
step 09450 ( 67.5%) | loss: 1.520651 | trade:0.51 call:0.70 put:0.30 | ATM:0.49 OTM:0.51 | lr: 3.00e-04 | left: 78s
step 09500 ( 67.8%) | loss: 1.525688 | trade:0.44 call:0.59 put:0.41 | ATM:0.43 OTM:0.57 | lr: 3.00e-04 | left: 77s
step 09550 ( 68.1%) | loss: 1.402538 | trade:0.41 call:0.64 put:0.36 | ATM:0.50 OTM:0.50 | lr: 3.00e-04 | left: 77s
step 09600 ( 68.3%) | loss: 1.480297 | trade:0.44 call:0.67 put:0.33 | ATM:0.48 OTM:0.52 | lr: 3.00e-04 | left: 76s
step 09650 ( 68.5%) | loss: 1.482339 | trade:0.43 call:0.66 put:0.34 | ATM:0.52 OTM:0.48 | lr: 3.00e-04 | left: 76s
step 09700 ( 68.7%) | loss: 1.485337 | trade:0.40 call:0.68 put:0.32 | ATM:0.50 OTM:0.50 | lr: 3.00e-04 | left: 75s
step 09750 ( 68.9%) | loss: 1.518332 | trade:0.39 call:0.64 put:0.36 | ATM:0.48 OTM:0.52 | lr: 3.00e-04 | left: 75s
step 09800 ( 69.2%) | loss: 1.511181 | trade:0.44 call:0.70 put:0.30 | ATM:0.46 OTM:0.54 | lr: 3.00e-04 | left: 74s
step 09850 ( 69.4%) | loss: 1.494820 | trade:0.46 call:0.70 put:0.30 | ATM:0.49 OTM:0.51 | lr: 3.00e-04 | left: 73s
step 09900 ( 69.6%) | loss: 1.428541 | trade:0.41 call:0.70 put:0.30 | ATM:0.43 OTM:0.57 | lr: 3.00e-04 | left: 73s
step 09950 ( 69.8%) | loss: 1.523354 | trade:0.39 call:0.64 put:0.36 | ATM:0.49 OTM:0.51 | lr: 3.00e-04 | left: 72s
step 10000 ( 70.0%) | loss: 1.532285 | trade:0.43 call:0.69 put:0.31 | ATM:0.47 OTM:0.53 | lr: 3.00e-04 | left: 72s
step 10050 ( 70.2%) | loss: 1.481552 | trade:0.42 call:0.69 put:0.31 | ATM:0.51 OTM:0.49 | lr: 3.00e-04 | left: 72s
step 10100 ( 70.4%) | loss: 1.487849 | trade:0.44 call:0.68 put:0.32 | ATM:0.47 OTM:0.53 | lr: 3.00e-04 | left: 71s
step 10150 ( 70.6%) | loss: 1.496390 | trade:0.35 call:0.61 put:0.39 | ATM:0.54 OTM:0.46 | lr: 3.00e-04 | left: 71s
step 10200 ( 70.8%) | loss: 1.528331 | trade:0.36 call:0.69 put:0.31 | ATM:0.50 OTM:0.50 | lr: 2.99e-04 | left: 70s
step 10250 ( 71.0%) | loss: 1.456845 | trade:0.41 call:0.69 put:0.31 | ATM:0.48 OTM:0.52 | lr: 2.99e-04 | left: 70s
step 10300 ( 71.2%) | loss: 1.496361 | trade:0.45 call:0.66 put:0.34 | ATM:0.51 OTM:0.49 | lr: 2.99e-04 | left: 69s
step 10350 ( 71.4%) | loss: 1.473767 | trade:0.37 call:0.64 put:0.36 | ATM:0.50 OTM:0.50 | lr: 2.98e-04 | left: 69s
step 10400 ( 71.6%) | loss: 1.491757 | trade:0.41 call:0.63 put:0.37 | ATM:0.53 OTM:0.47 | lr: 2.98e-04 | left: 68s
step 10450 ( 71.8%) | loss: 1.531215 | trade:0.41 call:0.65 put:0.35 | ATM:0.43 OTM:0.57 | lr: 2.97e-04 | left: 68s
step 10500 ( 72.0%) | loss: 1.414431 | trade:0.42 call:0.69 put:0.31 | ATM:0.59 OTM:0.41 | lr: 2.97e-04 | left: 67s
step 10550 ( 72.1%) | loss: 1.553541 | trade:0.37 call:0.60 put:0.40 | ATM:0.52 OTM:0.48 | lr: 2.96e-04 | left: 67s
step 10600 ( 72.3%) | loss: 1.484745 | trade:0.42 call:0.68 put:0.32 | ATM:0.54 OTM:0.46 | lr: 2.96e-04 | left: 66s
step 10650 ( 72.5%) | loss: 1.485516 | trade:0.39 call:0.63 put:0.37 | ATM:0.48 OTM:0.52 | lr: 2.95e-04 | left: 66s
step 10700 ( 72.7%) | loss: 1.515794 | trade:0.40 call:0.63 put:0.37 | ATM:0.53 OTM:0.47 | lr: 2.94e-04 | left: 65s
step 10750 ( 72.9%) | loss: 1.525829 | trade:0.35 call:0.73 put:0.27 | ATM:0.60 OTM:0.40 | lr: 2.93e-04 | left: 65s
step 10800 ( 73.1%) | loss: 1.480743 | trade:0.39 call:0.66 put:0.34 | ATM:0.52 OTM:0.48 | lr: 2.92e-04 | left: 64s
step 10850 ( 73.3%) | loss: 1.470792 | trade:0.40 call:0.74 put:0.26 | ATM:0.47 OTM:0.53 | lr: 2.91e-04 | left: 64s
step 10900 ( 73.5%) | loss: 1.437237 | trade:0.37 call:0.67 put:0.33 | ATM:0.58 OTM:0.42 | lr: 2.90e-04 | left: 64s
step 10950 ( 73.7%) | loss: 1.438456 | trade:0.45 call:0.70 put:0.30 | ATM:0.48 OTM:0.52 | lr: 2.89e-04 | left: 63s
step 11000 ( 73.9%) | loss: 1.511190 | trade:0.41 call:0.65 put:0.35 | ATM:0.56 OTM:0.44 | lr: 2.88e-04 | left: 63s
step 11050 ( 74.1%) | loss: 1.499726 | trade:0.39 call:0.61 put:0.39 | ATM:0.54 OTM:0.46 | lr: 2.86e-04 | left: 62s
step 11100 ( 74.3%) | loss: 1.424393 | trade:0.43 call:0.65 put:0.35 | ATM:0.53 OTM:0.47 | lr: 2.85e-04 | left: 62s
step 11150 ( 74.5%) | loss: 1.467104 | trade:0.44 call:0.63 put:0.37 | ATM:0.44 OTM:0.56 | lr: 2.84e-04 | left: 61s
step 11200 ( 74.7%) | loss: 1.451036 | trade:0.43 call:0.69 put:0.31 | ATM:0.50 OTM:0.50 | lr: 2.82e-04 | left: 61s
step 11250 ( 74.9%) | loss: 1.546759 | trade:0.37 call:0.62 put:0.38 | ATM:0.57 OTM:0.43 | lr: 2.81e-04 | left: 60s
step 11300 ( 75.1%) | loss: 1.515953 | trade:0.42 call:0.72 put:0.28 | ATM:0.51 OTM:0.49 | lr: 2.79e-04 | left: 60s
step 11350 ( 75.3%) | loss: 1.507599 | trade:0.36 call:0.67 put:0.33 | ATM:0.52 OTM:0.48 | lr: 2.77e-04 | left: 59s
step 11400 ( 75.5%) | loss: 1.449777 | trade:0.44 call:0.73 put:0.27 | ATM:0.52 OTM:0.48 | lr: 2.76e-04 | left: 59s
step 11450 ( 75.7%) | loss: 1.464871 | trade:0.42 call:0.63 put:0.37 | ATM:0.55 OTM:0.45 | lr: 2.74e-04 | left: 58s
step 11500 ( 75.9%) | loss: 1.479714 | trade:0.43 call:0.74 put:0.26 | ATM:0.51 OTM:0.49 | lr: 2.72e-04 | left: 58s
step 11550 ( 76.1%) | loss: 1.399935 | trade:0.35 call:0.61 put:0.39 | ATM:0.53 OTM:0.47 | lr: 2.70e-04 | left: 57s
step 11600 ( 76.3%) | loss: 1.419115 | trade:0.34 call:0.69 put:0.31 | ATM:0.59 OTM:0.41 | lr: 2.68e-04 | left: 57s
step 11650 ( 76.5%) | loss: 1.411201 | trade:0.41 call:0.73 put:0.27 | ATM:0.57 OTM:0.43 | lr: 2.66e-04 | left: 56s
step 11700 ( 76.7%) | loss: 1.409274 | trade:0.38 call:0.66 put:0.34 | ATM:0.50 OTM:0.50 | lr: 2.65e-04 | left: 56s
step 11750 ( 76.9%) | loss: 1.404930 | trade:0.39 call:0.69 put:0.31 | ATM:0.54 OTM:0.46 | lr: 2.62e-04 | left: 55s
step 11800 ( 77.1%) | loss: 1.452888 | trade:0.44 call:0.63 put:0.37 | ATM:0.53 OTM:0.47 | lr: 2.60e-04 | left: 55s
step 11850 ( 77.3%) | loss: 1.394560 | trade:0.40 call:0.64 put:0.36 | ATM:0.54 OTM:0.46 | lr: 2.58e-04 | left: 54s
step 11900 ( 77.5%) | loss: 1.477816 | trade:0.40 call:0.66 put:0.34 | ATM:0.51 OTM:0.49 | lr: 2.56e-04 | left: 54s
step 11950 ( 77.7%) | loss: 1.466979 | trade:0.46 call:0.64 put:0.36 | ATM:0.53 OTM:0.47 | lr: 2.54e-04 | left: 54s
step 12000 ( 77.9%) | loss: 1.444997 | trade:0.35 call:0.67 put:0.33 | ATM:0.57 OTM:0.43 | lr: 2.52e-04 | left: 53s
step 12050 ( 78.1%) | loss: 1.508818 | trade:0.46 call:0.72 put:0.28 | ATM:0.48 OTM:0.52 | lr: 2.49e-04 | left: 53s
step 12100 ( 78.3%) | loss: 1.491098 | trade:0.40 call:0.67 put:0.33 | ATM:0.52 OTM:0.48 | lr: 2.47e-04 | left: 52s
step 12150 ( 78.6%) | loss: 1.418333 | trade:0.41 call:0.61 put:0.39 | ATM:0.53 OTM:0.47 | lr: 2.44e-04 | left: 51s
step 12200 ( 79.0%) | loss: 1.469113 | trade:0.43 call:0.65 put:0.35 | ATM:0.48 OTM:0.52 | lr: 2.38e-04 | left: 50s
step 12250 ( 79.5%) | loss: 1.419121 | trade:0.45 call:0.69 put:0.31 | ATM:0.53 OTM:0.47 | lr: 2.32e-04 | left: 49s
step 12300 ( 80.0%) | loss: 1.417979 | trade:0.34 call:0.74 put:0.26 | ATM:0.52 OTM:0.48 | lr: 2.25e-04 | left: 48s
step 12350 ( 80.5%) | loss: 1.388546 | trade:0.47 call:0.70 put:0.30 | ATM:0.49 OTM:0.51 | lr: 2.18e-04 | left: 47s
step 12400 ( 81.0%) | loss: 1.457102 | trade:0.43 call:0.64 put:0.36 | ATM:0.55 OTM:0.45 | lr: 2.11e-04 | left: 46s
step 12450 ( 81.5%) | loss: 1.451269 | trade:0.31 call:0.57 put:0.43 | ATM:0.57 OTM:0.43 | lr: 2.04e-04 | left: 44s
step 12500 ( 82.0%) | loss: 1.458036 | trade:0.38 call:0.69 put:0.31 | ATM:0.51 OTM:0.49 | lr: 1.97e-04 | left: 43s
step 12550 ( 82.5%) | loss: 1.444224 | trade:0.35 call:0.64 put:0.36 | ATM:0.54 OTM:0.46 | lr: 1.89e-04 | left: 42s
step 12600 ( 83.0%) | loss: 1.433139 | trade:0.42 call:0.66 put:0.34 | ATM:0.55 OTM:0.45 | lr: 1.82e-04 | left: 41s
step 12650 ( 83.3%) | loss: 1.455551 | trade:0.38 call:0.75 put:0.25 | ATM:0.55 OTM:0.45 | lr: 1.77e-04 | left: 40s
step 12700 ( 83.6%) | loss: 1.423825 | trade:0.46 call:0.65 put:0.35 | ATM:0.45 OTM:0.55 | lr: 1.72e-04 | left: 39s
step 12750 ( 84.1%) | loss: 1.434132 | trade:0.39 call:0.72 put:0.28 | ATM:0.53 OTM:0.47 | lr: 1.64e-04 | left: 38s
step 12800 ( 84.6%) | loss: 1.445842 | trade:0.40 call:0.62 put:0.38 | ATM:0.50 OTM:0.50 | lr: 1.56e-04 | left: 37s
step 12850 ( 85.1%) | loss: 1.452677 | trade:0.39 call:0.68 put:0.32 | ATM:0.49 OTM:0.51 | lr: 1.49e-04 | left: 36s
step 12900 ( 85.6%) | loss: 1.377129 | trade:0.40 call:0.73 put:0.27 | ATM:0.54 OTM:0.46 | lr: 1.41e-04 | left: 35s
step 12950 ( 86.1%) | loss: 1.403136 | trade:0.43 call:0.70 put:0.30 | ATM:0.51 OTM:0.49 | lr: 1.33e-04 | left: 33s
step 13000 ( 86.6%) | loss: 1.399935 | trade:0.36 call:0.65 put:0.35 | ATM:0.55 OTM:0.45 | lr: 1.26e-04 | left: 32s
step 13050 ( 87.1%) | loss: 1.383271 | trade:0.38 call:0.72 put:0.28 | ATM:0.52 OTM:0.48 | lr: 1.18e-04 | left: 31s
step 13100 ( 87.6%) | loss: 1.349856 | trade:0.37 call:0.68 put:0.32 | ATM:0.50 OTM:0.50 | lr: 1.10e-04 | left: 30s
step 13150 ( 88.1%) | loss: 1.396424 | trade:0.40 call:0.68 put:0.32 | ATM:0.52 OTM:0.48 | lr: 1.03e-04 | left: 29s
step 13200 ( 88.4%) | loss: 1.407740 | trade:0.43 call:0.61 put:0.39 | ATM:0.46 OTM:0.54 | lr: 9.80e-05 | left: 28s
step 13250 ( 88.8%) | loss: 1.389600 | trade:0.44 call:0.73 put:0.27 | ATM:0.49 OTM:0.51 | lr: 9.12e-05 | left: 27s
step 13300 ( 89.3%) | loss: 1.421521 | trade:0.43 call:0.64 put:0.36 | ATM:0.51 OTM:0.49 | lr: 8.42e-05 | left: 26s
step 13350 ( 89.8%) | loss: 1.433419 | trade:0.42 call:0.70 put:0.30 | ATM:0.51 OTM:0.49 | lr: 7.73e-05 | left: 24s
step 13400 ( 90.3%) | loss: 1.365531 | trade:0.39 call:0.73 put:0.27 | ATM:0.56 OTM:0.44 | lr: 7.07e-05 | left: 23s
step 13450 ( 90.8%) | loss: 1.366799 | trade:0.41 call:0.68 put:0.32 | ATM:0.46 OTM:0.54 | lr: 6.43e-05 | left: 22s
step 13500 ( 91.3%) | loss: 1.373936 | trade:0.40 call:0.69 put:0.31 | ATM:0.56 OTM:0.44 | lr: 5.80e-05 | left: 21s
step 13550 ( 91.8%) | loss: 1.347987 | trade:0.40 call:0.73 put:0.27 | ATM:0.54 OTM:0.46 | lr: 5.19e-05 | left: 20s
step 13600 ( 92.3%) | loss: 1.331416 | trade:0.41 call:0.68 put:0.32 | ATM:0.49 OTM:0.51 | lr: 4.61e-05 | left: 18s
step 13650 ( 92.8%) | loss: 1.386928 | trade:0.38 call:0.66 put:0.34 | ATM:0.51 OTM:0.49 | lr: 4.06e-05 | left: 17s
step 13700 ( 93.3%) | loss: 1.351349 | trade:0.42 call:0.74 put:0.26 | ATM:0.53 OTM:0.47 | lr: 3.56e-05 | left: 16s
step 13750 ( 93.6%) | loss: 1.341539 | trade:0.36 call:0.74 put:0.26 | ATM:0.56 OTM:0.44 | lr: 3.28e-05 | left: 15s
step 13800 ( 94.1%) | loss: 1.372084 | trade:0.42 call:0.68 put:0.32 | ATM:0.49 OTM:0.51 | lr: 2.82e-05 | left: 14s
step 13850 ( 94.6%) | loss: 1.339257 | trade:0.35 call:0.67 put:0.33 | ATM:0.52 OTM:0.48 | lr: 2.37e-05 | left: 13s
step 13900 ( 95.1%) | loss: 1.371680 | trade:0.38 call:0.63 put:0.37 | ATM:0.55 OTM:0.45 | lr: 1.97e-05 | left: 12s
step 13950 ( 95.5%) | loss: 1.372176 | trade:0.43 call:0.68 put:0.32 | ATM:0.52 OTM:0.48 | lr: 1.60e-05 | left: 11s
step 14000 ( 96.0%) | loss: 1.345828 | trade:0.36 call:0.61 put:0.39 | ATM:0.57 OTM:0.43 | lr: 1.27e-05 | left: 9s
step 14050 ( 96.5%) | loss: 1.336109 | trade:0.40 call:0.63 put:0.37 | ATM:0.49 OTM:0.51 | lr: 9.74e-06 | left: 8s
step 14100 ( 97.0%) | loss: 1.387456 | trade:0.37 call:0.71 put:0.29 | ATM:0.57 OTM:0.43 | lr: 7.17e-06 | left: 7s
step 14150 ( 97.5%) | loss: 1.311015 | trade:0.43 call:0.75 put:0.25 | ATM:0.53 OTM:0.47 | lr: 4.98e-06 | left: 6s
step 14200 ( 98.0%) | loss: 1.335028 | trade:0.33 call:0.68 put:0.32 | ATM:0.57 OTM:0.43 | lr: 3.19e-06 | left: 5s
step 14250 ( 98.5%) | loss: 1.344531 | trade:0.38 call:0.64 put:0.36 | ATM:0.53 OTM:0.47 | lr: 1.80e-06 | left: 4s
step 14300 ( 99.0%) | loss: 1.353076 | trade:0.33 call:0.69 put:0.31 | ATM:0.58 OTM:0.42 | lr: 8.25e-07 | left: 2s
step 14350 ( 99.5%) | loss: 1.324544 | trade:0.37 call:0.64 put:0.36 | ATM:0.52 OTM:0.48 | lr: 2.10e-07 | left: 1s
step 14400 (100.0%) | loss: 1.352361 | trade:0.42 call:0.65 put:0.35 | ATM:0.53 OTM:0.47 | lr: 1.98e-09 | left: 0s

Training done at 245s. Starting evaluation...
Evaluation done in 40s (total wall: 285s)
Model saved to /root/best_model.pt
Trade log: 398 trades -> /root/trade_log.csv

---
score:              0.011969
profit_factor:      2.108123
win_rate:           0.366834
avg_winner:         0.666363
avg_loser:          -0.183133
trades_per_day:     1.358362
max_consec_loss:    11
num_trades:         398
trade_sharpe:       2.608088
sortino:            19.105694
max_drawdown:       -5.455837
calmar:             9.373343
ev_per_trade:       0.128491
do_nothing_pct:     0.607053
exit_pct:           0.008447
model_exit_count:   297
cooldown_blocked:   447
pre_10am_blocked:   2931
short_hold_pct:     0.304000
stop_loss_rate:     0.289000
direction_collapse_pct: 0.341700
avg_entry_cost_bps: 183.686700
avg_entry_quality:  0.843900
cost_realism_coverage: 1.000000
high_cost_entry_rate: 0.175900
low_quality_entry_rate: 0.002500
actionable_bar_rate: 0.635600
risk_off_bar_rate:  0.047100
final_capital:      270.75
equity_sharpe:      0.016200
max_equity_dd:      -0.979400
total_dollar_return:-0.972900
val_sharpe:         -10.642946
total_return:       51.139425
num_val_bars:       35160
num_val_days:       293
worst_chunk_pf:     0.77
rr_ratio:           3.6387
avg_hold_bars:      11.27
model_exit_rate:    0.7462
hit_ruin:           True
min_equity_frac:    0.0209
avg_risk_fraction:  0.3741
max_risk_fraction:  0.9978
trades_blocked_by_balance: 777
training_seconds:   240.0
total_seconds:      287.3
peak_vram_mb:       478.0
num_steps:          14413
num_params:         147,496
lookback:           120
depth:              3
d_model:            64
effective_lr:       0.0003
gate_label_smoothing:0.050000
dir_label_smoothing:0.050000
false_entry_penalty:2.000000
/opt/conda/lib/python3.11/site-packages/torch/nn/modules/transformer.py:379: UserWarning: enable_nested_tensor is True, but self.use_nested_tensor is False because encoder_layer.norm_first was True
  warnings.warn(
