Loading data from: /root/.cache/autoresearch-trading/features/data.pt
Loaded 382920 1-min bars, 32 features, 8 actions
  ~981 trading days
Training:   up to idx 268019
Validation: idx 268020-382919
  Option P&L coverage: 296720/382920 (77%)
Parameters: 147,466
Architecture: v4 simplified two-head (gate+dir) + balanced strike gating + time-aware exit
Training from scratch (v4: no warm-start).

Budget: 240s | Batch: 128 | Lookback: 120
LR: 0.00015 | Depth: 3 | d_model: 64 | ff_mult: 3
Dropout: 0.15 | Weight decay: 0.05
False entry penalty: 2.0x
Label smoothing: gate=0.05 dir=0.05

step 00000 (  0.0%) | loss: 3.133400 | trade:0.26 call:0.45 put:0.55 | ATM:0.24 OTM:0.76 | lr: 0.00e+00 | left: 240s
step 00050 (  0.2%) | loss: 3.217107 | trade:0.26 call:0.44 put:0.56 | ATM:0.24 OTM:0.76 | lr: 2.90e-06 | left: 240s
step 00100 (  0.4%) | loss: 3.194854 | trade:0.26 call:0.44 put:0.56 | ATM:0.24 OTM:0.76 | lr: 6.25e-06 | left: 239s
step 00150 (  0.6%) | loss: 3.155199 | trade:0.29 call:0.44 put:0.56 | ATM:0.24 OTM:0.76 | lr: 9.75e-06 | left: 238s
step 00200 (  0.9%) | loss: 3.125758 | trade:0.32 call:0.45 put:0.55 | ATM:0.25 OTM:0.75 | lr: 1.32e-05 | left: 238s
step 00250 (  1.1%) | loss: 3.054200 | trade:0.36 call:0.46 put:0.54 | ATM:0.26 OTM:0.74 | lr: 1.65e-05 | left: 237s
step 00300 (  1.3%) | loss: 3.003504 | trade:0.39 call:0.45 put:0.55 | ATM:0.27 OTM:0.73 | lr: 1.99e-05 | left: 237s
step 00350 (  1.5%) | loss: 2.992415 | trade:0.42 call:0.46 put:0.54 | ATM:0.27 OTM:0.73 | lr: 2.32e-05 | left: 236s
step 00400 (  1.8%) | loss: 2.932324 | trade:0.44 call:0.48 put:0.52 | ATM:0.29 OTM:0.71 | lr: 2.66e-05 | left: 236s
step 00450 (  2.0%) | loss: 2.884246 | trade:0.42 call:0.47 put:0.53 | ATM:0.30 OTM:0.70 | lr: 3.01e-05 | left: 235s
step 00500 (  2.2%) | loss: 2.880023 | trade:0.44 call:0.50 put:0.50 | ATM:0.30 OTM:0.70 | lr: 3.34e-05 | left: 235s
step 00550 (  2.5%) | loss: 2.862431 | trade:0.44 call:0.50 put:0.50 | ATM:0.33 OTM:0.67 | lr: 3.70e-05 | left: 234s
step 00600 (  2.7%) | loss: 2.821663 | trade:0.44 call:0.50 put:0.50 | ATM:0.34 OTM:0.66 | lr: 4.07e-05 | left: 233s
step 00650 (  3.0%) | loss: 2.784892 | trade:0.44 call:0.52 put:0.48 | ATM:0.35 OTM:0.65 | lr: 4.50e-05 | left: 233s
step 00700 (  3.2%) | loss: 2.721834 | trade:0.43 call:0.53 put:0.47 | ATM:0.35 OTM:0.65 | lr: 4.87e-05 | left: 232s
step 00750 (  3.5%) | loss: 2.705922 | trade:0.42 call:0.53 put:0.47 | ATM:0.37 OTM:0.63 | lr: 5.25e-05 | left: 232s
step 00800 (  3.8%) | loss: 2.652682 | trade:0.44 call:0.50 put:0.50 | ATM:0.37 OTM:0.63 | lr: 5.68e-05 | left: 231s
step 00850 (  4.0%) | loss: 2.622057 | trade:0.42 call:0.53 put:0.47 | ATM:0.36 OTM:0.64 | lr: 6.05e-05 | left: 230s
step 00900 (  4.3%) | loss: 2.586630 | trade:0.45 call:0.52 put:0.48 | ATM:0.37 OTM:0.63 | lr: 6.41e-05 | left: 230s
step 00950 (  4.5%) | loss: 2.527689 | trade:0.41 call:0.55 put:0.45 | ATM:0.40 OTM:0.60 | lr: 6.76e-05 | left: 229s
step 01000 (  4.7%) | loss: 2.491470 | trade:0.42 call:0.53 put:0.47 | ATM:0.39 OTM:0.61 | lr: 7.12e-05 | left: 229s
step 01050 (  5.0%) | loss: 2.416882 | trade:0.42 call:0.56 put:0.44 | ATM:0.41 OTM:0.59 | lr: 7.50e-05 | left: 228s
step 01100 (  5.2%) | loss: 2.382078 | trade:0.43 call:0.57 put:0.43 | ATM:0.41 OTM:0.59 | lr: 7.87e-05 | left: 227s
step 01150 (  5.5%) | loss: 2.304421 | trade:0.42 call:0.55 put:0.45 | ATM:0.41 OTM:0.59 | lr: 8.22e-05 | left: 227s
step 01200 (  5.7%) | loss: 2.255785 | trade:0.44 call:0.56 put:0.44 | ATM:0.40 OTM:0.60 | lr: 8.59e-05 | left: 226s
step 01250 (  6.0%) | loss: 2.191332 | trade:0.40 call:0.57 put:0.43 | ATM:0.42 OTM:0.58 | lr: 9.04e-05 | left: 226s
step 01300 (  6.3%) | loss: 2.122101 | trade:0.40 call:0.59 put:0.41 | ATM:0.42 OTM:0.58 | lr: 9.48e-05 | left: 225s
step 01350 (  6.6%) | loss: 2.063498 | trade:0.40 call:0.55 put:0.45 | ATM:0.43 OTM:0.57 | lr: 9.90e-05 | left: 224s
step 01400 (  6.9%) | loss: 2.007484 | trade:0.41 call:0.56 put:0.44 | ATM:0.46 OTM:0.54 | lr: 1.03e-04 | left: 224s
step 01450 (  7.2%) | loss: 1.951504 | trade:0.38 call:0.64 put:0.36 | ATM:0.44 OTM:0.56 | lr: 1.08e-04 | left: 223s
step 01500 (  7.4%) | loss: 1.910222 | trade:0.42 call:0.60 put:0.40 | ATM:0.43 OTM:0.57 | lr: 1.12e-04 | left: 222s
step 01550 (  7.7%) | loss: 1.823509 | trade:0.39 call:0.66 put:0.34 | ATM:0.46 OTM:0.54 | lr: 1.15e-04 | left: 222s
step 01600 (  7.9%) | loss: 1.773710 | trade:0.44 call:0.59 put:0.41 | ATM:0.44 OTM:0.56 | lr: 1.19e-04 | left: 221s
step 01650 (  8.4%) | loss: 1.726636 | trade:0.43 call:0.65 put:0.35 | ATM:0.47 OTM:0.53 | lr: 1.26e-04 | left: 220s
step 01700 (  8.9%) | loss: 1.675358 | trade:0.40 call:0.67 put:0.33 | ATM:0.47 OTM:0.53 | lr: 1.34e-04 | left: 219s
step 01750 (  9.5%) | loss: 1.588277 | trade:0.39 call:0.68 put:0.32 | ATM:0.51 OTM:0.49 | lr: 1.43e-04 | left: 217s
step 01800 ( 10.1%) | loss: 1.616720 | trade:0.35 call:0.62 put:0.38 | ATM:0.48 OTM:0.52 | lr: 1.50e-04 | left: 216s
step 01850 ( 10.5%) | loss: 1.525904 | trade:0.40 call:0.66 put:0.34 | ATM:0.51 OTM:0.49 | lr: 1.50e-04 | left: 215s
step 01900 ( 10.9%) | loss: 1.505688 | trade:0.41 call:0.66 put:0.34 | ATM:0.46 OTM:0.54 | lr: 1.50e-04 | left: 214s
step 01950 ( 11.4%) | loss: 1.509320 | trade:0.36 call:0.61 put:0.39 | ATM:0.47 OTM:0.53 | lr: 1.50e-04 | left: 213s
step 02000 ( 12.0%) | loss: 1.439243 | trade:0.32 call:0.71 put:0.29 | ATM:0.50 OTM:0.50 | lr: 1.50e-04 | left: 211s
step 02050 ( 12.3%) | loss: 1.456511 | trade:0.38 call:0.73 put:0.27 | ATM:0.53 OTM:0.47 | lr: 1.50e-04 | left: 211s
step 02100 ( 12.5%) | loss: 1.405033 | trade:0.38 call:0.67 put:0.33 | ATM:0.47 OTM:0.53 | lr: 1.50e-04 | left: 210s
step 02150 ( 12.8%) | loss: 1.401351 | trade:0.36 call:0.68 put:0.32 | ATM:0.50 OTM:0.50 | lr: 1.50e-04 | left: 209s
step 02200 ( 13.0%) | loss: 1.388469 | trade:0.39 call:0.67 put:0.33 | ATM:0.44 OTM:0.56 | lr: 1.50e-04 | left: 209s
step 02250 ( 13.3%) | loss: 1.390006 | trade:0.39 call:0.69 put:0.31 | ATM:0.57 OTM:0.43 | lr: 1.50e-04 | left: 208s
step 02300 ( 13.5%) | loss: 1.367843 | trade:0.35 call:0.66 put:0.34 | ATM:0.53 OTM:0.47 | lr: 1.50e-04 | left: 208s
step 02350 ( 13.8%) | loss: 1.343942 | trade:0.40 call:0.77 put:0.23 | ATM:0.55 OTM:0.45 | lr: 1.50e-04 | left: 207s
step 02400 ( 14.1%) | loss: 1.322326 | trade:0.35 call:0.76 put:0.24 | ATM:0.45 OTM:0.55 | lr: 1.50e-04 | left: 206s
step 02450 ( 14.3%) | loss: 1.344859 | trade:0.40 call:0.71 put:0.29 | ATM:0.48 OTM:0.52 | lr: 1.50e-04 | left: 206s
step 02500 ( 14.6%) | loss: 1.321058 | trade:0.42 call:0.62 put:0.38 | ATM:0.49 OTM:0.51 | lr: 1.50e-04 | left: 205s
step 02550 ( 14.9%) | loss: 1.331896 | trade:0.36 call:0.66 put:0.34 | ATM:0.50 OTM:0.50 | lr: 1.50e-04 | left: 204s
step 02600 ( 15.2%) | loss: 1.309856 | trade:0.34 call:0.63 put:0.37 | ATM:0.53 OTM:0.47 | lr: 1.50e-04 | left: 204s
step 02650 ( 15.4%) | loss: 1.303889 | trade:0.36 call:0.69 put:0.31 | ATM:0.53 OTM:0.47 | lr: 1.50e-04 | left: 203s
step 02700 ( 15.7%) | loss: 1.309041 | trade:0.31 call:0.69 put:0.31 | ATM:0.53 OTM:0.47 | lr: 1.50e-04 | left: 202s
step 02750 ( 15.9%) | loss: 1.319606 | trade:0.36 call:0.62 put:0.38 | ATM:0.51 OTM:0.49 | lr: 1.50e-04 | left: 202s
step 02800 ( 16.2%) | loss: 1.284750 | trade:0.36 call:0.68 put:0.32 | ATM:0.57 OTM:0.43 | lr: 1.50e-04 | left: 201s
step 02850 ( 16.6%) | loss: 1.251104 | trade:0.30 call:0.71 put:0.29 | ATM:0.60 OTM:0.40 | lr: 1.50e-04 | left: 200s
step 02900 ( 17.2%) | loss: 1.242569 | trade:0.41 call:0.67 put:0.33 | ATM:0.52 OTM:0.48 | lr: 1.50e-04 | left: 199s
step 02950 ( 17.8%) | loss: 1.275424 | trade:0.39 call:0.66 put:0.34 | ATM:0.54 OTM:0.46 | lr: 1.50e-04 | left: 197s
step 03000 ( 18.3%) | loss: 1.264481 | trade:0.40 call:0.62 put:0.38 | ATM:0.51 OTM:0.49 | lr: 1.50e-04 | left: 196s
step 03050 ( 18.6%) | loss: 1.219134 | trade:0.36 call:0.68 put:0.32 | ATM:0.58 OTM:0.42 | lr: 1.50e-04 | left: 195s
step 03100 ( 18.9%) | loss: 1.236861 | trade:0.40 call:0.72 put:0.28 | ATM:0.61 OTM:0.39 | lr: 1.50e-04 | left: 195s
step 03150 ( 19.5%) | loss: 1.198624 | trade:0.35 call:0.70 put:0.30 | ATM:0.57 OTM:0.43 | lr: 1.50e-04 | left: 193s
step 03200 ( 20.1%) | loss: 1.251813 | trade:0.35 call:0.67 put:0.33 | ATM:0.52 OTM:0.48 | lr: 1.50e-04 | left: 192s
step 03250 ( 20.6%) | loss: 1.250322 | trade:0.29 call:0.71 put:0.29 | ATM:0.55 OTM:0.45 | lr: 1.50e-04 | left: 190s
step 03300 ( 21.0%) | loss: 1.223120 | trade:0.37 call:0.71 put:0.29 | ATM:0.59 OTM:0.41 | lr: 1.50e-04 | left: 190s
step 03350 ( 21.4%) | loss: 1.230271 | trade:0.31 call:0.66 put:0.34 | ATM:0.59 OTM:0.41 | lr: 1.50e-04 | left: 189s
step 03400 ( 21.9%) | loss: 1.202987 | trade:0.34 call:0.68 put:0.32 | ATM:0.59 OTM:0.41 | lr: 1.50e-04 | left: 187s
step 03450 ( 22.2%) | loss: 1.192466 | trade:0.32 call:0.72 put:0.28 | ATM:0.52 OTM:0.48 | lr: 1.50e-04 | left: 187s
step 03500 ( 22.4%) | loss: 1.203893 | trade:0.33 call:0.72 put:0.28 | ATM:0.53 OTM:0.47 | lr: 1.50e-04 | left: 186s
step 03550 ( 22.7%) | loss: 1.209342 | trade:0.34 call:0.68 put:0.32 | ATM:0.55 OTM:0.45 | lr: 1.50e-04 | left: 185s
step 03600 ( 23.0%) | loss: 1.204873 | trade:0.33 call:0.67 put:0.33 | ATM:0.57 OTM:0.43 | lr: 1.50e-04 | left: 185s
step 03650 ( 23.2%) | loss: 1.201171 | trade:0.32 call:0.69 put:0.31 | ATM:0.54 OTM:0.46 | lr: 1.50e-04 | left: 184s
step 03700 ( 23.4%) | loss: 1.181334 | trade:0.35 call:0.68 put:0.32 | ATM:0.53 OTM:0.47 | lr: 1.50e-04 | left: 184s
step 03750 ( 23.6%) | loss: 1.228880 | trade:0.29 call:0.73 put:0.27 | ATM:0.63 OTM:0.37 | lr: 1.50e-04 | left: 183s
step 03800 ( 23.9%) | loss: 1.196426 | trade:0.38 call:0.64 put:0.36 | ATM:0.57 OTM:0.43 | lr: 1.50e-04 | left: 183s
step 03850 ( 24.2%) | loss: 1.183074 | trade:0.35 call:0.67 put:0.33 | ATM:0.57 OTM:0.43 | lr: 1.50e-04 | left: 182s
step 03900 ( 24.4%) | loss: 1.176086 | trade:0.40 call:0.63 put:0.37 | ATM:0.57 OTM:0.43 | lr: 1.50e-04 | left: 181s
step 03950 ( 24.7%) | loss: 1.163207 | trade:0.27 call:0.75 put:0.25 | ATM:0.59 OTM:0.41 | lr: 1.50e-04 | left: 181s
step 04000 ( 25.1%) | loss: 1.166715 | trade:0.36 call:0.67 put:0.33 | ATM:0.56 OTM:0.44 | lr: 1.50e-04 | left: 180s
step 04050 ( 25.4%) | loss: 1.164642 | trade:0.37 call:0.71 put:0.29 | ATM:0.53 OTM:0.47 | lr: 1.50e-04 | left: 179s
step 04100 ( 25.6%) | loss: 1.170154 | trade:0.30 call:0.71 put:0.29 | ATM:0.57 OTM:0.43 | lr: 1.50e-04 | left: 179s
step 04150 ( 25.8%) | loss: 1.151076 | trade:0.33 call:0.66 put:0.34 | ATM:0.63 OTM:0.37 | lr: 1.50e-04 | left: 178s
step 04200 ( 26.1%) | loss: 1.159773 | trade:0.31 call:0.74 put:0.26 | ATM:0.60 OTM:0.40 | lr: 1.50e-04 | left: 177s
step 04250 ( 26.3%) | loss: 1.155372 | trade:0.32 call:0.66 put:0.34 | ATM:0.60 OTM:0.40 | lr: 1.50e-04 | left: 177s
step 04300 ( 26.5%) | loss: 1.158246 | trade:0.39 call:0.66 put:0.34 | ATM:0.57 OTM:0.43 | lr: 1.50e-04 | left: 176s
step 04350 ( 26.8%) | loss: 1.131808 | trade:0.30 call:0.70 put:0.30 | ATM:0.62 OTM:0.38 | lr: 1.50e-04 | left: 176s
step 04400 ( 27.0%) | loss: 1.150941 | trade:0.35 call:0.69 put:0.31 | ATM:0.55 OTM:0.45 | lr: 1.50e-04 | left: 175s
step 04450 ( 27.2%) | loss: 1.128137 | trade:0.38 call:0.71 put:0.29 | ATM:0.60 OTM:0.40 | lr: 1.50e-04 | left: 175s
step 04500 ( 27.5%) | loss: 1.154837 | trade:0.36 call:0.66 put:0.34 | ATM:0.62 OTM:0.38 | lr: 1.50e-04 | left: 174s
step 04550 ( 27.7%) | loss: 1.121913 | trade:0.36 call:0.65 put:0.35 | ATM:0.56 OTM:0.44 | lr: 1.50e-04 | left: 173s
step 04600 ( 27.9%) | loss: 1.151633 | trade:0.35 call:0.67 put:0.33 | ATM:0.55 OTM:0.45 | lr: 1.50e-04 | left: 173s
step 04650 ( 28.2%) | loss: 1.119233 | trade:0.37 call:0.66 put:0.34 | ATM:0.55 OTM:0.45 | lr: 1.50e-04 | left: 172s
step 04700 ( 28.4%) | loss: 1.119507 | trade:0.39 call:0.68 put:0.32 | ATM:0.60 OTM:0.40 | lr: 1.50e-04 | left: 172s
step 04750 ( 28.7%) | loss: 1.142286 | trade:0.32 call:0.67 put:0.33 | ATM:0.61 OTM:0.39 | lr: 1.50e-04 | left: 171s
step 04800 ( 29.1%) | loss: 1.112609 | trade:0.37 call:0.66 put:0.34 | ATM:0.56 OTM:0.44 | lr: 1.50e-04 | left: 170s
step 04850 ( 29.3%) | loss: 1.126671 | trade:0.39 call:0.65 put:0.35 | ATM:0.59 OTM:0.41 | lr: 1.50e-04 | left: 170s
step 04900 ( 29.6%) | loss: 1.112620 | trade:0.31 call:0.68 put:0.32 | ATM:0.65 OTM:0.35 | lr: 1.50e-04 | left: 169s
step 04950 ( 29.9%) | loss: 1.137453 | trade:0.35 call:0.64 put:0.36 | ATM:0.58 OTM:0.42 | lr: 1.50e-04 | left: 168s
step 05000 ( 30.1%) | loss: 1.128471 | trade:0.37 call:0.66 put:0.34 | ATM:0.62 OTM:0.38 | lr: 1.50e-04 | left: 168s
step 05050 ( 30.3%) | loss: 1.110504 | trade:0.34 call:0.68 put:0.32 | ATM:0.50 OTM:0.50 | lr: 1.50e-04 | left: 167s
step 05100 ( 30.5%) | loss: 1.123040 | trade:0.31 call:0.71 put:0.29 | ATM:0.61 OTM:0.39 | lr: 1.50e-04 | left: 167s
step 05150 ( 30.8%) | loss: 1.111580 | trade:0.37 call:0.62 put:0.38 | ATM:0.64 OTM:0.36 | lr: 1.50e-04 | left: 166s
step 05200 ( 31.1%) | loss: 1.117590 | trade:0.33 call:0.69 put:0.31 | ATM:0.61 OTM:0.39 | lr: 1.50e-04 | left: 165s
step 05250 ( 31.3%) | loss: 1.111674 | trade:0.28 call:0.70 put:0.30 | ATM:0.63 OTM:0.37 | lr: 1.50e-04 | left: 165s
step 05300 ( 31.6%) | loss: 1.108862 | trade:0.33 call:0.71 put:0.29 | ATM:0.59 OTM:0.41 | lr: 1.50e-04 | left: 164s
step 05350 ( 31.8%) | loss: 1.137934 | trade:0.30 call:0.71 put:0.29 | ATM:0.65 OTM:0.35 | lr: 1.50e-04 | left: 164s
step 05400 ( 32.0%) | loss: 1.118305 | trade:0.40 call:0.65 put:0.35 | ATM:0.56 OTM:0.44 | lr: 1.50e-04 | left: 163s
step 05450 ( 32.3%) | loss: 1.077414 | trade:0.38 call:0.62 put:0.38 | ATM:0.58 OTM:0.42 | lr: 1.50e-04 | left: 163s
step 05500 ( 32.5%) | loss: 1.098584 | trade:0.33 call:0.65 put:0.35 | ATM:0.60 OTM:0.40 | lr: 1.50e-04 | left: 162s
step 05550 ( 32.7%) | loss: 1.120170 | trade:0.34 call:0.64 put:0.36 | ATM:0.68 OTM:0.32 | lr: 1.50e-04 | left: 161s
step 05600 ( 32.9%) | loss: 1.096587 | trade:0.35 call:0.74 put:0.26 | ATM:0.64 OTM:0.36 | lr: 1.50e-04 | left: 161s
step 05650 ( 33.2%) | loss: 1.102609 | trade:0.32 call:0.69 put:0.31 | ATM:0.67 OTM:0.33 | lr: 1.50e-04 | left: 160s
step 05700 ( 33.4%) | loss: 1.103907 | trade:0.40 call:0.70 put:0.30 | ATM:0.58 OTM:0.42 | lr: 1.50e-04 | left: 160s
step 05750 ( 33.6%) | loss: 1.082492 | trade:0.35 call:0.68 put:0.32 | ATM:0.57 OTM:0.43 | lr: 1.50e-04 | left: 159s
step 05800 ( 33.9%) | loss: 1.088911 | trade:0.35 call:0.69 put:0.31 | ATM:0.65 OTM:0.35 | lr: 1.50e-04 | left: 159s
step 05850 ( 34.1%) | loss: 1.083205 | trade:0.32 call:0.68 put:0.32 | ATM:0.59 OTM:0.41 | lr: 1.50e-04 | left: 158s
step 05900 ( 34.3%) | loss: 1.084693 | trade:0.37 call:0.70 put:0.30 | ATM:0.60 OTM:0.40 | lr: 1.50e-04 | left: 158s
step 05950 ( 34.5%) | loss: 1.062596 | trade:0.34 call:0.58 put:0.42 | ATM:0.62 OTM:0.38 | lr: 1.50e-04 | left: 157s
step 06000 ( 34.8%) | loss: 1.085209 | trade:0.34 call:0.68 put:0.32 | ATM:0.63 OTM:0.37 | lr: 1.50e-04 | left: 157s
step 06050 ( 35.0%) | loss: 1.106566 | trade:0.34 call:0.69 put:0.31 | ATM:0.62 OTM:0.38 | lr: 1.50e-04 | left: 156s
step 06100 ( 35.2%) | loss: 1.084867 | trade:0.30 call:0.63 put:0.37 | ATM:0.62 OTM:0.38 | lr: 1.50e-04 | left: 155s
step 06150 ( 35.4%) | loss: 1.079263 | trade:0.26 call:0.69 put:0.31 | ATM:0.65 OTM:0.35 | lr: 1.50e-04 | left: 155s
step 06200 ( 35.7%) | loss: 1.073438 | trade:0.33 call:0.60 put:0.40 | ATM:0.62 OTM:0.38 | lr: 1.50e-04 | left: 154s
step 06250 ( 35.9%) | loss: 1.078580 | trade:0.35 call:0.73 put:0.27 | ATM:0.65 OTM:0.35 | lr: 1.50e-04 | left: 154s
step 06300 ( 36.1%) | loss: 1.076367 | trade:0.35 call:0.63 put:0.37 | ATM:0.59 OTM:0.41 | lr: 1.50e-04 | left: 153s
step 06350 ( 36.4%) | loss: 1.077312 | trade:0.30 call:0.70 put:0.30 | ATM:0.65 OTM:0.35 | lr: 1.50e-04 | left: 153s
step 06400 ( 36.6%) | loss: 1.084958 | trade:0.34 call:0.68 put:0.32 | ATM:0.68 OTM:0.32 | lr: 1.50e-04 | left: 152s
step 06450 ( 36.8%) | loss: 1.053004 | trade:0.33 call:0.64 put:0.36 | ATM:0.56 OTM:0.44 | lr: 1.50e-04 | left: 152s
step 06500 ( 37.1%) | loss: 1.067618 | trade:0.31 call:0.62 put:0.38 | ATM:0.61 OTM:0.39 | lr: 1.50e-04 | left: 151s
step 06550 ( 37.3%) | loss: 1.077829 | trade:0.35 call:0.67 put:0.33 | ATM:0.59 OTM:0.41 | lr: 1.50e-04 | left: 150s
step 06600 ( 37.5%) | loss: 1.063008 | trade:0.36 call:0.68 put:0.32 | ATM:0.62 OTM:0.38 | lr: 1.50e-04 | left: 150s
step 06650 ( 37.8%) | loss: 1.071609 | trade:0.36 call:0.65 put:0.35 | ATM:0.66 OTM:0.34 | lr: 1.50e-04 | left: 149s
step 06700 ( 38.0%) | loss: 1.067614 | trade:0.36 call:0.69 put:0.31 | ATM:0.63 OTM:0.37 | lr: 1.50e-04 | left: 149s
step 06750 ( 38.2%) | loss: 1.080829 | trade:0.38 call:0.69 put:0.31 | ATM:0.58 OTM:0.42 | lr: 1.50e-04 | left: 148s
step 06800 ( 38.4%) | loss: 1.079031 | trade:0.33 call:0.62 put:0.38 | ATM:0.59 OTM:0.41 | lr: 1.50e-04 | left: 148s
step 06850 ( 38.7%) | loss: 1.050076 | trade:0.33 call:0.66 put:0.34 | ATM:0.61 OTM:0.39 | lr: 1.50e-04 | left: 147s
step 06900 ( 38.9%) | loss: 1.055650 | trade:0.33 call:0.63 put:0.37 | ATM:0.61 OTM:0.39 | lr: 1.50e-04 | left: 147s
step 06950 ( 39.1%) | loss: 1.066841 | trade:0.29 call:0.65 put:0.35 | ATM:0.72 OTM:0.28 | lr: 1.50e-04 | left: 146s
step 07000 ( 39.3%) | loss: 1.062828 | trade:0.34 call:0.66 put:0.34 | ATM:0.54 OTM:0.46 | lr: 1.50e-04 | left: 146s
step 07050 ( 39.6%) | loss: 1.067277 | trade:0.29 call:0.65 put:0.35 | ATM:0.67 OTM:0.33 | lr: 1.50e-04 | left: 145s
step 07100 ( 39.8%) | loss: 1.060059 | trade:0.31 call:0.68 put:0.32 | ATM:0.65 OTM:0.35 | lr: 1.50e-04 | left: 145s
step 07150 ( 40.0%) | loss: 1.045666 | trade:0.33 call:0.66 put:0.34 | ATM:0.62 OTM:0.38 | lr: 1.50e-04 | left: 144s
step 07200 ( 40.3%) | loss: 1.040266 | trade:0.32 call:0.65 put:0.35 | ATM:0.59 OTM:0.41 | lr: 1.50e-04 | left: 143s
step 07250 ( 40.5%) | loss: 1.065641 | trade:0.34 call:0.66 put:0.34 | ATM:0.58 OTM:0.42 | lr: 1.50e-04 | left: 143s
step 07300 ( 40.8%) | loss: 1.062208 | trade:0.38 call:0.67 put:0.33 | ATM:0.61 OTM:0.39 | lr: 1.50e-04 | left: 142s
step 07350 ( 41.1%) | loss: 1.036024 | trade:0.30 call:0.67 put:0.33 | ATM:0.64 OTM:0.36 | lr: 1.50e-04 | left: 141s
step 07400 ( 41.3%) | loss: 1.063675 | trade:0.33 call:0.68 put:0.32 | ATM:0.65 OTM:0.35 | lr: 1.50e-04 | left: 141s
step 07450 ( 41.6%) | loss: 1.063768 | trade:0.34 call:0.68 put:0.32 | ATM:0.68 OTM:0.32 | lr: 1.50e-04 | left: 140s
step 07500 ( 41.8%) | loss: 1.056103 | trade:0.32 call:0.65 put:0.35 | ATM:0.60 OTM:0.40 | lr: 1.50e-04 | left: 140s
step 07550 ( 42.0%) | loss: 1.043496 | trade:0.26 call:0.66 put:0.34 | ATM:0.70 OTM:0.30 | lr: 1.50e-04 | left: 139s
step 07600 ( 42.3%) | loss: 1.046076 | trade:0.33 call:0.67 put:0.33 | ATM:0.60 OTM:0.40 | lr: 1.50e-04 | left: 138s
step 07650 ( 42.6%) | loss: 1.057798 | trade:0.30 call:0.62 put:0.38 | ATM:0.61 OTM:0.39 | lr: 1.50e-04 | left: 138s
step 07700 ( 42.8%) | loss: 1.049764 | trade:0.34 call:0.71 put:0.29 | ATM:0.60 OTM:0.40 | lr: 1.50e-04 | left: 137s
step 07750 ( 43.0%) | loss: 1.031652 | trade:0.36 call:0.65 put:0.35 | ATM:0.62 OTM:0.38 | lr: 1.50e-04 | left: 137s
step 07800 ( 43.3%) | loss: 1.027554 | trade:0.32 call:0.63 put:0.37 | ATM:0.66 OTM:0.34 | lr: 1.50e-04 | left: 136s
step 07850 ( 43.6%) | loss: 1.069597 | trade:0.36 call:0.63 put:0.37 | ATM:0.66 OTM:0.34 | lr: 1.50e-04 | left: 135s
step 07900 ( 43.8%) | loss: 1.062541 | trade:0.34 call:0.70 put:0.30 | ATM:0.62 OTM:0.38 | lr: 1.50e-04 | left: 135s
step 07950 ( 44.1%) | loss: 1.033884 | trade:0.40 call:0.59 put:0.41 | ATM:0.59 OTM:0.41 | lr: 1.50e-04 | left: 134s
step 08000 ( 44.3%) | loss: 1.039421 | trade:0.33 call:0.59 put:0.41 | ATM:0.66 OTM:0.34 | lr: 1.50e-04 | left: 134s
step 08050 ( 44.6%) | loss: 1.029984 | trade:0.38 call:0.64 put:0.36 | ATM:0.61 OTM:0.39 | lr: 1.50e-04 | left: 133s
step 08100 ( 45.0%) | loss: 1.019103 | trade:0.31 call:0.66 put:0.34 | ATM:0.70 OTM:0.30 | lr: 1.50e-04 | left: 132s
step 08150 ( 45.4%) | loss: 1.039752 | trade:0.35 call:0.59 put:0.41 | ATM:0.61 OTM:0.39 | lr: 1.50e-04 | left: 131s
step 08200 ( 46.0%) | loss: 1.061567 | trade:0.36 call:0.63 put:0.37 | ATM:0.61 OTM:0.39 | lr: 1.50e-04 | left: 130s
step 08250 ( 46.5%) | loss: 1.053410 | trade:0.43 call:0.64 put:0.36 | ATM:0.54 OTM:0.46 | lr: 1.50e-04 | left: 128s
step 08300 ( 47.0%) | loss: 1.052845 | trade:0.27 call:0.71 put:0.29 | ATM:0.63 OTM:0.37 | lr: 1.50e-04 | left: 127s
step 08350 ( 47.2%) | loss: 1.052511 | trade:0.37 call:0.66 put:0.34 | ATM:0.63 OTM:0.37 | lr: 1.50e-04 | left: 127s
step 08400 ( 47.5%) | loss: 1.025442 | trade:0.33 call:0.66 put:0.34 | ATM:0.69 OTM:0.31 | lr: 1.50e-04 | left: 126s
step 08450 ( 47.7%) | loss: 1.031923 | trade:0.33 call:0.59 put:0.41 | ATM:0.59 OTM:0.41 | lr: 1.50e-04 | left: 126s
step 08500 ( 48.0%) | loss: 1.033048 | trade:0.35 call:0.64 put:0.36 | ATM:0.65 OTM:0.35 | lr: 1.50e-04 | left: 125s
step 08550 ( 48.3%) | loss: 1.019634 | trade:0.34 call:0.67 put:0.33 | ATM:0.66 OTM:0.34 | lr: 1.50e-04 | left: 124s
step 08600 ( 48.6%) | loss: 1.031871 | trade:0.33 call:0.63 put:0.37 | ATM:0.60 OTM:0.40 | lr: 1.50e-04 | left: 123s
step 08650 ( 48.9%) | loss: 1.014800 | trade:0.31 call:0.62 put:0.38 | ATM:0.59 OTM:0.41 | lr: 1.50e-04 | left: 123s
step 08700 ( 49.1%) | loss: 1.022390 | trade:0.36 call:0.59 put:0.41 | ATM:0.60 OTM:0.40 | lr: 1.50e-04 | left: 122s
step 08750 ( 49.4%) | loss: 1.029018 | trade:0.36 call:0.65 put:0.35 | ATM:0.59 OTM:0.41 | lr: 1.50e-04 | left: 121s
step 08800 ( 49.7%) | loss: 1.031745 | trade:0.35 call:0.69 put:0.31 | ATM:0.64 OTM:0.36 | lr: 1.50e-04 | left: 121s
step 08850 ( 50.0%) | loss: 1.020360 | trade:0.30 call:0.63 put:0.37 | ATM:0.69 OTM:0.31 | lr: 1.50e-04 | left: 120s
step 08900 ( 50.3%) | loss: 1.033065 | trade:0.32 call:0.72 put:0.28 | ATM:0.58 OTM:0.42 | lr: 1.50e-04 | left: 119s
step 08950 ( 50.9%) | loss: 1.035383 | trade:0.40 call:0.69 put:0.31 | ATM:0.60 OTM:0.40 | lr: 1.50e-04 | left: 118s
step 09000 ( 51.4%) | loss: 1.008835 | trade:0.28 call:0.70 put:0.30 | ATM:0.66 OTM:0.34 | lr: 1.50e-04 | left: 117s
step 09050 ( 52.0%) | loss: 1.036791 | trade:0.40 call:0.61 put:0.39 | ATM:0.58 OTM:0.42 | lr: 1.50e-04 | left: 115s
step 09100 ( 52.5%) | loss: 1.040733 | trade:0.35 call:0.66 put:0.34 | ATM:0.66 OTM:0.34 | lr: 1.50e-04 | left: 114s
step 09150 ( 53.1%) | loss: 1.017402 | trade:0.30 call:0.64 put:0.36 | ATM:0.67 OTM:0.33 | lr: 1.50e-04 | left: 113s
step 09200 ( 53.7%) | loss: 1.032609 | trade:0.33 call:0.64 put:0.36 | ATM:0.69 OTM:0.31 | lr: 1.50e-04 | left: 111s
step 09250 ( 54.2%) | loss: 0.992745 | trade:0.33 call:0.63 put:0.37 | ATM:0.73 OTM:0.27 | lr: 1.50e-04 | left: 110s
step 09300 ( 54.7%) | loss: 1.014497 | trade:0.32 call:0.67 put:0.33 | ATM:0.63 OTM:0.37 | lr: 1.50e-04 | left: 109s
step 09350 ( 55.1%) | loss: 1.021452 | trade:0.35 call:0.68 put:0.32 | ATM:0.68 OTM:0.32 | lr: 1.50e-04 | left: 108s
step 09400 ( 55.3%) | loss: 1.045565 | trade:0.33 call:0.69 put:0.31 | ATM:0.71 OTM:0.29 | lr: 1.50e-04 | left: 107s
step 09450 ( 55.7%) | loss: 0.986699 | trade:0.35 call:0.63 put:0.37 | ATM:0.63 OTM:0.37 | lr: 1.50e-04 | left: 106s
step 09500 ( 56.3%) | loss: 1.018337 | trade:0.36 call:0.63 put:0.37 | ATM:0.66 OTM:0.34 | lr: 1.50e-04 | left: 105s
step 09550 ( 56.8%) | loss: 1.007729 | trade:0.37 call:0.68 put:0.32 | ATM:0.63 OTM:0.37 | lr: 1.50e-04 | left: 104s
step 09600 ( 57.4%) | loss: 1.023049 | trade:0.33 call:0.67 put:0.33 | ATM:0.56 OTM:0.44 | lr: 1.50e-04 | left: 102s
step 09650 ( 58.0%) | loss: 1.028979 | trade:0.38 call:0.62 put:0.38 | ATM:0.61 OTM:0.39 | lr: 1.50e-04 | left: 101s
step 09700 ( 58.5%) | loss: 1.019003 | trade:0.34 call:0.68 put:0.32 | ATM:0.63 OTM:0.37 | lr: 1.50e-04 | left: 100s
step 09750 ( 59.1%) | loss: 1.010923 | trade:0.30 call:0.70 put:0.30 | ATM:0.70 OTM:0.30 | lr: 1.50e-04 | left: 98s
step 09800 ( 59.6%) | loss: 1.003637 | trade:0.31 call:0.70 put:0.30 | ATM:0.64 OTM:0.36 | lr: 1.50e-04 | left: 97s
step 09850 ( 59.8%) | loss: 1.009118 | trade:0.33 call:0.58 put:0.42 | ATM:0.65 OTM:0.35 | lr: 1.50e-04 | left: 96s
step 09900 ( 60.3%) | loss: 1.017028 | trade:0.29 call:0.65 put:0.35 | ATM:0.69 OTM:0.31 | lr: 1.50e-04 | left: 95s
step 09950 ( 60.9%) | loss: 1.014361 | trade:0.33 call:0.66 put:0.34 | ATM:0.68 OTM:0.32 | lr: 1.50e-04 | left: 94s
step 10000 ( 61.5%) | loss: 1.018510 | trade:0.36 call:0.60 put:0.40 | ATM:0.64 OTM:0.36 | lr: 1.50e-04 | left: 92s
step 10050 ( 61.9%) | loss: 1.014661 | trade:0.33 call:0.68 put:0.32 | ATM:0.61 OTM:0.39 | lr: 1.50e-04 | left: 91s
step 10100 ( 62.3%) | loss: 1.002445 | trade:0.33 call:0.60 put:0.40 | ATM:0.65 OTM:0.35 | lr: 1.50e-04 | left: 91s
step 10150 ( 62.5%) | loss: 1.015970 | trade:0.35 call:0.66 put:0.34 | ATM:0.61 OTM:0.39 | lr: 1.50e-04 | left: 90s
step 10200 ( 62.8%) | loss: 1.011959 | trade:0.35 call:0.71 put:0.29 | ATM:0.63 OTM:0.37 | lr: 1.50e-04 | left: 89s
step 10250 ( 63.1%) | loss: 0.978648 | trade:0.35 call:0.64 put:0.36 | ATM:0.62 OTM:0.38 | lr: 1.50e-04 | left: 88s
step 10300 ( 63.4%) | loss: 1.024904 | trade:0.30 call:0.64 put:0.36 | ATM:0.65 OTM:0.35 | lr: 1.50e-04 | left: 88s
step 10350 ( 63.6%) | loss: 1.000784 | trade:0.32 call:0.67 put:0.33 | ATM:0.69 OTM:0.31 | lr: 1.50e-04 | left: 87s
step 10400 ( 63.9%) | loss: 1.011753 | trade:0.31 call:0.67 put:0.33 | ATM:0.66 OTM:0.34 | lr: 1.50e-04 | left: 87s
step 10450 ( 64.2%) | loss: 0.989417 | trade:0.30 call:0.67 put:0.33 | ATM:0.69 OTM:0.31 | lr: 1.50e-04 | left: 86s
step 10500 ( 64.4%) | loss: 1.007494 | trade:0.32 call:0.70 put:0.30 | ATM:0.67 OTM:0.33 | lr: 1.50e-04 | left: 85s
step 10550 ( 64.6%) | loss: 1.003321 | trade:0.31 call:0.61 put:0.39 | ATM:0.58 OTM:0.42 | lr: 1.50e-04 | left: 85s
step 10600 ( 64.8%) | loss: 1.004221 | trade:0.29 call:0.66 put:0.34 | ATM:0.68 OTM:0.32 | lr: 1.50e-04 | left: 84s
step 10650 ( 65.1%) | loss: 1.000212 | trade:0.30 call:0.66 put:0.34 | ATM:0.67 OTM:0.33 | lr: 1.50e-04 | left: 84s
step 10700 ( 65.3%) | loss: 1.007011 | trade:0.37 call:0.66 put:0.34 | ATM:0.62 OTM:0.38 | lr: 1.50e-04 | left: 83s
step 10750 ( 65.5%) | loss: 0.996800 | trade:0.31 call:0.58 put:0.42 | ATM:0.62 OTM:0.38 | lr: 1.50e-04 | left: 83s
step 10800 ( 65.7%) | loss: 1.009365 | trade:0.35 call:0.66 put:0.34 | ATM:0.64 OTM:0.36 | lr: 1.50e-04 | left: 82s
step 10850 ( 66.0%) | loss: 0.991899 | trade:0.39 call:0.60 put:0.40 | ATM:0.63 OTM:0.37 | lr: 1.50e-04 | left: 82s
step 10900 ( 66.2%) | loss: 0.978616 | trade:0.35 call:0.63 put:0.37 | ATM:0.67 OTM:0.33 | lr: 1.50e-04 | left: 81s
step 10950 ( 66.5%) | loss: 1.020290 | trade:0.36 call:0.67 put:0.33 | ATM:0.61 OTM:0.39 | lr: 1.50e-04 | left: 80s
step 11000 ( 66.8%) | loss: 0.996716 | trade:0.29 call:0.65 put:0.35 | ATM:0.62 OTM:0.38 | lr: 1.50e-04 | left: 80s
step 11050 ( 67.0%) | loss: 1.001128 | trade:0.29 call:0.71 put:0.29 | ATM:0.71 OTM:0.29 | lr: 1.50e-04 | left: 79s
step 11100 ( 67.2%) | loss: 0.994168 | trade:0.38 call:0.70 put:0.30 | ATM:0.63 OTM:0.37 | lr: 1.50e-04 | left: 79s
step 11150 ( 67.5%) | loss: 0.971077 | trade:0.34 call:0.62 put:0.38 | ATM:0.65 OTM:0.35 | lr: 1.50e-04 | left: 78s
step 11200 ( 67.7%) | loss: 1.006370 | trade:0.35 call:0.61 put:0.39 | ATM:0.62 OTM:0.38 | lr: 1.50e-04 | left: 77s
step 11250 ( 68.0%) | loss: 0.992831 | trade:0.29 call:0.67 put:0.33 | ATM:0.66 OTM:0.34 | lr: 1.50e-04 | left: 77s
step 11300 ( 68.2%) | loss: 1.007483 | trade:0.32 call:0.72 put:0.28 | ATM:0.66 OTM:0.34 | lr: 1.50e-04 | left: 76s
step 11350 ( 68.6%) | loss: 0.992480 | trade:0.39 call:0.62 put:0.38 | ATM:0.62 OTM:0.38 | lr: 1.50e-04 | left: 75s
step 11400 ( 68.9%) | loss: 0.991959 | trade:0.36 call:0.62 put:0.38 | ATM:0.61 OTM:0.39 | lr: 1.50e-04 | left: 75s
step 11450 ( 69.2%) | loss: 0.978345 | trade:0.31 call:0.68 put:0.32 | ATM:0.66 OTM:0.34 | lr: 1.50e-04 | left: 74s
step 11500 ( 69.5%) | loss: 0.980481 | trade:0.33 call:0.71 put:0.29 | ATM:0.68 OTM:0.32 | lr: 1.50e-04 | left: 73s
step 11550 ( 69.7%) | loss: 0.995733 | trade:0.31 call:0.64 put:0.36 | ATM:0.68 OTM:0.32 | lr: 1.50e-04 | left: 73s
step 11600 ( 70.0%) | loss: 1.010693 | trade:0.35 call:0.66 put:0.34 | ATM:0.67 OTM:0.33 | lr: 1.50e-04 | left: 72s
step 11650 ( 70.3%) | loss: 0.993517 | trade:0.35 call:0.63 put:0.37 | ATM:0.68 OTM:0.32 | lr: 1.50e-04 | left: 71s
step 11700 ( 70.6%) | loss: 0.985501 | trade:0.34 call:0.69 put:0.31 | ATM:0.72 OTM:0.28 | lr: 1.50e-04 | left: 71s
step 11750 ( 70.8%) | loss: 1.002154 | trade:0.34 call:0.65 put:0.35 | ATM:0.61 OTM:0.39 | lr: 1.50e-04 | left: 70s
step 11800 ( 71.1%) | loss: 0.980091 | trade:0.37 call:0.66 put:0.34 | ATM:0.65 OTM:0.35 | lr: 1.49e-04 | left: 69s
step 11850 ( 71.5%) | loss: 0.969292 | trade:0.36 call:0.69 put:0.31 | ATM:0.66 OTM:0.34 | lr: 1.49e-04 | left: 68s
step 11900 ( 71.7%) | loss: 0.994996 | trade:0.27 call:0.69 put:0.31 | ATM:0.69 OTM:0.31 | lr: 1.49e-04 | left: 68s
step 11950 ( 72.0%) | loss: 0.970675 | trade:0.34 call:0.63 put:0.37 | ATM:0.64 OTM:0.36 | lr: 1.48e-04 | left: 67s
step 12000 ( 72.2%) | loss: 0.993626 | trade:0.36 call:0.60 put:0.40 | ATM:0.63 OTM:0.37 | lr: 1.48e-04 | left: 67s
step 12050 ( 72.5%) | loss: 0.987009 | trade:0.37 call:0.65 put:0.35 | ATM:0.66 OTM:0.34 | lr: 1.48e-04 | left: 66s
step 12100 ( 72.7%) | loss: 0.953762 | trade:0.26 call:0.72 put:0.28 | ATM:0.67 OTM:0.33 | lr: 1.47e-04 | left: 65s
step 12150 ( 73.0%) | loss: 0.974475 | trade:0.29 call:0.67 put:0.33 | ATM:0.72 OTM:0.28 | lr: 1.46e-04 | left: 65s
step 12200 ( 73.2%) | loss: 0.996915 | trade:0.32 call:0.62 put:0.38 | ATM:0.66 OTM:0.34 | lr: 1.46e-04 | left: 64s
step 12250 ( 73.5%) | loss: 0.971503 | trade:0.32 call:0.66 put:0.34 | ATM:0.64 OTM:0.36 | lr: 1.45e-04 | left: 64s
step 12300 ( 73.7%) | loss: 0.991041 | trade:0.33 call:0.68 put:0.32 | ATM:0.66 OTM:0.34 | lr: 1.44e-04 | left: 63s
step 12350 ( 74.0%) | loss: 0.994077 | trade:0.30 call:0.67 put:0.33 | ATM:0.66 OTM:0.34 | lr: 1.44e-04 | left: 62s
step 12400 ( 74.2%) | loss: 0.962181 | trade:0.33 call:0.65 put:0.35 | ATM:0.63 OTM:0.37 | lr: 1.43e-04 | left: 62s
step 12450 ( 74.5%) | loss: 0.989368 | trade:0.36 call:0.71 put:0.29 | ATM:0.66 OTM:0.34 | lr: 1.42e-04 | left: 61s
step 12500 ( 74.7%) | loss: 0.987489 | trade:0.30 call:0.71 put:0.29 | ATM:0.71 OTM:0.29 | lr: 1.41e-04 | left: 61s
step 12550 ( 75.0%) | loss: 0.982229 | trade:0.34 call:0.61 put:0.39 | ATM:0.63 OTM:0.37 | lr: 1.40e-04 | left: 60s
step 12600 ( 75.2%) | loss: 0.973700 | trade:0.29 call:0.68 put:0.32 | ATM:0.64 OTM:0.36 | lr: 1.39e-04 | left: 60s
step 12650 ( 75.4%) | loss: 0.981282 | trade:0.29 call:0.65 put:0.35 | ATM:0.65 OTM:0.35 | lr: 1.38e-04 | left: 59s
step 12700 ( 75.7%) | loss: 0.969490 | trade:0.32 call:0.68 put:0.32 | ATM:0.66 OTM:0.34 | lr: 1.37e-04 | left: 58s
step 12750 ( 75.9%) | loss: 0.941219 | trade:0.35 call:0.67 put:0.33 | ATM:0.62 OTM:0.38 | lr: 1.36e-04 | left: 58s
step 12800 ( 76.2%) | loss: 0.988350 | trade:0.32 call:0.70 put:0.30 | ATM:0.67 OTM:0.33 | lr: 1.35e-04 | left: 57s
step 12850 ( 76.5%) | loss: 0.989831 | trade:0.32 call:0.67 put:0.33 | ATM:0.63 OTM:0.37 | lr: 1.33e-04 | left: 56s
step 12900 ( 76.7%) | loss: 0.968107 | trade:0.33 call:0.67 put:0.33 | ATM:0.67 OTM:0.33 | lr: 1.32e-04 | left: 56s
step 12950 ( 77.0%) | loss: 0.961097 | trade:0.38 call:0.68 put:0.32 | ATM:0.61 OTM:0.39 | lr: 1.31e-04 | left: 55s
step 13000 ( 77.3%) | loss: 0.962761 | trade:0.30 call:0.63 put:0.37 | ATM:0.71 OTM:0.29 | lr: 1.29e-04 | left: 55s
step 13050 ( 77.5%) | loss: 0.982814 | trade:0.33 call:0.60 put:0.40 | ATM:0.68 OTM:0.32 | lr: 1.28e-04 | left: 54s
step 13100 ( 77.8%) | loss: 0.957137 | trade:0.36 call:0.63 put:0.37 | ATM:0.61 OTM:0.39 | lr: 1.27e-04 | left: 53s
step 13150 ( 78.1%) | loss: 0.965017 | trade:0.33 call:0.65 put:0.35 | ATM:0.63 OTM:0.37 | lr: 1.25e-04 | left: 53s
step 13200 ( 78.3%) | loss: 0.969824 | trade:0.34 call:0.64 put:0.36 | ATM:0.68 OTM:0.32 | lr: 1.23e-04 | left: 52s
step 13250 ( 78.6%) | loss: 0.949851 | trade:0.36 call:0.71 put:0.29 | ATM:0.58 OTM:0.42 | lr: 1.21e-04 | left: 51s
step 13300 ( 78.9%) | loss: 0.946635 | trade:0.41 call:0.65 put:0.35 | ATM:0.63 OTM:0.37 | lr: 1.20e-04 | left: 51s
step 13350 ( 79.3%) | loss: 0.964150 | trade:0.36 call:0.70 put:0.30 | ATM:0.60 OTM:0.40 | lr: 1.17e-04 | left: 50s
step 13400 ( 79.6%) | loss: 0.955024 | trade:0.33 call:0.65 put:0.35 | ATM:0.67 OTM:0.33 | lr: 1.15e-04 | left: 49s
step 13450 ( 80.1%) | loss: 0.954115 | trade:0.33 call:0.64 put:0.36 | ATM:0.62 OTM:0.38 | lr: 1.12e-04 | left: 48s
step 13500 ( 80.6%) | loss: 0.980224 | trade:0.35 call:0.71 put:0.29 | ATM:0.64 OTM:0.36 | lr: 1.08e-04 | left: 46s
step 13550 ( 81.2%) | loss: 0.953482 | trade:0.35 call:0.65 put:0.35 | ATM:0.63 OTM:0.37 | lr: 1.04e-04 | left: 45s
step 13600 ( 81.8%) | loss: 0.958139 | trade:0.34 call:0.63 put:0.37 | ATM:0.66 OTM:0.34 | lr: 1.00e-04 | left: 44s
step 13650 ( 82.3%) | loss: 0.964601 | trade:0.30 call:0.63 put:0.37 | ATM:0.65 OTM:0.35 | lr: 9.58e-05 | left: 42s
step 13700 ( 82.9%) | loss: 0.961777 | trade:0.27 call:0.61 put:0.39 | ATM:0.68 OTM:0.32 | lr: 9.15e-05 | left: 41s
step 13750 ( 83.4%) | loss: 0.963176 | trade:0.32 call:0.64 put:0.36 | ATM:0.63 OTM:0.37 | lr: 8.72e-05 | left: 40s
step 13800 ( 84.0%) | loss: 0.943488 | trade:0.33 call:0.59 put:0.41 | ATM:0.61 OTM:0.39 | lr: 8.29e-05 | left: 38s
step 13850 ( 84.6%) | loss: 0.969985 | trade:0.34 call:0.57 put:0.43 | ATM:0.67 OTM:0.33 | lr: 7.85e-05 | left: 37s
step 13900 ( 85.1%) | loss: 0.960244 | trade:0.33 call:0.66 put:0.34 | ATM:0.64 OTM:0.36 | lr: 7.41e-05 | left: 36s
step 13950 ( 85.7%) | loss: 0.949142 | trade:0.31 call:0.68 put:0.32 | ATM:0.64 OTM:0.36 | lr: 6.97e-05 | left: 34s
step 14000 ( 86.2%) | loss: 0.941541 | trade:0.31 call:0.68 put:0.32 | ATM:0.66 OTM:0.34 | lr: 6.54e-05 | left: 33s
step 14050 ( 86.8%) | loss: 0.951976 | trade:0.29 call:0.65 put:0.35 | ATM:0.68 OTM:0.32 | lr: 6.11e-05 | left: 32s
step 14100 ( 87.3%) | loss: 0.930409 | trade:0.31 call:0.68 put:0.32 | ATM:0.62 OTM:0.38 | lr: 5.68e-05 | left: 30s
step 14150 ( 87.9%) | loss: 0.927213 | trade:0.34 call:0.67 put:0.33 | ATM:0.69 OTM:0.31 | lr: 5.27e-05 | left: 29s
step 14200 ( 88.4%) | loss: 0.944958 | trade:0.30 call:0.64 put:0.36 | ATM:0.69 OTM:0.31 | lr: 4.86e-05 | left: 28s
step 14250 ( 89.0%) | loss: 0.929854 | trade:0.36 call:0.58 put:0.42 | ATM:0.66 OTM:0.34 | lr: 4.45e-05 | left: 26s
step 14300 ( 89.5%) | loss: 0.929116 | trade:0.30 call:0.71 put:0.29 | ATM:0.71 OTM:0.29 | lr: 4.06e-05 | left: 25s
step 14350 ( 90.1%) | loss: 0.953713 | trade:0.27 call:0.67 put:0.33 | ATM:0.70 OTM:0.30 | lr: 3.68e-05 | left: 24s
step 14400 ( 90.7%) | loss: 0.941133 | trade:0.38 call:0.66 put:0.34 | ATM:0.62 OTM:0.38 | lr: 3.31e-05 | left: 22s
step 14450 ( 91.2%) | loss: 0.937641 | trade:0.33 call:0.66 put:0.34 | ATM:0.69 OTM:0.31 | lr: 2.96e-05 | left: 21s
step 14500 ( 91.8%) | loss: 0.937876 | trade:0.31 call:0.66 put:0.34 | ATM:0.63 OTM:0.37 | lr: 2.62e-05 | left: 20s
step 14550 ( 92.3%) | loss: 0.936783 | trade:0.31 call:0.64 put:0.36 | ATM:0.67 OTM:0.33 | lr: 2.29e-05 | left: 18s
step 14600 ( 92.9%) | loss: 0.928708 | trade:0.36 call:0.67 put:0.33 | ATM:0.65 OTM:0.35 | lr: 1.99e-05 | left: 17s
step 14650 ( 93.4%) | loss: 0.944210 | trade:0.36 call:0.67 put:0.33 | ATM:0.67 OTM:0.33 | lr: 1.70e-05 | left: 16s
step 14700 ( 94.0%) | loss: 0.951922 | trade:0.29 call:0.68 put:0.32 | ATM:0.72 OTM:0.28 | lr: 1.43e-05 | left: 14s
step 14750 ( 94.6%) | loss: 0.928456 | trade:0.36 call:0.65 put:0.35 | ATM:0.61 OTM:0.39 | lr: 1.18e-05 | left: 13s
step 14800 ( 95.1%) | loss: 0.916755 | trade:0.34 call:0.60 put:0.40 | ATM:0.64 OTM:0.36 | lr: 9.57e-06 | left: 12s
step 14850 ( 95.7%) | loss: 0.923860 | trade:0.31 call:0.71 put:0.29 | ATM:0.69 OTM:0.31 | lr: 7.54e-06 | left: 10s
step 14900 ( 96.2%) | loss: 0.943987 | trade:0.34 call:0.66 put:0.34 | ATM:0.67 OTM:0.33 | lr: 5.77e-06 | left: 9s
step 14950 ( 96.8%) | loss: 0.952613 | trade:0.27 call:0.66 put:0.34 | ATM:0.69 OTM:0.31 | lr: 4.21e-06 | left: 8s
step 15000 ( 97.3%) | loss: 0.930263 | trade:0.31 call:0.62 put:0.38 | ATM:0.64 OTM:0.36 | lr: 2.88e-06 | left: 6s
step 15050 ( 97.9%) | loss: 0.930078 | trade:0.38 call:0.65 put:0.35 | ATM:0.64 OTM:0.36 | lr: 1.80e-06 | left: 5s
step 15100 ( 98.5%) | loss: 0.932014 | trade:0.30 call:0.66 put:0.34 | ATM:0.68 OTM:0.32 | lr: 9.85e-07 | left: 4s
step 15150 ( 99.0%) | loss: 0.925940 | trade:0.30 call:0.69 put:0.31 | ATM:0.75 OTM:0.25 | lr: 4.04e-07 | left: 2s
step 15200 ( 99.6%) | loss: 0.928218 | trade:0.37 call:0.70 put:0.30 | ATM:0.61 OTM:0.39 | lr: 7.61e-08 | left: 1s

Training done at 245s. Starting evaluation...
Evaluation done in 8s (total wall: 253s)
Model saved to /root/best_model.pt
Trade log: 83 trades -> /root/trade_log.csv

---
score:              0.436074
profit_factor:      2.079675
win_rate:           0.313253
avg_winner:         1.021243
avg_loser:          -0.223992
trades_per_day:     1.276923
max_consec_loss:    6
num_trades:         83
trade_sharpe:       3.308522
sortino:            27.550167
max_drawdown:       -4.439635
calmar:             3.104936
ev_per_trade:       0.166082
do_nothing_pct:     0.609865
exit_pct:           0.010762
model_exit_count:   48
cooldown_blocked:   142
pre_10am_blocked:   584
short_hold_pct:     0.205000
stop_loss_rate:     0.398000
direction_collapse_pct: 0.337300
avg_entry_cost_bps: 362.060500
avg_entry_quality:  0.752300
cost_realism_coverage: 1.012000
high_cost_entry_rate: 0.445800
low_quality_entry_rate: 0.000000
actionable_bar_rate: 0.829100
risk_off_bar_rate:  0.000000
final_capital:      13005.68
equity_sharpe:      1.364700
max_equity_dd:      -0.461900
total_dollar_return:0.300600
val_sharpe:         -17.477539
total_return:       13.784785
num_val_bars:       4460
num_val_days:       65
worst_chunk_pf:     0.25
rr_ratio:           4.5593
avg_hold_bars:      12.20
model_exit_rate:    0.5783
hit_ruin:           False
min_equity_frac:    0.5381
avg_risk_fraction:  0.0984
max_risk_fraction:  0.5150
trades_blocked_by_balance: 0
training_seconds:   240.0
total_seconds:      255.1
peak_vram_mb:       357.0
num_steps:          15239
num_params:         147,466
lookback:           120
depth:              3
d_model:            64
effective_lr:       0.00015
gate_label_smoothing:0.050000
dir_label_smoothing:0.050000
false_entry_penalty:2.000000
/opt/conda/lib/python3.11/site-packages/torch/nn/modules/transformer.py:379: UserWarning: enable_nested_tensor is True, but self.use_nested_tensor is False because encoder_layer.norm_first was True
  warnings.warn(
