Loading data from: /root/.cache/autoresearch-trading/features/data.pt
Loaded 382920 1-min bars, 32 features, 8 actions
  ~981 trading days
Training:   up to idx 268019
Validation: idx 268020-382919
  Option P&L coverage: 296720/382920 (77%)
Parameters: 320,344
Architecture: v4 multi-scale temporal feature processor
Training from scratch (v4: no warm-start).

Budget: 240s | Batch: 128 | Lookback: 120
LR: 0.00015 | Depth: 3 | d_model: 64 | ff_mult: 3
Dropout: 0.15 | Weight decay: 0.05
False entry penalty: 2.0x
Label smoothing: gate=0.05 dir=0.05

step 00000 (  0.0%) | loss: 2.974950 | trade:0.46 call:0.57 put:0.43 | ATM:0.34 OTM:0.66 | lr: 0.00e+00 | left: 240s
step 00050 (  0.4%) | loss: 2.997558 | trade:0.46 call:0.57 put:0.43 | ATM:0.34 OTM:0.66 | lr: 6.68e-06 | left: 239s
step 00100 (  1.1%) | loss: 2.967233 | trade:0.45 call:0.56 put:0.44 | ATM:0.35 OTM:0.65 | lr: 1.70e-05 | left: 237s
step 00150 (  1.8%) | loss: 2.931009 | trade:0.44 call:0.54 put:0.46 | ATM:0.37 OTM:0.63 | lr: 2.73e-05 | left: 236s
step 00200 (  2.5%) | loss: 2.921626 | trade:0.45 call:0.53 put:0.47 | ATM:0.38 OTM:0.62 | lr: 3.76e-05 | left: 234s
step 00250 (  3.2%) | loss: 2.885073 | trade:0.45 call:0.54 put:0.46 | ATM:0.38 OTM:0.62 | lr: 4.79e-05 | left: 232s
step 00300 (  3.9%) | loss: 2.864054 | trade:0.45 call:0.54 put:0.46 | ATM:0.38 OTM:0.62 | lr: 5.82e-05 | left: 231s
step 00350 (  4.6%) | loss: 2.860205 | trade:0.45 call:0.55 put:0.45 | ATM:0.39 OTM:0.61 | lr: 6.85e-05 | left: 229s
step 00400 (  5.3%) | loss: 2.847431 | trade:0.45 call:0.57 put:0.43 | ATM:0.39 OTM:0.61 | lr: 7.88e-05 | left: 227s
step 00450 (  5.9%) | loss: 2.832272 | trade:0.43 call:0.57 put:0.43 | ATM:0.39 OTM:0.61 | lr: 8.91e-05 | left: 226s
step 00500 (  6.6%) | loss: 2.818023 | trade:0.44 call:0.56 put:0.44 | ATM:0.41 OTM:0.59 | lr: 9.93e-05 | left: 224s
step 00550 (  7.3%) | loss: 2.800674 | trade:0.46 call:0.52 put:0.48 | ATM:0.41 OTM:0.59 | lr: 1.10e-04 | left: 222s
step 00600 (  8.0%) | loss: 2.801747 | trade:0.43 call:0.56 put:0.44 | ATM:0.40 OTM:0.60 | lr: 1.20e-04 | left: 221s
step 00650 (  8.7%) | loss: 2.792883 | trade:0.46 call:0.54 put:0.46 | ATM:0.41 OTM:0.59 | lr: 1.30e-04 | left: 219s
step 00700 (  9.4%) | loss: 2.773976 | trade:0.46 call:0.59 put:0.41 | ATM:0.35 OTM:0.65 | lr: 1.40e-04 | left: 218s
step 00750 ( 10.0%) | loss: 2.779997 | trade:0.46 call:0.53 put:0.47 | ATM:0.40 OTM:0.60 | lr: 1.50e-04 | left: 216s
step 00800 ( 10.7%) | loss: 2.734114 | trade:0.45 call:0.48 put:0.52 | ATM:0.38 OTM:0.62 | lr: 1.50e-04 | left: 214s
step 00850 ( 11.4%) | loss: 2.751435 | trade:0.43 call:0.57 put:0.43 | ATM:0.40 OTM:0.60 | lr: 1.50e-04 | left: 213s
step 00900 ( 12.1%) | loss: 2.725706 | trade:0.45 call:0.60 put:0.40 | ATM:0.40 OTM:0.60 | lr: 1.50e-04 | left: 211s
step 00950 ( 12.8%) | loss: 2.701418 | trade:0.46 call:0.58 put:0.42 | ATM:0.42 OTM:0.58 | lr: 1.50e-04 | left: 209s
step 01000 ( 13.5%) | loss: 2.667167 | trade:0.45 call:0.56 put:0.44 | ATM:0.39 OTM:0.61 | lr: 1.50e-04 | left: 208s
step 01050 ( 14.2%) | loss: 2.668762 | trade:0.45 call:0.51 put:0.49 | ATM:0.38 OTM:0.62 | lr: 1.50e-04 | left: 206s
step 01100 ( 14.8%) | loss: 2.625507 | trade:0.43 call:0.49 put:0.51 | ATM:0.38 OTM:0.62 | lr: 1.50e-04 | left: 204s
step 01150 ( 15.5%) | loss: 2.606509 | trade:0.42 call:0.58 put:0.42 | ATM:0.40 OTM:0.60 | lr: 1.50e-04 | left: 203s
step 01200 ( 16.2%) | loss: 2.598427 | trade:0.45 call:0.60 put:0.40 | ATM:0.40 OTM:0.60 | lr: 1.50e-04 | left: 201s
step 01250 ( 16.9%) | loss: 2.616846 | trade:0.45 call:0.62 put:0.38 | ATM:0.42 OTM:0.58 | lr: 1.50e-04 | left: 199s
step 01300 ( 17.6%) | loss: 2.582547 | trade:0.45 call:0.51 put:0.49 | ATM:0.38 OTM:0.62 | lr: 1.50e-04 | left: 198s
step 01350 ( 18.2%) | loss: 2.546733 | trade:0.47 call:0.54 put:0.46 | ATM:0.40 OTM:0.60 | lr: 1.50e-04 | left: 196s
step 01400 ( 18.9%) | loss: 2.535554 | trade:0.45 call:0.56 put:0.44 | ATM:0.39 OTM:0.61 | lr: 1.50e-04 | left: 195s
step 01450 ( 19.6%) | loss: 2.520916 | trade:0.45 call:0.57 put:0.43 | ATM:0.39 OTM:0.61 | lr: 1.50e-04 | left: 193s
step 01500 ( 20.3%) | loss: 2.522517 | trade:0.45 call:0.61 put:0.39 | ATM:0.43 OTM:0.57 | lr: 1.50e-04 | left: 191s
step 01550 ( 21.0%) | loss: 2.474043 | trade:0.45 call:0.53 put:0.47 | ATM:0.37 OTM:0.63 | lr: 1.50e-04 | left: 190s
step 01600 ( 21.6%) | loss: 2.486165 | trade:0.44 call:0.53 put:0.47 | ATM:0.40 OTM:0.60 | lr: 1.50e-04 | left: 188s
step 01650 ( 22.1%) | loss: 2.456076 | trade:0.45 call:0.52 put:0.48 | ATM:0.41 OTM:0.59 | lr: 1.50e-04 | left: 187s
step 01700 ( 22.4%) | loss: 2.486620 | trade:0.45 call:0.58 put:0.42 | ATM:0.41 OTM:0.59 | lr: 1.50e-04 | left: 186s
step 01750 ( 22.9%) | loss: 2.447982 | trade:0.45 call:0.57 put:0.43 | ATM:0.39 OTM:0.61 | lr: 1.50e-04 | left: 185s
step 01800 ( 23.2%) | loss: 2.421451 | trade:0.47 call:0.57 put:0.43 | ATM:0.41 OTM:0.59 | lr: 1.50e-04 | left: 184s
step 01850 ( 23.5%) | loss: 2.435347 | trade:0.45 call:0.55 put:0.45 | ATM:0.40 OTM:0.60 | lr: 1.50e-04 | left: 184s
step 01900 ( 23.8%) | loss: 2.429771 | trade:0.46 call:0.63 put:0.37 | ATM:0.42 OTM:0.58 | lr: 1.50e-04 | left: 183s
step 01950 ( 24.1%) | loss: 2.412146 | trade:0.44 call:0.59 put:0.41 | ATM:0.37 OTM:0.63 | lr: 1.50e-04 | left: 182s
step 02000 ( 24.4%) | loss: 2.405017 | trade:0.45 call:0.55 put:0.45 | ATM:0.41 OTM:0.59 | lr: 1.50e-04 | left: 182s
step 02050 ( 24.7%) | loss: 2.375424 | trade:0.45 call:0.55 put:0.45 | ATM:0.37 OTM:0.63 | lr: 1.50e-04 | left: 181s
step 02100 ( 25.0%) | loss: 2.384434 | trade:0.47 call:0.55 put:0.45 | ATM:0.37 OTM:0.63 | lr: 1.50e-04 | left: 180s
step 02150 ( 25.5%) | loss: 2.349222 | trade:0.45 call:0.54 put:0.46 | ATM:0.38 OTM:0.62 | lr: 1.50e-04 | left: 179s
step 02200 ( 25.9%) | loss: 2.354238 | trade:0.44 call:0.53 put:0.47 | ATM:0.44 OTM:0.56 | lr: 1.50e-04 | left: 178s
step 02250 ( 26.3%) | loss: 2.350763 | trade:0.45 call:0.56 put:0.44 | ATM:0.42 OTM:0.58 | lr: 1.50e-04 | left: 177s
step 02300 ( 26.7%) | loss: 2.318751 | trade:0.45 call:0.57 put:0.43 | ATM:0.40 OTM:0.60 | lr: 1.50e-04 | left: 176s
step 02350 ( 27.0%) | loss: 2.337076 | trade:0.42 call:0.56 put:0.44 | ATM:0.44 OTM:0.56 | lr: 1.50e-04 | left: 175s
step 02400 ( 27.5%) | loss: 2.306824 | trade:0.46 call:0.56 put:0.44 | ATM:0.43 OTM:0.57 | lr: 1.50e-04 | left: 174s
step 02450 ( 27.9%) | loss: 2.285576 | trade:0.43 call:0.56 put:0.44 | ATM:0.39 OTM:0.61 | lr: 1.50e-04 | left: 173s
step 02500 ( 28.2%) | loss: 2.272133 | trade:0.43 call:0.54 put:0.46 | ATM:0.42 OTM:0.58 | lr: 1.50e-04 | left: 172s
step 02550 ( 28.7%) | loss: 2.267899 | trade:0.44 call:0.54 put:0.46 | ATM:0.42 OTM:0.58 | lr: 1.50e-04 | left: 171s
step 02600 ( 29.3%) | loss: 2.283959 | trade:0.46 call:0.54 put:0.46 | ATM:0.43 OTM:0.57 | lr: 1.50e-04 | left: 170s
step 02650 ( 29.7%) | loss: 2.233472 | trade:0.46 call:0.56 put:0.44 | ATM:0.38 OTM:0.62 | lr: 1.50e-04 | left: 169s
step 02700 ( 30.3%) | loss: 2.261557 | trade:0.43 call:0.59 put:0.41 | ATM:0.39 OTM:0.61 | lr: 1.50e-04 | left: 167s
step 02750 ( 31.0%) | loss: 2.240731 | trade:0.43 call:0.58 put:0.42 | ATM:0.38 OTM:0.62 | lr: 1.50e-04 | left: 166s
step 02800 ( 31.6%) | loss: 2.262360 | trade:0.45 call:0.60 put:0.40 | ATM:0.40 OTM:0.60 | lr: 1.50e-04 | left: 164s
step 02850 ( 32.1%) | loss: 2.245141 | trade:0.43 call:0.58 put:0.42 | ATM:0.42 OTM:0.58 | lr: 1.50e-04 | left: 163s
step 02900 ( 32.4%) | loss: 2.216290 | trade:0.47 call:0.53 put:0.47 | ATM:0.38 OTM:0.62 | lr: 1.50e-04 | left: 162s
step 02950 ( 32.8%) | loss: 2.212875 | trade:0.42 call:0.57 put:0.43 | ATM:0.45 OTM:0.55 | lr: 1.50e-04 | left: 161s
step 03000 ( 33.5%) | loss: 2.199750 | trade:0.42 call:0.63 put:0.37 | ATM:0.44 OTM:0.56 | lr: 1.50e-04 | left: 159s
step 03050 ( 34.2%) | loss: 2.237632 | trade:0.46 call:0.64 put:0.36 | ATM:0.35 OTM:0.65 | lr: 1.50e-04 | left: 158s
step 03100 ( 34.6%) | loss: 2.150970 | trade:0.43 call:0.56 put:0.44 | ATM:0.43 OTM:0.57 | lr: 1.50e-04 | left: 157s
step 03150 ( 35.0%) | loss: 2.205677 | trade:0.44 call:0.53 put:0.47 | ATM:0.44 OTM:0.56 | lr: 1.50e-04 | left: 156s
step 03200 ( 35.7%) | loss: 2.124836 | trade:0.44 call:0.58 put:0.42 | ATM:0.41 OTM:0.59 | lr: 1.50e-04 | left: 154s
step 03250 ( 36.4%) | loss: 2.134027 | trade:0.45 call:0.55 put:0.45 | ATM:0.41 OTM:0.59 | lr: 1.50e-04 | left: 153s
step 03300 ( 37.1%) | loss: 2.118231 | trade:0.43 call:0.62 put:0.38 | ATM:0.40 OTM:0.60 | lr: 1.50e-04 | left: 151s
step 03350 ( 37.7%) | loss: 2.131105 | trade:0.42 call:0.58 put:0.42 | ATM:0.39 OTM:0.61 | lr: 1.50e-04 | left: 149s
step 03400 ( 38.4%) | loss: 2.125587 | trade:0.45 call:0.60 put:0.40 | ATM:0.41 OTM:0.59 | lr: 1.50e-04 | left: 148s
step 03450 ( 39.1%) | loss: 2.093269 | trade:0.44 call:0.57 put:0.43 | ATM:0.43 OTM:0.57 | lr: 1.50e-04 | left: 146s
step 03500 ( 39.6%) | loss: 2.082466 | trade:0.44 call:0.60 put:0.40 | ATM:0.43 OTM:0.57 | lr: 1.50e-04 | left: 145s
step 03550 ( 40.1%) | loss: 2.133649 | trade:0.42 call:0.56 put:0.44 | ATM:0.39 OTM:0.61 | lr: 1.50e-04 | left: 144s
step 03600 ( 40.8%) | loss: 2.075142 | trade:0.42 call:0.57 put:0.43 | ATM:0.42 OTM:0.58 | lr: 1.50e-04 | left: 142s
step 03650 ( 41.5%) | loss: 2.038076 | trade:0.42 call:0.60 put:0.40 | ATM:0.45 OTM:0.55 | lr: 1.50e-04 | left: 140s
step 03700 ( 42.0%) | loss: 2.051118 | trade:0.45 call:0.55 put:0.45 | ATM:0.40 OTM:0.60 | lr: 1.50e-04 | left: 139s
step 03750 ( 42.2%) | loss: 2.030718 | trade:0.42 call:0.53 put:0.47 | ATM:0.40 OTM:0.60 | lr: 1.50e-04 | left: 139s
step 03800 ( 42.7%) | loss: 2.028111 | trade:0.43 call:0.52 put:0.48 | ATM:0.37 OTM:0.63 | lr: 1.50e-04 | left: 138s
step 03850 ( 43.3%) | loss: 1.995275 | trade:0.44 call:0.59 put:0.41 | ATM:0.43 OTM:0.57 | lr: 1.50e-04 | left: 136s
step 03900 ( 44.0%) | loss: 2.038011 | trade:0.42 call:0.60 put:0.40 | ATM:0.43 OTM:0.57 | lr: 1.50e-04 | left: 134s
step 03950 ( 44.7%) | loss: 2.040040 | trade:0.45 call:0.57 put:0.43 | ATM:0.41 OTM:0.59 | lr: 1.50e-04 | left: 133s
step 04000 ( 45.4%) | loss: 2.056137 | trade:0.46 call:0.60 put:0.40 | ATM:0.41 OTM:0.59 | lr: 1.50e-04 | left: 131s
step 04050 ( 46.1%) | loss: 2.010459 | trade:0.43 call:0.57 put:0.43 | ATM:0.41 OTM:0.59 | lr: 1.50e-04 | left: 129s
step 04100 ( 46.5%) | loss: 2.028321 | trade:0.47 call:0.51 put:0.49 | ATM:0.40 OTM:0.60 | lr: 1.50e-04 | left: 128s
step 04150 ( 46.8%) | loss: 1.987871 | trade:0.42 call:0.55 put:0.45 | ATM:0.43 OTM:0.57 | lr: 1.50e-04 | left: 128s
step 04200 ( 47.1%) | loss: 1.999374 | trade:0.44 call:0.58 put:0.42 | ATM:0.40 OTM:0.60 | lr: 1.50e-04 | left: 127s
step 04250 ( 47.4%) | loss: 1.958072 | trade:0.43 call:0.60 put:0.40 | ATM:0.38 OTM:0.62 | lr: 1.50e-04 | left: 126s
step 04300 ( 47.8%) | loss: 1.974529 | trade:0.43 call:0.66 put:0.34 | ATM:0.41 OTM:0.59 | lr: 1.50e-04 | left: 125s
step 04350 ( 48.1%) | loss: 1.959774 | trade:0.41 call:0.54 put:0.46 | ATM:0.42 OTM:0.58 | lr: 1.50e-04 | left: 125s
step 04400 ( 48.4%) | loss: 1.964617 | trade:0.43 call:0.51 put:0.49 | ATM:0.36 OTM:0.64 | lr: 1.50e-04 | left: 124s
step 04450 ( 48.7%) | loss: 1.936574 | trade:0.42 call:0.55 put:0.45 | ATM:0.41 OTM:0.59 | lr: 1.50e-04 | left: 123s
step 04500 ( 49.0%) | loss: 1.919483 | trade:0.40 call:0.55 put:0.45 | ATM:0.47 OTM:0.53 | lr: 1.50e-04 | left: 122s
step 04550 ( 49.3%) | loss: 1.904317 | trade:0.45 call:0.51 put:0.49 | ATM:0.41 OTM:0.59 | lr: 1.50e-04 | left: 122s
step 04600 ( 49.6%) | loss: 1.913955 | trade:0.42 call:0.53 put:0.47 | ATM:0.36 OTM:0.64 | lr: 1.50e-04 | left: 121s
step 04650 ( 49.9%) | loss: 1.911736 | trade:0.43 call:0.55 put:0.45 | ATM:0.42 OTM:0.58 | lr: 1.50e-04 | left: 120s
step 04700 ( 50.2%) | loss: 1.876356 | trade:0.46 call:0.61 put:0.39 | ATM:0.39 OTM:0.61 | lr: 1.50e-04 | left: 120s
step 04750 ( 50.5%) | loss: 1.895853 | trade:0.43 call:0.54 put:0.46 | ATM:0.39 OTM:0.61 | lr: 1.50e-04 | left: 119s
step 04800 ( 50.8%) | loss: 1.907332 | trade:0.43 call:0.55 put:0.45 | ATM:0.35 OTM:0.65 | lr: 1.50e-04 | left: 118s
step 04850 ( 51.1%) | loss: 1.860000 | trade:0.38 call:0.61 put:0.39 | ATM:0.42 OTM:0.58 | lr: 1.50e-04 | left: 117s
step 04900 ( 51.4%) | loss: 1.859775 | trade:0.44 call:0.59 put:0.41 | ATM:0.36 OTM:0.64 | lr: 1.50e-04 | left: 117s
step 04950 ( 51.7%) | loss: 1.856434 | trade:0.43 call:0.57 put:0.43 | ATM:0.43 OTM:0.57 | lr: 1.50e-04 | left: 116s
step 05000 ( 52.0%) | loss: 1.868813 | trade:0.45 call:0.50 put:0.50 | ATM:0.38 OTM:0.62 | lr: 1.50e-04 | left: 115s
step 05050 ( 52.4%) | loss: 1.845737 | trade:0.43 call:0.53 put:0.47 | ATM:0.46 OTM:0.54 | lr: 1.50e-04 | left: 114s
step 05100 ( 52.7%) | loss: 1.818124 | trade:0.40 call:0.61 put:0.39 | ATM:0.40 OTM:0.60 | lr: 1.50e-04 | left: 114s
step 05150 ( 53.0%) | loss: 1.832028 | trade:0.44 call:0.64 put:0.36 | ATM:0.43 OTM:0.57 | lr: 1.50e-04 | left: 113s
step 05200 ( 53.3%) | loss: 1.823490 | trade:0.47 call:0.57 put:0.43 | ATM:0.37 OTM:0.63 | lr: 1.50e-04 | left: 112s
step 05250 ( 53.5%) | loss: 1.793528 | trade:0.40 call:0.59 put:0.41 | ATM:0.43 OTM:0.57 | lr: 1.50e-04 | left: 112s
step 05300 ( 53.9%) | loss: 1.826917 | trade:0.44 call:0.64 put:0.36 | ATM:0.41 OTM:0.59 | lr: 1.50e-04 | left: 111s
step 05350 ( 54.2%) | loss: 1.801709 | trade:0.42 call:0.59 put:0.41 | ATM:0.40 OTM:0.60 | lr: 1.50e-04 | left: 110s
step 05400 ( 54.6%) | loss: 1.807872 | trade:0.38 call:0.55 put:0.45 | ATM:0.45 OTM:0.55 | lr: 1.50e-04 | left: 109s
step 05450 ( 55.2%) | loss: 1.831779 | trade:0.43 call:0.60 put:0.40 | ATM:0.47 OTM:0.53 | lr: 1.50e-04 | left: 107s
step 05500 ( 55.9%) | loss: 1.787707 | trade:0.41 call:0.56 put:0.44 | ATM:0.41 OTM:0.59 | lr: 1.50e-04 | left: 106s
step 05550 ( 56.6%) | loss: 1.746807 | trade:0.42 call:0.61 put:0.39 | ATM:0.47 OTM:0.53 | lr: 1.50e-04 | left: 104s
step 05600 ( 57.2%) | loss: 1.808684 | trade:0.39 call:0.54 put:0.46 | ATM:0.47 OTM:0.53 | lr: 1.50e-04 | left: 103s
step 05650 ( 57.5%) | loss: 1.787063 | trade:0.44 call:0.56 put:0.44 | ATM:0.47 OTM:0.53 | lr: 1.50e-04 | left: 102s
step 05700 ( 57.8%) | loss: 1.753223 | trade:0.41 call:0.61 put:0.39 | ATM:0.51 OTM:0.49 | lr: 1.50e-04 | left: 101s
step 05750 ( 58.1%) | loss: 1.788433 | trade:0.43 call:0.62 put:0.38 | ATM:0.44 OTM:0.56 | lr: 1.50e-04 | left: 101s
step 05800 ( 58.4%) | loss: 1.737520 | trade:0.44 call:0.53 put:0.47 | ATM:0.39 OTM:0.61 | lr: 1.50e-04 | left: 100s
step 05850 ( 58.7%) | loss: 1.730843 | trade:0.42 call:0.62 put:0.38 | ATM:0.39 OTM:0.61 | lr: 1.50e-04 | left: 99s
step 05900 ( 59.0%) | loss: 1.758701 | trade:0.46 call:0.49 put:0.51 | ATM:0.46 OTM:0.54 | lr: 1.50e-04 | left: 98s
step 05950 ( 59.6%) | loss: 1.739680 | trade:0.44 call:0.53 put:0.47 | ATM:0.39 OTM:0.61 | lr: 1.50e-04 | left: 97s
step 06000 ( 60.3%) | loss: 1.774619 | trade:0.40 call:0.60 put:0.40 | ATM:0.44 OTM:0.56 | lr: 1.50e-04 | left: 95s
step 06050 ( 61.0%) | loss: 1.697016 | trade:0.42 call:0.55 put:0.45 | ATM:0.42 OTM:0.58 | lr: 1.50e-04 | left: 94s
step 06100 ( 61.6%) | loss: 1.742041 | trade:0.44 call:0.52 put:0.48 | ATM:0.37 OTM:0.63 | lr: 1.50e-04 | left: 92s
step 06150 ( 62.1%) | loss: 1.725114 | trade:0.37 call:0.46 put:0.54 | ATM:0.42 OTM:0.58 | lr: 1.50e-04 | left: 91s
step 06200 ( 62.4%) | loss: 1.742429 | trade:0.46 call:0.56 put:0.44 | ATM:0.44 OTM:0.56 | lr: 1.50e-04 | left: 90s
step 06250 ( 62.9%) | loss: 1.720579 | trade:0.42 call:0.59 put:0.41 | ATM:0.40 OTM:0.60 | lr: 1.50e-04 | left: 89s
step 06300 ( 63.6%) | loss: 1.735687 | trade:0.39 call:0.51 put:0.49 | ATM:0.39 OTM:0.61 | lr: 1.50e-04 | left: 87s
step 06350 ( 64.2%) | loss: 1.703977 | trade:0.39 call:0.52 put:0.48 | ATM:0.45 OTM:0.55 | lr: 1.50e-04 | left: 86s
step 06400 ( 64.7%) | loss: 1.666539 | trade:0.42 call:0.54 put:0.46 | ATM:0.46 OTM:0.54 | lr: 1.50e-04 | left: 85s
step 06450 ( 65.2%) | loss: 1.721482 | trade:0.38 call:0.53 put:0.47 | ATM:0.44 OTM:0.56 | lr: 1.50e-04 | left: 84s
step 06500 ( 65.9%) | loss: 1.684526 | trade:0.40 call:0.60 put:0.40 | ATM:0.42 OTM:0.58 | lr: 1.50e-04 | left: 82s
step 06550 ( 66.5%) | loss: 1.662629 | trade:0.40 call:0.49 put:0.51 | ATM:0.44 OTM:0.56 | lr: 1.50e-04 | left: 80s
step 06600 ( 67.2%) | loss: 1.656473 | trade:0.40 call:0.60 put:0.40 | ATM:0.42 OTM:0.58 | lr: 1.50e-04 | left: 79s
step 06650 ( 67.6%) | loss: 1.658220 | trade:0.43 call:0.52 put:0.48 | ATM:0.46 OTM:0.54 | lr: 1.50e-04 | left: 78s
step 06700 ( 68.0%) | loss: 1.662396 | trade:0.39 call:0.57 put:0.43 | ATM:0.43 OTM:0.57 | lr: 1.50e-04 | left: 77s
step 06750 ( 68.7%) | loss: 1.677272 | trade:0.34 call:0.56 put:0.44 | ATM:0.50 OTM:0.50 | lr: 1.50e-04 | left: 75s
step 06800 ( 69.3%) | loss: 1.646070 | trade:0.37 call:0.60 put:0.40 | ATM:0.44 OTM:0.56 | lr: 1.50e-04 | left: 74s
step 06850 ( 70.0%) | loss: 1.625348 | trade:0.38 call:0.57 put:0.43 | ATM:0.40 OTM:0.60 | lr: 1.50e-04 | left: 72s
step 06900 ( 70.7%) | loss: 1.631626 | trade:0.42 call:0.64 put:0.36 | ATM:0.44 OTM:0.56 | lr: 1.50e-04 | left: 70s
step 06950 ( 71.3%) | loss: 1.613320 | trade:0.40 call:0.54 put:0.46 | ATM:0.45 OTM:0.55 | lr: 1.49e-04 | left: 69s
step 07000 ( 71.8%) | loss: 1.620046 | trade:0.40 call:0.57 put:0.43 | ATM:0.49 OTM:0.51 | lr: 1.49e-04 | left: 68s
step 07050 ( 72.1%) | loss: 1.633230 | trade:0.40 call:0.59 put:0.41 | ATM:0.44 OTM:0.56 | lr: 1.48e-04 | left: 67s
step 07100 ( 72.4%) | loss: 1.589947 | trade:0.36 call:0.56 put:0.44 | ATM:0.44 OTM:0.56 | lr: 1.48e-04 | left: 66s
step 07150 ( 72.7%) | loss: 1.583192 | trade:0.45 call:0.52 put:0.48 | ATM:0.36 OTM:0.64 | lr: 1.47e-04 | left: 65s
step 07200 ( 73.0%) | loss: 1.596110 | trade:0.46 call:0.54 put:0.46 | ATM:0.49 OTM:0.51 | lr: 1.46e-04 | left: 65s
step 07250 ( 73.3%) | loss: 1.600968 | trade:0.41 call:0.57 put:0.43 | ATM:0.50 OTM:0.50 | lr: 1.46e-04 | left: 64s
step 07300 ( 73.6%) | loss: 1.617404 | trade:0.41 call:0.59 put:0.41 | ATM:0.48 OTM:0.52 | lr: 1.45e-04 | left: 63s
step 07350 ( 73.9%) | loss: 1.599705 | trade:0.42 call:0.61 put:0.39 | ATM:0.47 OTM:0.53 | lr: 1.44e-04 | left: 63s
step 07400 ( 74.1%) | loss: 1.576874 | trade:0.39 call:0.49 put:0.51 | ATM:0.41 OTM:0.59 | lr: 1.43e-04 | left: 62s
step 07450 ( 74.4%) | loss: 1.626000 | trade:0.40 call:0.61 put:0.39 | ATM:0.46 OTM:0.54 | lr: 1.42e-04 | left: 61s
step 07500 ( 74.7%) | loss: 1.576192 | trade:0.43 call:0.52 put:0.48 | ATM:0.44 OTM:0.56 | lr: 1.41e-04 | left: 61s
step 07550 ( 75.0%) | loss: 1.562576 | trade:0.38 call:0.61 put:0.39 | ATM:0.37 OTM:0.63 | lr: 1.40e-04 | left: 60s
step 07600 ( 75.2%) | loss: 1.548005 | trade:0.36 call:0.58 put:0.42 | ATM:0.46 OTM:0.54 | lr: 1.39e-04 | left: 59s
step 07650 ( 75.5%) | loss: 1.563648 | trade:0.41 call:0.61 put:0.39 | ATM:0.45 OTM:0.55 | lr: 1.38e-04 | left: 59s
step 07700 ( 75.8%) | loss: 1.544910 | trade:0.38 call:0.62 put:0.38 | ATM:0.45 OTM:0.55 | lr: 1.37e-04 | left: 58s
step 07750 ( 76.1%) | loss: 1.558864 | trade:0.38 call:0.58 put:0.42 | ATM:0.38 OTM:0.62 | lr: 1.35e-04 | left: 57s
step 07800 ( 76.4%) | loss: 1.567262 | trade:0.39 call:0.64 put:0.36 | ATM:0.41 OTM:0.59 | lr: 1.34e-04 | left: 57s
step 07850 ( 76.7%) | loss: 1.564120 | trade:0.37 call:0.55 put:0.45 | ATM:0.46 OTM:0.54 | lr: 1.32e-04 | left: 56s
step 07900 ( 77.0%) | loss: 1.562314 | trade:0.42 call:0.54 put:0.46 | ATM:0.40 OTM:0.60 | lr: 1.31e-04 | left: 55s
step 07950 ( 77.3%) | loss: 1.565173 | trade:0.40 call:0.56 put:0.44 | ATM:0.45 OTM:0.55 | lr: 1.29e-04 | left: 55s
step 08000 ( 77.6%) | loss: 1.522854 | trade:0.38 call:0.64 put:0.36 | ATM:0.51 OTM:0.49 | lr: 1.27e-04 | left: 54s
step 08050 ( 77.9%) | loss: 1.516638 | trade:0.37 call:0.60 put:0.40 | ATM:0.46 OTM:0.54 | lr: 1.26e-04 | left: 53s
step 08100 ( 78.2%) | loss: 1.531433 | trade:0.41 call:0.61 put:0.39 | ATM:0.46 OTM:0.54 | lr: 1.24e-04 | left: 52s
step 08150 ( 78.5%) | loss: 1.517498 | trade:0.39 call:0.53 put:0.47 | ATM:0.50 OTM:0.50 | lr: 1.22e-04 | left: 52s
step 08200 ( 78.7%) | loss: 1.497787 | trade:0.37 call:0.58 put:0.42 | ATM:0.43 OTM:0.57 | lr: 1.21e-04 | left: 51s
step 08250 ( 79.2%) | loss: 1.535752 | trade:0.35 call:0.60 put:0.40 | ATM:0.47 OTM:0.53 | lr: 1.18e-04 | left: 50s
step 08300 ( 79.4%) | loss: 1.507507 | trade:0.38 call:0.61 put:0.39 | ATM:0.52 OTM:0.48 | lr: 1.16e-04 | left: 49s
step 08350 ( 79.7%) | loss: 1.526727 | trade:0.36 call:0.64 put:0.36 | ATM:0.46 OTM:0.54 | lr: 1.14e-04 | left: 49s
step 08400 ( 80.0%) | loss: 1.522844 | trade:0.34 call:0.57 put:0.43 | ATM:0.52 OTM:0.48 | lr: 1.12e-04 | left: 48s
step 08450 ( 80.3%) | loss: 1.488732 | trade:0.39 call:0.57 put:0.43 | ATM:0.48 OTM:0.52 | lr: 1.10e-04 | left: 47s
step 08500 ( 80.7%) | loss: 1.476402 | trade:0.37 call:0.53 put:0.47 | ATM:0.49 OTM:0.51 | lr: 1.08e-04 | left: 46s
step 08550 ( 81.0%) | loss: 1.489348 | trade:0.40 call:0.54 put:0.46 | ATM:0.48 OTM:0.52 | lr: 1.05e-04 | left: 46s
step 08600 ( 81.3%) | loss: 1.493451 | trade:0.39 call:0.53 put:0.47 | ATM:0.47 OTM:0.53 | lr: 1.03e-04 | left: 45s
step 08650 ( 81.6%) | loss: 1.479366 | trade:0.40 call:0.51 put:0.49 | ATM:0.42 OTM:0.58 | lr: 1.01e-04 | left: 44s
step 08700 ( 82.0%) | loss: 1.481826 | trade:0.38 call:0.56 put:0.44 | ATM:0.54 OTM:0.46 | lr: 9.84e-05 | left: 43s
step 08750 ( 82.3%) | loss: 1.471582 | trade:0.40 call:0.56 put:0.44 | ATM:0.48 OTM:0.52 | lr: 9.57e-05 | left: 42s
step 08800 ( 82.6%) | loss: 1.436902 | trade:0.44 call:0.66 put:0.34 | ATM:0.42 OTM:0.58 | lr: 9.33e-05 | left: 42s
step 08850 ( 83.0%) | loss: 1.486720 | trade:0.41 call:0.58 put:0.42 | ATM:0.42 OTM:0.58 | lr: 9.06e-05 | left: 41s
step 08900 ( 83.5%) | loss: 1.445689 | trade:0.40 call:0.57 put:0.43 | ATM:0.48 OTM:0.52 | lr: 8.66e-05 | left: 40s
step 08950 ( 84.2%) | loss: 1.492514 | trade:0.37 call:0.54 put:0.46 | ATM:0.52 OTM:0.48 | lr: 8.13e-05 | left: 38s
step 09000 ( 84.9%) | loss: 1.434876 | trade:0.37 call:0.63 put:0.37 | ATM:0.50 OTM:0.50 | lr: 7.61e-05 | left: 36s
step 09050 ( 85.5%) | loss: 1.444867 | trade:0.40 call:0.57 put:0.43 | ATM:0.43 OTM:0.57 | lr: 7.07e-05 | left: 35s
step 09100 ( 86.2%) | loss: 1.454174 | trade:0.38 call:0.59 put:0.41 | ATM:0.46 OTM:0.54 | lr: 6.54e-05 | left: 33s
step 09150 ( 86.8%) | loss: 1.416801 | trade:0.39 call:0.57 put:0.43 | ATM:0.45 OTM:0.55 | lr: 6.08e-05 | left: 32s
step 09200 ( 87.4%) | loss: 1.436360 | trade:0.37 call:0.57 put:0.43 | ATM:0.42 OTM:0.58 | lr: 5.61e-05 | left: 30s
step 09250 ( 88.1%) | loss: 1.447117 | trade:0.38 call:0.54 put:0.46 | ATM:0.42 OTM:0.58 | lr: 5.10e-05 | left: 28s
step 09300 ( 88.8%) | loss: 1.457370 | trade:0.37 call:0.58 put:0.42 | ATM:0.53 OTM:0.47 | lr: 4.60e-05 | left: 27s
step 09350 ( 89.5%) | loss: 1.438799 | trade:0.37 call:0.65 put:0.35 | ATM:0.47 OTM:0.53 | lr: 4.11e-05 | left: 25s
step 09400 ( 90.2%) | loss: 1.433369 | trade:0.40 call:0.57 put:0.43 | ATM:0.45 OTM:0.55 | lr: 3.64e-05 | left: 24s
step 09450 ( 90.8%) | loss: 1.387499 | trade:0.42 call:0.55 put:0.45 | ATM:0.44 OTM:0.56 | lr: 3.20e-05 | left: 22s
step 09500 ( 91.5%) | loss: 1.431410 | trade:0.43 call:0.60 put:0.40 | ATM:0.47 OTM:0.53 | lr: 2.77e-05 | left: 20s
step 09550 ( 92.2%) | loss: 1.407999 | trade:0.37 call:0.60 put:0.40 | ATM:0.44 OTM:0.56 | lr: 2.37e-05 | left: 19s
step 09600 ( 92.9%) | loss: 1.419960 | trade:0.35 call:0.53 put:0.47 | ATM:0.46 OTM:0.54 | lr: 1.99e-05 | left: 17s
step 09650 ( 93.6%) | loss: 1.409148 | trade:0.42 call:0.56 put:0.44 | ATM:0.42 OTM:0.58 | lr: 1.64e-05 | left: 15s
step 09700 ( 94.2%) | loss: 1.437549 | trade:0.43 call:0.53 put:0.47 | ATM:0.45 OTM:0.55 | lr: 1.32e-05 | left: 14s
step 09750 ( 94.9%) | loss: 1.414290 | trade:0.43 call:0.55 put:0.45 | ATM:0.39 OTM:0.61 | lr: 1.03e-05 | left: 12s
step 09800 ( 95.6%) | loss: 1.388813 | trade:0.37 call:0.60 put:0.40 | ATM:0.49 OTM:0.51 | lr: 7.79e-06 | left: 11s
step 09850 ( 96.3%) | loss: 1.383078 | trade:0.36 call:0.57 put:0.43 | ATM:0.49 OTM:0.51 | lr: 5.66e-06 | left: 9s
step 09900 ( 96.9%) | loss: 1.393463 | trade:0.36 call:0.57 put:0.43 | ATM:0.47 OTM:0.53 | lr: 3.81e-06 | left: 7s
step 09950 ( 97.6%) | loss: 1.398563 | trade:0.39 call:0.53 put:0.47 | ATM:0.46 OTM:0.54 | lr: 2.30e-06 | left: 6s
step 10000 ( 98.3%) | loss: 1.379704 | trade:0.34 call:0.59 put:0.41 | ATM:0.48 OTM:0.52 | lr: 1.17e-06 | left: 4s
step 10050 ( 99.0%) | loss: 1.399885 | trade:0.37 call:0.60 put:0.40 | ATM:0.48 OTM:0.52 | lr: 4.19e-07 | left: 2s
step 10100 ( 99.7%) | loss: 1.426005 | trade:0.40 call:0.56 put:0.44 | ATM:0.47 OTM:0.53 | lr: 4.80e-08 | left: 1s

Training done at 245s. Starting evaluation...
Evaluation done in 10s (total wall: 254s)
Model saved to /root/best_model.pt
Trade log: 266 trades -> /root/trade_log.csv

---
score:              0.129473
profit_factor:      1.342381
win_rate:           0.342105
avg_winner:         0.421459
avg_loser:          -0.163261
trades_per_day:     4.092308
max_consec_loss:    10
num_trades:         266
trade_sharpe:       1.711750
sortino:            11.474995
max_drawdown:       -6.402024
calmar:             1.527965
ev_per_trade:       0.036775
do_nothing_pct:     0.504260
exit_pct:           0.051570
model_exit_count:   230
cooldown_blocked:   131
pre_10am_blocked:   771
short_hold_pct:     0.361000
stop_loss_rate:     0.158000
direction_collapse_pct: 0.308300
avg_entry_cost_bps: 349.978000
avg_entry_quality:  0.769200
cost_realism_coverage: 1.000000
high_cost_entry_rate: 0.413500
low_quality_entry_rate: 0.000000
actionable_bar_rate: 0.829100
risk_off_bar_rate:  0.000000
final_capital:      4172.98
equity_sharpe:      -0.504200
max_equity_dd:      -0.738300
total_dollar_return:-0.582700
val_sharpe:         -84.960947
total_return:       9.782067
num_val_bars:       4460
num_val_days:       65
worst_chunk_pf:     0.31
rr_ratio:           2.5815
avg_hold_bars:      4.92
model_exit_rate:    0.8647
hit_ruin:           False
min_equity_frac:    0.2771
avg_risk_fraction:  0.1409
max_risk_fraction:  0.8255
trades_blocked_by_balance: 0
training_seconds:   240.0
total_seconds:      256.6
peak_vram_mb:       358.0
num_steps:          10126
num_params:         320,344
lookback:           120
depth:              3
d_model:            64
effective_lr:       0.00015
gate_label_smoothing:0.050000
dir_label_smoothing:0.050000
false_entry_penalty:2.000000
/opt/conda/lib/python3.11/site-packages/torch/nn/modules/transformer.py:379: UserWarning: enable_nested_tensor is True, but self.use_nested_tensor is False because encoder_layer.norm_first was True
  warnings.warn(
