Loading data from: /root/.cache/autoresearch-trading/features/data.pt
Loaded 384870 1-min bars, 32 features, 8 actions
  ~986 trading days
Training:   up to idx 269189
Validation: idx 269190-384869
  Option P&L coverage: 297877/384870 (77%)
Parameters: 146,265
Architecture: v4 simplified two-head (gate+dir) + balanced strike gating + VIX regime robustness + reduced temporal regularization + stop prevention + FULL STOPPED P&L CONSISTENCY + feature noise injection + direction-side loss + PROFIT-FOCUSED MODERATE GATE BIAS
Training from scratch (v4: no warm-start).

Budget: 240s | Batch: 128 | Lookback: 120
LR: 0.00015 | Depth: 3 | d_model: 64 | ff_mult: 3
Dropout: 0.15 | Weight decay: 0.05
False entry penalty: 2.5x
Label smoothing: gate=0.05 dir=0.05
Loss weights: gate=1.0, dir=1.0, pnl=0.6, exit=0.5
VIX regime weights: vix_regime=0.2, vix_consistency=0.1
Reduced temporal regularization: temporal_chunk=0.2, cross_temporal=0.1
Direction-side loss: dir_side=0.4
Stop prevention: stop_prevention=0.3
Feature noise injection: std=0.05
CRITICAL: Training exclusively on STOPPED P&L to align with evaluation reality
PROFIT-FOCUSED MODERATE GATE BIAS: NO_TRADE=+1.0, TRADE=-1.0 for balanced selectivity

step 00000 (  0.0%) | loss: 3.661156 | trade:0.12 call:0.45 put:0.55 | ATM:0.23 OTM:0.77 | lr: 0.00e+00 | left: 240s
step 00050 (  0.5%) | loss: 3.789410 | trade:0.12 call:0.46 put:0.54 | ATM:0.24 OTM:0.76 | lr: 7.15e-06 | left: 239s
step 00100 (  1.2%) | loss: 3.744485 | trade:0.13 call:0.46 put:0.54 | ATM:0.24 OTM:0.76 | lr: 1.79e-05 | left: 237s
step 00150 (  2.0%) | loss: 3.585735 | trade:0.17 call:0.47 put:0.53 | ATM:0.24 OTM:0.76 | lr: 2.94e-05 | left: 235s
step 00200 (  2.7%) | loss: 3.449955 | trade:0.21 call:0.50 put:0.50 | ATM:0.25 OTM:0.75 | lr: 4.09e-05 | left: 233s
step 00250 (  3.5%) | loss: 3.326065 | trade:0.27 call:0.52 put:0.48 | ATM:0.26 OTM:0.74 | lr: 5.24e-05 | left: 232s
step 00300 (  4.3%) | loss: 3.209366 | trade:0.34 call:0.52 put:0.48 | ATM:0.29 OTM:0.71 | lr: 6.38e-05 | left: 230s
step 00350 (  5.0%) | loss: 3.165350 | trade:0.34 call:0.53 put:0.47 | ATM:0.31 OTM:0.69 | lr: 7.53e-05 | left: 228s
step 00400 (  5.8%) | loss: 3.069614 | trade:0.35 call:0.55 put:0.45 | ATM:0.32 OTM:0.68 | lr: 8.67e-05 | left: 226s
step 00450 (  6.5%) | loss: 2.971991 | trade:0.35 call:0.55 put:0.45 | ATM:0.33 OTM:0.67 | lr: 9.82e-05 | left: 224s
step 00500 (  7.3%) | loss: 2.861534 | trade:0.34 call:0.55 put:0.45 | ATM:0.33 OTM:0.67 | lr: 1.10e-04 | left: 222s
step 00550 (  8.0%) | loss: 2.736893 | trade:0.33 call:0.55 put:0.45 | ATM:0.34 OTM:0.66 | lr: 1.21e-04 | left: 221s
step 00600 (  8.7%) | loss: 2.641558 | trade:0.38 call:0.56 put:0.44 | ATM:0.33 OTM:0.67 | lr: 1.31e-04 | left: 219s
step 00650 (  9.4%) | loss: 2.488025 | trade:0.39 call:0.53 put:0.47 | ATM:0.33 OTM:0.67 | lr: 1.42e-04 | left: 217s
step 00700 ( 10.2%) | loss: 2.357585 | trade:0.36 call:0.55 put:0.45 | ATM:0.35 OTM:0.65 | lr: 1.50e-04 | left: 216s
step 00750 ( 10.9%) | loss: 2.128580 | trade:0.40 call:0.56 put:0.44 | ATM:0.34 OTM:0.66 | lr: 1.50e-04 | left: 214s
step 00800 ( 11.7%) | loss: 1.981416 | trade:0.36 call:0.61 put:0.39 | ATM:0.40 OTM:0.60 | lr: 1.50e-04 | left: 212s
step 00850 ( 12.5%) | loss: 1.912990 | trade:0.37 call:0.64 put:0.36 | ATM:0.39 OTM:0.61 | lr: 1.50e-04 | left: 210s
step 00900 ( 13.2%) | loss: 1.740257 | trade:0.35 call:0.61 put:0.39 | ATM:0.40 OTM:0.60 | lr: 1.50e-04 | left: 208s
step 00950 ( 14.0%) | loss: 1.588358 | trade:0.39 call:0.61 put:0.39 | ATM:0.39 OTM:0.61 | lr: 1.50e-04 | left: 206s
step 01000 ( 14.8%) | loss: 1.605959 | trade:0.37 call:0.64 put:0.36 | ATM:0.44 OTM:0.56 | lr: 1.50e-04 | left: 205s
step 01050 ( 15.5%) | loss: 1.410930 | trade:0.37 call:0.70 put:0.30 | ATM:0.50 OTM:0.50 | lr: 1.50e-04 | left: 203s
step 01100 ( 16.3%) | loss: 1.353373 | trade:0.36 call:0.66 put:0.34 | ATM:0.44 OTM:0.56 | lr: 1.50e-04 | left: 201s
step 01150 ( 17.1%) | loss: 1.338338 | trade:0.38 call:0.60 put:0.40 | ATM:0.48 OTM:0.52 | lr: 1.50e-04 | left: 199s
step 01200 ( 17.8%) | loss: 1.248446 | trade:0.36 call:0.65 put:0.35 | ATM:0.53 OTM:0.47 | lr: 1.50e-04 | left: 197s
step 01250 ( 18.6%) | loss: 1.195108 | trade:0.38 call:0.64 put:0.36 | ATM:0.46 OTM:0.54 | lr: 1.50e-04 | left: 195s
step 01300 ( 19.3%) | loss: 1.214490 | trade:0.38 call:0.68 put:0.32 | ATM:0.46 OTM:0.54 | lr: 1.50e-04 | left: 194s
step 01350 ( 20.1%) | loss: 1.130642 | trade:0.36 call:0.63 put:0.37 | ATM:0.47 OTM:0.53 | lr: 1.50e-04 | left: 192s
step 01400 ( 20.9%) | loss: 1.042883 | trade:0.39 call:0.60 put:0.40 | ATM:0.45 OTM:0.55 | lr: 1.50e-04 | left: 190s
step 01450 ( 21.6%) | loss: 1.057238 | trade:0.33 call:0.62 put:0.38 | ATM:0.48 OTM:0.52 | lr: 1.50e-04 | left: 188s
step 01500 ( 22.3%) | loss: 1.005537 | trade:0.34 call:0.62 put:0.38 | ATM:0.52 OTM:0.48 | lr: 1.50e-04 | left: 186s
step 01550 ( 23.1%) | loss: 1.083872 | trade:0.36 call:0.64 put:0.36 | ATM:0.45 OTM:0.55 | lr: 1.50e-04 | left: 185s
step 01600 ( 23.9%) | loss: 0.994441 | trade:0.37 call:0.62 put:0.38 | ATM:0.47 OTM:0.53 | lr: 1.50e-04 | left: 183s
step 01650 ( 24.6%) | loss: 0.937791 | trade:0.36 call:0.64 put:0.36 | ATM:0.48 OTM:0.52 | lr: 1.50e-04 | left: 181s
step 01700 ( 25.4%) | loss: 0.962637 | trade:0.31 call:0.61 put:0.39 | ATM:0.50 OTM:0.50 | lr: 1.50e-04 | left: 179s
step 01750 ( 26.2%) | loss: 0.927337 | trade:0.38 call:0.65 put:0.35 | ATM:0.47 OTM:0.53 | lr: 1.50e-04 | left: 177s
step 01800 ( 26.9%) | loss: 0.906408 | trade:0.33 call:0.68 put:0.32 | ATM:0.48 OTM:0.52 | lr: 1.50e-04 | left: 175s
step 01850 ( 27.7%) | loss: 0.893469 | trade:0.36 call:0.64 put:0.36 | ATM:0.50 OTM:0.50 | lr: 1.50e-04 | left: 174s
step 01900 ( 28.5%) | loss: 0.879061 | trade:0.38 call:0.57 put:0.43 | ATM:0.53 OTM:0.47 | lr: 1.50e-04 | left: 172s
step 01950 ( 29.2%) | loss: 0.866093 | trade:0.30 call:0.68 put:0.32 | ATM:0.55 OTM:0.45 | lr: 1.50e-04 | left: 170s
step 02000 ( 29.9%) | loss: 0.941173 | trade:0.42 call:0.60 put:0.40 | ATM:0.51 OTM:0.49 | lr: 1.50e-04 | left: 168s
step 02050 ( 30.6%) | loss: 0.881788 | trade:0.36 call:0.58 put:0.42 | ATM:0.51 OTM:0.49 | lr: 1.50e-04 | left: 167s
step 02100 ( 31.3%) | loss: 0.835934 | trade:0.38 call:0.63 put:0.37 | ATM:0.52 OTM:0.48 | lr: 1.50e-04 | left: 165s
step 02150 ( 32.0%) | loss: 0.801172 | trade:0.42 call:0.64 put:0.36 | ATM:0.50 OTM:0.50 | lr: 1.50e-04 | left: 163s
step 02200 ( 32.8%) | loss: 0.759172 | trade:0.37 call:0.66 put:0.34 | ATM:0.53 OTM:0.47 | lr: 1.50e-04 | left: 161s
step 02250 ( 33.6%) | loss: 0.780978 | trade:0.40 call:0.62 put:0.38 | ATM:0.52 OTM:0.48 | lr: 1.50e-04 | left: 159s
step 02300 ( 34.3%) | loss: 0.881525 | trade:0.33 call:0.62 put:0.38 | ATM:0.57 OTM:0.43 | lr: 1.50e-04 | left: 158s
step 02350 ( 35.1%) | loss: 0.822900 | trade:0.37 call:0.65 put:0.35 | ATM:0.53 OTM:0.47 | lr: 1.50e-04 | left: 156s
step 02400 ( 35.8%) | loss: 0.773069 | trade:0.33 call:0.68 put:0.32 | ATM:0.57 OTM:0.43 | lr: 1.50e-04 | left: 154s
step 02450 ( 36.6%) | loss: 0.749633 | trade:0.35 call:0.63 put:0.37 | ATM:0.54 OTM:0.46 | lr: 1.50e-04 | left: 152s
step 02500 ( 37.4%) | loss: 0.787493 | trade:0.29 call:0.71 put:0.29 | ATM:0.60 OTM:0.40 | lr: 1.50e-04 | left: 150s
step 02550 ( 38.1%) | loss: 0.816850 | trade:0.35 call:0.67 put:0.33 | ATM:0.59 OTM:0.41 | lr: 1.50e-04 | left: 148s
step 02600 ( 38.9%) | loss: 0.749521 | trade:0.33 call:0.63 put:0.37 | ATM:0.54 OTM:0.46 | lr: 1.50e-04 | left: 147s
step 02650 ( 39.7%) | loss: 0.756513 | trade:0.33 call:0.64 put:0.36 | ATM:0.56 OTM:0.44 | lr: 1.50e-04 | left: 145s
step 02700 ( 40.4%) | loss: 0.751095 | trade:0.36 call:0.62 put:0.38 | ATM:0.54 OTM:0.46 | lr: 1.50e-04 | left: 143s
step 02750 ( 41.2%) | loss: 0.725682 | trade:0.39 call:0.62 put:0.38 | ATM:0.52 OTM:0.48 | lr: 1.50e-04 | left: 141s
step 02800 ( 42.0%) | loss: 0.744384 | trade:0.38 call:0.58 put:0.42 | ATM:0.54 OTM:0.46 | lr: 1.50e-04 | left: 139s
step 02850 ( 42.7%) | loss: 0.700176 | trade:0.38 call:0.56 put:0.44 | ATM:0.56 OTM:0.44 | lr: 1.50e-04 | left: 138s
step 02900 ( 43.4%) | loss: 0.726667 | trade:0.37 call:0.65 put:0.35 | ATM:0.55 OTM:0.45 | lr: 1.50e-04 | left: 136s
step 02950 ( 44.0%) | loss: 0.742887 | trade:0.31 call:0.64 put:0.36 | ATM:0.55 OTM:0.45 | lr: 1.50e-04 | left: 134s
step 03000 ( 44.8%) | loss: 0.750902 | trade:0.37 call:0.63 put:0.37 | ATM:0.58 OTM:0.42 | lr: 1.50e-04 | left: 133s
step 03050 ( 45.5%) | loss: 0.676168 | trade:0.34 call:0.65 put:0.35 | ATM:0.54 OTM:0.46 | lr: 1.50e-04 | left: 131s
step 03100 ( 46.3%) | loss: 0.693597 | trade:0.33 call:0.70 put:0.30 | ATM:0.62 OTM:0.38 | lr: 1.50e-04 | left: 129s
step 03150 ( 47.1%) | loss: 0.703704 | trade:0.35 call:0.62 put:0.38 | ATM:0.52 OTM:0.48 | lr: 1.50e-04 | left: 127s
step 03200 ( 47.8%) | loss: 0.704835 | trade:0.38 call:0.62 put:0.38 | ATM:0.56 OTM:0.44 | lr: 1.50e-04 | left: 125s
step 03250 ( 48.6%) | loss: 0.707455 | trade:0.36 call:0.59 put:0.41 | ATM:0.60 OTM:0.40 | lr: 1.50e-04 | left: 123s
step 03300 ( 49.3%) | loss: 0.654537 | trade:0.33 call:0.62 put:0.38 | ATM:0.59 OTM:0.41 | lr: 1.50e-04 | left: 122s
step 03350 ( 50.1%) | loss: 0.647344 | trade:0.38 call:0.58 put:0.42 | ATM:0.58 OTM:0.42 | lr: 1.50e-04 | left: 120s
step 03400 ( 50.9%) | loss: 0.663691 | trade:0.29 call:0.58 put:0.42 | ATM:0.62 OTM:0.38 | lr: 1.50e-04 | left: 118s
step 03450 ( 51.6%) | loss: 0.714755 | trade:0.36 call:0.69 put:0.31 | ATM:0.60 OTM:0.40 | lr: 1.50e-04 | left: 116s
step 03500 ( 52.4%) | loss: 0.598746 | trade:0.34 call:0.61 put:0.39 | ATM:0.52 OTM:0.48 | lr: 1.50e-04 | left: 114s
step 03550 ( 53.2%) | loss: 0.661137 | trade:0.32 call:0.61 put:0.39 | ATM:0.58 OTM:0.42 | lr: 1.50e-04 | left: 112s
step 03600 ( 53.9%) | loss: 0.646103 | trade:0.31 call:0.63 put:0.37 | ATM:0.56 OTM:0.44 | lr: 1.50e-04 | left: 111s
step 03650 ( 54.7%) | loss: 0.678739 | trade:0.31 call:0.62 put:0.38 | ATM:0.58 OTM:0.42 | lr: 1.50e-04 | left: 109s
step 03700 ( 55.5%) | loss: 0.696978 | trade:0.41 call:0.60 put:0.40 | ATM:0.55 OTM:0.45 | lr: 1.50e-04 | left: 107s
step 03750 ( 56.2%) | loss: 0.686967 | trade:0.32 call:0.63 put:0.37 | ATM:0.61 OTM:0.39 | lr: 1.50e-04 | left: 105s
step 03800 ( 57.0%) | loss: 0.682696 | trade:0.37 call:0.64 put:0.36 | ATM:0.52 OTM:0.48 | lr: 1.50e-04 | left: 103s
step 03850 ( 57.7%) | loss: 0.648990 | trade:0.40 call:0.59 put:0.41 | ATM:0.53 OTM:0.47 | lr: 1.50e-04 | left: 101s
step 03900 ( 58.5%) | loss: 0.706861 | trade:0.39 call:0.64 put:0.36 | ATM:0.52 OTM:0.48 | lr: 1.50e-04 | left: 100s
step 03950 ( 59.3%) | loss: 0.646551 | trade:0.40 call:0.63 put:0.37 | ATM:0.58 OTM:0.42 | lr: 1.50e-04 | left: 98s
step 04000 ( 60.0%) | loss: 0.678363 | trade:0.30 call:0.64 put:0.36 | ATM:0.60 OTM:0.40 | lr: 1.50e-04 | left: 96s
step 04050 ( 60.7%) | loss: 0.646433 | trade:0.29 call:0.68 put:0.32 | ATM:0.59 OTM:0.41 | lr: 1.50e-04 | left: 94s
step 04100 ( 61.4%) | loss: 0.687888 | trade:0.27 call:0.67 put:0.33 | ATM:0.62 OTM:0.38 | lr: 1.50e-04 | left: 93s
step 04150 ( 62.2%) | loss: 0.656471 | trade:0.31 call:0.66 put:0.34 | ATM:0.55 OTM:0.45 | lr: 1.50e-04 | left: 91s
step 04200 ( 62.9%) | loss: 0.643258 | trade:0.33 call:0.63 put:0.37 | ATM:0.57 OTM:0.43 | lr: 1.50e-04 | left: 89s
step 04250 ( 63.7%) | loss: 0.596719 | trade:0.37 call:0.60 put:0.40 | ATM:0.54 OTM:0.46 | lr: 1.50e-04 | left: 87s
step 04300 ( 64.4%) | loss: 0.635465 | trade:0.33 call:0.55 put:0.45 | ATM:0.59 OTM:0.41 | lr: 1.50e-04 | left: 85s
step 04350 ( 65.0%) | loss: 0.638789 | trade:0.39 call:0.58 put:0.42 | ATM:0.60 OTM:0.40 | lr: 1.50e-04 | left: 84s
step 04400 ( 65.7%) | loss: 0.644084 | trade:0.29 call:0.60 put:0.40 | ATM:0.63 OTM:0.37 | lr: 1.50e-04 | left: 82s
step 04450 ( 66.5%) | loss: 0.615500 | trade:0.39 call:0.62 put:0.38 | ATM:0.53 OTM:0.47 | lr: 1.50e-04 | left: 80s
step 04500 ( 67.2%) | loss: 0.633761 | trade:0.30 call:0.61 put:0.39 | ATM:0.62 OTM:0.38 | lr: 1.50e-04 | left: 79s
step 04550 ( 68.0%) | loss: 0.659762 | trade:0.43 call:0.64 put:0.36 | ATM:0.52 OTM:0.48 | lr: 1.50e-04 | left: 77s
step 04600 ( 68.7%) | loss: 0.674394 | trade:0.34 call:0.63 put:0.37 | ATM:0.63 OTM:0.37 | lr: 1.50e-04 | left: 75s
step 04650 ( 69.5%) | loss: 0.631742 | trade:0.35 call:0.56 put:0.44 | ATM:0.63 OTM:0.37 | lr: 1.50e-04 | left: 73s
step 04700 ( 70.2%) | loss: 0.642336 | trade:0.42 call:0.61 put:0.39 | ATM:0.52 OTM:0.48 | lr: 1.50e-04 | left: 71s
step 04750 ( 71.0%) | loss: 0.656321 | trade:0.40 call:0.61 put:0.39 | ATM:0.54 OTM:0.46 | lr: 1.50e-04 | left: 70s
step 04800 ( 71.8%) | loss: 0.561380 | trade:0.38 call:0.65 put:0.35 | ATM:0.57 OTM:0.43 | lr: 1.49e-04 | left: 68s
step 04850 ( 72.5%) | loss: 0.641674 | trade:0.32 call:0.59 put:0.41 | ATM:0.61 OTM:0.39 | lr: 1.47e-04 | left: 66s
step 04900 ( 73.3%) | loss: 0.575751 | trade:0.33 call:0.63 put:0.37 | ATM:0.63 OTM:0.37 | lr: 1.46e-04 | left: 64s
step 04950 ( 74.1%) | loss: 0.640967 | trade:0.33 call:0.64 put:0.36 | ATM:0.55 OTM:0.45 | lr: 1.43e-04 | left: 62s
step 05000 ( 74.8%) | loss: 0.569895 | trade:0.35 call:0.60 put:0.40 | ATM:0.58 OTM:0.42 | lr: 1.41e-04 | left: 60s
step 05050 ( 75.5%) | loss: 0.602424 | trade:0.34 call:0.61 put:0.39 | ATM:0.57 OTM:0.43 | lr: 1.38e-04 | left: 59s
step 05100 ( 76.3%) | loss: 0.623312 | trade:0.39 call:0.61 put:0.39 | ATM:0.58 OTM:0.42 | lr: 1.34e-04 | left: 57s
step 05150 ( 77.0%) | loss: 0.616859 | trade:0.33 call:0.57 put:0.43 | ATM:0.65 OTM:0.35 | lr: 1.31e-04 | left: 55s
step 05200 ( 77.8%) | loss: 0.616055 | trade:0.43 call:0.64 put:0.36 | ATM:0.55 OTM:0.45 | lr: 1.26e-04 | left: 53s
step 05250 ( 78.6%) | loss: 0.594737 | trade:0.34 call:0.64 put:0.36 | ATM:0.61 OTM:0.39 | lr: 1.22e-04 | left: 51s
step 05300 ( 79.3%) | loss: 0.580839 | trade:0.39 call:0.64 put:0.36 | ATM:0.58 OTM:0.42 | lr: 1.17e-04 | left: 50s
step 05350 ( 80.1%) | loss: 0.622736 | trade:0.39 call:0.61 put:0.39 | ATM:0.59 OTM:0.41 | lr: 1.12e-04 | left: 48s
step 05400 ( 80.8%) | loss: 0.553677 | trade:0.35 call:0.61 put:0.39 | ATM:0.58 OTM:0.42 | lr: 1.07e-04 | left: 46s
step 05450 ( 81.3%) | loss: 0.565448 | trade:0.34 call:0.63 put:0.37 | ATM:0.60 OTM:0.40 | lr: 1.03e-04 | left: 45s
step 05500 ( 81.7%) | loss: 0.598703 | trade:0.35 call:0.58 put:0.42 | ATM:0.63 OTM:0.37 | lr: 1.00e-04 | left: 44s
step 05550 ( 82.2%) | loss: 0.583395 | trade:0.34 call:0.65 put:0.35 | ATM:0.59 OTM:0.41 | lr: 9.70e-05 | left: 43s
step 05600 ( 82.6%) | loss: 0.577102 | trade:0.36 call:0.58 put:0.42 | ATM:0.58 OTM:0.42 | lr: 9.38e-05 | left: 42s
step 05650 ( 83.2%) | loss: 0.576357 | trade:0.39 call:0.59 put:0.41 | ATM:0.57 OTM:0.43 | lr: 8.89e-05 | left: 40s
step 05700 ( 83.9%) | loss: 0.582389 | trade:0.35 call:0.61 put:0.39 | ATM:0.65 OTM:0.35 | lr: 8.33e-05 | left: 39s
step 05750 ( 84.7%) | loss: 0.606018 | trade:0.36 call:0.64 put:0.36 | ATM:0.68 OTM:0.32 | lr: 7.73e-05 | left: 37s
step 05800 ( 85.5%) | loss: 0.551534 | trade:0.32 call:0.58 put:0.42 | ATM:0.59 OTM:0.41 | lr: 7.13e-05 | left: 35s
step 05850 ( 86.2%) | loss: 0.513872 | trade:0.33 call:0.64 put:0.36 | ATM:0.64 OTM:0.36 | lr: 6.59e-05 | left: 33s
step 05900 ( 86.9%) | loss: 0.467481 | trade:0.36 call:0.63 put:0.37 | ATM:0.63 OTM:0.37 | lr: 6.02e-05 | left: 31s
step 05950 ( 87.7%) | loss: 0.653180 | trade:0.37 call:0.63 put:0.37 | ATM:0.61 OTM:0.39 | lr: 5.44e-05 | left: 30s
step 06000 ( 88.4%) | loss: 0.499731 | trade:0.36 call:0.63 put:0.37 | ATM:0.63 OTM:0.37 | lr: 4.87e-05 | left: 28s
step 06050 ( 89.2%) | loss: 0.576200 | trade:0.35 call:0.61 put:0.39 | ATM:0.61 OTM:0.39 | lr: 4.32e-05 | left: 26s
step 06100 ( 89.9%) | loss: 0.556350 | trade:0.36 call:0.55 put:0.45 | ATM:0.57 OTM:0.43 | lr: 3.79e-05 | left: 24s
step 06150 ( 90.7%) | loss: 0.515625 | trade:0.38 call:0.54 put:0.46 | ATM:0.62 OTM:0.38 | lr: 3.28e-05 | left: 22s
step 06200 ( 91.5%) | loss: 0.531350 | trade:0.35 call:0.55 put:0.45 | ATM:0.65 OTM:0.35 | lr: 2.80e-05 | left: 20s
step 06250 ( 92.2%) | loss: 0.498880 | trade:0.39 call:0.64 put:0.36 | ATM:0.58 OTM:0.42 | lr: 2.35e-05 | left: 19s
step 06300 ( 93.0%) | loss: 0.595575 | trade:0.32 call:0.65 put:0.35 | ATM:0.61 OTM:0.39 | lr: 1.93e-05 | left: 17s
step 06350 ( 93.8%) | loss: 0.527942 | trade:0.36 call:0.61 put:0.39 | ATM:0.62 OTM:0.38 | lr: 1.55e-05 | left: 15s
step 06400 ( 94.5%) | loss: 0.599454 | trade:0.35 call:0.64 put:0.36 | ATM:0.62 OTM:0.38 | lr: 1.20e-05 | left: 13s
step 06450 ( 95.3%) | loss: 0.530040 | trade:0.41 call:0.64 put:0.36 | ATM:0.60 OTM:0.40 | lr: 8.99e-06 | left: 11s
step 06500 ( 96.0%) | loss: 0.532975 | trade:0.28 call:0.60 put:0.40 | ATM:0.66 OTM:0.34 | lr: 6.36e-06 | left: 9s
step 06550 ( 96.8%) | loss: 0.592886 | trade:0.35 call:0.58 put:0.42 | ATM:0.63 OTM:0.37 | lr: 4.21e-06 | left: 8s
step 06600 ( 97.5%) | loss: 0.546471 | trade:0.32 call:0.62 put:0.38 | ATM:0.66 OTM:0.34 | lr: 2.59e-06 | left: 6s
step 06650 ( 98.2%) | loss: 0.487358 | trade:0.33 call:0.65 put:0.35 | ATM:0.66 OTM:0.34 | lr: 1.34e-06 | left: 4s
step 06700 ( 99.0%) | loss: 0.542567 | trade:0.35 call:0.56 put:0.44 | ATM:0.62 OTM:0.38 | lr: 4.48e-07 | left: 2s
step 06750 ( 99.7%) | loss: 0.544116 | trade:0.27 call:0.60 put:0.40 | ATM:0.63 OTM:0.37 | lr: 3.24e-08 | left: 1s

Training done at 244s. Starting evaluation...
Evaluation done in 7s (total wall: 251s)
Model saved to /root/best_model.pt
Trade log: 118 trades -> /root/trade_log.csv

---
score:              0.415553
profit_factor:      2.130820
win_rate:           0.355932
avg_winner:         0.746119
avg_loser:          -0.193507
trades_per_day:     1.761194
max_consec_loss:    10
num_trades:         118
trade_sharpe:       3.246655
sortino:            26.045791
max_drawdown:       -3.640485
calmar:             4.568195
ev_per_trade:       0.140936
do_nothing_pct:     0.596871
exit_pct:           0.017574
model_exit_count:   82
cooldown_blocked:   161
pre_10am_blocked:   678
short_hold_pct:     0.271000
stop_loss_rate:     0.305000
direction_collapse_pct: 0.406800
avg_entry_cost_bps: 382.441900
avg_entry_quality:  0.718200
cost_realism_coverage: 1.000000
high_cost_entry_rate: 0.525400
low_quality_entry_rate: 0.000000
actionable_bar_rate: 0.803300
risk_off_bar_rate:  0.000000
final_capital:      10732.51
equity_sharpe:      0.732300
max_equity_dd:      -0.430400
total_dollar_return:0.073300
val_sharpe:         -27.495499
total_return:       16.630446
num_val_bars:       4666
num_val_days:       67
worst_chunk_pf:     0.15
rr_ratio:           3.8558
avg_hold_bars:      8.83
model_exit_rate:    0.6949
hit_ruin:           False
min_equity_frac:    0.5899
avg_risk_fraction:  0.0945
max_risk_fraction:  0.3809
trades_blocked_by_balance: 0
  Chunk 1: 2025-02-18..2025-05-28 | 32 trades | PF=1.10 | WR=34.4%
  Chunk 2: 2025-06-11..2025-08-13 | 15 trades | PF=0.15 | WR=6.7%
  Chunk 3: 2025-08-29..2025-09-17 | 14 trades | PF=6.44 | WR=57.1%
  Chunk 4: 2025-10-02..2025-11-12 | 29 trades | PF=1.74 | WR=44.8%
  Chunk 5: 2025-12-02..2026-03-16 | 28 trades | PF=3.16 | WR=32.1%
training_seconds:   240.0
total_seconds:      253.0
peak_vram_mb:       366.9
num_steps:          6769
num_params:         146,265
lookback:           120
depth:              3
d_model:            64
effective_lr:       0.00015
gate_label_smoothing:0.050000
dir_label_smoothing:0.050000
false_entry_penalty:2.500000
feature_noise_std:  0.050000
/opt/conda/lib/python3.11/site-packages/torch/nn/modules/transformer.py:379: UserWarning: enable_nested_tensor is True, but self.use_nested_tensor is False because encoder_layer.norm_first was True
  warnings.warn(
