Loading data from: /root/.cache/autoresearch-trading/features/data.pt
Loaded 384870 1-min bars, 32 features, 8 actions
  ~986 trading days
Training:   up to idx 269189
Validation: idx 269190-384869
  Option P&L coverage: 297877/384870 (77%)
Parameters: 145,064
Architecture: v4 simplified two-head (gate+dir), ATM-biased, no ETV
Training from scratch (v4: no warm-start).
Day-sequential batching: 40% sequential, 60% random (batch=16)

Budget: 240s | Batch: 128 | Lookback: 120
LR: 0.00035 | Depth: 3 | d_model: 64 | ff_mult: 3
Dropout: 0.15 | Weight decay: 0.05
False entry penalty: 1.5x
Label smoothing: gate=0.05 dir=0.05
Loss weights: gate=0.4, dir=1.0, pnl=0.5, exit=0.3
Binary gate classification (no EV scaling)

step 00000 (  0.0%) | loss: 2.448677 | trade:0.82 call:0.47 put:0.53 | ATM:0.42 OTM:0.58 [rnd] | lr: 0.00e+00 | left: 240s
step 00050 (  0.3%) | loss: 1.304740 | trade:0.82 call:0.48 put:0.52 | ATM:0.42 OTM:0.58 [rnd] | lr: 7.06e-06 | left: 239s
step 00100 (  0.7%) | loss: 1.231656 | trade:0.83 call:0.47 put:0.53 | ATM:0.46 OTM:0.54 [seq] | lr: 1.70e-05 | left: 238s
step 00150 (  1.2%) | loss: 1.569574 | trade:0.68 call:0.49 put:0.51 | ATM:0.41 OTM:0.59 [seq] | lr: 2.76e-05 | left: 237s
step 00200 (  1.6%) | loss: 1.393091 | trade:0.67 call:0.55 put:0.45 | ATM:0.44 OTM:0.56 [seq] | lr: 3.77e-05 | left: 236s
step 00250 (  2.1%) | loss: 1.212908 | trade:0.53 call:0.68 put:0.32 | ATM:0.46 OTM:0.54 [rnd] | lr: 4.80e-05 | left: 235s
step 00300 (  2.5%) | loss: 1.064430 | trade:0.38 call:0.72 put:0.28 | ATM:0.48 OTM:0.52 [rnd] | lr: 5.82e-05 | left: 234s
step 00350 (  2.9%) | loss: 1.188477 | trade:0.27 call:0.73 put:0.27 | ATM:0.47 OTM:0.53 [rnd] | lr: 6.86e-05 | left: 233s
step 00400 (  3.4%) | loss: 0.948886 | trade:0.24 call:0.76 put:0.24 | ATM:0.48 OTM:0.52 [rnd] | lr: 7.88e-05 | left: 232s
step 00450 (  3.9%) | loss: 1.290859 | trade:0.16 call:0.80 put:0.20 | ATM:0.50 OTM:0.50 [rnd] | lr: 8.99e-05 | left: 231s
step 00500 (  4.3%) | loss: 0.914790 | trade:0.13 call:0.78 put:0.22 | ATM:0.49 OTM:0.51 [rnd] | lr: 1.01e-04 | left: 230s
step 00550 (  4.7%) | loss: 0.726602 | trade:0.13 call:0.75 put:0.25 | ATM:0.40 OTM:0.60 [seq] | lr: 1.11e-04 | left: 229s
step 00600 (  5.2%) | loss: 0.594246 | trade:0.14 call:0.76 put:0.24 | ATM:0.50 OTM:0.50 [rnd] | lr: 1.21e-04 | left: 228s
step 00650 (  5.6%) | loss: 0.604518 | trade:0.01 call:0.80 put:0.20 | ATM:0.44 OTM:0.56 [seq] | lr: 1.31e-04 | left: 227s
step 00700 (  6.0%) | loss: 0.532821 | trade:0.03 call:0.89 put:0.11 | ATM:0.41 OTM:0.59 [seq] | lr: 1.41e-04 | left: 226s
step 00750 (  6.4%) | loss: 0.612087 | trade:0.15 call:0.77 put:0.23 | ATM:0.55 OTM:0.45 [rnd] | lr: 1.50e-04 | left: 224s
step 00800 (  6.9%) | loss: 0.568613 | trade:0.00 call:0.82 put:0.18 | ATM:0.61 OTM:0.39 [seq] | lr: 1.61e-04 | left: 223s
step 00850 (  7.3%) | loss: 0.535597 | trade:0.01 call:0.86 put:0.14 | ATM:0.73 OTM:0.27 [seq] | lr: 1.71e-04 | left: 222s
step 00900 (  7.8%) | loss: 0.672593 | trade:0.00 call:0.84 put:0.16 | ATM:0.59 OTM:0.41 [seq] | lr: 1.81e-04 | left: 221s
step 00950 (  8.2%) | loss: 0.427943 | trade:0.13 call:0.77 put:0.23 | ATM:0.58 OTM:0.42 [rnd] | lr: 1.91e-04 | left: 220s
step 01000 (  8.6%) | loss: 0.391285 | trade:0.06 call:0.96 put:0.04 | ATM:0.80 OTM:0.20 [seq] | lr: 2.00e-04 | left: 219s
step 01050 (  9.0%) | loss: 0.506230 | trade:0.13 call:0.98 put:0.02 | ATM:0.90 OTM:0.10 [seq] | lr: 2.10e-04 | left: 218s
step 01100 (  9.4%) | loss: 0.575433 | trade:0.14 call:0.74 put:0.26 | ATM:0.60 OTM:0.40 [rnd] | lr: 2.19e-04 | left: 217s
step 01150 (  9.8%) | loss: 0.394532 | trade:0.16 call:0.72 put:0.28 | ATM:0.55 OTM:0.45 [rnd] | lr: 2.29e-04 | left: 216s
step 01200 ( 10.2%) | loss: 0.552903 | trade:0.01 call:0.77 put:0.23 | ATM:0.37 OTM:0.63 [seq] | lr: 2.39e-04 | left: 215s
step 01250 ( 10.6%) | loss: 0.429138 | trade:0.18 call:0.74 put:0.26 | ATM:0.60 OTM:0.40 [rnd] | lr: 2.48e-04 | left: 214s
step 01300 ( 11.1%) | loss: 0.515684 | trade:0.20 call:0.73 put:0.27 | ATM:0.55 OTM:0.45 [rnd] | lr: 2.59e-04 | left: 213s
step 01350 ( 11.5%) | loss: 0.554279 | trade:0.19 call:0.74 put:0.26 | ATM:0.59 OTM:0.41 [rnd] | lr: 2.69e-04 | left: 212s
step 01400 ( 12.0%) | loss: 0.444682 | trade:0.18 call:0.73 put:0.27 | ATM:0.59 OTM:0.41 [rnd] | lr: 2.80e-04 | left: 211s
step 01450 ( 12.4%) | loss: 0.466981 | trade:0.37 call:0.38 put:0.62 | ATM:0.61 OTM:0.39 [seq] | lr: 2.90e-04 | left: 210s
step 01500 ( 12.9%) | loss: 0.543789 | trade:0.23 call:0.39 put:0.61 | ATM:0.63 OTM:0.37 [seq] | lr: 3.01e-04 | left: 209s
step 01550 ( 13.4%) | loss: 0.510234 | trade:0.16 call:0.80 put:0.20 | ATM:0.57 OTM:0.43 [rnd] | lr: 3.12e-04 | left: 208s
step 01600 ( 13.8%) | loss: 0.581179 | trade:0.00 call:0.58 put:0.42 | ATM:0.34 OTM:0.66 [seq] | lr: 3.22e-04 | left: 207s
step 01650 ( 14.2%) | loss: 0.604963 | trade:0.20 call:0.71 put:0.29 | ATM:0.56 OTM:0.44 [rnd] | lr: 3.32e-04 | left: 206s
step 01700 ( 14.7%) | loss: 0.598345 | trade:0.14 call:0.70 put:0.30 | ATM:0.58 OTM:0.42 [rnd] | lr: 3.43e-04 | left: 205s
step 01750 ( 15.1%) | loss: 0.482146 | trade:0.19 call:0.72 put:0.28 | ATM:0.57 OTM:0.43 [rnd] | lr: 3.50e-04 | left: 204s
step 01800 ( 15.5%) | loss: 0.529184 | trade:0.14 call:0.68 put:0.32 | ATM:0.65 OTM:0.35 [rnd] | lr: 3.50e-04 | left: 203s
step 01850 ( 16.0%) | loss: 0.600167 | trade:0.03 call:0.91 put:0.09 | ATM:0.46 OTM:0.54 [seq] | lr: 3.50e-04 | left: 202s
step 01900 ( 16.4%) | loss: 0.475295 | trade:0.01 call:0.77 put:0.23 | ATM:0.49 OTM:0.51 [seq] | lr: 3.50e-04 | left: 201s
step 01950 ( 16.8%) | loss: 0.535810 | trade:0.16 call:0.76 put:0.24 | ATM:0.57 OTM:0.43 [rnd] | lr: 3.50e-04 | left: 200s
step 02000 ( 17.3%) | loss: 0.616344 | trade:0.18 call:0.71 put:0.29 | ATM:0.62 OTM:0.38 [rnd] | lr: 3.50e-04 | left: 199s
step 02050 ( 17.7%) | loss: 0.596045 | trade:0.15 call:0.70 put:0.30 | ATM:0.64 OTM:0.36 [rnd] | lr: 3.50e-04 | left: 197s
step 02100 ( 18.1%) | loss: 0.460680 | trade:0.85 call:0.04 put:0.96 | ATM:0.64 OTM:0.36 [seq] | lr: 3.50e-04 | left: 196s
step 02150 ( 18.5%) | loss: 0.469899 | trade:0.18 call:0.76 put:0.24 | ATM:0.55 OTM:0.45 [rnd] | lr: 3.50e-04 | left: 195s
step 02200 ( 19.0%) | loss: 0.416418 | trade:0.25 call:0.02 put:0.98 | ATM:0.57 OTM:0.43 [seq] | lr: 3.50e-04 | left: 194s
step 02250 ( 19.4%) | loss: 0.537272 | trade:0.00 call:0.05 put:0.95 | ATM:0.95 OTM:0.05 [seq] | lr: 3.50e-04 | left: 193s
step 02300 ( 19.8%) | loss: 0.463252 | trade:0.13 call:0.69 put:0.31 | ATM:0.62 OTM:0.38 [rnd] | lr: 3.50e-04 | left: 192s
step 02350 ( 20.2%) | loss: 0.517642 | trade:0.17 call:0.68 put:0.32 | ATM:0.62 OTM:0.38 [rnd] | lr: 3.50e-04 | left: 191s
step 02400 ( 20.7%) | loss: 0.619326 | trade:0.16 call:0.69 put:0.31 | ATM:0.60 OTM:0.40 [rnd] | lr: 3.50e-04 | left: 190s
step 02450 ( 21.1%) | loss: 0.466195 | trade:0.00 call:0.87 put:0.13 | ATM:0.70 OTM:0.30 [seq] | lr: 3.50e-04 | left: 189s
step 02500 ( 21.6%) | loss: 0.542171 | trade:0.00 call:0.57 put:0.43 | ATM:0.43 OTM:0.57 [seq] | lr: 3.50e-04 | left: 188s
step 02550 ( 22.0%) | loss: 0.521930 | trade:0.00 call:0.71 put:0.29 | ATM:0.51 OTM:0.49 [seq] | lr: 3.50e-04 | left: 187s
step 02600 ( 22.4%) | loss: 0.596226 | trade:0.16 call:0.69 put:0.31 | ATM:0.59 OTM:0.41 [rnd] | lr: 3.50e-04 | left: 186s
step 02650 ( 22.9%) | loss: 0.405412 | trade:0.15 call:0.71 put:0.29 | ATM:0.60 OTM:0.40 [rnd] | lr: 3.50e-04 | left: 185s
step 02700 ( 23.4%) | loss: 0.514778 | trade:0.16 call:0.74 put:0.26 | ATM:0.56 OTM:0.44 [rnd] | lr: 3.50e-04 | left: 184s
step 02750 ( 23.8%) | loss: 0.583313 | trade:0.14 call:0.74 put:0.26 | ATM:0.59 OTM:0.41 [rnd] | lr: 3.50e-04 | left: 183s
step 02800 ( 24.2%) | loss: 0.561962 | trade:0.15 call:0.65 put:0.35 | ATM:0.59 OTM:0.41 [rnd] | lr: 3.50e-04 | left: 182s
step 02850 ( 24.6%) | loss: 0.525754 | trade:0.17 call:0.72 put:0.28 | ATM:0.62 OTM:0.38 [rnd] | lr: 3.50e-04 | left: 181s
step 02900 ( 25.0%) | loss: 0.518261 | trade:0.18 call:0.72 put:0.28 | ATM:0.61 OTM:0.39 [rnd] | lr: 3.50e-04 | left: 180s
step 02950 ( 25.4%) | loss: 0.583159 | trade:0.87 call:0.99 put:0.01 | ATM:0.17 OTM:0.83 [seq] | lr: 3.50e-04 | left: 179s
step 03000 ( 25.8%) | loss: 0.458965 | trade:0.00 call:0.03 put:0.97 | ATM:0.90 OTM:0.10 [seq] | lr: 3.50e-04 | left: 178s
step 03050 ( 26.3%) | loss: 0.483684 | trade:0.16 call:0.75 put:0.25 | ATM:0.60 OTM:0.40 [rnd] | lr: 3.50e-04 | left: 177s
step 03100 ( 26.7%) | loss: 0.508355 | trade:0.15 call:0.79 put:0.21 | ATM:0.51 OTM:0.49 [rnd] | lr: 3.50e-04 | left: 176s
step 03150 ( 27.1%) | loss: 0.427281 | trade:0.15 call:0.70 put:0.30 | ATM:0.59 OTM:0.41 [rnd] | lr: 3.50e-04 | left: 175s
step 03200 ( 27.4%) | loss: 0.552494 | trade:0.57 call:0.01 put:0.99 | ATM:0.68 OTM:0.32 [seq] | lr: 3.50e-04 | left: 174s
step 03250 ( 27.9%) | loss: 0.487409 | trade:0.11 call:0.03 put:0.97 | ATM:0.63 OTM:0.37 [seq] | lr: 3.50e-04 | left: 173s
step 03300 ( 28.3%) | loss: 0.383205 | trade:0.00 call:0.35 put:0.65 | ATM:0.82 OTM:0.18 [seq] | lr: 3.50e-04 | left: 172s
step 03350 ( 28.7%) | loss: 0.546942 | trade:0.00 call:0.08 put:0.92 | ATM:0.94 OTM:0.06 [seq] | lr: 3.50e-04 | left: 171s
step 03400 ( 29.2%) | loss: 0.600159 | trade:0.18 call:0.76 put:0.24 | ATM:0.56 OTM:0.44 [rnd] | lr: 3.50e-04 | left: 170s
step 03450 ( 29.6%) | loss: 0.380976 | trade:0.83 call:1.00 put:0.00 | ATM:0.18 OTM:0.82 [seq] | lr: 3.50e-04 | left: 169s
step 03500 ( 30.0%) | loss: 0.535135 | trade:0.18 call:0.72 put:0.28 | ATM:0.54 OTM:0.46 [rnd] | lr: 3.50e-04 | left: 168s
step 03550 ( 30.4%) | loss: 0.403992 | trade:0.78 call:1.00 put:0.00 | ATM:0.22 OTM:0.78 [seq] | lr: 3.50e-04 | left: 167s
step 03600 ( 30.9%) | loss: 0.590933 | trade:0.14 call:0.71 put:0.29 | ATM:0.61 OTM:0.39 [rnd] | lr: 3.50e-04 | left: 166s
step 03650 ( 31.3%) | loss: 0.486366 | trade:0.17 call:0.90 put:0.10 | ATM:0.29 OTM:0.71 [seq] | lr: 3.50e-04 | left: 165s
step 03700 ( 31.7%) | loss: 0.490826 | trade:0.18 call:0.70 put:0.30 | ATM:0.55 OTM:0.45 [rnd] | lr: 3.50e-04 | left: 164s
step 03750 ( 32.2%) | loss: 0.463810 | trade:0.01 call:0.96 put:0.04 | ATM:0.92 OTM:0.08 [seq] | lr: 3.50e-04 | left: 163s
step 03800 ( 32.6%) | loss: 0.555033 | trade:0.27 call:0.98 put:0.02 | ATM:0.42 OTM:0.58 [seq] | lr: 3.50e-04 | left: 162s
step 03850 ( 33.0%) | loss: 0.465614 | trade:0.18 call:0.71 put:0.29 | ATM:0.56 OTM:0.44 [rnd] | lr: 3.50e-04 | left: 161s
step 03900 ( 33.4%) | loss: 0.468973 | trade:0.00 call:0.76 put:0.24 | ATM:0.55 OTM:0.45 [seq] | lr: 3.50e-04 | left: 160s
step 03950 ( 33.9%) | loss: 0.560720 | trade:0.00 call:0.79 put:0.21 | ATM:0.57 OTM:0.43 [seq] | lr: 3.50e-04 | left: 159s
step 04000 ( 34.3%) | loss: 0.540641 | trade:0.00 call:0.80 put:0.20 | ATM:0.33 OTM:0.67 [seq] | lr: 3.50e-04 | left: 158s
step 04050 ( 34.7%) | loss: 0.526196 | trade:0.20 call:0.71 put:0.29 | ATM:0.55 OTM:0.45 [rnd] | lr: 3.50e-04 | left: 157s
step 04100 ( 35.2%) | loss: 0.552549 | trade:0.14 call:0.76 put:0.24 | ATM:0.58 OTM:0.42 [rnd] | lr: 3.50e-04 | left: 156s
step 04150 ( 35.6%) | loss: 0.604921 | trade:0.00 call:0.85 put:0.15 | ATM:0.37 OTM:0.63 [seq] | lr: 3.50e-04 | left: 154s
step 04200 ( 36.0%) | loss: 0.559234 | trade:0.16 call:0.69 put:0.31 | ATM:0.62 OTM:0.38 [rnd] | lr: 3.50e-04 | left: 153s
step 04250 ( 36.5%) | loss: 0.494684 | trade:0.00 call:0.57 put:0.43 | ATM:0.45 OTM:0.55 [seq] | lr: 3.50e-04 | left: 152s
step 04300 ( 36.9%) | loss: 0.463968 | trade:0.00 call:0.83 put:0.17 | ATM:0.42 OTM:0.58 [seq] | lr: 3.50e-04 | left: 151s
step 04350 ( 37.3%) | loss: 0.365741 | trade:0.21 call:0.69 put:0.31 | ATM:0.54 OTM:0.46 [rnd] | lr: 3.50e-04 | left: 150s
step 04400 ( 37.7%) | loss: 0.540659 | trade:0.18 call:0.69 put:0.31 | ATM:0.54 OTM:0.46 [rnd] | lr: 3.50e-04 | left: 149s
step 04450 ( 38.1%) | loss: 0.445499 | trade:0.19 call:0.70 put:0.30 | ATM:0.62 OTM:0.38 [rnd] | lr: 3.50e-04 | left: 148s
step 04500 ( 38.6%) | loss: 0.479332 | trade:0.23 call:0.68 put:0.32 | ATM:0.57 OTM:0.43 [rnd] | lr: 3.50e-04 | left: 147s
step 04550 ( 39.0%) | loss: 0.494783 | trade:0.17 call:0.66 put:0.34 | ATM:0.59 OTM:0.41 [rnd] | lr: 3.50e-04 | left: 146s
step 04600 ( 39.4%) | loss: 0.559256 | trade:0.00 call:0.29 put:0.71 | ATM:0.51 OTM:0.49 [seq] | lr: 3.50e-04 | left: 145s
step 04650 ( 39.9%) | loss: 0.577537 | trade:0.22 call:0.72 put:0.28 | ATM:0.55 OTM:0.45 [rnd] | lr: 3.50e-04 | left: 144s
step 04700 ( 40.3%) | loss: 0.474108 | trade:0.14 call:0.65 put:0.35 | ATM:0.63 OTM:0.37 [rnd] | lr: 3.50e-04 | left: 143s
step 04750 ( 40.7%) | loss: 0.441002 | trade:0.00 call:0.95 put:0.05 | ATM:0.94 OTM:0.06 [seq] | lr: 3.50e-04 | left: 142s
step 04800 ( 41.1%) | loss: 0.379729 | trade:0.16 call:0.73 put:0.27 | ATM:0.57 OTM:0.43 [rnd] | lr: 3.50e-04 | left: 141s
step 04850 ( 41.6%) | loss: 0.431939 | trade:0.00 call:0.90 put:0.10 | ATM:0.71 OTM:0.29 [seq] | lr: 3.50e-04 | left: 140s
step 04900 ( 42.0%) | loss: 0.439757 | trade:0.00 call:0.11 put:0.89 | ATM:0.90 OTM:0.10 [seq] | lr: 3.50e-04 | left: 139s
step 04950 ( 42.4%) | loss: 0.459047 | trade:0.17 call:0.74 put:0.26 | ATM:0.56 OTM:0.44 [rnd] | lr: 3.50e-04 | left: 138s
step 05000 ( 42.8%) | loss: 0.595525 | trade:0.16 call:0.67 put:0.33 | ATM:0.61 OTM:0.39 [rnd] | lr: 3.50e-04 | left: 137s
step 05050 ( 43.3%) | loss: 0.407840 | trade:0.19 call:0.68 put:0.32 | ATM:0.59 OTM:0.41 [rnd] | lr: 3.50e-04 | left: 136s
step 05100 ( 43.7%) | loss: 0.541190 | trade:0.18 call:0.77 put:0.23 | ATM:0.60 OTM:0.40 [seq] | lr: 3.50e-04 | left: 135s
step 05150 ( 44.1%) | loss: 0.461888 | trade:0.20 call:0.71 put:0.29 | ATM:0.58 OTM:0.42 [rnd] | lr: 3.50e-04 | left: 134s
step 05200 ( 44.6%) | loss: 0.486303 | trade:0.21 call:0.72 put:0.28 | ATM:0.54 OTM:0.46 [rnd] | lr: 3.50e-04 | left: 133s
step 05250 ( 45.0%) | loss: 0.419138 | trade:0.21 call:0.71 put:0.29 | ATM:0.54 OTM:0.46 [rnd] | lr: 3.50e-04 | left: 132s
step 05300 ( 45.4%) | loss: 0.380112 | trade:0.50 call:0.01 put:0.99 | ATM:0.67 OTM:0.33 [seq] | lr: 3.50e-04 | left: 131s
step 05350 ( 45.8%) | loss: 0.447876 | trade:0.23 call:0.74 put:0.26 | ATM:0.59 OTM:0.41 [rnd] | lr: 3.50e-04 | left: 130s
step 05400 ( 46.3%) | loss: 0.489823 | trade:0.17 call:0.74 put:0.26 | ATM:0.59 OTM:0.41 [rnd] | lr: 3.50e-04 | left: 129s
step 05450 ( 46.7%) | loss: 0.621403 | trade:0.18 call:0.75 put:0.25 | ATM:0.58 OTM:0.42 [rnd] | lr: 3.50e-04 | left: 128s
step 05500 ( 47.1%) | loss: 0.561177 | trade:0.18 call:0.70 put:0.30 | ATM:0.58 OTM:0.42 [rnd] | lr: 3.50e-04 | left: 127s
step 05550 ( 47.6%) | loss: 0.559476 | trade:0.00 call:0.91 put:0.09 | ATM:0.76 OTM:0.24 [seq] | lr: 3.50e-04 | left: 126s
step 05600 ( 48.0%) | loss: 0.565887 | trade:0.20 call:0.75 put:0.25 | ATM:0.56 OTM:0.44 [rnd] | lr: 3.50e-04 | left: 125s
step 05650 ( 48.5%) | loss: 0.555049 | trade:0.14 call:0.71 put:0.29 | ATM:0.56 OTM:0.44 [rnd] | lr: 3.50e-04 | left: 124s
step 05700 ( 48.9%) | loss: 0.398650 | trade:0.19 call:0.71 put:0.29 | ATM:0.58 OTM:0.42 [rnd] | lr: 3.50e-04 | left: 123s
step 05750 ( 49.3%) | loss: 0.503079 | trade:0.15 call:0.75 put:0.25 | ATM:0.60 OTM:0.40 [rnd] | lr: 3.50e-04 | left: 122s
step 05800 ( 49.7%) | loss: 0.490468 | trade:0.16 call:0.73 put:0.27 | ATM:0.59 OTM:0.41 [rnd] | lr: 3.50e-04 | left: 121s
step 05850 ( 50.1%) | loss: 0.507428 | trade:0.01 call:0.92 put:0.08 | ATM:0.89 OTM:0.11 [seq] | lr: 3.50e-04 | left: 120s
step 05900 ( 50.6%) | loss: 0.491800 | trade:0.15 call:0.71 put:0.29 | ATM:0.57 OTM:0.43 [rnd] | lr: 3.50e-04 | left: 119s
step 05950 ( 51.0%) | loss: 0.495355 | trade:0.20 call:0.73 put:0.27 | ATM:0.59 OTM:0.41 [rnd] | lr: 3.50e-04 | left: 118s
step 06000 ( 51.4%) | loss: 0.495303 | trade:0.14 call:0.68 put:0.32 | ATM:0.61 OTM:0.39 [rnd] | lr: 3.50e-04 | left: 117s
step 06050 ( 51.9%) | loss: 0.450874 | trade:0.44 call:1.00 put:0.00 | ATM:0.45 OTM:0.55 [seq] | lr: 3.50e-04 | left: 116s
step 06100 ( 52.3%) | loss: 0.476058 | trade:0.00 call:0.34 put:0.66 | ATM:0.70 OTM:0.30 [seq] | lr: 3.50e-04 | left: 114s
step 06150 ( 52.7%) | loss: 0.461285 | trade:0.13 call:0.75 put:0.25 | ATM:0.57 OTM:0.43 [rnd] | lr: 3.50e-04 | left: 113s
step 06200 ( 53.1%) | loss: 0.541472 | trade:0.14 call:0.70 put:0.30 | ATM:0.60 OTM:0.40 [rnd] | lr: 3.50e-04 | left: 112s
step 06250 ( 53.6%) | loss: 0.586665 | trade:0.20 call:0.69 put:0.31 | ATM:0.55 OTM:0.45 [rnd] | lr: 3.50e-04 | left: 111s
step 06300 ( 54.0%) | loss: 0.476649 | trade:0.16 call:0.69 put:0.31 | ATM:0.59 OTM:0.41 [rnd] | lr: 3.50e-04 | left: 110s
step 06350 ( 54.5%) | loss: 0.494429 | trade:0.00 call:0.85 put:0.15 | ATM:0.44 OTM:0.56 [seq] | lr: 3.50e-04 | left: 109s
step 06400 ( 54.9%) | loss: 0.428366 | trade:0.00 call:0.87 put:0.13 | ATM:0.73 OTM:0.27 [seq] | lr: 3.50e-04 | left: 108s
step 06450 ( 55.3%) | loss: 0.503581 | trade:0.19 call:0.71 put:0.29 | ATM:0.57 OTM:0.43 [rnd] | lr: 3.50e-04 | left: 107s
step 06500 ( 55.8%) | loss: 0.564000 | trade:0.18 call:0.78 put:0.22 | ATM:0.58 OTM:0.42 [rnd] | lr: 3.50e-04 | left: 106s
step 06550 ( 56.2%) | loss: 0.489251 | trade:0.12 call:0.73 put:0.27 | ATM:0.60 OTM:0.40 [rnd] | lr: 3.50e-04 | left: 105s
step 06600 ( 56.6%) | loss: 0.478576 | trade:0.15 call:0.69 put:0.31 | ATM:0.61 OTM:0.39 [rnd] | lr: 3.50e-04 | left: 104s
step 06650 ( 57.0%) | loss: 0.421433 | trade:0.00 call:0.81 put:0.19 | ATM:0.29 OTM:0.71 [seq] | lr: 3.50e-04 | left: 103s
step 06700 ( 57.5%) | loss: 0.588477 | trade:0.56 call:0.99 put:0.01 | ATM:0.98 OTM:0.02 [seq] | lr: 3.50e-04 | left: 102s
step 06750 ( 57.9%) | loss: 0.400952 | trade:0.01 call:0.94 put:0.06 | ATM:0.93 OTM:0.07 [seq] | lr: 3.50e-04 | left: 101s
step 06800 ( 58.3%) | loss: 0.488263 | trade:0.17 call:0.72 put:0.28 | ATM:0.54 OTM:0.46 [rnd] | lr: 3.50e-04 | left: 100s
step 06850 ( 58.8%) | loss: 0.511749 | trade:0.02 call:0.95 put:0.05 | ATM:0.92 OTM:0.08 [seq] | lr: 3.50e-04 | left: 99s
step 06900 ( 59.2%) | loss: 0.468500 | trade:0.79 call:1.00 put:0.00 | ATM:0.38 OTM:0.62 [seq] | lr: 3.50e-04 | left: 98s
step 06950 ( 59.6%) | loss: 0.518017 | trade:0.16 call:0.72 put:0.28 | ATM:0.59 OTM:0.41 [rnd] | lr: 3.50e-04 | left: 97s
step 07000 ( 60.0%) | loss: 0.548998 | trade:0.16 call:0.71 put:0.29 | ATM:0.59 OTM:0.41 [rnd] | lr: 3.50e-04 | left: 96s
step 07050 ( 60.5%) | loss: 0.503146 | trade:0.16 call:0.72 put:0.28 | ATM:0.58 OTM:0.42 [rnd] | lr: 3.50e-04 | left: 95s
step 07100 ( 60.9%) | loss: 0.542484 | trade:0.86 call:1.00 put:0.00 | ATM:0.13 OTM:0.87 [seq] | lr: 3.50e-04 | left: 94s
step 07150 ( 61.4%) | loss: 0.466271 | trade:0.81 call:1.00 put:0.00 | ATM:0.17 OTM:0.83 [seq] | lr: 3.50e-04 | left: 93s
step 07200 ( 61.8%) | loss: 0.385787 | trade:0.19 call:0.73 put:0.27 | ATM:0.59 OTM:0.41 [rnd] | lr: 3.50e-04 | left: 92s
step 07250 ( 62.2%) | loss: 0.486904 | trade:0.19 call:0.81 put:0.19 | ATM:0.57 OTM:0.43 [rnd] | lr: 3.50e-04 | left: 91s
step 07300 ( 62.6%) | loss: 0.484788 | trade:0.17 call:0.72 put:0.28 | ATM:0.57 OTM:0.43 [rnd] | lr: 3.50e-04 | left: 90s
step 07350 ( 63.0%) | loss: 0.407334 | trade:0.53 call:1.00 put:0.00 | ATM:0.43 OTM:0.57 [seq] | lr: 3.50e-04 | left: 89s
step 07400 ( 63.5%) | loss: 0.490012 | trade:0.16 call:0.74 put:0.26 | ATM:0.59 OTM:0.41 [rnd] | lr: 3.50e-04 | left: 88s
step 07450 ( 63.9%) | loss: 0.538690 | trade:0.23 call:0.71 put:0.29 | ATM:0.55 OTM:0.45 [rnd] | lr: 3.50e-04 | left: 87s
step 07500 ( 64.3%) | loss: 0.425147 | trade:0.00 call:0.83 put:0.17 | ATM:0.34 OTM:0.66 [seq] | lr: 3.50e-04 | left: 86s
step 07550 ( 64.7%) | loss: 0.539654 | trade:0.22 call:0.70 put:0.30 | ATM:0.52 OTM:0.48 [rnd] | lr: 3.50e-04 | left: 85s
step 07600 ( 65.2%) | loss: 0.444188 | trade:0.00 call:0.74 put:0.26 | ATM:0.43 OTM:0.57 [seq] | lr: 3.50e-04 | left: 84s
step 07650 ( 65.6%) | loss: 0.515248 | trade:0.21 call:0.76 put:0.24 | ATM:0.57 OTM:0.43 [rnd] | lr: 3.50e-04 | left: 82s
step 07700 ( 66.1%) | loss: 0.579705 | trade:0.15 call:0.74 put:0.26 | ATM:0.58 OTM:0.42 [rnd] | lr: 3.50e-04 | left: 81s
step 07750 ( 66.5%) | loss: 0.459440 | trade:0.04 call:0.91 put:0.09 | ATM:0.84 OTM:0.16 [seq] | lr: 3.50e-04 | left: 80s
step 07800 ( 66.9%) | loss: 0.494558 | trade:0.18 call:0.72 put:0.28 | ATM:0.59 OTM:0.41 [rnd] | lr: 3.50e-04 | left: 79s
step 07850 ( 67.4%) | loss: 0.540204 | trade:0.14 call:0.74 put:0.26 | ATM:0.54 OTM:0.46 [rnd] | lr: 3.50e-04 | left: 78s
step 07900 ( 67.8%) | loss: 0.455367 | trade:0.88 call:1.00 put:0.00 | ATM:0.19 OTM:0.81 [seq] | lr: 3.50e-04 | left: 77s
step 07950 ( 68.2%) | loss: 0.482993 | trade:0.18 call:0.72 put:0.28 | ATM:0.59 OTM:0.41 [rnd] | lr: 3.50e-04 | left: 76s
step 08000 ( 68.6%) | loss: 0.438317 | trade:0.17 call:0.77 put:0.23 | ATM:0.58 OTM:0.42 [rnd] | lr: 3.50e-04 | left: 75s
step 08050 ( 69.0%) | loss: 0.488757 | trade:0.16 call:0.70 put:0.30 | ATM:0.60 OTM:0.40 [rnd] | lr: 3.50e-04 | left: 74s
step 08100 ( 69.5%) | loss: 0.419186 | trade:0.85 call:1.00 put:0.00 | ATM:0.16 OTM:0.84 [seq] | lr: 3.50e-04 | left: 73s
step 08150 ( 69.9%) | loss: 0.493216 | trade:0.16 call:0.74 put:0.26 | ATM:0.57 OTM:0.43 [rnd] | lr: 3.50e-04 | left: 72s
step 08200 ( 70.3%) | loss: 0.354734 | trade:0.24 call:0.75 put:0.25 | ATM:0.54 OTM:0.46 [rnd] | lr: 3.50e-04 | left: 71s
step 08250 ( 70.7%) | loss: 0.488296 | trade:0.57 call:0.99 put:0.01 | ATM:0.97 OTM:0.03 [seq] | lr: 3.49e-04 | left: 70s
step 08300 ( 71.2%) | loss: 0.501367 | trade:0.20 call:0.69 put:0.31 | ATM:0.57 OTM:0.43 [rnd] | lr: 3.49e-04 | left: 69s
step 08350 ( 71.6%) | loss: 0.457308 | trade:0.19 call:0.76 put:0.24 | ATM:0.53 OTM:0.47 [rnd] | lr: 3.48e-04 | left: 68s
step 08400 ( 72.0%) | loss: 0.563636 | trade:0.12 call:0.78 put:0.22 | ATM:0.58 OTM:0.42 [rnd] | lr: 3.46e-04 | left: 67s
step 08450 ( 72.5%) | loss: 0.479570 | trade:0.13 call:0.80 put:0.20 | ATM:0.58 OTM:0.42 [rnd] | lr: 3.44e-04 | left: 66s
step 08500 ( 72.9%) | loss: 0.357954 | trade:0.00 call:0.77 put:0.23 | ATM:0.34 OTM:0.66 [seq] | lr: 3.42e-04 | left: 65s
step 08550 ( 73.3%) | loss: 0.513299 | trade:0.19 call:0.73 put:0.27 | ATM:0.58 OTM:0.42 [rnd] | lr: 3.39e-04 | left: 64s
step 08600 ( 73.8%) | loss: 0.527494 | trade:0.19 call:0.78 put:0.22 | ATM:0.58 OTM:0.42 [rnd] | lr: 3.37e-04 | left: 63s
step 08650 ( 74.2%) | loss: 0.525518 | trade:0.20 call:0.98 put:0.02 | ATM:0.98 OTM:0.02 [seq] | lr: 3.33e-04 | left: 62s
step 08700 ( 74.6%) | loss: 0.484679 | trade:0.15 call:0.73 put:0.27 | ATM:0.57 OTM:0.43 [rnd] | lr: 3.30e-04 | left: 61s
step 08750 ( 75.1%) | loss: 0.387914 | trade:0.00 call:0.83 put:0.17 | ATM:0.42 OTM:0.58 [seq] | lr: 3.26e-04 | left: 60s
step 08800 ( 75.5%) | loss: 0.511184 | trade:0.17 call:0.74 put:0.26 | ATM:0.58 OTM:0.42 [rnd] | lr: 3.22e-04 | left: 59s
step 08850 ( 75.9%) | loss: 0.572910 | trade:0.17 call:0.72 put:0.28 | ATM:0.57 OTM:0.43 [rnd] | lr: 3.18e-04 | left: 58s
step 08900 ( 76.3%) | loss: 0.445621 | trade:0.00 call:0.29 put:0.71 | ATM:0.78 OTM:0.22 [seq] | lr: 3.13e-04 | left: 57s
step 08950 ( 76.8%) | loss: 0.583007 | trade:0.15 call:0.68 put:0.32 | ATM:0.59 OTM:0.41 [rnd] | lr: 3.08e-04 | left: 56s
step 09000 ( 77.2%) | loss: 0.284253 | trade:0.00 call:0.64 put:0.36 | ATM:0.48 OTM:0.52 [seq] | lr: 3.03e-04 | left: 55s
step 09050 ( 77.6%) | loss: 0.411674 | trade:0.00 call:0.80 put:0.20 | ATM:0.60 OTM:0.40 [seq] | lr: 2.98e-04 | left: 54s
step 09100 ( 78.0%) | loss: 0.523881 | trade:0.00 call:0.89 put:0.11 | ATM:0.47 OTM:0.53 [seq] | lr: 2.92e-04 | left: 53s
step 09150 ( 78.5%) | loss: 0.446339 | trade:0.00 call:0.86 put:0.14 | ATM:0.44 OTM:0.56 [seq] | lr: 2.86e-04 | left: 52s
step 09200 ( 78.9%) | loss: 0.413554 | trade:0.19 call:0.73 put:0.27 | ATM:0.58 OTM:0.42 [rnd] | lr: 2.79e-04 | left: 51s
step 09250 ( 79.3%) | loss: 0.442085 | trade:0.25 call:0.69 put:0.31 | ATM:0.53 OTM:0.47 [rnd] | lr: 2.73e-04 | left: 50s
step 09300 ( 79.8%) | loss: 0.627353 | trade:0.17 call:0.75 put:0.25 | ATM:0.55 OTM:0.45 [rnd] | lr: 2.66e-04 | left: 48s
step 09350 ( 80.2%) | loss: 0.406512 | trade:0.03 call:0.96 put:0.04 | ATM:0.94 OTM:0.06 [seq] | lr: 2.59e-04 | left: 47s
step 09400 ( 80.6%) | loss: 0.476862 | trade:0.00 call:0.29 put:0.71 | ATM:0.79 OTM:0.21 [seq] | lr: 2.52e-04 | left: 46s
step 09450 ( 81.1%) | loss: 0.398208 | trade:0.00 call:0.57 put:0.43 | ATM:0.54 OTM:0.46 [seq] | lr: 2.45e-04 | left: 45s
step 09500 ( 81.5%) | loss: 0.451331 | trade:0.00 call:0.96 put:0.04 | ATM:0.39 OTM:0.61 [seq] | lr: 2.38e-04 | left: 44s
step 09550 ( 81.9%) | loss: 0.328335 | trade:0.18 call:0.72 put:0.28 | ATM:0.58 OTM:0.42 [rnd] | lr: 2.31e-04 | left: 43s
step 09600 ( 82.3%) | loss: 0.402576 | trade:0.19 call:0.71 put:0.29 | ATM:0.58 OTM:0.42 [rnd] | lr: 2.24e-04 | left: 42s
step 09650 ( 82.7%) | loss: 0.354590 | trade:0.00 call:0.90 put:0.10 | ATM:0.84 OTM:0.16 [seq] | lr: 2.16e-04 | left: 41s
step 09700 ( 83.1%) | loss: 0.418595 | trade:0.00 call:0.89 put:0.11 | ATM:0.86 OTM:0.14 [seq] | lr: 2.09e-04 | left: 40s
step 09750 ( 83.6%) | loss: 0.526496 | trade:0.22 call:0.76 put:0.24 | ATM:0.56 OTM:0.44 [rnd] | lr: 2.01e-04 | left: 39s
step 09800 ( 84.0%) | loss: 0.478452 | trade:0.67 call:0.99 put:0.01 | ATM:0.29 OTM:0.71 [seq] | lr: 1.93e-04 | left: 38s
step 09850 ( 84.5%) | loss: 0.671885 | trade:0.18 call:0.73 put:0.27 | ATM:0.59 OTM:0.41 [rnd] | lr: 1.85e-04 | left: 37s
step 09900 ( 84.9%) | loss: 0.564952 | trade:0.15 call:0.99 put:0.01 | ATM:0.32 OTM:0.68 [seq] | lr: 1.77e-04 | left: 36s
step 09950 ( 85.3%) | loss: 0.439298 | trade:0.00 call:0.76 put:0.24 | ATM:0.46 OTM:0.54 [seq] | lr: 1.69e-04 | left: 35s
step 10000 ( 85.8%) | loss: 0.554748 | trade:0.20 call:0.69 put:0.31 | ATM:0.59 OTM:0.41 [rnd] | lr: 1.61e-04 | left: 34s
step 10050 ( 86.2%) | loss: 0.522633 | trade:0.22 call:0.66 put:0.34 | ATM:0.57 OTM:0.43 [rnd] | lr: 1.53e-04 | left: 33s
step 10100 ( 86.7%) | loss: 0.549553 | trade:0.16 call:0.68 put:0.32 | ATM:0.57 OTM:0.43 [rnd] | lr: 1.45e-04 | left: 32s
step 10150 ( 87.1%) | loss: 0.392840 | trade:0.18 call:0.71 put:0.29 | ATM:0.57 OTM:0.43 [rnd] | lr: 1.38e-04 | left: 31s
step 10200 ( 87.5%) | loss: 0.385281 | trade:0.20 call:0.74 put:0.26 | ATM:0.61 OTM:0.39 [rnd] | lr: 1.30e-04 | left: 30s
step 10250 ( 87.9%) | loss: 0.456358 | trade:0.14 call:0.72 put:0.28 | ATM:0.60 OTM:0.40 [rnd] | lr: 1.23e-04 | left: 29s
step 10300 ( 88.3%) | loss: 0.414571 | trade:0.06 call:0.91 put:0.09 | ATM:0.81 OTM:0.19 [seq] | lr: 1.15e-04 | left: 28s
step 10350 ( 88.8%) | loss: 0.485827 | trade:0.03 call:0.95 put:0.05 | ATM:0.95 OTM:0.05 [seq] | lr: 1.08e-04 | left: 27s
step 10400 ( 89.2%) | loss: 0.512746 | trade:0.14 call:0.70 put:0.30 | ATM:0.55 OTM:0.45 [rnd] | lr: 1.01e-04 | left: 26s
step 10450 ( 89.6%) | loss: 0.424772 | trade:0.16 call:0.70 put:0.30 | ATM:0.59 OTM:0.41 [rnd] | lr: 9.43e-05 | left: 25s
step 10500 ( 90.0%) | loss: 0.553922 | trade:0.19 call:0.72 put:0.28 | ATM:0.56 OTM:0.44 [rnd] | lr: 8.72e-05 | left: 24s
step 10550 ( 90.4%) | loss: 0.492489 | trade:0.19 call:0.66 put:0.34 | ATM:0.58 OTM:0.42 [rnd] | lr: 8.06e-05 | left: 23s
step 10600 ( 90.9%) | loss: 0.442778 | trade:0.14 call:0.71 put:0.29 | ATM:0.56 OTM:0.44 [rnd] | lr: 7.38e-05 | left: 22s
step 10650 ( 91.3%) | loss: 0.397597 | trade:0.00 call:0.27 put:0.73 | ATM:0.49 OTM:0.51 [seq] | lr: 6.79e-05 | left: 21s
step 10700 ( 91.7%) | loss: 0.506433 | trade:0.23 call:0.72 put:0.28 | ATM:0.54 OTM:0.46 [rnd] | lr: 6.15e-05 | left: 20s
step 10750 ( 92.2%) | loss: 0.551846 | trade:0.14 call:0.71 put:0.29 | ATM:0.54 OTM:0.46 [rnd] | lr: 5.50e-05 | left: 19s
step 10800 ( 92.7%) | loss: 0.666245 | trade:0.17 call:0.69 put:0.31 | ATM:0.59 OTM:0.41 [rnd] | lr: 4.87e-05 | left: 17s
step 10850 ( 93.1%) | loss: 0.403328 | trade:0.00 call:0.91 put:0.09 | ATM:0.80 OTM:0.20 [seq] | lr: 4.34e-05 | left: 16s
step 10900 ( 93.6%) | loss: 0.485585 | trade:0.16 call:0.65 put:0.35 | ATM:0.58 OTM:0.42 [rnd] | lr: 3.83e-05 | left: 15s
step 10950 ( 94.0%) | loss: 0.445193 | trade:0.19 call:0.73 put:0.27 | ATM:0.55 OTM:0.45 [rnd] | lr: 3.37e-05 | left: 14s
step 11000 ( 94.4%) | loss: 0.404426 | trade:0.15 call:0.69 put:0.31 | ATM:0.56 OTM:0.44 [rnd] | lr: 2.92e-05 | left: 13s
step 11050 ( 94.8%) | loss: 0.442232 | trade:0.07 call:0.98 put:0.02 | ATM:0.48 OTM:0.52 [seq] | lr: 2.49e-05 | left: 12s
step 11100 ( 95.3%) | loss: 0.459960 | trade:0.01 call:0.94 put:0.06 | ATM:0.91 OTM:0.09 [seq] | lr: 2.11e-05 | left: 11s
step 11150 ( 95.7%) | loss: 0.447920 | trade:0.15 call:0.69 put:0.31 | ATM:0.59 OTM:0.41 [rnd] | lr: 1.75e-05 | left: 10s
step 11200 ( 96.1%) | loss: 0.490141 | trade:0.20 call:0.74 put:0.26 | ATM:0.57 OTM:0.43 [rnd] | lr: 1.42e-05 | left: 9s
step 11250 ( 96.6%) | loss: 0.488582 | trade:0.14 call:0.69 put:0.31 | ATM:0.58 OTM:0.42 [rnd] | lr: 1.11e-05 | left: 8s
step 11300 ( 97.0%) | loss: 0.543677 | trade:0.16 call:0.73 put:0.27 | ATM:0.56 OTM:0.44 [rnd] | lr: 8.39e-06 | left: 7s
step 11350 ( 97.5%) | loss: 0.510633 | trade:0.22 call:0.67 put:0.33 | ATM:0.57 OTM:0.43 [rnd] | lr: 6.01e-06 | left: 6s
step 11400 ( 97.9%) | loss: 0.489718 | trade:0.20 call:0.73 put:0.27 | ATM:0.54 OTM:0.46 [rnd] | lr: 4.06e-06 | left: 5s
step 11450 ( 98.4%) | loss: 0.446640 | trade:0.39 call:0.64 put:0.36 | ATM:0.49 OTM:0.51 [seq] | lr: 2.50e-06 | left: 4s
step 11500 ( 98.8%) | loss: 0.440451 | trade:0.00 call:0.30 put:0.70 | ATM:0.82 OTM:0.18 [seq] | lr: 1.30e-06 | left: 3s
step 11550 ( 99.2%) | loss: 0.332219 | trade:0.00 call:0.66 put:0.34 | ATM:0.54 OTM:0.46 [seq] | lr: 5.65e-07 | left: 2s
step 11600 ( 99.6%) | loss: 0.341905 | trade:0.07 call:0.95 put:0.05 | ATM:0.48 OTM:0.52 [seq] | lr: 1.21e-07 | left: 1s

Training done at 245s. Starting evaluation...
Evaluation done in 1s (total wall: 246s)
Model saved to /root/best_model.pt

---
score:              -10.000000
profit_factor:      0.000000
win_rate:           0.000000
avg_winner:         0.000000
avg_loser:          0.000000
trades_per_day:     0.000000
max_consec_loss:    0
num_trades:         0
trade_sharpe:       0.000000
sortino:            0.000000
max_drawdown:       0.000000
calmar:             0.000000
ev_per_trade:       0.000000
do_nothing_pct:     1.000000
exit_pct:           0.000000
model_exit_count:   0
cooldown_blocked:   0
pre_10am_blocked:   0
short_hold_pct:     0.000000
stop_loss_rate:     0.000000
direction_collapse_pct: 0.000000
avg_entry_cost_bps: 300.000000
avg_entry_quality:  0.000000
cost_realism_coverage: 0.000000
high_cost_entry_rate: 1.000000
low_quality_entry_rate: 1.000000
actionable_bar_rate: 0.000000
risk_off_bar_rate:  0.000000
final_capital:      10000.00
equity_sharpe:      0.000000
max_equity_dd:      0.000000
total_dollar_return:0.000000
val_sharpe:         89.630234
total_return:       0.000000
num_val_bars:       260
num_val_days:       5
worst_chunk_pf:     1.00
rr_ratio:           0.0000
avg_hold_bars:      0.00
model_exit_rate:    0.0000
hit_ruin:           False
min_equity_frac:    1.0000
avg_risk_fraction:  0.0000
max_risk_fraction:  0.0000
trades_blocked_by_balance: 0
training_seconds:   240.0
total_seconds:      247.9
peak_vram_mb:       450.5
num_steps:          11643
num_params:         145,064
lookback:           120
depth:              3
d_model:            64
effective_lr:       0.00035
gate_label_smoothing:0.050000
dir_label_smoothing:0.050000
false_entry_penalty:1.500000
/opt/conda/lib/python3.11/site-packages/torch/nn/modules/transformer.py:379: UserWarning: enable_nested_tensor is True, but self.use_nested_tensor is False because encoder_layer.norm_first was True
  warnings.warn(
