Loading data from: /root/.cache/autoresearch-trading/features/data.pt
Loaded 384870 1-min bars, 32 features, 8 actions
  ~986 trading days
Training:   up to idx 269189
Validation: idx 269190-384869
  Option P&L coverage: 297877/384870 (77%)
Parameters: 145,064
Architecture: v4 simplified two-head (gate+dir), ATM-biased, no ETV
Training from scratch (v4: no warm-start).
Day-sequential batching: 70% sequential, 30% random (batch=16)

Budget: 240s | Batch: 128 | Lookback: 120
LR: 0.00025 | Depth: 3 | d_model: 64 | ff_mult: 3
Dropout: 0.15 | Weight decay: 0.05
False entry penalty: 2.0x
Label smoothing: gate=0.05 dir=0.05
Loss weights: gate=2.0, dir=2.0, pnl=0.3, exit=0.5
EV gate scale: 10.0

step 00000 (  0.0%) | loss: 0.000000 | trade:0.39 call:0.53 put:0.47 | ATM:0.40 OTM:0.60 [seq] | lr: 0.00e+00 | left: 240s
step 00050 (  0.2%) | loss: 1.694876 | trade:0.33 call:0.49 put:0.51 | ATM:0.40 OTM:0.60 [seq] | lr: 4.04e-06 | left: 239s
step 00100 (  0.7%) | loss: 2.055821 | trade:0.47 call:0.48 put:0.52 | ATM:0.44 OTM:0.56 [seq] | lr: 1.12e-05 | left: 238s
step 00150 (  1.1%) | loss: 1.861654 | trade:0.46 call:0.44 put:0.56 | ATM:0.41 OTM:0.59 [seq] | lr: 1.79e-05 | left: 237s
step 00200 (  1.5%) | loss: 1.501413 | trade:0.46 call:0.52 put:0.48 | ATM:0.47 OTM:0.53 [seq] | lr: 2.42e-05 | left: 237s
step 00250 (  1.8%) | loss: 1.098060 | trade:0.49 call:0.53 put:0.47 | ATM:0.45 OTM:0.55 [seq] | lr: 3.07e-05 | left: 236s
step 00300 (  2.2%) | loss: 1.778719 | trade:0.51 call:0.60 put:0.40 | ATM:0.44 OTM:0.56 [seq] | lr: 3.69e-05 | left: 235s
step 00350 (  2.6%) | loss: 1.795410 | trade:0.52 call:0.61 put:0.39 | ATM:0.45 OTM:0.55 [rnd] | lr: 4.32e-05 | left: 234s
step 00400 (  3.0%) | loss: 1.709814 | trade:0.42 call:0.58 put:0.42 | ATM:0.45 OTM:0.55 [seq] | lr: 4.99e-05 | left: 233s
step 00450 (  3.4%) | loss: 2.088024 | trade:0.44 call:0.74 put:0.26 | ATM:0.47 OTM:0.53 [seq] | lr: 5.68e-05 | left: 232s
step 00500 (  3.8%) | loss: 1.232850 | trade:0.22 call:0.75 put:0.25 | ATM:0.52 OTM:0.48 [seq] | lr: 6.32e-05 | left: 231s
step 00550 (  4.2%) | loss: 1.521113 | trade:0.22 call:0.69 put:0.31 | ATM:0.51 OTM:0.49 [seq] | lr: 6.97e-05 | left: 230s
step 00600 (  4.6%) | loss: 1.113347 | trade:0.68 call:0.88 put:0.12 | ATM:0.55 OTM:0.45 [seq] | lr: 7.62e-05 | left: 229s
step 00650 (  5.0%) | loss: 1.483371 | trade:0.66 call:0.88 put:0.12 | ATM:0.50 OTM:0.50 [seq] | lr: 8.28e-05 | left: 228s
step 00700 (  5.4%) | loss: 1.651854 | trade:0.06 call:0.56 put:0.44 | ATM:0.44 OTM:0.56 [seq] | lr: 8.98e-05 | left: 227s
step 00750 (  5.8%) | loss: 3.104021 | trade:0.49 call:0.50 put:0.50 | ATM:0.45 OTM:0.55 [seq] | lr: 9.72e-05 | left: 226s
step 00800 (  6.2%) | loss: 1.362152 | trade:0.89 call:0.44 put:0.56 | ATM:0.45 OTM:0.55 [seq] | lr: 1.04e-04 | left: 225s
step 00850 (  6.6%) | loss: 0.567896 | trade:0.88 call:0.42 put:0.58 | ATM:0.36 OTM:0.64 [seq] | lr: 1.10e-04 | left: 224s
step 00900 (  6.9%) | loss: 1.020442 | trade:0.63 call:0.94 put:0.06 | ATM:0.60 OTM:0.40 [seq] | lr: 1.16e-04 | left: 223s
step 00950 (  7.3%) | loss: 0.676421 | trade:0.35 call:0.91 put:0.09 | ATM:0.53 OTM:0.47 [seq] | lr: 1.22e-04 | left: 222s
step 01000 (  7.7%) | loss: 1.062202 | trade:0.32 call:0.72 put:0.28 | ATM:0.53 OTM:0.47 [rnd] | lr: 1.28e-04 | left: 222s
step 01050 (  8.1%) | loss: 0.774343 | trade:0.10 call:0.83 put:0.17 | ATM:0.51 OTM:0.49 [seq] | lr: 1.35e-04 | left: 221s
step 01100 (  8.5%) | loss: 0.762337 | trade:0.06 call:0.87 put:0.13 | ATM:0.62 OTM:0.38 [seq] | lr: 1.41e-04 | left: 220s
step 01150 (  8.8%) | loss: 0.819134 | trade:0.19 call:0.97 put:0.03 | ATM:0.62 OTM:0.38 [seq] | lr: 1.47e-04 | left: 219s
step 01200 (  9.2%) | loss: 1.264865 | trade:0.28 call:0.72 put:0.28 | ATM:0.59 OTM:0.41 [rnd] | lr: 1.53e-04 | left: 218s
step 01250 (  9.6%) | loss: 1.210265 | trade:0.34 call:0.66 put:0.34 | ATM:0.60 OTM:0.40 [rnd] | lr: 1.60e-04 | left: 217s
step 01300 (  9.9%) | loss: 0.575763 | trade:0.09 call:0.76 put:0.24 | ATM:0.78 OTM:0.22 [seq] | lr: 1.65e-04 | left: 216s
step 01350 ( 10.3%) | loss: 0.803157 | trade:0.31 call:0.70 put:0.30 | ATM:0.63 OTM:0.37 [rnd] | lr: 1.71e-04 | left: 215s
step 01400 ( 10.7%) | loss: 0.911914 | trade:0.29 call:0.64 put:0.36 | ATM:0.64 OTM:0.36 [rnd] | lr: 1.78e-04 | left: 214s
step 01450 ( 11.1%) | loss: 1.246929 | trade:0.35 call:0.70 put:0.30 | ATM:0.62 OTM:0.38 [rnd] | lr: 1.84e-04 | left: 213s
step 01500 ( 11.5%) | loss: 0.821192 | trade:0.05 call:0.79 put:0.21 | ATM:0.65 OTM:0.35 [seq] | lr: 1.91e-04 | left: 212s
step 01550 ( 11.8%) | loss: 0.414341 | trade:0.06 call:0.43 put:0.57 | ATM:0.71 OTM:0.29 [seq] | lr: 1.97e-04 | left: 212s
step 01600 ( 12.2%) | loss: 1.204134 | trade:0.35 call:0.71 put:0.29 | ATM:0.61 OTM:0.39 [rnd] | lr: 2.03e-04 | left: 211s
step 01650 ( 12.6%) | loss: 0.852886 | trade:0.87 call:0.03 put:0.97 | ATM:0.75 OTM:0.25 [seq] | lr: 2.10e-04 | left: 210s
step 01700 ( 12.9%) | loss: 0.801813 | trade:0.01 call:0.90 put:0.10 | ATM:0.78 OTM:0.22 [seq] | lr: 2.16e-04 | left: 209s
step 01750 ( 13.3%) | loss: 0.393406 | trade:0.68 call:0.97 put:0.03 | ATM:0.82 OTM:0.18 [seq] | lr: 2.22e-04 | left: 208s
step 01800 ( 13.7%) | loss: 0.794229 | trade:0.01 call:0.78 put:0.22 | ATM:0.74 OTM:0.26 [seq] | lr: 2.28e-04 | left: 207s
step 01850 ( 14.1%) | loss: 0.951631 | trade:0.02 call:0.85 put:0.15 | ATM:0.77 OTM:0.23 [seq] | lr: 2.35e-04 | left: 206s
step 01900 ( 14.5%) | loss: 0.775009 | trade:0.10 call:0.92 put:0.08 | ATM:0.85 OTM:0.15 [seq] | lr: 2.41e-04 | left: 205s
step 01950 ( 14.7%) | loss: 0.435757 | trade:0.01 call:0.89 put:0.11 | ATM:0.83 OTM:0.17 [seq] | lr: 2.45e-04 | left: 205s
step 02000 ( 15.0%) | loss: 0.834613 | trade:0.33 call:0.88 put:0.12 | ATM:0.67 OTM:0.33 [seq] | lr: 2.49e-04 | left: 204s
step 02050 ( 15.4%) | loss: 1.663773 | trade:0.30 call:0.74 put:0.26 | ATM:0.64 OTM:0.36 [rnd] | lr: 2.50e-04 | left: 203s
step 02100 ( 15.7%) | loss: 1.168538 | trade:0.33 call:0.80 put:0.20 | ATM:0.61 OTM:0.39 [rnd] | lr: 2.50e-04 | left: 202s
step 02150 ( 16.0%) | loss: 0.940587 | trade:0.29 call:0.81 put:0.19 | ATM:0.64 OTM:0.36 [rnd] | lr: 2.50e-04 | left: 202s
step 02200 ( 16.4%) | loss: 0.737466 | trade:0.36 call:0.72 put:0.28 | ATM:0.60 OTM:0.40 [rnd] | lr: 2.50e-04 | left: 201s
step 02250 ( 16.7%) | loss: 0.606296 | trade:0.20 call:0.99 put:0.01 | ATM:0.78 OTM:0.22 [seq] | lr: 2.50e-04 | left: 200s
step 02300 ( 17.1%) | loss: 1.042056 | trade:0.30 call:0.74 put:0.26 | ATM:0.62 OTM:0.38 [rnd] | lr: 2.50e-04 | left: 199s
step 02350 ( 17.5%) | loss: 0.818289 | trade:0.93 call:0.01 put:0.99 | ATM:0.89 OTM:0.11 [seq] | lr: 2.50e-04 | left: 198s
step 02400 ( 17.9%) | loss: 0.945614 | trade:0.02 call:0.81 put:0.19 | ATM:0.74 OTM:0.26 [seq] | lr: 2.50e-04 | left: 197s
step 02450 ( 18.1%) | loss: 0.986354 | trade:0.33 call:0.76 put:0.24 | ATM:0.62 OTM:0.38 [rnd] | lr: 2.50e-04 | left: 197s
step 02500 ( 18.3%) | loss: 0.750065 | trade:0.03 call:0.95 put:0.05 | ATM:0.91 OTM:0.09 [seq] | lr: 2.50e-04 | left: 196s
step 02550 ( 18.5%) | loss: 0.525244 | trade:0.01 call:0.80 put:0.20 | ATM:0.79 OTM:0.21 [seq] | lr: 2.50e-04 | left: 196s
step 02600 ( 18.6%) | loss: 0.530948 | trade:0.02 call:0.45 put:0.55 | ATM:0.68 OTM:0.32 [seq] | lr: 2.50e-04 | left: 195s
step 02650 ( 18.8%) | loss: 0.509447 | trade:0.83 call:0.08 put:0.92 | ATM:0.59 OTM:0.41 [seq] | lr: 2.50e-04 | left: 195s
step 02700 ( 19.0%) | loss: 0.581687 | trade:0.30 call:0.72 put:0.28 | ATM:0.63 OTM:0.37 [rnd] | lr: 2.50e-04 | left: 194s
step 02750 ( 19.1%) | loss: 0.854330 | trade:0.66 call:0.96 put:0.04 | ATM:0.35 OTM:0.65 [seq] | lr: 2.50e-04 | left: 194s
step 02800 ( 19.3%) | loss: 1.529450 | trade:0.45 call:0.45 put:0.55 | ATM:0.88 OTM:0.12 [seq] | lr: 2.50e-04 | left: 194s
step 02850 ( 19.5%) | loss: 0.794814 | trade:0.02 call:0.18 put:0.82 | ATM:0.39 OTM:0.61 [seq] | lr: 2.50e-04 | left: 193s
step 02900 ( 19.7%) | loss: 0.648876 | trade:0.01 call:0.76 put:0.24 | ATM:0.68 OTM:0.32 [seq] | lr: 2.50e-04 | left: 193s
step 02950 ( 19.9%) | loss: 0.895783 | trade:0.29 call:0.72 put:0.28 | ATM:0.60 OTM:0.40 [rnd] | lr: 2.50e-04 | left: 192s
step 03000 ( 20.1%) | loss: 0.834667 | trade:0.03 call:0.59 put:0.41 | ATM:0.55 OTM:0.45 [seq] | lr: 2.50e-04 | left: 192s
step 03050 ( 20.4%) | loss: 0.819548 | trade:0.07 call:0.86 put:0.14 | ATM:0.65 OTM:0.35 [seq] | lr: 2.50e-04 | left: 191s
step 03100 ( 20.6%) | loss: 0.894834 | trade:0.51 call:0.71 put:0.29 | ATM:0.49 OTM:0.51 [seq] | lr: 2.50e-04 | left: 191s
step 03150 ( 20.7%) | loss: 0.822094 | trade:0.34 call:0.76 put:0.24 | ATM:0.59 OTM:0.41 [rnd] | lr: 2.50e-04 | left: 190s
step 03200 ( 20.9%) | loss: 0.732745 | trade:0.89 call:0.98 put:0.02 | ATM:0.33 OTM:0.67 [seq] | lr: 2.50e-04 | left: 190s
step 03250 ( 21.1%) | loss: 0.927625 | trade:0.22 call:0.03 put:0.97 | ATM:0.96 OTM:0.04 [seq] | lr: 2.50e-04 | left: 189s
step 03300 ( 21.2%) | loss: 0.981371 | trade:0.36 call:0.72 put:0.28 | ATM:0.58 OTM:0.42 [rnd] | lr: 2.50e-04 | left: 189s
step 03350 ( 21.4%) | loss: 0.680741 | trade:0.25 call:0.78 put:0.22 | ATM:0.62 OTM:0.38 [rnd] | lr: 2.50e-04 | left: 189s
step 03400 ( 21.6%) | loss: 0.709683 | trade:0.31 call:0.80 put:0.20 | ATM:0.63 OTM:0.37 [rnd] | lr: 2.50e-04 | left: 188s
step 03450 ( 22.0%) | loss: 0.673605 | trade:0.37 call:0.72 put:0.28 | ATM:0.62 OTM:0.38 [rnd] | lr: 2.50e-04 | left: 187s
step 03500 ( 22.4%) | loss: 0.533267 | trade:0.04 call:0.63 put:0.37 | ATM:0.83 OTM:0.17 [seq] | lr: 2.50e-04 | left: 186s
step 03550 ( 22.8%) | loss: 0.922450 | trade:0.03 call:0.51 put:0.49 | ATM:0.79 OTM:0.21 [seq] | lr: 2.50e-04 | left: 185s
step 03600 ( 23.1%) | loss: 1.399424 | trade:0.32 call:0.73 put:0.27 | ATM:0.64 OTM:0.36 [rnd] | lr: 2.50e-04 | left: 185s
step 03650 ( 23.4%) | loss: 1.017327 | trade:0.31 call:0.78 put:0.22 | ATM:0.59 OTM:0.41 [rnd] | lr: 2.50e-04 | left: 184s
step 03700 ( 23.8%) | loss: 0.864084 | trade:0.32 call:0.80 put:0.20 | ATM:0.61 OTM:0.39 [rnd] | lr: 2.50e-04 | left: 183s
step 03750 ( 24.2%) | loss: 0.750254 | trade:0.01 call:0.82 put:0.18 | ATM:0.50 OTM:0.50 [seq] | lr: 2.50e-04 | left: 182s
step 03800 ( 24.5%) | loss: 0.834274 | trade:0.30 call:0.73 put:0.27 | ATM:0.61 OTM:0.39 [rnd] | lr: 2.50e-04 | left: 181s
step 03850 ( 24.7%) | loss: 0.703131 | trade:0.01 call:0.87 put:0.13 | ATM:0.77 OTM:0.23 [seq] | lr: 2.50e-04 | left: 181s
step 03900 ( 24.8%) | loss: 0.663378 | trade:0.97 call:0.01 put:0.99 | ATM:0.29 OTM:0.71 [seq] | lr: 2.50e-04 | left: 180s
step 03950 ( 25.0%) | loss: 1.158182 | trade:0.27 call:0.67 put:0.33 | ATM:0.63 OTM:0.37 [rnd] | lr: 2.50e-04 | left: 180s
step 04000 ( 25.2%) | loss: 0.960565 | trade:0.36 call:0.75 put:0.25 | ATM:0.58 OTM:0.42 [rnd] | lr: 2.50e-04 | left: 179s
step 04050 ( 25.4%) | loss: 0.711994 | trade:0.28 call:0.91 put:0.09 | ATM:0.82 OTM:0.18 [seq] | lr: 2.50e-04 | left: 179s
step 04100 ( 25.6%) | loss: 0.707088 | trade:0.32 call:0.74 put:0.26 | ATM:0.59 OTM:0.41 [rnd] | lr: 2.50e-04 | left: 178s
step 04150 ( 25.8%) | loss: 0.607410 | trade:0.04 call:0.88 put:0.12 | ATM:0.68 OTM:0.32 [seq] | lr: 2.50e-04 | left: 178s
step 04200 ( 26.0%) | loss: 1.386532 | trade:0.33 call:0.75 put:0.25 | ATM:0.63 OTM:0.37 [rnd] | lr: 2.50e-04 | left: 178s
step 04250 ( 26.1%) | loss: 0.795819 | trade:0.32 call:0.75 put:0.25 | ATM:0.58 OTM:0.42 [rnd] | lr: 2.50e-04 | left: 177s
step 04300 ( 26.3%) | loss: 0.639335 | trade:0.87 call:0.99 put:0.01 | ATM:0.33 OTM:0.67 [seq] | lr: 2.50e-04 | left: 177s
step 04350 ( 26.6%) | loss: 0.540290 | trade:0.05 call:0.71 put:0.29 | ATM:0.42 OTM:0.58 [seq] | lr: 2.50e-04 | left: 176s
step 04400 ( 26.8%) | loss: 0.498961 | trade:0.03 call:0.81 put:0.19 | ATM:0.54 OTM:0.46 [seq] | lr: 2.50e-04 | left: 176s
step 04450 ( 27.0%) | loss: 0.635449 | trade:0.01 call:0.67 put:0.33 | ATM:0.44 OTM:0.56 [seq] | lr: 2.50e-04 | left: 175s
step 04500 ( 27.2%) | loss: 0.911682 | trade:0.37 call:0.77 put:0.23 | ATM:0.58 OTM:0.42 [rnd] | lr: 2.50e-04 | left: 175s
step 04550 ( 27.4%) | loss: 1.023717 | trade:0.35 call:0.75 put:0.25 | ATM:0.61 OTM:0.39 [rnd] | lr: 2.50e-04 | left: 174s
step 04600 ( 27.5%) | loss: 0.950825 | trade:0.91 call:0.01 put:0.99 | ATM:0.64 OTM:0.36 [seq] | lr: 2.50e-04 | left: 174s
step 04650 ( 27.8%) | loss: 0.842720 | trade:0.30 call:0.76 put:0.24 | ATM:0.60 OTM:0.40 [rnd] | lr: 2.50e-04 | left: 173s
step 04700 ( 28.0%) | loss: 0.988091 | trade:0.03 call:0.89 put:0.11 | ATM:0.88 OTM:0.12 [seq] | lr: 2.50e-04 | left: 173s
step 04750 ( 28.2%) | loss: 1.098922 | trade:0.32 call:0.79 put:0.21 | ATM:0.57 OTM:0.43 [rnd] | lr: 2.50e-04 | left: 172s
step 04800 ( 28.3%) | loss: 0.723008 | trade:0.63 call:0.84 put:0.16 | ATM:0.35 OTM:0.65 [seq] | lr: 2.50e-04 | left: 172s
step 04850 ( 28.6%) | loss: 0.998025 | trade:0.50 call:0.92 put:0.08 | ATM:0.53 OTM:0.47 [seq] | lr: 2.50e-04 | left: 171s
step 04900 ( 28.8%) | loss: 0.830665 | trade:0.49 call:0.93 put:0.07 | ATM:0.66 OTM:0.34 [seq] | lr: 2.50e-04 | left: 171s
step 04950 ( 29.1%) | loss: 0.469455 | trade:0.09 call:0.90 put:0.10 | ATM:0.86 OTM:0.14 [seq] | lr: 2.50e-04 | left: 170s
step 05000 ( 29.3%) | loss: 0.740373 | trade:0.12 call:0.76 put:0.24 | ATM:0.48 OTM:0.52 [seq] | lr: 2.50e-04 | left: 170s
step 05050 ( 29.4%) | loss: 0.792925 | trade:0.30 call:0.95 put:0.05 | ATM:0.92 OTM:0.08 [seq] | lr: 2.50e-04 | left: 169s
step 05100 ( 29.7%) | loss: 0.508727 | trade:0.05 call:0.86 put:0.14 | ATM:0.79 OTM:0.21 [seq] | lr: 2.50e-04 | left: 169s
step 05150 ( 29.9%) | loss: 0.786759 | trade:0.85 call:0.66 put:0.34 | ATM:0.42 OTM:0.58 [seq] | lr: 2.50e-04 | left: 168s
step 05200 ( 30.2%) | loss: 0.728921 | trade:0.02 call:0.81 put:0.19 | ATM:0.68 OTM:0.32 [seq] | lr: 2.50e-04 | left: 168s
step 05250 ( 30.3%) | loss: 0.798072 | trade:0.01 call:0.85 put:0.15 | ATM:0.79 OTM:0.21 [seq] | lr: 2.50e-04 | left: 167s
step 05300 ( 30.5%) | loss: 0.710450 | trade:0.01 call:0.98 put:0.02 | ATM:0.93 OTM:0.07 [seq] | lr: 2.50e-04 | left: 167s
step 05350 ( 30.7%) | loss: 0.729483 | trade:0.89 call:1.00 put:0.00 | ATM:0.33 OTM:0.67 [seq] | lr: 2.50e-04 | left: 166s
step 05400 ( 30.8%) | loss: 0.988920 | trade:0.33 call:0.74 put:0.26 | ATM:0.60 OTM:0.40 [rnd] | lr: 2.50e-04 | left: 166s
step 05450 ( 31.0%) | loss: 0.743525 | trade:0.96 call:1.00 put:0.00 | ATM:0.22 OTM:0.78 [seq] | lr: 2.50e-04 | left: 166s
step 05500 ( 31.2%) | loss: 0.875863 | trade:0.33 call:0.81 put:0.19 | ATM:0.60 OTM:0.40 [rnd] | lr: 2.50e-04 | left: 165s
step 05550 ( 31.4%) | loss: 0.962383 | trade:0.92 call:0.99 put:0.01 | ATM:0.23 OTM:0.77 [seq] | lr: 2.50e-04 | left: 165s
step 05600 ( 31.5%) | loss: 0.391061 | trade:0.79 call:1.00 put:0.00 | ATM:0.29 OTM:0.71 [seq] | lr: 2.50e-04 | left: 164s
step 05650 ( 31.7%) | loss: 0.519942 | trade:0.02 call:0.78 put:0.22 | ATM:0.36 OTM:0.64 [seq] | lr: 2.50e-04 | left: 164s
step 05700 ( 32.0%) | loss: 2.161979 | trade:0.27 call:0.73 put:0.27 | ATM:0.57 OTM:0.43 [rnd] | lr: 2.50e-04 | left: 163s
step 05750 ( 32.2%) | loss: 2.108912 | trade:0.95 call:0.96 put:0.04 | ATM:0.42 OTM:0.58 [seq] | lr: 2.50e-04 | left: 163s
step 05800 ( 32.3%) | loss: 1.006143 | trade:0.36 call:0.78 put:0.22 | ATM:0.59 OTM:0.41 [rnd] | lr: 2.50e-04 | left: 162s
step 05850 ( 32.5%) | loss: 0.904617 | trade:0.03 call:0.89 put:0.11 | ATM:0.83 OTM:0.17 [seq] | lr: 2.50e-04 | left: 162s
step 05900 ( 32.7%) | loss: 3.007721 | trade:0.82 call:0.93 put:0.07 | ATM:0.35 OTM:0.65 [seq] | lr: 2.50e-04 | left: 161s
step 05950 ( 33.1%) | loss: 1.489945 | trade:0.98 call:1.00 put:0.00 | ATM:0.15 OTM:0.85 [seq] | lr: 2.50e-04 | left: 161s
step 06000 ( 33.5%) | loss: 0.845636 | trade:0.25 call:0.76 put:0.24 | ATM:0.63 OTM:0.37 [rnd] | lr: 2.50e-04 | left: 160s
step 06050 ( 33.9%) | loss: 1.020468 | trade:0.63 call:0.83 put:0.17 | ATM:0.85 OTM:0.15 [seq] | lr: 2.50e-04 | left: 159s
step 06100 ( 34.3%) | loss: 1.257328 | trade:0.50 call:0.83 put:0.17 | ATM:0.60 OTM:0.40 [seq] | lr: 2.50e-04 | left: 158s
step 06150 ( 34.7%) | loss: 1.131791 | trade:0.28 call:0.78 put:0.22 | ATM:0.61 OTM:0.39 [rnd] | lr: 2.50e-04 | left: 157s
step 06200 ( 35.1%) | loss: 1.072900 | trade:0.93 call:0.01 put:0.99 | ATM:0.72 OTM:0.28 [seq] | lr: 2.50e-04 | left: 156s
step 06250 ( 35.5%) | loss: 0.868204 | trade:0.93 call:0.03 put:0.97 | ATM:0.67 OTM:0.33 [seq] | lr: 2.50e-04 | left: 155s
step 06300 ( 35.9%) | loss: 0.711034 | trade:0.01 call:0.92 put:0.08 | ATM:0.83 OTM:0.17 [seq] | lr: 2.50e-04 | left: 154s
step 06350 ( 36.3%) | loss: 2.417702 | trade:0.91 call:1.00 put:0.00 | ATM:0.25 OTM:0.75 [seq] | lr: 2.50e-04 | left: 153s
step 06400 ( 36.8%) | loss: 2.930994 | trade:0.93 call:1.00 put:0.00 | ATM:0.21 OTM:0.79 [seq] | lr: 2.50e-04 | left: 152s
step 06450 ( 37.2%) | loss: 3.303866 | trade:0.85 call:0.98 put:0.02 | ATM:0.27 OTM:0.73 [seq] | lr: 2.50e-04 | left: 151s
step 06500 ( 37.6%) | loss: 0.959398 | trade:0.03 call:0.70 put:0.30 | ATM:0.35 OTM:0.65 [seq] | lr: 2.50e-04 | left: 150s
step 06550 ( 38.1%) | loss: 0.930560 | trade:0.44 call:0.81 put:0.19 | ATM:0.79 OTM:0.21 [seq] | lr: 2.50e-04 | left: 149s
step 06600 ( 38.5%) | loss: 0.707509 | trade:0.99 call:0.01 put:0.99 | ATM:0.72 OTM:0.28 [seq] | lr: 2.50e-04 | left: 148s
step 06650 ( 38.9%) | loss: 0.640365 | trade:0.82 call:0.06 put:0.94 | ATM:0.59 OTM:0.41 [seq] | lr: 2.50e-04 | left: 147s
step 06700 ( 39.2%) | loss: 0.624478 | trade:0.66 call:0.95 put:0.05 | ATM:0.77 OTM:0.23 [seq] | lr: 2.50e-04 | left: 146s
step 06750 ( 39.6%) | loss: 0.788457 | trade:0.28 call:0.97 put:0.03 | ATM:0.96 OTM:0.04 [seq] | lr: 2.50e-04 | left: 145s
step 06800 ( 40.0%) | loss: 0.907063 | trade:0.01 call:0.59 put:0.41 | ATM:0.54 OTM:0.46 [seq] | lr: 2.50e-04 | left: 144s
step 06850 ( 40.3%) | loss: 0.766625 | trade:0.02 call:0.18 put:0.82 | ATM:0.65 OTM:0.35 [seq] | lr: 2.50e-04 | left: 143s
step 06900 ( 40.7%) | loss: 0.348477 | trade:0.87 call:0.02 put:0.98 | ATM:0.73 OTM:0.27 [seq] | lr: 2.50e-04 | left: 142s
step 06950 ( 41.1%) | loss: 0.833911 | trade:0.34 call:0.76 put:0.24 | ATM:0.62 OTM:0.38 [rnd] | lr: 2.50e-04 | left: 141s
step 07000 ( 41.4%) | loss: 0.429323 | trade:0.97 call:0.99 put:0.01 | ATM:0.39 OTM:0.61 [seq] | lr: 2.50e-04 | left: 141s
step 07050 ( 41.6%) | loss: 0.667365 | trade:0.96 call:1.00 put:0.00 | ATM:0.23 OTM:0.77 [seq] | lr: 2.50e-04 | left: 140s
step 07100 ( 41.8%) | loss: 0.641708 | trade:0.97 call:1.00 put:0.00 | ATM:0.24 OTM:0.76 [seq] | lr: 2.50e-04 | left: 140s
step 07150 ( 42.0%) | loss: 2.485476 | trade:0.31 call:0.79 put:0.21 | ATM:0.56 OTM:0.44 [rnd] | lr: 2.50e-04 | left: 139s
step 07200 ( 42.2%) | loss: 0.842382 | trade:0.89 call:0.99 put:0.01 | ATM:0.30 OTM:0.70 [seq] | lr: 2.50e-04 | left: 139s
step 07250 ( 42.4%) | loss: 0.659876 | trade:0.27 call:0.82 put:0.18 | ATM:0.59 OTM:0.41 [rnd] | lr: 2.50e-04 | left: 138s
step 07300 ( 42.5%) | loss: 0.666976 | trade:0.03 call:0.98 put:0.02 | ATM:0.96 OTM:0.04 [seq] | lr: 2.50e-04 | left: 138s
step 07350 ( 42.7%) | loss: 0.684040 | trade:0.01 call:0.76 put:0.24 | ATM:0.56 OTM:0.44 [seq] | lr: 2.50e-04 | left: 138s
step 07400 ( 42.9%) | loss: 0.773690 | trade:0.28 call:0.76 put:0.24 | ATM:0.58 OTM:0.42 [rnd] | lr: 2.50e-04 | left: 137s
step 07450 ( 43.1%) | loss: 0.700292 | trade:0.28 call:0.74 put:0.26 | ATM:0.58 OTM:0.42 [rnd] | lr: 2.50e-04 | left: 137s
step 07500 ( 43.2%) | loss: 0.615691 | trade:0.01 call:0.91 put:0.09 | ATM:0.60 OTM:0.40 [seq] | lr: 2.50e-04 | left: 136s
step 07550 ( 43.4%) | loss: 0.698224 | trade:0.01 call:0.78 put:0.22 | ATM:0.60 OTM:0.40 [seq] | lr: 2.50e-04 | left: 136s
step 07600 ( 43.5%) | loss: 0.484743 | trade:0.02 call:0.95 put:0.05 | ATM:0.52 OTM:0.48 [seq] | lr: 2.50e-04 | left: 136s
step 07650 ( 43.7%) | loss: 0.817750 | trade:0.34 call:0.76 put:0.24 | ATM:0.59 OTM:0.41 [rnd] | lr: 2.50e-04 | left: 135s
step 07700 ( 43.9%) | loss: 0.608017 | trade:0.36 call:0.77 put:0.23 | ATM:0.56 OTM:0.44 [rnd] | lr: 2.50e-04 | left: 135s
step 07750 ( 44.1%) | loss: 0.613156 | trade:0.02 call:0.63 put:0.37 | ATM:0.53 OTM:0.47 [seq] | lr: 2.50e-04 | left: 134s
step 07800 ( 44.3%) | loss: 0.607197 | trade:0.38 call:0.77 put:0.23 | ATM:0.58 OTM:0.42 [rnd] | lr: 2.50e-04 | left: 134s
step 07850 ( 44.5%) | loss: 0.720820 | trade:0.01 call:0.80 put:0.20 | ATM:0.44 OTM:0.56 [seq] | lr: 2.50e-04 | left: 133s
step 07900 ( 44.7%) | loss: 0.898225 | trade:0.01 call:0.74 put:0.26 | ATM:0.74 OTM:0.26 [seq] | lr: 2.50e-04 | left: 133s
step 07950 ( 44.9%) | loss: 0.495071 | trade:0.38 call:0.76 put:0.24 | ATM:0.54 OTM:0.46 [rnd] | lr: 2.50e-04 | left: 132s
step 08000 ( 45.0%) | loss: 0.620009 | trade:0.92 call:0.00 put:1.00 | ATM:0.68 OTM:0.32 [seq] | lr: 2.50e-04 | left: 132s
step 08050 ( 45.4%) | loss: 0.831735 | trade:0.26 call:0.82 put:0.18 | ATM:0.67 OTM:0.33 [seq] | lr: 2.50e-04 | left: 131s
step 08100 ( 45.8%) | loss: 1.036376 | trade:0.33 call:0.82 put:0.18 | ATM:0.58 OTM:0.42 [rnd] | lr: 2.50e-04 | left: 130s
step 08150 ( 46.2%) | loss: 0.854536 | trade:0.34 call:0.77 put:0.23 | ATM:0.58 OTM:0.42 [seq] | lr: 2.50e-04 | left: 129s
step 08200 ( 46.5%) | loss: 1.016674 | trade:0.07 call:0.78 put:0.22 | ATM:0.57 OTM:0.43 [seq] | lr: 2.50e-04 | left: 128s
step 08250 ( 47.0%) | loss: 0.668280 | trade:0.01 call:0.78 put:0.22 | ATM:0.65 OTM:0.35 [seq] | lr: 2.50e-04 | left: 127s
step 08300 ( 47.4%) | loss: 0.897529 | trade:0.28 call:0.79 put:0.21 | ATM:0.59 OTM:0.41 [rnd] | lr: 2.50e-04 | left: 126s
step 08350 ( 47.8%) | loss: 1.103385 | trade:0.37 call:0.83 put:0.17 | ATM:0.57 OTM:0.43 [rnd] | lr: 2.50e-04 | left: 125s
step 08400 ( 48.0%) | loss: 1.917802 | trade:0.78 call:0.98 put:0.02 | ATM:0.49 OTM:0.51 [seq] | lr: 2.50e-04 | left: 125s
step 08450 ( 48.2%) | loss: 1.023812 | trade:0.26 call:0.78 put:0.22 | ATM:0.62 OTM:0.38 [rnd] | lr: 2.50e-04 | left: 124s
step 08500 ( 48.4%) | loss: 0.438180 | trade:0.03 call:0.84 put:0.16 | ATM:0.76 OTM:0.24 [seq] | lr: 2.50e-04 | left: 124s
step 08550 ( 48.6%) | loss: 0.430472 | trade:0.02 call:0.91 put:0.09 | ATM:0.82 OTM:0.18 [seq] | lr: 2.50e-04 | left: 123s
step 08600 ( 48.7%) | loss: 0.539971 | trade:0.01 call:0.55 put:0.45 | ATM:0.78 OTM:0.22 [seq] | lr: 2.50e-04 | left: 123s
step 08650 ( 49.0%) | loss: 0.809847 | trade:0.01 call:0.67 put:0.33 | ATM:0.76 OTM:0.24 [seq] | lr: 2.50e-04 | left: 122s
step 08700 ( 49.2%) | loss: 0.770502 | trade:0.53 call:0.71 put:0.29 | ATM:0.38 OTM:0.62 [seq] | lr: 2.50e-04 | left: 122s
step 08750 ( 49.4%) | loss: 0.761595 | trade:0.29 call:0.83 put:0.17 | ATM:0.56 OTM:0.44 [rnd] | lr: 2.50e-04 | left: 121s
step 08800 ( 49.6%) | loss: 0.993583 | trade:0.25 call:0.75 put:0.25 | ATM:0.62 OTM:0.38 [rnd] | lr: 2.50e-04 | left: 121s
step 08850 ( 49.7%) | loss: 0.731170 | trade:0.02 call:0.32 put:0.68 | ATM:0.84 OTM:0.16 [seq] | lr: 2.50e-04 | left: 121s
step 08900 ( 49.9%) | loss: 0.713533 | trade:0.52 call:0.98 put:0.02 | ATM:0.97 OTM:0.03 [seq] | lr: 2.50e-04 | left: 120s
step 08950 ( 50.1%) | loss: 1.012721 | trade:0.27 call:0.90 put:0.10 | ATM:0.86 OTM:0.14 [seq] | lr: 2.50e-04 | left: 120s
step 09000 ( 50.3%) | loss: 1.030269 | trade:0.02 call:0.86 put:0.14 | ATM:0.78 OTM:0.22 [seq] | lr: 2.50e-04 | left: 119s
step 09050 ( 50.4%) | loss: 0.441281 | trade:0.31 call:0.78 put:0.22 | ATM:0.57 OTM:0.43 [rnd] | lr: 2.50e-04 | left: 119s
step 09100 ( 50.6%) | loss: 0.952040 | trade:0.29 call:0.73 put:0.27 | ATM:0.58 OTM:0.42 [rnd] | lr: 2.50e-04 | left: 119s
step 09150 ( 50.8%) | loss: 0.407206 | trade:0.70 call:0.98 put:0.02 | ATM:0.47 OTM:0.53 [seq] | lr: 2.50e-04 | left: 118s
step 09200 ( 50.9%) | loss: 0.881356 | trade:0.03 call:0.90 put:0.10 | ATM:0.83 OTM:0.17 [seq] | lr: 2.50e-04 | left: 118s
step 09250 ( 51.2%) | loss: 1.159755 | trade:0.32 call:0.79 put:0.21 | ATM:0.58 OTM:0.42 [rnd] | lr: 2.50e-04 | left: 117s
step 09300 ( 51.4%) | loss: 0.600782 | trade:0.03 call:0.80 put:0.20 | ATM:0.87 OTM:0.13 [seq] | lr: 2.50e-04 | left: 117s
step 09350 ( 51.5%) | loss: 1.199599 | trade:0.02 call:0.66 put:0.34 | ATM:0.53 OTM:0.47 [seq] | lr: 2.50e-04 | left: 116s
step 09400 ( 51.7%) | loss: 0.919218 | trade:0.97 call:0.02 put:0.98 | ATM:0.70 OTM:0.30 [seq] | lr: 2.50e-04 | left: 116s
step 09450 ( 51.8%) | loss: 0.344655 | trade:0.89 call:0.00 put:1.00 | ATM:0.63 OTM:0.37 [seq] | lr: 2.50e-04 | left: 116s
step 09500 ( 52.0%) | loss: 0.717596 | trade:0.01 call:0.78 put:0.22 | ATM:0.47 OTM:0.53 [seq] | lr: 2.50e-04 | left: 115s
step 09550 ( 52.2%) | loss: 0.983296 | trade:0.31 call:0.77 put:0.23 | ATM:0.56 OTM:0.44 [rnd] | lr: 2.50e-04 | left: 115s
step 09600 ( 52.3%) | loss: 1.030180 | trade:0.01 call:0.82 put:0.18 | ATM:0.63 OTM:0.37 [seq] | lr: 2.50e-04 | left: 114s
step 09650 ( 52.5%) | loss: 0.768546 | trade:0.03 call:0.91 put:0.09 | ATM:0.82 OTM:0.18 [seq] | lr: 2.50e-04 | left: 114s
step 09700 ( 52.6%) | loss: 0.382263 | trade:0.04 call:0.93 put:0.07 | ATM:0.89 OTM:0.11 [seq] | lr: 2.50e-04 | left: 114s
step 09750 ( 52.8%) | loss: 0.570147 | trade:0.07 call:0.78 put:0.22 | ATM:0.45 OTM:0.55 [seq] | lr: 2.50e-04 | left: 113s
step 09800 ( 53.0%) | loss: 0.653461 | trade:0.93 call:0.99 put:0.01 | ATM:0.36 OTM:0.64 [seq] | lr: 2.50e-04 | left: 113s
step 09850 ( 53.2%) | loss: 0.547497 | trade:0.09 call:0.80 put:0.20 | ATM:0.36 OTM:0.64 [seq] | lr: 2.50e-04 | left: 112s
step 09900 ( 53.3%) | loss: 0.746063 | trade:0.30 call:0.83 put:0.17 | ATM:0.58 OTM:0.42 [rnd] | lr: 2.50e-04 | left: 112s
step 09950 ( 53.5%) | loss: 1.029266 | trade:0.29 call:0.76 put:0.24 | ATM:0.57 OTM:0.43 [rnd] | lr: 2.50e-04 | left: 112s
step 10000 ( 53.7%) | loss: 0.853974 | trade:0.01 call:0.92 put:0.08 | ATM:0.86 OTM:0.14 [seq] | lr: 2.50e-04 | left: 111s
step 10050 ( 53.9%) | loss: 0.887176 | trade:0.34 call:0.78 put:0.22 | ATM:0.55 OTM:0.45 [rnd] | lr: 2.50e-04 | left: 111s
step 10100 ( 54.1%) | loss: 0.744601 | trade:0.03 call:0.87 put:0.13 | ATM:0.81 OTM:0.19 [seq] | lr: 2.50e-04 | left: 110s
step 10150 ( 54.2%) | loss: 0.841389 | trade:0.39 call:0.79 put:0.21 | ATM:0.52 OTM:0.48 [rnd] | lr: 2.50e-04 | left: 110s
step 10200 ( 54.5%) | loss: 0.738164 | trade:0.31 call:0.73 put:0.27 | ATM:0.56 OTM:0.44 [rnd] | lr: 2.50e-04 | left: 109s
step 10250 ( 54.6%) | loss: 0.629250 | trade:0.27 call:0.79 put:0.21 | ATM:0.59 OTM:0.41 [rnd] | lr: 2.50e-04 | left: 109s
step 10300 ( 54.8%) | loss: 0.435401 | trade:0.01 call:0.87 put:0.13 | ATM:0.37 OTM:0.63 [seq] | lr: 2.50e-04 | left: 108s
step 10350 ( 55.0%) | loss: 0.836079 | trade:0.02 call:0.55 put:0.45 | ATM:0.49 OTM:0.51 [seq] | lr: 2.50e-04 | left: 108s
step 10400 ( 55.1%) | loss: 0.695098 | trade:0.02 call:0.97 put:0.03 | ATM:0.45 OTM:0.55 [seq] | lr: 2.50e-04 | left: 108s
step 10450 ( 55.3%) | loss: 0.900883 | trade:0.95 call:0.97 put:0.03 | ATM:0.40 OTM:0.60 [seq] | lr: 2.50e-04 | left: 107s
step 10500 ( 55.5%) | loss: 0.694640 | trade:0.33 call:0.80 put:0.20 | ATM:0.54 OTM:0.46 [rnd] | lr: 2.50e-04 | left: 107s
step 10550 ( 55.7%) | loss: 0.695483 | trade:0.02 call:0.81 put:0.19 | ATM:0.65 OTM:0.35 [seq] | lr: 2.50e-04 | left: 106s
step 10600 ( 55.9%) | loss: 0.927051 | trade:0.50 call:0.83 put:0.17 | ATM:0.42 OTM:0.58 [seq] | lr: 2.50e-04 | left: 106s
step 10650 ( 56.0%) | loss: 0.734604 | trade:0.97 call:0.04 put:0.96 | ATM:0.64 OTM:0.36 [seq] | lr: 2.50e-04 | left: 106s
step 10700 ( 56.2%) | loss: 0.671434 | trade:0.79 call:0.01 put:0.99 | ATM:0.72 OTM:0.28 [seq] | lr: 2.50e-04 | left: 105s
step 10750 ( 56.4%) | loss: 0.733918 | trade:0.34 call:0.78 put:0.22 | ATM:0.54 OTM:0.46 [rnd] | lr: 2.50e-04 | left: 105s
step 10800 ( 56.7%) | loss: 0.764119 | trade:0.37 call:0.78 put:0.22 | ATM:0.54 OTM:0.46 [rnd] | lr: 2.50e-04 | left: 104s
step 10850 ( 57.1%) | loss: 0.975131 | trade:0.27 call:0.78 put:0.22 | ATM:0.55 OTM:0.45 [rnd] | lr: 2.50e-04 | left: 103s
step 10900 ( 57.5%) | loss: 0.963717 | trade:0.10 call:0.97 put:0.03 | ATM:0.48 OTM:0.52 [seq] | lr: 2.50e-04 | left: 102s
step 10950 ( 57.9%) | loss: 0.981392 | trade:0.32 call:0.78 put:0.22 | ATM:0.59 OTM:0.41 [rnd] | lr: 2.50e-04 | left: 101s
step 11000 ( 58.3%) | loss: 0.933562 | trade:0.29 call:0.78 put:0.22 | ATM:0.57 OTM:0.43 [rnd] | lr: 2.50e-04 | left: 100s
step 11050 ( 58.6%) | loss: 0.697041 | trade:0.31 call:0.79 put:0.21 | ATM:0.58 OTM:0.42 [rnd] | lr: 2.50e-04 | left: 99s
step 11100 ( 59.0%) | loss: 1.009483 | trade:0.96 call:0.98 put:0.02 | ATM:0.48 OTM:0.52 [seq] | lr: 2.50e-04 | left: 98s
step 11150 ( 59.4%) | loss: 0.748098 | trade:0.65 call:0.04 put:0.96 | ATM:0.96 OTM:0.04 [seq] | lr: 2.50e-04 | left: 97s
step 11200 ( 59.8%) | loss: 0.922410 | trade:0.10 call:0.82 put:0.18 | ATM:0.90 OTM:0.10 [seq] | lr: 2.50e-04 | left: 96s
step 11250 ( 60.2%) | loss: 1.188186 | trade:0.53 call:0.59 put:0.41 | ATM:0.60 OTM:0.40 [seq] | lr: 2.50e-04 | left: 95s
step 11300 ( 60.7%) | loss: 1.332181 | trade:0.34 call:0.82 put:0.18 | ATM:0.60 OTM:0.40 [seq] | lr: 2.50e-04 | left: 94s
step 11350 ( 61.1%) | loss: 1.078937 | trade:0.99 call:1.00 put:0.00 | ATM:0.21 OTM:0.79 [seq] | lr: 2.50e-04 | left: 93s
step 11400 ( 61.5%) | loss: 0.889813 | trade:0.97 call:1.00 put:0.00 | ATM:0.21 OTM:0.79 [seq] | lr: 2.50e-04 | left: 92s
step 11450 ( 61.9%) | loss: 1.021597 | trade:0.08 call:0.97 put:0.03 | ATM:0.47 OTM:0.53 [seq] | lr: 2.50e-04 | left: 91s
step 11500 ( 62.3%) | loss: 0.736336 | trade:0.01 call:0.68 put:0.32 | ATM:0.38 OTM:0.62 [seq] | lr: 2.50e-04 | left: 91s
step 11550 ( 62.6%) | loss: 0.616394 | trade:0.30 call:0.72 put:0.28 | ATM:0.54 OTM:0.46 [rnd] | lr: 2.50e-04 | left: 90s
step 11600 ( 63.0%) | loss: 0.914373 | trade:0.94 call:1.00 put:0.00 | ATM:0.28 OTM:0.72 [seq] | lr: 2.50e-04 | left: 89s
step 11650 ( 63.4%) | loss: 0.883628 | trade:0.35 call:0.74 put:0.26 | ATM:0.57 OTM:0.43 [rnd] | lr: 2.50e-04 | left: 88s
step 11700 ( 63.8%) | loss: 0.830523 | trade:0.01 call:0.78 put:0.22 | ATM:0.44 OTM:0.56 [seq] | lr: 2.50e-04 | left: 87s
step 11750 ( 64.2%) | loss: 0.878875 | trade:0.29 call:0.81 put:0.19 | ATM:0.55 OTM:0.45 [rnd] | lr: 2.50e-04 | left: 86s
step 11800 ( 64.5%) | loss: 0.714631 | trade:0.94 call:0.98 put:0.02 | ATM:0.52 OTM:0.48 [seq] | lr: 2.50e-04 | left: 85s
step 11850 ( 64.9%) | loss: 0.534674 | trade:0.93 call:0.99 put:0.01 | ATM:0.32 OTM:0.68 [seq] | lr: 2.50e-04 | left: 84s
step 11900 ( 65.3%) | loss: 0.389175 | trade:0.04 call:0.77 put:0.23 | ATM:0.35 OTM:0.65 [seq] | lr: 2.50e-04 | left: 83s
step 11950 ( 65.7%) | loss: 1.224434 | trade:0.01 call:0.82 put:0.18 | ATM:0.83 OTM:0.17 [seq] | lr: 2.50e-04 | left: 82s
step 12000 ( 66.1%) | loss: 0.994311 | trade:0.08 call:0.90 put:0.10 | ATM:0.90 OTM:0.10 [seq] | lr: 2.50e-04 | left: 81s
step 12050 ( 66.5%) | loss: 0.572410 | trade:0.50 call:0.38 put:0.62 | ATM:0.81 OTM:0.19 [seq] | lr: 2.50e-04 | left: 80s
step 12100 ( 66.9%) | loss: 0.987435 | trade:0.45 call:0.86 put:0.14 | ATM:0.52 OTM:0.48 [seq] | lr: 2.50e-04 | left: 79s
step 12150 ( 67.3%) | loss: 0.582676 | trade:0.01 call:0.77 put:0.23 | ATM:0.55 OTM:0.45 [seq] | lr: 2.50e-04 | left: 78s
step 12200 ( 67.7%) | loss: 0.731201 | trade:0.01 call:0.95 put:0.05 | ATM:0.49 OTM:0.51 [seq] | lr: 2.50e-04 | left: 78s
step 12250 ( 68.1%) | loss: 0.901558 | trade:0.01 call:0.92 put:0.08 | ATM:0.54 OTM:0.46 [seq] | lr: 2.50e-04 | left: 77s
step 12300 ( 68.5%) | loss: 0.802227 | trade:0.01 call:0.80 put:0.20 | ATM:0.47 OTM:0.53 [seq] | lr: 2.50e-04 | left: 76s
step 12350 ( 68.9%) | loss: 0.511580 | trade:0.02 call:0.49 put:0.51 | ATM:0.58 OTM:0.42 [seq] | lr: 2.50e-04 | left: 75s
step 12400 ( 69.2%) | loss: 0.716625 | trade:0.01 call:0.87 put:0.13 | ATM:0.76 OTM:0.24 [seq] | lr: 2.50e-04 | left: 74s
step 12450 ( 69.6%) | loss: 0.556296 | trade:0.72 call:0.97 put:0.03 | ATM:0.34 OTM:0.66 [seq] | lr: 2.50e-04 | left: 73s
step 12500 ( 70.0%) | loss: 0.726319 | trade:0.01 call:0.35 put:0.65 | ATM:0.49 OTM:0.51 [seq] | lr: 2.50e-04 | left: 72s
step 12550 ( 70.3%) | loss: 0.679451 | trade:0.04 call:0.75 put:0.25 | ATM:0.59 OTM:0.41 [seq] | lr: 2.50e-04 | left: 71s
step 12600 ( 70.7%) | loss: 0.994280 | trade:0.99 call:0.01 put:0.99 | ATM:0.72 OTM:0.28 [seq] | lr: 2.50e-04 | left: 70s
step 12650 ( 70.9%) | loss: 0.761998 | trade:0.94 call:0.01 put:0.99 | ATM:0.65 OTM:0.35 [seq] | lr: 2.49e-04 | left: 70s
step 12700 ( 71.2%) | loss: 0.770689 | trade:0.01 call:0.50 put:0.50 | ATM:0.45 OTM:0.55 [seq] | lr: 2.49e-04 | left: 69s
step 12750 ( 71.4%) | loss: 0.783930 | trade:0.36 call:0.80 put:0.20 | ATM:0.53 OTM:0.47 [rnd] | lr: 2.49e-04 | left: 69s
step 12800 ( 71.6%) | loss: 0.770880 | trade:0.04 call:0.89 put:0.11 | ATM:0.46 OTM:0.54 [seq] | lr: 2.48e-04 | left: 68s
step 12850 ( 71.8%) | loss: 0.837089 | trade:0.33 call:0.78 put:0.22 | ATM:0.56 OTM:0.44 [rnd] | lr: 2.48e-04 | left: 68s
step 12900 ( 72.0%) | loss: 0.543430 | trade:0.01 call:0.84 put:0.16 | ATM:0.75 OTM:0.25 [seq] | lr: 2.47e-04 | left: 67s
step 12950 ( 72.1%) | loss: 0.848946 | trade:0.34 call:0.73 put:0.27 | ATM:0.57 OTM:0.43 [rnd] | lr: 2.47e-04 | left: 67s
step 13000 ( 72.3%) | loss: 1.489478 | trade:0.55 call:0.45 put:0.55 | ATM:0.71 OTM:0.29 [seq] | lr: 2.46e-04 | left: 66s
step 13050 ( 72.5%) | loss: 1.105057 | trade:0.50 call:0.32 put:0.68 | ATM:0.47 OTM:0.53 [seq] | lr: 2.46e-04 | left: 66s
step 13100 ( 72.7%) | loss: 1.069137 | trade:0.37 call:0.79 put:0.21 | ATM:0.53 OTM:0.47 [rnd] | lr: 2.45e-04 | left: 65s
step 13150 ( 72.9%) | loss: 1.211756 | trade:0.65 call:0.98 put:0.02 | ATM:0.52 OTM:0.48 [seq] | lr: 2.44e-04 | left: 65s
step 13200 ( 73.2%) | loss: 0.953855 | trade:0.37 call:0.86 put:0.14 | ATM:0.45 OTM:0.55 [seq] | lr: 2.43e-04 | left: 64s
step 13250 ( 73.4%) | loss: 0.667753 | trade:0.20 call:0.91 put:0.09 | ATM:0.88 OTM:0.12 [seq] | lr: 2.42e-04 | left: 64s
step 13300 ( 73.5%) | loss: 0.695419 | trade:0.89 call:0.00 put:1.00 | ATM:0.98 OTM:0.02 [seq] | lr: 2.42e-04 | left: 64s
step 13350 ( 73.7%) | loss: 0.719786 | trade:0.55 call:0.94 put:0.06 | ATM:0.76 OTM:0.24 [seq] | lr: 2.41e-04 | left: 63s
step 13400 ( 73.8%) | loss: 0.595551 | trade:0.85 call:0.99 put:0.01 | ATM:0.46 OTM:0.54 [seq] | lr: 2.40e-04 | left: 63s
step 13450 ( 74.0%) | loss: 0.832745 | trade:0.03 call:0.87 put:0.13 | ATM:0.80 OTM:0.20 [seq] | lr: 2.39e-04 | left: 62s
step 13500 ( 74.2%) | loss: 0.560150 | trade:0.01 call:0.90 put:0.10 | ATM:0.72 OTM:0.28 [seq] | lr: 2.38e-04 | left: 62s
step 13550 ( 74.4%) | loss: 0.664224 | trade:0.01 call:0.92 put:0.08 | ATM:0.92 OTM:0.08 [seq] | lr: 2.37e-04 | left: 62s
step 13600 ( 74.5%) | loss: 0.471015 | trade:0.01 call:0.80 put:0.20 | ATM:0.74 OTM:0.26 [seq] | lr: 2.36e-04 | left: 61s
step 13650 ( 74.7%) | loss: 0.618221 | trade:0.01 call:0.66 put:0.34 | ATM:0.39 OTM:0.61 [seq] | lr: 2.35e-04 | left: 61s
step 13700 ( 74.8%) | loss: 0.605782 | trade:0.01 call:0.83 put:0.17 | ATM:0.56 OTM:0.44 [seq] | lr: 2.35e-04 | left: 60s
step 13750 ( 75.0%) | loss: 0.775427 | trade:0.35 call:0.79 put:0.21 | ATM:0.54 OTM:0.46 [rnd] | lr: 2.33e-04 | left: 60s
step 13800 ( 75.1%) | loss: 0.781960 | trade:0.32 call:0.78 put:0.22 | ATM:0.58 OTM:0.42 [rnd] | lr: 2.32e-04 | left: 60s
step 13850 ( 75.3%) | loss: 0.483163 | trade:0.01 call:0.77 put:0.23 | ATM:0.55 OTM:0.45 [seq] | lr: 2.31e-04 | left: 59s
step 13900 ( 75.6%) | loss: 0.645555 | trade:0.02 call:0.82 put:0.18 | ATM:0.47 OTM:0.53 [seq] | lr: 2.29e-04 | left: 59s
step 13950 ( 76.0%) | loss: 0.797110 | trade:0.24 call:0.76 put:0.24 | ATM:0.61 OTM:0.39 [rnd] | lr: 2.26e-04 | left: 58s
step 14000 ( 76.4%) | loss: 0.889440 | trade:0.05 call:0.80 put:0.20 | ATM:0.44 OTM:0.56 [seq] | lr: 2.23e-04 | left: 57s
step 14050 ( 76.7%) | loss: 0.593774 | trade:0.04 call:0.78 put:0.22 | ATM:0.54 OTM:0.46 [seq] | lr: 2.21e-04 | left: 56s
step 14100 ( 77.0%) | loss: 0.554153 | trade:0.05 call:0.15 put:0.85 | ATM:0.90 OTM:0.10 [seq] | lr: 2.18e-04 | left: 55s
step 14150 ( 77.4%) | loss: 0.851480 | trade:0.27 call:0.78 put:0.22 | ATM:0.59 OTM:0.41 [rnd] | lr: 2.14e-04 | left: 54s
step 14200 ( 77.8%) | loss: 0.726528 | trade:0.03 call:0.89 put:0.11 | ATM:0.91 OTM:0.09 [seq] | lr: 2.11e-04 | left: 53s
step 14250 ( 78.1%) | loss: 0.631864 | trade:0.01 call:0.83 put:0.17 | ATM:0.77 OTM:0.23 [seq] | lr: 2.08e-04 | left: 53s
step 14300 ( 78.3%) | loss: 0.728833 | trade:0.35 call:0.74 put:0.26 | ATM:0.58 OTM:0.42 [rnd] | lr: 2.06e-04 | left: 52s
step 14350 ( 78.5%) | loss: 0.769160 | trade:0.02 call:0.67 put:0.33 | ATM:0.33 OTM:0.67 [seq] | lr: 2.04e-04 | left: 52s
step 14400 ( 78.7%) | loss: 0.877139 | trade:0.06 call:0.96 put:0.04 | ATM:0.94 OTM:0.06 [seq] | lr: 2.02e-04 | left: 51s
step 14450 ( 78.9%) | loss: 0.641613 | trade:0.40 call:0.31 put:0.69 | ATM:0.81 OTM:0.19 [seq] | lr: 2.00e-04 | left: 51s
step 14500 ( 79.0%) | loss: 0.537167 | trade:0.01 call:0.87 put:0.13 | ATM:0.61 OTM:0.39 [seq] | lr: 1.98e-04 | left: 50s
step 14550 ( 79.2%) | loss: 0.836449 | trade:0.93 call:0.97 put:0.03 | ATM:0.38 OTM:0.62 [seq] | lr: 1.97e-04 | left: 50s
step 14600 ( 79.3%) | loss: 0.725226 | trade:0.10 call:0.83 put:0.17 | ATM:0.35 OTM:0.65 [seq] | lr: 1.95e-04 | left: 50s
step 14650 ( 79.5%) | loss: 0.740768 | trade:0.01 call:0.79 put:0.21 | ATM:0.50 OTM:0.50 [seq] | lr: 1.93e-04 | left: 49s
step 14700 ( 79.8%) | loss: 0.615836 | trade:0.01 call:0.69 put:0.31 | ATM:0.39 OTM:0.61 [seq] | lr: 1.90e-04 | left: 49s
step 14750 ( 80.0%) | loss: 0.878031 | trade:0.21 call:0.77 put:0.23 | ATM:0.51 OTM:0.49 [seq] | lr: 1.88e-04 | left: 48s
step 14800 ( 80.1%) | loss: 0.704830 | trade:0.05 call:0.81 put:0.19 | ATM:0.53 OTM:0.47 [seq] | lr: 1.86e-04 | left: 48s
step 14850 ( 80.3%) | loss: 0.680866 | trade:0.29 call:0.78 put:0.22 | ATM:0.58 OTM:0.42 [rnd] | lr: 1.84e-04 | left: 47s
step 14900 ( 80.5%) | loss: 0.464333 | trade:0.02 call:0.86 put:0.14 | ATM:0.53 OTM:0.47 [seq] | lr: 1.82e-04 | left: 47s
step 14950 ( 80.6%) | loss: 0.581525 | trade:0.01 call:0.85 put:0.15 | ATM:0.55 OTM:0.45 [seq] | lr: 1.80e-04 | left: 47s
step 15000 ( 80.8%) | loss: 0.825046 | trade:0.37 call:0.43 put:0.57 | ATM:0.57 OTM:0.43 [seq] | lr: 1.78e-04 | left: 46s
step 15050 ( 81.0%) | loss: 0.598341 | trade:0.02 call:0.78 put:0.22 | ATM:0.56 OTM:0.44 [seq] | lr: 1.76e-04 | left: 46s
step 15100 ( 81.1%) | loss: 0.507012 | trade:0.02 call:0.86 put:0.14 | ATM:0.68 OTM:0.32 [seq] | lr: 1.74e-04 | left: 45s
step 15150 ( 81.3%) | loss: 0.653451 | trade:0.02 call:0.80 put:0.20 | ATM:0.54 OTM:0.46 [seq] | lr: 1.73e-04 | left: 45s
step 15200 ( 81.5%) | loss: 0.428133 | trade:0.91 call:0.99 put:0.01 | ATM:0.44 OTM:0.56 [seq] | lr: 1.70e-04 | left: 44s
step 15250 ( 81.7%) | loss: 0.801274 | trade:0.01 call:0.78 put:0.22 | ATM:0.49 OTM:0.51 [seq] | lr: 1.68e-04 | left: 44s
step 15300 ( 81.9%) | loss: 0.957949 | trade:0.33 call:0.77 put:0.23 | ATM:0.57 OTM:0.43 [rnd] | lr: 1.65e-04 | left: 43s
step 15350 ( 82.1%) | loss: 0.563644 | trade:0.03 call:0.96 put:0.04 | ATM:0.96 OTM:0.04 [seq] | lr: 1.63e-04 | left: 43s
step 15400 ( 82.2%) | loss: 0.612830 | trade:0.01 call:0.43 put:0.57 | ATM:0.51 OTM:0.49 [seq] | lr: 1.61e-04 | left: 43s
step 15450 ( 82.4%) | loss: 0.817323 | trade:0.01 call:0.86 put:0.14 | ATM:0.71 OTM:0.29 [seq] | lr: 1.59e-04 | left: 42s
step 15500 ( 82.5%) | loss: 0.823788 | trade:0.04 call:0.22 put:0.78 | ATM:0.42 OTM:0.58 [seq] | lr: 1.57e-04 | left: 42s
step 15550 ( 82.7%) | loss: 0.442063 | trade:0.01 call:0.92 put:0.08 | ATM:0.46 OTM:0.54 [seq] | lr: 1.55e-04 | left: 41s
step 15600 ( 82.9%) | loss: 0.632956 | trade:0.01 call:0.89 put:0.11 | ATM:0.50 OTM:0.50 [seq] | lr: 1.52e-04 | left: 41s
step 15650 ( 83.1%) | loss: 0.727864 | trade:0.01 call:0.88 put:0.12 | ATM:0.59 OTM:0.41 [seq] | lr: 1.50e-04 | left: 41s
step 15700 ( 83.3%) | loss: 0.766849 | trade:0.37 call:0.76 put:0.24 | ATM:0.55 OTM:0.45 [rnd] | lr: 1.48e-04 | left: 40s
step 15750 ( 83.5%) | loss: 0.813290 | trade:0.33 call:0.79 put:0.21 | ATM:0.56 OTM:0.44 [rnd] | lr: 1.45e-04 | left: 40s
step 15800 ( 83.6%) | loss: 0.699026 | trade:0.29 call:0.77 put:0.23 | ATM:0.56 OTM:0.44 [rnd] | lr: 1.43e-04 | left: 39s
step 15850 ( 83.8%) | loss: 0.596672 | trade:0.35 call:0.79 put:0.21 | ATM:0.57 OTM:0.43 [rnd] | lr: 1.41e-04 | left: 39s
step 15900 ( 84.0%) | loss: 0.946792 | trade:0.28 call:0.79 put:0.21 | ATM:0.59 OTM:0.41 [rnd] | lr: 1.39e-04 | left: 38s
step 15950 ( 84.2%) | loss: 0.699166 | trade:0.01 call:0.65 put:0.35 | ATM:0.54 OTM:0.46 [seq] | lr: 1.36e-04 | left: 38s
step 16000 ( 84.4%) | loss: 0.793738 | trade:0.01 call:0.75 put:0.25 | ATM:0.73 OTM:0.27 [seq] | lr: 1.33e-04 | left: 37s
step 16050 ( 84.5%) | loss: 0.674657 | trade:0.02 call:0.87 put:0.13 | ATM:0.79 OTM:0.21 [seq] | lr: 1.31e-04 | left: 37s
step 16100 ( 84.7%) | loss: 0.661939 | trade:0.05 call:0.95 put:0.05 | ATM:0.92 OTM:0.08 [seq] | lr: 1.29e-04 | left: 37s
step 16150 ( 84.8%) | loss: 0.542106 | trade:0.02 call:0.89 put:0.11 | ATM:0.63 OTM:0.37 [seq] | lr: 1.27e-04 | left: 36s
step 16200 ( 85.0%) | loss: 1.089794 | trade:0.26 call:0.75 put:0.25 | ATM:0.59 OTM:0.41 [rnd] | lr: 1.25e-04 | left: 36s
step 16250 ( 85.2%) | loss: 0.904889 | trade:0.30 call:0.76 put:0.24 | ATM:0.57 OTM:0.43 [rnd] | lr: 1.23e-04 | left: 36s
step 16300 ( 85.3%) | loss: 0.685068 | trade:0.33 call:0.79 put:0.21 | ATM:0.58 OTM:0.42 [rnd] | lr: 1.21e-04 | left: 35s
step 16350 ( 85.5%) | loss: 0.906896 | trade:0.33 call:0.76 put:0.24 | ATM:0.55 OTM:0.45 [rnd] | lr: 1.18e-04 | left: 35s
step 16400 ( 85.7%) | loss: 1.054361 | trade:0.01 call:0.73 put:0.27 | ATM:0.52 OTM:0.48 [seq] | lr: 1.16e-04 | left: 34s
step 16450 ( 85.9%) | loss: 0.707916 | trade:0.90 call:0.97 put:0.03 | ATM:0.95 OTM:0.05 [seq] | lr: 1.13e-04 | left: 34s
step 16500 ( 86.1%) | loss: 0.789499 | trade:0.01 call:0.77 put:0.23 | ATM:0.63 OTM:0.37 [seq] | lr: 1.10e-04 | left: 33s
step 16550 ( 86.3%) | loss: 0.914302 | trade:0.30 call:0.81 put:0.19 | ATM:0.56 OTM:0.44 [rnd] | lr: 1.08e-04 | left: 33s
step 16600 ( 86.5%) | loss: 0.914862 | trade:0.02 call:0.80 put:0.20 | ATM:0.36 OTM:0.64 [seq] | lr: 1.05e-04 | left: 32s
step 16650 ( 86.7%) | loss: 0.589195 | trade:0.01 call:0.76 put:0.24 | ATM:0.69 OTM:0.31 [seq] | lr: 1.02e-04 | left: 32s
step 16700 ( 87.0%) | loss: 1.082453 | trade:0.31 call:0.80 put:0.20 | ATM:0.56 OTM:0.44 [rnd] | lr: 9.91e-05 | left: 31s
step 16750 ( 87.2%) | loss: 0.721159 | trade:0.01 call:0.80 put:0.20 | ATM:0.66 OTM:0.34 [seq] | lr: 9.63e-05 | left: 31s
step 16800 ( 87.6%) | loss: 0.880765 | trade:0.27 call:0.77 put:0.23 | ATM:0.60 OTM:0.40 [rnd] | lr: 9.15e-05 | left: 30s
step 16850 ( 88.0%) | loss: 1.121516 | trade:0.30 call:0.77 put:0.23 | ATM:0.56 OTM:0.44 [rnd] | lr: 8.66e-05 | left: 29s
step 16900 ( 88.3%) | loss: 0.811193 | trade:0.77 call:0.99 put:0.01 | ATM:0.39 OTM:0.61 [seq] | lr: 8.22e-05 | left: 28s
step 16950 ( 88.7%) | loss: 0.848218 | trade:0.28 call:0.77 put:0.23 | ATM:0.58 OTM:0.42 [rnd] | lr: 7.75e-05 | left: 27s
step 17000 ( 89.1%) | loss: 0.679578 | trade:0.02 call:0.52 put:0.48 | ATM:0.46 OTM:0.54 [seq] | lr: 7.31e-05 | left: 26s
step 17050 ( 89.5%) | loss: 1.231519 | trade:0.33 call:0.75 put:0.25 | ATM:0.58 OTM:0.42 [rnd] | lr: 6.84e-05 | left: 25s
step 17100 ( 89.8%) | loss: 0.795410 | trade:0.30 call:0.79 put:0.21 | ATM:0.56 OTM:0.44 [rnd] | lr: 6.49e-05 | left: 24s
step 17150 ( 90.2%) | loss: 0.884615 | trade:0.02 call:0.73 put:0.27 | ATM:0.63 OTM:0.37 [seq] | lr: 6.06e-05 | left: 24s
step 17200 ( 90.6%) | loss: 0.697414 | trade:0.03 call:0.91 put:0.09 | ATM:0.35 OTM:0.65 [seq] | lr: 5.64e-05 | left: 23s
step 17250 ( 90.9%) | loss: 0.528514 | trade:0.01 call:0.54 put:0.46 | ATM:0.75 OTM:0.25 [seq] | lr: 5.24e-05 | left: 22s
step 17300 ( 91.3%) | loss: 0.648364 | trade:0.01 call:0.90 put:0.10 | ATM:0.82 OTM:0.18 [seq] | lr: 4.83e-05 | left: 21s
step 17350 ( 91.7%) | loss: 0.948897 | trade:0.32 call:0.77 put:0.23 | ATM:0.53 OTM:0.47 [rnd] | lr: 4.44e-05 | left: 20s
step 17400 ( 92.1%) | loss: 0.845794 | trade:0.32 call:0.77 put:0.23 | ATM:0.59 OTM:0.41 [rnd] | lr: 4.06e-05 | left: 19s
step 17450 ( 92.5%) | loss: 0.744090 | trade:0.90 call:0.15 put:0.85 | ATM:0.50 OTM:0.50 [seq] | lr: 3.70e-05 | left: 18s
step 17500 ( 92.9%) | loss: 0.780939 | trade:0.02 call:0.79 put:0.21 | ATM:0.74 OTM:0.26 [seq] | lr: 3.33e-05 | left: 17s
step 17550 ( 93.2%) | loss: 1.005828 | trade:0.28 call:0.79 put:0.21 | ATM:0.58 OTM:0.42 [rnd] | lr: 3.06e-05 | left: 16s
step 17600 ( 93.5%) | loss: 0.567526 | trade:0.92 call:1.00 put:0.00 | ATM:0.29 OTM:0.71 [seq] | lr: 2.75e-05 | left: 15s
step 17650 ( 93.9%) | loss: 0.719330 | trade:0.27 call:0.76 put:0.24 | ATM:0.58 OTM:0.42 [rnd] | lr: 2.44e-05 | left: 15s
step 17700 ( 94.3%) | loss: 0.593673 | trade:0.79 call:0.99 put:0.01 | ATM:0.33 OTM:0.67 [seq] | lr: 2.16e-05 | left: 14s
step 17750 ( 94.7%) | loss: 0.496670 | trade:0.34 call:0.75 put:0.25 | ATM:0.59 OTM:0.41 [rnd] | lr: 1.90e-05 | left: 13s
step 17800 ( 95.1%) | loss: 0.638346 | trade:0.95 call:0.97 put:0.03 | ATM:0.95 OTM:0.05 [seq] | lr: 1.64e-05 | left: 12s
step 17850 ( 95.4%) | loss: 0.651422 | trade:0.95 call:1.00 put:0.00 | ATM:0.23 OTM:0.77 [seq] | lr: 1.41e-05 | left: 11s
step 17900 ( 95.8%) | loss: 0.631568 | trade:0.97 call:0.99 put:0.01 | ATM:0.27 OTM:0.73 [seq] | lr: 1.20e-05 | left: 10s
step 17950 ( 96.2%) | loss: 0.635018 | trade:0.97 call:1.00 put:0.00 | ATM:0.20 OTM:0.80 [seq] | lr: 1.00e-05 | left: 9s
step 18000 ( 96.5%) | loss: 0.900847 | trade:0.97 call:1.00 put:0.00 | ATM:0.21 OTM:0.79 [seq] | lr: 8.15e-06 | left: 8s
step 18050 ( 96.9%) | loss: 0.647018 | trade:0.32 call:0.76 put:0.24 | ATM:0.57 OTM:0.43 [rnd] | lr: 6.50e-06 | left: 7s
step 18100 ( 97.3%) | loss: 0.731292 | trade:0.31 call:0.79 put:0.21 | ATM:0.56 OTM:0.44 [rnd] | lr: 5.10e-06 | left: 7s
step 18150 ( 97.7%) | loss: 0.838296 | trade:0.47 call:0.95 put:0.05 | ATM:0.94 OTM:0.06 [seq] | lr: 3.74e-06 | left: 6s
step 18200 ( 98.0%) | loss: 1.002815 | trade:0.38 call:0.76 put:0.24 | ATM:0.55 OTM:0.45 [rnd] | lr: 2.63e-06 | left: 5s
step 18250 ( 98.4%) | loss: 0.469911 | trade:0.01 call:0.79 put:0.21 | ATM:0.72 OTM:0.28 [seq] | lr: 1.72e-06 | left: 4s
step 18300 ( 98.7%) | loss: 0.795552 | trade:0.33 call:0.73 put:0.27 | ATM:0.53 OTM:0.47 [rnd] | lr: 1.08e-06 | left: 3s
step 18350 ( 99.1%) | loss: 1.025629 | trade:0.96 call:1.00 put:0.00 | ATM:0.22 OTM:0.78 [seq] | lr: 5.10e-07 | left: 2s
step 18400 ( 99.5%) | loss: 0.471877 | trade:0.95 call:1.00 put:0.00 | ATM:0.23 OTM:0.77 [seq] | lr: 1.69e-07 | left: 1s
step 18450 ( 99.9%) | loss: 0.798364 | trade:0.90 call:1.00 put:0.00 | ATM:0.27 OTM:0.73 [seq] | lr: 7.06e-09 | left: 0s

Training done at 245s. Starting evaluation...
Evaluation done in 1s (total wall: 246s)
Model saved to /root/best_model.pt

---
score:              -10.000000
profit_factor:      0.000000
win_rate:           0.000000
avg_winner:         0.000000
avg_loser:          0.000000
trades_per_day:     0.000000
max_consec_loss:    0
num_trades:         3
trade_sharpe:       0.000000
sortino:            0.000000
max_drawdown:       0.000000
calmar:             0.000000
ev_per_trade:       0.000000
do_nothing_pct:     1.000000
exit_pct:           0.000000
model_exit_count:   0
cooldown_blocked:   0
pre_10am_blocked:   0
short_hold_pct:     0.000000
stop_loss_rate:     0.000000
direction_collapse_pct: 0.000000
avg_entry_cost_bps: 300.000000
avg_entry_quality:  0.000000
cost_realism_coverage: 0.000000
high_cost_entry_rate: 1.000000
low_quality_entry_rate: 1.000000
actionable_bar_rate: 0.000000
risk_off_bar_rate:  0.000000
final_capital:      10000.00
equity_sharpe:      0.000000
max_equity_dd:      0.000000
total_dollar_return:0.000000
val_sharpe:         113.535507
total_return:       0.000000
num_val_bars:       260
num_val_days:       5
worst_chunk_pf:     1.00
rr_ratio:           0.0000
avg_hold_bars:      0.00
model_exit_rate:    0.0000
hit_ruin:           False
min_equity_frac:    1.0000
avg_risk_fraction:  0.0000
max_risk_fraction:  0.0000
trades_blocked_by_balance: 0
training_seconds:   240.0
total_seconds:      248.3
peak_vram_mb:       452.7
num_steps:          18464
num_params:         145,064
lookback:           120
depth:              3
d_model:            64
effective_lr:       0.00025
gate_label_smoothing:0.050000
dir_label_smoothing:0.050000
false_entry_penalty:2.000000
/opt/conda/lib/python3.11/site-packages/torch/nn/modules/transformer.py:379: UserWarning: enable_nested_tensor is True, but self.use_nested_tensor is False because encoder_layer.norm_first was True
  warnings.warn(
