Loading data from: /root/.cache/autoresearch-trading/features/data.pt
Loaded 384870 1-min bars, 32 features, 8 actions
  ~986 trading days
Training:   up to idx 269189
Validation: idx 269190-384869
  Option P&L coverage: 297877/384870 (77%)
Parameters: 147,338
Architecture: v4 simplified two-head (gate+dir) + momentum-aware gating for optimal trade frequency
Training from scratch (v4: no warm-start).

Budget: 240s | Batch: 128 | Lookback: 120
LR: 0.00015 | Depth: 3 | d_model: 64 | ff_mult: 3
Dropout: 0.15 | Weight decay: 0.05
False entry penalty: 2.0x
Label smoothing: gate=0.05 dir=0.05
Loss weights: gate=1.0, dir=1.0, pnl=0.3, exit=0.5
Score tuning: R:R bonus=0.3, hold bonus=0.0, freq center=2.5, drawdown penalty=0.5

step 00000 (  0.0%) | loss: 2.669195 | trade:0.27 call:0.49 put:0.51 | ATM:0.24 OTM:0.76 | lr: 0.00e+00 | left: 240s
step 00050 (  0.4%) | loss: 2.744198 | trade:0.27 call:0.49 put:0.51 | ATM:0.24 OTM:0.76 | lr: 5.70e-06 | left: 239s
step 00100 (  0.9%) | loss: 2.708479 | trade:0.28 call:0.49 put:0.51 | ATM:0.25 OTM:0.75 | lr: 1.42e-05 | left: 238s
step 00150 (  1.5%) | loss: 2.644262 | trade:0.30 call:0.49 put:0.51 | ATM:0.26 OTM:0.74 | lr: 2.26e-05 | left: 236s
step 00200 (  2.1%) | loss: 2.601211 | trade:0.32 call:0.50 put:0.50 | ATM:0.28 OTM:0.72 | lr: 3.09e-05 | left: 235s
step 00250 (  2.6%) | loss: 2.523617 | trade:0.34 call:0.52 put:0.48 | ATM:0.32 OTM:0.68 | lr: 3.93e-05 | left: 234s
step 00300 (  3.2%) | loss: 2.463748 | trade:0.34 call:0.53 put:0.47 | ATM:0.35 OTM:0.65 | lr: 4.77e-05 | left: 232s
step 00350 (  3.7%) | loss: 2.422831 | trade:0.34 call:0.54 put:0.46 | ATM:0.36 OTM:0.64 | lr: 5.61e-05 | left: 231s
step 00400 (  4.3%) | loss: 2.376322 | trade:0.33 call:0.55 put:0.45 | ATM:0.36 OTM:0.64 | lr: 6.44e-05 | left: 230s
step 00450 (  4.9%) | loss: 2.323158 | trade:0.34 call:0.54 put:0.46 | ATM:0.36 OTM:0.64 | lr: 7.28e-05 | left: 228s
step 00500 (  5.4%) | loss: 2.280044 | trade:0.33 call:0.56 put:0.44 | ATM:0.37 OTM:0.63 | lr: 8.11e-05 | left: 227s
step 00550 (  6.0%) | loss: 2.237237 | trade:0.35 call:0.56 put:0.44 | ATM:0.37 OTM:0.63 | lr: 8.96e-05 | left: 226s
step 00600 (  6.5%) | loss: 2.164924 | trade:0.35 call:0.55 put:0.45 | ATM:0.38 OTM:0.62 | lr: 9.80e-05 | left: 224s
step 00650 (  7.1%) | loss: 2.104764 | trade:0.34 call:0.57 put:0.43 | ATM:0.37 OTM:0.63 | lr: 1.06e-04 | left: 223s
step 00700 (  7.6%) | loss: 1.996270 | trade:0.35 call:0.56 put:0.44 | ATM:0.37 OTM:0.63 | lr: 1.15e-04 | left: 222s
step 00750 (  8.2%) | loss: 1.881440 | trade:0.36 call:0.57 put:0.43 | ATM:0.45 OTM:0.55 | lr: 1.23e-04 | left: 220s
step 00800 (  8.7%) | loss: 1.828046 | trade:0.37 call:0.50 put:0.50 | ATM:0.44 OTM:0.56 | lr: 1.31e-04 | left: 219s
step 00850 (  9.3%) | loss: 1.684429 | trade:0.37 call:0.56 put:0.44 | ATM:0.40 OTM:0.60 | lr: 1.40e-04 | left: 218s
step 00900 (  9.9%) | loss: 1.592670 | trade:0.39 call:0.55 put:0.45 | ATM:0.36 OTM:0.64 | lr: 1.48e-04 | left: 216s
step 00950 ( 10.4%) | loss: 1.461617 | trade:0.36 call:0.59 put:0.41 | ATM:0.42 OTM:0.58 | lr: 1.50e-04 | left: 215s
step 01000 ( 11.0%) | loss: 1.394421 | trade:0.42 call:0.55 put:0.45 | ATM:0.43 OTM:0.57 | lr: 1.50e-04 | left: 214s
step 01050 ( 11.5%) | loss: 1.290924 | trade:0.40 call:0.59 put:0.41 | ATM:0.47 OTM:0.53 | lr: 1.50e-04 | left: 212s
step 01100 ( 12.1%) | loss: 1.216398 | trade:0.41 call:0.58 put:0.42 | ATM:0.46 OTM:0.54 | lr: 1.50e-04 | left: 211s
step 01150 ( 12.7%) | loss: 1.125676 | trade:0.41 call:0.55 put:0.45 | ATM:0.42 OTM:0.58 | lr: 1.50e-04 | left: 210s
step 01200 ( 13.2%) | loss: 1.099084 | trade:0.42 call:0.63 put:0.37 | ATM:0.40 OTM:0.60 | lr: 1.50e-04 | left: 208s
step 01250 ( 13.8%) | loss: 1.030357 | trade:0.42 call:0.57 put:0.43 | ATM:0.45 OTM:0.55 | lr: 1.50e-04 | left: 207s
step 01300 ( 14.3%) | loss: 1.008699 | trade:0.40 call:0.59 put:0.41 | ATM:0.42 OTM:0.58 | lr: 1.50e-04 | left: 206s
step 01350 ( 14.9%) | loss: 0.912719 | trade:0.39 call:0.51 put:0.49 | ATM:0.49 OTM:0.51 | lr: 1.50e-04 | left: 204s
step 01400 ( 15.5%) | loss: 0.919564 | trade:0.40 call:0.53 put:0.47 | ATM:0.53 OTM:0.47 | lr: 1.50e-04 | left: 203s
step 01450 ( 16.0%) | loss: 0.894550 | trade:0.38 call:0.66 put:0.34 | ATM:0.51 OTM:0.49 | lr: 1.50e-04 | left: 202s
step 01500 ( 16.6%) | loss: 0.885593 | trade:0.47 call:0.57 put:0.43 | ATM:0.44 OTM:0.56 | lr: 1.50e-04 | left: 200s
step 01550 ( 17.1%) | loss: 0.857173 | trade:0.40 call:0.57 put:0.43 | ATM:0.48 OTM:0.52 | lr: 1.50e-04 | left: 199s
step 01600 ( 17.7%) | loss: 0.794399 | trade:0.43 call:0.58 put:0.42 | ATM:0.52 OTM:0.48 | lr: 1.50e-04 | left: 198s
step 01650 ( 18.3%) | loss: 0.798717 | trade:0.41 call:0.61 put:0.39 | ATM:0.50 OTM:0.50 | lr: 1.50e-04 | left: 196s
step 01700 ( 18.8%) | loss: 0.775549 | trade:0.41 call:0.57 put:0.43 | ATM:0.49 OTM:0.51 | lr: 1.50e-04 | left: 195s
step 01750 ( 19.4%) | loss: 0.768058 | trade:0.41 call:0.58 put:0.42 | ATM:0.47 OTM:0.53 | lr: 1.50e-04 | left: 193s
step 01800 ( 19.9%) | loss: 0.760294 | trade:0.40 call:0.52 put:0.48 | ATM:0.55 OTM:0.45 | lr: 1.50e-04 | left: 192s
step 01850 ( 20.5%) | loss: 0.703406 | trade:0.47 call:0.59 put:0.41 | ATM:0.47 OTM:0.53 | lr: 1.50e-04 | left: 191s
step 01900 ( 20.9%) | loss: 0.732350 | trade:0.42 call:0.55 put:0.45 | ATM:0.53 OTM:0.47 | lr: 1.50e-04 | left: 190s
step 01950 ( 21.5%) | loss: 0.722812 | trade:0.39 call:0.50 put:0.50 | ATM:0.53 OTM:0.47 | lr: 1.50e-04 | left: 188s
step 02000 ( 22.1%) | loss: 0.655733 | trade:0.41 call:0.58 put:0.42 | ATM:0.48 OTM:0.52 | lr: 1.50e-04 | left: 187s
step 02050 ( 22.6%) | loss: 0.712303 | trade:0.39 call:0.60 put:0.40 | ATM:0.53 OTM:0.47 | lr: 1.50e-04 | left: 186s
step 02100 ( 23.2%) | loss: 0.710678 | trade:0.37 call:0.57 put:0.43 | ATM:0.56 OTM:0.44 | lr: 1.50e-04 | left: 184s
step 02150 ( 23.7%) | loss: 0.697634 | trade:0.41 call:0.59 put:0.41 | ATM:0.54 OTM:0.46 | lr: 1.50e-04 | left: 183s
step 02200 ( 24.3%) | loss: 0.694413 | trade:0.46 call:0.54 put:0.46 | ATM:0.47 OTM:0.53 | lr: 1.50e-04 | left: 182s
step 02250 ( 24.9%) | loss: 0.667217 | trade:0.39 call:0.62 put:0.38 | ATM:0.56 OTM:0.44 | lr: 1.50e-04 | left: 180s
step 02300 ( 25.4%) | loss: 0.648968 | trade:0.42 call:0.48 put:0.52 | ATM:0.55 OTM:0.45 | lr: 1.50e-04 | left: 179s
step 02350 ( 26.0%) | loss: 0.659557 | trade:0.40 call:0.62 put:0.38 | ATM:0.59 OTM:0.41 | lr: 1.50e-04 | left: 178s
step 02400 ( 26.5%) | loss: 0.680946 | trade:0.39 call:0.59 put:0.41 | ATM:0.50 OTM:0.50 | lr: 1.50e-04 | left: 176s
step 02450 ( 27.1%) | loss: 0.654722 | trade:0.43 call:0.62 put:0.38 | ATM:0.51 OTM:0.49 | lr: 1.50e-04 | left: 175s
step 02500 ( 27.6%) | loss: 0.642299 | trade:0.46 call:0.53 put:0.47 | ATM:0.52 OTM:0.48 | lr: 1.50e-04 | left: 174s
step 02550 ( 28.2%) | loss: 0.635618 | trade:0.40 call:0.52 put:0.48 | ATM:0.58 OTM:0.42 | lr: 1.50e-04 | left: 172s
step 02600 ( 28.8%) | loss: 0.651577 | trade:0.41 call:0.50 put:0.50 | ATM:0.54 OTM:0.46 | lr: 1.50e-04 | left: 171s
step 02650 ( 29.3%) | loss: 0.645239 | trade:0.41 call:0.61 put:0.39 | ATM:0.56 OTM:0.44 | lr: 1.50e-04 | left: 170s
step 02700 ( 29.9%) | loss: 0.652845 | trade:0.40 call:0.57 put:0.43 | ATM:0.61 OTM:0.39 | lr: 1.50e-04 | left: 168s
step 02750 ( 30.4%) | loss: 0.650132 | trade:0.42 call:0.53 put:0.47 | ATM:0.48 OTM:0.52 | lr: 1.50e-04 | left: 167s
step 02800 ( 31.0%) | loss: 0.627572 | trade:0.42 call:0.59 put:0.41 | ATM:0.59 OTM:0.41 | lr: 1.50e-04 | left: 166s
step 02850 ( 31.5%) | loss: 0.641026 | trade:0.39 call:0.59 put:0.41 | ATM:0.61 OTM:0.39 | lr: 1.50e-04 | left: 164s
step 02900 ( 32.1%) | loss: 0.600553 | trade:0.46 call:0.56 put:0.44 | ATM:0.48 OTM:0.52 | lr: 1.50e-04 | left: 163s
step 02950 ( 32.6%) | loss: 0.624571 | trade:0.40 call:0.58 put:0.42 | ATM:0.56 OTM:0.44 | lr: 1.50e-04 | left: 162s
step 03000 ( 33.2%) | loss: 0.596700 | trade:0.45 call:0.56 put:0.44 | ATM:0.49 OTM:0.51 | lr: 1.50e-04 | left: 160s
step 03050 ( 33.8%) | loss: 0.649802 | trade:0.42 call:0.54 put:0.46 | ATM:0.55 OTM:0.45 | lr: 1.50e-04 | left: 159s
step 03100 ( 34.3%) | loss: 0.595722 | trade:0.47 call:0.59 put:0.41 | ATM:0.53 OTM:0.47 | lr: 1.50e-04 | left: 158s
step 03150 ( 34.9%) | loss: 0.619131 | trade:0.41 call:0.59 put:0.41 | ATM:0.52 OTM:0.48 | lr: 1.50e-04 | left: 156s
step 03200 ( 35.4%) | loss: 0.621631 | trade:0.42 call:0.54 put:0.46 | ATM:0.54 OTM:0.46 | lr: 1.50e-04 | left: 155s
step 03250 ( 36.0%) | loss: 0.603787 | trade:0.39 call:0.55 put:0.45 | ATM:0.55 OTM:0.45 | lr: 1.50e-04 | left: 154s
step 03300 ( 36.5%) | loss: 0.604414 | trade:0.43 call:0.59 put:0.41 | ATM:0.56 OTM:0.44 | lr: 1.50e-04 | left: 152s
step 03350 ( 37.1%) | loss: 0.615631 | trade:0.44 call:0.55 put:0.45 | ATM:0.51 OTM:0.49 | lr: 1.50e-04 | left: 151s
step 03400 ( 37.7%) | loss: 0.639161 | trade:0.44 call:0.59 put:0.41 | ATM:0.56 OTM:0.44 | lr: 1.50e-04 | left: 150s
step 03450 ( 38.2%) | loss: 0.601585 | trade:0.43 call:0.58 put:0.42 | ATM:0.53 OTM:0.47 | lr: 1.50e-04 | left: 148s
step 03500 ( 38.8%) | loss: 0.622629 | trade:0.42 call:0.51 put:0.49 | ATM:0.52 OTM:0.48 | lr: 1.50e-04 | left: 147s
step 03550 ( 39.3%) | loss: 0.605053 | trade:0.39 call:0.54 put:0.46 | ATM:0.54 OTM:0.46 | lr: 1.50e-04 | left: 146s
step 03600 ( 39.9%) | loss: 0.617229 | trade:0.47 call:0.54 put:0.46 | ATM:0.50 OTM:0.50 | lr: 1.50e-04 | left: 144s
step 03650 ( 40.4%) | loss: 0.596011 | trade:0.42 call:0.57 put:0.43 | ATM:0.51 OTM:0.49 | lr: 1.50e-04 | left: 143s
step 03700 ( 41.0%) | loss: 0.620461 | trade:0.42 call:0.60 put:0.40 | ATM:0.55 OTM:0.45 | lr: 1.50e-04 | left: 142s
step 03750 ( 41.6%) | loss: 0.634101 | trade:0.33 call:0.64 put:0.36 | ATM:0.62 OTM:0.38 | lr: 1.50e-04 | left: 140s
step 03800 ( 42.1%) | loss: 0.596108 | trade:0.43 call:0.49 put:0.51 | ATM:0.55 OTM:0.45 | lr: 1.50e-04 | left: 139s
step 03850 ( 42.7%) | loss: 0.589426 | trade:0.43 call:0.55 put:0.45 | ATM:0.49 OTM:0.51 | lr: 1.50e-04 | left: 138s
step 03900 ( 43.2%) | loss: 0.595059 | trade:0.46 call:0.55 put:0.45 | ATM:0.49 OTM:0.51 | lr: 1.50e-04 | left: 136s
step 03950 ( 43.8%) | loss: 0.609948 | trade:0.38 call:0.56 put:0.44 | ATM:0.53 OTM:0.47 | lr: 1.50e-04 | left: 135s
step 04000 ( 44.3%) | loss: 0.596723 | trade:0.44 call:0.57 put:0.43 | ATM:0.52 OTM:0.48 | lr: 1.50e-04 | left: 134s
step 04050 ( 44.9%) | loss: 0.604763 | trade:0.40 call:0.55 put:0.45 | ATM:0.57 OTM:0.43 | lr: 1.50e-04 | left: 132s
step 04100 ( 45.4%) | loss: 0.597236 | trade:0.38 call:0.59 put:0.41 | ATM:0.52 OTM:0.48 | lr: 1.50e-04 | left: 131s
step 04150 ( 46.0%) | loss: 0.586247 | trade:0.43 call:0.58 put:0.42 | ATM:0.59 OTM:0.41 | lr: 1.50e-04 | left: 130s
step 04200 ( 46.5%) | loss: 0.593519 | trade:0.39 call:0.58 put:0.42 | ATM:0.54 OTM:0.46 | lr: 1.50e-04 | left: 128s
step 04250 ( 47.1%) | loss: 0.584217 | trade:0.44 call:0.56 put:0.44 | ATM:0.52 OTM:0.48 | lr: 1.50e-04 | left: 127s
step 04300 ( 47.7%) | loss: 0.602788 | trade:0.43 call:0.56 put:0.44 | ATM:0.51 OTM:0.49 | lr: 1.50e-04 | left: 126s
step 04350 ( 48.2%) | loss: 0.601687 | trade:0.44 call:0.59 put:0.41 | ATM:0.55 OTM:0.45 | lr: 1.50e-04 | left: 124s
step 04400 ( 48.8%) | loss: 0.595756 | trade:0.36 call:0.62 put:0.38 | ATM:0.55 OTM:0.45 | lr: 1.50e-04 | left: 123s
step 04450 ( 49.3%) | loss: 0.579126 | trade:0.43 call:0.58 put:0.42 | ATM:0.56 OTM:0.44 | lr: 1.50e-04 | left: 122s
step 04500 ( 49.9%) | loss: 0.609354 | trade:0.45 call:0.59 put:0.41 | ATM:0.53 OTM:0.47 | lr: 1.50e-04 | left: 120s
step 04550 ( 50.4%) | loss: 0.578898 | trade:0.39 call:0.54 put:0.46 | ATM:0.55 OTM:0.45 | lr: 1.50e-04 | left: 119s
step 04600 ( 51.0%) | loss: 0.562050 | trade:0.44 call:0.58 put:0.42 | ATM:0.52 OTM:0.48 | lr: 1.50e-04 | left: 118s
step 04650 ( 51.5%) | loss: 0.591227 | trade:0.45 call:0.53 put:0.47 | ATM:0.49 OTM:0.51 | lr: 1.50e-04 | left: 116s
step 04700 ( 52.1%) | loss: 0.605020 | trade:0.48 call:0.54 put:0.46 | ATM:0.54 OTM:0.46 | lr: 1.50e-04 | left: 115s
step 04750 ( 52.7%) | loss: 0.567311 | trade:0.42 call:0.52 put:0.48 | ATM:0.54 OTM:0.46 | lr: 1.50e-04 | left: 114s
step 04800 ( 53.2%) | loss: 0.587145 | trade:0.46 call:0.56 put:0.44 | ATM:0.50 OTM:0.50 | lr: 1.50e-04 | left: 112s
step 04850 ( 53.8%) | loss: 0.567225 | trade:0.44 call:0.51 put:0.49 | ATM:0.56 OTM:0.44 | lr: 1.50e-04 | left: 111s
step 04900 ( 54.3%) | loss: 0.606924 | trade:0.40 call:0.56 put:0.44 | ATM:0.54 OTM:0.46 | lr: 1.50e-04 | left: 110s
step 04950 ( 54.9%) | loss: 0.588357 | trade:0.40 call:0.54 put:0.46 | ATM:0.55 OTM:0.45 | lr: 1.50e-04 | left: 108s
step 05000 ( 55.4%) | loss: 0.604449 | trade:0.41 call:0.57 put:0.43 | ATM:0.56 OTM:0.44 | lr: 1.50e-04 | left: 107s
step 05050 ( 56.0%) | loss: 0.568238 | trade:0.41 call:0.58 put:0.42 | ATM:0.50 OTM:0.50 | lr: 1.50e-04 | left: 106s
step 05100 ( 56.5%) | loss: 0.600773 | trade:0.39 call:0.58 put:0.42 | ATM:0.62 OTM:0.38 | lr: 1.50e-04 | left: 104s
step 05150 ( 57.1%) | loss: 0.562811 | trade:0.45 call:0.56 put:0.44 | ATM:0.55 OTM:0.45 | lr: 1.50e-04 | left: 103s
step 05200 ( 57.7%) | loss: 0.576853 | trade:0.43 call:0.55 put:0.45 | ATM:0.59 OTM:0.41 | lr: 1.50e-04 | left: 102s
step 05250 ( 58.2%) | loss: 0.560716 | trade:0.40 call:0.57 put:0.43 | ATM:0.57 OTM:0.43 | lr: 1.50e-04 | left: 100s
step 05300 ( 58.8%) | loss: 0.587705 | trade:0.40 call:0.56 put:0.44 | ATM:0.52 OTM:0.48 | lr: 1.50e-04 | left: 99s
step 05350 ( 59.3%) | loss: 0.589307 | trade:0.38 call:0.57 put:0.43 | ATM:0.54 OTM:0.46 | lr: 1.50e-04 | left: 98s
step 05400 ( 59.9%) | loss: 0.591098 | trade:0.46 call:0.52 put:0.48 | ATM:0.43 OTM:0.57 | lr: 1.50e-04 | left: 96s
step 05450 ( 60.4%) | loss: 0.560766 | trade:0.44 call:0.47 put:0.53 | ATM:0.53 OTM:0.47 | lr: 1.50e-04 | left: 95s
step 05500 ( 61.0%) | loss: 0.545955 | trade:0.43 call:0.53 put:0.47 | ATM:0.52 OTM:0.48 | lr: 1.50e-04 | left: 94s
step 05550 ( 61.5%) | loss: 0.592100 | trade:0.44 call:0.53 put:0.47 | ATM:0.60 OTM:0.40 | lr: 1.50e-04 | left: 92s
step 05600 ( 62.1%) | loss: 0.563216 | trade:0.43 call:0.63 put:0.37 | ATM:0.60 OTM:0.40 | lr: 1.50e-04 | left: 91s
step 05650 ( 62.7%) | loss: 0.569111 | trade:0.38 call:0.60 put:0.40 | ATM:0.61 OTM:0.39 | lr: 1.50e-04 | left: 90s
step 05700 ( 63.2%) | loss: 0.584318 | trade:0.45 call:0.62 put:0.38 | ATM:0.49 OTM:0.51 | lr: 1.50e-04 | left: 88s
step 05750 ( 63.8%) | loss: 0.554897 | trade:0.43 call:0.59 put:0.41 | ATM:0.50 OTM:0.50 | lr: 1.50e-04 | left: 87s
step 05800 ( 64.3%) | loss: 0.583200 | trade:0.41 call:0.61 put:0.39 | ATM:0.55 OTM:0.45 | lr: 1.50e-04 | left: 86s
step 05850 ( 64.9%) | loss: 0.563693 | trade:0.42 call:0.58 put:0.42 | ATM:0.56 OTM:0.44 | lr: 1.50e-04 | left: 84s
step 05900 ( 65.4%) | loss: 0.574418 | trade:0.45 call:0.58 put:0.42 | ATM:0.53 OTM:0.47 | lr: 1.50e-04 | left: 83s
step 05950 ( 66.0%) | loss: 0.572161 | trade:0.38 call:0.52 put:0.48 | ATM:0.56 OTM:0.44 | lr: 1.50e-04 | left: 82s
step 06000 ( 66.5%) | loss: 0.549825 | trade:0.41 call:0.55 put:0.45 | ATM:0.57 OTM:0.43 | lr: 1.50e-04 | left: 80s
step 06050 ( 67.1%) | loss: 0.596107 | trade:0.41 call:0.53 put:0.47 | ATM:0.58 OTM:0.42 | lr: 1.50e-04 | left: 79s
step 06100 ( 67.6%) | loss: 0.549066 | trade:0.39 call:0.53 put:0.47 | ATM:0.57 OTM:0.43 | lr: 1.50e-04 | left: 78s
step 06150 ( 68.2%) | loss: 0.568904 | trade:0.42 call:0.56 put:0.44 | ATM:0.62 OTM:0.38 | lr: 1.50e-04 | left: 76s
step 06200 ( 68.8%) | loss: 0.561136 | trade:0.41 call:0.47 put:0.53 | ATM:0.55 OTM:0.45 | lr: 1.50e-04 | left: 75s
step 06250 ( 69.3%) | loss: 0.565705 | trade:0.41 call:0.61 put:0.39 | ATM:0.57 OTM:0.43 | lr: 1.50e-04 | left: 74s
step 06300 ( 69.9%) | loss: 0.554666 | trade:0.43 call:0.53 put:0.47 | ATM:0.53 OTM:0.47 | lr: 1.50e-04 | left: 72s
step 06350 ( 70.4%) | loss: 0.567018 | trade:0.39 call:0.56 put:0.44 | ATM:0.60 OTM:0.40 | lr: 1.50e-04 | left: 71s
step 06400 ( 71.0%) | loss: 0.562743 | trade:0.41 call:0.56 put:0.44 | ATM:0.59 OTM:0.41 | lr: 1.50e-04 | left: 70s
step 06450 ( 71.5%) | loss: 0.574026 | trade:0.40 call:0.51 put:0.49 | ATM:0.55 OTM:0.45 | lr: 1.49e-04 | left: 68s
step 06500 ( 72.1%) | loss: 0.552613 | trade:0.43 call:0.51 put:0.49 | ATM:0.57 OTM:0.43 | lr: 1.48e-04 | left: 67s
step 06550 ( 72.7%) | loss: 0.556004 | trade:0.44 call:0.53 put:0.47 | ATM:0.48 OTM:0.52 | lr: 1.47e-04 | left: 66s
step 06600 ( 73.2%) | loss: 0.577270 | trade:0.39 call:0.57 put:0.43 | ATM:0.56 OTM:0.44 | lr: 1.46e-04 | left: 64s
step 06650 ( 73.8%) | loss: 0.552349 | trade:0.44 call:0.56 put:0.44 | ATM:0.52 OTM:0.48 | lr: 1.44e-04 | left: 63s
step 06700 ( 74.3%) | loss: 0.564316 | trade:0.41 call:0.61 put:0.39 | ATM:0.55 OTM:0.45 | lr: 1.42e-04 | left: 62s
step 06750 ( 74.9%) | loss: 0.531507 | trade:0.44 call:0.56 put:0.44 | ATM:0.52 OTM:0.48 | lr: 1.40e-04 | left: 60s
step 06800 ( 75.4%) | loss: 0.570191 | trade:0.43 call:0.54 put:0.46 | ATM:0.51 OTM:0.49 | lr: 1.38e-04 | left: 59s
step 06850 ( 76.0%) | loss: 0.556741 | trade:0.43 call:0.61 put:0.39 | ATM:0.55 OTM:0.45 | lr: 1.36e-04 | left: 58s
step 06900 ( 76.5%) | loss: 0.550273 | trade:0.41 call:0.54 put:0.46 | ATM:0.60 OTM:0.40 | lr: 1.33e-04 | left: 56s
step 06950 ( 77.1%) | loss: 0.581215 | trade:0.40 call:0.53 put:0.47 | ATM:0.61 OTM:0.39 | lr: 1.30e-04 | left: 55s
step 07000 ( 77.6%) | loss: 0.556202 | trade:0.44 call:0.57 put:0.43 | ATM:0.54 OTM:0.46 | lr: 1.27e-04 | left: 54s
step 07050 ( 78.2%) | loss: 0.571406 | trade:0.41 call:0.54 put:0.46 | ATM:0.60 OTM:0.40 | lr: 1.24e-04 | left: 52s
step 07100 ( 78.8%) | loss: 0.567584 | trade:0.42 call:0.54 put:0.46 | ATM:0.51 OTM:0.49 | lr: 1.21e-04 | left: 51s
step 07150 ( 79.3%) | loss: 0.544670 | trade:0.44 call:0.57 put:0.43 | ATM:0.53 OTM:0.47 | lr: 1.17e-04 | left: 50s
step 07200 ( 79.9%) | loss: 0.524935 | trade:0.44 call:0.57 put:0.43 | ATM:0.55 OTM:0.45 | lr: 1.13e-04 | left: 48s
step 07250 ( 80.4%) | loss: 0.544277 | trade:0.40 call:0.52 put:0.48 | ATM:0.56 OTM:0.44 | lr: 1.10e-04 | left: 47s
step 07300 ( 81.0%) | loss: 0.533362 | trade:0.45 call:0.57 put:0.43 | ATM:0.51 OTM:0.49 | lr: 1.06e-04 | left: 46s
step 07350 ( 81.5%) | loss: 0.538085 | trade:0.41 call:0.54 put:0.46 | ATM:0.55 OTM:0.45 | lr: 1.02e-04 | left: 44s
step 07400 ( 82.1%) | loss: 0.573040 | trade:0.42 call:0.60 put:0.40 | ATM:0.56 OTM:0.44 | lr: 9.75e-05 | left: 43s
step 07450 ( 82.6%) | loss: 0.567312 | trade:0.41 call:0.60 put:0.40 | ATM:0.56 OTM:0.44 | lr: 9.33e-05 | left: 42s
step 07500 ( 83.2%) | loss: 0.527842 | trade:0.40 call:0.55 put:0.45 | ATM:0.61 OTM:0.39 | lr: 8.91e-05 | left: 40s
step 07550 ( 83.8%) | loss: 0.549860 | trade:0.39 call:0.57 put:0.43 | ATM:0.57 OTM:0.43 | lr: 8.47e-05 | left: 39s
step 07600 ( 84.3%) | loss: 0.538392 | trade:0.42 call:0.57 put:0.43 | ATM:0.57 OTM:0.43 | lr: 8.04e-05 | left: 38s
step 07650 ( 84.9%) | loss: 0.544698 | trade:0.40 call:0.50 put:0.50 | ATM:0.52 OTM:0.48 | lr: 7.60e-05 | left: 36s
step 07700 ( 85.4%) | loss: 0.566658 | trade:0.42 call:0.61 put:0.39 | ATM:0.47 OTM:0.53 | lr: 7.16e-05 | left: 35s
step 07750 ( 86.0%) | loss: 0.526771 | trade:0.42 call:0.57 put:0.43 | ATM:0.55 OTM:0.45 | lr: 6.73e-05 | left: 34s
step 07800 ( 86.5%) | loss: 0.545052 | trade:0.43 call:0.53 put:0.47 | ATM:0.57 OTM:0.43 | lr: 6.29e-05 | left: 32s
step 07850 ( 87.1%) | loss: 0.563522 | trade:0.43 call:0.57 put:0.43 | ATM:0.57 OTM:0.43 | lr: 5.86e-05 | left: 31s
step 07900 ( 87.7%) | loss: 0.535875 | trade:0.40 call:0.57 put:0.43 | ATM:0.55 OTM:0.45 | lr: 5.44e-05 | left: 30s
step 07950 ( 88.2%) | loss: 0.513629 | trade:0.46 call:0.53 put:0.47 | ATM:0.46 OTM:0.54 | lr: 5.02e-05 | left: 28s
step 08000 ( 88.8%) | loss: 0.541202 | trade:0.45 call:0.46 put:0.54 | ATM:0.52 OTM:0.48 | lr: 4.61e-05 | left: 27s
step 08050 ( 89.3%) | loss: 0.554182 | trade:0.43 call:0.54 put:0.46 | ATM:0.56 OTM:0.44 | lr: 4.21e-05 | left: 26s
step 08100 ( 89.9%) | loss: 0.542612 | trade:0.42 call:0.52 put:0.48 | ATM:0.58 OTM:0.42 | lr: 3.82e-05 | left: 24s
step 08150 ( 90.4%) | loss: 0.539560 | trade:0.43 call:0.47 put:0.53 | ATM:0.55 OTM:0.45 | lr: 3.45e-05 | left: 23s
step 08200 ( 91.0%) | loss: 0.548043 | trade:0.45 call:0.49 put:0.51 | ATM:0.54 OTM:0.46 | lr: 3.09e-05 | left: 22s
step 08250 ( 91.6%) | loss: 0.527462 | trade:0.45 call:0.53 put:0.47 | ATM:0.48 OTM:0.52 | lr: 2.74e-05 | left: 20s
step 08300 ( 92.1%) | loss: 0.554086 | trade:0.36 call:0.63 put:0.37 | ATM:0.56 OTM:0.44 | lr: 2.41e-05 | left: 19s
step 08350 ( 92.7%) | loss: 0.558644 | trade:0.44 call:0.58 put:0.42 | ATM:0.51 OTM:0.49 | lr: 2.10e-05 | left: 18s
step 08400 ( 93.2%) | loss: 0.526564 | trade:0.40 call:0.57 put:0.43 | ATM:0.62 OTM:0.38 | lr: 1.80e-05 | left: 16s
step 08450 ( 93.8%) | loss: 0.551466 | trade:0.43 call:0.47 put:0.53 | ATM:0.52 OTM:0.48 | lr: 1.53e-05 | left: 15s
step 08500 ( 94.4%) | loss: 0.546438 | trade:0.42 call:0.52 put:0.48 | ATM:0.54 OTM:0.46 | lr: 1.27e-05 | left: 14s
step 08550 ( 94.9%) | loss: 0.538002 | trade:0.39 call:0.58 put:0.42 | ATM:0.61 OTM:0.39 | lr: 1.04e-05 | left: 12s
step 08600 ( 95.5%) | loss: 0.524654 | trade:0.39 call:0.52 put:0.48 | ATM:0.60 OTM:0.40 | lr: 8.29e-06 | left: 11s
step 08650 ( 96.0%) | loss: 0.519768 | trade:0.43 call:0.53 put:0.47 | ATM:0.50 OTM:0.50 | lr: 6.40e-06 | left: 10s
step 08700 ( 96.6%) | loss: 0.532261 | trade:0.44 call:0.46 put:0.54 | ATM:0.55 OTM:0.45 | lr: 4.74e-06 | left: 8s
step 08750 ( 97.1%) | loss: 0.523146 | trade:0.41 call:0.50 put:0.50 | ATM:0.56 OTM:0.44 | lr: 3.33e-06 | left: 7s
step 08800 ( 97.7%) | loss: 0.547412 | trade:0.42 call:0.54 put:0.46 | ATM:0.56 OTM:0.44 | lr: 2.18e-06 | left: 6s
step 08850 ( 98.2%) | loss: 0.539467 | trade:0.40 call:0.50 put:0.50 | ATM:0.60 OTM:0.40 | lr: 1.26e-06 | left: 4s
step 08900 ( 98.8%) | loss: 0.550086 | trade:0.40 call:0.63 put:0.37 | ATM:0.55 OTM:0.45 | lr: 5.85e-07 | left: 3s
step 08950 ( 99.3%) | loss: 0.534428 | trade:0.47 call:0.58 put:0.42 | ATM:0.45 OTM:0.55 | lr: 1.93e-07 | left: 2s
step 09000 ( 99.9%) | loss: 0.541267 | trade:0.42 call:0.61 put:0.39 | ATM:0.56 OTM:0.44 | lr: 6.79e-09 | left: 0s

Training done at 245s. Starting evaluation...
Evaluation done in 8s (total wall: 253s)
Model saved to /root/best_model.pt
Trade log: 132 trades -> /root/trade_log.csv

---
score:              0.430677
profit_factor:      2.012294
win_rate:           0.333333
avg_winner:         0.866766
avg_loser:          -0.215368
trades_per_day:     1.970149
max_consec_loss:    11
num_trades:         132
trade_sharpe:       3.196033
sortino:            24.416326
max_drawdown:       -3.634393
calmar:             5.278831
ev_per_trade:       0.145344
do_nothing_pct:     0.411273
exit_pct:           0.018431
model_exit_count:   86
cooldown_blocked:   173
pre_10am_blocked:   1050
short_hold_pct:     0.273000
stop_loss_rate:     0.326000
direction_collapse_pct: 0.356100
avg_entry_cost_bps: 292.445500
avg_entry_quality:  0.836400
cost_realism_coverage: 1.000000
high_cost_entry_rate: 0.265200
low_quality_entry_rate: 0.000000
actionable_bar_rate: 0.803300
risk_off_bar_rate:  0.000000
final_capital:      7607.40
equity_sharpe:      0.286000
max_equity_dd:      -0.584500
total_dollar_return:-0.239300
val_sharpe:         -8.415641
total_return:       19.185345
num_val_bars:       4666
num_val_days:       67
worst_chunk_pf:     0.46
rr_ratio:           4.0246
avg_hold_bars:      11.55
model_exit_rate:    0.6515
hit_ruin:           False
min_equity_frac:    0.4215
avg_risk_fraction:  0.1301
max_risk_fraction:  0.5901
trades_blocked_by_balance: 0
  Chunk 1: 2025-02-18..2025-06-04 | 28 trades | PF=0.46 | WR=17.9%
  Chunk 2: 2025-06-11..2025-08-13 | 32 trades | PF=2.19 | WR=34.4%
  Chunk 3: 2025-08-15..2025-09-17 | 27 trades | PF=2.81 | WR=48.1%
  Chunk 4: 2025-10-02..2025-12-04 | 27 trades | PF=2.36 | WR=33.3%
  Chunk 5: 2025-12-16..2026-03-17 | 18 trades | PF=2.79 | WR=33.3%
training_seconds:   240.0
total_seconds:      255.1
peak_vram_mb:       366.7
num_steps:          9012
num_params:         147,338
lookback:           120
depth:              3
d_model:            64
effective_lr:       0.00015
gate_label_smoothing:0.050000
dir_label_smoothing:0.050000
false_entry_penalty:2.000000
/opt/conda/lib/python3.11/site-packages/torch/nn/modules/transformer.py:379: UserWarning: enable_nested_tensor is True, but self.use_nested_tensor is False because encoder_layer.norm_first was True
  warnings.warn(
