Loading data from: /root/.cache/autoresearch-trading/features/data.pt
Loaded 382920 1-min bars, 32 features, 8 actions
  ~981 trading days
Training:   up to idx 268019
Validation: idx 268020-382919
  Option P&L coverage: 296720/382920 (77%)
Parameters: 146,290
Architecture: v4 simplified two-head (gate+dir) + balanced strike gating with adaptive position state influence
Training from scratch (v4: no warm-start).

Budget: 240s | Batch: 128 | Lookback: 120
LR: 0.00015 | Depth: 3 | d_model: 64 | ff_mult: 3
Dropout: 0.15 | Weight decay: 0.05
False entry penalty: 2.0x
Label smoothing: gate=0.05 dir=0.05
Loss weights: gate=1.0, dir=1.0, pnl=0.3, exit=0.5
Score tuning: R:R bonus=0.3, hold bonus=0.25, freq center=2.5, drawdown penalty=0.05
Position state adaptation strength: 0.4

step 00000 (  0.0%) | loss: 3.126163 | trade:0.31 call:0.47 put:0.53 | ATM:0.26 OTM:0.74 | lr: 0.00e+00 | left: 240s
step 00050 (  0.4%) | loss: 3.196530 | trade:0.32 call:0.46 put:0.54 | ATM:0.26 OTM:0.74 | lr: 5.66e-06 | left: 239s
step 00100 (  0.9%) | loss: 3.129564 | trade:0.34 call:0.48 put:0.52 | ATM:0.27 OTM:0.73 | lr: 1.40e-05 | left: 238s
step 00150 (  1.5%) | loss: 3.073808 | trade:0.38 call:0.48 put:0.52 | ATM:0.28 OTM:0.72 | lr: 2.23e-05 | left: 236s
step 00200 (  2.0%) | loss: 3.009750 | trade:0.43 call:0.49 put:0.51 | ATM:0.31 OTM:0.69 | lr: 2.99e-05 | left: 235s
step 00250 (  2.5%) | loss: 2.916529 | trade:0.43 call:0.53 put:0.47 | ATM:0.33 OTM:0.67 | lr: 3.82e-05 | left: 234s
step 00300 (  3.1%) | loss: 2.879562 | trade:0.44 call:0.53 put:0.47 | ATM:0.35 OTM:0.65 | lr: 4.63e-05 | left: 233s
step 00350 (  3.6%) | loss: 2.857345 | trade:0.45 call:0.53 put:0.47 | ATM:0.36 OTM:0.64 | lr: 5.45e-05 | left: 231s
step 00400 (  4.2%) | loss: 2.797832 | trade:0.44 call:0.53 put:0.47 | ATM:0.37 OTM:0.63 | lr: 6.27e-05 | left: 230s
step 00450 (  4.7%) | loss: 2.730958 | trade:0.42 call:0.53 put:0.47 | ATM:0.38 OTM:0.62 | lr: 7.10e-05 | left: 229s
step 00500 (  5.3%) | loss: 2.704590 | trade:0.43 call:0.53 put:0.47 | ATM:0.37 OTM:0.63 | lr: 7.91e-05 | left: 227s
step 00550 (  5.8%) | loss: 2.624883 | trade:0.44 call:0.53 put:0.47 | ATM:0.38 OTM:0.62 | lr: 8.74e-05 | left: 226s
step 00600 (  6.4%) | loss: 2.547635 | trade:0.43 call:0.52 put:0.48 | ATM:0.40 OTM:0.60 | lr: 9.56e-05 | left: 225s
step 00650 (  6.9%) | loss: 2.477314 | trade:0.46 call:0.54 put:0.46 | ATM:0.38 OTM:0.62 | lr: 1.04e-04 | left: 223s
step 00700 (  7.5%) | loss: 2.365197 | trade:0.42 call:0.56 put:0.44 | ATM:0.39 OTM:0.61 | lr: 1.12e-04 | left: 222s
step 00750 (  8.0%) | loss: 2.263941 | trade:0.41 call:0.61 put:0.39 | ATM:0.43 OTM:0.57 | lr: 1.20e-04 | left: 221s
step 00800 (  8.6%) | loss: 2.192089 | trade:0.43 call:0.52 put:0.48 | ATM:0.41 OTM:0.59 | lr: 1.28e-04 | left: 219s
step 00850 (  9.1%) | loss: 2.101496 | trade:0.42 call:0.59 put:0.41 | ATM:0.40 OTM:0.60 | lr: 1.37e-04 | left: 218s
step 00900 (  9.7%) | loss: 2.003286 | trade:0.43 call:0.55 put:0.45 | ATM:0.38 OTM:0.62 | lr: 1.45e-04 | left: 217s
step 00950 ( 10.2%) | loss: 1.894118 | trade:0.41 call:0.62 put:0.38 | ATM:0.41 OTM:0.59 | lr: 1.50e-04 | left: 215s
step 01000 ( 10.8%) | loss: 1.811562 | trade:0.43 call:0.61 put:0.39 | ATM:0.43 OTM:0.57 | lr: 1.50e-04 | left: 214s
step 01050 ( 11.3%) | loss: 1.730609 | trade:0.41 call:0.65 put:0.35 | ATM:0.45 OTM:0.55 | lr: 1.50e-04 | left: 213s
step 01100 ( 11.9%) | loss: 1.666249 | trade:0.43 call:0.65 put:0.35 | ATM:0.48 OTM:0.52 | lr: 1.50e-04 | left: 212s
step 01150 ( 12.4%) | loss: 1.582834 | trade:0.39 call:0.62 put:0.38 | ATM:0.44 OTM:0.56 | lr: 1.50e-04 | left: 210s
step 01200 ( 13.0%) | loss: 1.578479 | trade:0.43 call:0.63 put:0.37 | ATM:0.39 OTM:0.61 | lr: 1.50e-04 | left: 209s
step 01250 ( 13.5%) | loss: 1.479872 | trade:0.41 call:0.65 put:0.35 | ATM:0.47 OTM:0.53 | lr: 1.50e-04 | left: 208s
step 01300 ( 14.0%) | loss: 1.454408 | trade:0.34 call:0.66 put:0.34 | ATM:0.45 OTM:0.55 | lr: 1.50e-04 | left: 206s
step 01350 ( 14.6%) | loss: 1.395521 | trade:0.39 call:0.57 put:0.43 | ATM:0.44 OTM:0.56 | lr: 1.50e-04 | left: 205s
step 01400 ( 15.1%) | loss: 1.396941 | trade:0.41 call:0.58 put:0.42 | ATM:0.48 OTM:0.52 | lr: 1.50e-04 | left: 204s
step 01450 ( 15.7%) | loss: 1.362566 | trade:0.36 call:0.74 put:0.26 | ATM:0.48 OTM:0.52 | lr: 1.50e-04 | left: 202s
step 01500 ( 16.2%) | loss: 1.357185 | trade:0.42 call:0.63 put:0.37 | ATM:0.47 OTM:0.53 | lr: 1.50e-04 | left: 201s
step 01550 ( 16.8%) | loss: 1.285262 | trade:0.36 call:0.66 put:0.34 | ATM:0.48 OTM:0.52 | lr: 1.50e-04 | left: 200s
step 01600 ( 17.3%) | loss: 1.266661 | trade:0.42 call:0.65 put:0.35 | ATM:0.46 OTM:0.54 | lr: 1.50e-04 | left: 198s
step 01650 ( 17.9%) | loss: 1.287113 | trade:0.39 call:0.67 put:0.33 | ATM:0.52 OTM:0.48 | lr: 1.50e-04 | left: 197s
step 01700 ( 18.4%) | loss: 1.254863 | trade:0.36 call:0.64 put:0.36 | ATM:0.52 OTM:0.48 | lr: 1.50e-04 | left: 196s
step 01750 ( 19.0%) | loss: 1.205866 | trade:0.40 call:0.67 put:0.33 | ATM:0.55 OTM:0.45 | lr: 1.50e-04 | left: 194s
step 01800 ( 19.5%) | loss: 1.249618 | trade:0.32 call:0.67 put:0.33 | ATM:0.51 OTM:0.49 | lr: 1.50e-04 | left: 193s
step 01850 ( 20.1%) | loss: 1.194771 | trade:0.40 call:0.65 put:0.35 | ATM:0.53 OTM:0.47 | lr: 1.50e-04 | left: 192s
step 01900 ( 20.6%) | loss: 1.189166 | trade:0.41 call:0.65 put:0.35 | ATM:0.50 OTM:0.50 | lr: 1.50e-04 | left: 190s
step 01950 ( 21.2%) | loss: 1.195226 | trade:0.33 call:0.60 put:0.40 | ATM:0.52 OTM:0.48 | lr: 1.50e-04 | left: 189s
step 02000 ( 21.7%) | loss: 1.106753 | trade:0.33 call:0.68 put:0.32 | ATM:0.52 OTM:0.48 | lr: 1.50e-04 | left: 188s
step 02050 ( 22.3%) | loss: 1.186253 | trade:0.36 call:0.66 put:0.34 | ATM:0.53 OTM:0.47 | lr: 1.50e-04 | left: 186s
step 02100 ( 22.8%) | loss: 1.145607 | trade:0.35 call:0.67 put:0.33 | ATM:0.52 OTM:0.48 | lr: 1.50e-04 | left: 185s
step 02150 ( 23.4%) | loss: 1.146974 | trade:0.37 call:0.65 put:0.35 | ATM:0.51 OTM:0.49 | lr: 1.50e-04 | left: 184s
step 02200 ( 23.9%) | loss: 1.143937 | trade:0.42 call:0.62 put:0.38 | ATM:0.46 OTM:0.54 | lr: 1.50e-04 | left: 183s
step 02250 ( 24.4%) | loss: 1.119184 | trade:0.36 call:0.67 put:0.33 | ATM:0.57 OTM:0.43 | lr: 1.50e-04 | left: 181s
step 02300 ( 24.9%) | loss: 1.098579 | trade:0.35 call:0.64 put:0.36 | ATM:0.49 OTM:0.51 | lr: 1.50e-04 | left: 180s
step 02350 ( 25.5%) | loss: 1.086294 | trade:0.37 call:0.74 put:0.26 | ATM:0.56 OTM:0.44 | lr: 1.50e-04 | left: 179s
step 02400 ( 26.0%) | loss: 1.080917 | trade:0.34 call:0.74 put:0.26 | ATM:0.43 OTM:0.57 | lr: 1.50e-04 | left: 178s
step 02450 ( 26.6%) | loss: 1.118719 | trade:0.40 call:0.67 put:0.33 | ATM:0.51 OTM:0.49 | lr: 1.50e-04 | left: 176s
step 02500 ( 27.1%) | loss: 1.062979 | trade:0.40 call:0.61 put:0.39 | ATM:0.51 OTM:0.49 | lr: 1.50e-04 | left: 175s
step 02550 ( 27.7%) | loss: 1.080471 | trade:0.35 call:0.63 put:0.37 | ATM:0.54 OTM:0.46 | lr: 1.50e-04 | left: 174s
step 02600 ( 28.2%) | loss: 1.089567 | trade:0.35 call:0.60 put:0.40 | ATM:0.53 OTM:0.47 | lr: 1.50e-04 | left: 172s
step 02650 ( 28.8%) | loss: 1.076737 | trade:0.37 call:0.66 put:0.34 | ATM:0.54 OTM:0.46 | lr: 1.50e-04 | left: 171s
step 02700 ( 29.3%) | loss: 1.097775 | trade:0.33 call:0.64 put:0.36 | ATM:0.53 OTM:0.47 | lr: 1.50e-04 | left: 170s
step 02750 ( 29.9%) | loss: 1.102511 | trade:0.37 call:0.58 put:0.42 | ATM:0.51 OTM:0.49 | lr: 1.50e-04 | left: 168s
step 02800 ( 30.4%) | loss: 1.069106 | trade:0.38 call:0.63 put:0.37 | ATM:0.57 OTM:0.43 | lr: 1.50e-04 | left: 167s
step 02850 ( 30.9%) | loss: 1.039608 | trade:0.30 call:0.67 put:0.33 | ATM:0.60 OTM:0.40 | lr: 1.50e-04 | left: 166s
step 02900 ( 31.5%) | loss: 1.006398 | trade:0.38 call:0.63 put:0.37 | ATM:0.56 OTM:0.44 | lr: 1.50e-04 | left: 164s
step 02950 ( 32.0%) | loss: 1.052624 | trade:0.38 call:0.61 put:0.39 | ATM:0.59 OTM:0.41 | lr: 1.50e-04 | left: 163s
step 03000 ( 32.6%) | loss: 1.031280 | trade:0.41 call:0.61 put:0.39 | ATM:0.57 OTM:0.43 | lr: 1.50e-04 | left: 162s
step 03050 ( 33.1%) | loss: 1.035498 | trade:0.39 call:0.67 put:0.33 | ATM:0.59 OTM:0.41 | lr: 1.50e-04 | left: 160s
step 03100 ( 33.7%) | loss: 1.014086 | trade:0.40 call:0.67 put:0.33 | ATM:0.60 OTM:0.40 | lr: 1.50e-04 | left: 159s
step 03150 ( 34.2%) | loss: 1.031996 | trade:0.36 call:0.66 put:0.34 | ATM:0.56 OTM:0.44 | lr: 1.50e-04 | left: 158s
step 03200 ( 34.8%) | loss: 1.040981 | trade:0.36 call:0.67 put:0.33 | ATM:0.54 OTM:0.46 | lr: 1.50e-04 | left: 157s
step 03250 ( 35.3%) | loss: 1.028870 | trade:0.30 call:0.67 put:0.33 | ATM:0.59 OTM:0.41 | lr: 1.50e-04 | left: 155s
step 03300 ( 35.9%) | loss: 1.017220 | trade:0.38 call:0.70 put:0.30 | ATM:0.59 OTM:0.41 | lr: 1.50e-04 | left: 154s
step 03350 ( 36.2%) | loss: 1.009643 | trade:0.30 call:0.60 put:0.40 | ATM:0.63 OTM:0.37 | lr: 1.50e-04 | left: 153s
step 03400 ( 36.4%) | loss: 1.011015 | trade:0.36 call:0.64 put:0.36 | ATM:0.59 OTM:0.41 | lr: 1.50e-04 | left: 153s
step 03450 ( 36.7%) | loss: 0.974537 | trade:0.34 call:0.68 put:0.32 | ATM:0.54 OTM:0.46 | lr: 1.50e-04 | left: 152s
step 03500 ( 37.1%) | loss: 1.019063 | trade:0.32 call:0.67 put:0.33 | ATM:0.56 OTM:0.44 | lr: 1.50e-04 | left: 151s
step 03550 ( 37.4%) | loss: 1.008102 | trade:0.36 call:0.66 put:0.34 | ATM:0.57 OTM:0.43 | lr: 1.50e-04 | left: 150s
step 03600 ( 37.7%) | loss: 1.014534 | trade:0.35 call:0.65 put:0.35 | ATM:0.59 OTM:0.41 | lr: 1.50e-04 | left: 149s
step 03650 ( 38.1%) | loss: 1.019811 | trade:0.30 call:0.67 put:0.33 | ATM:0.58 OTM:0.42 | lr: 1.50e-04 | left: 149s
step 03700 ( 38.4%) | loss: 1.004395 | trade:0.34 call:0.65 put:0.35 | ATM:0.59 OTM:0.41 | lr: 1.50e-04 | left: 148s
step 03750 ( 38.8%) | loss: 1.052473 | trade:0.28 call:0.70 put:0.30 | ATM:0.65 OTM:0.35 | lr: 1.50e-04 | left: 147s
step 03800 ( 39.4%) | loss: 0.996213 | trade:0.38 call:0.63 put:0.37 | ATM:0.58 OTM:0.42 | lr: 1.50e-04 | left: 145s
step 03850 ( 39.9%) | loss: 0.975376 | trade:0.35 call:0.64 put:0.36 | ATM:0.58 OTM:0.42 | lr: 1.50e-04 | left: 144s
step 03900 ( 40.5%) | loss: 0.989284 | trade:0.44 call:0.60 put:0.40 | ATM:0.59 OTM:0.41 | lr: 1.50e-04 | left: 143s
step 03950 ( 41.1%) | loss: 0.980078 | trade:0.28 call:0.71 put:0.29 | ATM:0.59 OTM:0.41 | lr: 1.50e-04 | left: 141s
step 04000 ( 41.6%) | loss: 0.975376 | trade:0.36 call:0.69 put:0.31 | ATM:0.59 OTM:0.41 | lr: 1.50e-04 | left: 140s
step 04050 ( 42.2%) | loss: 0.984411 | trade:0.36 call:0.65 put:0.35 | ATM:0.58 OTM:0.42 | lr: 1.50e-04 | left: 139s
step 04100 ( 42.7%) | loss: 0.968209 | trade:0.31 call:0.68 put:0.32 | ATM:0.61 OTM:0.39 | lr: 1.50e-04 | left: 137s
step 04150 ( 43.2%) | loss: 0.949497 | trade:0.34 call:0.59 put:0.41 | ATM:0.68 OTM:0.32 | lr: 1.50e-04 | left: 136s
step 04200 ( 43.5%) | loss: 0.966322 | trade:0.30 call:0.67 put:0.33 | ATM:0.63 OTM:0.37 | lr: 1.50e-04 | left: 135s
step 04250 ( 44.1%) | loss: 0.967483 | trade:0.33 call:0.62 put:0.38 | ATM:0.62 OTM:0.38 | lr: 1.50e-04 | left: 134s
step 04300 ( 44.6%) | loss: 0.963509 | trade:0.40 call:0.63 put:0.37 | ATM:0.58 OTM:0.42 | lr: 1.50e-04 | left: 133s
step 04350 ( 45.2%) | loss: 0.968472 | trade:0.30 call:0.68 put:0.32 | ATM:0.65 OTM:0.35 | lr: 1.50e-04 | left: 132s
step 04400 ( 45.7%) | loss: 0.962507 | trade:0.34 call:0.66 put:0.34 | ATM:0.58 OTM:0.42 | lr: 1.50e-04 | left: 130s
step 04450 ( 46.3%) | loss: 0.945858 | trade:0.38 call:0.69 put:0.31 | ATM:0.63 OTM:0.37 | lr: 1.50e-04 | left: 129s
step 04500 ( 46.8%) | loss: 0.965123 | trade:0.35 call:0.64 put:0.36 | ATM:0.64 OTM:0.36 | lr: 1.50e-04 | left: 128s
step 04550 ( 47.3%) | loss: 0.935761 | trade:0.38 call:0.59 put:0.41 | ATM:0.59 OTM:0.41 | lr: 1.50e-04 | left: 126s
step 04600 ( 47.9%) | loss: 0.957828 | trade:0.36 call:0.64 put:0.36 | ATM:0.58 OTM:0.42 | lr: 1.50e-04 | left: 125s
step 04650 ( 48.4%) | loss: 0.949687 | trade:0.36 call:0.60 put:0.40 | ATM:0.58 OTM:0.42 | lr: 1.50e-04 | left: 124s
step 04700 ( 48.9%) | loss: 0.962579 | trade:0.40 call:0.66 put:0.34 | ATM:0.61 OTM:0.39 | lr: 1.50e-04 | left: 123s
step 04750 ( 49.4%) | loss: 0.956973 | trade:0.34 call:0.62 put:0.38 | ATM:0.64 OTM:0.36 | lr: 1.50e-04 | left: 121s
step 04800 ( 50.0%) | loss: 0.931900 | trade:0.39 call:0.62 put:0.38 | ATM:0.56 OTM:0.44 | lr: 1.50e-04 | left: 120s
step 04850 ( 50.5%) | loss: 0.934973 | trade:0.40 call:0.64 put:0.36 | ATM:0.63 OTM:0.37 | lr: 1.50e-04 | left: 119s
step 04900 ( 51.1%) | loss: 0.925411 | trade:0.31 call:0.66 put:0.34 | ATM:0.68 OTM:0.32 | lr: 1.50e-04 | left: 117s
step 04950 ( 51.6%) | loss: 0.978557 | trade:0.36 call:0.62 put:0.38 | ATM:0.62 OTM:0.38 | lr: 1.50e-04 | left: 116s
step 05000 ( 52.2%) | loss: 0.966402 | trade:0.38 call:0.62 put:0.38 | ATM:0.63 OTM:0.37 | lr: 1.50e-04 | left: 115s
step 05050 ( 52.7%) | loss: 0.938713 | trade:0.36 call:0.67 put:0.33 | ATM:0.54 OTM:0.46 | lr: 1.50e-04 | left: 113s
step 05100 ( 53.3%) | loss: 0.966384 | trade:0.34 call:0.66 put:0.34 | ATM:0.65 OTM:0.35 | lr: 1.50e-04 | left: 112s
step 05150 ( 53.7%) | loss: 0.925526 | trade:0.41 call:0.60 put:0.40 | ATM:0.64 OTM:0.36 | lr: 1.50e-04 | left: 111s
step 05200 ( 54.2%) | loss: 0.930946 | trade:0.32 call:0.68 put:0.32 | ATM:0.60 OTM:0.40 | lr: 1.50e-04 | left: 110s
step 05250 ( 54.8%) | loss: 0.936969 | trade:0.31 call:0.67 put:0.33 | ATM:0.65 OTM:0.35 | lr: 1.50e-04 | left: 109s
step 05300 ( 55.3%) | loss: 0.937526 | trade:0.31 call:0.71 put:0.29 | ATM:0.63 OTM:0.37 | lr: 1.50e-04 | left: 107s
step 05350 ( 55.8%) | loss: 0.949736 | trade:0.29 call:0.69 put:0.31 | ATM:0.67 OTM:0.33 | lr: 1.50e-04 | left: 106s
step 05400 ( 56.4%) | loss: 0.931822 | trade:0.39 call:0.61 put:0.39 | ATM:0.56 OTM:0.44 | lr: 1.50e-04 | left: 105s
step 05450 ( 56.9%) | loss: 0.899335 | trade:0.39 call:0.60 put:0.40 | ATM:0.61 OTM:0.39 | lr: 1.50e-04 | left: 103s
step 05500 ( 57.5%) | loss: 0.903013 | trade:0.36 call:0.57 put:0.43 | ATM:0.63 OTM:0.37 | lr: 1.50e-04 | left: 102s
step 05550 ( 58.0%) | loss: 0.941544 | trade:0.34 call:0.61 put:0.39 | ATM:0.69 OTM:0.31 | lr: 1.50e-04 | left: 101s
step 05600 ( 58.6%) | loss: 0.919049 | trade:0.36 call:0.67 put:0.33 | ATM:0.63 OTM:0.37 | lr: 1.50e-04 | left: 99s
step 05650 ( 59.1%) | loss: 0.918641 | trade:0.32 call:0.67 put:0.33 | ATM:0.70 OTM:0.30 | lr: 1.50e-04 | left: 98s
step 05700 ( 59.7%) | loss: 0.917656 | trade:0.40 call:0.67 put:0.33 | ATM:0.63 OTM:0.37 | lr: 1.50e-04 | left: 97s
step 05750 ( 60.2%) | loss: 0.897488 | trade:0.35 call:0.63 put:0.37 | ATM:0.60 OTM:0.40 | lr: 1.50e-04 | left: 95s
step 05800 ( 60.5%) | loss: 0.914244 | trade:0.34 call:0.66 put:0.34 | ATM:0.68 OTM:0.32 | lr: 1.50e-04 | left: 95s
step 05850 ( 60.7%) | loss: 0.901451 | trade:0.33 call:0.64 put:0.36 | ATM:0.64 OTM:0.36 | lr: 1.50e-04 | left: 94s
step 05900 ( 61.0%) | loss: 0.920729 | trade:0.38 call:0.62 put:0.38 | ATM:0.65 OTM:0.35 | lr: 1.50e-04 | left: 94s
step 05950 ( 61.2%) | loss: 0.895379 | trade:0.34 call:0.56 put:0.44 | ATM:0.67 OTM:0.33 | lr: 1.50e-04 | left: 93s
step 06000 ( 61.4%) | loss: 0.921976 | trade:0.36 call:0.64 put:0.36 | ATM:0.64 OTM:0.36 | lr: 1.50e-04 | left: 93s
step 06050 ( 61.6%) | loss: 0.933666 | trade:0.34 call:0.63 put:0.37 | ATM:0.63 OTM:0.37 | lr: 1.50e-04 | left: 92s
step 06100 ( 61.9%) | loss: 0.914327 | trade:0.32 call:0.59 put:0.41 | ATM:0.62 OTM:0.38 | lr: 1.50e-04 | left: 92s
step 06150 ( 62.1%) | loss: 0.900553 | trade:0.28 call:0.63 put:0.37 | ATM:0.63 OTM:0.37 | lr: 1.50e-04 | left: 91s
step 06200 ( 62.4%) | loss: 0.886447 | trade:0.34 call:0.55 put:0.45 | ATM:0.63 OTM:0.37 | lr: 1.50e-04 | left: 90s
step 06250 ( 62.6%) | loss: 0.891458 | trade:0.35 call:0.70 put:0.30 | ATM:0.70 OTM:0.30 | lr: 1.50e-04 | left: 90s
step 06300 ( 62.9%) | loss: 0.888403 | trade:0.37 call:0.60 put:0.40 | ATM:0.62 OTM:0.38 | lr: 1.50e-04 | left: 89s
step 06350 ( 63.1%) | loss: 0.902829 | trade:0.32 call:0.66 put:0.34 | ATM:0.67 OTM:0.33 | lr: 1.50e-04 | left: 88s
step 06400 ( 63.4%) | loss: 0.906510 | trade:0.36 call:0.63 put:0.37 | ATM:0.68 OTM:0.32 | lr: 1.50e-04 | left: 88s
step 06450 ( 63.6%) | loss: 0.898265 | trade:0.33 call:0.57 put:0.43 | ATM:0.62 OTM:0.38 | lr: 1.50e-04 | left: 87s
step 06500 ( 64.0%) | loss: 0.898088 | trade:0.31 call:0.58 put:0.42 | ATM:0.64 OTM:0.36 | lr: 1.50e-04 | left: 86s
step 06550 ( 64.4%) | loss: 0.886257 | trade:0.36 call:0.63 put:0.37 | ATM:0.61 OTM:0.39 | lr: 1.50e-04 | left: 86s
step 06600 ( 64.7%) | loss: 0.892974 | trade:0.37 call:0.63 put:0.37 | ATM:0.63 OTM:0.37 | lr: 1.50e-04 | left: 85s
step 06650 ( 65.0%) | loss: 0.877698 | trade:0.36 call:0.62 put:0.38 | ATM:0.67 OTM:0.33 | lr: 1.50e-04 | left: 84s
step 06700 ( 65.5%) | loss: 0.885247 | trade:0.37 call:0.68 put:0.32 | ATM:0.66 OTM:0.34 | lr: 1.50e-04 | left: 83s
step 06750 ( 65.9%) | loss: 0.873113 | trade:0.39 call:0.63 put:0.37 | ATM:0.58 OTM:0.42 | lr: 1.50e-04 | left: 82s
step 06800 ( 66.2%) | loss: 0.909631 | trade:0.35 call:0.57 put:0.43 | ATM:0.61 OTM:0.39 | lr: 1.50e-04 | left: 81s
step 06850 ( 66.4%) | loss: 0.878058 | trade:0.32 call:0.61 put:0.39 | ATM:0.65 OTM:0.35 | lr: 1.50e-04 | left: 81s
step 06900 ( 66.7%) | loss: 0.880194 | trade:0.35 call:0.57 put:0.43 | ATM:0.64 OTM:0.36 | lr: 1.50e-04 | left: 80s
step 06950 ( 66.9%) | loss: 0.905800 | trade:0.30 call:0.64 put:0.36 | ATM:0.74 OTM:0.26 | lr: 1.50e-04 | left: 80s
step 07000 ( 67.1%) | loss: 0.898540 | trade:0.36 call:0.57 put:0.43 | ATM:0.59 OTM:0.41 | lr: 1.50e-04 | left: 79s
step 07050 ( 67.4%) | loss: 0.894025 | trade:0.30 call:0.58 put:0.42 | ATM:0.67 OTM:0.33 | lr: 1.50e-04 | left: 78s
step 07100 ( 67.6%) | loss: 0.884158 | trade:0.31 call:0.63 put:0.37 | ATM:0.64 OTM:0.36 | lr: 1.50e-04 | left: 78s
step 07150 ( 67.8%) | loss: 0.860268 | trade:0.34 call:0.61 put:0.39 | ATM:0.63 OTM:0.37 | lr: 1.50e-04 | left: 77s
step 07200 ( 68.0%) | loss: 0.844498 | trade:0.32 call:0.61 put:0.39 | ATM:0.64 OTM:0.36 | lr: 1.50e-04 | left: 77s
step 07250 ( 68.3%) | loss: 0.875700 | trade:0.34 call:0.62 put:0.38 | ATM:0.60 OTM:0.40 | lr: 1.50e-04 | left: 76s
step 07300 ( 68.5%) | loss: 0.859684 | trade:0.40 call:0.62 put:0.38 | ATM:0.63 OTM:0.37 | lr: 1.50e-04 | left: 76s
step 07350 ( 68.9%) | loss: 0.867746 | trade:0.30 call:0.60 put:0.40 | ATM:0.67 OTM:0.33 | lr: 1.50e-04 | left: 75s
step 07400 ( 69.1%) | loss: 0.894441 | trade:0.33 call:0.61 put:0.39 | ATM:0.68 OTM:0.32 | lr: 1.50e-04 | left: 74s
step 07450 ( 69.4%) | loss: 0.888712 | trade:0.34 call:0.66 put:0.34 | ATM:0.71 OTM:0.29 | lr: 1.50e-04 | left: 74s
step 07500 ( 69.6%) | loss: 0.853809 | trade:0.32 call:0.62 put:0.38 | ATM:0.63 OTM:0.37 | lr: 1.50e-04 | left: 73s
step 07550 ( 69.8%) | loss: 0.866583 | trade:0.27 call:0.62 put:0.38 | ATM:0.72 OTM:0.28 | lr: 1.50e-04 | left: 72s
step 07600 ( 70.1%) | loss: 0.875031 | trade:0.34 call:0.60 put:0.40 | ATM:0.63 OTM:0.37 | lr: 1.50e-04 | left: 72s
step 07650 ( 70.6%) | loss: 0.890653 | trade:0.31 call:0.57 put:0.43 | ATM:0.62 OTM:0.38 | lr: 1.50e-04 | left: 70s
step 07700 ( 71.1%) | loss: 0.894476 | trade:0.33 call:0.66 put:0.34 | ATM:0.62 OTM:0.38 | lr: 1.50e-04 | left: 69s
step 07750 ( 71.3%) | loss: 0.856348 | trade:0.37 call:0.59 put:0.41 | ATM:0.65 OTM:0.35 | lr: 1.49e-04 | left: 69s
step 07800 ( 71.6%) | loss: 0.858801 | trade:0.33 call:0.58 put:0.42 | ATM:0.67 OTM:0.33 | lr: 1.49e-04 | left: 68s
step 07850 ( 71.9%) | loss: 0.897398 | trade:0.37 call:0.58 put:0.42 | ATM:0.67 OTM:0.33 | lr: 1.48e-04 | left: 67s
step 07900 ( 72.3%) | loss: 0.881173 | trade:0.36 call:0.66 put:0.34 | ATM:0.61 OTM:0.39 | lr: 1.48e-04 | left: 67s
step 07950 ( 72.5%) | loss: 0.833974 | trade:0.41 call:0.56 put:0.44 | ATM:0.59 OTM:0.41 | lr: 1.47e-04 | left: 66s
step 08000 ( 72.7%) | loss: 0.880112 | trade:0.35 call:0.53 put:0.47 | ATM:0.69 OTM:0.31 | lr: 1.47e-04 | left: 65s
step 08050 ( 73.0%) | loss: 0.879572 | trade:0.38 call:0.60 put:0.40 | ATM:0.61 OTM:0.39 | lr: 1.46e-04 | left: 65s
step 08100 ( 73.2%) | loss: 0.841887 | trade:0.33 call:0.58 put:0.42 | ATM:0.72 OTM:0.28 | lr: 1.46e-04 | left: 64s
step 08150 ( 73.4%) | loss: 0.866264 | trade:0.34 call:0.55 put:0.45 | ATM:0.61 OTM:0.39 | lr: 1.45e-04 | left: 64s
step 08200 ( 73.7%) | loss: 0.866241 | trade:0.37 call:0.58 put:0.42 | ATM:0.63 OTM:0.37 | lr: 1.45e-04 | left: 63s
step 08250 ( 74.0%) | loss: 0.870773 | trade:0.43 call:0.60 put:0.40 | ATM:0.57 OTM:0.43 | lr: 1.44e-04 | left: 62s
step 08300 ( 74.2%) | loss: 0.885460 | trade:0.28 call:0.67 put:0.33 | ATM:0.67 OTM:0.33 | lr: 1.43e-04 | left: 62s
step 08350 ( 74.6%) | loss: 0.893189 | trade:0.38 call:0.61 put:0.39 | ATM:0.64 OTM:0.36 | lr: 1.41e-04 | left: 61s
step 08400 ( 75.1%) | loss: 0.842430 | trade:0.35 call:0.61 put:0.39 | ATM:0.68 OTM:0.32 | lr: 1.39e-04 | left: 60s
step 08450 ( 75.7%) | loss: 0.867275 | trade:0.33 call:0.55 put:0.45 | ATM:0.61 OTM:0.39 | lr: 1.37e-04 | left: 58s
step 08500 ( 76.1%) | loss: 0.854394 | trade:0.38 call:0.55 put:0.45 | ATM:0.62 OTM:0.38 | lr: 1.35e-04 | left: 57s
step 08550 ( 76.3%) | loss: 0.834582 | trade:0.35 call:0.64 put:0.36 | ATM:0.69 OTM:0.31 | lr: 1.34e-04 | left: 57s
step 08600 ( 76.7%) | loss: 0.847489 | trade:0.34 call:0.63 put:0.37 | ATM:0.62 OTM:0.38 | lr: 1.32e-04 | left: 56s
step 08650 ( 77.2%) | loss: 0.819426 | trade:0.32 call:0.58 put:0.42 | ATM:0.60 OTM:0.40 | lr: 1.30e-04 | left: 55s
step 08700 ( 77.8%) | loss: 0.826941 | trade:0.38 call:0.57 put:0.43 | ATM:0.62 OTM:0.38 | lr: 1.27e-04 | left: 53s
step 08750 ( 78.3%) | loss: 0.838047 | trade:0.36 call:0.60 put:0.40 | ATM:0.64 OTM:0.36 | lr: 1.23e-04 | left: 52s
step 08800 ( 78.8%) | loss: 0.845405 | trade:0.36 call:0.63 put:0.37 | ATM:0.65 OTM:0.35 | lr: 1.20e-04 | left: 51s
step 08850 ( 79.4%) | loss: 0.852288 | trade:0.31 call:0.58 put:0.42 | ATM:0.73 OTM:0.27 | lr: 1.17e-04 | left: 49s
step 08900 ( 79.9%) | loss: 0.855149 | trade:0.32 call:0.62 put:0.38 | ATM:0.61 OTM:0.39 | lr: 1.13e-04 | left: 48s
step 08950 ( 80.5%) | loss: 0.853730 | trade:0.39 call:0.64 put:0.36 | ATM:0.60 OTM:0.40 | lr: 1.09e-04 | left: 47s
step 09000 ( 81.0%) | loss: 0.818089 | trade:0.31 call:0.65 put:0.35 | ATM:0.66 OTM:0.34 | lr: 1.05e-04 | left: 45s
step 09050 ( 81.6%) | loss: 0.837653 | trade:0.41 call:0.57 put:0.43 | ATM:0.59 OTM:0.41 | lr: 1.01e-04 | left: 44s
step 09100 ( 82.1%) | loss: 0.862385 | trade:0.36 call:0.62 put:0.38 | ATM:0.66 OTM:0.34 | lr: 9.71e-05 | left: 43s
step 09150 ( 82.7%) | loss: 0.822561 | trade:0.32 call:0.61 put:0.39 | ATM:0.70 OTM:0.30 | lr: 9.30e-05 | left: 42s
step 09200 ( 83.2%) | loss: 0.843032 | trade:0.33 call:0.60 put:0.40 | ATM:0.69 OTM:0.31 | lr: 8.88e-05 | left: 40s
step 09250 ( 83.8%) | loss: 0.807294 | trade:0.34 call:0.60 put:0.40 | ATM:0.72 OTM:0.28 | lr: 8.46e-05 | left: 39s
step 09300 ( 84.1%) | loss: 0.826237 | trade:0.33 call:0.64 put:0.36 | ATM:0.66 OTM:0.34 | lr: 8.19e-05 | left: 38s
step 09350 ( 84.7%) | loss: 0.840688 | trade:0.37 call:0.65 put:0.35 | ATM:0.68 OTM:0.32 | lr: 7.76e-05 | left: 37s
step 09400 ( 85.2%) | loss: 0.835437 | trade:0.33 call:0.62 put:0.38 | ATM:0.70 OTM:0.30 | lr: 7.33e-05 | left: 35s
step 09450 ( 85.8%) | loss: 0.802486 | trade:0.35 call:0.63 put:0.37 | ATM:0.66 OTM:0.34 | lr: 6.90e-05 | left: 34s
step 09500 ( 86.3%) | loss: 0.832389 | trade:0.37 call:0.56 put:0.44 | ATM:0.66 OTM:0.34 | lr: 6.48e-05 | left: 33s
step 09550 ( 86.7%) | loss: 0.805905 | trade:0.38 call:0.65 put:0.35 | ATM:0.63 OTM:0.37 | lr: 6.18e-05 | left: 32s
step 09600 ( 87.2%) | loss: 0.843528 | trade:0.35 call:0.60 put:0.40 | ATM:0.58 OTM:0.42 | lr: 5.76e-05 | left: 31s
step 09650 ( 87.8%) | loss: 0.841445 | trade:0.38 call:0.58 put:0.42 | ATM:0.64 OTM:0.36 | lr: 5.34e-05 | left: 29s
step 09700 ( 88.3%) | loss: 0.831833 | trade:0.37 call:0.59 put:0.41 | ATM:0.64 OTM:0.36 | lr: 4.94e-05 | left: 28s
step 09750 ( 88.9%) | loss: 0.830516 | trade:0.30 call:0.60 put:0.40 | ATM:0.70 OTM:0.30 | lr: 4.54e-05 | left: 27s
step 09800 ( 89.4%) | loss: 0.790815 | trade:0.30 call:0.61 put:0.39 | ATM:0.68 OTM:0.32 | lr: 4.15e-05 | left: 25s
step 09850 ( 89.9%) | loss: 0.799199 | trade:0.35 call:0.50 put:0.50 | ATM:0.66 OTM:0.34 | lr: 3.79e-05 | left: 24s
step 09900 ( 90.5%) | loss: 0.833769 | trade:0.31 call:0.61 put:0.39 | ATM:0.70 OTM:0.30 | lr: 3.42e-05 | left: 23s
step 09950 ( 91.0%) | loss: 0.819338 | trade:0.34 call:0.62 put:0.38 | ATM:0.72 OTM:0.28 | lr: 3.06e-05 | left: 21s
step 10000 ( 91.6%) | loss: 0.836868 | trade:0.37 call:0.56 put:0.44 | ATM:0.68 OTM:0.32 | lr: 2.73e-05 | left: 20s
step 10050 ( 92.1%) | loss: 0.818696 | trade:0.33 call:0.61 put:0.39 | ATM:0.63 OTM:0.37 | lr: 2.40e-05 | left: 19s
step 10100 ( 92.7%) | loss: 0.807009 | trade:0.34 call:0.55 put:0.45 | ATM:0.70 OTM:0.30 | lr: 2.09e-05 | left: 18s
step 10150 ( 93.2%) | loss: 0.831407 | trade:0.35 call:0.62 put:0.38 | ATM:0.65 OTM:0.35 | lr: 1.80e-05 | left: 16s
step 10200 ( 93.8%) | loss: 0.806852 | trade:0.37 call:0.62 put:0.38 | ATM:0.64 OTM:0.36 | lr: 1.53e-05 | left: 15s
step 10250 ( 94.3%) | loss: 0.792983 | trade:0.36 call:0.58 put:0.42 | ATM:0.64 OTM:0.36 | lr: 1.28e-05 | left: 14s
step 10300 ( 94.9%) | loss: 0.803643 | trade:0.29 call:0.59 put:0.41 | ATM:0.67 OTM:0.33 | lr: 1.05e-05 | left: 12s
step 10350 ( 95.4%) | loss: 0.810386 | trade:0.33 call:0.63 put:0.37 | ATM:0.67 OTM:0.33 | lr: 8.39e-06 | left: 11s
step 10400 ( 96.0%) | loss: 0.809498 | trade:0.33 call:0.62 put:0.38 | ATM:0.66 OTM:0.34 | lr: 6.51e-06 | left: 10s
step 10450 ( 96.5%) | loss: 0.798940 | trade:0.31 call:0.63 put:0.37 | ATM:0.70 OTM:0.30 | lr: 5.08e-06 | left: 8s
step 10500 ( 97.0%) | loss: 0.842773 | trade:0.30 call:0.62 put:0.38 | ATM:0.68 OTM:0.32 | lr: 3.65e-06 | left: 7s
step 10550 ( 97.4%) | loss: 0.813063 | trade:0.32 call:0.58 put:0.42 | ATM:0.60 OTM:0.40 | lr: 2.79e-06 | left: 6s
step 10600 ( 97.9%) | loss: 0.819305 | trade:0.32 call:0.62 put:0.38 | ATM:0.70 OTM:0.30 | lr: 1.80e-06 | left: 5s
step 10650 ( 98.4%) | loss: 0.818738 | trade:0.29 call:0.61 put:0.39 | ATM:0.67 OTM:0.33 | lr: 9.89e-07 | left: 4s
step 10700 ( 99.0%) | loss: 0.847319 | trade:0.38 call:0.63 put:0.37 | ATM:0.63 OTM:0.37 | lr: 4.16e-07 | left: 2s
step 10750 ( 99.5%) | loss: 0.805116 | trade:0.31 call:0.53 put:0.47 | ATM:0.65 OTM:0.35 | lr: 8.67e-08 | left: 1s

Training done at 245s. Starting evaluation...
Evaluation done in 9s (total wall: 254s)
Model saved to /root/best_model.pt
Trade log: 92 trades -> /root/trade_log.csv

---
score:              -0.068334
profit_factor:      0.901425
win_rate:           0.260870
avg_winner:         0.578620
avg_loser:          -0.226551
trades_per_day:     1.415385
max_consec_loss:    9
num_trades:         92
trade_sharpe:       -0.484405
sortino:            -2.951898
max_drawdown:       -8.748873
calmar:             -0.173576
ev_per_trade:       -0.016506
do_nothing_pct:     0.611883
exit_pct:           0.011435
model_exit_count:   51
cooldown_blocked:   175
pre_10am_blocked:   573
short_hold_pct:     0.250000
stop_loss_rate:     0.446000
direction_collapse_pct: 0.315200
avg_entry_cost_bps: 216.489800
avg_entry_quality:  0.852900
cost_realism_coverage: 1.010900
high_cost_entry_rate: 0.260900
low_quality_entry_rate: 0.000000
actionable_bar_rate: 0.829100
risk_off_bar_rate:  0.000000
final_capital:      3796.75
equity_sharpe:      0.817200
max_equity_dd:      -0.930900
total_dollar_return:-0.620300
val_sharpe:         -33.341971
total_return:       -1.518597
num_val_bars:       4460
num_val_days:       65
worst_chunk_pf:     0.12
rr_ratio:           2.5540
avg_hold_bars:      10.30
model_exit_rate:    0.5543
hit_ruin:           True
min_equity_frac:    0.0691
avg_risk_fraction:  0.2574
max_risk_fraction:  0.9733
trades_blocked_by_balance: 24
  Chunk 1: 2025-02-18..2025-05-14 | 14 trades | PF=0.12 | WR=14.3%
  Chunk 2: 2025-05-28..2025-07-31 | 15 trades | PF=0.29 | WR=20.0%
  Chunk 3: 2025-08-01..2025-09-16 | 15 trades | PF=0.40 | WR=20.0%
  Chunk 4: 2025-10-02..2025-12-02 | 26 trades | PF=1.67 | WR=34.6%
  Chunk 5: 2025-12-04..2026-03-12 | 22 trades | PF=1.78 | WR=31.8%
training_seconds:   240.0
total_seconds:      256.1
peak_vram_mb:       357.0
num_steps:          10792
num_params:         146,290
lookback:           120
depth:              3
d_model:            64
effective_lr:       0.00015
gate_label_smoothing:0.050000
dir_label_smoothing:0.050000
false_entry_penalty:2.000000
/opt/conda/lib/python3.11/site-packages/torch/nn/modules/transformer.py:379: UserWarning: enable_nested_tensor is True, but self.use_nested_tensor is False because encoder_layer.norm_first was True
  warnings.warn(
