Loading data from: /root/.cache/autoresearch-trading/features/data.pt
Loaded 382920 1-min bars, 32 features, 8 actions
  ~981 trading days
Training:   up to idx 268019
Validation: idx 268020-382919
  Option P&L coverage: 296720/382920 (77%)
Parameters: 146,265
Architecture: v4 simplified two-head (gate+dir) + less aggressive balanced strike gating
Training from scratch (v4: no warm-start).

Budget: 240s | Batch: 128 | Lookback: 120
LR: 0.00015 | Depth: 3 | d_model: 64 | ff_mult: 3
Dropout: 0.15 | Weight decay: 0.05
False entry penalty: 2.0x
Label smoothing: gate=0.05 dir=0.05

step 00000 (  0.0%) | loss: 3.095435 | trade:0.27 call:0.45 put:0.55 | ATM:0.24 OTM:0.76 | lr: 0.00e+00 | left: 240s
step 00050 (  0.2%) | loss: 3.215252 | trade:0.27 call:0.46 put:0.54 | ATM:0.25 OTM:0.75 | lr: 3.41e-06 | left: 239s
step 00100 (  0.5%) | loss: 3.172865 | trade:0.28 call:0.45 put:0.55 | ATM:0.24 OTM:0.76 | lr: 7.12e-06 | left: 239s
step 00150 (  0.8%) | loss: 3.147793 | trade:0.30 call:0.46 put:0.54 | ATM:0.24 OTM:0.76 | lr: 1.13e-05 | left: 238s
step 00200 (  1.3%) | loss: 3.107842 | trade:0.33 call:0.47 put:0.53 | ATM:0.25 OTM:0.75 | lr: 1.89e-05 | left: 237s
step 00250 (  1.5%) | loss: 3.026834 | trade:0.35 call:0.48 put:0.52 | ATM:0.26 OTM:0.74 | lr: 2.22e-05 | left: 236s
step 00300 (  1.8%) | loss: 2.975489 | trade:0.38 call:0.49 put:0.51 | ATM:0.28 OTM:0.72 | lr: 2.70e-05 | left: 236s
step 00350 (  2.3%) | loss: 2.957156 | trade:0.41 call:0.50 put:0.50 | ATM:0.30 OTM:0.70 | lr: 3.50e-05 | left: 234s
step 00400 (  2.9%) | loss: 2.890162 | trade:0.43 call:0.52 put:0.48 | ATM:0.31 OTM:0.69 | lr: 4.30e-05 | left: 233s
step 00450 (  3.4%) | loss: 2.844082 | trade:0.43 call:0.52 put:0.48 | ATM:0.33 OTM:0.67 | lr: 5.10e-05 | left: 232s
step 00500 (  3.8%) | loss: 2.829584 | trade:0.44 call:0.53 put:0.47 | ATM:0.34 OTM:0.66 | lr: 5.69e-05 | left: 231s
step 00550 (  4.0%) | loss: 2.803251 | trade:0.43 call:0.54 put:0.46 | ATM:0.35 OTM:0.65 | lr: 6.05e-05 | left: 230s
step 00600 (  4.3%) | loss: 2.763812 | trade:0.44 call:0.55 put:0.45 | ATM:0.36 OTM:0.64 | lr: 6.43e-05 | left: 230s
step 00650 (  4.5%) | loss: 2.716046 | trade:0.44 call:0.56 put:0.44 | ATM:0.36 OTM:0.64 | lr: 6.75e-05 | left: 229s
step 00700 (  4.8%) | loss: 2.649849 | trade:0.41 call:0.57 put:0.43 | ATM:0.36 OTM:0.64 | lr: 7.20e-05 | left: 228s
step 00750 (  5.1%) | loss: 2.609695 | trade:0.42 call:0.58 put:0.42 | ATM:0.39 OTM:0.61 | lr: 7.71e-05 | left: 228s
step 00800 (  5.4%) | loss: 2.547072 | trade:0.43 call:0.55 put:0.45 | ATM:0.38 OTM:0.62 | lr: 8.06e-05 | left: 227s
step 00850 (  5.7%) | loss: 2.508211 | trade:0.43 call:0.58 put:0.42 | ATM:0.38 OTM:0.62 | lr: 8.54e-05 | left: 226s
step 00900 (  5.9%) | loss: 2.442994 | trade:0.44 call:0.57 put:0.43 | ATM:0.37 OTM:0.63 | lr: 8.91e-05 | left: 226s
step 00950 (  6.2%) | loss: 2.379699 | trade:0.41 call:0.60 put:0.40 | ATM:0.38 OTM:0.62 | lr: 9.31e-05 | left: 225s
step 01000 (  6.4%) | loss: 2.294362 | trade:0.41 call:0.60 put:0.40 | ATM:0.39 OTM:0.61 | lr: 9.65e-05 | left: 225s
step 01050 (  6.6%) | loss: 2.215212 | trade:0.41 call:0.60 put:0.40 | ATM:0.40 OTM:0.60 | lr: 9.97e-05 | left: 224s
step 01100 (  7.0%) | loss: 2.156737 | trade:0.43 call:0.61 put:0.39 | ATM:0.41 OTM:0.59 | lr: 1.05e-04 | left: 223s
step 01150 (  7.5%) | loss: 2.068834 | trade:0.39 call:0.60 put:0.40 | ATM:0.42 OTM:0.58 | lr: 1.13e-04 | left: 222s
step 01200 (  8.0%) | loss: 2.026847 | trade:0.43 call:0.62 put:0.38 | ATM:0.38 OTM:0.62 | lr: 1.21e-04 | left: 221s
step 01250 (  8.4%) | loss: 1.919333 | trade:0.40 call:0.62 put:0.38 | ATM:0.42 OTM:0.58 | lr: 1.25e-04 | left: 220s
step 01300 (  8.6%) | loss: 1.861363 | trade:0.35 call:0.63 put:0.37 | ATM:0.41 OTM:0.59 | lr: 1.29e-04 | left: 219s
step 01350 (  8.8%) | loss: 1.770004 | trade:0.39 call:0.55 put:0.45 | ATM:0.42 OTM:0.58 | lr: 1.32e-04 | left: 219s
step 01400 (  9.0%) | loss: 1.727901 | trade:0.43 call:0.60 put:0.40 | ATM:0.45 OTM:0.55 | lr: 1.35e-04 | left: 218s
step 01450 (  9.3%) | loss: 1.703433 | trade:0.36 call:0.68 put:0.32 | ATM:0.46 OTM:0.54 | lr: 1.40e-04 | left: 218s
step 01500 (  9.5%) | loss: 1.653183 | trade:0.43 call:0.60 put:0.40 | ATM:0.44 OTM:0.56 | lr: 1.43e-04 | left: 217s
step 01550 (  9.8%) | loss: 1.570336 | trade:0.36 call:0.66 put:0.34 | ATM:0.44 OTM:0.56 | lr: 1.47e-04 | left: 217s
step 01600 ( 10.0%) | loss: 1.548900 | trade:0.42 call:0.59 put:0.41 | ATM:0.41 OTM:0.59 | lr: 1.50e-04 | left: 216s
step 01650 ( 10.3%) | loss: 1.526889 | trade:0.43 call:0.64 put:0.36 | ATM:0.47 OTM:0.53 | lr: 1.50e-04 | left: 215s
step 01700 ( 10.5%) | loss: 1.479064 | trade:0.35 call:0.63 put:0.37 | ATM:0.47 OTM:0.53 | lr: 1.50e-04 | left: 215s
step 01750 ( 10.8%) | loss: 1.419093 | trade:0.37 call:0.63 put:0.37 | ATM:0.51 OTM:0.49 | lr: 1.50e-04 | left: 214s
step 01800 ( 11.0%) | loss: 1.455252 | trade:0.34 call:0.60 put:0.40 | ATM:0.47 OTM:0.53 | lr: 1.50e-04 | left: 214s
step 01850 ( 11.2%) | loss: 1.417493 | trade:0.40 call:0.64 put:0.36 | ATM:0.48 OTM:0.52 | lr: 1.50e-04 | left: 213s
step 01900 ( 11.5%) | loss: 1.381608 | trade:0.39 call:0.61 put:0.39 | ATM:0.50 OTM:0.50 | lr: 1.50e-04 | left: 212s
step 01950 ( 11.7%) | loss: 1.382675 | trade:0.34 call:0.57 put:0.43 | ATM:0.47 OTM:0.53 | lr: 1.50e-04 | left: 212s
step 02000 ( 11.9%) | loss: 1.337466 | trade:0.32 call:0.66 put:0.34 | ATM:0.51 OTM:0.49 | lr: 1.50e-04 | left: 211s
step 02050 ( 12.2%) | loss: 1.382577 | trade:0.38 call:0.66 put:0.34 | ATM:0.49 OTM:0.51 | lr: 1.50e-04 | left: 211s
step 02100 ( 12.4%) | loss: 1.335481 | trade:0.36 call:0.63 put:0.37 | ATM:0.47 OTM:0.53 | lr: 1.50e-04 | left: 210s
step 02150 ( 12.7%) | loss: 1.343459 | trade:0.36 call:0.59 put:0.41 | ATM:0.48 OTM:0.52 | lr: 1.50e-04 | left: 210s
step 02200 ( 12.9%) | loss: 1.325642 | trade:0.39 call:0.62 put:0.38 | ATM:0.43 OTM:0.57 | lr: 1.50e-04 | left: 209s
step 02250 ( 13.1%) | loss: 1.298566 | trade:0.37 call:0.64 put:0.36 | ATM:0.55 OTM:0.45 | lr: 1.50e-04 | left: 209s
step 02300 ( 13.3%) | loss: 1.287719 | trade:0.35 call:0.59 put:0.41 | ATM:0.51 OTM:0.49 | lr: 1.50e-04 | left: 208s
step 02350 ( 13.5%) | loss: 1.280753 | trade:0.34 call:0.71 put:0.29 | ATM:0.55 OTM:0.45 | lr: 1.50e-04 | left: 207s
step 02400 ( 13.8%) | loss: 1.276726 | trade:0.33 call:0.70 put:0.30 | ATM:0.42 OTM:0.58 | lr: 1.50e-04 | left: 207s
step 02450 ( 14.1%) | loss: 1.294820 | trade:0.39 call:0.66 put:0.34 | ATM:0.48 OTM:0.52 | lr: 1.50e-04 | left: 206s
step 02500 ( 14.3%) | loss: 1.283554 | trade:0.39 call:0.58 put:0.42 | ATM:0.50 OTM:0.50 | lr: 1.50e-04 | left: 206s
step 02550 ( 14.5%) | loss: 1.274405 | trade:0.34 call:0.62 put:0.38 | ATM:0.51 OTM:0.49 | lr: 1.50e-04 | left: 205s
step 02600 ( 14.7%) | loss: 1.272744 | trade:0.34 call:0.55 put:0.45 | ATM:0.49 OTM:0.51 | lr: 1.50e-04 | left: 205s
step 02650 ( 15.0%) | loss: 1.250649 | trade:0.36 call:0.62 put:0.38 | ATM:0.53 OTM:0.47 | lr: 1.50e-04 | left: 204s
step 02700 ( 15.3%) | loss: 1.279997 | trade:0.33 call:0.63 put:0.37 | ATM:0.51 OTM:0.49 | lr: 1.50e-04 | left: 203s
step 02750 ( 15.5%) | loss: 1.267788 | trade:0.36 call:0.57 put:0.43 | ATM:0.51 OTM:0.49 | lr: 1.50e-04 | left: 203s
step 02800 ( 15.8%) | loss: 1.255747 | trade:0.37 call:0.61 put:0.39 | ATM:0.55 OTM:0.45 | lr: 1.50e-04 | left: 202s
step 02850 ( 16.0%) | loss: 1.204673 | trade:0.30 call:0.63 put:0.37 | ATM:0.58 OTM:0.42 | lr: 1.50e-04 | left: 202s
step 02900 ( 16.2%) | loss: 1.212942 | trade:0.38 call:0.62 put:0.38 | ATM:0.52 OTM:0.48 | lr: 1.50e-04 | left: 201s
step 02950 ( 16.5%) | loss: 1.227694 | trade:0.36 call:0.60 put:0.40 | ATM:0.55 OTM:0.45 | lr: 1.50e-04 | left: 200s
step 03000 ( 16.7%) | loss: 1.224575 | trade:0.38 call:0.57 put:0.43 | ATM:0.54 OTM:0.46 | lr: 1.50e-04 | left: 200s
step 03050 ( 17.1%) | loss: 1.195567 | trade:0.37 call:0.66 put:0.34 | ATM:0.55 OTM:0.45 | lr: 1.50e-04 | left: 199s
step 03100 ( 17.6%) | loss: 1.198047 | trade:0.38 call:0.67 put:0.33 | ATM:0.58 OTM:0.42 | lr: 1.50e-04 | left: 198s
step 03150 ( 18.1%) | loss: 1.193316 | trade:0.36 call:0.59 put:0.41 | ATM:0.51 OTM:0.49 | lr: 1.50e-04 | left: 197s
step 03200 ( 18.6%) | loss: 1.220896 | trade:0.35 call:0.63 put:0.37 | ATM:0.52 OTM:0.48 | lr: 1.50e-04 | left: 195s
step 03250 ( 19.2%) | loss: 1.211261 | trade:0.30 call:0.59 put:0.41 | ATM:0.58 OTM:0.42 | lr: 1.50e-04 | left: 194s
step 03300 ( 19.7%) | loss: 1.205905 | trade:0.37 call:0.65 put:0.35 | ATM:0.56 OTM:0.44 | lr: 1.50e-04 | left: 193s
step 03350 ( 20.2%) | loss: 1.196414 | trade:0.31 call:0.58 put:0.42 | ATM:0.58 OTM:0.42 | lr: 1.50e-04 | left: 192s
step 03400 ( 20.4%) | loss: 1.186722 | trade:0.37 call:0.60 put:0.40 | ATM:0.55 OTM:0.45 | lr: 1.50e-04 | left: 191s
step 03450 ( 20.6%) | loss: 1.154245 | trade:0.34 call:0.61 put:0.39 | ATM:0.50 OTM:0.50 | lr: 1.50e-04 | left: 191s
step 03500 ( 20.8%) | loss: 1.189968 | trade:0.33 call:0.62 put:0.38 | ATM:0.51 OTM:0.49 | lr: 1.50e-04 | left: 190s
step 03550 ( 21.0%) | loss: 1.181961 | trade:0.34 call:0.62 put:0.38 | ATM:0.56 OTM:0.44 | lr: 1.50e-04 | left: 190s
step 03600 ( 21.2%) | loss: 1.174295 | trade:0.32 call:0.61 put:0.39 | ATM:0.55 OTM:0.45 | lr: 1.50e-04 | left: 189s
step 03650 ( 21.5%) | loss: 1.172396 | trade:0.30 call:0.62 put:0.38 | ATM:0.55 OTM:0.45 | lr: 1.50e-04 | left: 188s
step 03700 ( 21.7%) | loss: 1.164774 | trade:0.34 call:0.65 put:0.35 | ATM:0.56 OTM:0.44 | lr: 1.50e-04 | left: 188s
step 03750 ( 21.9%) | loss: 1.214608 | trade:0.29 call:0.67 put:0.33 | ATM:0.64 OTM:0.36 | lr: 1.50e-04 | left: 187s
step 03800 ( 22.2%) | loss: 1.177936 | trade:0.39 call:0.58 put:0.42 | ATM:0.56 OTM:0.44 | lr: 1.50e-04 | left: 187s
step 03850 ( 22.4%) | loss: 1.157954 | trade:0.35 call:0.59 put:0.41 | ATM:0.55 OTM:0.45 | lr: 1.50e-04 | left: 186s
step 03900 ( 22.6%) | loss: 1.149520 | trade:0.39 call:0.56 put:0.44 | ATM:0.57 OTM:0.43 | lr: 1.50e-04 | left: 186s
step 03950 ( 23.0%) | loss: 1.124396 | trade:0.26 call:0.67 put:0.33 | ATM:0.59 OTM:0.41 | lr: 1.50e-04 | left: 185s
step 04000 ( 23.6%) | loss: 1.162442 | trade:0.36 call:0.65 put:0.35 | ATM:0.55 OTM:0.45 | lr: 1.50e-04 | left: 183s
step 04050 ( 24.1%) | loss: 1.157077 | trade:0.36 call:0.62 put:0.38 | ATM:0.56 OTM:0.44 | lr: 1.50e-04 | left: 182s
step 04100 ( 24.6%) | loss: 1.146021 | trade:0.30 call:0.64 put:0.36 | ATM:0.55 OTM:0.45 | lr: 1.50e-04 | left: 181s
step 04150 ( 25.1%) | loss: 1.115970 | trade:0.33 call:0.57 put:0.43 | ATM:0.64 OTM:0.36 | lr: 1.50e-04 | left: 180s
step 04200 ( 25.7%) | loss: 1.124244 | trade:0.30 call:0.62 put:0.38 | ATM:0.61 OTM:0.39 | lr: 1.50e-04 | left: 178s
step 04250 ( 26.2%) | loss: 1.134572 | trade:0.33 call:0.56 put:0.44 | ATM:0.59 OTM:0.41 | lr: 1.50e-04 | left: 177s
step 04300 ( 26.7%) | loss: 1.134583 | trade:0.40 call:0.60 put:0.40 | ATM:0.59 OTM:0.41 | lr: 1.50e-04 | left: 176s
step 04350 ( 27.2%) | loss: 1.126025 | trade:0.29 call:0.65 put:0.35 | ATM:0.62 OTM:0.38 | lr: 1.50e-04 | left: 175s
step 04400 ( 27.6%) | loss: 1.130823 | trade:0.34 call:0.64 put:0.36 | ATM:0.54 OTM:0.46 | lr: 1.50e-04 | left: 174s
step 04450 ( 27.8%) | loss: 1.110908 | trade:0.37 call:0.66 put:0.34 | ATM:0.61 OTM:0.39 | lr: 1.50e-04 | left: 173s
step 04500 ( 28.2%) | loss: 1.142787 | trade:0.36 call:0.59 put:0.41 | ATM:0.61 OTM:0.39 | lr: 1.50e-04 | left: 172s
step 04550 ( 28.8%) | loss: 1.117096 | trade:0.34 call:0.58 put:0.42 | ATM:0.55 OTM:0.45 | lr: 1.50e-04 | left: 171s
step 04600 ( 29.3%) | loss: 1.129456 | trade:0.35 call:0.63 put:0.37 | ATM:0.54 OTM:0.46 | lr: 1.50e-04 | left: 170s
step 04650 ( 29.8%) | loss: 1.103630 | trade:0.35 call:0.60 put:0.40 | ATM:0.56 OTM:0.44 | lr: 1.50e-04 | left: 168s
step 04700 ( 30.1%) | loss: 1.127989 | trade:0.38 call:0.64 put:0.36 | ATM:0.63 OTM:0.37 | lr: 1.50e-04 | left: 168s
step 04750 ( 30.5%) | loss: 1.140747 | trade:0.31 call:0.59 put:0.41 | ATM:0.63 OTM:0.37 | lr: 1.50e-04 | left: 167s
step 04800 ( 31.0%) | loss: 1.098923 | trade:0.39 call:0.59 put:0.41 | ATM:0.53 OTM:0.47 | lr: 1.50e-04 | left: 166s
step 04850 ( 31.6%) | loss: 1.107415 | trade:0.38 call:0.61 put:0.39 | ATM:0.59 OTM:0.41 | lr: 1.50e-04 | left: 164s
step 04900 ( 32.1%) | loss: 1.099843 | trade:0.30 call:0.61 put:0.39 | ATM:0.65 OTM:0.35 | lr: 1.50e-04 | left: 163s
step 04950 ( 32.6%) | loss: 1.129527 | trade:0.35 call:0.61 put:0.39 | ATM:0.59 OTM:0.41 | lr: 1.50e-04 | left: 162s
step 05000 ( 32.9%) | loss: 1.117314 | trade:0.36 call:0.58 put:0.42 | ATM:0.61 OTM:0.39 | lr: 1.50e-04 | left: 161s
step 05050 ( 33.2%) | loss: 1.105646 | trade:0.34 call:0.64 put:0.36 | ATM:0.53 OTM:0.47 | lr: 1.50e-04 | left: 160s
step 05100 ( 33.7%) | loss: 1.122451 | trade:0.33 call:0.61 put:0.39 | ATM:0.59 OTM:0.41 | lr: 1.50e-04 | left: 159s
step 05150 ( 34.2%) | loss: 1.100816 | trade:0.38 call:0.57 put:0.43 | ATM:0.62 OTM:0.38 | lr: 1.50e-04 | left: 158s
step 05200 ( 34.7%) | loss: 1.107294 | trade:0.30 call:0.62 put:0.38 | ATM:0.61 OTM:0.39 | lr: 1.50e-04 | left: 157s
step 05250 ( 35.2%) | loss: 1.097210 | trade:0.29 call:0.63 put:0.37 | ATM:0.64 OTM:0.36 | lr: 1.50e-04 | left: 155s
step 05300 ( 35.8%) | loss: 1.102456 | trade:0.30 call:0.67 put:0.33 | ATM:0.59 OTM:0.41 | lr: 1.50e-04 | left: 154s
step 05350 ( 36.3%) | loss: 1.112737 | trade:0.29 call:0.68 put:0.32 | ATM:0.66 OTM:0.34 | lr: 1.50e-04 | left: 153s
step 05400 ( 36.8%) | loss: 1.105984 | trade:0.39 call:0.54 put:0.46 | ATM:0.54 OTM:0.46 | lr: 1.50e-04 | left: 152s
step 05450 ( 37.4%) | loss: 1.076961 | trade:0.36 call:0.58 put:0.42 | ATM:0.58 OTM:0.42 | lr: 1.50e-04 | left: 150s
step 05500 ( 37.9%) | loss: 1.088644 | trade:0.33 call:0.56 put:0.44 | ATM:0.60 OTM:0.40 | lr: 1.50e-04 | left: 149s
step 05550 ( 38.2%) | loss: 1.101276 | trade:0.35 call:0.61 put:0.39 | ATM:0.67 OTM:0.33 | lr: 1.50e-04 | left: 148s
step 05600 ( 38.5%) | loss: 1.086142 | trade:0.35 call:0.67 put:0.33 | ATM:0.63 OTM:0.37 | lr: 1.50e-04 | left: 148s
step 05650 ( 39.0%) | loss: 1.080529 | trade:0.32 call:0.67 put:0.33 | ATM:0.66 OTM:0.34 | lr: 1.50e-04 | left: 146s
step 05700 ( 39.5%) | loss: 1.102883 | trade:0.40 call:0.63 put:0.37 | ATM:0.58 OTM:0.42 | lr: 1.50e-04 | left: 145s
step 05750 ( 40.0%) | loss: 1.064114 | trade:0.33 call:0.59 put:0.41 | ATM:0.58 OTM:0.42 | lr: 1.50e-04 | left: 144s
step 05800 ( 40.3%) | loss: 1.085283 | trade:0.34 call:0.67 put:0.33 | ATM:0.67 OTM:0.33 | lr: 1.50e-04 | left: 143s
step 05850 ( 40.5%) | loss: 1.081789 | trade:0.33 call:0.61 put:0.39 | ATM:0.59 OTM:0.41 | lr: 1.50e-04 | left: 143s
step 05900 ( 40.8%) | loss: 1.079863 | trade:0.35 call:0.62 put:0.38 | ATM:0.63 OTM:0.37 | lr: 1.50e-04 | left: 142s
step 05950 ( 41.0%) | loss: 1.056455 | trade:0.34 call:0.52 put:0.48 | ATM:0.65 OTM:0.35 | lr: 1.50e-04 | left: 142s
step 06000 ( 41.2%) | loss: 1.076978 | trade:0.36 call:0.63 put:0.37 | ATM:0.64 OTM:0.36 | lr: 1.50e-04 | left: 141s
step 06050 ( 41.5%) | loss: 1.101416 | trade:0.33 call:0.61 put:0.39 | ATM:0.62 OTM:0.38 | lr: 1.50e-04 | left: 140s
step 06100 ( 41.7%) | loss: 1.083229 | trade:0.30 call:0.58 put:0.42 | ATM:0.63 OTM:0.37 | lr: 1.50e-04 | left: 140s
step 06150 ( 41.9%) | loss: 1.080192 | trade:0.27 call:0.62 put:0.38 | ATM:0.61 OTM:0.39 | lr: 1.50e-04 | left: 139s
step 06200 ( 42.2%) | loss: 1.070827 | trade:0.34 call:0.56 put:0.44 | ATM:0.60 OTM:0.40 | lr: 1.50e-04 | left: 139s
step 06250 ( 42.4%) | loss: 1.060583 | trade:0.33 call:0.68 put:0.32 | ATM:0.66 OTM:0.34 | lr: 1.50e-04 | left: 138s
step 06300 ( 42.6%) | loss: 1.070834 | trade:0.34 call:0.60 put:0.40 | ATM:0.59 OTM:0.41 | lr: 1.50e-04 | left: 138s
step 06350 ( 42.9%) | loss: 1.067220 | trade:0.31 call:0.65 put:0.35 | ATM:0.66 OTM:0.34 | lr: 1.50e-04 | left: 137s
step 06400 ( 43.1%) | loss: 1.067987 | trade:0.34 call:0.60 put:0.40 | ATM:0.67 OTM:0.33 | lr: 1.50e-04 | left: 137s
step 06450 ( 43.3%) | loss: 1.052039 | trade:0.34 call:0.56 put:0.44 | ATM:0.58 OTM:0.42 | lr: 1.50e-04 | left: 136s
step 06500 ( 43.5%) | loss: 1.065284 | trade:0.32 call:0.56 put:0.44 | ATM:0.61 OTM:0.39 | lr: 1.50e-04 | left: 136s
step 06550 ( 43.7%) | loss: 1.064159 | trade:0.37 call:0.63 put:0.37 | ATM:0.55 OTM:0.45 | lr: 1.50e-04 | left: 135s
step 06600 ( 44.0%) | loss: 1.074528 | trade:0.38 call:0.63 put:0.37 | ATM:0.60 OTM:0.40 | lr: 1.50e-04 | left: 134s
step 06650 ( 44.2%) | loss: 1.064784 | trade:0.36 call:0.63 put:0.37 | ATM:0.64 OTM:0.36 | lr: 1.50e-04 | left: 134s
step 06700 ( 44.5%) | loss: 1.065406 | trade:0.35 call:0.68 put:0.32 | ATM:0.63 OTM:0.37 | lr: 1.50e-04 | left: 133s
step 06750 ( 44.8%) | loss: 1.066287 | trade:0.36 call:0.63 put:0.37 | ATM:0.59 OTM:0.41 | lr: 1.50e-04 | left: 133s
step 06800 ( 45.0%) | loss: 1.084855 | trade:0.33 call:0.55 put:0.45 | ATM:0.62 OTM:0.38 | lr: 1.50e-04 | left: 132s
step 06850 ( 45.3%) | loss: 1.056722 | trade:0.33 call:0.62 put:0.38 | ATM:0.64 OTM:0.36 | lr: 1.50e-04 | left: 131s
step 06900 ( 45.5%) | loss: 1.051410 | trade:0.34 call:0.59 put:0.41 | ATM:0.62 OTM:0.38 | lr: 1.50e-04 | left: 131s
step 06950 ( 45.7%) | loss: 1.048603 | trade:0.28 call:0.59 put:0.41 | ATM:0.70 OTM:0.30 | lr: 1.50e-04 | left: 130s
step 07000 ( 45.9%) | loss: 1.057516 | trade:0.34 call:0.59 put:0.41 | ATM:0.59 OTM:0.41 | lr: 1.50e-04 | left: 130s
step 07050 ( 46.1%) | loss: 1.054781 | trade:0.29 call:0.59 put:0.41 | ATM:0.66 OTM:0.34 | lr: 1.50e-04 | left: 129s
step 07100 ( 46.3%) | loss: 1.062460 | trade:0.30 call:0.61 put:0.39 | ATM:0.63 OTM:0.37 | lr: 1.50e-04 | left: 129s
step 07150 ( 46.6%) | loss: 1.041674 | trade:0.35 call:0.60 put:0.40 | ATM:0.59 OTM:0.41 | lr: 1.50e-04 | left: 128s
step 07200 ( 46.8%) | loss: 1.027865 | trade:0.32 call:0.59 put:0.41 | ATM:0.58 OTM:0.42 | lr: 1.50e-04 | left: 128s
step 07250 ( 47.0%) | loss: 1.041674 | trade:0.34 call:0.60 put:0.40 | ATM:0.59 OTM:0.41 | lr: 1.50e-04 | left: 127s
step 07300 ( 47.2%) | loss: 1.039463 | trade:0.39 call:0.61 put:0.39 | ATM:0.58 OTM:0.42 | lr: 1.50e-04 | left: 127s
step 07350 ( 47.5%) | loss: 1.025435 | trade:0.30 call:0.61 put:0.39 | ATM:0.64 OTM:0.36 | lr: 1.50e-04 | left: 126s
step 07400 ( 47.7%) | loss: 1.055069 | trade:0.31 call:0.61 put:0.39 | ATM:0.64 OTM:0.36 | lr: 1.50e-04 | left: 126s
step 07450 ( 47.9%) | loss: 1.063532 | trade:0.33 call:0.63 put:0.37 | ATM:0.66 OTM:0.34 | lr: 1.50e-04 | left: 125s
step 07500 ( 48.1%) | loss: 1.034598 | trade:0.31 call:0.59 put:0.41 | ATM:0.61 OTM:0.39 | lr: 1.50e-04 | left: 124s
step 07550 ( 48.4%) | loss: 1.038928 | trade:0.24 call:0.60 put:0.40 | ATM:0.68 OTM:0.32 | lr: 1.50e-04 | left: 124s
step 07600 ( 48.6%) | loss: 1.042664 | trade:0.32 call:0.59 put:0.41 | ATM:0.60 OTM:0.40 | lr: 1.50e-04 | left: 123s
step 07650 ( 48.8%) | loss: 1.050609 | trade:0.30 call:0.55 put:0.45 | ATM:0.58 OTM:0.42 | lr: 1.50e-04 | left: 123s
step 07700 ( 49.0%) | loss: 1.050439 | trade:0.33 call:0.64 put:0.36 | ATM:0.56 OTM:0.44 | lr: 1.50e-04 | left: 122s
step 07750 ( 49.2%) | loss: 1.038907 | trade:0.35 call:0.54 put:0.46 | ATM:0.63 OTM:0.37 | lr: 1.50e-04 | left: 122s
step 07800 ( 49.4%) | loss: 1.055352 | trade:0.31 call:0.56 put:0.44 | ATM:0.66 OTM:0.34 | lr: 1.50e-04 | left: 121s
step 07850 ( 49.7%) | loss: 1.056840 | trade:0.35 call:0.58 put:0.42 | ATM:0.64 OTM:0.36 | lr: 1.50e-04 | left: 121s
step 07900 ( 49.9%) | loss: 1.038974 | trade:0.35 call:0.64 put:0.36 | ATM:0.60 OTM:0.40 | lr: 1.50e-04 | left: 120s
step 07950 ( 50.1%) | loss: 1.025136 | trade:0.39 call:0.55 put:0.45 | ATM:0.55 OTM:0.45 | lr: 1.50e-04 | left: 120s
step 08000 ( 50.3%) | loss: 1.030517 | trade:0.33 call:0.52 put:0.48 | ATM:0.67 OTM:0.33 | lr: 1.50e-04 | left: 119s
step 08050 ( 50.5%) | loss: 1.053738 | trade:0.38 call:0.61 put:0.39 | ATM:0.61 OTM:0.39 | lr: 1.50e-04 | left: 119s
step 08100 ( 50.7%) | loss: 1.026185 | trade:0.33 call:0.61 put:0.39 | ATM:0.69 OTM:0.31 | lr: 1.50e-04 | left: 118s
step 08150 ( 51.0%) | loss: 1.045701 | trade:0.34 call:0.57 put:0.43 | ATM:0.61 OTM:0.39 | lr: 1.50e-04 | left: 118s
step 08200 ( 51.2%) | loss: 1.053231 | trade:0.36 call:0.59 put:0.41 | ATM:0.61 OTM:0.39 | lr: 1.50e-04 | left: 117s
step 08250 ( 51.4%) | loss: 1.038874 | trade:0.42 call:0.60 put:0.40 | ATM:0.53 OTM:0.47 | lr: 1.50e-04 | left: 117s
step 08300 ( 51.7%) | loss: 1.049351 | trade:0.26 call:0.62 put:0.38 | ATM:0.64 OTM:0.36 | lr: 1.50e-04 | left: 116s
step 08350 ( 51.9%) | loss: 1.055757 | trade:0.36 call:0.61 put:0.39 | ATM:0.63 OTM:0.37 | lr: 1.50e-04 | left: 115s
step 08400 ( 52.2%) | loss: 1.029882 | trade:0.33 call:0.60 put:0.40 | ATM:0.67 OTM:0.33 | lr: 1.50e-04 | left: 115s
step 08450 ( 52.4%) | loss: 1.041057 | trade:0.33 call:0.53 put:0.47 | ATM:0.59 OTM:0.41 | lr: 1.50e-04 | left: 114s
step 08500 ( 52.7%) | loss: 1.040593 | trade:0.35 call:0.56 put:0.44 | ATM:0.62 OTM:0.38 | lr: 1.50e-04 | left: 114s
step 08550 ( 52.9%) | loss: 1.009034 | trade:0.33 call:0.65 put:0.35 | ATM:0.67 OTM:0.33 | lr: 1.50e-04 | left: 113s
step 08600 ( 53.3%) | loss: 1.010260 | trade:0.32 call:0.58 put:0.42 | ATM:0.62 OTM:0.38 | lr: 1.50e-04 | left: 112s
step 08650 ( 53.8%) | loss: 1.008994 | trade:0.32 call:0.57 put:0.43 | ATM:0.58 OTM:0.42 | lr: 1.50e-04 | left: 111s
step 08700 ( 54.3%) | loss: 1.026946 | trade:0.35 call:0.53 put:0.47 | ATM:0.61 OTM:0.39 | lr: 1.50e-04 | left: 110s
step 08750 ( 54.7%) | loss: 1.042870 | trade:0.34 call:0.54 put:0.46 | ATM:0.60 OTM:0.40 | lr: 1.50e-04 | left: 109s
step 08800 ( 55.0%) | loss: 1.023877 | trade:0.36 call:0.60 put:0.40 | ATM:0.64 OTM:0.36 | lr: 1.50e-04 | left: 108s
step 08850 ( 55.2%) | loss: 1.018348 | trade:0.30 call:0.57 put:0.43 | ATM:0.69 OTM:0.31 | lr: 1.50e-04 | left: 108s
step 08900 ( 55.4%) | loss: 1.034857 | trade:0.32 call:0.64 put:0.36 | ATM:0.60 OTM:0.40 | lr: 1.50e-04 | left: 107s
step 08950 ( 55.7%) | loss: 1.034637 | trade:0.39 call:0.64 put:0.36 | ATM:0.60 OTM:0.40 | lr: 1.50e-04 | left: 106s
step 09000 ( 55.9%) | loss: 1.000283 | trade:0.30 call:0.65 put:0.35 | ATM:0.66 OTM:0.34 | lr: 1.50e-04 | left: 106s
step 09050 ( 56.2%) | loss: 1.039052 | trade:0.40 call:0.56 put:0.44 | ATM:0.57 OTM:0.43 | lr: 1.50e-04 | left: 105s
step 09100 ( 56.4%) | loss: 1.049517 | trade:0.34 call:0.60 put:0.40 | ATM:0.66 OTM:0.34 | lr: 1.50e-04 | left: 105s
step 09150 ( 56.7%) | loss: 1.007727 | trade:0.29 call:0.61 put:0.39 | ATM:0.68 OTM:0.32 | lr: 1.50e-04 | left: 104s
step 09200 ( 56.9%) | loss: 1.038667 | trade:0.31 call:0.60 put:0.40 | ATM:0.69 OTM:0.31 | lr: 1.50e-04 | left: 103s
step 09250 ( 57.2%) | loss: 0.995788 | trade:0.33 call:0.58 put:0.42 | ATM:0.72 OTM:0.28 | lr: 1.50e-04 | left: 103s
step 09300 ( 57.7%) | loss: 1.004506 | trade:0.31 call:0.62 put:0.38 | ATM:0.63 OTM:0.37 | lr: 1.50e-04 | left: 102s
step 09350 ( 58.2%) | loss: 1.016367 | trade:0.34 call:0.62 put:0.38 | ATM:0.67 OTM:0.33 | lr: 1.50e-04 | left: 100s
step 09400 ( 58.7%) | loss: 1.037921 | trade:0.33 call:0.63 put:0.37 | ATM:0.69 OTM:0.31 | lr: 1.50e-04 | left: 99s
step 09450 ( 58.9%) | loss: 1.001384 | trade:0.35 call:0.57 put:0.43 | ATM:0.62 OTM:0.38 | lr: 1.50e-04 | left: 99s
step 09500 ( 59.1%) | loss: 1.022806 | trade:0.36 call:0.60 put:0.40 | ATM:0.63 OTM:0.37 | lr: 1.50e-04 | left: 98s
step 09550 ( 59.5%) | loss: 0.991742 | trade:0.36 call:0.63 put:0.37 | ATM:0.62 OTM:0.38 | lr: 1.50e-04 | left: 97s
step 09600 ( 59.7%) | loss: 1.020845 | trade:0.33 call:0.57 put:0.43 | ATM:0.56 OTM:0.44 | lr: 1.50e-04 | left: 97s
step 09650 ( 60.0%) | loss: 1.014983 | trade:0.38 call:0.58 put:0.42 | ATM:0.63 OTM:0.37 | lr: 1.50e-04 | left: 96s
step 09700 ( 60.2%) | loss: 1.010793 | trade:0.35 call:0.58 put:0.42 | ATM:0.63 OTM:0.37 | lr: 1.50e-04 | left: 96s
step 09750 ( 60.4%) | loss: 1.005935 | trade:0.30 call:0.60 put:0.40 | ATM:0.71 OTM:0.29 | lr: 1.50e-04 | left: 95s
step 09800 ( 60.6%) | loss: 1.003130 | trade:0.31 call:0.62 put:0.38 | ATM:0.64 OTM:0.36 | lr: 1.50e-04 | left: 95s
step 09850 ( 60.8%) | loss: 1.012190 | trade:0.34 call:0.52 put:0.48 | ATM:0.62 OTM:0.38 | lr: 1.50e-04 | left: 94s
step 09900 ( 61.0%) | loss: 1.016906 | trade:0.29 call:0.59 put:0.41 | ATM:0.67 OTM:0.33 | lr: 1.50e-04 | left: 93s
step 09950 ( 61.3%) | loss: 1.007341 | trade:0.33 call:0.60 put:0.40 | ATM:0.69 OTM:0.31 | lr: 1.50e-04 | left: 93s
step 10000 ( 61.5%) | loss: 1.019772 | trade:0.36 call:0.53 put:0.47 | ATM:0.65 OTM:0.35 | lr: 1.50e-04 | left: 92s
step 10050 ( 61.8%) | loss: 1.009939 | trade:0.33 call:0.61 put:0.39 | ATM:0.60 OTM:0.40 | lr: 1.50e-04 | left: 92s
step 10100 ( 62.1%) | loss: 1.006138 | trade:0.33 call:0.53 put:0.47 | ATM:0.65 OTM:0.35 | lr: 1.50e-04 | left: 91s
step 10150 ( 62.5%) | loss: 1.011981 | trade:0.34 call:0.61 put:0.39 | ATM:0.63 OTM:0.37 | lr: 1.50e-04 | left: 90s
step 10200 ( 63.0%) | loss: 1.003404 | trade:0.36 call:0.60 put:0.40 | ATM:0.63 OTM:0.37 | lr: 1.50e-04 | left: 89s
step 10250 ( 63.4%) | loss: 0.975857 | trade:0.35 call:0.56 put:0.44 | ATM:0.62 OTM:0.38 | lr: 1.50e-04 | left: 88s
step 10300 ( 63.6%) | loss: 1.015114 | trade:0.29 call:0.58 put:0.42 | ATM:0.64 OTM:0.36 | lr: 1.50e-04 | left: 87s
step 10350 ( 63.9%) | loss: 0.996739 | trade:0.33 call:0.60 put:0.40 | ATM:0.65 OTM:0.35 | lr: 1.50e-04 | left: 87s
step 10400 ( 64.3%) | loss: 1.008927 | trade:0.32 call:0.62 put:0.38 | ATM:0.63 OTM:0.37 | lr: 1.50e-04 | left: 86s
step 10450 ( 64.9%) | loss: 0.980532 | trade:0.30 call:0.64 put:0.36 | ATM:0.71 OTM:0.29 | lr: 1.50e-04 | left: 84s
step 10500 ( 65.3%) | loss: 1.021965 | trade:0.30 call:0.64 put:0.36 | ATM:0.66 OTM:0.34 | lr: 1.50e-04 | left: 83s
step 10550 ( 65.8%) | loss: 1.008345 | trade:0.31 call:0.56 put:0.44 | ATM:0.58 OTM:0.42 | lr: 1.50e-04 | left: 82s
step 10600 ( 66.4%) | loss: 1.006675 | trade:0.29 call:0.58 put:0.42 | ATM:0.70 OTM:0.30 | lr: 1.50e-04 | left: 81s
step 10650 ( 66.9%) | loss: 1.007496 | trade:0.29 call:0.57 put:0.43 | ATM:0.65 OTM:0.35 | lr: 1.50e-04 | left: 79s
step 10700 ( 67.4%) | loss: 1.009277 | trade:0.37 call:0.61 put:0.39 | ATM:0.62 OTM:0.38 | lr: 1.50e-04 | left: 78s
step 10750 ( 68.0%) | loss: 1.000832 | trade:0.32 call:0.52 put:0.48 | ATM:0.61 OTM:0.39 | lr: 1.50e-04 | left: 77s
step 10800 ( 68.5%) | loss: 1.006164 | trade:0.36 call:0.58 put:0.42 | ATM:0.61 OTM:0.39 | lr: 1.50e-04 | left: 76s
step 10850 ( 69.0%) | loss: 0.984577 | trade:0.40 call:0.55 put:0.45 | ATM:0.63 OTM:0.37 | lr: 1.50e-04 | left: 74s
step 10900 ( 69.5%) | loss: 0.980203 | trade:0.35 call:0.58 put:0.42 | ATM:0.65 OTM:0.35 | lr: 1.50e-04 | left: 73s
step 10950 ( 70.0%) | loss: 1.022976 | trade:0.36 call:0.63 put:0.37 | ATM:0.60 OTM:0.40 | lr: 1.50e-04 | left: 72s
step 11000 ( 70.6%) | loss: 1.006881 | trade:0.30 call:0.59 put:0.41 | ATM:0.64 OTM:0.36 | lr: 1.50e-04 | left: 71s
step 11050 ( 71.1%) | loss: 1.001414 | trade:0.29 call:0.61 put:0.39 | ATM:0.69 OTM:0.31 | lr: 1.50e-04 | left: 69s
step 11100 ( 71.6%) | loss: 1.003602 | trade:0.38 call:0.63 put:0.37 | ATM:0.60 OTM:0.40 | lr: 1.49e-04 | left: 68s
step 11150 ( 72.2%) | loss: 0.991503 | trade:0.33 call:0.57 put:0.43 | ATM:0.64 OTM:0.36 | lr: 1.48e-04 | left: 67s
step 11200 ( 72.7%) | loss: 0.997239 | trade:0.36 call:0.54 put:0.46 | ATM:0.61 OTM:0.39 | lr: 1.47e-04 | left: 66s
step 11250 ( 73.2%) | loss: 0.995165 | trade:0.29 call:0.58 put:0.42 | ATM:0.65 OTM:0.35 | lr: 1.46e-04 | left: 64s
step 11300 ( 73.7%) | loss: 0.998845 | trade:0.32 call:0.63 put:0.37 | ATM:0.64 OTM:0.36 | lr: 1.44e-04 | left: 63s
step 11350 ( 74.2%) | loss: 0.990556 | trade:0.38 call:0.57 put:0.43 | ATM:0.61 OTM:0.39 | lr: 1.43e-04 | left: 62s
step 11400 ( 74.8%) | loss: 0.992335 | trade:0.35 call:0.61 put:0.39 | ATM:0.63 OTM:0.37 | lr: 1.41e-04 | left: 60s
step 11450 ( 75.2%) | loss: 0.971152 | trade:0.31 call:0.61 put:0.39 | ATM:0.67 OTM:0.33 | lr: 1.39e-04 | left: 60s
step 11500 ( 75.7%) | loss: 0.973987 | trade:0.32 call:0.64 put:0.36 | ATM:0.67 OTM:0.33 | lr: 1.37e-04 | left: 58s
step 11550 ( 76.3%) | loss: 0.993589 | trade:0.31 call:0.59 put:0.41 | ATM:0.65 OTM:0.35 | lr: 1.34e-04 | left: 57s
step 11600 ( 76.8%) | loss: 0.994432 | trade:0.36 call:0.57 put:0.43 | ATM:0.64 OTM:0.36 | lr: 1.32e-04 | left: 56s
step 11650 ( 77.3%) | loss: 0.990926 | trade:0.35 call:0.54 put:0.46 | ATM:0.65 OTM:0.35 | lr: 1.29e-04 | left: 54s
step 11700 ( 77.8%) | loss: 0.989143 | trade:0.33 call:0.61 put:0.39 | ATM:0.70 OTM:0.30 | lr: 1.26e-04 | left: 53s
step 11750 ( 78.4%) | loss: 0.992398 | trade:0.32 call:0.60 put:0.40 | ATM:0.63 OTM:0.37 | lr: 1.23e-04 | left: 52s
step 11800 ( 78.9%) | loss: 0.975929 | trade:0.37 call:0.61 put:0.39 | ATM:0.65 OTM:0.35 | lr: 1.20e-04 | left: 51s
step 11850 ( 79.5%) | loss: 0.951876 | trade:0.36 call:0.63 put:0.37 | ATM:0.68 OTM:0.32 | lr: 1.16e-04 | left: 49s
step 11900 ( 80.0%) | loss: 0.982273 | trade:0.27 call:0.62 put:0.38 | ATM:0.69 OTM:0.31 | lr: 1.12e-04 | left: 48s
step 11950 ( 80.5%) | loss: 0.979758 | trade:0.34 call:0.56 put:0.44 | ATM:0.67 OTM:0.33 | lr: 1.09e-04 | left: 47s
step 12000 ( 81.1%) | loss: 0.971528 | trade:0.37 call:0.55 put:0.45 | ATM:0.64 OTM:0.36 | lr: 1.05e-04 | left: 45s
step 12050 ( 81.6%) | loss: 0.977321 | trade:0.34 call:0.60 put:0.40 | ATM:0.65 OTM:0.35 | lr: 1.01e-04 | left: 44s
step 12100 ( 82.1%) | loss: 0.944246 | trade:0.27 call:0.64 put:0.36 | ATM:0.66 OTM:0.34 | lr: 9.71e-05 | left: 43s
step 12150 ( 82.7%) | loss: 0.966363 | trade:0.31 call:0.60 put:0.40 | ATM:0.71 OTM:0.29 | lr: 9.31e-05 | left: 42s
step 12200 ( 83.2%) | loss: 0.979171 | trade:0.32 call:0.54 put:0.46 | ATM:0.68 OTM:0.32 | lr: 8.88e-05 | left: 40s
step 12250 ( 83.8%) | loss: 0.963000 | trade:0.31 call:0.61 put:0.39 | ATM:0.65 OTM:0.35 | lr: 8.45e-05 | left: 39s
step 12300 ( 84.3%) | loss: 0.964116 | trade:0.33 call:0.60 put:0.40 | ATM:0.65 OTM:0.35 | lr: 8.03e-05 | left: 38s
step 12350 ( 84.9%) | loss: 0.952485 | trade:0.29 call:0.64 put:0.36 | ATM:0.66 OTM:0.34 | lr: 7.61e-05 | left: 36s
step 12400 ( 85.4%) | loss: 0.963112 | trade:0.34 call:0.58 put:0.42 | ATM:0.66 OTM:0.34 | lr: 7.20e-05 | left: 35s
step 12450 ( 85.9%) | loss: 0.951913 | trade:0.36 call:0.64 put:0.36 | ATM:0.65 OTM:0.35 | lr: 6.78e-05 | left: 34s
step 12500 ( 86.4%) | loss: 0.970032 | trade:0.30 call:0.61 put:0.39 | ATM:0.69 OTM:0.31 | lr: 6.37e-05 | left: 33s
step 12550 ( 86.9%) | loss: 0.953847 | trade:0.34 call:0.57 put:0.43 | ATM:0.64 OTM:0.36 | lr: 6.04e-05 | left: 31s
step 12600 ( 87.4%) | loss: 0.964893 | trade:0.28 call:0.62 put:0.38 | ATM:0.66 OTM:0.34 | lr: 5.66e-05 | left: 30s
step 12650 ( 87.9%) | loss: 0.965539 | trade:0.29 call:0.61 put:0.39 | ATM:0.69 OTM:0.31 | lr: 5.25e-05 | left: 29s
step 12700 ( 88.4%) | loss: 0.965572 | trade:0.32 call:0.58 put:0.42 | ATM:0.66 OTM:0.34 | lr: 4.86e-05 | left: 28s
step 12750 ( 89.0%) | loss: 0.942823 | trade:0.34 call:0.60 put:0.40 | ATM:0.60 OTM:0.40 | lr: 4.48e-05 | left: 26s
step 12800 ( 89.5%) | loss: 0.960856 | trade:0.32 call:0.67 put:0.33 | ATM:0.66 OTM:0.34 | lr: 4.10e-05 | left: 25s
step 12850 ( 90.0%) | loss: 0.966362 | trade:0.31 call:0.59 put:0.41 | ATM:0.63 OTM:0.37 | lr: 3.73e-05 | left: 24s
step 12900 ( 90.6%) | loss: 0.950040 | trade:0.32 call:0.64 put:0.36 | ATM:0.66 OTM:0.34 | lr: 3.38e-05 | left: 23s
step 12950 ( 91.1%) | loss: 0.964563 | trade:0.38 call:0.61 put:0.39 | ATM:0.63 OTM:0.37 | lr: 3.03e-05 | left: 21s
step 13000 ( 91.6%) | loss: 0.949622 | trade:0.31 call:0.58 put:0.42 | ATM:0.69 OTM:0.31 | lr: 2.70e-05 | left: 20s
step 13050 ( 92.2%) | loss: 0.971114 | trade:0.33 call:0.54 put:0.46 | ATM:0.67 OTM:0.33 | lr: 2.39e-05 | left: 19s
step 13100 ( 92.7%) | loss: 0.936386 | trade:0.35 call:0.60 put:0.40 | ATM:0.60 OTM:0.40 | lr: 2.09e-05 | left: 18s
step 13150 ( 93.2%) | loss: 0.947890 | trade:0.34 call:0.56 put:0.44 | ATM:0.62 OTM:0.38 | lr: 1.81e-05 | left: 16s
step 13200 ( 93.8%) | loss: 0.942781 | trade:0.35 call:0.55 put:0.45 | ATM:0.68 OTM:0.32 | lr: 1.55e-05 | left: 15s
step 13250 ( 94.3%) | loss: 0.938362 | trade:0.35 call:0.62 put:0.38 | ATM:0.61 OTM:0.39 | lr: 1.30e-05 | left: 14s
step 13300 ( 94.8%) | loss: 0.937832 | trade:0.39 call:0.64 put:0.36 | ATM:0.64 OTM:0.36 | lr: 1.08e-05 | left: 12s
step 13350 ( 95.4%) | loss: 0.950679 | trade:0.36 call:0.62 put:0.38 | ATM:0.60 OTM:0.40 | lr: 8.72e-06 | left: 11s
step 13400 ( 95.8%) | loss: 0.920149 | trade:0.35 call:0.60 put:0.40 | ATM:0.67 OTM:0.33 | lr: 7.02e-06 | left: 10s
step 13450 ( 96.3%) | loss: 0.935395 | trade:0.33 call:0.57 put:0.43 | ATM:0.64 OTM:0.36 | lr: 5.42e-06 | left: 9s
step 13500 ( 96.9%) | loss: 0.954241 | trade:0.34 call:0.63 put:0.37 | ATM:0.62 OTM:0.38 | lr: 3.99e-06 | left: 7s
step 13550 ( 97.4%) | loss: 0.955472 | trade:0.34 call:0.60 put:0.40 | ATM:0.63 OTM:0.37 | lr: 2.75e-06 | left: 6s
step 13600 ( 97.9%) | loss: 0.937924 | trade:0.34 call:0.59 put:0.41 | ATM:0.66 OTM:0.34 | lr: 1.74e-06 | left: 5s
step 13650 ( 98.5%) | loss: 0.966650 | trade:0.30 call:0.50 put:0.50 | ATM:0.65 OTM:0.35 | lr: 9.67e-07 | left: 4s
step 13700 ( 99.0%) | loss: 0.940443 | trade:0.28 call:0.56 put:0.44 | ATM:0.67 OTM:0.33 | lr: 4.13e-07 | left: 2s
step 13750 ( 99.5%) | loss: 0.939707 | trade:0.32 call:0.59 put:0.41 | ATM:0.63 OTM:0.37 | lr: 9.13e-08 | left: 1s

Training done at 245s. Starting evaluation...
Evaluation done in 7s (total wall: 251s)
Model saved to /root/best_model.pt
Trade log: 98 trades -> /root/trade_log.csv

---
score:              0.285595
profit_factor:      2.296731
win_rate:           0.438776
avg_winner:         0.645954
avg_loser:          -0.219886
trades_per_day:     1.507692
max_consec_loss:    8
num_trades:         98
trade_sharpe:       3.353801
sortino:            28.843538
max_drawdown:       -3.148303
calmar:             4.981187
ev_per_trade:       0.160023
do_nothing_pct:     0.584753
exit_pct:           0.014574
model_exit_count:   65
cooldown_blocked:   137
pre_10am_blocked:   626
short_hold_pct:     0.224000
stop_loss_rate:     0.316000
direction_collapse_pct: 0.336700
avg_entry_cost_bps: 357.267300
avg_entry_quality:  0.753600
cost_realism_coverage: 1.010200
high_cost_entry_rate: 0.469400
low_quality_entry_rate: 0.000000
actionable_bar_rate: 0.829100
risk_off_bar_rate:  0.000000
final_capital:      9721.73
equity_sharpe:      0.431300
max_equity_dd:      -0.526600
total_dollar_return:-0.027800
val_sharpe:         -0.450425
total_return:       15.682289
num_val_bars:       4460
num_val_days:       65
worst_chunk_pf:     0.26
rr_ratio:           2.9377
avg_hold_bars:      11.10
model_exit_rate:    0.6633
hit_ruin:           False
min_equity_frac:    0.5456
avg_risk_fraction:  0.1043
max_risk_fraction:  0.4200
trades_blocked_by_balance: 0
training_seconds:   240.0
total_seconds:      253.5
peak_vram_mb:       357.0
num_steps:          13795
num_params:         146,265
lookback:           120
depth:              3
d_model:            64
effective_lr:       0.00015
gate_label_smoothing:0.050000
dir_label_smoothing:0.050000
false_entry_penalty:2.000000
/opt/conda/lib/python3.11/site-packages/torch/nn/modules/transformer.py:379: UserWarning: enable_nested_tensor is True, but self.use_nested_tensor is False because encoder_layer.norm_first was True
  warnings.warn(
