Loading data from: /root/.cache/autoresearch-trading/features/data.pt
Loaded 382920 1-min bars, 32 features, 8 actions
  ~981 trading days
Training:   up to idx 268019
Validation: idx 268020-382919
  Option P&L coverage: 296720/382920 (77%)
Parameters: 146,265
Architecture: v4 simplified two-head (gate+dir) + confidence-aware strike gating
Training from scratch (v4: no warm-start).

Budget: 240s | Batch: 128 | Lookback: 120
LR: 0.00015 | Depth: 3 | d_model: 64 | ff_mult: 3
Dropout: 0.15 | Weight decay: 0.05
False entry penalty: 2.0x
Label smoothing: gate=0.05 dir=0.05
Loss weights: gate=1.0, dir=1.0, pnl=0.3, exit=0.5
Score tuning: R:R bonus=0.3, hold bonus=0.25, freq center=2.5, drawdown penalty=0.05

step 00000 (  0.0%) | loss: 2.706873 | trade:0.26 call:0.44 put:0.56 | ATM:0.19 OTM:0.81 | lr: 0.00e+00 | left: 240s
step 00050 (  0.4%) | loss: 2.793040 | trade:0.27 call:0.45 put:0.55 | ATM:0.20 OTM:0.80 | lr: 5.72e-06 | left: 239s
step 00100 (  0.9%) | loss: 2.731714 | trade:0.28 call:0.45 put:0.55 | ATM:0.20 OTM:0.80 | lr: 1.39e-05 | left: 238s
step 00150 (  1.5%) | loss: 2.676076 | trade:0.30 call:0.46 put:0.54 | ATM:0.22 OTM:0.78 | lr: 2.19e-05 | left: 236s
step 00200 (  2.0%) | loss: 2.619123 | trade:0.32 call:0.48 put:0.52 | ATM:0.23 OTM:0.77 | lr: 3.02e-05 | left: 235s
step 00250 (  2.5%) | loss: 2.566509 | trade:0.32 call:0.48 put:0.52 | ATM:0.26 OTM:0.74 | lr: 3.81e-05 | left: 234s
step 00300 (  3.1%) | loss: 2.517369 | trade:0.33 call:0.49 put:0.51 | ATM:0.28 OTM:0.72 | lr: 4.62e-05 | left: 233s
step 00350 (  3.6%) | loss: 2.452572 | trade:0.34 call:0.51 put:0.49 | ATM:0.30 OTM:0.70 | lr: 5.42e-05 | left: 231s
step 00400 (  4.2%) | loss: 2.397145 | trade:0.33 call:0.52 put:0.48 | ATM:0.34 OTM:0.66 | lr: 6.23e-05 | left: 230s
step 00450 (  4.7%) | loss: 2.353880 | trade:0.34 call:0.53 put:0.47 | ATM:0.33 OTM:0.67 | lr: 7.03e-05 | left: 229s
step 00500 (  5.2%) | loss: 2.284031 | trade:0.34 call:0.54 put:0.46 | ATM:0.35 OTM:0.65 | lr: 7.84e-05 | left: 227s
step 00550 (  5.6%) | loss: 2.248393 | trade:0.35 call:0.53 put:0.47 | ATM:0.35 OTM:0.65 | lr: 8.47e-05 | left: 226s
step 00600 (  6.1%) | loss: 2.181728 | trade:0.33 call:0.54 put:0.46 | ATM:0.37 OTM:0.63 | lr: 9.19e-05 | left: 225s
step 00650 (  6.7%) | loss: 2.116849 | trade:0.33 call:0.54 put:0.46 | ATM:0.35 OTM:0.65 | lr: 9.99e-05 | left: 224s
step 00700 (  7.2%) | loss: 2.018917 | trade:0.35 call:0.53 put:0.47 | ATM:0.35 OTM:0.65 | lr: 1.08e-04 | left: 223s
step 00750 (  7.7%) | loss: 1.932480 | trade:0.37 call:0.55 put:0.45 | ATM:0.36 OTM:0.64 | lr: 1.16e-04 | left: 221s
step 00800 (  8.2%) | loss: 1.815643 | trade:0.37 call:0.53 put:0.47 | ATM:0.37 OTM:0.63 | lr: 1.23e-04 | left: 220s
step 00850 (  8.7%) | loss: 1.673488 | trade:0.37 call:0.52 put:0.48 | ATM:0.44 OTM:0.56 | lr: 1.31e-04 | left: 219s
step 00900 (  9.3%) | loss: 1.579289 | trade:0.37 call:0.56 put:0.44 | ATM:0.41 OTM:0.59 | lr: 1.39e-04 | left: 218s
step 00950 (  9.8%) | loss: 1.530257 | trade:0.41 call:0.58 put:0.42 | ATM:0.39 OTM:0.61 | lr: 1.47e-04 | left: 216s
step 01000 ( 10.3%) | loss: 1.407240 | trade:0.37 call:0.55 put:0.45 | ATM:0.44 OTM:0.56 | lr: 1.50e-04 | left: 215s
step 01050 ( 10.9%) | loss: 1.291880 | trade:0.38 call:0.57 put:0.43 | ATM:0.42 OTM:0.58 | lr: 1.50e-04 | left: 214s
step 01100 ( 11.4%) | loss: 1.181972 | trade:0.41 call:0.58 put:0.42 | ATM:0.38 OTM:0.62 | lr: 1.50e-04 | left: 213s
step 01150 ( 12.0%) | loss: 1.108785 | trade:0.37 call:0.54 put:0.46 | ATM:0.46 OTM:0.54 | lr: 1.50e-04 | left: 211s
step 01200 ( 12.5%) | loss: 1.047298 | trade:0.43 call:0.63 put:0.37 | ATM:0.39 OTM:0.61 | lr: 1.50e-04 | left: 210s
step 01250 ( 13.1%) | loss: 0.997512 | trade:0.41 call:0.52 put:0.48 | ATM:0.44 OTM:0.56 | lr: 1.50e-04 | left: 209s
step 01300 ( 13.6%) | loss: 0.952666 | trade:0.47 call:0.61 put:0.39 | ATM:0.39 OTM:0.61 | lr: 1.50e-04 | left: 207s
step 01350 ( 14.2%) | loss: 0.918429 | trade:0.45 call:0.60 put:0.40 | ATM:0.38 OTM:0.62 | lr: 1.50e-04 | left: 206s
step 01400 ( 14.7%) | loss: 0.873769 | trade:0.41 call:0.49 put:0.51 | ATM:0.52 OTM:0.48 | lr: 1.50e-04 | left: 205s
step 01450 ( 15.2%) | loss: 0.870520 | trade:0.44 call:0.53 put:0.47 | ATM:0.48 OTM:0.52 | lr: 1.50e-04 | left: 203s
step 01500 ( 15.8%) | loss: 0.815199 | trade:0.37 call:0.61 put:0.39 | ATM:0.54 OTM:0.46 | lr: 1.50e-04 | left: 202s
step 01550 ( 16.3%) | loss: 0.802541 | trade:0.44 call:0.61 put:0.39 | ATM:0.46 OTM:0.54 | lr: 1.50e-04 | left: 201s
step 01600 ( 16.9%) | loss: 0.784005 | trade:0.42 call:0.56 put:0.44 | ATM:0.48 OTM:0.52 | lr: 1.50e-04 | left: 199s
step 01650 ( 17.4%) | loss: 0.767331 | trade:0.43 call:0.54 put:0.46 | ATM:0.45 OTM:0.55 | lr: 1.50e-04 | left: 198s
step 01700 ( 18.0%) | loss: 0.781531 | trade:0.37 call:0.56 put:0.44 | ATM:0.53 OTM:0.47 | lr: 1.50e-04 | left: 197s
step 01750 ( 18.5%) | loss: 0.769722 | trade:0.46 call:0.54 put:0.46 | ATM:0.45 OTM:0.55 | lr: 1.50e-04 | left: 196s
step 01800 ( 19.0%) | loss: 0.726633 | trade:0.43 call:0.57 put:0.43 | ATM:0.50 OTM:0.50 | lr: 1.50e-04 | left: 194s
step 01850 ( 19.6%) | loss: 0.749967 | trade:0.40 call:0.51 put:0.49 | ATM:0.50 OTM:0.50 | lr: 1.50e-04 | left: 193s
step 01900 ( 20.1%) | loss: 0.730472 | trade:0.44 call:0.60 put:0.40 | ATM:0.54 OTM:0.46 | lr: 1.50e-04 | left: 192s
step 01950 ( 20.7%) | loss: 0.692031 | trade:0.41 call:0.57 put:0.43 | ATM:0.47 OTM:0.53 | lr: 1.50e-04 | left: 190s
step 02000 ( 21.2%) | loss: 0.683318 | trade:0.44 call:0.56 put:0.44 | ATM:0.51 OTM:0.49 | lr: 1.50e-04 | left: 189s
step 02050 ( 21.8%) | loss: 0.681780 | trade:0.49 call:0.53 put:0.47 | ATM:0.46 OTM:0.54 | lr: 1.50e-04 | left: 188s
step 02100 ( 22.3%) | loss: 0.692450 | trade:0.41 call:0.45 put:0.55 | ATM:0.51 OTM:0.49 | lr: 1.50e-04 | left: 186s
step 02150 ( 22.9%) | loss: 0.694363 | trade:0.39 call:0.55 put:0.45 | ATM:0.49 OTM:0.51 | lr: 1.50e-04 | left: 185s
step 02200 ( 23.4%) | loss: 0.649225 | trade:0.40 call:0.54 put:0.46 | ATM:0.47 OTM:0.53 | lr: 1.50e-04 | left: 184s
step 02250 ( 24.0%) | loss: 0.706256 | trade:0.43 call:0.55 put:0.45 | ATM:0.51 OTM:0.49 | lr: 1.50e-04 | left: 182s
step 02300 ( 24.4%) | loss: 0.668075 | trade:0.43 call:0.60 put:0.40 | ATM:0.48 OTM:0.52 | lr: 1.50e-04 | left: 181s
step 02350 ( 24.9%) | loss: 0.673061 | trade:0.37 call:0.58 put:0.42 | ATM:0.54 OTM:0.46 | lr: 1.50e-04 | left: 180s
step 02400 ( 25.5%) | loss: 0.664114 | trade:0.41 call:0.58 put:0.42 | ATM:0.52 OTM:0.48 | lr: 1.50e-04 | left: 179s
step 02450 ( 26.0%) | loss: 0.650208 | trade:0.35 call:0.57 put:0.43 | ATM:0.56 OTM:0.44 | lr: 1.50e-04 | left: 178s
step 02500 ( 26.6%) | loss: 0.648702 | trade:0.42 call:0.54 put:0.46 | ATM:0.58 OTM:0.42 | lr: 1.50e-04 | left: 176s
step 02550 ( 27.1%) | loss: 0.651912 | trade:0.40 call:0.56 put:0.44 | ATM:0.53 OTM:0.47 | lr: 1.50e-04 | left: 175s
step 02600 ( 27.6%) | loss: 0.659235 | trade:0.40 call:0.55 put:0.45 | ATM:0.50 OTM:0.50 | lr: 1.50e-04 | left: 174s
step 02650 ( 28.2%) | loss: 0.669757 | trade:0.46 call:0.53 put:0.47 | ATM:0.49 OTM:0.51 | lr: 1.50e-04 | left: 172s
step 02700 ( 28.7%) | loss: 0.634843 | trade:0.41 call:0.59 put:0.41 | ATM:0.49 OTM:0.51 | lr: 1.50e-04 | left: 171s
step 02750 ( 29.3%) | loss: 0.618626 | trade:0.38 call:0.50 put:0.50 | ATM:0.59 OTM:0.41 | lr: 1.50e-04 | left: 170s
step 02800 ( 29.8%) | loss: 0.654152 | trade:0.42 call:0.57 put:0.43 | ATM:0.58 OTM:0.42 | lr: 1.50e-04 | left: 168s
step 02850 ( 30.4%) | loss: 0.598115 | trade:0.47 call:0.55 put:0.45 | ATM:0.46 OTM:0.54 | lr: 1.50e-04 | left: 167s
step 02900 ( 30.9%) | loss: 0.644331 | trade:0.45 call:0.53 put:0.47 | ATM:0.43 OTM:0.57 | lr: 1.50e-04 | left: 166s
step 02950 ( 31.5%) | loss: 0.626629 | trade:0.46 call:0.56 put:0.44 | ATM:0.52 OTM:0.48 | lr: 1.50e-04 | left: 164s
step 03000 ( 32.0%) | loss: 0.616368 | trade:0.40 call:0.54 put:0.46 | ATM:0.60 OTM:0.40 | lr: 1.50e-04 | left: 163s
step 03050 ( 32.5%) | loss: 0.665259 | trade:0.45 call:0.60 put:0.40 | ATM:0.47 OTM:0.53 | lr: 1.50e-04 | left: 162s
step 03100 ( 33.1%) | loss: 0.612788 | trade:0.42 call:0.62 put:0.38 | ATM:0.49 OTM:0.51 | lr: 1.50e-04 | left: 161s
step 03150 ( 33.6%) | loss: 0.650056 | trade:0.40 call:0.54 put:0.46 | ATM:0.56 OTM:0.44 | lr: 1.50e-04 | left: 159s
step 03200 ( 34.2%) | loss: 0.616773 | trade:0.42 call:0.51 put:0.49 | ATM:0.51 OTM:0.49 | lr: 1.50e-04 | left: 158s
step 03250 ( 34.7%) | loss: 0.608260 | trade:0.45 call:0.54 put:0.46 | ATM:0.48 OTM:0.52 | lr: 1.50e-04 | left: 157s
step 03300 ( 35.3%) | loss: 0.629109 | trade:0.41 call:0.50 put:0.50 | ATM:0.50 OTM:0.50 | lr: 1.50e-04 | left: 155s
step 03350 ( 35.8%) | loss: 0.622108 | trade:0.43 call:0.57 put:0.43 | ATM:0.54 OTM:0.46 | lr: 1.50e-04 | left: 154s
step 03400 ( 36.4%) | loss: 0.637997 | trade:0.44 call:0.55 put:0.45 | ATM:0.49 OTM:0.51 | lr: 1.50e-04 | left: 153s
step 03450 ( 36.9%) | loss: 0.604489 | trade:0.44 call:0.59 put:0.41 | ATM:0.53 OTM:0.47 | lr: 1.50e-04 | left: 151s
step 03500 ( 37.5%) | loss: 0.618007 | trade:0.39 call:0.59 put:0.41 | ATM:0.54 OTM:0.46 | lr: 1.50e-04 | left: 150s
step 03550 ( 38.0%) | loss: 0.617130 | trade:0.40 call:0.56 put:0.44 | ATM:0.52 OTM:0.48 | lr: 1.50e-04 | left: 149s
step 03600 ( 38.5%) | loss: 0.637709 | trade:0.40 call:0.51 put:0.49 | ATM:0.49 OTM:0.51 | lr: 1.50e-04 | left: 147s
step 03650 ( 39.1%) | loss: 0.610053 | trade:0.42 call:0.63 put:0.37 | ATM:0.56 OTM:0.44 | lr: 1.50e-04 | left: 146s
step 03700 ( 39.6%) | loss: 0.628098 | trade:0.40 call:0.59 put:0.41 | ATM:0.56 OTM:0.44 | lr: 1.50e-04 | left: 145s
step 03750 ( 40.2%) | loss: 0.603493 | trade:0.41 call:0.63 put:0.37 | ATM:0.53 OTM:0.47 | lr: 1.50e-04 | left: 144s
step 03800 ( 40.7%) | loss: 0.593589 | trade:0.41 call:0.61 put:0.39 | ATM:0.56 OTM:0.44 | lr: 1.50e-04 | left: 142s
step 03850 ( 41.3%) | loss: 0.621121 | trade:0.41 call:0.55 put:0.45 | ATM:0.49 OTM:0.51 | lr: 1.50e-04 | left: 141s
step 03900 ( 41.8%) | loss: 0.618939 | trade:0.38 call:0.61 put:0.39 | ATM:0.59 OTM:0.41 | lr: 1.50e-04 | left: 140s
step 03950 ( 42.4%) | loss: 0.620017 | trade:0.48 call:0.57 put:0.43 | ATM:0.49 OTM:0.51 | lr: 1.50e-04 | left: 138s
step 04000 ( 42.9%) | loss: 0.598195 | trade:0.46 call:0.60 put:0.40 | ATM:0.54 OTM:0.46 | lr: 1.50e-04 | left: 137s
step 04050 ( 43.4%) | loss: 0.595850 | trade:0.42 call:0.62 put:0.38 | ATM:0.52 OTM:0.48 | lr: 1.50e-04 | left: 136s
step 04100 ( 43.9%) | loss: 0.601797 | trade:0.41 call:0.58 put:0.42 | ATM:0.49 OTM:0.51 | lr: 1.50e-04 | left: 135s
step 04150 ( 44.5%) | loss: 0.600959 | trade:0.46 call:0.58 put:0.42 | ATM:0.46 OTM:0.54 | lr: 1.50e-04 | left: 133s
step 04200 ( 45.0%) | loss: 0.588267 | trade:0.49 call:0.58 put:0.42 | ATM:0.48 OTM:0.52 | lr: 1.50e-04 | left: 132s
step 04250 ( 45.6%) | loss: 0.579721 | trade:0.41 call:0.58 put:0.42 | ATM:0.52 OTM:0.48 | lr: 1.50e-04 | left: 131s
step 04300 ( 46.1%) | loss: 0.616196 | trade:0.40 call:0.59 put:0.41 | ATM:0.59 OTM:0.41 | lr: 1.50e-04 | left: 129s
step 04350 ( 46.7%) | loss: 0.633333 | trade:0.42 call:0.55 put:0.45 | ATM:0.53 OTM:0.47 | lr: 1.50e-04 | left: 128s
step 04400 ( 47.2%) | loss: 0.583277 | trade:0.46 call:0.52 put:0.48 | ATM:0.49 OTM:0.51 | lr: 1.50e-04 | left: 127s
step 04450 ( 47.8%) | loss: 0.578416 | trade:0.43 call:0.57 put:0.43 | ATM:0.48 OTM:0.52 | lr: 1.50e-04 | left: 125s
step 04500 ( 48.3%) | loss: 0.588417 | trade:0.40 call:0.60 put:0.40 | ATM:0.51 OTM:0.49 | lr: 1.50e-04 | left: 124s
step 04550 ( 48.9%) | loss: 0.571042 | trade:0.42 call:0.50 put:0.50 | ATM:0.53 OTM:0.47 | lr: 1.50e-04 | left: 123s
step 04600 ( 49.4%) | loss: 0.594081 | trade:0.36 call:0.56 put:0.44 | ATM:0.56 OTM:0.44 | lr: 1.50e-04 | left: 121s
step 04650 ( 50.0%) | loss: 0.571831 | trade:0.41 call:0.61 put:0.39 | ATM:0.51 OTM:0.49 | lr: 1.50e-04 | left: 120s
step 04700 ( 50.5%) | loss: 0.586485 | trade:0.40 call:0.52 put:0.48 | ATM:0.56 OTM:0.44 | lr: 1.50e-04 | left: 119s
step 04750 ( 51.1%) | loss: 0.601453 | trade:0.39 call:0.59 put:0.41 | ATM:0.53 OTM:0.47 | lr: 1.50e-04 | left: 117s
step 04800 ( 51.6%) | loss: 0.597948 | trade:0.42 call:0.54 put:0.46 | ATM:0.47 OTM:0.53 | lr: 1.50e-04 | left: 116s
step 04850 ( 52.1%) | loss: 0.566705 | trade:0.43 call:0.62 put:0.38 | ATM:0.57 OTM:0.43 | lr: 1.50e-04 | left: 115s
step 04900 ( 52.6%) | loss: 0.585867 | trade:0.45 call:0.52 put:0.48 | ATM:0.54 OTM:0.46 | lr: 1.50e-04 | left: 114s
step 04950 ( 53.2%) | loss: 0.584079 | trade:0.43 call:0.53 put:0.47 | ATM:0.55 OTM:0.45 | lr: 1.50e-04 | left: 112s
step 05000 ( 53.7%) | loss: 0.574680 | trade:0.43 call:0.61 put:0.39 | ATM:0.49 OTM:0.51 | lr: 1.50e-04 | left: 111s
step 05050 ( 54.3%) | loss: 0.585872 | trade:0.42 call:0.54 put:0.46 | ATM:0.56 OTM:0.44 | lr: 1.50e-04 | left: 110s
step 05100 ( 54.8%) | loss: 0.556191 | trade:0.38 call:0.57 put:0.43 | ATM:0.54 OTM:0.46 | lr: 1.50e-04 | left: 108s
step 05150 ( 55.4%) | loss: 0.581781 | trade:0.46 call:0.58 put:0.42 | ATM:0.50 OTM:0.50 | lr: 1.50e-04 | left: 107s
step 05200 ( 55.9%) | loss: 0.587727 | trade:0.47 call:0.62 put:0.38 | ATM:0.47 OTM:0.53 | lr: 1.50e-04 | left: 106s
step 05250 ( 56.5%) | loss: 0.597184 | trade:0.44 call:0.55 put:0.45 | ATM:0.54 OTM:0.46 | lr: 1.50e-04 | left: 104s
step 05300 ( 57.0%) | loss: 0.607858 | trade:0.38 call:0.66 put:0.34 | ATM:0.61 OTM:0.39 | lr: 1.50e-04 | left: 103s
step 05350 ( 57.5%) | loss: 0.567831 | trade:0.46 call:0.53 put:0.47 | ATM:0.42 OTM:0.58 | lr: 1.50e-04 | left: 102s
step 05400 ( 58.1%) | loss: 0.595024 | trade:0.40 call:0.53 put:0.47 | ATM:0.57 OTM:0.43 | lr: 1.50e-04 | left: 101s
step 05450 ( 58.6%) | loss: 0.583924 | trade:0.40 call:0.59 put:0.41 | ATM:0.57 OTM:0.43 | lr: 1.50e-04 | left: 99s
step 05500 ( 59.2%) | loss: 0.559920 | trade:0.37 call:0.57 put:0.43 | ATM:0.57 OTM:0.43 | lr: 1.50e-04 | left: 98s
step 05550 ( 59.7%) | loss: 0.575818 | trade:0.39 call:0.62 put:0.38 | ATM:0.56 OTM:0.44 | lr: 1.50e-04 | left: 97s
step 05600 ( 60.3%) | loss: 0.601941 | trade:0.38 call:0.60 put:0.40 | ATM:0.62 OTM:0.38 | lr: 1.50e-04 | left: 95s
step 05650 ( 60.8%) | loss: 0.557809 | trade:0.41 call:0.56 put:0.44 | ATM:0.56 OTM:0.44 | lr: 1.50e-04 | left: 94s
step 05700 ( 61.4%) | loss: 0.599259 | trade:0.43 call:0.52 put:0.48 | ATM:0.58 OTM:0.42 | lr: 1.50e-04 | left: 93s
step 05750 ( 61.9%) | loss: 0.573105 | trade:0.43 call:0.58 put:0.42 | ATM:0.55 OTM:0.45 | lr: 1.50e-04 | left: 91s
step 05800 ( 62.5%) | loss: 0.572269 | trade:0.43 call:0.54 put:0.46 | ATM:0.54 OTM:0.46 | lr: 1.50e-04 | left: 90s
step 05850 ( 63.0%) | loss: 0.574715 | trade:0.39 call:0.62 put:0.38 | ATM:0.60 OTM:0.40 | lr: 1.50e-04 | left: 89s
step 05900 ( 63.6%) | loss: 0.582376 | trade:0.49 call:0.55 put:0.45 | ATM:0.46 OTM:0.54 | lr: 1.50e-04 | left: 87s
step 05950 ( 64.1%) | loss: 0.569327 | trade:0.44 call:0.52 put:0.48 | ATM:0.51 OTM:0.49 | lr: 1.50e-04 | left: 86s
step 06000 ( 64.7%) | loss: 0.586305 | trade:0.41 call:0.61 put:0.39 | ATM:0.55 OTM:0.45 | lr: 1.50e-04 | left: 85s
step 06050 ( 65.2%) | loss: 0.546522 | trade:0.38 call:0.59 put:0.41 | ATM:0.56 OTM:0.44 | lr: 1.50e-04 | left: 84s
step 06100 ( 65.7%) | loss: 0.610693 | trade:0.49 call:0.55 put:0.45 | ATM:0.42 OTM:0.58 | lr: 1.50e-04 | left: 82s
step 06150 ( 66.3%) | loss: 0.572418 | trade:0.41 call:0.57 put:0.43 | ATM:0.59 OTM:0.41 | lr: 1.50e-04 | left: 81s
step 06200 ( 66.8%) | loss: 0.581298 | trade:0.44 call:0.60 put:0.40 | ATM:0.58 OTM:0.42 | lr: 1.50e-04 | left: 80s
step 06250 ( 67.3%) | loss: 0.589444 | trade:0.46 call:0.59 put:0.41 | ATM:0.50 OTM:0.50 | lr: 1.50e-04 | left: 78s
step 06300 ( 67.9%) | loss: 0.576988 | trade:0.39 call:0.56 put:0.44 | ATM:0.57 OTM:0.43 | lr: 1.50e-04 | left: 77s
step 06350 ( 68.4%) | loss: 0.568898 | trade:0.41 call:0.53 put:0.47 | ATM:0.57 OTM:0.43 | lr: 1.50e-04 | left: 76s
step 06400 ( 69.0%) | loss: 0.576033 | trade:0.42 call:0.52 put:0.48 | ATM:0.57 OTM:0.43 | lr: 1.50e-04 | left: 74s
step 06450 ( 69.5%) | loss: 0.584842 | trade:0.42 call:0.60 put:0.40 | ATM:0.57 OTM:0.43 | lr: 1.50e-04 | left: 73s
step 06500 ( 70.0%) | loss: 0.570543 | trade:0.40 call:0.54 put:0.46 | ATM:0.57 OTM:0.43 | lr: 1.50e-04 | left: 72s
step 06550 ( 70.5%) | loss: 0.583743 | trade:0.41 call:0.55 put:0.45 | ATM:0.50 OTM:0.50 | lr: 1.50e-04 | left: 71s
step 06600 ( 71.1%) | loss: 0.553635 | trade:0.42 call:0.58 put:0.42 | ATM:0.55 OTM:0.45 | lr: 1.50e-04 | left: 69s
step 06650 ( 71.6%) | loss: 0.558251 | trade:0.47 call:0.58 put:0.42 | ATM:0.45 OTM:0.55 | lr: 1.49e-04 | left: 68s
step 06700 ( 72.2%) | loss: 0.567789 | trade:0.40 call:0.65 put:0.35 | ATM:0.50 OTM:0.50 | lr: 1.48e-04 | left: 67s
step 06750 ( 72.7%) | loss: 0.603031 | trade:0.36 call:0.58 put:0.42 | ATM:0.63 OTM:0.37 | lr: 1.47e-04 | left: 65s
step 06800 ( 73.3%) | loss: 0.546614 | trade:0.41 call:0.47 put:0.53 | ATM:0.56 OTM:0.44 | lr: 1.46e-04 | left: 64s
step 06850 ( 73.8%) | loss: 0.549305 | trade:0.37 call:0.53 put:0.47 | ATM:0.58 OTM:0.42 | lr: 1.44e-04 | left: 63s
step 06900 ( 74.4%) | loss: 0.558740 | trade:0.42 call:0.64 put:0.36 | ATM:0.60 OTM:0.40 | lr: 1.42e-04 | left: 62s
step 06950 ( 74.9%) | loss: 0.552340 | trade:0.43 call:0.59 put:0.41 | ATM:0.53 OTM:0.47 | lr: 1.40e-04 | left: 60s
step 07000 ( 75.4%) | loss: 0.566258 | trade:0.44 call:0.63 put:0.37 | ATM:0.54 OTM:0.46 | lr: 1.38e-04 | left: 59s
step 07050 ( 76.0%) | loss: 0.559816 | trade:0.45 call:0.52 put:0.48 | ATM:0.49 OTM:0.51 | lr: 1.36e-04 | left: 58s
step 07100 ( 76.5%) | loss: 0.557967 | trade:0.38 call:0.60 put:0.40 | ATM:0.60 OTM:0.40 | lr: 1.33e-04 | left: 56s
step 07150 ( 77.1%) | loss: 0.532102 | trade:0.45 call:0.60 put:0.40 | ATM:0.46 OTM:0.54 | lr: 1.30e-04 | left: 55s
step 07200 ( 77.6%) | loss: 0.552147 | trade:0.49 call:0.54 put:0.46 | ATM:0.48 OTM:0.52 | lr: 1.28e-04 | left: 54s
step 07250 ( 78.1%) | loss: 0.566104 | trade:0.41 call:0.63 put:0.37 | ATM:0.60 OTM:0.40 | lr: 1.24e-04 | left: 52s
step 07300 ( 78.7%) | loss: 0.568913 | trade:0.41 call:0.61 put:0.39 | ATM:0.56 OTM:0.44 | lr: 1.21e-04 | left: 51s
step 07350 ( 79.2%) | loss: 0.574292 | trade:0.44 call:0.62 put:0.38 | ATM:0.54 OTM:0.46 | lr: 1.18e-04 | left: 50s
step 07400 ( 79.8%) | loss: 0.549013 | trade:0.46 call:0.54 put:0.46 | ATM:0.55 OTM:0.45 | lr: 1.14e-04 | left: 49s
step 07450 ( 80.3%) | loss: 0.562915 | trade:0.40 call:0.60 put:0.40 | ATM:0.54 OTM:0.46 | lr: 1.10e-04 | left: 47s
step 07500 ( 80.9%) | loss: 0.551648 | trade:0.44 call:0.57 put:0.43 | ATM:0.53 OTM:0.47 | lr: 1.07e-04 | left: 46s
step 07550 ( 81.4%) | loss: 0.545699 | trade:0.39 call:0.67 put:0.33 | ATM:0.55 OTM:0.45 | lr: 1.03e-04 | left: 45s
step 07600 ( 82.0%) | loss: 0.527573 | trade:0.41 call:0.62 put:0.38 | ATM:0.54 OTM:0.46 | lr: 9.85e-05 | left: 43s
step 07650 ( 82.5%) | loss: 0.567906 | trade:0.39 call:0.59 put:0.41 | ATM:0.62 OTM:0.38 | lr: 9.44e-05 | left: 42s
step 07700 ( 83.0%) | loss: 0.562206 | trade:0.41 call:0.60 put:0.40 | ATM:0.54 OTM:0.46 | lr: 9.02e-05 | left: 41s
step 07750 ( 83.6%) | loss: 0.569563 | trade:0.44 call:0.58 put:0.42 | ATM:0.54 OTM:0.46 | lr: 8.60e-05 | left: 39s
step 07800 ( 84.1%) | loss: 0.559898 | trade:0.43 call:0.59 put:0.41 | ATM:0.54 OTM:0.46 | lr: 8.17e-05 | left: 38s
step 07850 ( 84.7%) | loss: 0.571277 | trade:0.37 call:0.59 put:0.41 | ATM:0.60 OTM:0.40 | lr: 7.74e-05 | left: 37s
step 07900 ( 85.2%) | loss: 0.567456 | trade:0.41 call:0.55 put:0.45 | ATM:0.51 OTM:0.49 | lr: 7.32e-05 | left: 35s
step 07950 ( 85.8%) | loss: 0.555306 | trade:0.36 call:0.58 put:0.42 | ATM:0.57 OTM:0.43 | lr: 6.90e-05 | left: 34s
step 08000 ( 86.3%) | loss: 0.523227 | trade:0.39 call:0.63 put:0.37 | ATM:0.61 OTM:0.39 | lr: 6.47e-05 | left: 33s
step 08050 ( 86.9%) | loss: 0.552475 | trade:0.38 call:0.57 put:0.43 | ATM:0.58 OTM:0.42 | lr: 6.05e-05 | left: 32s
step 08100 ( 87.4%) | loss: 0.550636 | trade:0.40 call:0.56 put:0.44 | ATM:0.58 OTM:0.42 | lr: 5.63e-05 | left: 30s
step 08150 ( 87.9%) | loss: 0.559615 | trade:0.41 call:0.58 put:0.42 | ATM:0.57 OTM:0.43 | lr: 5.22e-05 | left: 29s
step 08200 ( 88.5%) | loss: 0.547853 | trade:0.38 call:0.60 put:0.40 | ATM:0.59 OTM:0.41 | lr: 4.83e-05 | left: 28s
step 08250 ( 89.0%) | loss: 0.534563 | trade:0.44 call:0.59 put:0.41 | ATM:0.51 OTM:0.49 | lr: 4.44e-05 | left: 26s
step 08300 ( 89.6%) | loss: 0.544955 | trade:0.42 call:0.65 put:0.35 | ATM:0.62 OTM:0.38 | lr: 4.05e-05 | left: 25s
step 08350 ( 90.1%) | loss: 0.541596 | trade:0.42 call:0.55 put:0.45 | ATM:0.50 OTM:0.50 | lr: 3.68e-05 | left: 24s
step 08400 ( 90.7%) | loss: 0.542683 | trade:0.40 call:0.54 put:0.46 | ATM:0.56 OTM:0.44 | lr: 3.31e-05 | left: 22s
step 08450 ( 91.2%) | loss: 0.546046 | trade:0.39 call:0.50 put:0.50 | ATM:0.59 OTM:0.41 | lr: 2.97e-05 | left: 21s
step 08500 ( 91.7%) | loss: 0.544280 | trade:0.44 call:0.61 put:0.39 | ATM:0.57 OTM:0.43 | lr: 2.63e-05 | left: 20s
step 08550 ( 92.3%) | loss: 0.560737 | trade:0.40 call:0.55 put:0.45 | ATM:0.56 OTM:0.44 | lr: 2.31e-05 | left: 18s
step 08600 ( 92.8%) | loss: 0.561848 | trade:0.42 call:0.57 put:0.43 | ATM:0.58 OTM:0.42 | lr: 2.01e-05 | left: 17s
step 08650 ( 93.4%) | loss: 0.521412 | trade:0.40 call:0.51 put:0.49 | ATM:0.57 OTM:0.43 | lr: 1.73e-05 | left: 16s
step 08700 ( 93.9%) | loss: 0.544074 | trade:0.46 call:0.54 put:0.46 | ATM:0.51 OTM:0.49 | lr: 1.47e-05 | left: 15s
step 08750 ( 94.5%) | loss: 0.528155 | trade:0.44 call:0.54 put:0.46 | ATM:0.52 OTM:0.48 | lr: 1.22e-05 | left: 13s
step 08800 ( 95.0%) | loss: 0.541146 | trade:0.48 call:0.66 put:0.34 | ATM:0.49 OTM:0.51 | lr: 9.98e-06 | left: 12s
step 08850 ( 95.6%) | loss: 0.554533 | trade:0.43 call:0.56 put:0.44 | ATM:0.54 OTM:0.46 | lr: 7.95e-06 | left: 11s
step 08900 ( 96.1%) | loss: 0.533170 | trade:0.41 call:0.58 put:0.42 | ATM:0.51 OTM:0.49 | lr: 6.14e-06 | left: 9s
step 08950 ( 96.7%) | loss: 0.558968 | trade:0.39 call:0.62 put:0.38 | ATM:0.52 OTM:0.48 | lr: 4.55e-06 | left: 8s
step 09000 ( 97.2%) | loss: 0.527142 | trade:0.40 call:0.66 put:0.34 | ATM:0.57 OTM:0.43 | lr: 3.20e-06 | left: 7s
step 09050 ( 97.7%) | loss: 0.533313 | trade:0.39 call:0.55 put:0.45 | ATM:0.57 OTM:0.43 | lr: 2.07e-06 | left: 5s
step 09100 ( 98.3%) | loss: 0.559072 | trade:0.43 call:0.61 put:0.39 | ATM:0.57 OTM:0.43 | lr: 1.19e-06 | left: 4s
step 09150 ( 98.8%) | loss: 0.528527 | trade:0.42 call:0.59 put:0.41 | ATM:0.49 OTM:0.51 | lr: 5.53e-07 | left: 3s
step 09200 ( 99.4%) | loss: 0.552262 | trade:0.42 call:0.61 put:0.39 | ATM:0.47 OTM:0.53 | lr: 1.56e-07 | left: 1s
step 09250 ( 99.9%) | loss: 0.559882 | trade:0.39 call:0.59 put:0.41 | ATM:0.59 OTM:0.41 | lr: 3.30e-09 | left: 0s

Training done at 244s. Starting evaluation...
Evaluation done in 10s (total wall: 254s)
Model saved to /root/best_model.pt
Trade log: 127 trades -> /root/trade_log.csv

---
score:              1.196096
profit_factor:      1.892102
win_rate:           0.314961
avg_winner:         0.967392
avg_loser:          -0.235071
trades_per_day:     1.953846
max_consec_loss:    13
num_trades:         127
trade_sharpe:       3.068015
sortino:            26.214350
max_drawdown:       -3.827314
calmar:             4.766923
ev_per_trade:       0.143658
do_nothing_pct:     0.411883
exit_pct:           0.016592
model_exit_count:   74
cooldown_blocked:   207
pre_10am_blocked:   1016
short_hold_pct:     0.244000
stop_loss_rate:     0.370000
direction_collapse_pct: 0.315000
avg_entry_cost_bps: 341.539700
avg_entry_quality:  0.790600
cost_realism_coverage: 1.007900
high_cost_entry_rate: 0.370100
low_quality_entry_rate: 0.000000
actionable_bar_rate: 0.829100
risk_off_bar_rate:  0.000000
final_capital:      8637.66
equity_sharpe:      0.600200
max_equity_dd:      -0.645600
total_dollar_return:-0.136200
val_sharpe:         -30.311490
total_return:       18.244511
num_val_bars:       4460
num_val_days:       65
worst_chunk_pf:     0.37
rr_ratio:           4.1153
avg_hold_bars:      11.02
model_exit_rate:    0.5827
hit_ruin:           False
min_equity_frac:    0.3544
avg_risk_fraction:  0.1261
max_risk_fraction:  0.5092
trades_blocked_by_balance: 0
  Chunk 1: 2025-02-18..2025-05-28 | 21 trades | PF=0.37 | WR=23.8%
  Chunk 2: 2025-06-04..2025-07-31 | 21 trades | PF=1.65 | WR=33.3%
  Chunk 3: 2025-08-01..2025-09-10 | 18 trades | PF=1.00 | WR=27.8%
  Chunk 4: 2025-09-16..2025-10-31 | 29 trades | PF=3.50 | WR=31.0%
  Chunk 5: 2025-11-03..2026-03-12 | 38 trades | PF=2.41 | WR=36.8%
training_seconds:   240.0
total_seconds:      256.0
peak_vram_mb:       357.0
num_steps:          9259
num_params:         146,265
lookback:           120
depth:              3
d_model:            64
effective_lr:       0.00015
gate_label_smoothing:0.050000
dir_label_smoothing:0.050000
false_entry_penalty:2.000000
/opt/conda/lib/python3.11/site-packages/torch/nn/modules/transformer.py:379: UserWarning: enable_nested_tensor is True, but self.use_nested_tensor is False because encoder_layer.norm_first was True
  warnings.warn(
