Mixed precision: bf16 enabled (Ampere+ GPU detected)
Loading data from: /root/.cache/autoresearch-trading/features/data.pt
Loaded 384870 1-min bars, 32 features, 8 actions
  ~986 trading days
Training:   up to idx 269189
Validation: idx 269190-384869
  Option P&L coverage: 297877/384870 (77%)
Parameters: 145,064
Architecture: v4 simplified two-head (gate+dir), ATM-biased, no ETV
Training from scratch (v4: no warm-start).
Day-sequential batching: 70% sequential, 30% random (batch=16)

Budget: 240s | Batch: 512 | Lookback: 120
LR: 0.00025 | Depth: 3 | d_model: 64 | ff_mult: 3
Dropout: 0.15 | Weight decay: 0.05
Label smoothing: gate=0.05 dir=0.05
Loss weights: gate=0.5, dir=2.0, pnl=0.25
Exit override strength: 0.15 (gate targets flipped on exit bars)
Position state: flat for random batches, tracked for day-sequential

step 00000 (  0.0%) | loss: 0.000000 | trade:0.53 call:0.47 put:0.53 | ATM:0.43 OTM:0.57 [seq] | lr: 0.00e+00 | left: 240s
step 00050 (  0.2%) | loss: 1.186192 | trade:0.51 call:0.55 put:0.45 | ATM:0.42 OTM:0.58 [seq] | lr: 3.81e-06 | left: 239s
step 00100 (  0.7%) | loss: 1.502698 | trade:0.61 call:0.47 put:0.53 | ATM:0.44 OTM:0.56 [seq] | lr: 1.11e-05 | left: 238s
step 00150 (  1.0%) | loss: 1.324011 | trade:0.57 call:0.51 put:0.49 | ATM:0.48 OTM:0.52 [seq] | lr: 1.68e-05 | left: 238s
step 00200 (  1.2%) | loss: 1.034368 | trade:0.61 call:0.47 put:0.53 | ATM:0.46 OTM:0.54 [seq] | lr: 2.01e-05 | left: 237s
step 00250 (  1.4%) | loss: 0.777608 | trade:0.50 call:0.54 put:0.46 | ATM:0.47 OTM:0.53 [seq] | lr: 2.37e-05 | left: 237s
step 00300 (  1.7%) | loss: 1.242900 | trade:0.50 call:0.67 put:0.33 | ATM:0.48 OTM:0.52 [seq] | lr: 2.76e-05 | left: 236s
step 00350 (  1.9%) | loss: 1.282358 | trade:0.46 call:0.64 put:0.36 | ATM:0.47 OTM:0.53 [rnd] | lr: 3.17e-05 | left: 235s
step 00400 (  2.3%) | loss: 1.149808 | trade:0.51 call:0.66 put:0.34 | ATM:0.45 OTM:0.55 [seq] | lr: 3.76e-05 | left: 235s
step 00450 (  2.6%) | loss: 1.307525 | trade:0.23 call:0.71 put:0.29 | ATM:0.48 OTM:0.52 [seq] | lr: 4.31e-05 | left: 234s
step 00500 (  3.0%) | loss: 0.900563 | trade:0.37 call:0.80 put:0.20 | ATM:0.55 OTM:0.45 [seq] | lr: 4.99e-05 | left: 233s
step 00550 (  3.3%) | loss: 1.148985 | trade:0.30 call:0.74 put:0.26 | ATM:0.49 OTM:0.51 [seq] | lr: 5.47e-05 | left: 232s
step 00600 (  3.5%) | loss: 0.859802 | trade:0.34 call:0.89 put:0.11 | ATM:0.56 OTM:0.44 [seq] | lr: 5.78e-05 | left: 232s
step 00650 (  3.7%) | loss: 1.155944 | trade:0.29 call:0.88 put:0.12 | ATM:0.53 OTM:0.47 [seq] | lr: 6.10e-05 | left: 231s
step 00700 (  3.9%) | loss: 1.328064 | trade:0.22 call:0.54 put:0.46 | ATM:0.44 OTM:0.56 [seq] | lr: 6.48e-05 | left: 231s
step 00750 (  4.1%) | loss: 1.523953 | trade:0.12 call:0.48 put:0.52 | ATM:0.46 OTM:0.54 [seq] | lr: 6.87e-05 | left: 230s
step 00800 (  4.3%) | loss: 1.012767 | trade:0.62 call:0.41 put:0.59 | ATM:0.48 OTM:0.52 [seq] | lr: 7.17e-05 | left: 230s
step 00850 (  4.5%) | loss: 0.455847 | trade:0.61 call:0.44 put:0.56 | ATM:0.45 OTM:0.55 [seq] | lr: 7.44e-05 | left: 229s
step 00900 (  4.7%) | loss: 0.815280 | trade:0.82 call:0.93 put:0.07 | ATM:0.55 OTM:0.45 [seq] | lr: 7.79e-05 | left: 229s
step 00950 (  5.0%) | loss: 0.549535 | trade:0.68 call:0.87 put:0.13 | ATM:0.44 OTM:0.56 [seq] | lr: 8.34e-05 | left: 228s
step 01000 (  5.4%) | loss: 0.841551 | trade:0.29 call:0.68 put:0.32 | ATM:0.54 OTM:0.46 [rnd] | lr: 8.96e-05 | left: 227s
step 01050 (  5.6%) | loss: 0.612373 | trade:0.10 call:0.74 put:0.26 | ATM:0.52 OTM:0.48 [seq] | lr: 9.27e-05 | left: 227s
step 01100 (  5.8%) | loss: 0.602700 | trade:0.62 call:0.86 put:0.14 | ATM:0.66 OTM:0.34 [seq] | lr: 9.59e-05 | left: 226s
step 01150 (  6.0%) | loss: 0.637470 | trade:0.72 call:0.96 put:0.03 | ATM:0.62 OTM:0.38 [seq] | lr: 9.93e-05 | left: 226s
step 01200 (  6.1%) | loss: 1.004222 | trade:0.34 call:0.68 put:0.32 | ATM:0.57 OTM:0.43 [rnd] | lr: 1.02e-04 | left: 225s
step 01250 (  6.3%) | loss: 0.964910 | trade:0.32 call:0.68 put:0.32 | ATM:0.59 OTM:0.41 [rnd] | lr: 1.05e-04 | left: 225s
step 01300 (  6.7%) | loss: 0.460858 | trade:0.88 call:0.96 put:0.04 | ATM:0.78 OTM:0.22 [seq] | lr: 1.11e-04 | left: 224s
step 01350 (  6.9%) | loss: 0.639532 | trade:0.35 call:0.68 put:0.32 | ATM:0.59 OTM:0.41 [rnd] | lr: 1.15e-04 | left: 223s
step 01400 (  7.2%) | loss: 0.732660 | trade:0.37 call:0.70 put:0.30 | ATM:0.59 OTM:0.41 [rnd] | lr: 1.20e-04 | left: 223s
step 01450 (  7.6%) | loss: 0.991190 | trade:0.35 call:0.67 put:0.33 | ATM:0.62 OTM:0.38 [rnd] | lr: 1.26e-04 | left: 222s
step 01500 (  7.8%) | loss: 0.656680 | trade:0.01 call:0.64 put:0.36 | ATM:0.60 OTM:0.40 [seq] | lr: 1.29e-04 | left: 221s
step 01550 (  8.0%) | loss: 0.325267 | trade:0.03 call:0.40 put:0.60 | ATM:0.77 OTM:0.23 [seq] | lr: 1.33e-04 | left: 221s
step 01600 (  8.2%) | loss: 0.951209 | trade:0.35 call:0.68 put:0.31 | ATM:0.61 OTM:0.39 [rnd] | lr: 1.36e-04 | left: 220s
step 01650 (  8.3%) | loss: 0.673669 | trade:0.96 call:0.02 put:0.98 | ATM:0.81 OTM:0.19 [seq] | lr: 1.39e-04 | left: 220s
step 01700 (  8.5%) | loss: 0.640643 | trade:0.00 call:0.90 put:0.10 | ATM:0.63 OTM:0.37 [seq] | lr: 1.42e-04 | left: 220s
step 01750 (  8.7%) | loss: 0.314138 | trade:0.48 call:0.92 put:0.08 | ATM:0.84 OTM:0.16 [seq] | lr: 1.45e-04 | left: 219s
step 01800 (  8.9%) | loss: 0.637028 | trade:0.01 call:0.84 put:0.16 | ATM:0.75 OTM:0.25 [seq] | lr: 1.48e-04 | left: 219s
step 01850 (  9.1%) | loss: 0.766389 | trade:0.00 call:0.76 put:0.24 | ATM:0.70 OTM:0.30 [seq] | lr: 1.51e-04 | left: 218s
step 01900 (  9.3%) | loss: 0.623292 | trade:0.00 call:0.97 put:0.03 | ATM:0.86 OTM:0.14 [seq] | lr: 1.54e-04 | left: 218s
step 01950 (  9.4%) | loss: 0.347891 | trade:0.00 call:0.71 put:0.29 | ATM:0.61 OTM:0.39 [seq] | lr: 1.57e-04 | left: 217s
step 02000 (  9.7%) | loss: 0.670249 | trade:0.32 call:0.84 put:0.16 | ATM:0.59 OTM:0.41 [seq] | lr: 1.61e-04 | left: 217s
step 02050 (  9.9%) | loss: 1.264819 | trade:0.36 call:0.71 put:0.29 | ATM:0.60 OTM:0.40 [rnd] | lr: 1.65e-04 | left: 216s
step 02100 ( 10.2%) | loss: 0.898235 | trade:0.33 call:0.72 put:0.28 | ATM:0.61 OTM:0.39 [rnd] | lr: 1.69e-04 | left: 216s
step 02150 ( 10.3%) | loss: 0.740832 | trade:0.36 call:0.73 put:0.27 | ATM:0.58 OTM:0.42 [rnd] | lr: 1.72e-04 | left: 215s
step 02200 ( 10.5%) | loss: 0.597719 | trade:0.36 call:0.77 put:0.24 | ATM:0.57 OTM:0.43 [rnd] | lr: 1.76e-04 | left: 215s
step 02250 ( 10.9%) | loss: 0.478551 | trade:0.00 call:0.98 put:0.01 | ATM:0.85 OTM:0.15 [seq] | lr: 1.81e-04 | left: 214s
step 02300 ( 11.3%) | loss: 0.832494 | trade:0.37 call:0.73 put:0.27 | ATM:0.59 OTM:0.41 [rnd] | lr: 1.88e-04 | left: 213s
step 02350 ( 11.7%) | loss: 0.653438 | trade:0.85 call:0.01 put:0.99 | ATM:0.96 OTM:0.04 [seq] | lr: 1.95e-04 | left: 212s
step 02400 ( 11.9%) | loss: 0.759483 | trade:0.02 call:0.37 put:0.62 | ATM:0.75 OTM:0.25 [seq] | lr: 1.99e-04 | left: 211s
step 02450 ( 12.1%) | loss: 0.782912 | trade:0.34 call:0.72 put:0.28 | ATM:0.58 OTM:0.42 [rnd] | lr: 2.02e-04 | left: 211s
step 02500 ( 12.3%) | loss: 0.594280 | trade:0.00 call:0.80 put:0.20 | ATM:0.76 OTM:0.24 [seq] | lr: 2.05e-04 | left: 210s
step 02550 ( 12.5%) | loss: 0.421176 | trade:0.00 call:0.79 put:0.21 | ATM:0.58 OTM:0.42 [seq] | lr: 2.08e-04 | left: 210s
step 02600 ( 12.7%) | loss: 0.418092 | trade:0.08 call:0.01 put:0.99 | ATM:0.92 OTM:0.08 [seq] | lr: 2.12e-04 | left: 209s
step 02650 ( 13.1%) | loss: 0.411591 | trade:0.94 call:0.02 put:0.98 | ATM:0.68 OTM:0.32 [seq] | lr: 2.18e-04 | left: 209s
step 02700 ( 13.2%) | loss: 0.467298 | trade:0.36 call:0.76 put:0.24 | ATM:0.58 OTM:0.42 [rnd] | lr: 2.21e-04 | left: 208s
step 02750 ( 13.4%) | loss: 0.673561 | trade:0.91 call:0.99 put:0.01 | ATM:0.28 OTM:0.72 [seq] | lr: 2.24e-04 | left: 208s
step 02800 ( 13.7%) | loss: 1.051324 | trade:0.88 call:0.53 put:0.47 | ATM:0.89 OTM:0.11 [seq] | lr: 2.28e-04 | left: 207s
step 02850 ( 13.9%) | loss: 0.615221 | trade:0.00 call:0.67 put:0.33 | ATM:0.61 OTM:0.39 [seq] | lr: 2.31e-04 | left: 207s
step 02900 ( 14.0%) | loss: 0.509999 | trade:0.00 call:0.89 put:0.11 | ATM:0.39 OTM:0.61 [seq] | lr: 2.34e-04 | left: 206s
step 02950 ( 14.2%) | loss: 0.707841 | trade:0.36 call:0.76 put:0.24 | ATM:0.57 OTM:0.43 [rnd] | lr: 2.37e-04 | left: 206s
step 03000 ( 14.4%) | loss: 0.622264 | trade:0.00 call:0.62 put:0.38 | ATM:0.49 OTM:0.51 [seq] | lr: 2.41e-04 | left: 205s
step 03050 ( 14.6%) | loss: 0.574229 | trade:0.00 call:0.76 put:0.24 | ATM:0.35 OTM:0.65 [seq] | lr: 2.44e-04 | left: 205s
step 03100 ( 14.9%) | loss: 0.821190 | trade:0.46 call:0.71 put:0.29 | ATM:0.49 OTM:0.51 [seq] | lr: 2.48e-04 | left: 204s
step 03150 ( 15.3%) | loss: 0.637767 | trade:0.36 call:0.75 put:0.25 | ATM:0.55 OTM:0.45 [rnd] | lr: 2.50e-04 | left: 203s
step 03200 ( 15.7%) | loss: 0.583130 | trade:0.98 call:0.98 put:0.02 | ATM:0.28 OTM:0.72 [seq] | lr: 2.50e-04 | left: 202s
step 03250 ( 16.1%) | loss: 0.735896 | trade:0.72 call:0.05 put:0.95 | ATM:0.94 OTM:0.06 [seq] | lr: 2.50e-04 | left: 201s
step 03300 ( 16.4%) | loss: 0.773593 | trade:0.38 call:0.75 put:0.25 | ATM:0.54 OTM:0.46 [rnd] | lr: 2.50e-04 | left: 201s
step 03350 ( 16.6%) | loss: 0.533442 | trade:0.35 call:0.70 put:0.30 | ATM:0.59 OTM:0.41 [rnd] | lr: 2.50e-04 | left: 200s
step 03400 ( 16.7%) | loss: 0.551541 | trade:0.37 call:0.73 put:0.27 | ATM:0.58 OTM:0.42 [rnd] | lr: 2.50e-04 | left: 200s
step 03450 ( 16.9%) | loss: 0.534629 | trade:0.36 call:0.74 put:0.26 | ATM:0.56 OTM:0.44 [rnd] | lr: 2.50e-04 | left: 199s
step 03500 ( 17.2%) | loss: 0.416148 | trade:0.00 call:0.06 put:0.94 | ATM:0.93 OTM:0.07 [seq] | lr: 2.50e-04 | left: 199s
step 03550 ( 17.6%) | loss: 0.722263 | trade:0.00 call:0.11 put:0.89 | ATM:0.76 OTM:0.24 [seq] | lr: 2.50e-04 | left: 198s
step 03600 ( 17.8%) | loss: 1.109723 | trade:0.33 call:0.73 put:0.27 | ATM:0.57 OTM:0.43 [rnd] | lr: 2.50e-04 | left: 197s
step 03650 ( 18.0%) | loss: 0.789960 | trade:0.36 call:0.76 put:0.24 | ATM:0.55 OTM:0.45 [rnd] | lr: 2.50e-04 | left: 197s
step 03700 ( 18.1%) | loss: 0.678383 | trade:0.36 call:0.75 put:0.25 | ATM:0.56 OTM:0.44 [rnd] | lr: 2.50e-04 | left: 196s
step 03750 ( 18.3%) | loss: 0.592663 | trade:0.00 call:0.92 put:0.08 | ATM:0.35 OTM:0.65 [seq] | lr: 2.50e-04 | left: 196s
step 03800 ( 18.5%) | loss: 0.649873 | trade:0.33 call:0.75 put:0.25 | ATM:0.56 OTM:0.44 [rnd] | lr: 2.50e-04 | left: 196s
step 03850 ( 18.7%) | loss: 0.430152 | trade:0.00 call:0.92 put:0.08 | ATM:0.80 OTM:0.20 [seq] | lr: 2.50e-04 | left: 195s
step 03900 ( 18.9%) | loss: 0.508704 | trade:0.93 call:0.01 put:0.99 | ATM:0.18 OTM:0.82 [seq] | lr: 2.50e-04 | left: 195s
step 03950 ( 19.1%) | loss: 0.917902 | trade:0.37 call:0.75 put:0.25 | ATM:0.55 OTM:0.45 [rnd] | lr: 2.50e-04 | left: 194s
step 04000 ( 19.3%) | loss: 0.751747 | trade:0.36 call:0.74 put:0.26 | ATM:0.55 OTM:0.45 [rnd] | lr: 2.50e-04 | left: 194s
step 04050 ( 19.7%) | loss: 0.580570 | trade:0.28 call:0.80 put:0.20 | ATM:0.73 OTM:0.27 [seq] | lr: 2.50e-04 | left: 193s
step 04100 ( 20.1%) | loss: 0.556818 | trade:0.37 call:0.72 put:0.28 | ATM:0.55 OTM:0.45 [rnd] | lr: 2.50e-04 | left: 192s
step 04150 ( 20.5%) | loss: 0.483988 | trade:0.00 call:0.84 put:0.16 | ATM:0.48 OTM:0.52 [seq] | lr: 2.50e-04 | left: 191s
step 04200 ( 20.8%) | loss: 1.082627 | trade:0.34 call:0.74 put:0.26 | ATM:0.55 OTM:0.45 [rnd] | lr: 2.50e-04 | left: 190s
step 04250 ( 21.0%) | loss: 0.630205 | trade:0.39 call:0.78 put:0.22 | ATM:0.54 OTM:0.46 [rnd] | lr: 2.50e-04 | left: 190s
step 04300 ( 21.2%) | loss: 0.518263 | trade:0.89 call:0.99 put:0.01 | ATM:0.32 OTM:0.68 [seq] | lr: 2.50e-04 | left: 189s
step 04350 ( 21.3%) | loss: 0.425000 | trade:0.03 call:0.79 put:0.21 | ATM:0.36 OTM:0.64 [seq] | lr: 2.50e-04 | left: 189s
step 04400 ( 21.7%) | loss: 0.388845 | trade:0.00 call:0.68 put:0.32 | ATM:0.53 OTM:0.47 [seq] | lr: 2.50e-04 | left: 188s
step 04450 ( 22.0%) | loss: 0.492794 | trade:0.00 call:0.61 put:0.39 | ATM:0.41 OTM:0.59 [seq] | lr: 2.50e-04 | left: 187s
step 04500 ( 22.2%) | loss: 0.786135 | trade:0.36 call:0.74 put:0.26 | ATM:0.56 OTM:0.44 [rnd] | lr: 2.50e-04 | left: 187s
step 04550 ( 22.4%) | loss: 0.795075 | trade:0.34 call:0.73 put:0.28 | ATM:0.55 OTM:0.45 [rnd] | lr: 2.50e-04 | left: 186s
step 04600 ( 22.5%) | loss: 0.733512 | trade:0.84 call:0.01 put:0.99 | ATM:0.70 OTM:0.30 [seq] | lr: 2.50e-04 | left: 186s
step 04650 ( 22.7%) | loss: 0.687661 | trade:0.36 call:0.74 put:0.26 | ATM:0.55 OTM:0.45 [rnd] | lr: 2.50e-04 | left: 185s
step 04700 ( 22.9%) | loss: 0.760478 | trade:0.00 call:0.98 put:0.03 | ATM:0.90 OTM:0.10 [seq] | lr: 2.50e-04 | left: 185s
step 04750 ( 23.1%) | loss: 0.859809 | trade:0.37 call:0.72 put:0.28 | ATM:0.55 OTM:0.45 [rnd] | lr: 2.50e-04 | left: 184s
step 04800 ( 23.4%) | loss: 0.554805 | trade:0.92 call:0.95 put:0.06 | ATM:0.31 OTM:0.69 [seq] | lr: 2.50e-04 | left: 184s
step 04850 ( 23.9%) | loss: 0.757080 | trade:0.46 call:0.87 put:0.13 | ATM:0.37 OTM:0.63 [seq] | lr: 2.50e-04 | left: 183s
step 04900 ( 24.4%) | loss: 0.630893 | trade:0.45 call:0.80 put:0.20 | ATM:0.53 OTM:0.47 [seq] | lr: 2.50e-04 | left: 182s
step 04950 ( 24.8%) | loss: 0.369022 | trade:0.07 call:0.96 put:0.04 | ATM:0.93 OTM:0.07 [seq] | lr: 2.50e-04 | left: 181s
step 05000 ( 25.2%) | loss: 0.578019 | trade:0.88 call:0.79 put:0.21 | ATM:0.55 OTM:0.45 [seq] | lr: 2.50e-04 | left: 180s
step 05050 ( 25.4%) | loss: 0.620002 | trade:0.79 call:0.98 put:0.02 | ATM:0.97 OTM:0.03 [seq] | lr: 2.50e-04 | left: 179s
step 05100 ( 25.6%) | loss: 0.414283 | trade:0.00 call:0.73 put:0.27 | ATM:0.63 OTM:0.37 [seq] | lr: 2.50e-04 | left: 179s
step 05150 ( 25.8%) | loss: 0.617954 | trade:0.87 call:0.84 put:0.16 | ATM:0.59 OTM:0.41 [seq] | lr: 2.50e-04 | left: 178s
step 05200 ( 26.2%) | loss: 0.564996 | trade:0.00 call:0.82 put:0.18 | ATM:0.46 OTM:0.54 [seq] | lr: 2.50e-04 | left: 177s
step 05250 ( 26.6%) | loss: 0.618000 | trade:0.00 call:0.67 put:0.33 | ATM:0.37 OTM:0.63 [seq] | lr: 2.50e-04 | left: 176s
step 05300 ( 26.9%) | loss: 0.543844 | trade:0.04 call:0.99 put:0.01 | ATM:0.98 OTM:0.02 [seq] | lr: 2.50e-04 | left: 175s
step 05350 ( 27.1%) | loss: 0.574320 | trade:0.91 call:0.99 put:0.01 | ATM:0.32 OTM:0.68 [seq] | lr: 2.50e-04 | left: 175s
step 05400 ( 27.2%) | loss: 0.773308 | trade:0.35 call:0.75 put:0.25 | ATM:0.52 OTM:0.48 [rnd] | lr: 2.50e-04 | left: 175s
step 05450 ( 27.4%) | loss: 0.580760 | trade:0.95 call:1.00 put:0.00 | ATM:0.23 OTM:0.77 [seq] | lr: 2.50e-04 | left: 174s
step 05500 ( 27.6%) | loss: 0.683943 | trade:0.37 call:0.74 put:0.26 | ATM:0.54 OTM:0.46 [rnd] | lr: 2.50e-04 | left: 174s
step 05550 ( 27.8%) | loss: 0.758138 | trade:0.90 call:1.00 put:0.01 | ATM:0.24 OTM:0.76 [seq] | lr: 2.50e-04 | left: 173s
step 05600 ( 28.0%) | loss: 0.299149 | trade:0.93 call:1.00 put:0.00 | ATM:0.27 OTM:0.73 [seq] | lr: 2.50e-04 | left: 173s
step 05650 ( 28.2%) | loss: 0.410457 | trade:0.00 call:0.77 put:0.23 | ATM:0.34 OTM:0.66 [seq] | lr: 2.50e-04 | left: 172s
step 05700 ( 28.4%) | loss: 1.545837 | trade:0.37 call:0.73 put:0.27 | ATM:0.54 OTM:0.46 [rnd] | lr: 2.50e-04 | left: 172s
step 05750 ( 28.7%) | loss: 1.400444 | trade:0.94 call:0.98 put:0.01 | ATM:0.55 OTM:0.45 [seq] | lr: 2.50e-04 | left: 171s
step 05800 ( 29.0%) | loss: 0.767922 | trade:0.39 call:0.72 put:0.28 | ATM:0.52 OTM:0.48 [rnd] | lr: 2.50e-04 | left: 170s
step 05850 ( 29.2%) | loss: 0.707584 | trade:0.76 call:0.74 put:0.26 | ATM:0.52 OTM:0.48 [seq] | lr: 2.50e-04 | left: 170s
step 05900 ( 29.5%) | loss: 1.415051 | trade:0.89 call:0.91 put:0.09 | ATM:0.35 OTM:0.65 [seq] | lr: 2.50e-04 | left: 169s
step 05950 ( 29.8%) | loss: 0.937868 | trade:0.95 call:1.00 put:0.00 | ATM:0.19 OTM:0.81 [seq] | lr: 2.50e-04 | left: 169s
step 06000 ( 30.0%) | loss: 0.666094 | trade:0.35 call:0.76 put:0.24 | ATM:0.53 OTM:0.47 [rnd] | lr: 2.50e-04 | left: 168s
step 06050 ( 30.2%) | loss: 0.717362 | trade:0.91 call:0.95 put:0.05 | ATM:0.82 OTM:0.18 [seq] | lr: 2.50e-04 | left: 167s
step 06100 ( 30.5%) | loss: 0.987472 | trade:0.47 call:0.77 put:0.23 | ATM:0.51 OTM:0.49 [seq] | lr: 2.50e-04 | left: 167s
step 06150 ( 30.7%) | loss: 0.871881 | trade:0.37 call:0.73 put:0.27 | ATM:0.53 OTM:0.47 [rnd] | lr: 2.50e-04 | left: 166s
step 06200 ( 30.9%) | loss: 0.843341 | trade:0.96 call:0.01 put:0.99 | ATM:0.62 OTM:0.38 [seq] | lr: 2.50e-04 | left: 166s
step 06250 ( 31.1%) | loss: 0.670643 | trade:0.93 call:0.01 put:0.99 | ATM:0.67 OTM:0.33 [seq] | lr: 2.50e-04 | left: 165s
step 06300 ( 31.3%) | loss: 0.562538 | trade:0.00 call:0.66 put:0.33 | ATM:0.59 OTM:0.41 [seq] | lr: 2.50e-04 | left: 165s
step 06350 ( 31.5%) | loss: 1.281898 | trade:0.97 call:1.00 put:0.00 | ATM:0.26 OTM:0.74 [seq] | lr: 2.50e-04 | left: 164s
step 06400 ( 31.7%) | loss: 1.793314 | trade:0.97 call:0.98 put:0.01 | ATM:0.27 OTM:0.73 [seq] | lr: 2.50e-04 | left: 164s
step 06450 ( 31.9%) | loss: 2.215617 | trade:0.90 call:0.98 put:0.01 | ATM:0.28 OTM:0.72 [seq] | lr: 2.50e-04 | left: 163s
step 06500 ( 32.1%) | loss: 0.692738 | trade:0.00 call:0.76 put:0.24 | ATM:0.33 OTM:0.67 [seq] | lr: 2.50e-04 | left: 163s
step 06550 ( 32.4%) | loss: 0.723631 | trade:0.44 call:0.78 put:0.22 | ATM:0.79 OTM:0.21 [seq] | lr: 2.50e-04 | left: 162s
step 06600 ( 32.6%) | loss: 0.551289 | trade:0.91 call:0.03 put:0.97 | ATM:0.62 OTM:0.38 [seq] | lr: 2.50e-04 | left: 162s
step 06650 ( 32.7%) | loss: 0.494139 | trade:0.88 call:0.01 put:1.00 | ATM:0.67 OTM:0.33 [seq] | lr: 2.50e-04 | left: 161s
step 06700 ( 32.9%) | loss: 0.492580 | trade:0.95 call:0.99 put:0.01 | ATM:0.49 OTM:0.51 [seq] | lr: 2.50e-04 | left: 161s
step 06750 ( 33.1%) | loss: 0.613921 | trade:0.93 call:0.97 put:0.03 | ATM:0.96 OTM:0.04 [seq] | lr: 2.50e-04 | left: 161s
step 06800 ( 33.3%) | loss: 0.717129 | trade:0.00 call:0.28 put:0.71 | ATM:0.62 OTM:0.38 [seq] | lr: 2.50e-04 | left: 160s
step 06850 ( 33.5%) | loss: 0.603944 | trade:0.00 call:0.20 put:0.80 | ATM:0.62 OTM:0.38 [seq] | lr: 2.50e-04 | left: 159s
step 06900 ( 33.7%) | loss: 0.278467 | trade:0.92 call:0.02 put:0.98 | ATM:0.65 OTM:0.35 [seq] | lr: 2.50e-04 | left: 159s
step 06950 ( 33.9%) | loss: 0.652256 | trade:0.36 call:0.72 put:0.28 | ATM:0.53 OTM:0.47 [rnd] | lr: 2.50e-04 | left: 159s
step 07000 ( 34.1%) | loss: 0.338851 | trade:0.95 call:1.00 put:0.00 | ATM:0.43 OTM:0.57 [seq] | lr: 2.50e-04 | left: 158s
step 07050 ( 34.4%) | loss: 0.524692 | trade:0.95 call:1.00 put:0.00 | ATM:0.21 OTM:0.79 [seq] | lr: 2.50e-04 | left: 157s
step 07100 ( 34.6%) | loss: 0.486211 | trade:0.94 call:1.00 put:0.00 | ATM:0.19 OTM:0.81 [seq] | lr: 2.50e-04 | left: 157s
step 07150 ( 34.8%) | loss: 1.457076 | trade:0.36 call:0.71 put:0.29 | ATM:0.51 OTM:0.49 [rnd] | lr: 2.50e-04 | left: 157s
step 07200 ( 35.0%) | loss: 0.636423 | trade:0.92 call:0.96 put:0.04 | ATM:0.31 OTM:0.69 [seq] | lr: 2.50e-04 | left: 156s
step 07250 ( 35.1%) | loss: 0.517353 | trade:0.34 call:0.73 put:0.27 | ATM:0.53 OTM:0.47 [rnd] | lr: 2.50e-04 | left: 156s
step 07300 ( 35.4%) | loss: 0.534230 | trade:0.00 call:0.99 put:0.01 | ATM:0.97 OTM:0.03 [seq] | lr: 2.50e-04 | left: 155s
step 07350 ( 35.6%) | loss: 0.534734 | trade:0.00 call:0.75 put:0.25 | ATM:0.49 OTM:0.51 [seq] | lr: 2.50e-04 | left: 155s
step 07400 ( 35.8%) | loss: 0.604217 | trade:0.37 call:0.74 put:0.26 | ATM:0.52 OTM:0.48 [rnd] | lr: 2.50e-04 | left: 154s
step 07450 ( 35.9%) | loss: 0.551707 | trade:0.36 call:0.74 put:0.26 | ATM:0.52 OTM:0.48 [rnd] | lr: 2.50e-04 | left: 154s
step 07500 ( 36.1%) | loss: 0.482159 | trade:0.00 call:0.40 put:0.61 | ATM:0.74 OTM:0.26 [seq] | lr: 2.50e-04 | left: 153s
step 07550 ( 36.3%) | loss: 0.540693 | trade:0.00 call:0.45 put:0.55 | ATM:0.73 OTM:0.27 [seq] | lr: 2.50e-04 | left: 153s
step 07600 ( 36.5%) | loss: 0.381243 | trade:0.00 call:0.97 put:0.03 | ATM:0.32 OTM:0.68 [seq] | lr: 2.50e-04 | left: 152s
step 07650 ( 36.7%) | loss: 0.637425 | trade:0.35 call:0.73 put:0.27 | ATM:0.52 OTM:0.48 [rnd] | lr: 2.50e-04 | left: 152s
step 07700 ( 36.9%) | loss: 0.468095 | trade:0.36 call:0.74 put:0.26 | ATM:0.50 OTM:0.50 [rnd] | lr: 2.50e-04 | left: 151s
step 07750 ( 37.1%) | loss: 0.487800 | trade:0.00 call:0.70 put:0.30 | ATM:0.53 OTM:0.47 [seq] | lr: 2.50e-04 | left: 151s
step 07800 ( 37.3%) | loss: 0.474038 | trade:0.34 call:0.72 put:0.27 | ATM:0.54 OTM:0.46 [rnd] | lr: 2.50e-04 | left: 151s
step 07850 ( 37.5%) | loss: 0.567815 | trade:0.00 call:0.90 put:0.10 | ATM:0.31 OTM:0.69 [seq] | lr: 2.50e-04 | left: 150s
step 07900 ( 37.7%) | loss: 0.703194 | trade:0.00 call:0.62 put:0.38 | ATM:0.62 OTM:0.38 [seq] | lr: 2.50e-04 | left: 150s
step 07950 ( 37.8%) | loss: 0.385309 | trade:0.35 call:0.73 put:0.27 | ATM:0.52 OTM:0.48 [rnd] | lr: 2.50e-04 | left: 149s
step 08000 ( 38.0%) | loss: 0.486885 | trade:0.93 call:0.00 put:1.00 | ATM:0.64 OTM:0.36 [seq] | lr: 2.50e-04 | left: 149s
step 08050 ( 38.2%) | loss: 0.802200 | trade:0.00 call:0.61 put:0.39 | ATM:0.44 OTM:0.56 [seq] | lr: 2.50e-04 | left: 148s
step 08100 ( 38.4%) | loss: 0.776197 | trade:0.38 call:0.72 put:0.28 | ATM:0.52 OTM:0.48 [rnd] | lr: 2.50e-04 | left: 148s
step 08150 ( 38.7%) | loss: 0.643960 | trade:0.31 call:0.88 put:0.12 | ATM:0.48 OTM:0.52 [seq] | lr: 2.50e-04 | left: 147s
step 08200 ( 38.9%) | loss: 0.702652 | trade:0.22 call:0.77 put:0.22 | ATM:0.53 OTM:0.47 [seq] | lr: 2.50e-04 | left: 147s
step 08250 ( 39.1%) | loss: 0.487351 | trade:0.00 call:0.71 put:0.29 | ATM:0.46 OTM:0.54 [seq] | lr: 2.50e-04 | left: 146s
step 08300 ( 39.3%) | loss: 0.673437 | trade:0.38 call:0.73 put:0.27 | ATM:0.54 OTM:0.46 [rnd] | lr: 2.50e-04 | left: 146s
step 08350 ( 39.6%) | loss: 0.843302 | trade:0.37 call:0.73 put:0.27 | ATM:0.53 OTM:0.47 [rnd] | lr: 2.50e-04 | left: 145s
step 08400 ( 39.8%) | loss: 1.099722 | trade:0.95 call:0.97 put:0.03 | ATM:0.44 OTM:0.56 [seq] | lr: 2.50e-04 | left: 144s
step 08450 ( 40.0%) | loss: 0.703001 | trade:0.33 call:0.77 put:0.23 | ATM:0.54 OTM:0.46 [rnd] | lr: 2.50e-04 | left: 144s
step 08500 ( 40.2%) | loss: 0.331237 | trade:0.00 call:0.73 put:0.27 | ATM:0.38 OTM:0.62 [seq] | lr: 2.50e-04 | left: 144s
step 08550 ( 40.3%) | loss: 0.331845 | trade:0.00 call:0.92 put:0.08 | ATM:0.88 OTM:0.12 [seq] | lr: 2.50e-04 | left: 143s
step 08600 ( 40.5%) | loss: 0.416720 | trade:0.00 call:0.37 put:0.63 | ATM:0.79 OTM:0.21 [seq] | lr: 2.50e-04 | left: 143s
step 08650 ( 40.8%) | loss: 0.628423 | trade:0.00 call:0.30 put:0.70 | ATM:0.71 OTM:0.29 [seq] | lr: 2.50e-04 | left: 142s
step 08700 ( 41.1%) | loss: 0.614949 | trade:0.45 call:0.93 put:0.06 | ATM:0.34 OTM:0.66 [seq] | lr: 2.50e-04 | left: 141s
step 08750 ( 41.3%) | loss: 0.583876 | trade:0.39 call:0.71 put:0.29 | ATM:0.54 OTM:0.46 [rnd] | lr: 2.50e-04 | left: 141s
step 08800 ( 41.5%) | loss: 0.775984 | trade:0.35 call:0.75 put:0.25 | ATM:0.51 OTM:0.49 [rnd] | lr: 2.50e-04 | left: 140s
step 08850 ( 41.6%) | loss: 0.564026 | trade:0.01 call:0.03 put:0.97 | ATM:0.92 OTM:0.08 [seq] | lr: 2.50e-04 | left: 140s
step 08900 ( 41.8%) | loss: 0.563520 | trade:0.89 call:0.96 put:0.04 | ATM:0.92 OTM:0.08 [seq] | lr: 2.50e-04 | left: 140s
step 08950 ( 42.0%) | loss: 0.797677 | trade:0.78 call:0.95 put:0.05 | ATM:0.94 OTM:0.06 [seq] | lr: 2.50e-04 | left: 139s
step 09000 ( 42.2%) | loss: 0.808599 | trade:0.00 call:0.85 put:0.15 | ATM:0.63 OTM:0.37 [seq] | lr: 2.50e-04 | left: 139s
step 09050 ( 42.4%) | loss: 0.344097 | trade:0.33 call:0.74 put:0.26 | ATM:0.53 OTM:0.47 [rnd] | lr: 2.50e-04 | left: 138s
step 09100 ( 42.5%) | loss: 0.742915 | trade:0.36 call:0.75 put:0.25 | ATM:0.51 OTM:0.49 [rnd] | lr: 2.50e-04 | left: 138s
step 09150 ( 42.7%) | loss: 0.314575 | trade:0.88 call:1.00 put:0.01 | ATM:0.47 OTM:0.53 [seq] | lr: 2.50e-04 | left: 137s
step 09200 ( 42.9%) | loss: 0.712124 | trade:0.00 call:0.71 put:0.29 | ATM:0.65 OTM:0.35 [seq] | lr: 2.50e-04 | left: 137s
step 09250 ( 43.1%) | loss: 0.934150 | trade:0.41 call:0.71 put:0.29 | ATM:0.52 OTM:0.48 [rnd] | lr: 2.50e-04 | left: 136s
step 09300 ( 43.4%) | loss: 0.450952 | trade:0.00 call:0.79 put:0.22 | ATM:0.56 OTM:0.44 [seq] | lr: 2.50e-04 | left: 136s
step 09350 ( 43.6%) | loss: 0.941349 | trade:0.00 call:0.24 put:0.76 | ATM:0.49 OTM:0.51 [seq] | lr: 2.50e-04 | left: 135s
step 09400 ( 43.8%) | loss: 0.724425 | trade:0.96 call:0.01 put:0.99 | ATM:0.66 OTM:0.34 [seq] | lr: 2.50e-04 | left: 135s
step 09450 ( 43.9%) | loss: 0.272354 | trade:0.89 call:0.00 put:1.00 | ATM:0.68 OTM:0.32 [seq] | lr: 2.50e-04 | left: 135s
step 09500 ( 44.1%) | loss: 0.567710 | trade:0.00 call:0.47 put:0.53 | ATM:0.46 OTM:0.54 [seq] | lr: 2.50e-04 | left: 134s
step 09550 ( 44.3%) | loss: 0.768176 | trade:0.35 call:0.75 put:0.25 | ATM:0.52 OTM:0.48 [rnd] | lr: 2.50e-04 | left: 134s
step 09600 ( 44.5%) | loss: 0.802430 | trade:0.00 call:0.36 put:0.64 | ATM:0.55 OTM:0.45 [seq] | lr: 2.50e-04 | left: 133s
step 09650 ( 44.8%) | loss: 0.601488 | trade:0.00 call:0.91 put:0.09 | ATM:0.87 OTM:0.13 [seq] | lr: 2.50e-04 | left: 133s
step 09700 ( 45.0%) | loss: 0.301843 | trade:0.00 call:0.78 put:0.22 | ATM:0.55 OTM:0.45 [seq] | lr: 2.50e-04 | left: 132s
step 09750 ( 45.1%) | loss: 0.423384 | trade:0.94 call:0.78 put:0.22 | ATM:0.53 OTM:0.47 [seq] | lr: 2.50e-04 | left: 132s
step 09800 ( 45.3%) | loss: 0.504319 | trade:0.92 call:1.00 put:0.00 | ATM:0.32 OTM:0.68 [seq] | lr: 2.50e-04 | left: 131s
step 09850 ( 45.5%) | loss: 0.428445 | trade:0.00 call:0.82 put:0.17 | ATM:0.35 OTM:0.65 [seq] | lr: 2.50e-04 | left: 131s
step 09900 ( 45.7%) | loss: 0.572286 | trade:0.32 call:0.74 put:0.26 | ATM:0.52 OTM:0.48 [rnd] | lr: 2.50e-04 | left: 130s
step 09950 ( 45.9%) | loss: 0.823118 | trade:0.36 call:0.73 put:0.26 | ATM:0.50 OTM:0.50 [rnd] | lr: 2.50e-04 | left: 130s
step 10000 ( 46.1%) | loss: 0.674583 | trade:0.00 call:0.47 put:0.53 | ATM:0.62 OTM:0.38 [seq] | lr: 2.50e-04 | left: 129s
step 10050 ( 46.4%) | loss: 0.703835 | trade:0.34 call:0.75 put:0.25 | ATM:0.51 OTM:0.49 [rnd] | lr: 2.50e-04 | left: 129s
step 10100 ( 46.5%) | loss: 0.593079 | trade:0.00 call:0.86 put:0.14 | ATM:0.66 OTM:0.34 [seq] | lr: 2.50e-04 | left: 128s
step 10150 ( 46.7%) | loss: 0.644040 | trade:0.38 call:0.73 put:0.27 | ATM:0.53 OTM:0.47 [rnd] | lr: 2.50e-04 | left: 128s
step 10200 ( 46.9%) | loss: 0.573469 | trade:0.38 call:0.71 put:0.29 | ATM:0.51 OTM:0.49 [rnd] | lr: 2.50e-04 | left: 127s
step 10250 ( 47.1%) | loss: 0.499232 | trade:0.35 call:0.74 put:0.26 | ATM:0.51 OTM:0.49 [rnd] | lr: 2.50e-04 | left: 127s
step 10300 ( 47.2%) | loss: 0.357104 | trade:0.00 call:0.78 put:0.22 | ATM:0.48 OTM:0.52 [seq] | lr: 2.50e-04 | left: 127s
step 10350 ( 47.4%) | loss: 0.664356 | trade:0.00 call:0.62 put:0.38 | ATM:0.38 OTM:0.62 [seq] | lr: 2.50e-04 | left: 126s
step 10400 ( 47.6%) | loss: 0.552050 | trade:0.01 call:0.90 put:0.10 | ATM:0.36 OTM:0.64 [seq] | lr: 2.50e-04 | left: 126s
step 10450 ( 47.9%) | loss: 0.711120 | trade:0.91 call:0.97 put:0.03 | ATM:0.42 OTM:0.58 [seq] | lr: 2.50e-04 | left: 125s
step 10500 ( 48.0%) | loss: 0.538756 | trade:0.39 call:0.73 put:0.27 | ATM:0.50 OTM:0.50 [rnd] | lr: 2.50e-04 | left: 125s
step 10550 ( 48.2%) | loss: 0.547926 | trade:0.00 call:0.82 put:0.18 | ATM:0.45 OTM:0.55 [seq] | lr: 2.50e-04 | left: 124s
step 10600 ( 48.4%) | loss: 0.726647 | trade:0.47 call:0.79 put:0.21 | ATM:0.42 OTM:0.58 [seq] | lr: 2.50e-04 | left: 124s
step 10650 ( 48.7%) | loss: 0.566016 | trade:0.96 call:0.02 put:0.98 | ATM:0.73 OTM:0.27 [seq] | lr: 2.50e-04 | left: 123s
step 10700 ( 48.9%) | loss: 0.523733 | trade:0.94 call:0.01 put:0.99 | ATM:0.62 OTM:0.38 [seq] | lr: 2.50e-04 | left: 123s
step 10750 ( 49.1%) | loss: 0.575661 | trade:0.33 call:0.75 put:0.25 | ATM:0.51 OTM:0.49 [rnd] | lr: 2.50e-04 | left: 122s
step 10800 ( 49.3%) | loss: 0.606519 | trade:0.37 call:0.76 put:0.24 | ATM:0.49 OTM:0.51 [rnd] | lr: 2.50e-04 | left: 122s
step 10850 ( 49.5%) | loss: 0.740845 | trade:0.37 call:0.75 put:0.25 | ATM:0.50 OTM:0.50 [rnd] | lr: 2.50e-04 | left: 121s
step 10900 ( 49.7%) | loss: 0.752029 | trade:0.92 call:0.99 put:0.01 | ATM:0.53 OTM:0.47 [seq] | lr: 2.50e-04 | left: 121s
step 10950 ( 49.9%) | loss: 0.779406 | trade:0.35 call:0.71 put:0.29 | ATM:0.50 OTM:0.50 [rnd] | lr: 2.50e-04 | left: 120s
step 11000 ( 50.1%) | loss: 0.739161 | trade:0.36 call:0.73 put:0.27 | ATM:0.50 OTM:0.50 [rnd] | lr: 2.50e-04 | left: 120s
step 11050 ( 50.3%) | loss: 0.550281 | trade:0.34 call:0.72 put:0.28 | ATM:0.50 OTM:0.50 [rnd] | lr: 2.50e-04 | left: 119s
step 11100 ( 50.5%) | loss: 0.778335 | trade:0.95 call:1.00 put:0.00 | ATM:0.40 OTM:0.60 [seq] | lr: 2.50e-04 | left: 119s
step 11150 ( 50.7%) | loss: 0.577451 | trade:0.85 call:0.02 put:0.98 | ATM:0.98 OTM:0.02 [seq] | lr: 2.50e-04 | left: 118s
step 11200 ( 50.9%) | loss: 0.719085 | trade:0.00 call:0.86 put:0.14 | ATM:0.64 OTM:0.36 [seq] | lr: 2.50e-04 | left: 118s
step 11250 ( 51.1%) | loss: 0.784347 | trade:0.62 call:0.41 put:0.59 | ATM:0.62 OTM:0.38 [seq] | lr: 2.50e-04 | left: 117s
step 11300 ( 51.3%) | loss: 0.898869 | trade:0.32 call:0.62 put:0.38 | ATM:0.57 OTM:0.43 [seq] | lr: 2.50e-04 | left: 117s
step 11350 ( 51.5%) | loss: 0.823392 | trade:0.95 call:1.00 put:0.00 | ATM:0.18 OTM:0.82 [seq] | lr: 2.50e-04 | left: 116s
step 11400 ( 51.7%) | loss: 0.691614 | trade:0.93 call:1.00 put:0.00 | ATM:0.19 OTM:0.81 [seq] | lr: 2.50e-04 | left: 116s
step 11450 ( 51.9%) | loss: 0.799755 | trade:0.90 call:0.99 put:0.01 | ATM:0.51 OTM:0.49 [seq] | lr: 2.50e-04 | left: 115s
step 11500 ( 52.1%) | loss: 0.578759 | trade:0.00 call:0.62 put:0.38 | ATM:0.31 OTM:0.69 [seq] | lr: 2.50e-04 | left: 115s
step 11550 ( 52.3%) | loss: 0.473298 | trade:0.36 call:0.72 put:0.28 | ATM:0.51 OTM:0.49 [rnd] | lr: 2.50e-04 | left: 115s
step 11600 ( 52.5%) | loss: 0.721798 | trade:0.91 call:1.00 put:0.00 | ATM:0.29 OTM:0.71 [seq] | lr: 2.50e-04 | left: 114s
step 11650 ( 52.7%) | loss: 0.701770 | trade:0.34 call:0.76 put:0.24 | ATM:0.50 OTM:0.50 [rnd] | lr: 2.50e-04 | left: 113s
step 11700 ( 53.0%) | loss: 0.663729 | trade:0.00 call:0.77 put:0.24 | ATM:0.46 OTM:0.54 [seq] | lr: 2.50e-04 | left: 113s
step 11750 ( 53.2%) | loss: 0.683144 | trade:0.35 call:0.73 put:0.27 | ATM:0.51 OTM:0.49 [rnd] | lr: 2.50e-04 | left: 112s
step 11800 ( 53.4%) | loss: 0.561402 | trade:0.94 call:0.97 put:0.03 | ATM:0.42 OTM:0.58 [seq] | lr: 2.50e-04 | left: 112s
step 11850 ( 53.6%) | loss: 0.420780 | trade:0.91 call:0.99 put:0.01 | ATM:0.34 OTM:0.66 [seq] | lr: 2.50e-04 | left: 111s
step 11900 ( 53.7%) | loss: 0.306507 | trade:0.00 call:0.81 put:0.19 | ATM:0.30 OTM:0.70 [seq] | lr: 2.50e-04 | left: 111s
step 11950 ( 54.0%) | loss: 0.860935 | trade:0.00 call:0.73 put:0.27 | ATM:0.56 OTM:0.44 [seq] | lr: 2.50e-04 | left: 110s
step 12000 ( 54.3%) | loss: 0.771241 | trade:0.80 call:0.95 put:0.05 | ATM:0.93 OTM:0.07 [seq] | lr: 2.50e-04 | left: 110s
step 12050 ( 54.5%) | loss: 0.379244 | trade:0.48 call:0.23 put:0.77 | ATM:0.68 OTM:0.32 [seq] | lr: 2.50e-04 | left: 109s
step 12100 ( 54.7%) | loss: 0.757631 | trade:0.45 call:0.57 put:0.42 | ATM:0.58 OTM:0.42 [seq] | lr: 2.50e-04 | left: 109s
step 12150 ( 54.9%) | loss: 0.468205 | trade:0.00 call:0.57 put:0.43 | ATM:0.46 OTM:0.54 [seq] | lr: 2.50e-04 | left: 108s
step 12200 ( 55.1%) | loss: 0.575332 | trade:0.00 call:0.97 put:0.03 | ATM:0.36 OTM:0.64 [seq] | lr: 2.50e-04 | left: 108s
step 12250 ( 55.3%) | loss: 0.699460 | trade:0.00 call:0.80 put:0.20 | ATM:0.52 OTM:0.48 [seq] | lr: 2.50e-04 | left: 107s
step 12300 ( 55.5%) | loss: 0.627181 | trade:0.00 call:0.45 put:0.55 | ATM:0.46 OTM:0.54 [seq] | lr: 2.50e-04 | left: 107s
step 12350 ( 55.7%) | loss: 0.400179 | trade:0.00 call:0.50 put:0.50 | ATM:0.51 OTM:0.49 [seq] | lr: 2.50e-04 | left: 106s
step 12400 ( 56.0%) | loss: 0.558887 | trade:0.00 call:0.81 put:0.19 | ATM:0.43 OTM:0.57 [seq] | lr: 2.50e-04 | left: 106s
step 12450 ( 56.2%) | loss: 0.439176 | trade:0.93 call:0.99 put:0.01 | ATM:0.32 OTM:0.68 [seq] | lr: 2.50e-04 | left: 105s
step 12500 ( 56.4%) | loss: 0.567757 | trade:0.00 call:0.58 put:0.42 | ATM:0.46 OTM:0.54 [seq] | lr: 2.50e-04 | left: 105s
step 12550 ( 56.6%) | loss: 0.487602 | trade:0.00 call:0.62 put:0.38 | ATM:0.44 OTM:0.56 [seq] | lr: 2.50e-04 | left: 104s
step 12600 ( 56.8%) | loss: 0.776691 | trade:0.97 call:0.01 put:0.99 | ATM:0.68 OTM:0.32 [seq] | lr: 2.50e-04 | left: 104s
step 12650 ( 57.0%) | loss: 0.587106 | trade:0.94 call:0.00 put:1.00 | ATM:0.59 OTM:0.41 [seq] | lr: 2.50e-04 | left: 103s
step 12700 ( 57.1%) | loss: 0.610917 | trade:0.00 call:0.45 put:0.55 | ATM:0.43 OTM:0.57 [seq] | lr: 2.50e-04 | left: 103s
step 12750 ( 57.3%) | loss: 0.612234 | trade:0.33 call:0.73 put:0.27 | ATM:0.52 OTM:0.48 [rnd] | lr: 2.50e-04 | left: 102s
step 12800 ( 57.5%) | loss: 0.611463 | trade:0.00 call:0.83 put:0.17 | ATM:0.40 OTM:0.60 [seq] | lr: 2.50e-04 | left: 102s
step 12850 ( 57.7%) | loss: 0.652628 | trade:0.35 call:0.75 put:0.24 | ATM:0.52 OTM:0.48 [rnd] | lr: 2.50e-04 | left: 102s
step 12900 ( 57.9%) | loss: 0.392581 | trade:0.00 call:0.46 put:0.54 | ATM:0.54 OTM:0.46 [seq] | lr: 2.50e-04 | left: 101s
step 12950 ( 58.1%) | loss: 0.633616 | trade:0.34 call:0.72 put:0.29 | ATM:0.53 OTM:0.47 [rnd] | lr: 2.50e-04 | left: 101s
step 13000 ( 58.3%) | loss: 1.104391 | trade:0.66 call:0.47 put:0.53 | ATM:0.71 OTM:0.29 [seq] | lr: 2.50e-04 | left: 100s
step 13050 ( 58.6%) | loss: 0.866947 | trade:0.45 call:0.37 put:0.64 | ATM:0.49 OTM:0.51 [seq] | lr: 2.50e-04 | left: 99s
step 13100 ( 58.8%) | loss: 0.823953 | trade:0.33 call:0.77 put:0.24 | ATM:0.49 OTM:0.51 [rnd] | lr: 2.50e-04 | left: 99s
step 13150 ( 59.0%) | loss: 0.949991 | trade:0.91 call:0.98 put:0.01 | ATM:0.47 OTM:0.53 [seq] | lr: 2.50e-04 | left: 98s
step 13200 ( 59.2%) | loss: 0.744143 | trade:0.92 call:0.86 put:0.14 | ATM:0.40 OTM:0.60 [seq] | lr: 2.50e-04 | left: 98s
step 13250 ( 59.4%) | loss: 0.519825 | trade:0.88 call:0.94 put:0.06 | ATM:0.91 OTM:0.09 [seq] | lr: 2.50e-04 | left: 97s
step 13300 ( 59.7%) | loss: 0.549823 | trade:0.93 call:0.01 put:0.99 | ATM:0.96 OTM:0.04 [seq] | lr: 2.50e-04 | left: 97s
step 13350 ( 59.9%) | loss: 0.567594 | trade:0.90 call:0.95 put:0.05 | ATM:0.92 OTM:0.08 [seq] | lr: 2.50e-04 | left: 96s
step 13400 ( 60.1%) | loss: 0.464270 | trade:0.92 call:0.98 put:0.02 | ATM:0.51 OTM:0.49 [seq] | lr: 2.50e-04 | left: 96s
step 13450 ( 60.3%) | loss: 0.662080 | trade:0.00 call:0.79 put:0.21 | ATM:0.53 OTM:0.47 [seq] | lr: 2.50e-04 | left: 95s
step 13500 ( 60.5%) | loss: 0.435041 | trade:0.00 call:0.95 put:0.05 | ATM:0.92 OTM:0.08 [seq] | lr: 2.50e-04 | left: 95s
step 13550 ( 60.7%) | loss: 0.520461 | trade:0.00 call:0.80 put:0.20 | ATM:0.49 OTM:0.51 [seq] | lr: 2.50e-04 | left: 94s
step 13600 ( 60.8%) | loss: 0.365349 | trade:0.00 call:0.95 put:0.05 | ATM:0.85 OTM:0.15 [seq] | lr: 2.50e-04 | left: 94s
step 13650 ( 61.0%) | loss: 0.491855 | trade:0.00 call:0.75 put:0.25 | ATM:0.39 OTM:0.61 [seq] | lr: 2.50e-04 | left: 94s
step 13700 ( 61.2%) | loss: 0.476927 | trade:0.00 call:0.79 put:0.21 | ATM:0.40 OTM:0.60 [seq] | lr: 2.50e-04 | left: 93s
step 13750 ( 61.4%) | loss: 0.561990 | trade:0.37 call:0.73 put:0.27 | ATM:0.50 OTM:0.50 [rnd] | lr: 2.50e-04 | left: 93s
step 13800 ( 61.6%) | loss: 0.624577 | trade:0.35 call:0.74 put:0.26 | ATM:0.49 OTM:0.51 [rnd] | lr: 2.50e-04 | left: 92s
step 13850 ( 61.8%) | loss: 0.369494 | trade:0.00 call:0.91 put:0.08 | ATM:0.32 OTM:0.68 [seq] | lr: 2.50e-04 | left: 92s
step 13900 ( 61.9%) | loss: 0.501807 | trade:0.00 call:0.95 put:0.05 | ATM:0.36 OTM:0.64 [seq] | lr: 2.50e-04 | left: 91s
step 13950 ( 62.1%) | loss: 0.635345 | trade:0.35 call:0.76 put:0.24 | ATM:0.49 OTM:0.51 [rnd] | lr: 2.50e-04 | left: 91s
step 14000 ( 62.3%) | loss: 0.697992 | trade:0.00 call:0.72 put:0.28 | ATM:0.36 OTM:0.64 [seq] | lr: 2.50e-04 | left: 90s
step 14050 ( 62.5%) | loss: 0.465062 | trade:0.00 call:0.79 put:0.21 | ATM:0.72 OTM:0.28 [seq] | lr: 2.50e-04 | left: 90s
step 14100 ( 62.7%) | loss: 0.432292 | trade:0.00 call:0.55 put:0.45 | ATM:0.47 OTM:0.53 [seq] | lr: 2.50e-04 | left: 90s
step 14150 ( 62.9%) | loss: 0.676966 | trade:0.35 call:0.76 put:0.24 | ATM:0.49 OTM:0.51 [rnd] | lr: 2.50e-04 | left: 89s
step 14200 ( 63.0%) | loss: 0.569724 | trade:0.00 call:0.30 put:0.70 | ATM:0.72 OTM:0.28 [seq] | lr: 2.50e-04 | left: 89s
step 14250 ( 63.2%) | loss: 0.502412 | trade:0.00 call:0.70 put:0.30 | ATM:0.53 OTM:0.47 [seq] | lr: 2.50e-04 | left: 88s
step 14300 ( 63.4%) | loss: 0.572068 | trade:0.38 call:0.77 put:0.23 | ATM:0.51 OTM:0.49 [rnd] | lr: 2.50e-04 | left: 88s
step 14350 ( 63.6%) | loss: 0.599033 | trade:0.00 call:0.74 put:0.26 | ATM:0.34 OTM:0.66 [seq] | lr: 2.50e-04 | left: 87s
step 14400 ( 63.8%) | loss: 0.699373 | trade:0.00 call:0.91 put:0.09 | ATM:0.85 OTM:0.15 [seq] | lr: 2.50e-04 | left: 87s
step 14450 ( 64.0%) | loss: 0.478568 | trade:0.45 call:0.08 put:0.92 | ATM:0.85 OTM:0.15 [seq] | lr: 2.50e-04 | left: 86s
step 14500 ( 64.2%) | loss: 0.405661 | trade:0.00 call:0.75 put:0.25 | ATM:0.59 OTM:0.41 [seq] | lr: 2.50e-04 | left: 86s
step 14550 ( 64.4%) | loss: 0.649608 | trade:0.93 call:0.98 put:0.01 | ATM:0.37 OTM:0.63 [seq] | lr: 2.50e-04 | left: 85s
step 14600 ( 64.6%) | loss: 0.569235 | trade:0.01 call:0.78 put:0.22 | ATM:0.31 OTM:0.69 [seq] | lr: 2.50e-04 | left: 85s
step 14650 ( 64.8%) | loss: 0.587966 | trade:0.00 call:0.73 put:0.27 | ATM:0.41 OTM:0.59 [seq] | lr: 2.50e-04 | left: 84s
step 14700 ( 65.0%) | loss: 0.438130 | trade:0.00 call:0.74 put:0.26 | ATM:0.34 OTM:0.66 [seq] | lr: 2.50e-04 | left: 84s
step 14750 ( 65.3%) | loss: 0.611532 | trade:0.00 call:0.79 put:0.21 | ATM:0.37 OTM:0.63 [seq] | lr: 2.50e-04 | left: 83s
step 14800 ( 65.5%) | loss: 0.544846 | trade:0.00 call:0.55 put:0.45 | ATM:0.47 OTM:0.53 [seq] | lr: 2.50e-04 | left: 83s
step 14850 ( 65.6%) | loss: 0.551760 | trade:0.38 call:0.75 put:0.25 | ATM:0.49 OTM:0.51 [rnd] | lr: 2.50e-04 | left: 82s
step 14900 ( 65.9%) | loss: 0.360894 | trade:0.00 call:0.79 put:0.21 | ATM:0.38 OTM:0.62 [seq] | lr: 2.50e-04 | left: 82s
step 14950 ( 66.1%) | loss: 0.457170 | trade:0.00 call:0.59 put:0.41 | ATM:0.47 OTM:0.53 [seq] | lr: 2.50e-04 | left: 81s
step 15000 ( 66.3%) | loss: 0.622417 | trade:0.46 call:0.52 put:0.48 | ATM:0.44 OTM:0.56 [seq] | lr: 2.50e-04 | left: 81s
step 15050 ( 66.5%) | loss: 0.471784 | trade:0.00 call:0.73 put:0.27 | ATM:0.39 OTM:0.61 [seq] | lr: 2.50e-04 | left: 80s
step 15100 ( 66.6%) | loss: 0.405801 | trade:0.00 call:0.84 put:0.16 | ATM:0.40 OTM:0.60 [seq] | lr: 2.50e-04 | left: 80s
step 15150 ( 66.8%) | loss: 0.519553 | trade:0.00 call:0.70 put:0.30 | ATM:0.37 OTM:0.63 [seq] | lr: 2.50e-04 | left: 80s
step 15200 ( 67.1%) | loss: 0.337624 | trade:0.95 call:0.93 put:0.08 | ATM:0.41 OTM:0.59 [seq] | lr: 2.50e-04 | left: 79s
step 15250 ( 67.4%) | loss: 0.630532 | trade:0.00 call:0.83 put:0.17 | ATM:0.40 OTM:0.60 [seq] | lr: 2.50e-04 | left: 78s
step 15300 ( 67.8%) | loss: 0.786036 | trade:0.35 call:0.77 put:0.23 | ATM:0.50 OTM:0.50 [rnd] | lr: 2.50e-04 | left: 77s
step 15350 ( 68.3%) | loss: 0.426742 | trade:0.00 call:0.95 put:0.05 | ATM:0.94 OTM:0.06 [seq] | lr: 2.50e-04 | left: 76s
step 15400 ( 68.7%) | loss: 0.474982 | trade:0.00 call:0.26 put:0.74 | ATM:0.74 OTM:0.26 [seq] | lr: 2.50e-04 | left: 75s
step 15450 ( 69.1%) | loss: 0.647813 | trade:0.00 call:0.75 put:0.25 | ATM:0.38 OTM:0.62 [seq] | lr: 2.50e-04 | left: 74s
step 15500 ( 69.4%) | loss: 0.649755 | trade:0.00 call:0.07 put:0.93 | ATM:0.31 OTM:0.69 [seq] | lr: 2.50e-04 | left: 74s
step 15550 ( 69.7%) | loss: 0.350148 | trade:0.00 call:0.96 put:0.04 | ATM:0.35 OTM:0.65 [seq] | lr: 2.50e-04 | left: 73s
step 15600 ( 70.2%) | loss: 0.502733 | trade:0.00 call:0.66 put:0.33 | ATM:0.47 OTM:0.53 [seq] | lr: 2.50e-04 | left: 72s
step 15650 ( 70.5%) | loss: 0.568414 | trade:0.00 call:0.91 put:0.09 | ATM:0.32 OTM:0.68 [seq] | lr: 2.50e-04 | left: 71s
step 15700 ( 70.7%) | loss: 0.601668 | trade:0.38 call:0.75 put:0.25 | ATM:0.50 OTM:0.50 [rnd] | lr: 2.50e-04 | left: 70s
step 15750 ( 70.8%) | loss: 0.652538 | trade:0.35 call:0.73 put:0.27 | ATM:0.49 OTM:0.51 [rnd] | lr: 2.50e-04 | left: 70s
step 15800 ( 71.0%) | loss: 0.549196 | trade:0.33 call:0.76 put:0.24 | ATM:0.48 OTM:0.52 [rnd] | lr: 2.49e-04 | left: 70s
step 15850 ( 71.2%) | loss: 0.468968 | trade:0.34 call:0.74 put:0.26 | ATM:0.50 OTM:0.50 [rnd] | lr: 2.49e-04 | left: 69s
step 15900 ( 71.4%) | loss: 0.748871 | trade:0.36 call:0.75 put:0.25 | ATM:0.48 OTM:0.52 [rnd] | lr: 2.49e-04 | left: 69s
step 15950 ( 71.6%) | loss: 0.550970 | trade:0.00 call:0.84 put:0.16 | ATM:0.64 OTM:0.36 [seq] | lr: 2.48e-04 | left: 68s
step 16000 ( 72.1%) | loss: 0.630411 | trade:0.00 call:0.75 put:0.25 | ATM:0.50 OTM:0.50 [seq] | lr: 2.47e-04 | left: 67s
step 16050 ( 72.5%) | loss: 0.530949 | trade:0.00 call:0.88 put:0.12 | ATM:0.48 OTM:0.52 [seq] | lr: 2.46e-04 | left: 66s
step 16100 ( 72.7%) | loss: 0.527252 | trade:0.00 call:0.94 put:0.06 | ATM:0.93 OTM:0.07 [seq] | lr: 2.45e-04 | left: 66s
step 16150 ( 73.0%) | loss: 0.426602 | trade:0.00 call:0.72 put:0.28 | ATM:0.39 OTM:0.61 [seq] | lr: 2.44e-04 | left: 65s
step 16200 ( 73.2%) | loss: 0.855724 | trade:0.36 call:0.73 put:0.27 | ATM:0.51 OTM:0.49 [rnd] | lr: 2.43e-04 | left: 64s
step 16250 ( 73.4%) | loss: 0.720130 | trade:0.36 call:0.73 put:0.27 | ATM:0.50 OTM:0.50 [rnd] | lr: 2.42e-04 | left: 64s
step 16300 ( 73.7%) | loss: 0.545777 | trade:0.36 call:0.75 put:0.25 | ATM:0.49 OTM:0.51 [rnd] | lr: 2.41e-04 | left: 63s
step 16350 ( 74.1%) | loss: 0.696732 | trade:0.34 call:0.73 put:0.28 | ATM:0.49 OTM:0.51 [rnd] | lr: 2.39e-04 | left: 62s
step 16400 ( 74.6%) | loss: 0.834621 | trade:0.00 call:0.86 put:0.14 | ATM:0.41 OTM:0.59 [seq] | lr: 2.36e-04 | left: 61s
step 16450 ( 74.8%) | loss: 0.561223 | trade:0.91 call:0.95 put:0.05 | ATM:0.94 OTM:0.06 [seq] | lr: 2.34e-04 | left: 60s
step 16500 ( 75.0%) | loss: 0.633742 | trade:0.00 call:0.83 put:0.17 | ATM:0.64 OTM:0.36 [seq] | lr: 2.33e-04 | left: 60s
step 16550 ( 75.2%) | loss: 0.721453 | trade:0.33 call:0.76 put:0.24 | ATM:0.48 OTM:0.52 [rnd] | lr: 2.32e-04 | left: 60s
step 16600 ( 75.4%) | loss: 0.722413 | trade:0.00 call:0.70 put:0.31 | ATM:0.37 OTM:0.63 [seq] | lr: 2.31e-04 | left: 59s
step 16650 ( 75.6%) | loss: 0.464255 | trade:0.00 call:0.62 put:0.39 | ATM:0.79 OTM:0.21 [seq] | lr: 2.29e-04 | left: 59s
step 16700 ( 75.9%) | loss: 0.810005 | trade:0.39 call:0.78 put:0.22 | ATM:0.49 OTM:0.51 [rnd] | lr: 2.27e-04 | left: 58s
step 16750 ( 76.0%) | loss: 0.574912 | trade:0.00 call:0.76 put:0.24 | ATM:0.44 OTM:0.56 [seq] | lr: 2.26e-04 | left: 57s
step 16800 ( 76.2%) | loss: 0.707486 | trade:0.36 call:0.73 put:0.27 | ATM:0.50 OTM:0.50 [rnd] | lr: 2.24e-04 | left: 57s
step 16850 ( 76.6%) | loss: 0.893125 | trade:0.35 call:0.76 put:0.24 | ATM:0.51 OTM:0.49 [rnd] | lr: 2.22e-04 | left: 56s
step 16900 ( 76.8%) | loss: 0.632505 | trade:0.90 call:0.98 put:0.01 | ATM:0.39 OTM:0.61 [seq] | lr: 2.19e-04 | left: 56s
step 16950 ( 77.0%) | loss: 0.673911 | trade:0.39 call:0.72 put:0.28 | ATM:0.50 OTM:0.50 [rnd] | lr: 2.17e-04 | left: 55s
step 17000 ( 77.3%) | loss: 0.544622 | trade:0.00 call:0.65 put:0.35 | ATM:0.48 OTM:0.52 [seq] | lr: 2.16e-04 | left: 55s
step 17050 ( 77.5%) | loss: 0.990860 | trade:0.36 call:0.73 put:0.27 | ATM:0.49 OTM:0.51 [rnd] | lr: 2.14e-04 | left: 54s
step 17100 ( 77.8%) | loss: 0.637798 | trade:0.36 call:0.77 put:0.23 | ATM:0.49 OTM:0.51 [rnd] | lr: 2.11e-04 | left: 53s
step 17150 ( 78.2%) | loss: 0.696728 | trade:0.00 call:0.48 put:0.52 | ATM:0.39 OTM:0.61 [seq] | lr: 2.07e-04 | left: 52s
step 17200 ( 78.5%) | loss: 0.559032 | trade:0.00 call:0.93 put:0.07 | ATM:0.37 OTM:0.63 [seq] | lr: 2.03e-04 | left: 52s
step 17250 ( 78.8%) | loss: 0.418131 | trade:0.00 call:0.83 put:0.17 | ATM:0.46 OTM:0.54 [seq] | lr: 2.01e-04 | left: 51s
step 17300 ( 79.1%) | loss: 0.519021 | trade:0.00 call:0.97 put:0.03 | ATM:0.50 OTM:0.50 [seq] | lr: 1.97e-04 | left: 50s
step 17350 ( 79.4%) | loss: 0.752173 | trade:0.36 call:0.76 put:0.24 | ATM:0.50 OTM:0.50 [rnd] | lr: 1.94e-04 | left: 49s
step 17400 ( 79.6%) | loss: 0.674964 | trade:0.37 call:0.76 put:0.24 | ATM:0.48 OTM:0.52 [rnd] | lr: 1.92e-04 | left: 49s
step 17450 ( 79.8%) | loss: 0.591184 | trade:0.89 call:0.06 put:0.94 | ATM:0.69 OTM:0.31 [seq] | lr: 1.90e-04 | left: 49s
step 17500 ( 80.1%) | loss: 0.623544 | trade:0.00 call:0.80 put:0.20 | ATM:0.69 OTM:0.31 [seq] | lr: 1.86e-04 | left: 48s
step 17550 ( 80.3%) | loss: 0.806395 | trade:0.34 call:0.75 put:0.25 | ATM:0.48 OTM:0.52 [rnd] | lr: 1.84e-04 | left: 47s
step 17600 ( 80.5%) | loss: 0.454648 | trade:0.89 call:0.97 put:0.03 | ATM:0.34 OTM:0.66 [seq] | lr: 1.82e-04 | left: 47s
step 17650 ( 80.7%) | loss: 0.566687 | trade:0.36 call:0.73 put:0.27 | ATM:0.50 OTM:0.50 [rnd] | lr: 1.79e-04 | left: 46s
step 17700 ( 80.9%) | loss: 0.474168 | trade:0.92 call:1.00 put:0.00 | ATM:0.28 OTM:0.72 [seq] | lr: 1.77e-04 | left: 46s
step 17750 ( 81.0%) | loss: 0.410241 | trade:0.35 call:0.72 put:0.28 | ATM:0.50 OTM:0.50 [rnd] | lr: 1.75e-04 | left: 45s
step 17800 ( 81.3%) | loss: 0.478625 | trade:0.92 call:0.98 put:0.02 | ATM:0.96 OTM:0.04 [seq] | lr: 1.73e-04 | left: 45s
step 17850 ( 81.4%) | loss: 0.520180 | trade:0.93 call:1.00 put:0.00 | ATM:0.26 OTM:0.74 [seq] | lr: 1.71e-04 | left: 45s
step 17900 ( 81.6%) | loss: 0.493000 | trade:0.96 call:1.00 put:0.00 | ATM:0.21 OTM:0.79 [seq] | lr: 1.68e-04 | left: 44s
step 17950 ( 81.8%) | loss: 0.508145 | trade:0.95 call:1.00 put:0.00 | ATM:0.22 OTM:0.78 [seq] | lr: 1.66e-04 | left: 44s
step 18000 ( 82.0%) | loss: 0.721428 | trade:0.93 call:0.99 put:0.01 | ATM:0.22 OTM:0.78 [seq] | lr: 1.64e-04 | left: 43s
step 18050 ( 82.3%) | loss: 0.526106 | trade:0.38 call:0.77 put:0.23 | ATM:0.48 OTM:0.52 [rnd] | lr: 1.60e-04 | left: 42s
step 18100 ( 82.7%) | loss: 0.576221 | trade:0.37 call:0.77 put:0.23 | ATM:0.49 OTM:0.51 [rnd] | lr: 1.54e-04 | left: 41s
step 18150 ( 83.2%) | loss: 0.656308 | trade:0.88 call:0.95 put:0.05 | ATM:0.95 OTM:0.05 [seq] | lr: 1.49e-04 | left: 40s
step 18200 ( 83.5%) | loss: 0.803611 | trade:0.36 call:0.75 put:0.25 | ATM:0.48 OTM:0.52 [rnd] | lr: 1.44e-04 | left: 40s
step 18250 ( 83.7%) | loss: 0.364538 | trade:0.00 call:0.71 put:0.29 | ATM:0.39 OTM:0.61 [seq] | lr: 1.42e-04 | left: 39s
step 18300 ( 83.9%) | loss: 0.633832 | trade:0.32 call:0.75 put:0.25 | ATM:0.50 OTM:0.50 [rnd] | lr: 1.39e-04 | left: 39s
step 18350 ( 84.1%) | loss: 0.820567 | trade:0.92 call:1.00 put:0.00 | ATM:0.23 OTM:0.77 [seq] | lr: 1.37e-04 | left: 38s
step 18400 ( 84.3%) | loss: 0.374580 | trade:0.92 call:1.00 put:0.00 | ATM:0.24 OTM:0.76 [seq] | lr: 1.34e-04 | left: 38s
step 18450 ( 84.7%) | loss: 0.637680 | trade:0.93 call:0.99 put:0.01 | ATM:0.28 OTM:0.72 [seq] | lr: 1.29e-04 | left: 37s
step 18500 ( 85.1%) | loss: 0.434432 | trade:0.00 call:0.94 put:0.06 | ATM:0.52 OTM:0.48 [seq] | lr: 1.24e-04 | left: 36s
step 18550 ( 85.3%) | loss: 0.520002 | trade:0.00 call:0.77 put:0.23 | ATM:0.49 OTM:0.51 [seq] | lr: 1.21e-04 | left: 35s
step 18600 ( 85.5%) | loss: 0.826717 | trade:0.00 call:0.71 put:0.29 | ATM:0.41 OTM:0.59 [seq] | lr: 1.19e-04 | left: 35s
step 18650 ( 85.6%) | loss: 0.412924 | trade:0.34 call:0.75 put:0.25 | ATM:0.48 OTM:0.52 [rnd] | lr: 1.17e-04 | left: 34s
step 18700 ( 85.9%) | loss: 0.749515 | trade:0.00 call:0.79 put:0.21 | ATM:0.58 OTM:0.42 [seq] | lr: 1.14e-04 | left: 34s
step 18750 ( 86.0%) | loss: 0.502672 | trade:0.00 call:0.69 put:0.31 | ATM:0.34 OTM:0.66 [seq] | lr: 1.12e-04 | left: 34s
step 18800 ( 86.2%) | loss: 0.611615 | trade:0.00 call:0.77 put:0.23 | ATM:0.37 OTM:0.63 [seq] | lr: 1.09e-04 | left: 33s
step 18850 ( 86.4%) | loss: 0.626551 | trade:0.34 call:0.77 put:0.23 | ATM:0.48 OTM:0.52 [rnd] | lr: 1.06e-04 | left: 33s
step 18900 ( 86.8%) | loss: 0.885879 | trade:0.35 call:0.75 put:0.25 | ATM:0.49 OTM:0.51 [rnd] | lr: 1.01e-04 | left: 32s
step 18950 ( 87.3%) | loss: 0.609890 | trade:0.00 call:0.76 put:0.24 | ATM:0.53 OTM:0.47 [seq] | lr: 9.56e-05 | left: 31s
step 19000 ( 87.7%) | loss: 1.183417 | trade:0.95 call:0.99 put:0.01 | ATM:0.28 OTM:0.72 [seq] | lr: 8.98e-05 | left: 29s
step 19050 ( 87.9%) | loss: 0.577475 | trade:0.95 call:1.00 put:0.00 | ATM:0.18 OTM:0.82 [seq] | lr: 8.76e-05 | left: 29s
step 19100 ( 88.1%) | loss: 0.533221 | trade:0.95 call:1.00 put:0.00 | ATM:0.20 OTM:0.80 [seq] | lr: 8.54e-05 | left: 29s
step 19150 ( 88.3%) | loss: 0.533765 | trade:0.00 call:0.70 put:0.30 | ATM:0.44 OTM:0.56 [seq] | lr: 8.28e-05 | left: 28s
step 19200 ( 88.5%) | loss: 0.543788 | trade:0.33 call:0.77 put:0.22 | ATM:0.49 OTM:0.51 [rnd] | lr: 8.06e-05 | left: 28s
step 19250 ( 88.7%) | loss: 0.594328 | trade:0.00 call:0.86 put:0.14 | ATM:0.51 OTM:0.49 [seq] | lr: 7.78e-05 | left: 27s
step 19300 ( 89.1%) | loss: 0.606101 | trade:0.00 call:0.46 put:0.54 | ATM:0.63 OTM:0.37 [seq] | lr: 7.35e-05 | left: 26s
step 19350 ( 89.5%) | loss: 0.721135 | trade:0.37 call:0.75 put:0.25 | ATM:0.48 OTM:0.52 [rnd] | lr: 6.83e-05 | left: 25s
step 19400 ( 89.9%) | loss: 0.730996 | trade:0.91 call:0.00 put:1.00 | ATM:0.65 OTM:0.35 [seq] | lr: 6.32e-05 | left: 24s
step 19450 ( 90.1%) | loss: 0.424363 | trade:0.89 call:0.97 put:0.03 | ATM:0.52 OTM:0.48 [seq] | lr: 6.10e-05 | left: 24s
step 19500 ( 90.3%) | loss: 0.477190 | trade:0.92 call:0.96 put:0.03 | ATM:0.45 OTM:0.55 [seq] | lr: 5.89e-05 | left: 23s
step 19550 ( 90.5%) | loss: 0.269655 | trade:0.91 call:0.99 put:0.01 | ATM:0.35 OTM:0.65 [seq] | lr: 5.72e-05 | left: 23s
step 19600 ( 90.7%) | loss: 0.755779 | trade:0.88 call:0.86 put:0.14 | ATM:0.32 OTM:0.68 [seq] | lr: 5.51e-05 | left: 22s
step 19650 ( 90.8%) | loss: 0.860814 | trade:0.38 call:0.76 put:0.24 | ATM:0.49 OTM:0.51 [rnd] | lr: 5.31e-05 | left: 22s
step 19700 ( 91.0%) | loss: 0.511167 | trade:0.34 call:0.73 put:0.27 | ATM:0.50 OTM:0.50 [rnd] | lr: 5.13e-05 | left: 22s
step 19750 ( 91.3%) | loss: 0.511471 | trade:0.00 call:0.83 put:0.17 | ATM:0.44 OTM:0.56 [seq] | lr: 4.89e-05 | left: 21s
step 19800 ( 91.6%) | loss: 0.697972 | trade:0.00 call:0.75 put:0.26 | ATM:0.35 OTM:0.65 [seq] | lr: 4.48e-05 | left: 20s
step 19850 ( 92.1%) | loss: 0.630506 | trade:0.00 call:0.43 put:0.57 | ATM:0.40 OTM:0.60 [seq] | lr: 4.05e-05 | left: 19s
step 19900 ( 92.3%) | loss: 0.312108 | trade:0.00 call:0.17 put:0.83 | ATM:0.81 OTM:0.19 [seq] | lr: 3.87e-05 | left: 19s
step 19950 ( 92.5%) | loss: 0.426431 | trade:0.94 call:0.11 put:0.89 | ATM:0.58 OTM:0.42 [seq] | lr: 3.64e-05 | left: 18s
step 20000 ( 92.7%) | loss: 0.496748 | trade:0.93 call:0.02 put:0.98 | ATM:0.63 OTM:0.37 [seq] | lr: 3.43e-05 | left: 17s
step 20050 ( 93.0%) | loss: 0.323741 | trade:0.00 call:0.66 put:0.34 | ATM:0.42 OTM:0.58 [seq] | lr: 3.22e-05 | left: 17s
step 20100 ( 93.3%) | loss: 0.569207 | trade:0.00 call:0.75 put:0.25 | ATM:0.36 OTM:0.64 [seq] | lr: 2.92e-05 | left: 16s
step 20150 ( 93.6%) | loss: 0.656320 | trade:0.00 call:0.72 put:0.28 | ATM:0.34 OTM:0.66 [seq] | lr: 2.72e-05 | left: 15s
step 20200 ( 93.9%) | loss: 0.669906 | trade:0.37 call:0.73 put:0.27 | ATM:0.49 OTM:0.51 [rnd] | lr: 2.46e-05 | left: 15s
step 20250 ( 94.3%) | loss: 0.290155 | trade:0.35 call:0.72 put:0.28 | ATM:0.49 OTM:0.51 [rnd] | lr: 2.18e-05 | left: 14s
step 20300 ( 94.5%) | loss: 0.549543 | trade:0.89 call:0.97 put:0.03 | ATM:0.50 OTM:0.50 [seq] | lr: 2.01e-05 | left: 13s
step 20350 ( 94.8%) | loss: 0.563798 | trade:0.34 call:0.75 put:0.25 | ATM:0.48 OTM:0.52 [rnd] | lr: 1.80e-05 | left: 12s
step 20400 ( 95.0%) | loss: 0.600877 | trade:0.00 call:0.70 put:0.30 | ATM:0.38 OTM:0.62 [seq] | lr: 1.66e-05 | left: 12s
step 20450 ( 95.2%) | loss: 0.416875 | trade:0.00 call:0.62 put:0.38 | ATM:0.46 OTM:0.54 [seq] | lr: 1.55e-05 | left: 12s
step 20500 ( 95.4%) | loss: 0.342542 | trade:0.00 call:0.54 put:0.46 | ATM:0.41 OTM:0.59 [seq] | lr: 1.42e-05 | left: 11s
step 20550 ( 95.6%) | loss: 0.588151 | trade:0.00 call:0.88 put:0.12 | ATM:0.39 OTM:0.61 [seq] | lr: 1.32e-05 | left: 11s
step 20600 ( 95.8%) | loss: 0.761331 | trade:0.00 call:0.66 put:0.34 | ATM:0.34 OTM:0.66 [seq] | lr: 1.20e-05 | left: 10s
step 20650 ( 95.9%) | loss: 0.500156 | trade:0.00 call:0.72 put:0.28 | ATM:0.34 OTM:0.66 [seq] | lr: 1.11e-05 | left: 10s
step 20700 ( 96.2%) | loss: 0.631517 | trade:0.36 call:0.73 put:0.27 | ATM:0.50 OTM:0.50 [rnd] | lr: 1.00e-05 | left: 9s
step 20750 ( 96.5%) | loss: 0.604475 | trade:0.38 call:0.75 put:0.25 | ATM:0.48 OTM:0.52 [rnd] | lr: 8.39e-06 | left: 8s
step 20800 ( 96.7%) | loss: 0.498739 | trade:0.87 call:0.75 put:0.25 | ATM:0.60 OTM:0.40 [seq] | lr: 7.35e-06 | left: 8s
step 20850 ( 97.0%) | loss: 0.939517 | trade:0.36 call:0.74 put:0.26 | ATM:0.49 OTM:0.51 [rnd] | lr: 6.23e-06 | left: 7s
step 20900 ( 97.2%) | loss: 0.470771 | trade:0.90 call:0.72 put:0.28 | ATM:0.47 OTM:0.53 [seq] | lr: 5.41e-06 | left: 7s
step 20950 ( 97.5%) | loss: 0.663816 | trade:0.00 call:0.39 put:0.61 | ATM:0.67 OTM:0.33 [seq] | lr: 4.13e-06 | left: 6s
step 21000 ( 98.0%) | loss: 0.572001 | trade:0.00 call:0.78 put:0.22 | ATM:0.71 OTM:0.29 [seq] | lr: 2.82e-06 | left: 5s
step 21050 ( 98.4%) | loss: 0.665616 | trade:0.00 call:0.57 put:0.43 | ATM:0.65 OTM:0.35 [seq] | lr: 1.81e-06 | left: 4s
step 21100 ( 98.6%) | loss: 0.528980 | trade:0.00 call:0.74 put:0.26 | ATM:0.55 OTM:0.45 [seq] | lr: 1.36e-06 | left: 3s
step 21150 ( 98.8%) | loss: 0.345713 | trade:0.34 call:0.75 put:0.25 | ATM:0.48 OTM:0.52 [rnd] | lr: 1.01e-06 | left: 3s
step 21200 ( 99.0%) | loss: 0.554673 | trade:0.36 call:0.77 put:0.23 | ATM:0.48 OTM:0.52 [rnd] | lr: 6.82e-07 | left: 2s
step 21250 ( 99.2%) | loss: 0.773841 | trade:0.91 call:0.01 put:0.99 | ATM:0.64 OTM:0.36 [seq] | lr: 4.12e-07 | left: 2s
step 21300 ( 99.4%) | loss: 0.570001 | trade:0.00 call:0.79 put:0.21 | ATM:0.47 OTM:0.53 [seq] | lr: 2.30e-07 | left: 1s
step 21350 ( 99.7%) | loss: 0.583845 | trade:0.00 call:0.63 put:0.37 | ATM:0.55 OTM:0.45 [seq] | lr: 4.82e-08 | left: 1s

Training done at 245s. Starting evaluation...
Evaluation done in 1s (total wall: 246s)
Model saved to /root/best_model.pt
Trade log: 6 trades -> /root/trade_log.csv

=== TRADE DIAGNOSTICS ===

Worst 5 trades:
  2025-09-17 2025-09-17 14:02 CALL_ATM 6600.0 PnL=-3441.49% hold=1bars exit=model_exit
  2025-09-17 2025-09-17 13:10 CALL_ATM 6600.0 PnL=-293.09% hold=1bars exit=model_exit
  2025-09-17 2025-09-17 13:18 CALL_ATM 6600.0 PnL=-221.63% hold=1bars exit=model_exit
  2025-09-17 2025-09-17 13:23 CALL_ATM 6600.0 PnL=-74.14% hold=1bars exit=model_exit
  2025-09-17 2025-09-17 13:13 CALL_ATM 6600.0 PnL=+46.61% hold=1bars exit=model_exit
Best 5 trades:
  2025-09-17 2025-09-17 13:10 CALL_ATM 6600.0 PnL=-293.09% hold=1bars exit=model_exit
  2025-09-17 2025-09-17 13:18 CALL_ATM 6600.0 PnL=-221.63% hold=1bars exit=model_exit
  2025-09-17 2025-09-17 13:23 CALL_ATM 6600.0 PnL=-74.14% hold=1bars exit=model_exit
  2025-09-17 2025-09-17 13:13 CALL_ATM 6600.0 PnL=+46.61% hold=1bars exit=model_exit
  2025-09-17 2025-09-17 13:00 CALL_ATM 6600.0 PnL=+157.11% hold=7bars exit=model_exit

Time-of-day breakdown:
  Lunch(11:30-13:30): 6 trades, WR=33.3%, avg=-637.77%

Direction breakdown:
  CALL: 6 trades, WR=33.3%, avg=-637.77%

Exit reasons:
  model_exit: 6 (100.0%)

Stop-loss alignment: MULTI-LEVEL (tight/med/wide selected by IV+VIX)
=== END DIAGNOSTICS ===

---
score:              -0.194484
profit_factor:      0.050544
win_rate:           0.333333
avg_winner:         0.010186
avg_loser:          -0.100759
trades_per_day:     1.200000
max_consec_loss:    3
num_trades:         6
trade_sharpe:       -8.016232
sortino:            -6.824342
max_drawdown:       -0.398374
calmar:             -0.960563
ev_per_trade:       -0.063777
do_nothing_pct:     0.873077
exit_pct:           0.023077
model_exit_count:   6
cooldown_blocked:   0
pre_10am_blocked:   21
short_hold_pct:     0.000000
stop_loss_rate:     0.000000
direction_collapse_pct: 1.000000
avg_entry_cost_bps: 273.139100
avg_entry_quality:  0.708800
cost_realism_coverage: 1.000000
high_cost_entry_rate: 0.166700
low_quality_entry_rate: 0.000000
actionable_bar_rate: 0.969200
risk_off_bar_rate:  0.000000
final_capital:      8881.00
equity_sharpe:      -7.711600
max_equity_dd:      -0.114700
total_dollar_return:-0.111900
val_sharpe:         -51.890114
total_return:       -0.382664
num_val_bars:       260
num_val_days:       5
worst_chunk_pf:     1.00
rr_ratio:           0.1011
avg_hold_bars:      2.00
model_exit_rate:    1.0000
hit_ruin:           False
min_equity_frac:    0.8881
avg_risk_fraction:  0.2182
max_risk_fraction:  0.3051
trades_blocked_by_balance: 0
training_seconds:   240.0
total_seconds:      247.9
peak_vram_mb:       769.2
num_steps:          21386
num_params:         145,064
lookback:           120
depth:              3
d_model:            64
effective_lr:       0.00025
gate_label_smoothing:0.050000
dir_label_smoothing:0.050000
false_entry_penalty:1.500000
/opt/conda/lib/python3.11/site-packages/torch/nn/modules/transformer.py:379: UserWarning: enable_nested_tensor is True, but self.use_nested_tensor is False because encoder_layer.norm_first was True
  warnings.warn(
