Loading data from: /root/.cache/autoresearch-trading/features/data.pt
Loaded 384870 1-min bars, 32 features, 8 actions
  ~986 trading days
Training:   up to idx 269189
Validation: idx 269190-384869
  Option P&L coverage: 297877/384870 (77%)
Parameters: 146,265
Architecture: v4 simplified two-head (gate+dir) + balanced strike gating + VIX regime robustness + temporal chunking + stop prevention + FULL STOPPED P&L CONSISTENCY + feature noise injection
Training from scratch (v4: no warm-start).

Budget: 240s | Batch: 128 | Lookback: 120
LR: 0.00015 | Depth: 3 | d_model: 64 | ff_mult: 3
Dropout: 0.15 | Weight decay: 0.05
False entry penalty: 2.5x
Label smoothing: gate=0.05 dir=0.05
Loss weights: gate=1.0, dir=1.0, pnl=0.3, exit=1.0
VIX regime weights: vix_regime=0.2, vix_consistency=0.1
Temporal robustness: temporal_chunk=0.25
Stop prevention: stop_prevention=0.3
Feature noise injection: std=0.05
CRITICAL: Training exclusively on STOPPED P&L to align with evaluation reality

step 00000 (  0.0%) | loss: 3.332993 | trade:0.16 call:0.45 put:0.55 | ATM:0.23 OTM:0.77 | lr: 0.00e+00 | left: 240s
step 00050 (  0.4%) | loss: 3.446557 | trade:0.17 call:0.46 put:0.54 | ATM:0.24 OTM:0.76 | lr: 6.06e-06 | left: 239s
step 00100 (  1.0%) | loss: 3.428429 | trade:0.18 call:0.46 put:0.54 | ATM:0.24 OTM:0.76 | lr: 1.45e-05 | left: 238s
step 00150 (  1.5%) | loss: 3.329007 | trade:0.21 call:0.46 put:0.54 | ATM:0.24 OTM:0.76 | lr: 2.31e-05 | left: 236s
step 00200 (  2.1%) | loss: 3.260711 | trade:0.23 call:0.49 put:0.51 | ATM:0.25 OTM:0.75 | lr: 3.17e-05 | left: 235s
step 00250 (  2.7%) | loss: 3.205624 | trade:0.25 call:0.50 put:0.50 | ATM:0.26 OTM:0.74 | lr: 4.03e-05 | left: 234s
step 00300 (  3.3%) | loss: 3.148464 | trade:0.27 call:0.50 put:0.50 | ATM:0.29 OTM:0.71 | lr: 4.88e-05 | left: 232s
step 00350 (  3.8%) | loss: 3.129059 | trade:0.27 call:0.52 put:0.48 | ATM:0.30 OTM:0.70 | lr: 5.74e-05 | left: 231s
step 00400 (  4.4%) | loss: 3.065956 | trade:0.27 call:0.53 put:0.47 | ATM:0.31 OTM:0.69 | lr: 6.60e-05 | left: 229s
step 00450 (  5.0%) | loss: 2.998465 | trade:0.27 call:0.53 put:0.47 | ATM:0.33 OTM:0.67 | lr: 7.46e-05 | left: 228s
step 00500 (  5.5%) | loss: 2.944364 | trade:0.26 call:0.54 put:0.46 | ATM:0.32 OTM:0.68 | lr: 8.31e-05 | left: 227s
step 00550 (  6.1%) | loss: 2.880392 | trade:0.26 call:0.54 put:0.46 | ATM:0.34 OTM:0.66 | lr: 9.17e-05 | left: 225s
step 00600 (  6.7%) | loss: 2.817377 | trade:0.29 call:0.54 put:0.46 | ATM:0.34 OTM:0.66 | lr: 1.00e-04 | left: 224s
step 00650 (  7.3%) | loss: 2.740429 | trade:0.30 call:0.53 put:0.47 | ATM:0.34 OTM:0.66 | lr: 1.09e-04 | left: 223s
step 00700 (  7.8%) | loss: 2.663510 | trade:0.28 call:0.54 put:0.46 | ATM:0.35 OTM:0.65 | lr: 1.17e-04 | left: 221s
step 00750 (  8.4%) | loss: 2.541425 | trade:0.29 call:0.55 put:0.45 | ATM:0.35 OTM:0.65 | lr: 1.26e-04 | left: 220s
step 00800 (  8.9%) | loss: 2.430197 | trade:0.28 call:0.56 put:0.44 | ATM:0.39 OTM:0.61 | lr: 1.34e-04 | left: 219s
step 00850 (  9.5%) | loss: 2.388403 | trade:0.30 call:0.59 put:0.41 | ATM:0.38 OTM:0.62 | lr: 1.43e-04 | left: 217s
step 00900 ( 10.1%) | loss: 2.258822 | trade:0.28 call:0.58 put:0.42 | ATM:0.39 OTM:0.61 | lr: 1.50e-04 | left: 216s
step 00950 ( 10.7%) | loss: 2.137265 | trade:0.30 call:0.56 put:0.44 | ATM:0.38 OTM:0.62 | lr: 1.50e-04 | left: 214s
step 01000 ( 11.2%) | loss: 2.098794 | trade:0.26 call:0.60 put:0.40 | ATM:0.44 OTM:0.56 | lr: 1.50e-04 | left: 213s
step 01050 ( 11.8%) | loss: 1.970693 | trade:0.28 call:0.67 put:0.33 | ATM:0.48 OTM:0.52 | lr: 1.50e-04 | left: 212s
step 01100 ( 12.3%) | loss: 1.873776 | trade:0.29 call:0.62 put:0.38 | ATM:0.42 OTM:0.58 | lr: 1.50e-04 | left: 210s
step 01150 ( 12.9%) | loss: 1.851589 | trade:0.29 call:0.61 put:0.39 | ATM:0.47 OTM:0.53 | lr: 1.50e-04 | left: 209s
step 01200 ( 13.5%) | loss: 1.788353 | trade:0.28 call:0.63 put:0.37 | ATM:0.50 OTM:0.50 | lr: 1.50e-04 | left: 208s
step 01250 ( 14.0%) | loss: 1.738025 | trade:0.29 call:0.61 put:0.39 | ATM:0.45 OTM:0.55 | lr: 1.50e-04 | left: 206s
step 01300 ( 14.6%) | loss: 1.721138 | trade:0.29 call:0.66 put:0.34 | ATM:0.46 OTM:0.54 | lr: 1.50e-04 | left: 205s
step 01350 ( 15.1%) | loss: 1.668207 | trade:0.26 call:0.61 put:0.39 | ATM:0.46 OTM:0.54 | lr: 1.50e-04 | left: 204s
step 01400 ( 15.7%) | loss: 1.594825 | trade:0.30 call:0.59 put:0.41 | ATM:0.43 OTM:0.57 | lr: 1.50e-04 | left: 202s
step 01450 ( 16.2%) | loss: 1.585688 | trade:0.27 call:0.63 put:0.37 | ATM:0.46 OTM:0.54 | lr: 1.50e-04 | left: 201s
step 01500 ( 16.8%) | loss: 1.528247 | trade:0.26 call:0.63 put:0.37 | ATM:0.51 OTM:0.49 | lr: 1.50e-04 | left: 200s
step 01550 ( 17.4%) | loss: 1.582671 | trade:0.29 call:0.64 put:0.36 | ATM:0.43 OTM:0.57 | lr: 1.50e-04 | left: 198s
step 01600 ( 18.0%) | loss: 1.515149 | trade:0.30 call:0.62 put:0.38 | ATM:0.46 OTM:0.54 | lr: 1.50e-04 | left: 197s
step 01650 ( 18.5%) | loss: 1.478169 | trade:0.28 call:0.63 put:0.37 | ATM:0.45 OTM:0.55 | lr: 1.50e-04 | left: 196s
step 01700 ( 19.1%) | loss: 1.471892 | trade:0.24 call:0.62 put:0.38 | ATM:0.49 OTM:0.51 | lr: 1.50e-04 | left: 194s
step 01750 ( 19.7%) | loss: 1.455129 | trade:0.30 call:0.66 put:0.34 | ATM:0.44 OTM:0.56 | lr: 1.50e-04 | left: 193s
step 01800 ( 20.2%) | loss: 1.440422 | trade:0.25 call:0.68 put:0.32 | ATM:0.46 OTM:0.54 | lr: 1.50e-04 | left: 191s
step 01850 ( 20.8%) | loss: 1.432012 | trade:0.28 call:0.65 put:0.35 | ATM:0.48 OTM:0.52 | lr: 1.50e-04 | left: 190s
step 01900 ( 21.4%) | loss: 1.414772 | trade:0.30 call:0.57 put:0.43 | ATM:0.51 OTM:0.49 | lr: 1.50e-04 | left: 189s
step 01950 ( 21.9%) | loss: 1.392961 | trade:0.25 call:0.68 put:0.32 | ATM:0.53 OTM:0.47 | lr: 1.50e-04 | left: 187s
step 02000 ( 22.4%) | loss: 1.438689 | trade:0.33 call:0.59 put:0.41 | ATM:0.50 OTM:0.50 | lr: 1.50e-04 | left: 186s
step 02050 ( 23.0%) | loss: 1.409100 | trade:0.29 call:0.58 put:0.42 | ATM:0.49 OTM:0.51 | lr: 1.50e-04 | left: 185s
step 02100 ( 23.6%) | loss: 1.363417 | trade:0.28 call:0.64 put:0.36 | ATM:0.51 OTM:0.49 | lr: 1.50e-04 | left: 183s
step 02150 ( 24.1%) | loss: 1.354866 | trade:0.33 call:0.66 put:0.34 | ATM:0.49 OTM:0.51 | lr: 1.50e-04 | left: 182s
step 02200 ( 24.7%) | loss: 1.325151 | trade:0.29 call:0.66 put:0.34 | ATM:0.52 OTM:0.48 | lr: 1.50e-04 | left: 181s
step 02250 ( 25.3%) | loss: 1.334016 | trade:0.30 call:0.63 put:0.37 | ATM:0.52 OTM:0.48 | lr: 1.50e-04 | left: 179s
step 02300 ( 25.8%) | loss: 1.390553 | trade:0.26 call:0.64 put:0.36 | ATM:0.54 OTM:0.46 | lr: 1.50e-04 | left: 178s
step 02350 ( 26.4%) | loss: 1.357647 | trade:0.30 call:0.67 put:0.33 | ATM:0.50 OTM:0.50 | lr: 1.50e-04 | left: 177s
step 02400 ( 27.0%) | loss: 1.298592 | trade:0.26 call:0.68 put:0.32 | ATM:0.54 OTM:0.46 | lr: 1.50e-04 | left: 175s
step 02450 ( 27.5%) | loss: 1.300282 | trade:0.27 call:0.64 put:0.36 | ATM:0.51 OTM:0.49 | lr: 1.50e-04 | left: 174s
step 02500 ( 28.1%) | loss: 1.320618 | trade:0.24 call:0.72 put:0.28 | ATM:0.56 OTM:0.44 | lr: 1.50e-04 | left: 173s
step 02550 ( 28.7%) | loss: 1.332387 | trade:0.29 call:0.68 put:0.32 | ATM:0.57 OTM:0.43 | lr: 1.50e-04 | left: 171s
step 02600 ( 29.2%) | loss: 1.290781 | trade:0.27 call:0.63 put:0.37 | ATM:0.52 OTM:0.48 | lr: 1.50e-04 | left: 170s
step 02650 ( 29.8%) | loss: 1.294322 | trade:0.26 call:0.65 put:0.35 | ATM:0.55 OTM:0.45 | lr: 1.50e-04 | left: 168s
step 02700 ( 30.4%) | loss: 1.291280 | trade:0.28 call:0.64 put:0.36 | ATM:0.53 OTM:0.47 | lr: 1.50e-04 | left: 167s
step 02750 ( 30.9%) | loss: 1.271672 | trade:0.31 call:0.64 put:0.36 | ATM:0.51 OTM:0.49 | lr: 1.50e-04 | left: 166s
step 02800 ( 31.4%) | loss: 1.279382 | trade:0.29 call:0.59 put:0.41 | ATM:0.52 OTM:0.48 | lr: 1.50e-04 | left: 165s
step 02850 ( 32.0%) | loss: 1.257841 | trade:0.30 call:0.57 put:0.43 | ATM:0.55 OTM:0.45 | lr: 1.50e-04 | left: 163s
step 02900 ( 32.5%) | loss: 1.267852 | trade:0.29 call:0.66 put:0.34 | ATM:0.52 OTM:0.48 | lr: 1.50e-04 | left: 162s
step 02950 ( 33.0%) | loss: 1.262611 | trade:0.25 call:0.63 put:0.37 | ATM:0.53 OTM:0.47 | lr: 1.50e-04 | left: 161s
step 03000 ( 33.5%) | loss: 1.269471 | trade:0.30 call:0.64 put:0.36 | ATM:0.56 OTM:0.44 | lr: 1.50e-04 | left: 159s
step 03050 ( 34.1%) | loss: 1.236151 | trade:0.26 call:0.66 put:0.34 | ATM:0.53 OTM:0.47 | lr: 1.50e-04 | left: 158s
step 03100 ( 34.7%) | loss: 1.250261 | trade:0.26 call:0.69 put:0.31 | ATM:0.60 OTM:0.40 | lr: 1.50e-04 | left: 157s
step 03150 ( 35.3%) | loss: 1.244540 | trade:0.28 call:0.62 put:0.38 | ATM:0.48 OTM:0.52 | lr: 1.50e-04 | left: 155s
step 03200 ( 35.8%) | loss: 1.231976 | trade:0.30 call:0.62 put:0.38 | ATM:0.54 OTM:0.46 | lr: 1.50e-04 | left: 154s
step 03250 ( 36.4%) | loss: 1.256874 | trade:0.29 call:0.60 put:0.40 | ATM:0.59 OTM:0.41 | lr: 1.50e-04 | left: 153s
step 03300 ( 37.0%) | loss: 1.198639 | trade:0.25 call:0.61 put:0.39 | ATM:0.56 OTM:0.44 | lr: 1.50e-04 | left: 151s
step 03350 ( 37.5%) | loss: 1.196463 | trade:0.29 call:0.59 put:0.41 | ATM:0.58 OTM:0.42 | lr: 1.50e-04 | left: 150s
step 03400 ( 38.1%) | loss: 1.230645 | trade:0.23 call:0.59 put:0.41 | ATM:0.59 OTM:0.41 | lr: 1.50e-04 | left: 149s
step 03450 ( 38.6%) | loss: 1.247481 | trade:0.29 call:0.68 put:0.32 | ATM:0.58 OTM:0.42 | lr: 1.50e-04 | left: 147s
step 03500 ( 39.2%) | loss: 1.191517 | trade:0.28 call:0.62 put:0.38 | ATM:0.52 OTM:0.48 | lr: 1.50e-04 | left: 146s
step 03550 ( 39.8%) | loss: 1.216325 | trade:0.25 call:0.62 put:0.38 | ATM:0.56 OTM:0.44 | lr: 1.50e-04 | left: 145s
step 03600 ( 40.3%) | loss: 1.205271 | trade:0.24 call:0.65 put:0.35 | ATM:0.54 OTM:0.46 | lr: 1.50e-04 | left: 143s
step 03650 ( 40.9%) | loss: 1.219481 | trade:0.25 call:0.65 put:0.35 | ATM:0.55 OTM:0.45 | lr: 1.50e-04 | left: 142s
step 03700 ( 41.5%) | loss: 1.228839 | trade:0.32 call:0.62 put:0.38 | ATM:0.54 OTM:0.46 | lr: 1.50e-04 | left: 140s
step 03750 ( 42.1%) | loss: 1.230233 | trade:0.26 call:0.64 put:0.36 | ATM:0.60 OTM:0.40 | lr: 1.50e-04 | left: 139s
step 03800 ( 42.6%) | loss: 1.206787 | trade:0.29 call:0.64 put:0.36 | ATM:0.51 OTM:0.49 | lr: 1.50e-04 | left: 138s
step 03850 ( 43.2%) | loss: 1.188450 | trade:0.32 call:0.60 put:0.40 | ATM:0.53 OTM:0.47 | lr: 1.50e-04 | left: 136s
step 03900 ( 43.7%) | loss: 1.222249 | trade:0.32 call:0.64 put:0.36 | ATM:0.50 OTM:0.50 | lr: 1.50e-04 | left: 135s
step 03950 ( 44.3%) | loss: 1.191039 | trade:0.31 call:0.63 put:0.37 | ATM:0.55 OTM:0.45 | lr: 1.50e-04 | left: 134s
step 04000 ( 44.9%) | loss: 1.220560 | trade:0.23 call:0.65 put:0.35 | ATM:0.57 OTM:0.43 | lr: 1.50e-04 | left: 132s
step 04050 ( 45.4%) | loss: 1.197532 | trade:0.24 call:0.68 put:0.32 | ATM:0.58 OTM:0.42 | lr: 1.50e-04 | left: 131s
step 04100 ( 46.0%) | loss: 1.220329 | trade:0.22 call:0.66 put:0.34 | ATM:0.60 OTM:0.40 | lr: 1.50e-04 | left: 130s
step 04150 ( 46.6%) | loss: 1.194150 | trade:0.24 call:0.65 put:0.35 | ATM:0.53 OTM:0.47 | lr: 1.50e-04 | left: 128s
step 04200 ( 47.1%) | loss: 1.192340 | trade:0.26 call:0.63 put:0.37 | ATM:0.56 OTM:0.44 | lr: 1.50e-04 | left: 127s
step 04250 ( 47.7%) | loss: 1.167999 | trade:0.30 call:0.61 put:0.39 | ATM:0.52 OTM:0.48 | lr: 1.50e-04 | left: 125s
step 04300 ( 48.3%) | loss: 1.170296 | trade:0.26 call:0.57 put:0.43 | ATM:0.59 OTM:0.41 | lr: 1.50e-04 | left: 124s
step 04350 ( 48.8%) | loss: 1.183381 | trade:0.31 call:0.58 put:0.42 | ATM:0.58 OTM:0.42 | lr: 1.50e-04 | left: 123s
step 04400 ( 49.4%) | loss: 1.176722 | trade:0.23 call:0.62 put:0.38 | ATM:0.61 OTM:0.39 | lr: 1.50e-04 | left: 121s
step 04450 ( 49.9%) | loss: 1.176776 | trade:0.32 call:0.61 put:0.39 | ATM:0.53 OTM:0.47 | lr: 1.50e-04 | left: 120s
step 04500 ( 50.5%) | loss: 1.168269 | trade:0.23 call:0.63 put:0.37 | ATM:0.60 OTM:0.40 | lr: 1.50e-04 | left: 119s
step 04550 ( 51.0%) | loss: 1.173554 | trade:0.34 call:0.62 put:0.38 | ATM:0.53 OTM:0.47 | lr: 1.50e-04 | left: 117s
step 04600 ( 51.6%) | loss: 1.213926 | trade:0.28 call:0.64 put:0.36 | ATM:0.62 OTM:0.38 | lr: 1.50e-04 | left: 116s
step 04650 ( 52.1%) | loss: 1.193405 | trade:0.28 call:0.59 put:0.41 | ATM:0.62 OTM:0.38 | lr: 1.50e-04 | left: 115s
step 04700 ( 52.7%) | loss: 1.183615 | trade:0.33 call:0.61 put:0.39 | ATM:0.52 OTM:0.48 | lr: 1.50e-04 | left: 113s
step 04750 ( 53.3%) | loss: 1.183491 | trade:0.32 call:0.62 put:0.38 | ATM:0.53 OTM:0.47 | lr: 1.50e-04 | left: 112s
step 04800 ( 53.9%) | loss: 1.134579 | trade:0.30 call:0.64 put:0.36 | ATM:0.56 OTM:0.44 | lr: 1.50e-04 | left: 111s
step 04850 ( 54.4%) | loss: 1.168397 | trade:0.25 call:0.65 put:0.35 | ATM:0.59 OTM:0.41 | lr: 1.50e-04 | left: 109s
step 04900 ( 55.0%) | loss: 1.138858 | trade:0.27 call:0.65 put:0.35 | ATM:0.60 OTM:0.40 | lr: 1.50e-04 | left: 108s
step 04950 ( 55.6%) | loss: 1.165774 | trade:0.26 call:0.65 put:0.35 | ATM:0.55 OTM:0.45 | lr: 1.50e-04 | left: 107s
step 05000 ( 56.1%) | loss: 1.149289 | trade:0.28 call:0.62 put:0.38 | ATM:0.57 OTM:0.43 | lr: 1.50e-04 | left: 105s
step 05050 ( 56.7%) | loss: 1.155004 | trade:0.28 call:0.62 put:0.38 | ATM:0.55 OTM:0.45 | lr: 1.50e-04 | left: 104s
step 05100 ( 57.3%) | loss: 1.168751 | trade:0.31 call:0.62 put:0.38 | ATM:0.58 OTM:0.42 | lr: 1.50e-04 | left: 103s
step 05150 ( 57.8%) | loss: 1.162036 | trade:0.26 call:0.61 put:0.39 | ATM:0.63 OTM:0.37 | lr: 1.50e-04 | left: 101s
step 05200 ( 58.4%) | loss: 1.163905 | trade:0.33 call:0.63 put:0.37 | ATM:0.55 OTM:0.45 | lr: 1.50e-04 | left: 100s
step 05250 ( 59.0%) | loss: 1.161095 | trade:0.27 call:0.68 put:0.32 | ATM:0.59 OTM:0.41 | lr: 1.50e-04 | left: 98s
step 05300 ( 59.5%) | loss: 1.152917 | trade:0.31 call:0.64 put:0.36 | ATM:0.58 OTM:0.42 | lr: 1.50e-04 | left: 97s
step 05350 ( 60.1%) | loss: 1.169699 | trade:0.31 call:0.62 put:0.38 | ATM:0.59 OTM:0.41 | lr: 1.50e-04 | left: 96s
step 05400 ( 60.7%) | loss: 1.134020 | trade:0.28 call:0.61 put:0.39 | ATM:0.57 OTM:0.43 | lr: 1.50e-04 | left: 94s
step 05450 ( 61.2%) | loss: 1.134665 | trade:0.27 call:0.64 put:0.36 | ATM:0.59 OTM:0.41 | lr: 1.50e-04 | left: 93s
step 05500 ( 61.8%) | loss: 1.153786 | trade:0.28 call:0.62 put:0.38 | ATM:0.61 OTM:0.39 | lr: 1.50e-04 | left: 92s
step 05550 ( 62.4%) | loss: 1.152440 | trade:0.28 call:0.67 put:0.33 | ATM:0.58 OTM:0.42 | lr: 1.50e-04 | left: 90s
step 05600 ( 63.0%) | loss: 1.143844 | trade:0.29 call:0.60 put:0.40 | ATM:0.57 OTM:0.43 | lr: 1.50e-04 | left: 89s
step 05650 ( 63.5%) | loss: 1.139130 | trade:0.32 call:0.59 put:0.41 | ATM:0.54 OTM:0.46 | lr: 1.50e-04 | left: 88s
step 05700 ( 64.1%) | loss: 1.150215 | trade:0.27 call:0.62 put:0.38 | ATM:0.63 OTM:0.37 | lr: 1.50e-04 | left: 86s
step 05750 ( 64.7%) | loss: 1.139025 | trade:0.29 call:0.63 put:0.37 | ATM:0.66 OTM:0.34 | lr: 1.50e-04 | left: 85s
step 05800 ( 65.2%) | loss: 1.129523 | trade:0.25 call:0.57 put:0.43 | ATM:0.59 OTM:0.41 | lr: 1.50e-04 | left: 83s
step 05850 ( 65.8%) | loss: 1.101266 | trade:0.26 call:0.65 put:0.35 | ATM:0.63 OTM:0.37 | lr: 1.50e-04 | left: 82s
step 05900 ( 66.4%) | loss: 1.073164 | trade:0.28 call:0.65 put:0.35 | ATM:0.63 OTM:0.37 | lr: 1.50e-04 | left: 81s
step 05950 ( 66.9%) | loss: 1.172085 | trade:0.31 call:0.66 put:0.34 | ATM:0.60 OTM:0.40 | lr: 1.50e-04 | left: 79s
step 06000 ( 67.5%) | loss: 1.097111 | trade:0.28 call:0.65 put:0.35 | ATM:0.61 OTM:0.39 | lr: 1.50e-04 | left: 78s
step 06050 ( 68.1%) | loss: 1.128184 | trade:0.29 call:0.62 put:0.38 | ATM:0.59 OTM:0.41 | lr: 1.50e-04 | left: 77s
step 06100 ( 68.6%) | loss: 1.108452 | trade:0.28 call:0.54 put:0.46 | ATM:0.57 OTM:0.43 | lr: 1.50e-04 | left: 75s
step 06150 ( 69.2%) | loss: 1.100189 | trade:0.30 call:0.56 put:0.44 | ATM:0.62 OTM:0.38 | lr: 1.50e-04 | left: 74s
step 06200 ( 69.8%) | loss: 1.106308 | trade:0.28 call:0.58 put:0.42 | ATM:0.64 OTM:0.36 | lr: 1.50e-04 | left: 72s
step 06250 ( 70.4%) | loss: 1.077956 | trade:0.32 call:0.64 put:0.36 | ATM:0.57 OTM:0.43 | lr: 1.50e-04 | left: 71s
step 06300 ( 70.9%) | loss: 1.139875 | trade:0.26 call:0.66 put:0.34 | ATM:0.59 OTM:0.41 | lr: 1.50e-04 | left: 70s
step 06350 ( 71.5%) | loss: 1.097039 | trade:0.27 call:0.63 put:0.37 | ATM:0.60 OTM:0.40 | lr: 1.49e-04 | left: 68s
step 06400 ( 72.1%) | loss: 1.153115 | trade:0.28 call:0.65 put:0.35 | ATM:0.63 OTM:0.37 | lr: 1.48e-04 | left: 67s
step 06450 ( 72.7%) | loss: 1.105585 | trade:0.33 call:0.62 put:0.38 | ATM:0.59 OTM:0.41 | lr: 1.47e-04 | left: 66s
step 06500 ( 73.2%) | loss: 1.116283 | trade:0.23 call:0.62 put:0.38 | ATM:0.65 OTM:0.35 | lr: 1.46e-04 | left: 64s
step 06550 ( 73.8%) | loss: 1.136718 | trade:0.26 call:0.60 put:0.40 | ATM:0.64 OTM:0.36 | lr: 1.44e-04 | left: 63s
step 06600 ( 74.3%) | loss: 1.120878 | trade:0.25 call:0.63 put:0.37 | ATM:0.65 OTM:0.35 | lr: 1.42e-04 | left: 62s
step 06650 ( 74.9%) | loss: 1.080151 | trade:0.27 call:0.65 put:0.35 | ATM:0.63 OTM:0.37 | lr: 1.40e-04 | left: 60s
step 06700 ( 75.5%) | loss: 1.114581 | trade:0.28 call:0.59 put:0.41 | ATM:0.63 OTM:0.37 | lr: 1.38e-04 | left: 59s
step 06750 ( 76.1%) | loss: 1.119619 | trade:0.21 call:0.62 put:0.38 | ATM:0.64 OTM:0.36 | lr: 1.35e-04 | left: 57s
step 06800 ( 76.6%) | loss: 1.125123 | trade:0.30 call:0.56 put:0.44 | ATM:0.61 OTM:0.39 | lr: 1.33e-04 | left: 56s
step 06850 ( 77.2%) | loss: 1.085228 | trade:0.27 call:0.59 put:0.41 | ATM:0.65 OTM:0.35 | lr: 1.30e-04 | left: 55s
step 06900 ( 77.8%) | loss: 1.113348 | trade:0.24 call:0.60 put:0.40 | ATM:0.68 OTM:0.32 | lr: 1.27e-04 | left: 53s
step 06950 ( 78.3%) | loss: 1.111642 | trade:0.23 call:0.62 put:0.38 | ATM:0.63 OTM:0.37 | lr: 1.23e-04 | left: 52s
step 07000 ( 78.9%) | loss: 1.092452 | trade:0.29 call:0.60 put:0.40 | ATM:0.62 OTM:0.38 | lr: 1.20e-04 | left: 51s
step 07050 ( 79.5%) | loss: 1.112815 | trade:0.29 call:0.64 put:0.36 | ATM:0.58 OTM:0.42 | lr: 1.16e-04 | left: 49s
step 07100 ( 80.1%) | loss: 1.110363 | trade:0.27 call:0.66 put:0.34 | ATM:0.59 OTM:0.41 | lr: 1.12e-04 | left: 48s
step 07150 ( 80.6%) | loss: 1.095686 | trade:0.23 call:0.61 put:0.39 | ATM:0.60 OTM:0.40 | lr: 1.08e-04 | left: 46s
step 07200 ( 81.2%) | loss: 1.139026 | trade:0.24 call:0.63 put:0.37 | ATM:0.67 OTM:0.33 | lr: 1.04e-04 | left: 45s
step 07250 ( 81.8%) | loss: 1.069873 | trade:0.30 call:0.58 put:0.42 | ATM:0.61 OTM:0.39 | lr: 9.99e-05 | left: 44s
step 07300 ( 82.3%) | loss: 1.105448 | trade:0.22 call:0.66 put:0.34 | ATM:0.67 OTM:0.33 | lr: 9.56e-05 | left: 42s
step 07350 ( 82.9%) | loss: 1.123571 | trade:0.30 call:0.63 put:0.37 | ATM:0.56 OTM:0.44 | lr: 9.12e-05 | left: 41s
step 07400 ( 83.5%) | loss: 1.050066 | trade:0.29 call:0.62 put:0.38 | ATM:0.60 OTM:0.40 | lr: 8.68e-05 | left: 40s
step 07450 ( 84.1%) | loss: 1.085633 | trade:0.26 call:0.59 put:0.41 | ATM:0.62 OTM:0.38 | lr: 8.24e-05 | left: 38s
step 07500 ( 84.6%) | loss: 1.141670 | trade:0.32 call:0.58 put:0.42 | ATM:0.69 OTM:0.31 | lr: 7.79e-05 | left: 37s
step 07550 ( 85.2%) | loss: 1.062521 | trade:0.30 call:0.57 put:0.43 | ATM:0.58 OTM:0.42 | lr: 7.35e-05 | left: 36s
step 07600 ( 85.8%) | loss: 1.095576 | trade:0.26 call:0.54 put:0.46 | ATM:0.64 OTM:0.36 | lr: 6.90e-05 | left: 34s
step 07650 ( 86.3%) | loss: 1.098468 | trade:0.29 call:0.65 put:0.35 | ATM:0.58 OTM:0.42 | lr: 6.47e-05 | left: 33s
step 07700 ( 86.9%) | loss: 1.062555 | trade:0.25 call:0.62 put:0.38 | ATM:0.61 OTM:0.39 | lr: 6.04e-05 | left: 31s
step 07750 ( 87.4%) | loss: 1.115942 | trade:0.28 call:0.57 put:0.43 | ATM:0.62 OTM:0.38 | lr: 5.60e-05 | left: 30s
step 07800 ( 88.0%) | loss: 1.070685 | trade:0.27 call:0.63 put:0.37 | ATM:0.58 OTM:0.42 | lr: 5.17e-05 | left: 29s
step 07850 ( 88.6%) | loss: 1.065062 | trade:0.25 call:0.60 put:0.40 | ATM:0.68 OTM:0.32 | lr: 4.75e-05 | left: 27s
step 07900 ( 89.2%) | loss: 1.088987 | trade:0.30 call:0.61 put:0.39 | ATM:0.61 OTM:0.39 | lr: 4.34e-05 | left: 26s
step 07950 ( 89.7%) | loss: 1.072664 | trade:0.29 call:0.57 put:0.43 | ATM:0.56 OTM:0.44 | lr: 3.94e-05 | left: 25s
step 08000 ( 90.2%) | loss: 1.089885 | trade:0.30 call:0.61 put:0.39 | ATM:0.61 OTM:0.39 | lr: 3.60e-05 | left: 23s
step 08050 ( 90.8%) | loss: 1.044948 | trade:0.35 call:0.62 put:0.38 | ATM:0.56 OTM:0.44 | lr: 3.25e-05 | left: 22s
step 08100 ( 91.3%) | loss: 1.076388 | trade:0.27 call:0.59 put:0.41 | ATM:0.59 OTM:0.41 | lr: 2.90e-05 | left: 21s
step 08150 ( 91.8%) | loss: 1.043268 | trade:0.25 call:0.58 put:0.42 | ATM:0.67 OTM:0.33 | lr: 2.57e-05 | left: 20s
step 08200 ( 92.4%) | loss: 1.106775 | trade:0.25 call:0.55 put:0.45 | ATM:0.62 OTM:0.38 | lr: 2.26e-05 | left: 18s
step 08250 ( 93.0%) | loss: 1.051913 | trade:0.24 call:0.65 put:0.35 | ATM:0.65 OTM:0.35 | lr: 1.95e-05 | left: 17s
step 08300 ( 93.5%) | loss: 1.080659 | trade:0.32 call:0.60 put:0.40 | ATM:0.59 OTM:0.41 | lr: 1.66e-05 | left: 16s
step 08350 ( 94.1%) | loss: 1.078819 | trade:0.30 call:0.61 put:0.39 | ATM:0.68 OTM:0.32 | lr: 1.39e-05 | left: 14s
step 08400 ( 94.7%) | loss: 1.041056 | trade:0.29 call:0.57 put:0.43 | ATM:0.59 OTM:0.41 | lr: 1.14e-05 | left: 13s
step 08450 ( 95.2%) | loss: 1.066126 | trade:0.30 call:0.60 put:0.40 | ATM:0.60 OTM:0.40 | lr: 9.12e-06 | left: 11s
step 08500 ( 95.8%) | loss: 1.065857 | trade:0.28 call:0.59 put:0.41 | ATM:0.65 OTM:0.35 | lr: 7.09e-06 | left: 10s
step 08550 ( 96.4%) | loss: 1.057741 | trade:0.28 call:0.59 put:0.41 | ATM:0.62 OTM:0.38 | lr: 5.34e-06 | left: 9s
step 08600 ( 96.9%) | loss: 1.047063 | trade:0.29 call:0.62 put:0.38 | ATM:0.61 OTM:0.39 | lr: 3.82e-06 | left: 7s
step 08650 ( 97.5%) | loss: 1.071998 | trade:0.26 call:0.65 put:0.35 | ATM:0.66 OTM:0.34 | lr: 2.54e-06 | left: 6s
step 08700 ( 98.1%) | loss: 1.042912 | trade:0.36 call:0.60 put:0.40 | ATM:0.52 OTM:0.48 | lr: 1.51e-06 | left: 5s
step 08750 ( 98.7%) | loss: 1.054060 | trade:0.30 call:0.58 put:0.42 | ATM:0.57 OTM:0.43 | lr: 7.44e-07 | left: 3s
step 08800 ( 99.2%) | loss: 1.065413 | trade:0.27 call:0.60 put:0.40 | ATM:0.59 OTM:0.41 | lr: 2.65e-07 | left: 2s
step 08850 ( 99.8%) | loss: 1.042335 | trade:0.26 call:0.62 put:0.38 | ATM:0.58 OTM:0.42 | lr: 2.19e-08 | left: 1s

Training done at 244s. Starting evaluation...
Evaluation done in 7s (total wall: 252s)
Model saved to /root/best_model.pt
Trade log: 91 trades -> /root/trade_log.csv

---
score:              2.059607
profit_factor:      2.729336
win_rate:           0.329670
avg_winner:         1.149013
avg_loser:          -0.207042
trades_per_day:     1.358209
max_consec_loss:    5
num_trades:         91
trade_sharpe:       3.931333
sortino:            37.024805
max_drawdown:       -1.574317
calmar:             13.873194
ev_per_trade:       0.240009
do_nothing_pct:     0.623018
exit_pct:           0.013073
model_exit_count:   61
cooldown_blocked:   113
pre_10am_blocked:   633
short_hold_pct:     0.209000
stop_loss_rate:     0.275000
direction_collapse_pct: 0.516500
avg_entry_cost_bps: 439.332600
avg_entry_quality:  0.683200
cost_realism_coverage: 1.000000
high_cost_entry_rate: 0.604400
low_quality_entry_rate: 0.000000
actionable_bar_rate: 0.803300
risk_off_bar_rate:  0.000000
final_capital:      15299.17
equity_sharpe:      2.049900
max_equity_dd:      -0.202300
total_dollar_return:0.529900
val_sharpe:         -28.170949
total_return:       21.840801
num_val_bars:       4666
num_val_days:       67
worst_chunk_pf:     1.85
rr_ratio:           5.5497
avg_hold_bars:      11.13
model_exit_rate:    0.6703
hit_ruin:           False
min_equity_frac:    0.8394
avg_risk_fraction:  0.0853
max_risk_fraction:  0.3126
trades_blocked_by_balance: 0
  Chunk 1: 2025-02-18..2025-05-14 | 19 trades | PF=1.85 | WR=21.1%
  Chunk 2: 2025-05-28..2025-08-01 | 19 trades | PF=2.60 | WR=36.8%
  Chunk 3: 2025-08-29..2025-10-02 | 11 trades | PF=4.14 | WR=27.3%
  Chunk 4: 2025-10-09..2025-11-12 | 13 trades | PF=3.45 | WR=46.2%
  Chunk 5: 2025-12-02..2026-03-16 | 29 trades | PF=2.64 | WR=34.5%
training_seconds:   240.0
total_seconds:      253.7
peak_vram_mb:       366.9
num_steps:          8871
num_params:         146,265
lookback:           120
depth:              3
d_model:            64
effective_lr:       0.00015
gate_label_smoothing:0.050000
dir_label_smoothing:0.050000
false_entry_penalty:2.500000
feature_noise_std:  0.050000
/opt/conda/lib/python3.11/site-packages/torch/nn/modules/transformer.py:379: UserWarning: enable_nested_tensor is True, but self.use_nested_tensor is False because encoder_layer.norm_first was True
  warnings.warn(
