Loading data from: /root/.cache/autoresearch-trading/features/data.pt
Loaded 382920 1-min bars, 32 features, 8 actions
  ~981 trading days
Training:   up to idx 268019
Validation: idx 268020-382919
  Option P&L coverage: 296720/382920 (77%)
Parameters: 146,265
Architecture: v4 simplified two-head (gate+dir) + balanced strike gating with momentum-aware PnL alignment
Training from scratch (v4: no warm-start).

Budget: 240s | Batch: 128 | Lookback: 120
LR: 0.00015 | Depth: 3 | d_model: 64 | ff_mult: 3
Dropout: 0.15 | Weight decay: 0.05
False entry penalty: 2.0x
Label smoothing: gate=0.05 dir=0.05
Loss weights: gate=1.0, dir=1.0, pnl=0.5 (momentum-aware), exit=0.5
Score tuning: R:R bonus=0.3, hold bonus=0.25, freq center=2.5, drawdown penalty=0.05

step 00000 (  0.0%) | loss: 2.626299 | trade:0.27 call:0.45 put:0.55 | ATM:0.23 OTM:0.77 | lr: 0.00e+00 | left: 240s
step 00050 (  0.4%) | loss: 2.732237 | trade:0.27 call:0.46 put:0.54 | ATM:0.24 OTM:0.76 | lr: 5.51e-06 | left: 239s
step 00100 (  0.9%) | loss: 2.691106 | trade:0.28 call:0.45 put:0.55 | ATM:0.24 OTM:0.76 | lr: 1.36e-05 | left: 238s
step 00150 (  1.4%) | loss: 2.627244 | trade:0.30 call:0.47 put:0.53 | ATM:0.25 OTM:0.75 | lr: 2.16e-05 | left: 237s
step 00200 (  2.0%) | loss: 2.576413 | trade:0.32 call:0.48 put:0.52 | ATM:0.26 OTM:0.74 | lr: 2.97e-05 | left: 235s
step 00250 (  2.5%) | loss: 2.514454 | trade:0.33 call:0.49 put:0.51 | ATM:0.29 OTM:0.71 | lr: 3.78e-05 | left: 234s
step 00300 (  3.1%) | loss: 2.448166 | trade:0.34 call:0.50 put:0.50 | ATM:0.31 OTM:0.69 | lr: 4.59e-05 | left: 233s
step 00350 (  3.6%) | loss: 2.407780 | trade:0.35 call:0.51 put:0.49 | ATM:0.33 OTM:0.67 | lr: 5.39e-05 | left: 231s
step 00400 (  4.1%) | loss: 2.355228 | trade:0.34 call:0.53 put:0.47 | ATM:0.33 OTM:0.67 | lr: 6.20e-05 | left: 230s
step 00450 (  4.6%) | loss: 2.292468 | trade:0.33 call:0.52 put:0.48 | ATM:0.34 OTM:0.66 | lr: 6.97e-05 | left: 229s
step 00500 (  5.2%) | loss: 2.254184 | trade:0.34 call:0.53 put:0.47 | ATM:0.36 OTM:0.64 | lr: 7.73e-05 | left: 228s
step 00550 (  5.7%) | loss: 2.202326 | trade:0.36 call:0.54 put:0.46 | ATM:0.35 OTM:0.65 | lr: 8.49e-05 | left: 226s
step 00600 (  6.2%) | loss: 2.120381 | trade:0.35 call:0.55 put:0.45 | ATM:0.36 OTM:0.64 | lr: 9.29e-05 | left: 225s
step 00650 (  6.7%) | loss: 2.047852 | trade:0.37 call:0.56 put:0.44 | ATM:0.36 OTM:0.64 | lr: 1.01e-04 | left: 224s
step 00700 (  7.3%) | loss: 1.946981 | trade:0.37 call:0.56 put:0.44 | ATM:0.35 OTM:0.65 | lr: 1.09e-04 | left: 223s
step 00750 (  7.8%) | loss: 1.810310 | trade:0.38 call:0.55 put:0.45 | ATM:0.44 OTM:0.56 | lr: 1.17e-04 | left: 221s
step 00800 (  8.3%) | loss: 1.733068 | trade:0.37 call:0.48 put:0.52 | ATM:0.42 OTM:0.58 | lr: 1.25e-04 | left: 220s
step 00850 (  8.9%) | loss: 1.572946 | trade:0.40 call:0.54 put:0.46 | ATM:0.40 OTM:0.60 | lr: 1.33e-04 | left: 219s
step 00900 (  9.4%) | loss: 1.464967 | trade:0.41 call:0.55 put:0.45 | ATM:0.33 OTM:0.67 | lr: 1.41e-04 | left: 217s
step 00950 (  9.9%) | loss: 1.284632 | trade:0.41 call:0.57 put:0.43 | ATM:0.39 OTM:0.61 | lr: 1.49e-04 | left: 216s
step 01000 ( 10.5%) | loss: 1.169073 | trade:0.45 call:0.57 put:0.43 | ATM:0.41 OTM:0.59 | lr: 1.50e-04 | left: 215s
step 01050 ( 11.0%) | loss: 1.028327 | trade:0.45 call:0.58 put:0.42 | ATM:0.43 OTM:0.57 | lr: 1.50e-04 | left: 214s
step 01100 ( 11.5%) | loss: 0.934789 | trade:0.47 call:0.54 put:0.46 | ATM:0.43 OTM:0.57 | lr: 1.50e-04 | left: 212s
step 01150 ( 12.1%) | loss: 0.796700 | trade:0.45 call:0.53 put:0.47 | ATM:0.41 OTM:0.59 | lr: 1.50e-04 | left: 211s
step 01200 ( 12.6%) | loss: 0.779696 | trade:0.47 call:0.62 put:0.38 | ATM:0.40 OTM:0.60 | lr: 1.50e-04 | left: 210s
step 01250 ( 13.1%) | loss: 0.713725 | trade:0.45 call:0.54 put:0.46 | ATM:0.46 OTM:0.54 | lr: 1.50e-04 | left: 208s
step 01300 ( 13.7%) | loss: 0.697331 | trade:0.44 call:0.57 put:0.43 | ATM:0.42 OTM:0.58 | lr: 1.50e-04 | left: 207s
step 01350 ( 14.2%) | loss: 0.561122 | trade:0.43 call:0.49 put:0.51 | ATM:0.47 OTM:0.53 | lr: 1.50e-04 | left: 206s
step 01400 ( 14.7%) | loss: 0.587387 | trade:0.44 call:0.54 put:0.46 | ATM:0.50 OTM:0.50 | lr: 1.50e-04 | left: 205s
step 01450 ( 15.3%) | loss: 0.546451 | trade:0.39 call:0.66 put:0.34 | ATM:0.49 OTM:0.51 | lr: 1.50e-04 | left: 203s
step 01500 ( 15.8%) | loss: 0.570296 | trade:0.49 call:0.52 put:0.48 | ATM:0.46 OTM:0.54 | lr: 1.50e-04 | left: 202s
step 01550 ( 16.3%) | loss: 0.542070 | trade:0.43 call:0.62 put:0.38 | ATM:0.50 OTM:0.50 | lr: 1.50e-04 | left: 201s
step 01600 ( 16.8%) | loss: 0.462224 | trade:0.49 call:0.56 put:0.44 | ATM:0.50 OTM:0.50 | lr: 1.50e-04 | left: 200s
step 01650 ( 17.4%) | loss: 0.470402 | trade:0.45 call:0.60 put:0.40 | ATM:0.48 OTM:0.52 | lr: 1.50e-04 | left: 198s
step 01700 ( 17.9%) | loss: 0.440693 | trade:0.45 call:0.54 put:0.46 | ATM:0.47 OTM:0.53 | lr: 1.50e-04 | left: 197s
step 01750 ( 18.4%) | loss: 0.438570 | trade:0.46 call:0.58 put:0.42 | ATM:0.46 OTM:0.54 | lr: 1.50e-04 | left: 196s
step 01800 ( 19.0%) | loss: 0.449304 | trade:0.42 call:0.53 put:0.47 | ATM:0.56 OTM:0.44 | lr: 1.50e-04 | left: 194s
step 01850 ( 19.5%) | loss: 0.353580 | trade:0.51 call:0.61 put:0.39 | ATM:0.46 OTM:0.54 | lr: 1.50e-04 | left: 193s
step 01900 ( 20.0%) | loss: 0.391277 | trade:0.44 call:0.55 put:0.45 | ATM:0.51 OTM:0.49 | lr: 1.50e-04 | left: 192s
step 01950 ( 20.6%) | loss: 0.402714 | trade:0.43 call:0.52 put:0.48 | ATM:0.51 OTM:0.49 | lr: 1.50e-04 | left: 191s
step 02000 ( 21.1%) | loss: 0.297890 | trade:0.45 call:0.58 put:0.42 | ATM:0.48 OTM:0.52 | lr: 1.50e-04 | left: 189s
step 02050 ( 21.6%) | loss: 0.405610 | trade:0.42 call:0.60 put:0.40 | ATM:0.53 OTM:0.47 | lr: 1.50e-04 | left: 188s
step 02100 ( 22.2%) | loss: 0.395980 | trade:0.40 call:0.59 put:0.41 | ATM:0.50 OTM:0.50 | lr: 1.50e-04 | left: 187s
step 02150 ( 22.7%) | loss: 0.382316 | trade:0.47 call:0.57 put:0.43 | ATM:0.53 OTM:0.47 | lr: 1.50e-04 | left: 185s
step 02200 ( 23.2%) | loss: 0.376862 | trade:0.50 call:0.55 put:0.45 | ATM:0.44 OTM:0.56 | lr: 1.50e-04 | left: 184s
step 02250 ( 23.8%) | loss: 0.342854 | trade:0.43 call:0.61 put:0.39 | ATM:0.53 OTM:0.47 | lr: 1.50e-04 | left: 183s
step 02300 ( 24.3%) | loss: 0.304043 | trade:0.47 call:0.49 put:0.51 | ATM:0.53 OTM:0.47 | lr: 1.50e-04 | left: 182s
step 02350 ( 24.8%) | loss: 0.336152 | trade:0.44 call:0.63 put:0.37 | ATM:0.58 OTM:0.42 | lr: 1.50e-04 | left: 180s
step 02400 ( 25.4%) | loss: 0.379530 | trade:0.43 call:0.62 put:0.38 | ATM:0.46 OTM:0.54 | lr: 1.50e-04 | left: 179s
step 02450 ( 25.9%) | loss: 0.308124 | trade:0.48 call:0.63 put:0.37 | ATM:0.51 OTM:0.49 | lr: 1.50e-04 | left: 178s
step 02500 ( 26.4%) | loss: 0.311012 | trade:0.49 call:0.54 put:0.46 | ATM:0.50 OTM:0.50 | lr: 1.50e-04 | left: 177s
step 02550 ( 26.9%) | loss: 0.294711 | trade:0.45 call:0.55 put:0.45 | ATM:0.57 OTM:0.43 | lr: 1.50e-04 | left: 175s
step 02600 ( 27.4%) | loss: 0.334594 | trade:0.46 call:0.53 put:0.47 | ATM:0.54 OTM:0.46 | lr: 1.50e-04 | left: 174s
step 02650 ( 28.0%) | loss: 0.327967 | trade:0.46 call:0.62 put:0.38 | ATM:0.54 OTM:0.46 | lr: 1.50e-04 | left: 173s
step 02700 ( 28.5%) | loss: 0.340249 | trade:0.43 call:0.58 put:0.42 | ATM:0.57 OTM:0.43 | lr: 1.50e-04 | left: 172s
step 02750 ( 29.0%) | loss: 0.320660 | trade:0.47 call:0.54 put:0.46 | ATM:0.49 OTM:0.51 | lr: 1.50e-04 | left: 170s
step 02800 ( 29.6%) | loss: 0.301017 | trade:0.45 call:0.59 put:0.41 | ATM:0.56 OTM:0.44 | lr: 1.50e-04 | left: 169s
step 02850 ( 30.1%) | loss: 0.321574 | trade:0.42 call:0.60 put:0.40 | ATM:0.61 OTM:0.39 | lr: 1.50e-04 | left: 168s
step 02900 ( 30.6%) | loss: 0.248962 | trade:0.48 call:0.59 put:0.41 | ATM:0.48 OTM:0.52 | lr: 1.50e-04 | left: 166s
step 02950 ( 31.1%) | loss: 0.295950 | trade:0.43 call:0.61 put:0.39 | ATM:0.57 OTM:0.43 | lr: 1.50e-04 | left: 165s
step 03000 ( 31.7%) | loss: 0.242928 | trade:0.50 call:0.58 put:0.42 | ATM:0.47 OTM:0.53 | lr: 1.50e-04 | left: 164s
step 03050 ( 32.2%) | loss: 0.348627 | trade:0.46 call:0.55 put:0.45 | ATM:0.54 OTM:0.46 | lr: 1.50e-04 | left: 163s
step 03100 ( 32.7%) | loss: 0.249979 | trade:0.50 call:0.59 put:0.41 | ATM:0.53 OTM:0.47 | lr: 1.50e-04 | left: 161s
step 03150 ( 33.3%) | loss: 0.294907 | trade:0.47 call:0.60 put:0.40 | ATM:0.51 OTM:0.49 | lr: 1.50e-04 | left: 160s
step 03200 ( 33.8%) | loss: 0.302119 | trade:0.45 call:0.56 put:0.44 | ATM:0.52 OTM:0.48 | lr: 1.50e-04 | left: 159s
step 03250 ( 34.3%) | loss: 0.261295 | trade:0.44 call:0.56 put:0.44 | ATM:0.52 OTM:0.48 | lr: 1.50e-04 | left: 158s
step 03300 ( 34.9%) | loss: 0.284341 | trade:0.45 call:0.60 put:0.40 | ATM:0.55 OTM:0.45 | lr: 1.50e-04 | left: 156s
step 03350 ( 35.4%) | loss: 0.284345 | trade:0.47 call:0.57 put:0.43 | ATM:0.50 OTM:0.50 | lr: 1.50e-04 | left: 155s
step 03400 ( 35.9%) | loss: 0.326347 | trade:0.48 call:0.61 put:0.39 | ATM:0.55 OTM:0.45 | lr: 1.50e-04 | left: 154s
step 03450 ( 36.5%) | loss: 0.265014 | trade:0.48 call:0.62 put:0.38 | ATM:0.50 OTM:0.50 | lr: 1.50e-04 | left: 152s
step 03500 ( 37.0%) | loss: 0.275615 | trade:0.47 call:0.56 put:0.44 | ATM:0.50 OTM:0.50 | lr: 1.50e-04 | left: 151s
step 03550 ( 37.5%) | loss: 0.260966 | trade:0.41 call:0.58 put:0.42 | ATM:0.53 OTM:0.47 | lr: 1.50e-04 | left: 150s
step 03600 ( 38.1%) | loss: 0.298813 | trade:0.50 call:0.56 put:0.44 | ATM:0.51 OTM:0.49 | lr: 1.50e-04 | left: 149s
step 03650 ( 38.6%) | loss: 0.261506 | trade:0.47 call:0.57 put:0.43 | ATM:0.50 OTM:0.50 | lr: 1.50e-04 | left: 147s
step 03700 ( 39.1%) | loss: 0.302153 | trade:0.45 call:0.63 put:0.37 | ATM:0.54 OTM:0.46 | lr: 1.50e-04 | left: 146s
step 03750 ( 39.7%) | loss: 0.317861 | trade:0.36 call:0.70 put:0.30 | ATM:0.59 OTM:0.41 | lr: 1.50e-04 | left: 145s
step 03800 ( 40.2%) | loss: 0.264461 | trade:0.47 call:0.50 put:0.50 | ATM:0.54 OTM:0.46 | lr: 1.50e-04 | left: 144s
step 03850 ( 40.7%) | loss: 0.250743 | trade:0.48 call:0.58 put:0.42 | ATM:0.47 OTM:0.53 | lr: 1.50e-04 | left: 142s
step 03900 ( 41.3%) | loss: 0.265254 | trade:0.47 call:0.56 put:0.44 | ATM:0.49 OTM:0.51 | lr: 1.50e-04 | left: 141s
step 03950 ( 41.8%) | loss: 0.281682 | trade:0.41 call:0.56 put:0.44 | ATM:0.55 OTM:0.45 | lr: 1.50e-04 | left: 140s
step 04000 ( 42.3%) | loss: 0.268749 | trade:0.48 call:0.59 put:0.41 | ATM:0.50 OTM:0.50 | lr: 1.50e-04 | left: 138s
step 04050 ( 42.9%) | loss: 0.297880 | trade:0.44 call:0.56 put:0.44 | ATM:0.54 OTM:0.46 | lr: 1.50e-04 | left: 137s
step 04100 ( 43.4%) | loss: 0.276322 | trade:0.42 call:0.57 put:0.43 | ATM:0.52 OTM:0.48 | lr: 1.50e-04 | left: 136s
step 04150 ( 43.9%) | loss: 0.251776 | trade:0.47 call:0.58 put:0.42 | ATM:0.57 OTM:0.43 | lr: 1.50e-04 | left: 135s
step 04200 ( 44.5%) | loss: 0.259066 | trade:0.42 call:0.59 put:0.41 | ATM:0.55 OTM:0.45 | lr: 1.50e-04 | left: 133s
step 04250 ( 45.0%) | loss: 0.243791 | trade:0.47 call:0.57 put:0.43 | ATM:0.52 OTM:0.48 | lr: 1.50e-04 | left: 132s
step 04300 ( 45.5%) | loss: 0.286744 | trade:0.48 call:0.60 put:0.40 | ATM:0.51 OTM:0.49 | lr: 1.50e-04 | left: 131s
step 04350 ( 46.0%) | loss: 0.278329 | trade:0.48 call:0.58 put:0.42 | ATM:0.53 OTM:0.47 | lr: 1.50e-04 | left: 130s
step 04400 ( 46.6%) | loss: 0.262312 | trade:0.42 call:0.63 put:0.37 | ATM:0.53 OTM:0.47 | lr: 1.50e-04 | left: 128s
step 04450 ( 47.1%) | loss: 0.246734 | trade:0.46 call:0.58 put:0.42 | ATM:0.56 OTM:0.44 | lr: 1.50e-04 | left: 127s
step 04500 ( 47.6%) | loss: 0.280375 | trade:0.50 call:0.60 put:0.40 | ATM:0.52 OTM:0.48 | lr: 1.50e-04 | left: 126s
step 04550 ( 48.2%) | loss: 0.247038 | trade:0.42 call:0.55 put:0.45 | ATM:0.53 OTM:0.47 | lr: 1.50e-04 | left: 124s
step 04600 ( 48.7%) | loss: 0.215433 | trade:0.49 call:0.59 put:0.41 | ATM:0.50 OTM:0.50 | lr: 1.50e-04 | left: 123s
step 04650 ( 49.2%) | loss: 0.267944 | trade:0.49 call:0.54 put:0.46 | ATM:0.51 OTM:0.49 | lr: 1.50e-04 | left: 122s
step 04700 ( 49.8%) | loss: 0.290772 | trade:0.51 call:0.56 put:0.44 | ATM:0.54 OTM:0.46 | lr: 1.50e-04 | left: 121s
step 04750 ( 50.3%) | loss: 0.221900 | trade:0.46 call:0.54 put:0.46 | ATM:0.54 OTM:0.46 | lr: 1.50e-04 | left: 119s
step 04800 ( 50.8%) | loss: 0.265936 | trade:0.53 call:0.55 put:0.45 | ATM:0.48 OTM:0.52 | lr: 1.50e-04 | left: 118s
step 04850 ( 51.4%) | loss: 0.229169 | trade:0.48 call:0.54 put:0.46 | ATM:0.54 OTM:0.46 | lr: 1.50e-04 | left: 117s
step 04900 ( 51.9%) | loss: 0.293441 | trade:0.45 call:0.60 put:0.40 | ATM:0.53 OTM:0.47 | lr: 1.50e-04 | left: 115s
step 04950 ( 52.4%) | loss: 0.248361 | trade:0.43 call:0.55 put:0.45 | ATM:0.58 OTM:0.42 | lr: 1.50e-04 | left: 114s
step 05000 ( 53.0%) | loss: 0.270061 | trade:0.43 call:0.58 put:0.42 | ATM:0.56 OTM:0.44 | lr: 1.50e-04 | left: 113s
step 05050 ( 53.5%) | loss: 0.239772 | trade:0.46 call:0.60 put:0.40 | ATM:0.50 OTM:0.50 | lr: 1.50e-04 | left: 112s
step 05100 ( 54.0%) | loss: 0.292514 | trade:0.42 call:0.60 put:0.40 | ATM:0.62 OTM:0.38 | lr: 1.50e-04 | left: 110s
step 05150 ( 54.6%) | loss: 0.226668 | trade:0.49 call:0.57 put:0.43 | ATM:0.56 OTM:0.44 | lr: 1.50e-04 | left: 109s
step 05200 ( 55.1%) | loss: 0.249589 | trade:0.46 call:0.57 put:0.43 | ATM:0.59 OTM:0.41 | lr: 1.50e-04 | left: 108s
step 05250 ( 55.7%) | loss: 0.219955 | trade:0.44 call:0.61 put:0.39 | ATM:0.58 OTM:0.42 | lr: 1.50e-04 | left: 106s
step 05300 ( 56.2%) | loss: 0.256813 | trade:0.45 call:0.59 put:0.41 | ATM:0.52 OTM:0.48 | lr: 1.50e-04 | left: 105s
step 05350 ( 56.7%) | loss: 0.273603 | trade:0.43 call:0.60 put:0.40 | ATM:0.52 OTM:0.48 | lr: 1.50e-04 | left: 104s
step 05400 ( 57.3%) | loss: 0.267943 | trade:0.49 call:0.54 put:0.46 | ATM:0.42 OTM:0.58 | lr: 1.50e-04 | left: 103s
step 05450 ( 57.8%) | loss: 0.225261 | trade:0.48 call:0.48 put:0.52 | ATM:0.53 OTM:0.47 | lr: 1.50e-04 | left: 101s
step 05500 ( 58.3%) | loss: 0.195681 | trade:0.47 call:0.55 put:0.45 | ATM:0.51 OTM:0.49 | lr: 1.50e-04 | left: 100s
step 05550 ( 58.9%) | loss: 0.283320 | trade:0.49 call:0.55 put:0.45 | ATM:0.59 OTM:0.41 | lr: 1.50e-04 | left: 99s
step 05600 ( 59.4%) | loss: 0.235306 | trade:0.49 call:0.66 put:0.34 | ATM:0.58 OTM:0.42 | lr: 1.50e-04 | left: 97s
step 05650 ( 59.9%) | loss: 0.235183 | trade:0.40 call:0.62 put:0.38 | ATM:0.61 OTM:0.39 | lr: 1.50e-04 | left: 96s
step 05700 ( 60.4%) | loss: 0.260968 | trade:0.50 call:0.63 put:0.37 | ATM:0.49 OTM:0.51 | lr: 1.50e-04 | left: 95s
step 05750 ( 61.0%) | loss: 0.215990 | trade:0.48 call:0.59 put:0.41 | ATM:0.51 OTM:0.49 | lr: 1.50e-04 | left: 94s
step 05800 ( 61.5%) | loss: 0.251010 | trade:0.45 call:0.63 put:0.37 | ATM:0.55 OTM:0.45 | lr: 1.50e-04 | left: 92s
step 05850 ( 62.1%) | loss: 0.229799 | trade:0.48 call:0.60 put:0.40 | ATM:0.54 OTM:0.46 | lr: 1.50e-04 | left: 91s
step 05900 ( 62.6%) | loss: 0.238632 | trade:0.50 call:0.58 put:0.42 | ATM:0.52 OTM:0.48 | lr: 1.50e-04 | left: 90s
step 05950 ( 63.1%) | loss: 0.253050 | trade:0.41 call:0.54 put:0.46 | ATM:0.56 OTM:0.44 | lr: 1.50e-04 | left: 88s
step 06000 ( 63.7%) | loss: 0.207150 | trade:0.45 call:0.59 put:0.41 | ATM:0.55 OTM:0.45 | lr: 1.50e-04 | left: 87s
step 06050 ( 64.2%) | loss: 0.262401 | trade:0.45 call:0.55 put:0.45 | ATM:0.58 OTM:0.42 | lr: 1.50e-04 | left: 86s
step 06100 ( 64.7%) | loss: 0.202572 | trade:0.42 call:0.55 put:0.45 | ATM:0.56 OTM:0.44 | lr: 1.50e-04 | left: 85s
step 06150 ( 65.3%) | loss: 0.231815 | trade:0.46 call:0.57 put:0.43 | ATM:0.61 OTM:0.39 | lr: 1.50e-04 | left: 83s
step 06200 ( 65.8%) | loss: 0.229050 | trade:0.45 call:0.51 put:0.49 | ATM:0.54 OTM:0.46 | lr: 1.50e-04 | left: 82s
step 06250 ( 66.3%) | loss: 0.224594 | trade:0.44 call:0.60 put:0.40 | ATM:0.57 OTM:0.43 | lr: 1.50e-04 | left: 81s
step 06300 ( 66.9%) | loss: 0.215028 | trade:0.46 call:0.55 put:0.45 | ATM:0.54 OTM:0.46 | lr: 1.50e-04 | left: 80s
step 06350 ( 67.4%) | loss: 0.234395 | trade:0.41 call:0.59 put:0.41 | ATM:0.61 OTM:0.39 | lr: 1.50e-04 | left: 78s
step 06400 ( 67.9%) | loss: 0.219417 | trade:0.45 call:0.59 put:0.41 | ATM:0.58 OTM:0.42 | lr: 1.50e-04 | left: 77s
step 06450 ( 68.5%) | loss: 0.240347 | trade:0.44 call:0.52 put:0.48 | ATM:0.56 OTM:0.44 | lr: 1.50e-04 | left: 76s
step 06500 ( 69.0%) | loss: 0.217934 | trade:0.46 call:0.52 put:0.48 | ATM:0.57 OTM:0.43 | lr: 1.50e-04 | left: 74s
step 06550 ( 69.5%) | loss: 0.209853 | trade:0.48 call:0.54 put:0.46 | ATM:0.47 OTM:0.53 | lr: 1.50e-04 | left: 73s
step 06600 ( 70.1%) | loss: 0.227853 | trade:0.43 call:0.59 put:0.41 | ATM:0.55 OTM:0.45 | lr: 1.50e-04 | left: 72s
step 06650 ( 70.6%) | loss: 0.203921 | trade:0.48 call:0.57 put:0.43 | ATM:0.51 OTM:0.49 | lr: 1.50e-04 | left: 71s
step 06700 ( 71.1%) | loss: 0.242104 | trade:0.45 call:0.65 put:0.35 | ATM:0.56 OTM:0.44 | lr: 1.49e-04 | left: 69s
step 06750 ( 71.6%) | loss: 0.182091 | trade:0.47 call:0.59 put:0.41 | ATM:0.52 OTM:0.48 | lr: 1.49e-04 | left: 68s
step 06800 ( 72.2%) | loss: 0.246458 | trade:0.46 call:0.55 put:0.45 | ATM:0.52 OTM:0.48 | lr: 1.48e-04 | left: 67s
step 06850 ( 72.7%) | loss: 0.220134 | trade:0.48 call:0.61 put:0.39 | ATM:0.56 OTM:0.44 | lr: 1.47e-04 | left: 65s
step 06900 ( 73.3%) | loss: 0.213972 | trade:0.45 call:0.57 put:0.43 | ATM:0.60 OTM:0.40 | lr: 1.46e-04 | left: 64s
step 06950 ( 73.8%) | loss: 0.265739 | trade:0.42 call:0.58 put:0.42 | ATM:0.61 OTM:0.39 | lr: 1.44e-04 | left: 63s
step 07000 ( 74.3%) | loss: 0.229557 | trade:0.48 call:0.57 put:0.43 | ATM:0.53 OTM:0.47 | lr: 1.42e-04 | left: 62s
step 07050 ( 74.9%) | loss: 0.249267 | trade:0.44 call:0.54 put:0.46 | ATM:0.58 OTM:0.42 | lr: 1.41e-04 | left: 60s
step 07100 ( 75.4%) | loss: 0.246936 | trade:0.44 call:0.57 put:0.43 | ATM:0.51 OTM:0.49 | lr: 1.38e-04 | left: 59s
step 07150 ( 75.9%) | loss: 0.207991 | trade:0.47 call:0.58 put:0.42 | ATM:0.51 OTM:0.49 | lr: 1.36e-04 | left: 58s
step 07200 ( 76.5%) | loss: 0.170485 | trade:0.47 call:0.58 put:0.42 | ATM:0.55 OTM:0.45 | lr: 1.33e-04 | left: 56s
step 07250 ( 77.0%) | loss: 0.202714 | trade:0.44 call:0.54 put:0.46 | ATM:0.55 OTM:0.45 | lr: 1.31e-04 | left: 55s
step 07300 ( 77.5%) | loss: 0.176665 | trade:0.49 call:0.59 put:0.41 | ATM:0.52 OTM:0.48 | lr: 1.28e-04 | left: 54s
step 07350 ( 78.1%) | loss: 0.189381 | trade:0.44 call:0.54 put:0.46 | ATM:0.55 OTM:0.45 | lr: 1.25e-04 | left: 53s
step 07400 ( 78.6%) | loss: 0.253466 | trade:0.45 call:0.58 put:0.42 | ATM:0.54 OTM:0.46 | lr: 1.22e-04 | left: 51s
step 07450 ( 79.1%) | loss: 0.251540 | trade:0.45 call:0.62 put:0.38 | ATM:0.55 OTM:0.45 | lr: 1.18e-04 | left: 50s
step 07500 ( 79.7%) | loss: 0.184075 | trade:0.43 call:0.57 put:0.43 | ATM:0.61 OTM:0.39 | lr: 1.15e-04 | left: 49s
step 07550 ( 80.2%) | loss: 0.216224 | trade:0.43 call:0.56 put:0.44 | ATM:0.57 OTM:0.43 | lr: 1.11e-04 | left: 47s
step 07600 ( 80.7%) | loss: 0.196354 | trade:0.44 call:0.58 put:0.42 | ATM:0.58 OTM:0.42 | lr: 1.07e-04 | left: 46s
step 07650 ( 81.3%) | loss: 0.221873 | trade:0.43 call:0.50 put:0.50 | ATM:0.51 OTM:0.49 | lr: 1.04e-04 | left: 45s
step 07700 ( 81.7%) | loss: 0.246559 | trade:0.44 call:0.64 put:0.36 | ATM:0.49 OTM:0.51 | lr: 1.00e-04 | left: 44s
step 07750 ( 82.2%) | loss: 0.177073 | trade:0.44 call:0.57 put:0.43 | ATM:0.55 OTM:0.45 | lr: 9.64e-05 | left: 43s
step 07800 ( 82.8%) | loss: 0.210776 | trade:0.46 call:0.54 put:0.46 | ATM:0.56 OTM:0.44 | lr: 9.23e-05 | left: 41s
step 07850 ( 83.3%) | loss: 0.241380 | trade:0.47 call:0.57 put:0.43 | ATM:0.57 OTM:0.43 | lr: 8.82e-05 | left: 40s
step 07900 ( 83.8%) | loss: 0.197932 | trade:0.45 call:0.59 put:0.41 | ATM:0.53 OTM:0.47 | lr: 8.41e-05 | left: 39s
step 07950 ( 84.4%) | loss: 0.152646 | trade:0.51 call:0.55 put:0.45 | ATM:0.45 OTM:0.55 | lr: 7.99e-05 | left: 37s
step 08000 ( 84.9%) | loss: 0.204614 | trade:0.50 call:0.48 put:0.52 | ATM:0.51 OTM:0.49 | lr: 7.57e-05 | left: 36s
step 08050 ( 85.4%) | loss: 0.237020 | trade:0.47 call:0.54 put:0.46 | ATM:0.56 OTM:0.44 | lr: 7.15e-05 | left: 35s
step 08100 ( 86.0%) | loss: 0.215151 | trade:0.46 call:0.53 put:0.47 | ATM:0.57 OTM:0.43 | lr: 6.73e-05 | left: 34s
step 08150 ( 86.5%) | loss: 0.211485 | trade:0.45 call:0.48 put:0.52 | ATM:0.56 OTM:0.44 | lr: 6.31e-05 | left: 32s
step 08200 ( 87.0%) | loss: 0.222388 | trade:0.48 call:0.52 put:0.48 | ATM:0.54 OTM:0.46 | lr: 5.92e-05 | left: 31s
step 08250 ( 87.6%) | loss: 0.179523 | trade:0.50 call:0.55 put:0.45 | ATM:0.48 OTM:0.52 | lr: 5.51e-05 | left: 30s
step 08300 ( 88.1%) | loss: 0.223936 | trade:0.39 call:0.63 put:0.37 | ATM:0.56 OTM:0.44 | lr: 5.11e-05 | left: 29s
step 08350 ( 88.6%) | loss: 0.241319 | trade:0.46 call:0.59 put:0.41 | ATM:0.52 OTM:0.48 | lr: 4.71e-05 | left: 27s
step 08400 ( 89.2%) | loss: 0.184531 | trade:0.42 call:0.57 put:0.43 | ATM:0.61 OTM:0.39 | lr: 4.33e-05 | left: 26s
step 08450 ( 89.7%) | loss: 0.218329 | trade:0.47 call:0.48 put:0.52 | ATM:0.51 OTM:0.49 | lr: 3.95e-05 | left: 25s
step 08500 ( 90.2%) | loss: 0.220624 | trade:0.45 call:0.54 put:0.46 | ATM:0.53 OTM:0.47 | lr: 3.59e-05 | left: 23s
step 08550 ( 90.8%) | loss: 0.196761 | trade:0.41 call:0.59 put:0.41 | ATM:0.60 OTM:0.40 | lr: 3.24e-05 | left: 22s
step 08600 ( 91.3%) | loss: 0.182789 | trade:0.43 call:0.52 put:0.48 | ATM:0.57 OTM:0.43 | lr: 2.90e-05 | left: 21s
step 08650 ( 91.8%) | loss: 0.174444 | trade:0.48 call:0.56 put:0.44 | ATM:0.50 OTM:0.50 | lr: 2.58e-05 | left: 20s
step 08700 ( 92.4%) | loss: 0.194936 | trade:0.47 call:0.47 put:0.53 | ATM:0.54 OTM:0.46 | lr: 2.27e-05 | left: 18s
step 08750 ( 92.9%) | loss: 0.175738 | trade:0.44 call:0.53 put:0.47 | ATM:0.54 OTM:0.46 | lr: 1.98e-05 | left: 17s
step 08800 ( 93.4%) | loss: 0.210549 | trade:0.46 call:0.56 put:0.44 | ATM:0.54 OTM:0.46 | lr: 1.70e-05 | left: 16s
step 08850 ( 94.0%) | loss: 0.204039 | trade:0.44 call:0.53 put:0.47 | ATM:0.60 OTM:0.40 | lr: 1.44e-05 | left: 14s
step 08900 ( 94.5%) | loss: 0.221679 | trade:0.43 call:0.64 put:0.36 | ATM:0.56 OTM:0.44 | lr: 1.21e-05 | left: 13s
step 08950 ( 95.0%) | loss: 0.179338 | trade:0.50 call:0.60 put:0.40 | ATM:0.43 OTM:0.57 | lr: 9.88e-06 | left: 12s
step 09000 ( 95.6%) | loss: 0.201699 | trade:0.45 call:0.62 put:0.38 | ATM:0.57 OTM:0.43 | lr: 7.90e-06 | left: 11s
step 09050 ( 96.1%) | loss: 0.223204 | trade:0.52 call:0.51 put:0.49 | ATM:0.44 OTM:0.56 | lr: 6.13e-06 | left: 9s
step 09100 ( 96.6%) | loss: 0.221300 | trade:0.44 call:0.55 put:0.45 | ATM:0.56 OTM:0.44 | lr: 4.58e-06 | left: 8s
step 09150 ( 97.2%) | loss: 0.169513 | trade:0.43 call:0.55 put:0.45 | ATM:0.60 OTM:0.40 | lr: 3.25e-06 | left: 7s
step 09200 ( 97.7%) | loss: 0.203177 | trade:0.42 call:0.54 put:0.46 | ATM:0.55 OTM:0.45 | lr: 2.14e-06 | left: 5s
step 09250 ( 98.2%) | loss: 0.206932 | trade:0.45 call:0.53 put:0.47 | ATM:0.56 OTM:0.44 | lr: 1.26e-06 | left: 4s
step 09300 ( 98.8%) | loss: 0.225421 | trade:0.45 call:0.56 put:0.44 | ATM:0.57 OTM:0.43 | lr: 6.09e-07 | left: 3s
step 09350 ( 99.3%) | loss: 0.207439 | trade:0.46 call:0.62 put:0.38 | ATM:0.55 OTM:0.45 | lr: 1.92e-07 | left: 2s
step 09400 ( 99.9%) | loss: 0.218846 | trade:0.45 call:0.61 put:0.39 | ATM:0.64 OTM:0.36 | lr: 9.12e-09 | left: 0s

Training done at 245s. Starting evaluation...
Evaluation done in 7s (total wall: 252s)
Model saved to /root/best_model.pt
Trade log: 120 trades -> /root/trade_log.csv

---
score:              0.771198
profit_factor:      1.707723
win_rate:           0.325000
avg_winner:         0.807776
avg_loser:          -0.227747
trades_per_day:     1.846154
max_consec_loss:    13
num_trades:         120
trade_sharpe:       2.485684
sortino:            21.775680
max_drawdown:       -3.797745
calmar:             3.437763
ev_per_trade:       0.108798
do_nothing_pct:     0.413004
exit_pct:           0.015919
model_exit_count:   71
cooldown_blocked:   210
pre_10am_blocked:   1003
short_hold_pct:     0.167000
stop_loss_rate:     0.383000
direction_collapse_pct: 0.308300
avg_entry_cost_bps: 279.917200
avg_entry_quality:  0.811900
cost_realism_coverage: 1.008300
high_cost_entry_rate: 0.325000
low_quality_entry_rate: 0.000000
actionable_bar_rate: 0.829100
risk_off_bar_rate:  0.000000
final_capital:      9374.54
equity_sharpe:      0.412800
max_equity_dd:      -0.521000
total_dollar_return:-0.062500
val_sharpe:         -21.541032
total_return:       13.055745
num_val_bars:       4460
num_val_days:       65
worst_chunk_pf:     0.24
rr_ratio:           3.5468
avg_hold_bars:      11.70
model_exit_rate:    0.5917
hit_ruin:           False
min_equity_frac:    0.4790
avg_risk_fraction:  0.1035
max_risk_fraction:  0.4599
trades_blocked_by_balance: 0
  Chunk 1: 2025-02-18..2025-06-04 | 25 trades | PF=0.24 | WR=24.0%
  Chunk 2: 2025-06-20..2025-08-13 | 22 trades | PF=2.03 | WR=27.3%
  Chunk 3: 2025-08-15..2025-09-17 | 24 trades | PF=3.60 | WR=50.0%
  Chunk 4: 2025-09-24..2025-11-12 | 26 trades | PF=1.64 | WR=26.9%
  Chunk 5: 2025-12-02..2026-03-12 | 23 trades | PF=1.96 | WR=34.8%
training_seconds:   240.0
total_seconds:      254.1
peak_vram_mb:       357.0
num_steps:          9414
num_params:         146,265
lookback:           120
depth:              3
d_model:            64
effective_lr:       0.00015
gate_label_smoothing:0.050000
dir_label_smoothing:0.050000
false_entry_penalty:2.000000
/opt/conda/lib/python3.11/site-packages/torch/nn/modules/transformer.py:379: UserWarning: enable_nested_tensor is True, but self.use_nested_tensor is False because encoder_layer.norm_first was True
  warnings.warn(
