Loading data from: /root/.cache/autoresearch-trading/features/data.pt
Loaded 384870 1-min bars, 32 features, 8 actions
  ~986 trading days
Training:   up to idx 269189
Validation: idx 269190-384869
  Option P&L coverage: 297877/384870 (77%)
Parameters: 146,265
Architecture: v4 simplified two-head (gate+dir) + balanced strike gating with rebalanced loss toward P&L alignment
Training from scratch (v4: no warm-start).

Budget: 240s | Batch: 128 | Lookback: 120
LR: 0.00015 | Depth: 3 | d_model: 64 | ff_mult: 3
Dropout: 0.15 | Weight decay: 0.05
False entry penalty: 2.0x
Label smoothing: gate=0.05 dir=0.05
Loss weights: gate=1.0, dir=0.8, pnl=0.4, exit=0.5
Score tuning: R:R bonus=0.3, hold bonus=0.0, freq center=2.5, drawdown penalty=0.5

step 00000 (  0.0%) | loss: 2.632310 | trade:0.27 call:0.45 put:0.55 | ATM:0.23 OTM:0.77 | lr: 0.00e+00 | left: 240s
step 00050 (  0.4%) | loss: 2.730365 | trade:0.27 call:0.46 put:0.54 | ATM:0.24 OTM:0.76 | lr: 5.38e-06 | left: 239s
step 00100 (  0.9%) | loss: 2.684798 | trade:0.29 call:0.45 put:0.55 | ATM:0.24 OTM:0.76 | lr: 1.36e-05 | left: 238s
step 00150 (  1.5%) | loss: 2.630395 | trade:0.32 call:0.47 put:0.53 | ATM:0.24 OTM:0.76 | lr: 2.18e-05 | left: 236s
step 00200 (  2.0%) | loss: 2.579737 | trade:0.37 call:0.48 put:0.52 | ATM:0.26 OTM:0.74 | lr: 2.98e-05 | left: 235s
step 00250 (  2.5%) | loss: 2.504102 | trade:0.39 call:0.49 put:0.51 | ATM:0.27 OTM:0.73 | lr: 3.77e-05 | left: 234s
step 00300 (  3.0%) | loss: 2.468517 | trade:0.42 call:0.51 put:0.49 | ATM:0.29 OTM:0.71 | lr: 4.57e-05 | left: 233s
step 00350 (  3.6%) | loss: 2.456241 | trade:0.44 call:0.52 put:0.48 | ATM:0.32 OTM:0.68 | lr: 5.37e-05 | left: 231s
step 00400 (  4.1%) | loss: 2.400008 | trade:0.44 call:0.53 put:0.47 | ATM:0.33 OTM:0.67 | lr: 6.15e-05 | left: 230s
step 00450 (  4.6%) | loss: 2.339985 | trade:0.42 call:0.53 put:0.47 | ATM:0.34 OTM:0.66 | lr: 6.94e-05 | left: 229s
step 00500 (  5.2%) | loss: 2.331866 | trade:0.44 call:0.54 put:0.46 | ATM:0.34 OTM:0.66 | lr: 7.74e-05 | left: 228s
step 00550 (  5.7%) | loss: 2.292519 | trade:0.42 call:0.54 put:0.46 | ATM:0.35 OTM:0.65 | lr: 8.53e-05 | left: 226s
step 00600 (  6.2%) | loss: 2.222117 | trade:0.42 call:0.56 put:0.44 | ATM:0.35 OTM:0.65 | lr: 9.33e-05 | left: 225s
step 00650 (  6.8%) | loss: 2.182997 | trade:0.45 call:0.57 put:0.43 | ATM:0.36 OTM:0.64 | lr: 1.01e-04 | left: 224s
step 00700 (  7.3%) | loss: 2.079102 | trade:0.41 call:0.58 put:0.42 | ATM:0.36 OTM:0.64 | lr: 1.09e-04 | left: 223s
step 00750 (  7.8%) | loss: 1.979902 | trade:0.42 call:0.60 put:0.40 | ATM:0.40 OTM:0.60 | lr: 1.17e-04 | left: 221s
step 00800 (  8.3%) | loss: 1.946515 | trade:0.41 call:0.54 put:0.46 | ATM:0.38 OTM:0.62 | lr: 1.25e-04 | left: 220s
step 00850 (  8.8%) | loss: 1.844732 | trade:0.42 call:0.60 put:0.40 | ATM:0.38 OTM:0.62 | lr: 1.33e-04 | left: 219s
step 00900 (  9.4%) | loss: 1.750422 | trade:0.43 call:0.58 put:0.42 | ATM:0.36 OTM:0.64 | lr: 1.41e-04 | left: 217s
step 00950 (  9.9%) | loss: 1.638720 | trade:0.42 call:0.61 put:0.39 | ATM:0.38 OTM:0.62 | lr: 1.49e-04 | left: 216s
step 01000 ( 10.4%) | loss: 1.541472 | trade:0.41 call:0.64 put:0.36 | ATM:0.42 OTM:0.58 | lr: 1.50e-04 | left: 215s
step 01050 ( 11.0%) | loss: 1.429172 | trade:0.40 call:0.64 put:0.36 | ATM:0.43 OTM:0.57 | lr: 1.50e-04 | left: 214s
step 01100 ( 11.5%) | loss: 1.346984 | trade:0.43 call:0.64 put:0.36 | ATM:0.43 OTM:0.57 | lr: 1.50e-04 | left: 212s
step 01150 ( 12.0%) | loss: 1.260812 | trade:0.41 call:0.63 put:0.37 | ATM:0.46 OTM:0.54 | lr: 1.50e-04 | left: 211s
step 01200 ( 12.6%) | loss: 1.223137 | trade:0.43 call:0.64 put:0.36 | ATM:0.38 OTM:0.62 | lr: 1.50e-04 | left: 210s
step 01250 ( 13.1%) | loss: 1.165852 | trade:0.41 call:0.65 put:0.35 | ATM:0.48 OTM:0.52 | lr: 1.50e-04 | left: 209s
step 01300 ( 13.6%) | loss: 1.152517 | trade:0.33 call:0.67 put:0.33 | ATM:0.44 OTM:0.56 | lr: 1.50e-04 | left: 207s
step 01350 ( 14.1%) | loss: 1.054557 | trade:0.38 call:0.60 put:0.40 | ATM:0.44 OTM:0.56 | lr: 1.50e-04 | left: 206s
step 01400 ( 14.7%) | loss: 1.055151 | trade:0.42 call:0.61 put:0.39 | ATM:0.48 OTM:0.52 | lr: 1.50e-04 | left: 205s
step 01450 ( 15.2%) | loss: 1.063902 | trade:0.35 call:0.75 put:0.25 | ATM:0.48 OTM:0.52 | lr: 1.50e-04 | left: 203s
step 01500 ( 15.7%) | loss: 1.066918 | trade:0.46 call:0.63 put:0.37 | ATM:0.48 OTM:0.52 | lr: 1.50e-04 | left: 202s
step 01550 ( 16.3%) | loss: 0.985002 | trade:0.40 call:0.68 put:0.32 | ATM:0.48 OTM:0.52 | lr: 1.50e-04 | left: 201s
step 01600 ( 16.8%) | loss: 0.977847 | trade:0.40 call:0.63 put:0.37 | ATM:0.46 OTM:0.54 | lr: 1.50e-04 | left: 200s
step 01650 ( 17.3%) | loss: 0.985631 | trade:0.42 call:0.67 put:0.33 | ATM:0.50 OTM:0.50 | lr: 1.50e-04 | left: 198s
step 01700 ( 17.8%) | loss: 0.952311 | trade:0.34 call:0.64 put:0.36 | ATM:0.48 OTM:0.52 | lr: 1.50e-04 | left: 197s
step 01750 ( 18.4%) | loss: 0.939338 | trade:0.38 call:0.63 put:0.37 | ATM:0.54 OTM:0.46 | lr: 1.50e-04 | left: 196s
step 01800 ( 18.9%) | loss: 0.913980 | trade:0.34 call:0.62 put:0.38 | ATM:0.51 OTM:0.49 | lr: 1.50e-04 | left: 195s
step 01850 ( 19.4%) | loss: 0.875992 | trade:0.43 call:0.66 put:0.34 | ATM:0.51 OTM:0.49 | lr: 1.50e-04 | left: 193s
step 01900 ( 20.0%) | loss: 0.873393 | trade:0.42 call:0.61 put:0.39 | ATM:0.51 OTM:0.49 | lr: 1.50e-04 | left: 192s
step 01950 ( 20.5%) | loss: 0.905360 | trade:0.35 call:0.57 put:0.43 | ATM:0.52 OTM:0.48 | lr: 1.50e-04 | left: 191s
step 02000 ( 21.0%) | loss: 0.806334 | trade:0.33 call:0.64 put:0.36 | ATM:0.50 OTM:0.50 | lr: 1.50e-04 | left: 190s
step 02050 ( 21.5%) | loss: 0.891591 | trade:0.39 call:0.66 put:0.34 | ATM:0.55 OTM:0.45 | lr: 1.50e-04 | left: 188s
step 02100 ( 22.0%) | loss: 0.858374 | trade:0.36 call:0.66 put:0.34 | ATM:0.50 OTM:0.50 | lr: 1.50e-04 | left: 187s
step 02150 ( 22.6%) | loss: 0.854805 | trade:0.37 call:0.65 put:0.35 | ATM:0.52 OTM:0.48 | lr: 1.50e-04 | left: 186s
step 02200 ( 23.1%) | loss: 0.856020 | trade:0.41 call:0.63 put:0.37 | ATM:0.48 OTM:0.52 | lr: 1.50e-04 | left: 185s
step 02250 ( 23.6%) | loss: 0.819121 | trade:0.38 call:0.67 put:0.33 | ATM:0.58 OTM:0.42 | lr: 1.50e-04 | left: 183s
step 02300 ( 24.1%) | loss: 0.810679 | trade:0.37 call:0.60 put:0.40 | ATM:0.54 OTM:0.46 | lr: 1.50e-04 | left: 182s
step 02350 ( 24.7%) | loss: 0.798211 | trade:0.38 call:0.69 put:0.31 | ATM:0.59 OTM:0.41 | lr: 1.50e-04 | left: 181s
step 02400 ( 25.2%) | loss: 0.809806 | trade:0.35 call:0.72 put:0.28 | ATM:0.48 OTM:0.52 | lr: 1.50e-04 | left: 179s
step 02450 ( 25.7%) | loss: 0.803888 | trade:0.43 call:0.68 put:0.32 | ATM:0.55 OTM:0.45 | lr: 1.50e-04 | left: 178s
step 02500 ( 26.3%) | loss: 0.809343 | trade:0.45 call:0.59 put:0.41 | ATM:0.50 OTM:0.50 | lr: 1.50e-04 | left: 177s
step 02550 ( 26.8%) | loss: 0.759989 | trade:0.37 call:0.63 put:0.37 | ATM:0.55 OTM:0.45 | lr: 1.50e-04 | left: 176s
step 02600 ( 27.3%) | loss: 0.814231 | trade:0.38 call:0.59 put:0.41 | ATM:0.55 OTM:0.45 | lr: 1.50e-04 | left: 174s
step 02650 ( 27.8%) | loss: 0.805949 | trade:0.37 call:0.65 put:0.35 | ATM:0.55 OTM:0.45 | lr: 1.50e-04 | left: 173s
step 02700 ( 28.4%) | loss: 0.805854 | trade:0.35 call:0.66 put:0.34 | ATM:0.55 OTM:0.45 | lr: 1.50e-04 | left: 172s
step 02750 ( 28.9%) | loss: 0.781383 | trade:0.36 call:0.59 put:0.41 | ATM:0.57 OTM:0.43 | lr: 1.50e-04 | left: 171s
step 02800 ( 29.4%) | loss: 0.780514 | trade:0.39 call:0.60 put:0.40 | ATM:0.60 OTM:0.40 | lr: 1.50e-04 | left: 169s
step 02850 ( 29.9%) | loss: 0.764754 | trade:0.32 call:0.66 put:0.34 | ATM:0.65 OTM:0.35 | lr: 1.50e-04 | left: 168s
step 02900 ( 30.5%) | loss: 0.725788 | trade:0.41 call:0.63 put:0.37 | ATM:0.53 OTM:0.47 | lr: 1.50e-04 | left: 167s
step 02950 ( 31.0%) | loss: 0.763014 | trade:0.37 call:0.66 put:0.34 | ATM:0.59 OTM:0.41 | lr: 1.50e-04 | left: 166s
step 03000 ( 31.5%) | loss: 0.750581 | trade:0.42 call:0.59 put:0.41 | ATM:0.56 OTM:0.44 | lr: 1.50e-04 | left: 164s
step 03050 ( 32.0%) | loss: 0.753014 | trade:0.38 call:0.66 put:0.34 | ATM:0.58 OTM:0.42 | lr: 1.50e-04 | left: 163s
step 03100 ( 32.6%) | loss: 0.722501 | trade:0.38 call:0.69 put:0.31 | ATM:0.61 OTM:0.39 | lr: 1.50e-04 | left: 162s
step 03150 ( 33.1%) | loss: 0.740327 | trade:0.39 call:0.62 put:0.38 | ATM:0.55 OTM:0.45 | lr: 1.50e-04 | left: 161s
step 03200 ( 33.6%) | loss: 0.780028 | trade:0.36 call:0.63 put:0.37 | ATM:0.56 OTM:0.44 | lr: 1.50e-04 | left: 159s
step 03250 ( 34.1%) | loss: 0.751869 | trade:0.33 call:0.61 put:0.39 | ATM:0.61 OTM:0.39 | lr: 1.50e-04 | left: 158s
step 03300 ( 34.6%) | loss: 0.724833 | trade:0.37 call:0.66 put:0.34 | ATM:0.56 OTM:0.44 | lr: 1.50e-04 | left: 157s
step 03350 ( 35.2%) | loss: 0.736197 | trade:0.33 call:0.61 put:0.39 | ATM:0.62 OTM:0.38 | lr: 1.50e-04 | left: 156s
step 03400 ( 35.7%) | loss: 0.771997 | trade:0.40 call:0.62 put:0.38 | ATM:0.58 OTM:0.42 | lr: 1.50e-04 | left: 154s
step 03450 ( 36.2%) | loss: 0.700103 | trade:0.36 call:0.62 put:0.38 | ATM:0.53 OTM:0.47 | lr: 1.50e-04 | left: 153s
step 03500 ( 36.7%) | loss: 0.719860 | trade:0.34 call:0.64 put:0.36 | ATM:0.54 OTM:0.46 | lr: 1.50e-04 | left: 152s
step 03550 ( 37.3%) | loss: 0.727420 | trade:0.34 call:0.64 put:0.36 | ATM:0.59 OTM:0.41 | lr: 1.50e-04 | left: 151s
step 03600 ( 37.8%) | loss: 0.730636 | trade:0.32 call:0.63 put:0.37 | ATM:0.61 OTM:0.39 | lr: 1.50e-04 | left: 149s
step 03650 ( 38.3%) | loss: 0.730331 | trade:0.31 call:0.64 put:0.36 | ATM:0.56 OTM:0.44 | lr: 1.50e-04 | left: 148s
step 03700 ( 38.9%) | loss: 0.729607 | trade:0.36 call:0.65 put:0.35 | ATM:0.59 OTM:0.41 | lr: 1.50e-04 | left: 147s
step 03750 ( 39.4%) | loss: 0.769402 | trade:0.29 call:0.66 put:0.34 | ATM:0.64 OTM:0.36 | lr: 1.50e-04 | left: 145s
step 03800 ( 39.9%) | loss: 0.707478 | trade:0.39 call:0.60 put:0.40 | ATM:0.55 OTM:0.45 | lr: 1.50e-04 | left: 144s
step 03850 ( 40.4%) | loss: 0.698106 | trade:0.36 call:0.62 put:0.38 | ATM:0.57 OTM:0.43 | lr: 1.50e-04 | left: 143s
step 03900 ( 41.0%) | loss: 0.699045 | trade:0.41 call:0.58 put:0.42 | ATM:0.57 OTM:0.43 | lr: 1.50e-04 | left: 142s
step 03950 ( 41.5%) | loss: 0.705853 | trade:0.29 call:0.65 put:0.35 | ATM:0.62 OTM:0.38 | lr: 1.50e-04 | left: 140s
step 04000 ( 42.0%) | loss: 0.683926 | trade:0.37 call:0.66 put:0.34 | ATM:0.56 OTM:0.44 | lr: 1.50e-04 | left: 139s
step 04050 ( 42.5%) | loss: 0.737023 | trade:0.38 call:0.62 put:0.38 | ATM:0.58 OTM:0.42 | lr: 1.50e-04 | left: 138s
step 04100 ( 43.1%) | loss: 0.702041 | trade:0.34 call:0.60 put:0.40 | ATM:0.60 OTM:0.40 | lr: 1.50e-04 | left: 137s
step 04150 ( 43.6%) | loss: 0.688957 | trade:0.34 call:0.59 put:0.41 | ATM:0.68 OTM:0.32 | lr: 1.50e-04 | left: 135s
step 04200 ( 44.1%) | loss: 0.691534 | trade:0.32 call:0.62 put:0.38 | ATM:0.65 OTM:0.35 | lr: 1.50e-04 | left: 134s
step 04250 ( 44.6%) | loss: 0.683596 | trade:0.35 call:0.58 put:0.42 | ATM:0.60 OTM:0.40 | lr: 1.50e-04 | left: 133s
step 04300 ( 45.2%) | loss: 0.717144 | trade:0.41 call:0.59 put:0.41 | ATM:0.58 OTM:0.42 | lr: 1.50e-04 | left: 132s
step 04350 ( 45.7%) | loss: 0.697821 | trade:0.35 call:0.64 put:0.36 | ATM:0.65 OTM:0.35 | lr: 1.50e-04 | left: 130s
step 04400 ( 46.2%) | loss: 0.698891 | trade:0.34 call:0.63 put:0.37 | ATM:0.58 OTM:0.42 | lr: 1.50e-04 | left: 129s
step 04450 ( 46.7%) | loss: 0.682972 | trade:0.38 call:0.64 put:0.36 | ATM:0.63 OTM:0.37 | lr: 1.50e-04 | left: 128s
step 04500 ( 47.2%) | loss: 0.690175 | trade:0.37 call:0.61 put:0.39 | ATM:0.65 OTM:0.35 | lr: 1.50e-04 | left: 127s
step 04550 ( 47.8%) | loss: 0.682722 | trade:0.35 call:0.56 put:0.44 | ATM:0.60 OTM:0.40 | lr: 1.50e-04 | left: 125s
step 04600 ( 48.3%) | loss: 0.677818 | trade:0.37 call:0.63 put:0.37 | ATM:0.58 OTM:0.42 | lr: 1.50e-04 | left: 124s
step 04650 ( 48.8%) | loss: 0.706641 | trade:0.35 call:0.60 put:0.40 | ATM:0.61 OTM:0.39 | lr: 1.50e-04 | left: 123s
step 04700 ( 49.3%) | loss: 0.696793 | trade:0.42 call:0.64 put:0.36 | ATM:0.60 OTM:0.40 | lr: 1.50e-04 | left: 122s
step 04750 ( 49.8%) | loss: 0.673668 | trade:0.34 call:0.58 put:0.42 | ATM:0.63 OTM:0.37 | lr: 1.50e-04 | left: 120s
step 04800 ( 50.4%) | loss: 0.672525 | trade:0.41 call:0.55 put:0.45 | ATM:0.57 OTM:0.43 | lr: 1.50e-04 | left: 119s
step 04850 ( 50.9%) | loss: 0.648673 | trade:0.42 call:0.58 put:0.42 | ATM:0.60 OTM:0.40 | lr: 1.50e-04 | left: 118s
step 04900 ( 51.4%) | loss: 0.680700 | trade:0.32 call:0.61 put:0.39 | ATM:0.68 OTM:0.32 | lr: 1.50e-04 | left: 117s
step 04950 ( 51.9%) | loss: 0.689253 | trade:0.36 call:0.59 put:0.41 | ATM:0.61 OTM:0.39 | lr: 1.50e-04 | left: 115s
step 05000 ( 52.4%) | loss: 0.710131 | trade:0.37 call:0.59 put:0.41 | ATM:0.64 OTM:0.36 | lr: 1.50e-04 | left: 114s
step 05050 ( 52.9%) | loss: 0.681644 | trade:0.35 call:0.64 put:0.36 | ATM:0.55 OTM:0.45 | lr: 1.50e-04 | left: 113s
step 05100 ( 53.5%) | loss: 0.714674 | trade:0.34 call:0.61 put:0.39 | ATM:0.66 OTM:0.34 | lr: 1.50e-04 | left: 112s
step 05150 ( 54.0%) | loss: 0.653981 | trade:0.42 call:0.59 put:0.41 | ATM:0.60 OTM:0.40 | lr: 1.50e-04 | left: 110s
step 05200 ( 54.5%) | loss: 0.688147 | trade:0.36 call:0.58 put:0.42 | ATM:0.63 OTM:0.37 | lr: 1.50e-04 | left: 109s
step 05250 ( 55.0%) | loss: 0.659366 | trade:0.31 call:0.62 put:0.38 | ATM:0.66 OTM:0.34 | lr: 1.50e-04 | left: 108s
step 05300 ( 55.5%) | loss: 0.692740 | trade:0.34 call:0.66 put:0.34 | ATM:0.60 OTM:0.40 | lr: 1.50e-04 | left: 107s
step 05350 ( 56.1%) | loss: 0.685243 | trade:0.32 call:0.65 put:0.35 | ATM:0.63 OTM:0.37 | lr: 1.50e-04 | left: 105s
step 05400 ( 56.6%) | loss: 0.684431 | trade:0.42 call:0.56 put:0.44 | ATM:0.53 OTM:0.47 | lr: 1.50e-04 | left: 104s
step 05450 ( 57.1%) | loss: 0.645682 | trade:0.38 call:0.56 put:0.44 | ATM:0.60 OTM:0.40 | lr: 1.50e-04 | left: 103s
step 05500 ( 57.6%) | loss: 0.645316 | trade:0.37 call:0.59 put:0.41 | ATM:0.63 OTM:0.37 | lr: 1.50e-04 | left: 102s
step 05550 ( 58.2%) | loss: 0.682231 | trade:0.37 call:0.58 put:0.42 | ATM:0.66 OTM:0.34 | lr: 1.50e-04 | left: 100s
step 05600 ( 58.7%) | loss: 0.672590 | trade:0.36 call:0.67 put:0.33 | ATM:0.63 OTM:0.37 | lr: 1.50e-04 | left: 99s
step 05650 ( 59.2%) | loss: 0.656684 | trade:0.33 call:0.61 put:0.39 | ATM:0.66 OTM:0.34 | lr: 1.50e-04 | left: 98s
step 05700 ( 59.8%) | loss: 0.654026 | trade:0.42 call:0.61 put:0.39 | ATM:0.58 OTM:0.42 | lr: 1.50e-04 | left: 97s
step 05750 ( 60.3%) | loss: 0.658455 | trade:0.37 call:0.61 put:0.39 | ATM:0.60 OTM:0.40 | lr: 1.50e-04 | left: 95s
step 05800 ( 60.8%) | loss: 0.662823 | trade:0.37 call:0.64 put:0.36 | ATM:0.65 OTM:0.35 | lr: 1.50e-04 | left: 94s
step 05850 ( 61.3%) | loss: 0.650032 | trade:0.37 call:0.63 put:0.37 | ATM:0.61 OTM:0.39 | lr: 1.50e-04 | left: 93s
step 05900 ( 61.8%) | loss: 0.653888 | trade:0.40 call:0.60 put:0.40 | ATM:0.59 OTM:0.41 | lr: 1.50e-04 | left: 92s
step 05950 ( 62.4%) | loss: 0.656126 | trade:0.35 call:0.52 put:0.48 | ATM:0.62 OTM:0.38 | lr: 1.50e-04 | left: 90s
step 06000 ( 62.9%) | loss: 0.637815 | trade:0.38 call:0.60 put:0.40 | ATM:0.62 OTM:0.38 | lr: 1.50e-04 | left: 89s
step 06050 ( 63.4%) | loss: 0.688021 | trade:0.37 call:0.57 put:0.43 | ATM:0.64 OTM:0.36 | lr: 1.50e-04 | left: 88s
step 06100 ( 64.0%) | loss: 0.640087 | trade:0.31 call:0.57 put:0.43 | ATM:0.62 OTM:0.38 | lr: 1.50e-04 | left: 86s
step 06150 ( 64.5%) | loss: 0.634083 | trade:0.32 call:0.58 put:0.42 | ATM:0.65 OTM:0.35 | lr: 1.50e-04 | left: 85s
step 06200 ( 65.0%) | loss: 0.631415 | trade:0.35 call:0.55 put:0.45 | ATM:0.61 OTM:0.39 | lr: 1.50e-04 | left: 84s
step 06250 ( 65.5%) | loss: 0.629867 | trade:0.35 call:0.62 put:0.38 | ATM:0.66 OTM:0.34 | lr: 1.50e-04 | left: 83s
step 06300 ( 66.0%) | loss: 0.629734 | trade:0.38 call:0.57 put:0.43 | ATM:0.59 OTM:0.41 | lr: 1.50e-04 | left: 81s
step 06350 ( 66.6%) | loss: 0.647588 | trade:0.33 call:0.58 put:0.42 | ATM:0.64 OTM:0.36 | lr: 1.50e-04 | left: 80s
step 06400 ( 67.1%) | loss: 0.639769 | trade:0.37 call:0.61 put:0.39 | ATM:0.65 OTM:0.35 | lr: 1.50e-04 | left: 79s
step 06450 ( 67.6%) | loss: 0.645631 | trade:0.35 call:0.55 put:0.45 | ATM:0.58 OTM:0.42 | lr: 1.50e-04 | left: 78s
step 06500 ( 68.1%) | loss: 0.617188 | trade:0.34 call:0.54 put:0.46 | ATM:0.62 OTM:0.38 | lr: 1.50e-04 | left: 76s
step 06550 ( 68.6%) | loss: 0.632040 | trade:0.41 call:0.58 put:0.42 | ATM:0.55 OTM:0.45 | lr: 1.50e-04 | left: 75s
step 06600 ( 69.2%) | loss: 0.626678 | trade:0.37 call:0.60 put:0.40 | ATM:0.58 OTM:0.42 | lr: 1.50e-04 | left: 74s
step 06650 ( 69.7%) | loss: 0.649320 | trade:0.38 call:0.62 put:0.38 | ATM:0.64 OTM:0.36 | lr: 1.50e-04 | left: 73s
step 06700 ( 70.2%) | loss: 0.654130 | trade:0.39 call:0.69 put:0.31 | ATM:0.62 OTM:0.38 | lr: 1.50e-04 | left: 71s
step 06750 ( 70.8%) | loss: 0.617732 | trade:0.39 call:0.64 put:0.36 | ATM:0.56 OTM:0.44 | lr: 1.50e-04 | left: 70s
step 06800 ( 71.3%) | loss: 0.649422 | trade:0.35 call:0.52 put:0.48 | ATM:0.59 OTM:0.41 | lr: 1.49e-04 | left: 69s
step 06850 ( 71.8%) | loss: 0.638742 | trade:0.37 call:0.62 put:0.38 | ATM:0.63 OTM:0.37 | lr: 1.49e-04 | left: 68s
step 06900 ( 72.3%) | loss: 0.623682 | trade:0.35 call:0.57 put:0.43 | ATM:0.62 OTM:0.38 | lr: 1.48e-04 | left: 66s
step 06950 ( 72.9%) | loss: 0.652449 | trade:0.32 call:0.56 put:0.44 | ATM:0.68 OTM:0.32 | lr: 1.47e-04 | left: 65s
step 07000 ( 73.4%) | loss: 0.624455 | trade:0.37 call:0.59 put:0.41 | ATM:0.59 OTM:0.41 | lr: 1.45e-04 | left: 64s
step 07050 ( 73.9%) | loss: 0.642980 | trade:0.32 call:0.59 put:0.41 | ATM:0.67 OTM:0.33 | lr: 1.44e-04 | left: 63s
step 07100 ( 74.5%) | loss: 0.651436 | trade:0.32 call:0.60 put:0.40 | ATM:0.63 OTM:0.37 | lr: 1.42e-04 | left: 61s
step 07150 ( 75.0%) | loss: 0.623479 | trade:0.35 call:0.60 put:0.40 | ATM:0.59 OTM:0.41 | lr: 1.40e-04 | left: 60s
step 07200 ( 75.5%) | loss: 0.560312 | trade:0.35 call:0.57 put:0.43 | ATM:0.60 OTM:0.40 | lr: 1.38e-04 | left: 59s
step 07250 ( 76.0%) | loss: 0.601157 | trade:0.36 call:0.54 put:0.46 | ATM:0.59 OTM:0.41 | lr: 1.36e-04 | left: 57s
step 07300 ( 76.6%) | loss: 0.604879 | trade:0.43 call:0.60 put:0.40 | ATM:0.57 OTM:0.43 | lr: 1.33e-04 | left: 56s
step 07350 ( 77.0%) | loss: 0.601744 | trade:0.32 call:0.59 put:0.41 | ATM:0.64 OTM:0.36 | lr: 1.30e-04 | left: 55s
step 07400 ( 77.6%) | loss: 0.655282 | trade:0.32 call:0.61 put:0.39 | ATM:0.63 OTM:0.37 | lr: 1.28e-04 | left: 54s
step 07450 ( 78.1%) | loss: 0.640444 | trade:0.38 call:0.62 put:0.38 | ATM:0.65 OTM:0.35 | lr: 1.25e-04 | left: 53s
step 07500 ( 78.6%) | loss: 0.603237 | trade:0.33 call:0.59 put:0.41 | ATM:0.60 OTM:0.40 | lr: 1.21e-04 | left: 51s
step 07550 ( 79.1%) | loss: 0.614450 | trade:0.28 call:0.59 put:0.41 | ATM:0.68 OTM:0.32 | lr: 1.18e-04 | left: 50s
step 07600 ( 79.7%) | loss: 0.612786 | trade:0.34 call:0.57 put:0.43 | ATM:0.60 OTM:0.40 | lr: 1.15e-04 | left: 49s
step 07650 ( 80.2%) | loss: 0.608914 | trade:0.34 call:0.57 put:0.43 | ATM:0.59 OTM:0.41 | lr: 1.11e-04 | left: 47s
step 07700 ( 80.7%) | loss: 0.654309 | trade:0.34 call:0.66 put:0.34 | ATM:0.58 OTM:0.42 | lr: 1.07e-04 | left: 46s
step 07750 ( 81.3%) | loss: 0.588141 | trade:0.37 call:0.53 put:0.47 | ATM:0.61 OTM:0.39 | lr: 1.04e-04 | left: 45s
step 07800 ( 81.8%) | loss: 0.622678 | trade:0.34 call:0.55 put:0.45 | ATM:0.65 OTM:0.35 | lr: 9.97e-05 | left: 44s
step 07850 ( 82.3%) | loss: 0.633413 | trade:0.38 call:0.56 put:0.44 | ATM:0.63 OTM:0.37 | lr: 9.58e-05 | left: 42s
step 07900 ( 82.8%) | loss: 0.598594 | trade:0.38 call:0.62 put:0.38 | ATM:0.60 OTM:0.40 | lr: 9.18e-05 | left: 41s
step 07950 ( 83.4%) | loss: 0.556264 | trade:0.41 call:0.52 put:0.48 | ATM:0.54 OTM:0.46 | lr: 8.77e-05 | left: 40s
step 08000 ( 83.9%) | loss: 0.612892 | trade:0.35 call:0.51 put:0.49 | ATM:0.64 OTM:0.36 | lr: 8.36e-05 | left: 39s
step 08050 ( 84.4%) | loss: 0.613989 | trade:0.41 call:0.58 put:0.42 | ATM:0.59 OTM:0.41 | lr: 7.94e-05 | left: 37s
step 08100 ( 85.0%) | loss: 0.587910 | trade:0.33 call:0.57 put:0.43 | ATM:0.66 OTM:0.34 | lr: 7.53e-05 | left: 36s
step 08150 ( 85.5%) | loss: 0.605519 | trade:0.34 call:0.56 put:0.44 | ATM:0.62 OTM:0.38 | lr: 7.11e-05 | left: 35s
step 08200 ( 86.0%) | loss: 0.603280 | trade:0.38 call:0.57 put:0.43 | ATM:0.61 OTM:0.39 | lr: 6.71e-05 | left: 34s
step 08250 ( 86.5%) | loss: 0.612459 | trade:0.45 call:0.59 put:0.41 | ATM:0.56 OTM:0.44 | lr: 6.29e-05 | left: 32s
step 08300 ( 87.1%) | loss: 0.609735 | trade:0.29 call:0.61 put:0.39 | ATM:0.64 OTM:0.36 | lr: 5.89e-05 | left: 31s
step 08350 ( 87.6%) | loss: 0.630967 | trade:0.41 call:0.59 put:0.41 | ATM:0.58 OTM:0.42 | lr: 5.48e-05 | left: 30s
step 08400 ( 88.1%) | loss: 0.595836 | trade:0.35 call:0.58 put:0.42 | ATM:0.66 OTM:0.34 | lr: 5.09e-05 | left: 28s
step 08450 ( 88.7%) | loss: 0.601802 | trade:0.35 call:0.52 put:0.48 | ATM:0.61 OTM:0.39 | lr: 4.70e-05 | left: 27s
step 08500 ( 89.2%) | loss: 0.609762 | trade:0.38 call:0.57 put:0.43 | ATM:0.58 OTM:0.42 | lr: 4.32e-05 | left: 26s
step 08550 ( 89.7%) | loss: 0.588128 | trade:0.37 call:0.63 put:0.37 | ATM:0.65 OTM:0.35 | lr: 3.95e-05 | left: 25s
step 08600 ( 90.2%) | loss: 0.574089 | trade:0.36 call:0.56 put:0.44 | ATM:0.62 OTM:0.38 | lr: 3.59e-05 | left: 23s
step 08650 ( 90.8%) | loss: 0.565671 | trade:0.35 call:0.54 put:0.46 | ATM:0.60 OTM:0.40 | lr: 3.24e-05 | left: 22s
step 08700 ( 91.3%) | loss: 0.572292 | trade:0.38 call:0.50 put:0.50 | ATM:0.60 OTM:0.40 | lr: 2.91e-05 | left: 21s
step 08750 ( 91.8%) | loss: 0.581034 | trade:0.36 call:0.52 put:0.48 | ATM:0.61 OTM:0.39 | lr: 2.58e-05 | left: 20s
step 08800 ( 92.4%) | loss: 0.590512 | trade:0.39 call:0.59 put:0.41 | ATM:0.66 OTM:0.34 | lr: 2.28e-05 | left: 18s
step 08850 ( 92.9%) | loss: 0.597292 | trade:0.33 call:0.54 put:0.46 | ATM:0.68 OTM:0.32 | lr: 1.99e-05 | left: 17s
step 08900 ( 93.4%) | loss: 0.603798 | trade:0.33 call:0.62 put:0.38 | ATM:0.58 OTM:0.42 | lr: 1.72e-05 | left: 16s
step 08950 ( 93.9%) | loss: 0.587296 | trade:0.41 call:0.64 put:0.36 | ATM:0.57 OTM:0.43 | lr: 1.46e-05 | left: 15s
step 09000 ( 94.5%) | loss: 0.579633 | trade:0.33 call:0.61 put:0.39 | ATM:0.63 OTM:0.37 | lr: 1.22e-05 | left: 13s
step 09050 ( 95.0%) | loss: 0.602470 | trade:0.43 call:0.54 put:0.46 | ATM:0.54 OTM:0.46 | lr: 1.01e-05 | left: 12s
step 09100 ( 95.5%) | loss: 0.605549 | trade:0.35 call:0.55 put:0.45 | ATM:0.64 OTM:0.36 | lr: 8.09e-06 | left: 11s
step 09150 ( 96.1%) | loss: 0.576158 | trade:0.30 call:0.56 put:0.44 | ATM:0.65 OTM:0.35 | lr: 6.32e-06 | left: 9s
step 09200 ( 96.6%) | loss: 0.606462 | trade:0.34 call:0.55 put:0.45 | ATM:0.66 OTM:0.34 | lr: 4.76e-06 | left: 8s
step 09250 ( 97.1%) | loss: 0.588992 | trade:0.35 call:0.54 put:0.46 | ATM:0.69 OTM:0.31 | lr: 3.44e-06 | left: 7s
step 09300 ( 97.6%) | loss: 0.602994 | trade:0.33 call:0.60 put:0.40 | ATM:0.63 OTM:0.37 | lr: 2.31e-06 | left: 6s
step 09350 ( 98.2%) | loss: 0.584221 | trade:0.37 call:0.61 put:0.39 | ATM:0.68 OTM:0.32 | lr: 1.40e-06 | left: 4s
step 09400 ( 98.7%) | loss: 0.611293 | trade:0.35 call:0.63 put:0.37 | ATM:0.68 OTM:0.32 | lr: 7.18e-07 | left: 3s
step 09450 ( 99.2%) | loss: 0.582729 | trade:0.35 call:0.55 put:0.45 | ATM:0.61 OTM:0.39 | lr: 2.57e-07 | left: 2s
step 09500 ( 99.7%) | loss: 0.590321 | trade:0.38 call:0.58 put:0.42 | ATM:0.63 OTM:0.37 | lr: 2.83e-08 | left: 1s

Training done at 245s. Starting evaluation...
Evaluation done in 8s (total wall: 252s)
Model saved to /root/best_model.pt
Trade log: 102 trades -> /root/trade_log.csv

---
score:              0.186880
profit_factor:      1.719135
win_rate:           0.313725
avg_winner:         0.727855
avg_loser:          -0.193547
trades_per_day:     1.522388
max_consec_loss:    9
num_trades:         102
trade_sharpe:       2.221581
sortino:            17.200084
max_drawdown:       -6.337160
calmar:             1.537449
ev_per_trade:       0.095520
do_nothing_pct:     0.595156
exit_pct:           0.014145
model_exit_count:   66
cooldown_blocked:   161
pre_10am_blocked:   649
short_hold_pct:     0.186000
stop_loss_rate:     0.353000
direction_collapse_pct: 0.402000
avg_entry_cost_bps: 388.951800
avg_entry_quality:  0.732000
cost_realism_coverage: 1.000000
high_cost_entry_rate: 0.490200
low_quality_entry_rate: 0.000000
actionable_bar_rate: 0.803300
risk_off_bar_rate:  0.000000
final_capital:      6642.05
equity_sharpe:      -0.183000
max_equity_dd:      -0.647200
total_dollar_return:-0.335800
val_sharpe:         -19.656151
total_return:       9.743063
num_val_bars:       4666
num_val_days:       67
worst_chunk_pf:     0.20
rr_ratio:           3.7606
avg_hold_bars:      10.58
model_exit_rate:    0.6471
hit_ruin:           False
min_equity_frac:    0.3528
avg_risk_fraction:  0.1405
max_risk_fraction:  0.5027
trades_blocked_by_balance: 0
  Chunk 1: 2025-02-18..2025-05-12 | 20 trades | PF=0.20 | WR=25.0%
  Chunk 2: 2025-05-14..2025-07-07 | 18 trades | PF=0.57 | WR=33.3%
  Chunk 3: 2025-07-18..2025-09-09 | 17 trades | PF=0.23 | WR=17.6%
  Chunk 4: 2025-09-16..2025-11-03 | 24 trades | PF=3.49 | WR=41.7%
  Chunk 5: 2025-11-12..2026-03-16 | 23 trades | PF=4.11 | WR=34.8%
training_seconds:   240.0
total_seconds:      254.3
peak_vram_mb:       366.7
num_steps:          9525
num_params:         146,265
lookback:           120
depth:              3
d_model:            64
effective_lr:       0.00015
gate_label_smoothing:0.050000
dir_label_smoothing:0.050000
false_entry_penalty:2.000000
/opt/conda/lib/python3.11/site-packages/torch/nn/modules/transformer.py:379: UserWarning: enable_nested_tensor is True, but self.use_nested_tensor is False because encoder_layer.norm_first was True
  warnings.warn(
