Loading data from: /root/.cache/autoresearch-trading/features/data.pt
Loaded 382920 1-min bars, 32 features, 8 actions
  ~981 trading days
Training:   up to idx 268019
Validation: idx 268020-382919
  Option P&L coverage: 296720/382920 (77%)
Parameters: 146,265
Architecture: v4 simplified two-head (gate+dir) + balanced strike gating with enhanced PnL alignment (weight 0.4) and minimized drawdown penalty
Training from scratch (v4: no warm-start).

Budget: 240s | Batch: 128 | Lookback: 120
LR: 0.00015 | Depth: 3 | d_model: 64 | ff_mult: 3
Dropout: 0.15 | Weight decay: 0.05
False entry penalty: 2.0x
Label smoothing: gate=0.05 dir=0.05
Loss weights: gate=1.0, dir=1.0, pnl=0.4, exit=0.5
Score tuning: R:R bonus=0.3, hold bonus=0.25, freq center=2.5, drawdown penalty=0.05

step 00000 (  0.0%) | loss: 3.073717 | trade:0.27 call:0.45 put:0.55 | ATM:0.23 OTM:0.77 | lr: 0.00e+00 | left: 240s
step 00050 (  0.4%) | loss: 3.209309 | trade:0.27 call:0.46 put:0.54 | ATM:0.24 OTM:0.76 | lr: 5.51e-06 | left: 239s
step 00100 (  0.9%) | loss: 3.153325 | trade:0.29 call:0.45 put:0.55 | ATM:0.24 OTM:0.76 | lr: 1.35e-05 | left: 238s
step 00150 (  1.4%) | loss: 3.099693 | trade:0.32 call:0.47 put:0.53 | ATM:0.24 OTM:0.76 | lr: 2.15e-05 | left: 237s
step 00200 (  1.9%) | loss: 3.033816 | trade:0.36 call:0.48 put:0.52 | ATM:0.26 OTM:0.74 | lr: 2.92e-05 | left: 235s
step 00250 (  2.5%) | loss: 2.947146 | trade:0.39 call:0.49 put:0.51 | ATM:0.28 OTM:0.72 | lr: 3.72e-05 | left: 234s
step 00300 (  3.0%) | loss: 2.892537 | trade:0.42 call:0.51 put:0.49 | ATM:0.30 OTM:0.70 | lr: 4.51e-05 | left: 233s
step 00350 (  3.5%) | loss: 2.877961 | trade:0.45 call:0.52 put:0.48 | ATM:0.32 OTM:0.68 | lr: 5.31e-05 | left: 231s
step 00400 (  4.1%) | loss: 2.809543 | trade:0.45 call:0.53 put:0.47 | ATM:0.34 OTM:0.66 | lr: 6.10e-05 | left: 230s
step 00450 (  4.6%) | loss: 2.751685 | trade:0.42 call:0.53 put:0.47 | ATM:0.34 OTM:0.66 | lr: 6.90e-05 | left: 229s
step 00500 (  5.1%) | loss: 2.732843 | trade:0.45 call:0.54 put:0.46 | ATM:0.35 OTM:0.65 | lr: 7.69e-05 | left: 228s
step 00550 (  5.7%) | loss: 2.684096 | trade:0.43 call:0.54 put:0.46 | ATM:0.36 OTM:0.64 | lr: 8.48e-05 | left: 226s
step 00600 (  6.2%) | loss: 2.617715 | trade:0.43 call:0.56 put:0.44 | ATM:0.37 OTM:0.63 | lr: 9.27e-05 | left: 225s
step 00650 (  6.7%) | loss: 2.551288 | trade:0.45 call:0.57 put:0.43 | ATM:0.36 OTM:0.64 | lr: 1.01e-04 | left: 224s
step 00700 (  7.2%) | loss: 2.447584 | trade:0.42 call:0.58 put:0.42 | ATM:0.37 OTM:0.63 | lr: 1.09e-04 | left: 223s
step 00750 (  7.8%) | loss: 2.353975 | trade:0.42 call:0.60 put:0.40 | ATM:0.41 OTM:0.59 | lr: 1.16e-04 | left: 221s
step 00800 (  8.3%) | loss: 2.266020 | trade:0.43 call:0.54 put:0.46 | ATM:0.39 OTM:0.61 | lr: 1.24e-04 | left: 220s
step 00850 (  8.8%) | loss: 2.190687 | trade:0.44 call:0.60 put:0.40 | ATM:0.38 OTM:0.62 | lr: 1.32e-04 | left: 219s
step 00900 (  9.4%) | loss: 2.082594 | trade:0.44 call:0.58 put:0.42 | ATM:0.38 OTM:0.62 | lr: 1.40e-04 | left: 218s
step 00950 (  9.9%) | loss: 1.971023 | trade:0.41 call:0.61 put:0.39 | ATM:0.41 OTM:0.59 | lr: 1.48e-04 | left: 216s
step 01000 ( 10.4%) | loss: 1.835348 | trade:0.42 call:0.65 put:0.35 | ATM:0.43 OTM:0.57 | lr: 1.50e-04 | left: 215s
step 01050 ( 11.0%) | loss: 1.740274 | trade:0.41 call:0.66 put:0.34 | ATM:0.45 OTM:0.55 | lr: 1.50e-04 | left: 214s
step 01100 ( 11.5%) | loss: 1.647020 | trade:0.43 call:0.63 put:0.37 | ATM:0.45 OTM:0.55 | lr: 1.50e-04 | left: 212s
step 01150 ( 12.0%) | loss: 1.524534 | trade:0.40 call:0.62 put:0.38 | ATM:0.46 OTM:0.54 | lr: 1.50e-04 | left: 211s
step 01200 ( 12.6%) | loss: 1.518672 | trade:0.43 call:0.64 put:0.36 | ATM:0.39 OTM:0.61 | lr: 1.50e-04 | left: 210s
step 01250 ( 13.1%) | loss: 1.406931 | trade:0.41 call:0.64 put:0.36 | ATM:0.47 OTM:0.53 | lr: 1.50e-04 | left: 209s
step 01300 ( 13.6%) | loss: 1.374450 | trade:0.34 call:0.67 put:0.33 | ATM:0.46 OTM:0.54 | lr: 1.50e-04 | left: 207s
step 01350 ( 14.1%) | loss: 1.292186 | trade:0.37 call:0.57 put:0.43 | ATM:0.46 OTM:0.54 | lr: 1.50e-04 | left: 206s
step 01400 ( 14.7%) | loss: 1.304117 | trade:0.44 call:0.61 put:0.39 | ATM:0.49 OTM:0.51 | lr: 1.50e-04 | left: 205s
step 01450 ( 15.2%) | loss: 1.290411 | trade:0.36 call:0.72 put:0.28 | ATM:0.50 OTM:0.50 | lr: 1.50e-04 | left: 203s
step 01500 ( 15.7%) | loss: 1.284795 | trade:0.44 call:0.62 put:0.38 | ATM:0.49 OTM:0.51 | lr: 1.50e-04 | left: 202s
step 01550 ( 16.3%) | loss: 1.203863 | trade:0.38 call:0.67 put:0.33 | ATM:0.48 OTM:0.52 | lr: 1.50e-04 | left: 201s
step 01600 ( 16.8%) | loss: 1.190583 | trade:0.40 call:0.61 put:0.39 | ATM:0.46 OTM:0.54 | lr: 1.50e-04 | left: 200s
step 01650 ( 17.4%) | loss: 1.203452 | trade:0.43 call:0.64 put:0.36 | ATM:0.51 OTM:0.49 | lr: 1.50e-04 | left: 198s
step 01700 ( 17.9%) | loss: 1.160820 | trade:0.33 call:0.65 put:0.35 | ATM:0.52 OTM:0.48 | lr: 1.50e-04 | left: 197s
step 01750 ( 18.5%) | loss: 1.111851 | trade:0.37 call:0.63 put:0.37 | ATM:0.54 OTM:0.46 | lr: 1.50e-04 | left: 196s
step 01800 ( 19.0%) | loss: 1.162112 | trade:0.34 call:0.63 put:0.37 | ATM:0.50 OTM:0.50 | lr: 1.50e-04 | left: 194s
step 01850 ( 19.6%) | loss: 1.103968 | trade:0.40 call:0.63 put:0.37 | ATM:0.51 OTM:0.49 | lr: 1.50e-04 | left: 193s
step 01900 ( 20.1%) | loss: 1.095386 | trade:0.41 call:0.61 put:0.39 | ATM:0.53 OTM:0.47 | lr: 1.50e-04 | left: 192s
step 01950 ( 20.7%) | loss: 1.100965 | trade:0.34 call:0.58 put:0.42 | ATM:0.51 OTM:0.49 | lr: 1.50e-04 | left: 190s
step 02000 ( 21.2%) | loss: 1.022417 | trade:0.33 call:0.66 put:0.34 | ATM:0.54 OTM:0.46 | lr: 1.50e-04 | left: 189s
step 02050 ( 21.7%) | loss: 1.121172 | trade:0.39 call:0.66 put:0.34 | ATM:0.52 OTM:0.48 | lr: 1.50e-04 | left: 188s
step 02100 ( 22.3%) | loss: 1.069103 | trade:0.35 call:0.64 put:0.36 | ATM:0.51 OTM:0.49 | lr: 1.50e-04 | left: 187s
step 02150 ( 22.8%) | loss: 1.077785 | trade:0.37 call:0.61 put:0.39 | ATM:0.51 OTM:0.49 | lr: 1.50e-04 | left: 185s
step 02200 ( 23.3%) | loss: 1.064456 | trade:0.40 call:0.63 put:0.37 | ATM:0.46 OTM:0.54 | lr: 1.50e-04 | left: 184s
step 02250 ( 23.8%) | loss: 1.017125 | trade:0.37 call:0.66 put:0.34 | ATM:0.58 OTM:0.42 | lr: 1.50e-04 | left: 183s
step 02300 ( 24.4%) | loss: 1.014936 | trade:0.36 call:0.59 put:0.41 | ATM:0.54 OTM:0.46 | lr: 1.50e-04 | left: 181s
step 02350 ( 24.9%) | loss: 1.007818 | trade:0.35 call:0.72 put:0.28 | ATM:0.57 OTM:0.43 | lr: 1.50e-04 | left: 180s
step 02400 ( 25.4%) | loss: 1.017183 | trade:0.34 call:0.71 put:0.29 | ATM:0.45 OTM:0.55 | lr: 1.50e-04 | left: 179s
step 02450 ( 26.0%) | loss: 1.026069 | trade:0.41 call:0.67 put:0.33 | ATM:0.51 OTM:0.49 | lr: 1.50e-04 | left: 178s
step 02500 ( 26.5%) | loss: 1.007257 | trade:0.40 call:0.58 put:0.42 | ATM:0.52 OTM:0.48 | lr: 1.50e-04 | left: 176s
step 02550 ( 27.0%) | loss: 0.983452 | trade:0.36 call:0.63 put:0.37 | ATM:0.53 OTM:0.47 | lr: 1.50e-04 | left: 175s
step 02600 ( 27.5%) | loss: 1.015661 | trade:0.36 call:0.56 put:0.44 | ATM:0.52 OTM:0.48 | lr: 1.50e-04 | left: 174s
step 02650 ( 28.1%) | loss: 0.994475 | trade:0.38 call:0.62 put:0.38 | ATM:0.55 OTM:0.45 | lr: 1.50e-04 | left: 173s
step 02700 ( 28.4%) | loss: 1.021113 | trade:0.34 call:0.64 put:0.36 | ATM:0.53 OTM:0.47 | lr: 1.50e-04 | left: 172s
step 02750 ( 28.7%) | loss: 1.007793 | trade:0.37 call:0.57 put:0.43 | ATM:0.53 OTM:0.47 | lr: 1.50e-04 | left: 171s
step 02800 ( 29.2%) | loss: 0.989410 | trade:0.37 call:0.60 put:0.40 | ATM:0.57 OTM:0.43 | lr: 1.50e-04 | left: 170s
step 02850 ( 29.7%) | loss: 0.951523 | trade:0.31 call:0.65 put:0.35 | ATM:0.61 OTM:0.39 | lr: 1.50e-04 | left: 169s
step 02900 ( 30.3%) | loss: 0.919660 | trade:0.40 call:0.63 put:0.37 | ATM:0.55 OTM:0.45 | lr: 1.50e-04 | left: 167s
step 02950 ( 30.8%) | loss: 0.963866 | trade:0.37 call:0.61 put:0.39 | ATM:0.57 OTM:0.43 | lr: 1.50e-04 | left: 166s
step 03000 ( 31.3%) | loss: 0.950868 | trade:0.39 call:0.58 put:0.42 | ATM:0.56 OTM:0.44 | lr: 1.50e-04 | left: 165s
step 03050 ( 31.8%) | loss: 0.941686 | trade:0.38 call:0.67 put:0.33 | ATM:0.57 OTM:0.43 | lr: 1.50e-04 | left: 164s
step 03100 ( 32.4%) | loss: 0.921905 | trade:0.39 call:0.67 put:0.33 | ATM:0.60 OTM:0.40 | lr: 1.50e-04 | left: 162s
step 03150 ( 32.9%) | loss: 0.933006 | trade:0.37 call:0.60 put:0.40 | ATM:0.54 OTM:0.46 | lr: 1.50e-04 | left: 161s
step 03200 ( 33.4%) | loss: 0.964001 | trade:0.37 call:0.63 put:0.37 | ATM:0.54 OTM:0.46 | lr: 1.50e-04 | left: 160s
step 03250 ( 33.8%) | loss: 0.942646 | trade:0.30 call:0.59 put:0.41 | ATM:0.61 OTM:0.39 | lr: 1.50e-04 | left: 159s
step 03300 ( 34.3%) | loss: 0.946362 | trade:0.37 call:0.66 put:0.34 | ATM:0.59 OTM:0.41 | lr: 1.50e-04 | left: 158s
step 03350 ( 34.6%) | loss: 0.937939 | trade:0.31 call:0.59 put:0.41 | ATM:0.61 OTM:0.39 | lr: 1.50e-04 | left: 157s
step 03400 ( 34.9%) | loss: 0.945880 | trade:0.38 call:0.60 put:0.40 | ATM:0.58 OTM:0.42 | lr: 1.50e-04 | left: 156s
step 03450 ( 35.1%) | loss: 0.887446 | trade:0.36 call:0.62 put:0.38 | ATM:0.54 OTM:0.46 | lr: 1.50e-04 | left: 156s
step 03500 ( 35.3%) | loss: 0.918145 | trade:0.34 call:0.64 put:0.36 | ATM:0.54 OTM:0.46 | lr: 1.50e-04 | left: 155s
step 03550 ( 35.5%) | loss: 0.917713 | trade:0.35 call:0.63 put:0.37 | ATM:0.59 OTM:0.41 | lr: 1.50e-04 | left: 155s
step 03600 ( 35.8%) | loss: 0.925453 | trade:0.34 call:0.62 put:0.38 | ATM:0.59 OTM:0.41 | lr: 1.50e-04 | left: 154s
step 03650 ( 36.0%) | loss: 0.912566 | trade:0.31 call:0.63 put:0.37 | ATM:0.58 OTM:0.42 | lr: 1.50e-04 | left: 154s
step 03700 ( 36.3%) | loss: 0.926976 | trade:0.36 call:0.65 put:0.35 | ATM:0.58 OTM:0.42 | lr: 1.50e-04 | left: 153s
step 03750 ( 36.6%) | loss: 0.973725 | trade:0.29 call:0.68 put:0.32 | ATM:0.67 OTM:0.33 | lr: 1.50e-04 | left: 152s
step 03800 ( 36.9%) | loss: 0.908976 | trade:0.39 call:0.59 put:0.41 | ATM:0.58 OTM:0.42 | lr: 1.50e-04 | left: 151s
step 03850 ( 37.3%) | loss: 0.892944 | trade:0.37 call:0.59 put:0.41 | ATM:0.57 OTM:0.43 | lr: 1.50e-04 | left: 150s
step 03900 ( 37.8%) | loss: 0.885043 | trade:0.40 call:0.57 put:0.43 | ATM:0.61 OTM:0.39 | lr: 1.50e-04 | left: 149s
step 03950 ( 38.4%) | loss: 0.866903 | trade:0.27 call:0.67 put:0.33 | ATM:0.62 OTM:0.38 | lr: 1.50e-04 | left: 148s
step 04000 ( 38.6%) | loss: 0.898439 | trade:0.38 call:0.66 put:0.34 | ATM:0.58 OTM:0.42 | lr: 1.50e-04 | left: 147s
step 04050 ( 39.0%) | loss: 0.912607 | trade:0.37 call:0.63 put:0.37 | ATM:0.57 OTM:0.43 | lr: 1.50e-04 | left: 146s
step 04100 ( 39.5%) | loss: 0.887354 | trade:0.31 call:0.65 put:0.35 | ATM:0.59 OTM:0.41 | lr: 1.50e-04 | left: 145s
step 04150 ( 40.1%) | loss: 0.852711 | trade:0.33 call:0.58 put:0.42 | ATM:0.66 OTM:0.34 | lr: 1.50e-04 | left: 144s
step 04200 ( 40.6%) | loss: 0.867013 | trade:0.31 call:0.63 put:0.37 | ATM:0.64 OTM:0.36 | lr: 1.50e-04 | left: 143s
step 04250 ( 41.1%) | loss: 0.873361 | trade:0.34 call:0.57 put:0.43 | ATM:0.61 OTM:0.39 | lr: 1.50e-04 | left: 141s
step 04300 ( 41.6%) | loss: 0.888936 | trade:0.41 call:0.60 put:0.40 | ATM:0.60 OTM:0.40 | lr: 1.50e-04 | left: 140s
step 04350 ( 42.1%) | loss: 0.876951 | trade:0.30 call:0.66 put:0.34 | ATM:0.64 OTM:0.36 | lr: 1.50e-04 | left: 139s
step 04400 ( 42.6%) | loss: 0.881929 | trade:0.35 call:0.64 put:0.36 | ATM:0.55 OTM:0.45 | lr: 1.50e-04 | left: 138s
step 04450 ( 43.1%) | loss: 0.852963 | trade:0.38 call:0.66 put:0.34 | ATM:0.63 OTM:0.37 | lr: 1.50e-04 | left: 136s
step 04500 ( 43.5%) | loss: 0.883161 | trade:0.36 call:0.61 put:0.39 | ATM:0.63 OTM:0.37 | lr: 1.50e-04 | left: 136s
step 04550 ( 43.8%) | loss: 0.854997 | trade:0.35 call:0.58 put:0.42 | ATM:0.57 OTM:0.43 | lr: 1.50e-04 | left: 135s
step 04600 ( 44.3%) | loss: 0.863835 | trade:0.36 call:0.64 put:0.36 | ATM:0.56 OTM:0.44 | lr: 1.50e-04 | left: 134s
step 04650 ( 44.8%) | loss: 0.860620 | trade:0.36 call:0.60 put:0.40 | ATM:0.58 OTM:0.42 | lr: 1.50e-04 | left: 132s
step 04700 ( 45.3%) | loss: 0.877839 | trade:0.39 call:0.64 put:0.36 | ATM:0.64 OTM:0.36 | lr: 1.50e-04 | left: 131s
step 04750 ( 45.8%) | loss: 0.868883 | trade:0.32 call:0.59 put:0.41 | ATM:0.64 OTM:0.36 | lr: 1.50e-04 | left: 130s
step 04800 ( 46.4%) | loss: 0.846060 | trade:0.40 call:0.59 put:0.41 | ATM:0.56 OTM:0.44 | lr: 1.50e-04 | left: 129s
step 04850 ( 46.9%) | loss: 0.839571 | trade:0.39 call:0.61 put:0.39 | ATM:0.61 OTM:0.39 | lr: 1.50e-04 | left: 127s
step 04900 ( 47.1%) | loss: 0.850571 | trade:0.31 call:0.62 put:0.38 | ATM:0.68 OTM:0.32 | lr: 1.50e-04 | left: 127s
step 04950 ( 47.6%) | loss: 0.880619 | trade:0.36 call:0.61 put:0.39 | ATM:0.61 OTM:0.39 | lr: 1.50e-04 | left: 126s
step 05000 ( 48.1%) | loss: 0.875321 | trade:0.37 call:0.58 put:0.42 | ATM:0.63 OTM:0.37 | lr: 1.50e-04 | left: 124s
step 05050 ( 48.7%) | loss: 0.850342 | trade:0.35 call:0.65 put:0.35 | ATM:0.54 OTM:0.46 | lr: 1.50e-04 | left: 123s
step 05100 ( 49.2%) | loss: 0.880588 | trade:0.34 call:0.61 put:0.39 | ATM:0.62 OTM:0.38 | lr: 1.50e-04 | left: 122s
step 05150 ( 49.7%) | loss: 0.837140 | trade:0.39 call:0.59 put:0.41 | ATM:0.63 OTM:0.37 | lr: 1.50e-04 | left: 121s
step 05200 ( 50.3%) | loss: 0.852787 | trade:0.31 call:0.64 put:0.36 | ATM:0.64 OTM:0.36 | lr: 1.50e-04 | left: 119s
step 05250 ( 50.6%) | loss: 0.832514 | trade:0.30 call:0.64 put:0.36 | ATM:0.67 OTM:0.33 | lr: 1.50e-04 | left: 119s
step 05300 ( 50.8%) | loss: 0.842539 | trade:0.31 call:0.68 put:0.32 | ATM:0.61 OTM:0.39 | lr: 1.50e-04 | left: 118s
step 05350 ( 51.0%) | loss: 0.871603 | trade:0.30 call:0.69 put:0.31 | ATM:0.68 OTM:0.32 | lr: 1.50e-04 | left: 118s
step 05400 ( 51.2%) | loss: 0.854099 | trade:0.40 call:0.54 put:0.46 | ATM:0.55 OTM:0.45 | lr: 1.50e-04 | left: 117s
step 05450 ( 51.5%) | loss: 0.811908 | trade:0.38 call:0.58 put:0.42 | ATM:0.60 OTM:0.40 | lr: 1.50e-04 | left: 116s
step 05500 ( 51.8%) | loss: 0.825111 | trade:0.35 call:0.56 put:0.44 | ATM:0.62 OTM:0.38 | lr: 1.50e-04 | left: 116s
step 05550 ( 52.0%) | loss: 0.859219 | trade:0.36 call:0.61 put:0.39 | ATM:0.68 OTM:0.32 | lr: 1.50e-04 | left: 115s
step 05600 ( 52.2%) | loss: 0.838196 | trade:0.37 call:0.68 put:0.32 | ATM:0.64 OTM:0.36 | lr: 1.50e-04 | left: 115s
step 05650 ( 52.5%) | loss: 0.820470 | trade:0.32 call:0.67 put:0.33 | ATM:0.68 OTM:0.32 | lr: 1.50e-04 | left: 114s
step 05700 ( 52.7%) | loss: 0.844375 | trade:0.42 call:0.64 put:0.36 | ATM:0.59 OTM:0.41 | lr: 1.50e-04 | left: 114s
step 05750 ( 52.9%) | loss: 0.806760 | trade:0.34 call:0.59 put:0.41 | ATM:0.59 OTM:0.41 | lr: 1.50e-04 | left: 113s
step 05800 ( 53.2%) | loss: 0.829797 | trade:0.35 call:0.67 put:0.33 | ATM:0.68 OTM:0.32 | lr: 1.50e-04 | left: 112s
step 05850 ( 53.4%) | loss: 0.822801 | trade:0.34 call:0.62 put:0.38 | ATM:0.61 OTM:0.39 | lr: 1.50e-04 | left: 112s
step 05900 ( 53.6%) | loss: 0.818142 | trade:0.36 call:0.62 put:0.38 | ATM:0.64 OTM:0.36 | lr: 1.50e-04 | left: 111s
step 05950 ( 53.9%) | loss: 0.803694 | trade:0.35 call:0.53 put:0.47 | ATM:0.66 OTM:0.34 | lr: 1.50e-04 | left: 111s
step 06000 ( 54.1%) | loss: 0.813026 | trade:0.37 call:0.64 put:0.36 | ATM:0.65 OTM:0.35 | lr: 1.50e-04 | left: 110s
step 06050 ( 54.3%) | loss: 0.849533 | trade:0.35 call:0.61 put:0.39 | ATM:0.63 OTM:0.37 | lr: 1.50e-04 | left: 110s
step 06100 ( 54.5%) | loss: 0.812626 | trade:0.30 call:0.59 put:0.41 | ATM:0.65 OTM:0.35 | lr: 1.50e-04 | left: 109s
step 06150 ( 54.8%) | loss: 0.817278 | trade:0.28 call:0.63 put:0.37 | ATM:0.63 OTM:0.37 | lr: 1.50e-04 | left: 109s
step 06200 ( 55.0%) | loss: 0.798266 | trade:0.35 call:0.57 put:0.43 | ATM:0.61 OTM:0.39 | lr: 1.50e-04 | left: 108s
step 06250 ( 55.2%) | loss: 0.785053 | trade:0.34 call:0.67 put:0.33 | ATM:0.66 OTM:0.34 | lr: 1.50e-04 | left: 108s
step 06300 ( 55.4%) | loss: 0.799336 | trade:0.36 call:0.60 put:0.40 | ATM:0.60 OTM:0.40 | lr: 1.50e-04 | left: 107s
step 06350 ( 55.7%) | loss: 0.812896 | trade:0.32 call:0.65 put:0.35 | ATM:0.67 OTM:0.33 | lr: 1.50e-04 | left: 106s
step 06400 ( 56.0%) | loss: 0.802800 | trade:0.35 call:0.60 put:0.40 | ATM:0.68 OTM:0.32 | lr: 1.50e-04 | left: 106s
step 06450 ( 56.2%) | loss: 0.798757 | trade:0.35 call:0.56 put:0.44 | ATM:0.60 OTM:0.40 | lr: 1.50e-04 | left: 105s
step 06500 ( 56.4%) | loss: 0.797086 | trade:0.32 call:0.57 put:0.43 | ATM:0.63 OTM:0.37 | lr: 1.50e-04 | left: 105s
step 06550 ( 56.7%) | loss: 0.799841 | trade:0.38 call:0.64 put:0.36 | ATM:0.57 OTM:0.43 | lr: 1.50e-04 | left: 104s
step 06600 ( 56.9%) | loss: 0.811095 | trade:0.39 call:0.63 put:0.37 | ATM:0.60 OTM:0.40 | lr: 1.50e-04 | left: 103s
step 06650 ( 57.1%) | loss: 0.800977 | trade:0.37 call:0.64 put:0.36 | ATM:0.66 OTM:0.34 | lr: 1.50e-04 | left: 103s
step 06700 ( 57.3%) | loss: 0.810880 | trade:0.36 call:0.69 put:0.31 | ATM:0.65 OTM:0.35 | lr: 1.50e-04 | left: 102s
step 06750 ( 57.6%) | loss: 0.801330 | trade:0.38 call:0.64 put:0.36 | ATM:0.60 OTM:0.40 | lr: 1.50e-04 | left: 102s
step 06800 ( 57.8%) | loss: 0.833566 | trade:0.34 call:0.55 put:0.45 | ATM:0.63 OTM:0.37 | lr: 1.50e-04 | left: 101s
step 06850 ( 58.0%) | loss: 0.790667 | trade:0.34 call:0.63 put:0.37 | ATM:0.66 OTM:0.34 | lr: 1.50e-04 | left: 101s
step 06900 ( 58.2%) | loss: 0.792262 | trade:0.35 call:0.59 put:0.41 | ATM:0.62 OTM:0.38 | lr: 1.50e-04 | left: 100s
step 06950 ( 58.6%) | loss: 0.798540 | trade:0.29 call:0.59 put:0.41 | ATM:0.71 OTM:0.29 | lr: 1.50e-04 | left: 99s
step 07000 ( 58.8%) | loss: 0.794289 | trade:0.35 call:0.59 put:0.41 | ATM:0.60 OTM:0.40 | lr: 1.50e-04 | left: 99s
step 07050 ( 59.1%) | loss: 0.810048 | trade:0.30 call:0.60 put:0.40 | ATM:0.67 OTM:0.33 | lr: 1.50e-04 | left: 98s
step 07100 ( 59.3%) | loss: 0.812685 | trade:0.31 call:0.61 put:0.39 | ATM:0.64 OTM:0.36 | lr: 1.50e-04 | left: 98s
step 07150 ( 59.7%) | loss: 0.778942 | trade:0.36 call:0.60 put:0.40 | ATM:0.60 OTM:0.40 | lr: 1.50e-04 | left: 97s
step 07200 ( 60.1%) | loss: 0.735145 | trade:0.33 call:0.59 put:0.41 | ATM:0.60 OTM:0.40 | lr: 1.50e-04 | left: 96s
step 07250 ( 60.4%) | loss: 0.768248 | trade:0.35 call:0.61 put:0.39 | ATM:0.60 OTM:0.40 | lr: 1.50e-04 | left: 95s
step 07300 ( 60.7%) | loss: 0.760057 | trade:0.41 call:0.61 put:0.39 | ATM:0.59 OTM:0.41 | lr: 1.50e-04 | left: 94s
step 07350 ( 61.0%) | loss: 0.748631 | trade:0.31 call:0.62 put:0.38 | ATM:0.66 OTM:0.34 | lr: 1.50e-04 | left: 94s
step 07400 ( 61.2%) | loss: 0.809539 | trade:0.32 call:0.62 put:0.38 | ATM:0.65 OTM:0.35 | lr: 1.50e-04 | left: 93s
step 07450 ( 61.4%) | loss: 0.814962 | trade:0.35 call:0.64 put:0.36 | ATM:0.68 OTM:0.32 | lr: 1.50e-04 | left: 93s
step 07500 ( 61.6%) | loss: 0.760431 | trade:0.33 call:0.59 put:0.41 | ATM:0.62 OTM:0.38 | lr: 1.50e-04 | left: 92s
step 07550 ( 61.9%) | loss: 0.777378 | trade:0.25 call:0.60 put:0.40 | ATM:0.70 OTM:0.30 | lr: 1.50e-04 | left: 92s
step 07600 ( 62.1%) | loss: 0.769795 | trade:0.33 call:0.59 put:0.41 | ATM:0.62 OTM:0.38 | lr: 1.50e-04 | left: 91s
step 07650 ( 62.3%) | loss: 0.796798 | trade:0.31 call:0.55 put:0.45 | ATM:0.59 OTM:0.41 | lr: 1.50e-04 | left: 90s
step 07700 ( 62.5%) | loss: 0.809847 | trade:0.34 call:0.64 put:0.36 | ATM:0.57 OTM:0.43 | lr: 1.50e-04 | left: 90s
step 07750 ( 62.8%) | loss: 0.768178 | trade:0.36 call:0.54 put:0.46 | ATM:0.65 OTM:0.35 | lr: 1.50e-04 | left: 89s
step 07800 ( 63.0%) | loss: 0.792031 | trade:0.32 call:0.56 put:0.44 | ATM:0.67 OTM:0.33 | lr: 1.50e-04 | left: 89s
step 07850 ( 63.2%) | loss: 0.806629 | trade:0.36 call:0.58 put:0.42 | ATM:0.65 OTM:0.35 | lr: 1.50e-04 | left: 88s
step 07900 ( 63.4%) | loss: 0.765267 | trade:0.36 call:0.65 put:0.35 | ATM:0.62 OTM:0.38 | lr: 1.50e-04 | left: 88s
step 07950 ( 63.7%) | loss: 0.727853 | trade:0.41 call:0.56 put:0.44 | ATM:0.56 OTM:0.44 | lr: 1.50e-04 | left: 87s
step 08000 ( 63.9%) | loss: 0.776954 | trade:0.34 call:0.52 put:0.48 | ATM:0.68 OTM:0.32 | lr: 1.50e-04 | left: 87s
step 08050 ( 64.2%) | loss: 0.792849 | trade:0.39 call:0.61 put:0.39 | ATM:0.62 OTM:0.38 | lr: 1.50e-04 | left: 86s
step 08100 ( 64.5%) | loss: 0.760428 | trade:0.34 call:0.61 put:0.39 | ATM:0.69 OTM:0.31 | lr: 1.50e-04 | left: 85s
step 08150 ( 64.9%) | loss: 0.794209 | trade:0.36 call:0.57 put:0.43 | ATM:0.62 OTM:0.38 | lr: 1.50e-04 | left: 84s
step 08200 ( 65.3%) | loss: 0.783982 | trade:0.38 call:0.60 put:0.40 | ATM:0.63 OTM:0.37 | lr: 1.50e-04 | left: 83s
step 08250 ( 65.6%) | loss: 0.773523 | trade:0.43 call:0.61 put:0.39 | ATM:0.54 OTM:0.46 | lr: 1.50e-04 | left: 82s
step 08300 ( 66.0%) | loss: 0.794650 | trade:0.27 call:0.61 put:0.39 | ATM:0.65 OTM:0.35 | lr: 1.50e-04 | left: 82s
step 08350 ( 66.3%) | loss: 0.811196 | trade:0.38 call:0.61 put:0.39 | ATM:0.64 OTM:0.36 | lr: 1.50e-04 | left: 81s
step 08400 ( 66.6%) | loss: 0.763212 | trade:0.34 call:0.60 put:0.40 | ATM:0.68 OTM:0.32 | lr: 1.50e-04 | left: 80s
step 08450 ( 66.9%) | loss: 0.782486 | trade:0.35 call:0.53 put:0.47 | ATM:0.60 OTM:0.40 | lr: 1.50e-04 | left: 80s
step 08500 ( 67.3%) | loss: 0.779565 | trade:0.36 call:0.56 put:0.44 | ATM:0.62 OTM:0.38 | lr: 1.50e-04 | left: 78s
step 08550 ( 67.8%) | loss: 0.745922 | trade:0.35 call:0.65 put:0.35 | ATM:0.68 OTM:0.32 | lr: 1.50e-04 | left: 77s
step 08600 ( 68.4%) | loss: 0.745280 | trade:0.34 call:0.59 put:0.41 | ATM:0.62 OTM:0.38 | lr: 1.50e-04 | left: 76s
step 08650 ( 68.9%) | loss: 0.730708 | trade:0.33 call:0.57 put:0.43 | ATM:0.59 OTM:0.41 | lr: 1.50e-04 | left: 75s
step 08700 ( 69.4%) | loss: 0.751129 | trade:0.37 call:0.53 put:0.47 | ATM:0.62 OTM:0.38 | lr: 1.50e-04 | left: 73s
step 08750 ( 70.0%) | loss: 0.765459 | trade:0.35 call:0.55 put:0.45 | ATM:0.62 OTM:0.38 | lr: 1.50e-04 | left: 72s
step 08800 ( 70.3%) | loss: 0.763759 | trade:0.38 call:0.61 put:0.39 | ATM:0.65 OTM:0.35 | lr: 1.50e-04 | left: 71s
step 08850 ( 70.6%) | loss: 0.756154 | trade:0.31 call:0.57 put:0.43 | ATM:0.71 OTM:0.29 | lr: 1.50e-04 | left: 71s
step 08900 ( 70.9%) | loss: 0.785175 | trade:0.34 call:0.63 put:0.37 | ATM:0.61 OTM:0.39 | lr: 1.50e-04 | left: 70s
step 08950 ( 71.5%) | loss: 0.771997 | trade:0.40 call:0.64 put:0.36 | ATM:0.61 OTM:0.39 | lr: 1.49e-04 | left: 68s
step 09000 ( 72.0%) | loss: 0.729574 | trade:0.31 call:0.65 put:0.35 | ATM:0.66 OTM:0.34 | lr: 1.48e-04 | left: 67s
step 09050 ( 72.5%) | loss: 0.784054 | trade:0.42 call:0.56 put:0.44 | ATM:0.58 OTM:0.42 | lr: 1.47e-04 | left: 66s
step 09100 ( 73.0%) | loss: 0.797049 | trade:0.35 call:0.60 put:0.40 | ATM:0.67 OTM:0.33 | lr: 1.46e-04 | left: 65s
step 09150 ( 73.6%) | loss: 0.722848 | trade:0.30 call:0.61 put:0.39 | ATM:0.69 OTM:0.31 | lr: 1.45e-04 | left: 63s
step 09200 ( 74.0%) | loss: 0.772049 | trade:0.32 call:0.61 put:0.39 | ATM:0.70 OTM:0.30 | lr: 1.43e-04 | left: 62s
step 09250 ( 74.2%) | loss: 0.728561 | trade:0.34 call:0.58 put:0.42 | ATM:0.72 OTM:0.28 | lr: 1.43e-04 | left: 62s
step 09300 ( 74.7%) | loss: 0.746980 | trade:0.33 call:0.63 put:0.37 | ATM:0.65 OTM:0.35 | lr: 1.41e-04 | left: 61s
step 09350 ( 75.2%) | loss: 0.751198 | trade:0.35 call:0.62 put:0.38 | ATM:0.68 OTM:0.32 | lr: 1.39e-04 | left: 59s
step 09400 ( 75.8%) | loss: 0.778207 | trade:0.34 call:0.63 put:0.37 | ATM:0.69 OTM:0.31 | lr: 1.37e-04 | left: 58s
step 09450 ( 76.3%) | loss: 0.733186 | trade:0.36 call:0.57 put:0.43 | ATM:0.63 OTM:0.37 | lr: 1.34e-04 | left: 57s
step 09500 ( 76.8%) | loss: 0.753883 | trade:0.37 call:0.60 put:0.40 | ATM:0.64 OTM:0.36 | lr: 1.32e-04 | left: 56s
step 09550 ( 77.3%) | loss: 0.711567 | trade:0.36 call:0.63 put:0.37 | ATM:0.63 OTM:0.37 | lr: 1.29e-04 | left: 54s
step 09600 ( 77.9%) | loss: 0.781130 | trade:0.35 call:0.57 put:0.43 | ATM:0.57 OTM:0.43 | lr: 1.26e-04 | left: 53s
step 09650 ( 78.4%) | loss: 0.738091 | trade:0.40 call:0.58 put:0.42 | ATM:0.62 OTM:0.38 | lr: 1.23e-04 | left: 52s
step 09700 ( 78.9%) | loss: 0.745208 | trade:0.36 call:0.58 put:0.42 | ATM:0.64 OTM:0.36 | lr: 1.20e-04 | left: 51s
step 09750 ( 79.2%) | loss: 0.751871 | trade:0.30 call:0.59 put:0.41 | ATM:0.71 OTM:0.29 | lr: 1.18e-04 | left: 50s
step 09800 ( 79.5%) | loss: 0.713762 | trade:0.32 call:0.62 put:0.38 | ATM:0.66 OTM:0.34 | lr: 1.16e-04 | left: 49s
step 09850 ( 79.7%) | loss: 0.728397 | trade:0.36 call:0.50 put:0.50 | ATM:0.63 OTM:0.37 | lr: 1.14e-04 | left: 49s
step 09900 ( 80.0%) | loss: 0.769144 | trade:0.30 call:0.59 put:0.41 | ATM:0.69 OTM:0.31 | lr: 1.13e-04 | left: 48s
step 09950 ( 80.2%) | loss: 0.731453 | trade:0.33 call:0.60 put:0.40 | ATM:0.70 OTM:0.30 | lr: 1.11e-04 | left: 47s
step 10000 ( 80.5%) | loss: 0.753436 | trade:0.37 call:0.53 put:0.47 | ATM:0.67 OTM:0.33 | lr: 1.09e-04 | left: 47s
step 10050 ( 80.7%) | loss: 0.743834 | trade:0.34 call:0.61 put:0.39 | ATM:0.62 OTM:0.38 | lr: 1.08e-04 | left: 46s
step 10100 ( 80.9%) | loss: 0.731495 | trade:0.34 call:0.53 put:0.47 | ATM:0.66 OTM:0.34 | lr: 1.06e-04 | left: 46s
step 10150 ( 81.1%) | loss: 0.749559 | trade:0.35 call:0.60 put:0.40 | ATM:0.64 OTM:0.36 | lr: 1.04e-04 | left: 45s
step 10200 ( 81.3%) | loss: 0.727749 | trade:0.37 call:0.60 put:0.40 | ATM:0.64 OTM:0.36 | lr: 1.03e-04 | left: 45s
step 10250 ( 81.6%) | loss: 0.703277 | trade:0.36 call:0.56 put:0.44 | ATM:0.63 OTM:0.37 | lr: 1.01e-04 | left: 44s
step 10300 ( 81.8%) | loss: 0.737884 | trade:0.30 call:0.58 put:0.42 | ATM:0.66 OTM:0.34 | lr: 9.95e-05 | left: 44s
step 10350 ( 82.1%) | loss: 0.733205 | trade:0.34 call:0.60 put:0.40 | ATM:0.66 OTM:0.34 | lr: 9.78e-05 | left: 43s
step 10400 ( 82.3%) | loss: 0.734984 | trade:0.34 call:0.62 put:0.38 | ATM:0.64 OTM:0.36 | lr: 9.61e-05 | left: 43s
step 10450 ( 82.5%) | loss: 0.712389 | trade:0.31 call:0.64 put:0.36 | ATM:0.71 OTM:0.29 | lr: 9.45e-05 | left: 42s
step 10500 ( 82.7%) | loss: 0.779733 | trade:0.30 call:0.64 put:0.36 | ATM:0.67 OTM:0.33 | lr: 9.27e-05 | left: 41s
step 10550 ( 82.9%) | loss: 0.745375 | trade:0.32 call:0.58 put:0.42 | ATM:0.59 OTM:0.41 | lr: 9.11e-05 | left: 41s
step 10600 ( 83.2%) | loss: 0.731708 | trade:0.31 call:0.60 put:0.40 | ATM:0.71 OTM:0.29 | lr: 8.94e-05 | left: 40s
step 10650 ( 83.4%) | loss: 0.741544 | trade:0.30 call:0.57 put:0.43 | ATM:0.67 OTM:0.33 | lr: 8.76e-05 | left: 40s
step 10700 ( 83.6%) | loss: 0.756281 | trade:0.38 call:0.61 put:0.39 | ATM:0.63 OTM:0.37 | lr: 8.60e-05 | left: 39s
step 10750 ( 83.8%) | loss: 0.731080 | trade:0.33 call:0.53 put:0.47 | ATM:0.64 OTM:0.36 | lr: 8.44e-05 | left: 39s
step 10800 ( 84.0%) | loss: 0.747395 | trade:0.37 call:0.60 put:0.40 | ATM:0.63 OTM:0.37 | lr: 8.27e-05 | left: 38s
step 10850 ( 84.2%) | loss: 0.716917 | trade:0.41 call:0.55 put:0.45 | ATM:0.64 OTM:0.36 | lr: 8.10e-05 | left: 38s
step 10900 ( 84.5%) | loss: 0.701477 | trade:0.36 call:0.58 put:0.42 | ATM:0.67 OTM:0.33 | lr: 7.92e-05 | left: 37s
step 10950 ( 84.7%) | loss: 0.755663 | trade:0.38 call:0.64 put:0.36 | ATM:0.60 OTM:0.40 | lr: 7.70e-05 | left: 37s
step 11000 ( 85.0%) | loss: 0.725041 | trade:0.31 call:0.58 put:0.42 | ATM:0.65 OTM:0.35 | lr: 7.52e-05 | left: 36s
step 11050 ( 85.2%) | loss: 0.736412 | trade:0.28 call:0.62 put:0.38 | ATM:0.70 OTM:0.30 | lr: 7.34e-05 | left: 36s
step 11100 ( 85.5%) | loss: 0.734286 | trade:0.39 call:0.63 put:0.37 | ATM:0.61 OTM:0.39 | lr: 7.08e-05 | left: 35s
step 11150 ( 86.1%) | loss: 0.700361 | trade:0.35 call:0.56 put:0.44 | ATM:0.65 OTM:0.35 | lr: 6.67e-05 | left: 33s
step 11200 ( 86.6%) | loss: 0.725730 | trade:0.37 call:0.55 put:0.45 | ATM:0.62 OTM:0.38 | lr: 6.28e-05 | left: 32s
step 11250 ( 87.1%) | loss: 0.723285 | trade:0.30 call:0.58 put:0.42 | ATM:0.67 OTM:0.33 | lr: 5.87e-05 | left: 31s
step 11300 ( 87.6%) | loss: 0.714853 | trade:0.35 call:0.63 put:0.37 | ATM:0.65 OTM:0.35 | lr: 5.47e-05 | left: 30s
step 11350 ( 88.1%) | loss: 0.718821 | trade:0.39 call:0.58 put:0.42 | ATM:0.62 OTM:0.38 | lr: 5.07e-05 | left: 28s
step 11400 ( 88.7%) | loss: 0.728457 | trade:0.36 call:0.61 put:0.39 | ATM:0.63 OTM:0.37 | lr: 4.68e-05 | left: 27s
step 11450 ( 89.2%) | loss: 0.694040 | trade:0.32 call:0.61 put:0.39 | ATM:0.69 OTM:0.31 | lr: 4.30e-05 | left: 26s
step 11500 ( 89.7%) | loss: 0.706175 | trade:0.33 call:0.63 put:0.37 | ATM:0.67 OTM:0.33 | lr: 3.93e-05 | left: 25s
step 11550 ( 90.3%) | loss: 0.717049 | trade:0.32 call:0.59 put:0.41 | ATM:0.66 OTM:0.34 | lr: 3.57e-05 | left: 23s
step 11600 ( 90.8%) | loss: 0.727546 | trade:0.37 call:0.58 put:0.42 | ATM:0.65 OTM:0.35 | lr: 3.22e-05 | left: 22s
step 11650 ( 91.3%) | loss: 0.731200 | trade:0.36 call:0.55 put:0.45 | ATM:0.66 OTM:0.34 | lr: 2.89e-05 | left: 21s
step 11700 ( 91.9%) | loss: 0.726112 | trade:0.33 call:0.62 put:0.38 | ATM:0.71 OTM:0.29 | lr: 2.57e-05 | left: 20s
step 11750 ( 92.4%) | loss: 0.711993 | trade:0.34 call:0.62 put:0.38 | ATM:0.64 OTM:0.36 | lr: 2.27e-05 | left: 18s
step 11800 ( 92.9%) | loss: 0.699319 | trade:0.38 call:0.61 put:0.39 | ATM:0.67 OTM:0.33 | lr: 1.98e-05 | left: 17s
step 11850 ( 93.4%) | loss: 0.661921 | trade:0.36 call:0.63 put:0.37 | ATM:0.69 OTM:0.31 | lr: 1.71e-05 | left: 16s
step 11900 ( 94.0%) | loss: 0.741066 | trade:0.27 call:0.63 put:0.37 | ATM:0.71 OTM:0.29 | lr: 1.45e-05 | left: 14s
step 11950 ( 94.5%) | loss: 0.690507 | trade:0.34 call:0.57 put:0.43 | ATM:0.68 OTM:0.32 | lr: 1.21e-05 | left: 13s
step 12000 ( 95.0%) | loss: 0.701118 | trade:0.37 call:0.55 put:0.45 | ATM:0.64 OTM:0.36 | lr: 9.98e-06 | left: 12s
step 12050 ( 95.5%) | loss: 0.721242 | trade:0.35 call:0.60 put:0.40 | ATM:0.67 OTM:0.33 | lr: 8.04e-06 | left: 11s
step 12100 ( 96.1%) | loss: 0.664913 | trade:0.28 call:0.64 put:0.36 | ATM:0.66 OTM:0.34 | lr: 6.29e-06 | left: 9s
step 12150 ( 96.6%) | loss: 0.704918 | trade:0.34 call:0.62 put:0.38 | ATM:0.71 OTM:0.29 | lr: 4.73e-06 | left: 8s
step 12200 ( 97.1%) | loss: 0.734115 | trade:0.32 call:0.54 put:0.46 | ATM:0.69 OTM:0.31 | lr: 3.39e-06 | left: 7s
step 12250 ( 97.7%) | loss: 0.703430 | trade:0.32 call:0.61 put:0.39 | ATM:0.67 OTM:0.33 | lr: 2.26e-06 | left: 6s
step 12300 ( 98.2%) | loss: 0.691024 | trade:0.34 call:0.60 put:0.40 | ATM:0.66 OTM:0.34 | lr: 1.36e-06 | left: 4s
step 12350 ( 98.7%) | loss: 0.681056 | trade:0.30 call:0.65 put:0.35 | ATM:0.67 OTM:0.33 | lr: 6.83e-07 | left: 3s
step 12400 ( 99.2%) | loss: 0.689149 | trade:0.35 call:0.59 put:0.41 | ATM:0.66 OTM:0.34 | lr: 2.36e-07 | left: 2s
step 12450 ( 99.8%) | loss: 0.696041 | trade:0.37 call:0.63 put:0.37 | ATM:0.65 OTM:0.35 | lr: 2.28e-08 | left: 1s

Training done at 245s. Starting evaluation...
Evaluation done in 7s (total wall: 251s)
Model saved to /root/best_model.pt
Trade log: 94 trades -> /root/trade_log.csv

---
score:              2.719874
profit_factor:      2.237711
win_rate:           0.382979
avg_winner:         0.799023
avg_loser:          -0.221631
trades_per_day:     1.446154
max_consec_loss:    6
num_trades:         94
trade_sharpe:       3.263022
sortino:            29.806997
max_drawdown:       -5.073503
calmar:             3.135951
ev_per_trade:       0.169258
do_nothing_pct:     0.571076
exit_pct:           0.013453
model_exit_count:   60
cooldown_blocked:   149
pre_10am_blocked:   614
short_hold_pct:     0.202000
stop_loss_rate:     0.362000
direction_collapse_pct: 0.319100
avg_entry_cost_bps: 354.381700
avg_entry_quality:  0.744000
cost_realism_coverage: 1.010600
high_cost_entry_rate: 0.478700
low_quality_entry_rate: 0.000000
actionable_bar_rate: 0.829100
risk_off_bar_rate:  0.000000
final_capital:      12754.77
equity_sharpe:      1.329000
max_equity_dd:      -0.399400
total_dollar_return:0.275500
val_sharpe:         1.647647
total_return:       15.910253
num_val_bars:       4460
num_val_days:       65
worst_chunk_pf:     0.32
rr_ratio:           3.6052
avg_hold_bars:      12.22
model_exit_rate:    0.6383
hit_ruin:           False
min_equity_frac:    0.7383
avg_risk_fraction:  0.0960
max_risk_fraction:  0.3660
trades_blocked_by_balance: 0
  Chunk 1: 2025-02-18..2025-05-12 | 16 trades | PF=2.91 | WR=31.2%
  Chunk 2: 2025-05-14..2025-07-07 | 12 trades | PF=0.32 | WR=33.3%
  Chunk 3: 2025-07-18..2025-09-03 | 16 trades | PF=0.37 | WR=31.2%
  Chunk 4: 2025-09-09..2025-10-09 | 22 trades | PF=2.84 | WR=40.9%
  Chunk 5: 2025-10-31..2026-03-12 | 28 trades | PF=3.52 | WR=46.4%
training_seconds:   240.0
total_seconds:      253.5
peak_vram_mb:       357.0
num_steps:          12473
num_params:         146,265
lookback:           120
depth:              3
d_model:            64
effective_lr:       0.00015
gate_label_smoothing:0.050000
dir_label_smoothing:0.050000
false_entry_penalty:2.000000
/opt/conda/lib/python3.11/site-packages/torch/nn/modules/transformer.py:379: UserWarning: enable_nested_tensor is True, but self.use_nested_tensor is False because encoder_layer.norm_first was True
  warnings.warn(
