Loading data from: /root/.cache/autoresearch-trading/features/data.pt
Loaded 384870 1-min bars, 32 features, 8 actions
  ~986 trading days
Training:   up to idx 269189
Validation: idx 269190-384869
  Option P&L coverage: 297877/384870 (77%)
Parameters: 146,265
Architecture: v4 simplified two-head (gate+dir) + balanced strike gating + VIX regime robustness + temporal chunking + stop prevention + FULL STOPPED P&L CONSISTENCY + feature noise injection + cross-temporal consistency + EXTREME CONSERVATIVE GATE BIAS
Training from scratch (v4: no warm-start).

Budget: 240s | Batch: 128 | Lookback: 120
LR: 0.00015 | Depth: 3 | d_model: 64 | ff_mult: 3
Dropout: 0.15 | Weight decay: 0.05
False entry penalty: 3.5x
Label smoothing: gate=0.05 dir=0.05
Loss weights: gate=1.0, dir=1.0, pnl=0.3, exit=0.5
VIX regime weights: vix_regime=0.2, vix_consistency=0.1
Temporal robustness: temporal_chunk=0.5, cross_temporal=0.3
Stop prevention: stop_prevention=0.3
Feature noise injection: std=0.05
CRITICAL: Training exclusively on STOPPED P&L to align with evaluation reality
EXTREME CONSERVATIVE GATE BIAS: NO_TRADE=+1.5, TRADE=-1.5 for maximum selectivity
NEW: Cross-temporal consistency loss to address Chunk 1 (PF=0.22) weakness

step 00000 (  0.0%) | loss: 3.849279 | trade:0.05 call:0.45 put:0.55 | ATM:0.23 OTM:0.77 | lr: 0.00e+00 | left: 240s
step 00050 (  0.4%) | loss: 4.011329 | trade:0.05 call:0.46 put:0.54 | ATM:0.24 OTM:0.76 | lr: 6.59e-06 | left: 239s
step 00100 (  1.1%) | loss: 3.966090 | trade:0.05 call:0.46 put:0.54 | ATM:0.24 OTM:0.76 | lr: 1.65e-05 | left: 237s
step 00150 (  1.7%) | loss: 3.768960 | trade:0.07 call:0.46 put:0.54 | ATM:0.24 OTM:0.76 | lr: 2.62e-05 | left: 236s
step 00200 (  2.4%) | loss: 3.604894 | trade:0.09 call:0.49 put:0.51 | ATM:0.25 OTM:0.75 | lr: 3.59e-05 | left: 234s
step 00250 (  3.0%) | loss: 3.423072 | trade:0.13 call:0.51 put:0.49 | ATM:0.25 OTM:0.75 | lr: 4.56e-05 | left: 233s
step 00300 (  3.7%) | loss: 3.210666 | trade:0.19 call:0.53 put:0.47 | ATM:0.28 OTM:0.72 | lr: 5.48e-05 | left: 231s
step 00350 (  4.3%) | loss: 3.064386 | trade:0.26 call:0.54 put:0.46 | ATM:0.29 OTM:0.71 | lr: 6.45e-05 | left: 230s
step 00400 (  4.9%) | loss: 2.931660 | trade:0.34 call:0.54 put:0.46 | ATM:0.33 OTM:0.67 | lr: 7.42e-05 | left: 228s
step 00450 (  5.6%) | loss: 2.842092 | trade:0.35 call:0.54 put:0.46 | ATM:0.35 OTM:0.65 | lr: 8.38e-05 | left: 227s
step 00500 (  6.2%) | loss: 2.764542 | trade:0.34 call:0.54 put:0.46 | ATM:0.34 OTM:0.66 | lr: 9.35e-05 | left: 225s
step 00550 (  6.9%) | loss: 2.693683 | trade:0.34 call:0.55 put:0.45 | ATM:0.35 OTM:0.65 | lr: 1.03e-04 | left: 223s
step 00600 (  7.5%) | loss: 2.622895 | trade:0.38 call:0.55 put:0.45 | ATM:0.34 OTM:0.66 | lr: 1.13e-04 | left: 222s
step 00650 (  8.2%) | loss: 2.532551 | trade:0.39 call:0.53 put:0.47 | ATM:0.35 OTM:0.65 | lr: 1.22e-04 | left: 220s
step 00700 (  8.8%) | loss: 2.452311 | trade:0.37 call:0.55 put:0.45 | ATM:0.36 OTM:0.64 | lr: 1.32e-04 | left: 219s
step 00750 (  9.5%) | loss: 2.313047 | trade:0.38 call:0.55 put:0.45 | ATM:0.35 OTM:0.65 | lr: 1.42e-04 | left: 217s
step 00800 ( 10.1%) | loss: 2.203759 | trade:0.36 call:0.57 put:0.43 | ATM:0.39 OTM:0.61 | lr: 1.50e-04 | left: 216s
step 00850 ( 10.8%) | loss: 2.142575 | trade:0.38 call:0.59 put:0.41 | ATM:0.38 OTM:0.62 | lr: 1.50e-04 | left: 214s
step 00900 ( 11.5%) | loss: 2.008599 | trade:0.37 call:0.58 put:0.42 | ATM:0.39 OTM:0.61 | lr: 1.50e-04 | left: 212s
step 00950 ( 12.1%) | loss: 1.890220 | trade:0.36 call:0.57 put:0.43 | ATM:0.37 OTM:0.63 | lr: 1.50e-04 | left: 211s
step 01000 ( 12.8%) | loss: 1.862900 | trade:0.35 call:0.61 put:0.39 | ATM:0.43 OTM:0.57 | lr: 1.50e-04 | left: 209s
step 01050 ( 13.4%) | loss: 1.709470 | trade:0.36 call:0.66 put:0.34 | ATM:0.47 OTM:0.53 | lr: 1.50e-04 | left: 208s
step 01100 ( 14.0%) | loss: 1.620479 | trade:0.35 call:0.63 put:0.37 | ATM:0.41 OTM:0.59 | lr: 1.50e-04 | left: 206s
step 01150 ( 14.7%) | loss: 1.607561 | trade:0.37 call:0.61 put:0.39 | ATM:0.46 OTM:0.54 | lr: 1.50e-04 | left: 205s
step 01200 ( 15.3%) | loss: 1.541954 | trade:0.35 call:0.62 put:0.38 | ATM:0.49 OTM:0.51 | lr: 1.50e-04 | left: 203s
step 01250 ( 16.0%) | loss: 1.492876 | trade:0.37 call:0.63 put:0.37 | ATM:0.43 OTM:0.57 | lr: 1.50e-04 | left: 202s
step 01300 ( 16.6%) | loss: 1.473316 | trade:0.37 call:0.66 put:0.34 | ATM:0.45 OTM:0.55 | lr: 1.50e-04 | left: 200s
step 01350 ( 17.3%) | loss: 1.423100 | trade:0.35 call:0.61 put:0.39 | ATM:0.44 OTM:0.56 | lr: 1.50e-04 | left: 198s
step 01400 ( 17.9%) | loss: 1.338434 | trade:0.39 call:0.61 put:0.39 | ATM:0.42 OTM:0.58 | lr: 1.50e-04 | left: 197s
step 01450 ( 18.6%) | loss: 1.351976 | trade:0.34 call:0.64 put:0.36 | ATM:0.45 OTM:0.55 | lr: 1.50e-04 | left: 195s
step 01500 ( 19.3%) | loss: 1.296156 | trade:0.33 call:0.61 put:0.39 | ATM:0.48 OTM:0.52 | lr: 1.50e-04 | left: 194s
step 01550 ( 19.9%) | loss: 1.353014 | trade:0.35 call:0.64 put:0.36 | ATM:0.42 OTM:0.58 | lr: 1.50e-04 | left: 192s
step 01600 ( 20.6%) | loss: 1.277695 | trade:0.38 call:0.62 put:0.38 | ATM:0.45 OTM:0.55 | lr: 1.50e-04 | left: 190s
step 01650 ( 21.1%) | loss: 1.244275 | trade:0.34 call:0.63 put:0.37 | ATM:0.43 OTM:0.57 | lr: 1.50e-04 | left: 189s
step 01700 ( 21.8%) | loss: 1.241296 | trade:0.29 call:0.61 put:0.39 | ATM:0.47 OTM:0.53 | lr: 1.50e-04 | left: 188s
step 01750 ( 22.4%) | loss: 1.233399 | trade:0.37 call:0.65 put:0.35 | ATM:0.43 OTM:0.57 | lr: 1.50e-04 | left: 186s
step 01800 ( 23.1%) | loss: 1.207362 | trade:0.32 call:0.67 put:0.33 | ATM:0.44 OTM:0.56 | lr: 1.50e-04 | left: 185s
step 01850 ( 23.7%) | loss: 1.208543 | trade:0.35 call:0.65 put:0.35 | ATM:0.45 OTM:0.55 | lr: 1.50e-04 | left: 183s
step 01900 ( 24.4%) | loss: 1.188736 | trade:0.38 call:0.59 put:0.41 | ATM:0.49 OTM:0.51 | lr: 1.50e-04 | left: 181s
step 01950 ( 25.0%) | loss: 1.167172 | trade:0.31 call:0.68 put:0.32 | ATM:0.51 OTM:0.49 | lr: 1.50e-04 | left: 180s
step 02000 ( 25.7%) | loss: 1.204459 | trade:0.43 call:0.59 put:0.41 | ATM:0.48 OTM:0.52 | lr: 1.50e-04 | left: 178s
step 02050 ( 26.3%) | loss: 1.180908 | trade:0.36 call:0.58 put:0.42 | ATM:0.48 OTM:0.52 | lr: 1.50e-04 | left: 177s
step 02100 ( 27.0%) | loss: 1.131228 | trade:0.36 call:0.63 put:0.37 | ATM:0.49 OTM:0.51 | lr: 1.50e-04 | left: 175s
step 02150 ( 27.6%) | loss: 1.115225 | trade:0.41 call:0.65 put:0.35 | ATM:0.49 OTM:0.51 | lr: 1.50e-04 | left: 174s
step 02200 ( 28.3%) | loss: 1.081659 | trade:0.35 call:0.67 put:0.33 | ATM:0.50 OTM:0.50 | lr: 1.50e-04 | left: 172s
step 02250 ( 29.0%) | loss: 1.097053 | trade:0.40 call:0.63 put:0.37 | ATM:0.49 OTM:0.51 | lr: 1.50e-04 | left: 170s
step 02300 ( 29.6%) | loss: 1.146626 | trade:0.33 call:0.64 put:0.36 | ATM:0.53 OTM:0.47 | lr: 1.50e-04 | left: 169s
step 02350 ( 30.2%) | loss: 1.115697 | trade:0.36 call:0.66 put:0.34 | ATM:0.49 OTM:0.51 | lr: 1.50e-04 | left: 167s
step 02400 ( 30.9%) | loss: 1.068977 | trade:0.32 call:0.70 put:0.30 | ATM:0.54 OTM:0.46 | lr: 1.50e-04 | left: 166s
step 02450 ( 31.5%) | loss: 1.058835 | trade:0.34 call:0.65 put:0.35 | ATM:0.51 OTM:0.49 | lr: 1.50e-04 | left: 164s
step 02500 ( 32.2%) | loss: 1.080356 | trade:0.29 call:0.75 put:0.25 | ATM:0.57 OTM:0.43 | lr: 1.50e-04 | left: 163s
step 02550 ( 32.8%) | loss: 1.092228 | trade:0.36 call:0.69 put:0.31 | ATM:0.55 OTM:0.45 | lr: 1.50e-04 | left: 161s
step 02600 ( 33.5%) | loss: 1.042861 | trade:0.33 call:0.64 put:0.36 | ATM:0.51 OTM:0.49 | lr: 1.50e-04 | left: 160s
step 02650 ( 34.1%) | loss: 1.049386 | trade:0.32 call:0.65 put:0.35 | ATM:0.54 OTM:0.46 | lr: 1.50e-04 | left: 158s
step 02700 ( 34.8%) | loss: 1.051493 | trade:0.36 call:0.63 put:0.37 | ATM:0.52 OTM:0.48 | lr: 1.50e-04 | left: 156s
step 02750 ( 35.5%) | loss: 1.034864 | trade:0.38 call:0.64 put:0.36 | ATM:0.50 OTM:0.50 | lr: 1.50e-04 | left: 155s
step 02800 ( 36.1%) | loss: 1.034914 | trade:0.36 call:0.60 put:0.40 | ATM:0.52 OTM:0.48 | lr: 1.50e-04 | left: 153s
step 02850 ( 36.8%) | loss: 1.015527 | trade:0.36 call:0.57 put:0.43 | ATM:0.53 OTM:0.47 | lr: 1.50e-04 | left: 152s
step 02900 ( 37.4%) | loss: 1.026240 | trade:0.36 call:0.67 put:0.33 | ATM:0.52 OTM:0.48 | lr: 1.50e-04 | left: 150s
step 02950 ( 38.1%) | loss: 1.028596 | trade:0.30 call:0.64 put:0.36 | ATM:0.53 OTM:0.47 | lr: 1.50e-04 | left: 149s
step 03000 ( 38.7%) | loss: 1.037155 | trade:0.37 call:0.64 put:0.36 | ATM:0.55 OTM:0.45 | lr: 1.50e-04 | left: 147s
step 03050 ( 39.4%) | loss: 0.993664 | trade:0.34 call:0.66 put:0.34 | ATM:0.51 OTM:0.49 | lr: 1.50e-04 | left: 145s
step 03100 ( 40.0%) | loss: 1.006645 | trade:0.30 call:0.69 put:0.31 | ATM:0.59 OTM:0.41 | lr: 1.50e-04 | left: 144s
step 03150 ( 40.6%) | loss: 1.008122 | trade:0.34 call:0.63 put:0.37 | ATM:0.48 OTM:0.52 | lr: 1.50e-04 | left: 142s
step 03200 ( 41.3%) | loss: 0.989947 | trade:0.37 call:0.63 put:0.37 | ATM:0.54 OTM:0.46 | lr: 1.50e-04 | left: 141s
step 03250 ( 41.9%) | loss: 1.013732 | trade:0.35 call:0.62 put:0.38 | ATM:0.59 OTM:0.41 | lr: 1.50e-04 | left: 139s
step 03300 ( 42.6%) | loss: 0.965362 | trade:0.32 call:0.65 put:0.35 | ATM:0.55 OTM:0.45 | lr: 1.50e-04 | left: 138s
step 03350 ( 43.2%) | loss: 0.963162 | trade:0.36 call:0.60 put:0.40 | ATM:0.57 OTM:0.43 | lr: 1.50e-04 | left: 136s
step 03400 ( 43.8%) | loss: 0.991280 | trade:0.28 call:0.59 put:0.41 | ATM:0.57 OTM:0.43 | lr: 1.50e-04 | left: 135s
step 03450 ( 44.4%) | loss: 1.009172 | trade:0.35 call:0.70 put:0.30 | ATM:0.57 OTM:0.43 | lr: 1.50e-04 | left: 133s
step 03500 ( 45.1%) | loss: 0.939136 | trade:0.34 call:0.62 put:0.38 | ATM:0.50 OTM:0.50 | lr: 1.50e-04 | left: 132s
step 03550 ( 45.7%) | loss: 0.976136 | trade:0.33 call:0.65 put:0.35 | ATM:0.53 OTM:0.47 | lr: 1.50e-04 | left: 130s
step 03600 ( 46.4%) | loss: 0.970595 | trade:0.30 call:0.65 put:0.35 | ATM:0.54 OTM:0.46 | lr: 1.50e-04 | left: 129s
step 03650 ( 47.0%) | loss: 0.978813 | trade:0.31 call:0.66 put:0.34 | ATM:0.54 OTM:0.46 | lr: 1.50e-04 | left: 127s
step 03700 ( 47.6%) | loss: 0.985452 | trade:0.38 call:0.62 put:0.38 | ATM:0.54 OTM:0.46 | lr: 1.50e-04 | left: 126s
step 03750 ( 48.2%) | loss: 0.983621 | trade:0.31 call:0.64 put:0.36 | ATM:0.57 OTM:0.43 | lr: 1.50e-04 | left: 124s
step 03800 ( 48.9%) | loss: 0.963388 | trade:0.36 call:0.66 put:0.34 | ATM:0.50 OTM:0.50 | lr: 1.50e-04 | left: 123s
step 03850 ( 49.5%) | loss: 0.949259 | trade:0.39 call:0.59 put:0.41 | ATM:0.50 OTM:0.50 | lr: 1.50e-04 | left: 121s
step 03900 ( 50.1%) | loss: 0.990127 | trade:0.39 call:0.64 put:0.36 | ATM:0.50 OTM:0.50 | lr: 1.50e-04 | left: 120s
step 03950 ( 50.7%) | loss: 0.943149 | trade:0.39 call:0.63 put:0.37 | ATM:0.56 OTM:0.44 | lr: 1.50e-04 | left: 118s
step 04000 ( 51.4%) | loss: 0.979137 | trade:0.30 call:0.65 put:0.35 | ATM:0.57 OTM:0.43 | lr: 1.50e-04 | left: 117s
step 04050 ( 52.0%) | loss: 0.953013 | trade:0.29 call:0.70 put:0.30 | ATM:0.57 OTM:0.43 | lr: 1.50e-04 | left: 115s
step 04100 ( 52.7%) | loss: 0.973033 | trade:0.28 call:0.66 put:0.34 | ATM:0.60 OTM:0.40 | lr: 1.50e-04 | left: 114s
step 04150 ( 53.3%) | loss: 0.947548 | trade:0.31 call:0.67 put:0.33 | ATM:0.53 OTM:0.47 | lr: 1.50e-04 | left: 112s
step 04200 ( 53.9%) | loss: 0.962717 | trade:0.31 call:0.63 put:0.37 | ATM:0.57 OTM:0.43 | lr: 1.50e-04 | left: 111s
step 04250 ( 54.6%) | loss: 0.928239 | trade:0.37 call:0.63 put:0.37 | ATM:0.51 OTM:0.49 | lr: 1.50e-04 | left: 109s
step 04300 ( 55.2%) | loss: 0.929695 | trade:0.33 call:0.59 put:0.41 | ATM:0.58 OTM:0.42 | lr: 1.50e-04 | left: 107s
step 04350 ( 55.9%) | loss: 0.941704 | trade:0.39 call:0.58 put:0.42 | ATM:0.58 OTM:0.42 | lr: 1.50e-04 | left: 106s
step 04400 ( 56.2%) | loss: 0.937450 | trade:0.29 call:0.62 put:0.38 | ATM:0.60 OTM:0.40 | lr: 1.50e-04 | left: 105s
step 04450 ( 56.6%) | loss: 0.930588 | trade:0.39 call:0.65 put:0.35 | ATM:0.52 OTM:0.48 | lr: 1.50e-04 | left: 104s
step 04500 ( 57.2%) | loss: 0.928947 | trade:0.29 call:0.64 put:0.36 | ATM:0.59 OTM:0.41 | lr: 1.50e-04 | left: 103s
step 04550 ( 57.8%) | loss: 0.940808 | trade:0.41 call:0.64 put:0.36 | ATM:0.53 OTM:0.47 | lr: 1.50e-04 | left: 101s
step 04600 ( 58.5%) | loss: 0.971416 | trade:0.33 call:0.64 put:0.36 | ATM:0.61 OTM:0.39 | lr: 1.50e-04 | left: 100s
step 04650 ( 59.1%) | loss: 0.944996 | trade:0.35 call:0.59 put:0.41 | ATM:0.60 OTM:0.40 | lr: 1.50e-04 | left: 98s
step 04700 ( 59.7%) | loss: 0.934112 | trade:0.40 call:0.62 put:0.38 | ATM:0.52 OTM:0.48 | lr: 1.50e-04 | left: 97s
step 04750 ( 60.3%) | loss: 0.946534 | trade:0.39 call:0.64 put:0.36 | ATM:0.52 OTM:0.48 | lr: 1.50e-04 | left: 95s
step 04800 ( 60.6%) | loss: 0.887853 | trade:0.37 call:0.65 put:0.35 | ATM:0.56 OTM:0.44 | lr: 1.50e-04 | left: 94s
step 04850 ( 61.2%) | loss: 0.926391 | trade:0.31 call:0.65 put:0.35 | ATM:0.60 OTM:0.40 | lr: 1.50e-04 | left: 93s
step 04900 ( 61.8%) | loss: 0.886241 | trade:0.31 call:0.65 put:0.35 | ATM:0.60 OTM:0.40 | lr: 1.50e-04 | left: 92s
step 04950 ( 62.5%) | loss: 0.927992 | trade:0.33 call:0.65 put:0.35 | ATM:0.54 OTM:0.46 | lr: 1.50e-04 | left: 90s
step 05000 ( 63.1%) | loss: 0.907210 | trade:0.36 call:0.64 put:0.36 | ATM:0.57 OTM:0.43 | lr: 1.50e-04 | left: 88s
step 05050 ( 63.8%) | loss: 0.907176 | trade:0.34 call:0.64 put:0.36 | ATM:0.56 OTM:0.44 | lr: 1.50e-04 | left: 87s
step 05100 ( 64.4%) | loss: 0.929115 | trade:0.38 call:0.64 put:0.36 | ATM:0.58 OTM:0.42 | lr: 1.50e-04 | left: 85s
step 05150 ( 65.1%) | loss: 0.915506 | trade:0.32 call:0.60 put:0.40 | ATM:0.63 OTM:0.37 | lr: 1.50e-04 | left: 84s
step 05200 ( 65.7%) | loss: 0.916248 | trade:0.42 call:0.64 put:0.36 | ATM:0.55 OTM:0.45 | lr: 1.50e-04 | left: 82s
step 05250 ( 66.3%) | loss: 0.911955 | trade:0.33 call:0.67 put:0.33 | ATM:0.59 OTM:0.41 | lr: 1.50e-04 | left: 81s
step 05300 ( 66.9%) | loss: 0.908308 | trade:0.39 call:0.63 put:0.37 | ATM:0.56 OTM:0.44 | lr: 1.50e-04 | left: 79s
step 05350 ( 67.6%) | loss: 0.919693 | trade:0.38 call:0.62 put:0.38 | ATM:0.59 OTM:0.41 | lr: 1.50e-04 | left: 78s
step 05400 ( 68.2%) | loss: 0.884715 | trade:0.34 call:0.63 put:0.37 | ATM:0.58 OTM:0.42 | lr: 1.50e-04 | left: 76s
step 05450 ( 68.8%) | loss: 0.890055 | trade:0.35 call:0.64 put:0.36 | ATM:0.60 OTM:0.40 | lr: 1.50e-04 | left: 75s
step 05500 ( 69.5%) | loss: 0.904239 | trade:0.35 call:0.61 put:0.39 | ATM:0.61 OTM:0.39 | lr: 1.50e-04 | left: 73s
step 05550 ( 70.2%) | loss: 0.917912 | trade:0.33 call:0.66 put:0.34 | ATM:0.58 OTM:0.42 | lr: 1.50e-04 | left: 72s
step 05600 ( 70.8%) | loss: 0.888998 | trade:0.35 call:0.60 put:0.40 | ATM:0.57 OTM:0.43 | lr: 1.50e-04 | left: 70s
step 05650 ( 71.5%) | loss: 0.885986 | trade:0.39 call:0.61 put:0.39 | ATM:0.54 OTM:0.46 | lr: 1.49e-04 | left: 68s
step 05700 ( 72.2%) | loss: 0.901631 | trade:0.33 call:0.62 put:0.38 | ATM:0.62 OTM:0.38 | lr: 1.48e-04 | left: 67s
step 05750 ( 72.8%) | loss: 0.895933 | trade:0.35 call:0.64 put:0.36 | ATM:0.65 OTM:0.35 | lr: 1.47e-04 | left: 65s
step 05800 ( 73.5%) | loss: 0.882974 | trade:0.32 call:0.60 put:0.40 | ATM:0.58 OTM:0.42 | lr: 1.45e-04 | left: 64s
step 05850 ( 74.2%) | loss: 0.847614 | trade:0.32 call:0.65 put:0.35 | ATM:0.63 OTM:0.37 | lr: 1.43e-04 | left: 62s
step 05900 ( 74.8%) | loss: 0.827100 | trade:0.35 call:0.66 put:0.34 | ATM:0.65 OTM:0.35 | lr: 1.41e-04 | left: 60s
step 05950 ( 75.5%) | loss: 0.929337 | trade:0.37 call:0.65 put:0.35 | ATM:0.60 OTM:0.40 | lr: 1.38e-04 | left: 59s
step 06000 ( 76.1%) | loss: 0.843965 | trade:0.33 call:0.66 put:0.34 | ATM:0.63 OTM:0.37 | lr: 1.35e-04 | left: 57s
step 06050 ( 76.8%) | loss: 0.889830 | trade:0.36 call:0.63 put:0.37 | ATM:0.59 OTM:0.41 | lr: 1.32e-04 | left: 56s
step 06100 ( 77.5%) | loss: 0.862222 | trade:0.34 call:0.55 put:0.45 | ATM:0.57 OTM:0.43 | lr: 1.28e-04 | left: 54s
step 06150 ( 78.1%) | loss: 0.843063 | trade:0.37 call:0.58 put:0.42 | ATM:0.61 OTM:0.39 | lr: 1.24e-04 | left: 52s
step 06200 ( 78.8%) | loss: 0.852294 | trade:0.34 call:0.58 put:0.42 | ATM:0.63 OTM:0.37 | lr: 1.20e-04 | left: 51s
step 06250 ( 79.5%) | loss: 0.827323 | trade:0.37 call:0.65 put:0.35 | ATM:0.58 OTM:0.42 | lr: 1.16e-04 | left: 49s
step 06300 ( 80.1%) | loss: 0.889836 | trade:0.32 call:0.67 put:0.33 | ATM:0.59 OTM:0.41 | lr: 1.12e-04 | left: 48s
step 06350 ( 80.8%) | loss: 0.850477 | trade:0.34 call:0.61 put:0.39 | ATM:0.59 OTM:0.41 | lr: 1.07e-04 | left: 46s
step 06400 ( 81.5%) | loss: 0.902400 | trade:0.34 call:0.64 put:0.36 | ATM:0.63 OTM:0.37 | lr: 1.02e-04 | left: 44s
step 06450 ( 82.1%) | loss: 0.847672 | trade:0.41 call:0.63 put:0.37 | ATM:0.59 OTM:0.41 | lr: 9.75e-05 | left: 43s
step 06500 ( 82.7%) | loss: 0.867774 | trade:0.27 call:0.63 put:0.37 | ATM:0.65 OTM:0.35 | lr: 9.26e-05 | left: 41s
step 06550 ( 83.4%) | loss: 0.873812 | trade:0.34 call:0.60 put:0.40 | ATM:0.63 OTM:0.37 | lr: 8.77e-05 | left: 40s
step 06600 ( 84.0%) | loss: 0.861033 | trade:0.31 call:0.65 put:0.35 | ATM:0.66 OTM:0.34 | lr: 8.27e-05 | left: 38s
step 06650 ( 84.7%) | loss: 0.816110 | trade:0.33 call:0.66 put:0.34 | ATM:0.63 OTM:0.37 | lr: 7.75e-05 | left: 37s
step 06700 ( 85.3%) | loss: 0.857905 | trade:0.34 call:0.60 put:0.40 | ATM:0.61 OTM:0.39 | lr: 7.25e-05 | left: 35s
step 06750 ( 86.0%) | loss: 0.860819 | trade:0.27 call:0.62 put:0.38 | ATM:0.63 OTM:0.37 | lr: 6.74e-05 | left: 34s
step 06800 ( 86.6%) | loss: 0.874599 | trade:0.38 call:0.57 put:0.43 | ATM:0.61 OTM:0.39 | lr: 6.22e-05 | left: 32s
step 06850 ( 87.2%) | loss: 0.824805 | trade:0.32 call:0.60 put:0.40 | ATM:0.65 OTM:0.35 | lr: 5.81e-05 | left: 31s
step 06900 ( 87.8%) | loss: 0.859520 | trade:0.28 call:0.60 put:0.40 | ATM:0.69 OTM:0.31 | lr: 5.34e-05 | left: 29s
step 06950 ( 88.4%) | loss: 0.851501 | trade:0.27 call:0.63 put:0.37 | ATM:0.64 OTM:0.36 | lr: 4.86e-05 | left: 28s
step 07000 ( 89.1%) | loss: 0.837451 | trade:0.35 call:0.61 put:0.39 | ATM:0.62 OTM:0.38 | lr: 4.39e-05 | left: 26s
step 07050 ( 89.7%) | loss: 0.855413 | trade:0.35 call:0.65 put:0.35 | ATM:0.60 OTM:0.40 | lr: 3.94e-05 | left: 25s
step 07100 ( 90.4%) | loss: 0.845689 | trade:0.34 call:0.69 put:0.31 | ATM:0.58 OTM:0.42 | lr: 3.50e-05 | left: 23s
step 07150 ( 91.0%) | loss: 0.840872 | trade:0.30 call:0.64 put:0.36 | ATM:0.62 OTM:0.38 | lr: 3.08e-05 | left: 22s
step 07200 ( 91.6%) | loss: 0.878612 | trade:0.27 call:0.64 put:0.36 | ATM:0.68 OTM:0.32 | lr: 2.69e-05 | left: 20s
step 07250 ( 92.3%) | loss: 0.811411 | trade:0.37 call:0.59 put:0.41 | ATM:0.60 OTM:0.40 | lr: 2.32e-05 | left: 18s
step 07300 ( 92.9%) | loss: 0.852008 | trade:0.28 call:0.66 put:0.34 | ATM:0.68 OTM:0.32 | lr: 1.97e-05 | left: 17s
step 07350 ( 93.5%) | loss: 0.886820 | trade:0.36 call:0.65 put:0.35 | ATM:0.57 OTM:0.43 | lr: 1.65e-05 | left: 15s
step 07400 ( 94.2%) | loss: 0.799765 | trade:0.35 call:0.63 put:0.37 | ATM:0.61 OTM:0.39 | lr: 1.35e-05 | left: 14s
step 07450 ( 94.8%) | loss: 0.831990 | trade:0.32 call:0.61 put:0.39 | ATM:0.62 OTM:0.38 | lr: 1.07e-05 | left: 12s
step 07500 ( 95.5%) | loss: 0.892250 | trade:0.39 call:0.60 put:0.40 | ATM:0.67 OTM:0.33 | lr: 8.29e-06 | left: 11s
step 07550 ( 96.1%) | loss: 0.802555 | trade:0.36 call:0.58 put:0.42 | ATM:0.57 OTM:0.43 | lr: 6.14e-06 | left: 9s
step 07600 ( 96.8%) | loss: 0.845095 | trade:0.32 call:0.55 put:0.45 | ATM:0.63 OTM:0.37 | lr: 4.30e-06 | left: 8s
step 07650 ( 97.4%) | loss: 0.844317 | trade:0.36 call:0.65 put:0.35 | ATM:0.58 OTM:0.42 | lr: 2.78e-06 | left: 6s
step 07700 ( 98.0%) | loss: 0.807698 | trade:0.30 call:0.65 put:0.35 | ATM:0.62 OTM:0.38 | lr: 1.58e-06 | left: 5s
step 07750 ( 98.6%) | loss: 0.871301 | trade:0.34 call:0.59 put:0.41 | ATM:0.62 OTM:0.38 | lr: 7.54e-07 | left: 3s
step 07800 ( 99.3%) | loss: 0.815606 | trade:0.34 call:0.63 put:0.37 | ATM:0.57 OTM:0.43 | lr: 2.08e-07 | left: 2s
step 07850 ( 99.9%) | loss: 0.810782 | trade:0.31 call:0.61 put:0.39 | ATM:0.67 OTM:0.33 | lr: 2.04e-09 | left: 0s

Training done at 244s. Starting evaluation...
Evaluation done in 8s (total wall: 251s)
Model saved to /root/best_model.pt
Trade log: 126 trades -> /root/trade_log.csv

---
score:              1.436536
profit_factor:      2.668156
win_rate:           0.380952
avg_winner:         0.812292
avg_loser:          -0.187347
trades_per_day:     1.880597
max_consec_loss:    7
num_trades:         126
trade_sharpe:       4.013545
sortino:            38.218801
max_drawdown:       -2.550370
calmar:             9.558194
ev_per_trade:       0.193468
do_nothing_pct:     0.571153
exit_pct:           0.018646
model_exit_count:   87
cooldown_blocked:   165
pre_10am_blocked:   716
short_hold_pct:     0.310000
stop_loss_rate:     0.286000
direction_collapse_pct: 0.460300
avg_entry_cost_bps: 398.420600
avg_entry_quality:  0.716300
cost_realism_coverage: 1.000000
high_cost_entry_rate: 0.531700
low_quality_entry_rate: 0.000000
actionable_bar_rate: 0.803300
risk_off_bar_rate:  0.000000
final_capital:      16764.60
equity_sharpe:      2.332200
max_equity_dd:      -0.176400
total_dollar_return:0.676500
val_sharpe:         -35.934828
total_return:       24.376931
num_val_bars:       4666
num_val_days:       67
worst_chunk_pf:     1.83
rr_ratio:           4.3358
avg_hold_bars:      8.89
model_exit_rate:    0.6905
hit_ruin:           False
min_equity_frac:    0.9330
avg_risk_fraction:  0.0760
max_risk_fraction:  0.2411
trades_blocked_by_balance: 0
  Chunk 1: 2025-02-18..2025-05-14 | 28 trades | PF=2.81 | WR=46.4%
  Chunk 2: 2025-05-28..2025-08-01 | 18 trades | PF=2.24 | WR=22.2%
  Chunk 3: 2025-08-29..2025-10-02 | 23 trades | PF=3.47 | WR=39.1%
  Chunk 4: 2025-10-09..2025-12-02 | 26 trades | PF=2.80 | WR=38.5%
  Chunk 5: 2025-12-04..2026-03-16 | 31 trades | PF=1.83 | WR=38.7%
training_seconds:   240.0
total_seconds:      253.6
peak_vram_mb:       366.9
num_steps:          7856
num_params:         146,265
lookback:           120
depth:              3
d_model:            64
effective_lr:       0.00015
gate_label_smoothing:0.050000
dir_label_smoothing:0.050000
false_entry_penalty:3.500000
feature_noise_std:  0.050000
/opt/conda/lib/python3.11/site-packages/torch/nn/modules/transformer.py:379: UserWarning: enable_nested_tensor is True, but self.use_nested_tensor is False because encoder_layer.norm_first was True
  warnings.warn(
