Loading data from: /root/.cache/autoresearch-trading/features/data.pt
Loaded 382920 1-min bars, 32 features, 8 actions
  ~981 trading days
Training:   up to idx 268019
Validation: idx 268020-382919
  Option P&L coverage: 296720/382920 (77%)
Parameters: 146,265
Architecture: v4 simplified two-head (gate+dir) + balanced strike gating
Training from scratch (v4: no warm-start).

Budget: 240s | Batch: 128 | Lookback: 120
LR: 0.00015 | Depth: 3 | d_model: 64 | ff_mult: 3
Dropout: 0.15 | Weight decay: 0.05
False entry penalty: 2.0x
Label smoothing: gate=0.05 dir=0.05

step 00000 (  0.0%) | loss: 3.064983 | trade:0.27 call:0.49 put:0.51 | ATM:0.25 OTM:0.75 | lr: 0.00e+00 | left: 240s
step 00050 (  0.4%) | loss: 3.177967 | trade:0.27 call:0.49 put:0.51 | ATM:0.26 OTM:0.74 | lr: 5.37e-06 | left: 239s
step 00100 (  0.9%) | loss: 3.121113 | trade:0.29 call:0.48 put:0.52 | ATM:0.26 OTM:0.74 | lr: 1.33e-05 | left: 238s
step 00150 (  1.4%) | loss: 3.078000 | trade:0.32 call:0.50 put:0.50 | ATM:0.27 OTM:0.73 | lr: 2.12e-05 | left: 237s
step 00200 (  1.9%) | loss: 3.023637 | trade:0.36 call:0.50 put:0.50 | ATM:0.28 OTM:0.72 | lr: 2.91e-05 | left: 235s
step 00250 (  2.5%) | loss: 2.943537 | trade:0.39 call:0.51 put:0.49 | ATM:0.30 OTM:0.70 | lr: 3.69e-05 | left: 234s
step 00300 (  3.0%) | loss: 2.897829 | trade:0.42 call:0.52 put:0.48 | ATM:0.32 OTM:0.68 | lr: 4.48e-05 | left: 233s
step 00350 (  3.5%) | loss: 2.887643 | trade:0.44 call:0.53 put:0.47 | ATM:0.34 OTM:0.66 | lr: 5.27e-05 | left: 232s
step 00400 (  4.0%) | loss: 2.820010 | trade:0.44 call:0.54 put:0.46 | ATM:0.35 OTM:0.65 | lr: 6.06e-05 | left: 230s
step 00450 (  4.6%) | loss: 2.770767 | trade:0.42 call:0.55 put:0.45 | ATM:0.36 OTM:0.64 | lr: 6.86e-05 | left: 229s
step 00500 (  5.1%) | loss: 2.747498 | trade:0.44 call:0.56 put:0.44 | ATM:0.36 OTM:0.64 | lr: 7.65e-05 | left: 228s
step 00550 (  5.6%) | loss: 2.706133 | trade:0.43 call:0.56 put:0.44 | ATM:0.37 OTM:0.63 | lr: 8.44e-05 | left: 226s
step 00600 (  6.2%) | loss: 2.642333 | trade:0.42 call:0.57 put:0.43 | ATM:0.37 OTM:0.63 | lr: 9.23e-05 | left: 225s
step 00650 (  6.7%) | loss: 2.578541 | trade:0.44 call:0.58 put:0.42 | ATM:0.37 OTM:0.63 | lr: 1.00e-04 | left: 224s
step 00700 (  7.2%) | loss: 2.482321 | trade:0.41 call:0.59 put:0.41 | ATM:0.37 OTM:0.63 | lr: 1.08e-04 | left: 223s
step 00750 (  7.6%) | loss: 2.416694 | trade:0.41 call:0.61 put:0.39 | ATM:0.41 OTM:0.59 | lr: 1.15e-04 | left: 222s
step 00800 (  8.2%) | loss: 2.325701 | trade:0.42 call:0.55 put:0.45 | ATM:0.39 OTM:0.61 | lr: 1.23e-04 | left: 220s
step 00850 (  8.7%) | loss: 2.265239 | trade:0.43 call:0.61 put:0.39 | ATM:0.38 OTM:0.62 | lr: 1.31e-04 | left: 219s
step 00900 (  9.2%) | loss: 2.166216 | trade:0.43 call:0.59 put:0.41 | ATM:0.37 OTM:0.63 | lr: 1.39e-04 | left: 218s
step 00950 (  9.8%) | loss: 2.067399 | trade:0.40 call:0.62 put:0.38 | ATM:0.41 OTM:0.59 | lr: 1.47e-04 | left: 217s
step 01000 ( 10.3%) | loss: 1.963754 | trade:0.41 call:0.65 put:0.35 | ATM:0.43 OTM:0.57 | lr: 1.50e-04 | left: 215s
step 01050 ( 10.8%) | loss: 1.875947 | trade:0.40 call:0.66 put:0.34 | ATM:0.44 OTM:0.56 | lr: 1.50e-04 | left: 214s
step 01100 ( 11.4%) | loss: 1.811179 | trade:0.42 call:0.64 put:0.36 | ATM:0.44 OTM:0.56 | lr: 1.50e-04 | left: 213s
step 01150 ( 11.9%) | loss: 1.713054 | trade:0.38 call:0.62 put:0.38 | ATM:0.45 OTM:0.55 | lr: 1.50e-04 | left: 211s
step 01200 ( 12.4%) | loss: 1.685169 | trade:0.42 call:0.64 put:0.36 | ATM:0.38 OTM:0.62 | lr: 1.50e-04 | left: 210s
step 01250 ( 13.0%) | loss: 1.590670 | trade:0.40 call:0.63 put:0.37 | ATM:0.46 OTM:0.54 | lr: 1.50e-04 | left: 209s
step 01300 ( 13.5%) | loss: 1.563447 | trade:0.34 call:0.67 put:0.33 | ATM:0.44 OTM:0.56 | lr: 1.50e-04 | left: 208s
step 01350 ( 14.0%) | loss: 1.501193 | trade:0.36 call:0.56 put:0.44 | ATM:0.44 OTM:0.56 | lr: 1.50e-04 | left: 206s
step 01400 ( 14.6%) | loss: 1.495376 | trade:0.42 call:0.60 put:0.40 | ATM:0.48 OTM:0.52 | lr: 1.50e-04 | left: 205s
step 01450 ( 15.0%) | loss: 1.502340 | trade:0.35 call:0.70 put:0.30 | ATM:0.48 OTM:0.52 | lr: 1.50e-04 | left: 204s
step 01500 ( 15.5%) | loss: 1.478427 | trade:0.42 call:0.61 put:0.39 | ATM:0.47 OTM:0.53 | lr: 1.50e-04 | left: 203s
step 01550 ( 16.1%) | loss: 1.411761 | trade:0.36 call:0.67 put:0.33 | ATM:0.47 OTM:0.53 | lr: 1.50e-04 | left: 201s
step 01600 ( 16.6%) | loss: 1.406653 | trade:0.40 call:0.60 put:0.40 | ATM:0.45 OTM:0.55 | lr: 1.50e-04 | left: 200s
step 01650 ( 17.1%) | loss: 1.412273 | trade:0.42 call:0.63 put:0.37 | ATM:0.49 OTM:0.51 | lr: 1.50e-04 | left: 199s
step 01700 ( 17.6%) | loss: 1.375068 | trade:0.33 call:0.64 put:0.36 | ATM:0.50 OTM:0.50 | lr: 1.50e-04 | left: 198s
step 01750 ( 18.2%) | loss: 1.330223 | trade:0.37 call:0.62 put:0.38 | ATM:0.53 OTM:0.47 | lr: 1.50e-04 | left: 196s
step 01800 ( 18.7%) | loss: 1.367606 | trade:0.32 call:0.62 put:0.38 | ATM:0.49 OTM:0.51 | lr: 1.50e-04 | left: 195s
step 01850 ( 19.2%) | loss: 1.346889 | trade:0.39 call:0.63 put:0.37 | ATM:0.50 OTM:0.50 | lr: 1.50e-04 | left: 194s
step 01900 ( 19.7%) | loss: 1.316465 | trade:0.39 call:0.60 put:0.40 | ATM:0.51 OTM:0.49 | lr: 1.50e-04 | left: 193s
step 01950 ( 20.3%) | loss: 1.321779 | trade:0.33 call:0.57 put:0.43 | ATM:0.49 OTM:0.51 | lr: 1.50e-04 | left: 191s
step 02000 ( 20.8%) | loss: 1.281226 | trade:0.32 call:0.65 put:0.35 | ATM:0.52 OTM:0.48 | lr: 1.50e-04 | left: 190s
step 02050 ( 21.3%) | loss: 1.326312 | trade:0.37 call:0.66 put:0.34 | ATM:0.50 OTM:0.50 | lr: 1.50e-04 | left: 189s
step 02100 ( 21.9%) | loss: 1.286809 | trade:0.35 call:0.62 put:0.38 | ATM:0.48 OTM:0.52 | lr: 1.50e-04 | left: 188s
step 02150 ( 22.4%) | loss: 1.298947 | trade:0.36 call:0.60 put:0.40 | ATM:0.49 OTM:0.51 | lr: 1.50e-04 | left: 186s
step 02200 ( 22.9%) | loss: 1.282023 | trade:0.39 call:0.61 put:0.39 | ATM:0.45 OTM:0.55 | lr: 1.50e-04 | left: 185s
step 02250 ( 23.4%) | loss: 1.256502 | trade:0.37 call:0.64 put:0.36 | ATM:0.56 OTM:0.44 | lr: 1.50e-04 | left: 184s
step 02300 ( 24.0%) | loss: 1.249028 | trade:0.34 call:0.58 put:0.42 | ATM:0.52 OTM:0.48 | lr: 1.50e-04 | left: 182s
step 02350 ( 24.5%) | loss: 1.246366 | trade:0.34 call:0.71 put:0.29 | ATM:0.56 OTM:0.44 | lr: 1.50e-04 | left: 181s
step 02400 ( 25.0%) | loss: 1.241957 | trade:0.33 call:0.70 put:0.30 | ATM:0.42 OTM:0.58 | lr: 1.50e-04 | left: 180s
step 02450 ( 25.5%) | loss: 1.259984 | trade:0.40 call:0.66 put:0.34 | ATM:0.49 OTM:0.51 | lr: 1.50e-04 | left: 179s
step 02500 ( 26.1%) | loss: 1.248485 | trade:0.38 call:0.58 put:0.42 | ATM:0.51 OTM:0.49 | lr: 1.50e-04 | left: 177s
step 02550 ( 26.6%) | loss: 1.242097 | trade:0.34 call:0.61 put:0.39 | ATM:0.52 OTM:0.48 | lr: 1.50e-04 | left: 176s
step 02600 ( 27.1%) | loss: 1.240717 | trade:0.34 call:0.56 put:0.44 | ATM:0.51 OTM:0.49 | lr: 1.50e-04 | left: 175s
step 02650 ( 27.6%) | loss: 1.218786 | trade:0.37 call:0.62 put:0.38 | ATM:0.54 OTM:0.46 | lr: 1.50e-04 | left: 174s
step 02700 ( 28.2%) | loss: 1.251965 | trade:0.32 call:0.62 put:0.38 | ATM:0.52 OTM:0.48 | lr: 1.50e-04 | left: 172s
step 02750 ( 28.7%) | loss: 1.240540 | trade:0.36 call:0.57 put:0.43 | ATM:0.51 OTM:0.49 | lr: 1.50e-04 | left: 171s
step 02800 ( 29.2%) | loss: 1.228174 | trade:0.36 call:0.60 put:0.40 | ATM:0.55 OTM:0.45 | lr: 1.50e-04 | left: 170s
step 02850 ( 29.8%) | loss: 1.179347 | trade:0.30 call:0.64 put:0.36 | ATM:0.59 OTM:0.41 | lr: 1.50e-04 | left: 169s
step 02900 ( 30.3%) | loss: 1.190990 | trade:0.38 call:0.62 put:0.38 | ATM:0.53 OTM:0.47 | lr: 1.50e-04 | left: 167s
step 02950 ( 30.8%) | loss: 1.203147 | trade:0.36 call:0.61 put:0.39 | ATM:0.55 OTM:0.45 | lr: 1.50e-04 | left: 166s
step 03000 ( 31.3%) | loss: 1.200838 | trade:0.38 call:0.57 put:0.43 | ATM:0.54 OTM:0.46 | lr: 1.50e-04 | left: 165s
step 03050 ( 31.9%) | loss: 1.174405 | trade:0.36 call:0.66 put:0.34 | ATM:0.56 OTM:0.44 | lr: 1.50e-04 | left: 164s
step 03100 ( 32.4%) | loss: 1.178491 | trade:0.39 call:0.67 put:0.33 | ATM:0.58 OTM:0.42 | lr: 1.50e-04 | left: 162s
step 03150 ( 32.9%) | loss: 1.174065 | trade:0.36 call:0.59 put:0.41 | ATM:0.52 OTM:0.48 | lr: 1.50e-04 | left: 161s
step 03200 ( 33.4%) | loss: 1.197605 | trade:0.35 call:0.63 put:0.37 | ATM:0.52 OTM:0.48 | lr: 1.50e-04 | left: 160s
step 03250 ( 33.9%) | loss: 1.189755 | trade:0.30 call:0.59 put:0.41 | ATM:0.59 OTM:0.41 | lr: 1.50e-04 | left: 159s
step 03300 ( 34.5%) | loss: 1.186684 | trade:0.36 call:0.65 put:0.35 | ATM:0.56 OTM:0.44 | lr: 1.50e-04 | left: 157s
step 03350 ( 35.0%) | loss: 1.176041 | trade:0.30 call:0.59 put:0.41 | ATM:0.59 OTM:0.41 | lr: 1.50e-04 | left: 156s
step 03400 ( 35.5%) | loss: 1.166121 | trade:0.37 call:0.60 put:0.40 | ATM:0.56 OTM:0.44 | lr: 1.50e-04 | left: 155s
step 03450 ( 36.0%) | loss: 1.137926 | trade:0.34 call:0.61 put:0.39 | ATM:0.50 OTM:0.50 | lr: 1.50e-04 | left: 153s
step 03500 ( 36.6%) | loss: 1.173488 | trade:0.33 call:0.63 put:0.37 | ATM:0.52 OTM:0.48 | lr: 1.50e-04 | left: 152s
step 03550 ( 37.1%) | loss: 1.163910 | trade:0.34 call:0.63 put:0.37 | ATM:0.57 OTM:0.43 | lr: 1.50e-04 | left: 151s
step 03600 ( 37.6%) | loss: 1.155717 | trade:0.32 call:0.62 put:0.38 | ATM:0.56 OTM:0.44 | lr: 1.50e-04 | left: 150s
step 03650 ( 38.1%) | loss: 1.153238 | trade:0.30 call:0.62 put:0.38 | ATM:0.56 OTM:0.44 | lr: 1.50e-04 | left: 149s
step 03700 ( 38.6%) | loss: 1.149429 | trade:0.34 call:0.64 put:0.36 | ATM:0.56 OTM:0.44 | lr: 1.50e-04 | left: 147s
step 03750 ( 39.1%) | loss: 1.198432 | trade:0.29 call:0.67 put:0.33 | ATM:0.65 OTM:0.35 | lr: 1.50e-04 | left: 146s
step 03800 ( 39.6%) | loss: 1.162144 | trade:0.38 call:0.59 put:0.41 | ATM:0.56 OTM:0.44 | lr: 1.50e-04 | left: 145s
step 03850 ( 40.1%) | loss: 1.143539 | trade:0.35 call:0.59 put:0.41 | ATM:0.56 OTM:0.44 | lr: 1.50e-04 | left: 144s
step 03900 ( 40.3%) | loss: 1.132883 | trade:0.39 call:0.56 put:0.44 | ATM:0.58 OTM:0.42 | lr: 1.50e-04 | left: 143s
step 03950 ( 40.6%) | loss: 1.109473 | trade:0.26 call:0.67 put:0.33 | ATM:0.59 OTM:0.41 | lr: 1.50e-04 | left: 143s
step 04000 ( 40.8%) | loss: 1.147154 | trade:0.36 call:0.65 put:0.35 | ATM:0.55 OTM:0.45 | lr: 1.50e-04 | left: 142s
step 04050 ( 41.1%) | loss: 1.140919 | trade:0.36 call:0.63 put:0.37 | ATM:0.55 OTM:0.45 | lr: 1.50e-04 | left: 141s
step 04100 ( 41.4%) | loss: 1.131064 | trade:0.30 call:0.64 put:0.36 | ATM:0.56 OTM:0.44 | lr: 1.50e-04 | left: 141s
step 04150 ( 41.6%) | loss: 1.102125 | trade:0.33 call:0.57 put:0.43 | ATM:0.64 OTM:0.36 | lr: 1.50e-04 | left: 140s
step 04200 ( 41.9%) | loss: 1.111406 | trade:0.30 call:0.61 put:0.39 | ATM:0.61 OTM:0.39 | lr: 1.50e-04 | left: 140s
step 04250 ( 42.1%) | loss: 1.122086 | trade:0.33 call:0.57 put:0.43 | ATM:0.59 OTM:0.41 | lr: 1.50e-04 | left: 139s
step 04300 ( 42.4%) | loss: 1.123550 | trade:0.40 call:0.60 put:0.40 | ATM:0.59 OTM:0.41 | lr: 1.50e-04 | left: 138s
step 04350 ( 42.6%) | loss: 1.113995 | trade:0.29 call:0.65 put:0.35 | ATM:0.62 OTM:0.38 | lr: 1.50e-04 | left: 138s
step 04400 ( 42.8%) | loss: 1.119367 | trade:0.34 call:0.64 put:0.36 | ATM:0.54 OTM:0.46 | lr: 1.50e-04 | left: 137s
step 04450 ( 43.1%) | loss: 1.101485 | trade:0.36 call:0.66 put:0.34 | ATM:0.62 OTM:0.38 | lr: 1.50e-04 | left: 137s
step 04500 ( 43.3%) | loss: 1.133215 | trade:0.36 call:0.60 put:0.40 | ATM:0.61 OTM:0.39 | lr: 1.50e-04 | left: 136s
step 04550 ( 43.6%) | loss: 1.106194 | trade:0.34 call:0.58 put:0.42 | ATM:0.55 OTM:0.45 | lr: 1.50e-04 | left: 135s
step 04600 ( 43.8%) | loss: 1.119822 | trade:0.35 call:0.63 put:0.37 | ATM:0.55 OTM:0.45 | lr: 1.50e-04 | left: 135s
step 04650 ( 44.0%) | loss: 1.093869 | trade:0.35 call:0.60 put:0.40 | ATM:0.56 OTM:0.44 | lr: 1.50e-04 | left: 134s
step 04700 ( 44.3%) | loss: 1.118070 | trade:0.37 call:0.64 put:0.36 | ATM:0.62 OTM:0.38 | lr: 1.50e-04 | left: 134s
step 04750 ( 44.5%) | loss: 1.128472 | trade:0.31 call:0.59 put:0.41 | ATM:0.63 OTM:0.37 | lr: 1.50e-04 | left: 133s
step 04800 ( 44.7%) | loss: 1.090064 | trade:0.39 call:0.59 put:0.41 | ATM:0.54 OTM:0.46 | lr: 1.50e-04 | left: 133s
step 04850 ( 45.1%) | loss: 1.097058 | trade:0.37 call:0.61 put:0.39 | ATM:0.59 OTM:0.41 | lr: 1.50e-04 | left: 132s
step 04900 ( 45.4%) | loss: 1.090759 | trade:0.30 call:0.62 put:0.38 | ATM:0.65 OTM:0.35 | lr: 1.50e-04 | left: 131s
step 04950 ( 45.6%) | loss: 1.122617 | trade:0.35 call:0.61 put:0.39 | ATM:0.60 OTM:0.40 | lr: 1.50e-04 | left: 131s
step 05000 ( 45.8%) | loss: 1.108315 | trade:0.36 call:0.58 put:0.42 | ATM:0.62 OTM:0.38 | lr: 1.50e-04 | left: 130s
step 05050 ( 46.1%) | loss: 1.095514 | trade:0.34 call:0.64 put:0.36 | ATM:0.53 OTM:0.47 | lr: 1.50e-04 | left: 129s
step 05100 ( 46.4%) | loss: 1.110858 | trade:0.32 call:0.62 put:0.38 | ATM:0.59 OTM:0.41 | lr: 1.50e-04 | left: 129s
step 05150 ( 46.6%) | loss: 1.088669 | trade:0.38 call:0.58 put:0.42 | ATM:0.61 OTM:0.39 | lr: 1.50e-04 | left: 128s
step 05200 ( 46.8%) | loss: 1.097673 | trade:0.30 call:0.63 put:0.37 | ATM:0.61 OTM:0.39 | lr: 1.50e-04 | left: 128s
step 05250 ( 47.1%) | loss: 1.088152 | trade:0.29 call:0.63 put:0.37 | ATM:0.65 OTM:0.35 | lr: 1.50e-04 | left: 127s
step 05300 ( 47.4%) | loss: 1.093538 | trade:0.30 call:0.67 put:0.33 | ATM:0.59 OTM:0.41 | lr: 1.50e-04 | left: 126s
step 05350 ( 47.6%) | loss: 1.100961 | trade:0.29 call:0.69 put:0.31 | ATM:0.67 OTM:0.33 | lr: 1.50e-04 | left: 126s
step 05400 ( 47.8%) | loss: 1.097191 | trade:0.38 call:0.54 put:0.46 | ATM:0.54 OTM:0.46 | lr: 1.50e-04 | left: 125s
step 05450 ( 48.1%) | loss: 1.067543 | trade:0.36 call:0.58 put:0.42 | ATM:0.58 OTM:0.42 | lr: 1.50e-04 | left: 125s
step 05500 ( 48.3%) | loss: 1.077506 | trade:0.34 call:0.56 put:0.44 | ATM:0.60 OTM:0.40 | lr: 1.50e-04 | left: 124s
step 05550 ( 48.6%) | loss: 1.091953 | trade:0.35 call:0.61 put:0.39 | ATM:0.67 OTM:0.33 | lr: 1.50e-04 | left: 123s
step 05600 ( 48.8%) | loss: 1.078157 | trade:0.35 call:0.67 put:0.33 | ATM:0.63 OTM:0.37 | lr: 1.50e-04 | left: 123s
step 05650 ( 49.0%) | loss: 1.070520 | trade:0.32 call:0.67 put:0.33 | ATM:0.66 OTM:0.34 | lr: 1.50e-04 | left: 122s
step 05700 ( 49.3%) | loss: 1.094249 | trade:0.40 call:0.63 put:0.37 | ATM:0.58 OTM:0.42 | lr: 1.50e-04 | left: 122s
step 05750 ( 49.5%) | loss: 1.055393 | trade:0.33 call:0.59 put:0.41 | ATM:0.58 OTM:0.42 | lr: 1.50e-04 | left: 121s
step 05800 ( 49.8%) | loss: 1.076515 | trade:0.35 call:0.66 put:0.34 | ATM:0.67 OTM:0.33 | lr: 1.50e-04 | left: 121s
step 05850 ( 50.1%) | loss: 1.074860 | trade:0.33 call:0.60 put:0.40 | ATM:0.59 OTM:0.41 | lr: 1.50e-04 | left: 120s
step 05900 ( 50.4%) | loss: 1.071513 | trade:0.35 call:0.61 put:0.39 | ATM:0.62 OTM:0.38 | lr: 1.50e-04 | left: 119s
step 05950 ( 50.6%) | loss: 1.049707 | trade:0.34 call:0.52 put:0.48 | ATM:0.65 OTM:0.35 | lr: 1.50e-04 | left: 118s
step 06000 ( 50.9%) | loss: 1.070528 | trade:0.36 call:0.63 put:0.37 | ATM:0.64 OTM:0.36 | lr: 1.50e-04 | left: 118s
step 06050 ( 51.3%) | loss: 1.091971 | trade:0.34 call:0.61 put:0.39 | ATM:0.62 OTM:0.38 | lr: 1.50e-04 | left: 117s
step 06100 ( 51.5%) | loss: 1.074978 | trade:0.29 call:0.58 put:0.42 | ATM:0.63 OTM:0.37 | lr: 1.50e-04 | left: 116s
step 06150 ( 51.8%) | loss: 1.073556 | trade:0.27 call:0.62 put:0.38 | ATM:0.60 OTM:0.40 | lr: 1.50e-04 | left: 116s
step 06200 ( 52.1%) | loss: 1.062976 | trade:0.33 call:0.56 put:0.44 | ATM:0.60 OTM:0.40 | lr: 1.50e-04 | left: 115s
step 06250 ( 52.3%) | loss: 1.052384 | trade:0.33 call:0.68 put:0.32 | ATM:0.65 OTM:0.35 | lr: 1.50e-04 | left: 114s
step 06300 ( 52.7%) | loss: 1.063234 | trade:0.34 call:0.60 put:0.40 | ATM:0.59 OTM:0.41 | lr: 1.50e-04 | left: 114s
step 06350 ( 52.9%) | loss: 1.060782 | trade:0.31 call:0.65 put:0.35 | ATM:0.66 OTM:0.34 | lr: 1.50e-04 | left: 113s
step 06400 ( 53.2%) | loss: 1.059809 | trade:0.34 call:0.61 put:0.39 | ATM:0.66 OTM:0.34 | lr: 1.50e-04 | left: 112s
step 06450 ( 53.4%) | loss: 1.047542 | trade:0.34 call:0.56 put:0.44 | ATM:0.58 OTM:0.42 | lr: 1.50e-04 | left: 112s
step 06500 ( 53.8%) | loss: 1.058009 | trade:0.32 call:0.57 put:0.43 | ATM:0.61 OTM:0.39 | lr: 1.50e-04 | left: 111s
step 06550 ( 54.2%) | loss: 1.056749 | trade:0.37 call:0.63 put:0.37 | ATM:0.55 OTM:0.45 | lr: 1.50e-04 | left: 110s
step 06600 ( 54.5%) | loss: 1.069207 | trade:0.38 call:0.63 put:0.37 | ATM:0.59 OTM:0.41 | lr: 1.50e-04 | left: 109s
step 06650 ( 54.8%) | loss: 1.060242 | trade:0.36 call:0.63 put:0.37 | ATM:0.64 OTM:0.36 | lr: 1.50e-04 | left: 108s
step 06700 ( 55.1%) | loss: 1.061057 | trade:0.35 call:0.68 put:0.32 | ATM:0.63 OTM:0.37 | lr: 1.50e-04 | left: 108s
step 06750 ( 55.5%) | loss: 1.056690 | trade:0.36 call:0.63 put:0.37 | ATM:0.58 OTM:0.42 | lr: 1.50e-04 | left: 107s
step 06800 ( 56.0%) | loss: 1.078723 | trade:0.33 call:0.55 put:0.45 | ATM:0.61 OTM:0.39 | lr: 1.50e-04 | left: 105s
step 06850 ( 56.6%) | loss: 1.050365 | trade:0.33 call:0.62 put:0.38 | ATM:0.64 OTM:0.36 | lr: 1.50e-04 | left: 104s
step 06900 ( 57.1%) | loss: 1.043306 | trade:0.34 call:0.58 put:0.42 | ATM:0.61 OTM:0.39 | lr: 1.50e-04 | left: 103s
step 06950 ( 57.6%) | loss: 1.042539 | trade:0.28 call:0.59 put:0.41 | ATM:0.69 OTM:0.31 | lr: 1.50e-04 | left: 102s
step 07000 ( 58.2%) | loss: 1.050242 | trade:0.34 call:0.58 put:0.42 | ATM:0.59 OTM:0.41 | lr: 1.50e-04 | left: 100s
step 07050 ( 58.7%) | loss: 1.049793 | trade:0.29 call:0.59 put:0.41 | ATM:0.66 OTM:0.34 | lr: 1.50e-04 | left: 99s
step 07100 ( 59.2%) | loss: 1.056163 | trade:0.30 call:0.61 put:0.39 | ATM:0.63 OTM:0.37 | lr: 1.50e-04 | left: 98s
step 07150 ( 59.8%) | loss: 1.035824 | trade:0.35 call:0.60 put:0.40 | ATM:0.59 OTM:0.41 | lr: 1.50e-04 | left: 97s
step 07200 ( 60.3%) | loss: 1.023087 | trade:0.32 call:0.58 put:0.42 | ATM:0.58 OTM:0.42 | lr: 1.50e-04 | left: 95s
step 07250 ( 60.8%) | loss: 1.034987 | trade:0.34 call:0.60 put:0.40 | ATM:0.59 OTM:0.41 | lr: 1.50e-04 | left: 94s
step 07300 ( 61.4%) | loss: 1.034137 | trade:0.39 call:0.61 put:0.39 | ATM:0.59 OTM:0.41 | lr: 1.50e-04 | left: 93s
step 07350 ( 61.9%) | loss: 1.021316 | trade:0.30 call:0.61 put:0.39 | ATM:0.64 OTM:0.36 | lr: 1.50e-04 | left: 91s
step 07400 ( 62.4%) | loss: 1.048885 | trade:0.31 call:0.62 put:0.38 | ATM:0.64 OTM:0.36 | lr: 1.50e-04 | left: 90s
step 07450 ( 63.0%) | loss: 1.056421 | trade:0.33 call:0.64 put:0.36 | ATM:0.66 OTM:0.34 | lr: 1.50e-04 | left: 89s
step 07500 ( 63.5%) | loss: 1.030874 | trade:0.31 call:0.59 put:0.41 | ATM:0.61 OTM:0.39 | lr: 1.50e-04 | left: 88s
step 07550 ( 64.1%) | loss: 1.037171 | trade:0.24 call:0.60 put:0.40 | ATM:0.68 OTM:0.32 | lr: 1.50e-04 | left: 86s
step 07600 ( 64.6%) | loss: 1.036495 | trade:0.32 call:0.59 put:0.41 | ATM:0.60 OTM:0.40 | lr: 1.50e-04 | left: 85s
step 07650 ( 65.1%) | loss: 1.045598 | trade:0.30 call:0.55 put:0.45 | ATM:0.58 OTM:0.42 | lr: 1.50e-04 | left: 84s
step 07700 ( 65.7%) | loss: 1.045711 | trade:0.33 call:0.64 put:0.36 | ATM:0.56 OTM:0.44 | lr: 1.50e-04 | left: 82s
step 07750 ( 66.2%) | loss: 1.032812 | trade:0.35 call:0.54 put:0.46 | ATM:0.63 OTM:0.37 | lr: 1.50e-04 | left: 81s
step 07800 ( 66.7%) | loss: 1.050480 | trade:0.31 call:0.56 put:0.44 | ATM:0.66 OTM:0.34 | lr: 1.50e-04 | left: 80s
step 07850 ( 67.3%) | loss: 1.053078 | trade:0.35 call:0.58 put:0.42 | ATM:0.63 OTM:0.37 | lr: 1.50e-04 | left: 79s
step 07900 ( 67.8%) | loss: 1.034153 | trade:0.35 call:0.64 put:0.36 | ATM:0.59 OTM:0.41 | lr: 1.50e-04 | left: 77s
step 07950 ( 68.3%) | loss: 1.020951 | trade:0.39 call:0.55 put:0.45 | ATM:0.54 OTM:0.46 | lr: 1.50e-04 | left: 76s
step 08000 ( 68.9%) | loss: 1.027992 | trade:0.34 call:0.52 put:0.48 | ATM:0.67 OTM:0.33 | lr: 1.50e-04 | left: 75s
step 08050 ( 69.4%) | loss: 1.048375 | trade:0.38 call:0.60 put:0.40 | ATM:0.61 OTM:0.39 | lr: 1.50e-04 | left: 73s
step 08100 ( 69.9%) | loss: 1.022858 | trade:0.33 call:0.61 put:0.39 | ATM:0.69 OTM:0.31 | lr: 1.50e-04 | left: 72s
step 08150 ( 70.4%) | loss: 1.041380 | trade:0.34 call:0.57 put:0.43 | ATM:0.61 OTM:0.39 | lr: 1.50e-04 | left: 71s
step 08200 ( 71.0%) | loss: 1.049168 | trade:0.36 call:0.59 put:0.41 | ATM:0.61 OTM:0.39 | lr: 1.50e-04 | left: 70s
step 08250 ( 71.5%) | loss: 1.034984 | trade:0.42 call:0.60 put:0.40 | ATM:0.53 OTM:0.47 | lr: 1.49e-04 | left: 68s
step 08300 ( 72.0%) | loss: 1.044909 | trade:0.26 call:0.61 put:0.39 | ATM:0.64 OTM:0.36 | lr: 1.48e-04 | left: 67s
step 08350 ( 72.6%) | loss: 1.053403 | trade:0.37 call:0.61 put:0.39 | ATM:0.62 OTM:0.38 | lr: 1.47e-04 | left: 66s
step 08400 ( 73.1%) | loss: 1.027363 | trade:0.33 call:0.59 put:0.41 | ATM:0.66 OTM:0.34 | lr: 1.46e-04 | left: 65s
step 08450 ( 73.6%) | loss: 1.035435 | trade:0.33 call:0.53 put:0.47 | ATM:0.59 OTM:0.41 | lr: 1.45e-04 | left: 63s
step 08500 ( 74.1%) | loss: 1.034389 | trade:0.35 call:0.56 put:0.44 | ATM:0.61 OTM:0.39 | lr: 1.43e-04 | left: 62s
step 08550 ( 74.7%) | loss: 1.004868 | trade:0.33 call:0.65 put:0.35 | ATM:0.66 OTM:0.34 | lr: 1.41e-04 | left: 61s
step 08600 ( 75.2%) | loss: 1.005131 | trade:0.32 call:0.58 put:0.42 | ATM:0.61 OTM:0.39 | lr: 1.39e-04 | left: 59s
step 08650 ( 75.7%) | loss: 1.003551 | trade:0.32 call:0.56 put:0.44 | ATM:0.57 OTM:0.43 | lr: 1.37e-04 | left: 58s
step 08700 ( 76.2%) | loss: 1.018820 | trade:0.36 call:0.53 put:0.47 | ATM:0.61 OTM:0.39 | lr: 1.35e-04 | left: 57s
step 08750 ( 76.7%) | loss: 1.032836 | trade:0.34 call:0.54 put:0.46 | ATM:0.60 OTM:0.40 | lr: 1.32e-04 | left: 56s
step 08800 ( 77.2%) | loss: 1.016611 | trade:0.36 call:0.60 put:0.40 | ATM:0.64 OTM:0.36 | lr: 1.29e-04 | left: 55s
step 08850 ( 77.8%) | loss: 1.008177 | trade:0.30 call:0.56 put:0.44 | ATM:0.69 OTM:0.31 | lr: 1.26e-04 | left: 53s
step 08900 ( 78.3%) | loss: 1.025376 | trade:0.32 call:0.63 put:0.37 | ATM:0.59 OTM:0.41 | lr: 1.23e-04 | left: 52s
step 08950 ( 78.8%) | loss: 1.025306 | trade:0.38 call:0.64 put:0.36 | ATM:0.60 OTM:0.40 | lr: 1.20e-04 | left: 51s
step 09000 ( 79.3%) | loss: 0.991768 | trade:0.30 call:0.64 put:0.36 | ATM:0.65 OTM:0.35 | lr: 1.17e-04 | left: 50s
step 09050 ( 79.9%) | loss: 1.028987 | trade:0.40 call:0.56 put:0.44 | ATM:0.57 OTM:0.43 | lr: 1.13e-04 | left: 48s
step 09100 ( 80.4%) | loss: 1.036989 | trade:0.33 call:0.60 put:0.40 | ATM:0.66 OTM:0.34 | lr: 1.10e-04 | left: 47s
step 09150 ( 80.9%) | loss: 0.998048 | trade:0.29 call:0.60 put:0.40 | ATM:0.68 OTM:0.32 | lr: 1.06e-04 | left: 46s
step 09200 ( 81.5%) | loss: 1.025801 | trade:0.31 call:0.59 put:0.41 | ATM:0.69 OTM:0.31 | lr: 1.02e-04 | left: 44s
step 09250 ( 82.0%) | loss: 0.989346 | trade:0.33 call:0.57 put:0.43 | ATM:0.72 OTM:0.28 | lr: 9.83e-05 | left: 43s
step 09300 ( 82.5%) | loss: 0.993303 | trade:0.31 call:0.62 put:0.38 | ATM:0.64 OTM:0.36 | lr: 9.43e-05 | left: 42s
step 09350 ( 83.0%) | loss: 1.005187 | trade:0.35 call:0.62 put:0.38 | ATM:0.67 OTM:0.33 | lr: 9.03e-05 | left: 41s
step 09400 ( 83.6%) | loss: 1.024126 | trade:0.32 call:0.64 put:0.36 | ATM:0.69 OTM:0.31 | lr: 8.62e-05 | left: 39s
step 09450 ( 84.1%) | loss: 0.990209 | trade:0.34 call:0.57 put:0.43 | ATM:0.63 OTM:0.37 | lr: 8.21e-05 | left: 38s
step 09500 ( 84.6%) | loss: 1.006735 | trade:0.36 call:0.59 put:0.41 | ATM:0.64 OTM:0.36 | lr: 7.79e-05 | left: 37s
step 09550 ( 85.2%) | loss: 0.977233 | trade:0.35 call:0.62 put:0.38 | ATM:0.62 OTM:0.38 | lr: 7.38e-05 | left: 36s
step 09600 ( 85.7%) | loss: 1.003351 | trade:0.34 call:0.57 put:0.43 | ATM:0.56 OTM:0.44 | lr: 6.97e-05 | left: 34s
step 09650 ( 86.2%) | loss: 0.999480 | trade:0.38 call:0.58 put:0.42 | ATM:0.62 OTM:0.38 | lr: 6.56e-05 | left: 33s
step 09700 ( 86.7%) | loss: 0.990491 | trade:0.35 call:0.58 put:0.42 | ATM:0.63 OTM:0.37 | lr: 6.15e-05 | left: 32s
step 09750 ( 87.3%) | loss: 0.989432 | trade:0.30 call:0.58 put:0.42 | ATM:0.70 OTM:0.30 | lr: 5.74e-05 | left: 31s
step 09800 ( 87.8%) | loss: 0.980414 | trade:0.31 call:0.62 put:0.38 | ATM:0.66 OTM:0.34 | lr: 5.34e-05 | left: 29s
step 09850 ( 88.3%) | loss: 0.994335 | trade:0.35 call:0.50 put:0.50 | ATM:0.61 OTM:0.39 | lr: 4.95e-05 | left: 28s
step 09900 ( 88.8%) | loss: 0.999741 | trade:0.29 call:0.58 put:0.42 | ATM:0.68 OTM:0.32 | lr: 4.57e-05 | left: 27s
step 09950 ( 89.4%) | loss: 0.985423 | trade:0.33 call:0.59 put:0.41 | ATM:0.68 OTM:0.32 | lr: 4.19e-05 | left: 26s
step 10000 ( 89.9%) | loss: 1.002912 | trade:0.36 call:0.53 put:0.47 | ATM:0.67 OTM:0.33 | lr: 3.82e-05 | left: 24s
step 10050 ( 90.4%) | loss: 0.988093 | trade:0.33 call:0.61 put:0.39 | ATM:0.61 OTM:0.39 | lr: 3.47e-05 | left: 23s
step 10100 ( 90.9%) | loss: 0.987932 | trade:0.33 call:0.53 put:0.47 | ATM:0.65 OTM:0.35 | lr: 3.13e-05 | left: 22s
step 10150 ( 91.5%) | loss: 0.992649 | trade:0.34 call:0.61 put:0.39 | ATM:0.64 OTM:0.36 | lr: 2.80e-05 | left: 20s
step 10200 ( 92.0%) | loss: 0.981074 | trade:0.35 call:0.60 put:0.40 | ATM:0.64 OTM:0.36 | lr: 2.48e-05 | left: 19s
step 10250 ( 92.5%) | loss: 0.963818 | trade:0.34 call:0.56 put:0.44 | ATM:0.63 OTM:0.37 | lr: 2.18e-05 | left: 18s
step 10300 ( 93.1%) | loss: 0.997147 | trade:0.29 call:0.58 put:0.42 | ATM:0.64 OTM:0.36 | lr: 1.90e-05 | left: 17s
step 10350 ( 93.6%) | loss: 0.978231 | trade:0.32 call:0.60 put:0.40 | ATM:0.65 OTM:0.35 | lr: 1.63e-05 | left: 15s
step 10400 ( 94.1%) | loss: 0.989350 | trade:0.32 call:0.62 put:0.38 | ATM:0.64 OTM:0.36 | lr: 1.38e-05 | left: 14s
step 10450 ( 94.6%) | loss: 0.963771 | trade:0.30 call:0.62 put:0.38 | ATM:0.70 OTM:0.30 | lr: 1.15e-05 | left: 13s
step 10500 ( 95.2%) | loss: 1.003415 | trade:0.30 call:0.63 put:0.37 | ATM:0.67 OTM:0.33 | lr: 9.44e-06 | left: 12s
step 10550 ( 95.7%) | loss: 0.984734 | trade:0.31 call:0.55 put:0.45 | ATM:0.56 OTM:0.44 | lr: 7.53e-06 | left: 10s
step 10600 ( 96.2%) | loss: 0.991560 | trade:0.30 call:0.61 put:0.39 | ATM:0.71 OTM:0.29 | lr: 5.82e-06 | left: 9s
step 10650 ( 96.7%) | loss: 0.990735 | trade:0.29 call:0.57 put:0.43 | ATM:0.67 OTM:0.33 | lr: 4.33e-06 | left: 8s
step 10700 ( 97.3%) | loss: 0.995788 | trade:0.37 call:0.61 put:0.39 | ATM:0.62 OTM:0.38 | lr: 3.02e-06 | left: 6s
step 10750 ( 97.8%) | loss: 0.984852 | trade:0.31 call:0.52 put:0.48 | ATM:0.63 OTM:0.37 | lr: 1.92e-06 | left: 5s
step 10800 ( 98.4%) | loss: 0.994029 | trade:0.35 call:0.60 put:0.40 | ATM:0.61 OTM:0.39 | lr: 1.08e-06 | left: 4s
step 10850 ( 98.9%) | loss: 0.973573 | trade:0.39 call:0.54 put:0.46 | ATM:0.61 OTM:0.39 | lr: 4.90e-07 | left: 3s
step 10900 ( 99.4%) | loss: 0.970394 | trade:0.35 call:0.58 put:0.42 | ATM:0.66 OTM:0.34 | lr: 1.30e-07 | left: 1s
step 10950 (100.0%) | loss: 1.005245 | trade:0.37 call:0.64 put:0.36 | ATM:0.60 OTM:0.40 | lr: 5.22e-10 | left: 0s

Training done at 245s. Starting evaluation...
Evaluation done in 7s (total wall: 251s)
Model saved to /root/best_model.pt
Trade log: 89 trades -> /root/trade_log.csv

---
score:              0.874848
profit_factor:      2.571037
win_rate:           0.438202
avg_winner:         0.777990
avg_loser:          -0.236026
trades_per_day:     1.369231
max_consec_loss:    5
num_trades:         89
trade_sharpe:       3.730409
sortino:            37.165640
max_drawdown:       -2.007839
calmar:             9.233956
ev_per_trade:       0.208318
do_nothing_pct:     0.586099
exit_pct:           0.012556
model_exit_count:   56
cooldown_blocked:   144
pre_10am_blocked:   615
short_hold_pct:     0.169000
stop_loss_rate:     0.348000
direction_collapse_pct: 0.393300
avg_entry_cost_bps: 423.820100
avg_entry_quality:  0.711900
cost_realism_coverage: 1.011200
high_cost_entry_rate: 0.516900
low_quality_entry_rate: 0.000000
actionable_bar_rate: 0.829100
risk_off_bar_rate:  0.000000
final_capital:      12430.65
equity_sharpe:      1.283100
max_equity_dd:      -0.240300
total_dollar_return:0.243100
val_sharpe:         2.963598
total_return:       18.540296
num_val_bars:       4460
num_val_days:       65
worst_chunk_pf:     0.23
rr_ratio:           3.2962
avg_hold_bars:      12.20
model_exit_rate:    0.6292
hit_ruin:           False
min_equity_frac:    0.8092
avg_risk_fraction:  0.0970
max_risk_fraction:  0.3456
trades_blocked_by_balance: 0
  Chunk 1: 2025-02-18..2025-05-12 | 18 trades | PF=1.98 | WR=22.2%
  Chunk 2: 2025-05-14..2025-07-07 | 10 trades | PF=3.73 | WR=50.0%
  Chunk 3: 2025-07-18..2025-09-09 | 10 trades | PF=0.23 | WR=40.0%
  Chunk 4: 2025-09-10..2025-10-31 | 18 trades | PF=4.81 | WR=66.7%
  Chunk 5: 2025-11-03..2026-03-12 | 33 trades | PF=2.58 | WR=42.4%
training_seconds:   240.0
total_seconds:      253.5
peak_vram_mb:       357.0
num_steps:          10954
num_params:         146,265
lookback:           120
depth:              3
d_model:            64
effective_lr:       0.00015
gate_label_smoothing:0.050000
dir_label_smoothing:0.050000
false_entry_penalty:2.000000
/opt/conda/lib/python3.11/site-packages/torch/nn/modules/transformer.py:379: UserWarning: enable_nested_tensor is True, but self.use_nested_tensor is False because encoder_layer.norm_first was True
  warnings.warn(
