Loading data from: /root/.cache/autoresearch-trading/features/data.pt
Loaded 384870 1-min bars, 32 features, 8 actions
  ~986 trading days
Training:   up to idx 269189
Validation: idx 269190-384869
  Option P&L coverage: 297877/384870 (77%)
Parameters: 146,330
Architecture: v4 simplified two-head (gate+dir) + balanced strike gating with reduced PnL alignment and conservative gate bias
Training from scratch (v4: no warm-start).
Day-sequential batching: 70% sequential, 30% random (batch=16)

Budget: 240s | Batch: 128 | Lookback: 120
LR: 0.00015 | Depth: 3 | d_model: 64 | ff_mult: 3
Dropout: 0.15 | Weight decay: 0.05
False entry penalty: 2.0x
Label smoothing: gate=0.05 dir=0.05
Loss weights: gate=1.0, dir=1.0, pnl=0.1, exit=0.5, etv=0.1
EV gate scale: 10.0

step 00000 (  0.0%) | loss: 0.000000 | trade:0.35 call:0.41 put:0.59 | ATM:0.25 OTM:0.75 | etv:-0.156 [seq] | lr: 0.00e+00 | left: 240s
step 00050 (  0.3%) | loss: 1.075977 | trade:0.32 call:0.43 put:0.57 | ATM:0.24 OTM:0.76 | etv:+0.163 [rnd] | lr: 3.80e-06 | left: 239s
step 00100 (  0.7%) | loss: 1.443568 | trade:0.32 call:0.43 put:0.57 | ATM:0.23 OTM:0.77 | etv:+0.153 [rnd] | lr: 1.05e-05 | left: 238s
step 00150 (  1.1%) | loss: 0.960356 | trade:0.33 call:0.45 put:0.55 | ATM:0.24 OTM:0.76 | etv:+0.369 [rnd] | lr: 1.64e-05 | left: 237s
step 00200 (  1.5%) | loss: 0.494533 | trade:0.31 call:0.50 put:0.50 | ATM:0.27 OTM:0.73 | etv:-0.054 [seq] | lr: 2.25e-05 | left: 236s
step 00250 (  1.9%) | loss: 1.088728 | trade:0.35 call:0.47 put:0.53 | ATM:0.25 OTM:0.75 | etv:+0.519 [rnd] | lr: 2.86e-05 | left: 235s
step 00300 (  2.3%) | loss: 1.165462 | trade:0.35 call:0.52 put:0.48 | ATM:0.31 OTM:0.69 | etv:+0.470 [seq] | lr: 3.49e-05 | left: 234s
step 00350 (  2.7%) | loss: 0.774006 | trade:0.35 call:0.46 put:0.54 | ATM:0.27 OTM:0.73 | etv:-0.167 [seq] | lr: 4.07e-05 | left: 233s
step 00400 (  3.1%) | loss: 1.119570 | trade:0.13 call:0.50 put:0.50 | ATM:0.29 OTM:0.71 | etv:-0.770 [seq] | lr: 4.70e-05 | left: 232s
step 00450 (  3.6%) | loss: 1.269564 | trade:0.36 call:0.55 put:0.45 | ATM:0.29 OTM:0.71 | etv:+0.531 [rnd] | lr: 5.34e-05 | left: 231s
step 00500 (  4.0%) | loss: 1.023107 | trade:0.11 call:0.60 put:0.40 | ATM:0.32 OTM:0.68 | etv:-0.317 [seq] | lr: 6.00e-05 | left: 230s
step 00550 (  4.4%) | loss: 0.580184 | trade:0.59 call:0.45 put:0.55 | ATM:0.22 OTM:0.78 | etv:+1.403 [seq] | lr: 6.59e-05 | left: 229s
step 00600 (  4.8%) | loss: 0.772267 | trade:0.50 call:0.50 put:0.50 | ATM:0.33 OTM:0.67 | etv:+0.786 [seq] | lr: 7.20e-05 | left: 228s
step 00650 (  5.2%) | loss: 0.931335 | trade:0.65 call:0.45 put:0.55 | ATM:0.30 OTM:0.70 | etv:+1.980 [seq] | lr: 7.85e-05 | left: 227s
step 00700 (  5.7%) | loss: 0.855489 | trade:0.32 call:0.63 put:0.37 | ATM:0.34 OTM:0.66 | etv:+0.815 [rnd] | lr: 8.49e-05 | left: 226s
step 00750 (  6.1%) | loss: 0.646841 | trade:0.18 call:0.67 put:0.33 | ATM:0.44 OTM:0.56 | etv:-0.465 [seq] | lr: 9.11e-05 | left: 225s
step 00800 (  6.5%) | loss: 0.794960 | trade:0.31 call:0.67 put:0.33 | ATM:0.38 OTM:0.62 | etv:+0.670 [rnd] | lr: 9.77e-05 | left: 224s
step 00850 (  6.9%) | loss: 0.648695 | trade:0.04 call:0.74 put:0.26 | ATM:0.51 OTM:0.49 | etv:-0.354 [seq] | lr: 1.04e-04 | left: 223s
step 00900 (  7.4%) | loss: 0.686278 | trade:0.02 call:0.65 put:0.35 | ATM:0.45 OTM:0.55 | etv:-1.022 [seq] | lr: 1.10e-04 | left: 222s
step 00950 (  7.7%) | loss: 0.435993 | trade:0.03 call:0.83 put:0.17 | ATM:0.54 OTM:0.46 | etv:-0.142 [seq] | lr: 1.16e-04 | left: 221s
step 01000 (  8.2%) | loss: 0.647992 | trade:0.28 call:0.68 put:0.32 | ATM:0.46 OTM:0.54 | etv:+0.436 [rnd] | lr: 1.22e-04 | left: 220s
step 01050 (  8.7%) | loss: 1.359343 | trade:0.40 call:0.80 put:0.20 | ATM:0.50 OTM:0.50 | etv:+0.113 [seq] | lr: 1.30e-04 | left: 219s
step 01100 (  9.1%) | loss: 0.895459 | trade:0.04 call:0.80 put:0.20 | ATM:0.58 OTM:0.42 | etv:-0.361 [seq] | lr: 1.37e-04 | left: 218s
step 01150 (  9.5%) | loss: 0.534645 | trade:0.01 call:0.81 put:0.19 | ATM:0.59 OTM:0.41 | etv:-1.280 [seq] | lr: 1.43e-04 | left: 217s
step 01200 ( 10.0%) | loss: 0.450999 | trade:0.35 call:0.68 put:0.32 | ATM:0.51 OTM:0.49 | etv:+1.186 [rnd] | lr: 1.50e-04 | left: 216s
step 01250 ( 10.4%) | loss: 0.436127 | trade:0.02 call:0.90 put:0.10 | ATM:0.58 OTM:0.42 | etv:-0.019 [seq] | lr: 1.50e-04 | left: 215s
step 01300 ( 10.8%) | loss: 0.509302 | trade:0.05 call:0.90 put:0.10 | ATM:0.61 OTM:0.39 | etv:+0.056 [seq] | lr: 1.50e-04 | left: 214s
step 01350 ( 11.2%) | loss: 0.511139 | trade:0.08 call:0.75 put:0.25 | ATM:0.68 OTM:0.32 | etv:+0.659 [seq] | lr: 1.50e-04 | left: 213s
step 01400 ( 11.6%) | loss: 0.642006 | trade:0.23 call:0.66 put:0.34 | ATM:0.60 OTM:0.40 | etv:+0.453 [rnd] | lr: 1.50e-04 | left: 212s
step 01450 ( 12.0%) | loss: 0.642139 | trade:0.01 call:0.77 put:0.23 | ATM:0.73 OTM:0.27 | etv:-0.475 [seq] | lr: 1.50e-04 | left: 211s
step 01500 ( 12.4%) | loss: 0.463227 | trade:0.01 call:0.65 put:0.35 | ATM:0.55 OTM:0.45 | etv:-0.350 [seq] | lr: 1.50e-04 | left: 210s
step 01550 ( 12.9%) | loss: 0.359808 | trade:0.02 call:0.56 put:0.44 | ATM:0.65 OTM:0.35 | etv:-0.462 [seq] | lr: 1.50e-04 | left: 209s
step 01600 ( 13.2%) | loss: 0.348620 | trade:0.01 call:0.60 put:0.40 | ATM:0.72 OTM:0.28 | etv:-0.271 [seq] | lr: 1.50e-04 | left: 208s
step 01650 ( 13.6%) | loss: 0.446526 | trade:0.28 call:0.70 put:0.30 | ATM:0.61 OTM:0.39 | etv:+0.735 [rnd] | lr: 1.50e-04 | left: 207s
step 01700 ( 14.0%) | loss: 0.192600 | trade:0.81 call:0.11 put:0.89 | ATM:0.54 OTM:0.46 | etv:+1.436 [seq] | lr: 1.50e-04 | left: 206s
step 01750 ( 14.4%) | loss: 0.424642 | trade:0.61 call:0.93 put:0.07 | ATM:0.19 OTM:0.81 | etv:+0.526 [seq] | lr: 1.50e-04 | left: 205s
step 01800 ( 14.9%) | loss: 1.077707 | trade:0.48 call:0.50 put:0.50 | ATM:0.83 OTM:0.17 | etv:+1.166 [seq] | lr: 1.50e-04 | left: 204s
step 01850 ( 15.3%) | loss: 0.574875 | trade:0.03 call:0.50 put:0.50 | ATM:0.84 OTM:0.16 | etv:-0.534 [seq] | lr: 1.50e-04 | left: 203s
step 01900 ( 15.7%) | loss: 0.359274 | trade:0.01 call:0.66 put:0.34 | ATM:0.71 OTM:0.29 | etv:-0.339 [seq] | lr: 1.50e-04 | left: 202s
step 01950 ( 16.1%) | loss: 0.456127 | trade:0.01 call:0.52 put:0.48 | ATM:0.81 OTM:0.19 | etv:-0.300 [seq] | lr: 1.50e-04 | left: 201s
step 02000 ( 16.6%) | loss: 0.600221 | trade:0.02 call:0.68 put:0.32 | ATM:0.54 OTM:0.46 | etv:-0.413 [seq] | lr: 1.50e-04 | left: 200s
step 02050 ( 17.1%) | loss: 0.469385 | trade:0.28 call:0.71 put:0.29 | ATM:0.62 OTM:0.38 | etv:+0.419 [rnd] | lr: 1.50e-04 | left: 199s
step 02100 ( 17.5%) | loss: 0.611506 | trade:0.45 call:0.84 put:0.16 | ATM:0.44 OTM:0.56 | etv:+1.041 [seq] | lr: 1.50e-04 | left: 198s
step 02150 ( 17.9%) | loss: 0.499829 | trade:0.30 call:0.88 put:0.12 | ATM:0.72 OTM:0.28 | etv:+0.261 [seq] | lr: 1.50e-04 | left: 197s
step 02200 ( 18.3%) | loss: 0.417882 | trade:0.79 call:0.99 put:0.01 | ATM:0.48 OTM:0.52 | etv:+0.579 [seq] | lr: 1.50e-04 | left: 196s
step 02250 ( 18.7%) | loss: 0.401622 | trade:0.24 call:0.11 put:0.89 | ATM:0.91 OTM:0.09 | etv:-0.252 [seq] | lr: 1.50e-04 | left: 195s
step 02300 ( 19.1%) | loss: 0.618787 | trade:0.22 call:0.72 put:0.28 | ATM:0.63 OTM:0.37 | etv:+0.485 [rnd] | lr: 1.50e-04 | left: 194s
step 02350 ( 19.5%) | loss: 0.457674 | trade:0.10 call:0.63 put:0.37 | ATM:0.61 OTM:0.39 | etv:-0.037 [seq] | lr: 1.50e-04 | left: 193s
step 02400 ( 19.9%) | loss: 0.369513 | trade:0.98 call:0.02 put:0.98 | ATM:0.69 OTM:0.31 | etv:+11.295 [seq] | lr: 1.50e-04 | left: 192s
step 02450 ( 20.3%) | loss: 0.346821 | trade:0.73 call:0.04 put:0.96 | ATM:0.82 OTM:0.18 | etv:+1.157 [seq] | lr: 1.50e-04 | left: 191s
step 02500 ( 20.8%) | loss: 0.442742 | trade:0.02 call:0.16 put:0.84 | ATM:0.91 OTM:0.09 | etv:-0.675 [seq] | lr: 1.50e-04 | left: 190s
step 02550 ( 21.2%) | loss: 0.571017 | trade:0.00 call:0.47 put:0.53 | ATM:0.88 OTM:0.12 | etv:-0.262 [seq] | lr: 1.50e-04 | left: 189s
step 02600 ( 21.6%) | loss: 0.674951 | trade:0.04 call:0.62 put:0.38 | ATM:0.64 OTM:0.36 | etv:-0.204 [seq] | lr: 1.50e-04 | left: 188s
step 02650 ( 22.0%) | loss: 0.540378 | trade:0.27 call:0.76 put:0.24 | ATM:0.59 OTM:0.41 | etv:+0.550 [rnd] | lr: 1.50e-04 | left: 187s
step 02700 ( 22.4%) | loss: 0.607555 | trade:0.25 call:0.72 put:0.28 | ATM:0.62 OTM:0.38 | etv:+0.437 [rnd] | lr: 1.50e-04 | left: 186s
step 02750 ( 22.8%) | loss: 0.626925 | trade:0.28 call:0.70 put:0.30 | ATM:0.61 OTM:0.39 | etv:+0.841 [rnd] | lr: 1.50e-04 | left: 185s
step 02800 ( 23.3%) | loss: 0.568914 | trade:0.00 call:0.76 put:0.24 | ATM:0.65 OTM:0.35 | etv:-0.509 [seq] | lr: 1.50e-04 | left: 184s
step 02850 ( 23.7%) | loss: 0.608754 | trade:0.01 call:0.85 put:0.15 | ATM:0.85 OTM:0.15 | etv:-0.225 [seq] | lr: 1.50e-04 | left: 183s
step 02900 ( 24.1%) | loss: 0.353771 | trade:0.95 call:0.04 put:0.96 | ATM:0.33 OTM:0.67 | etv:+9.380 [seq] | lr: 1.50e-04 | left: 182s
step 02950 ( 24.5%) | loss: 0.577993 | trade:0.29 call:0.77 put:0.23 | ATM:0.61 OTM:0.39 | etv:+0.765 [rnd] | lr: 1.50e-04 | left: 181s
step 03000 ( 24.9%) | loss: 0.686076 | trade:0.28 call:0.70 put:0.30 | ATM:0.63 OTM:0.37 | etv:+0.726 [rnd] | lr: 1.50e-04 | left: 180s
step 03050 ( 25.3%) | loss: 0.387336 | trade:0.23 call:0.89 put:0.11 | ATM:0.77 OTM:0.23 | etv:-0.214 [seq] | lr: 1.50e-04 | left: 179s
step 03100 ( 25.8%) | loss: 0.470131 | trade:0.76 call:0.99 put:0.01 | ATM:0.48 OTM:0.52 | etv:+1.514 [seq] | lr: 1.50e-04 | left: 178s
step 03150 ( 26.2%) | loss: 0.320928 | trade:0.08 call:0.78 put:0.22 | ATM:0.52 OTM:0.48 | etv:-0.460 [seq] | lr: 1.50e-04 | left: 177s
step 03200 ( 26.6%) | loss: 0.746562 | trade:0.27 call:0.74 put:0.26 | ATM:0.63 OTM:0.37 | etv:+0.742 [rnd] | lr: 1.50e-04 | left: 176s
step 03250 ( 27.0%) | loss: 0.553517 | trade:0.01 call:0.74 put:0.26 | ATM:0.77 OTM:0.23 | etv:-0.323 [seq] | lr: 1.50e-04 | left: 175s
step 03300 ( 27.4%) | loss: 0.440893 | trade:0.81 call:0.98 put:0.02 | ATM:0.31 OTM:0.69 | etv:+1.574 [seq] | lr: 1.50e-04 | left: 174s
step 03350 ( 27.8%) | loss: 0.357729 | trade:0.05 call:0.69 put:0.31 | ATM:0.45 OTM:0.55 | etv:-0.222 [seq] | lr: 1.50e-04 | left: 173s
step 03400 ( 28.2%) | loss: 0.328028 | trade:0.26 call:0.72 put:0.28 | ATM:0.63 OTM:0.37 | etv:+0.674 [rnd] | lr: 1.50e-04 | left: 172s
step 03450 ( 28.6%) | loss: 0.515801 | trade:0.28 call:0.77 put:0.23 | ATM:0.64 OTM:0.36 | etv:+0.641 [rnd] | lr: 1.50e-04 | left: 171s
step 03500 ( 29.1%) | loss: 0.528140 | trade:0.50 call:0.84 put:0.16 | ATM:0.47 OTM:0.53 | etv:+2.154 [seq] | lr: 1.50e-04 | left: 170s
step 03550 ( 29.5%) | loss: 0.474591 | trade:0.97 call:0.01 put:0.99 | ATM:0.83 OTM:0.17 | etv:+8.842 [seq] | lr: 1.50e-04 | left: 169s
step 03600 ( 29.9%) | loss: 0.581372 | trade:0.77 call:0.02 put:0.98 | ATM:0.72 OTM:0.28 | etv:+1.282 [seq] | lr: 1.50e-04 | left: 168s
step 03650 ( 30.3%) | loss: 0.419291 | trade:0.02 call:0.79 put:0.21 | ATM:0.73 OTM:0.27 | etv:-0.305 [seq] | lr: 1.50e-04 | left: 167s
step 03700 ( 30.8%) | loss: 0.711615 | trade:0.22 call:0.75 put:0.25 | ATM:0.64 OTM:0.36 | etv:+0.403 [rnd] | lr: 1.50e-04 | left: 166s
step 03750 ( 31.2%) | loss: 0.539101 | trade:0.71 call:0.97 put:0.03 | ATM:0.36 OTM:0.64 | etv:+1.005 [seq] | lr: 1.50e-04 | left: 165s
step 03800 ( 31.6%) | loss: 0.412961 | trade:0.54 call:0.92 put:0.08 | ATM:0.39 OTM:0.61 | etv:+0.527 [seq] | lr: 1.50e-04 | left: 164s
step 03850 ( 32.1%) | loss: 0.633803 | trade:0.30 call:0.78 put:0.22 | ATM:0.57 OTM:0.43 | etv:+0.867 [rnd] | lr: 1.50e-04 | left: 163s
step 03900 ( 32.5%) | loss: 0.651186 | trade:0.44 call:0.89 put:0.11 | ATM:0.74 OTM:0.26 | etv:-0.070 [seq] | lr: 1.50e-04 | left: 162s
step 03950 ( 33.0%) | loss: 0.390685 | trade:0.05 call:0.89 put:0.11 | ATM:0.86 OTM:0.14 | etv:-0.119 [seq] | lr: 1.50e-04 | left: 161s
step 04000 ( 33.4%) | loss: 0.521186 | trade:0.30 call:0.72 put:0.28 | ATM:0.59 OTM:0.41 | etv:+0.745 [rnd] | lr: 1.50e-04 | left: 160s
step 04050 ( 33.8%) | loss: 0.463977 | trade:0.29 call:0.74 put:0.26 | ATM:0.62 OTM:0.38 | etv:+0.838 [rnd] | lr: 1.50e-04 | left: 159s
step 04100 ( 34.2%) | loss: 0.532365 | trade:0.02 call:0.57 put:0.43 | ATM:0.43 OTM:0.57 | etv:-0.237 [seq] | lr: 1.50e-04 | left: 158s
step 04150 ( 34.6%) | loss: 0.481587 | trade:0.24 call:0.74 put:0.26 | ATM:0.61 OTM:0.39 | etv:+0.613 [rnd] | lr: 1.50e-04 | left: 157s
step 04200 ( 35.0%) | loss: 0.596206 | trade:0.24 call:0.73 put:0.27 | ATM:0.62 OTM:0.38 | etv:+0.518 [rnd] | lr: 1.50e-04 | left: 156s
step 04250 ( 35.4%) | loss: 0.570357 | trade:0.02 call:0.95 put:0.05 | ATM:0.93 OTM:0.07 | etv:-0.363 [seq] | lr: 1.50e-04 | left: 155s
step 04300 ( 35.8%) | loss: 0.494423 | trade:0.03 call:0.87 put:0.13 | ATM:0.85 OTM:0.15 | etv:-0.208 [seq] | lr: 1.50e-04 | left: 154s
step 04350 ( 36.2%) | loss: 0.503338 | trade:0.21 call:0.74 put:0.26 | ATM:0.62 OTM:0.38 | etv:+0.445 [rnd] | lr: 1.50e-04 | left: 153s
step 04400 ( 36.6%) | loss: 0.426719 | trade:0.72 call:0.93 put:0.07 | ATM:0.34 OTM:0.66 | etv:+1.126 [seq] | lr: 1.50e-04 | left: 152s
step 04450 ( 37.0%) | loss: 0.418703 | trade:0.90 call:0.99 put:0.01 | ATM:0.23 OTM:0.77 | etv:+4.668 [seq] | lr: 1.50e-04 | left: 151s
step 04500 ( 37.4%) | loss: 0.425741 | trade:0.47 call:0.99 put:0.01 | ATM:0.42 OTM:0.58 | etv:+0.450 [seq] | lr: 1.50e-04 | left: 150s
step 04550 ( 37.8%) | loss: 0.720308 | trade:0.82 call:0.99 put:0.01 | ATM:0.26 OTM:0.74 | etv:+1.857 [seq] | lr: 1.50e-04 | left: 149s
step 04600 ( 38.2%) | loss: 0.321086 | trade:0.82 call:1.00 put:0.00 | ATM:0.33 OTM:0.67 | etv:+1.673 [seq] | lr: 1.50e-04 | left: 148s
step 04650 ( 38.6%) | loss: 0.355769 | trade:0.04 call:0.69 put:0.31 | ATM:0.33 OTM:0.67 | etv:-0.194 [seq] | lr: 1.50e-04 | left: 147s
step 04700 ( 39.1%) | loss: 1.566068 | trade:0.30 call:0.85 put:0.15 | ATM:0.43 OTM:0.57 | etv:+0.272 [seq] | lr: 1.50e-04 | left: 146s
step 04750 ( 39.5%) | loss: 1.082467 | trade:0.32 call:0.74 put:0.26 | ATM:0.60 OTM:0.40 | etv:+0.680 [rnd] | lr: 1.50e-04 | left: 145s
step 04800 ( 40.0%) | loss: 0.731154 | trade:0.51 call:0.99 put:0.01 | ATM:0.66 OTM:0.34 | etv:+0.539 [seq] | lr: 1.50e-04 | left: 144s
step 04850 ( 40.4%) | loss: 0.487233 | trade:0.29 call:0.76 put:0.24 | ATM:0.59 OTM:0.41 | etv:+0.954 [rnd] | lr: 1.50e-04 | left: 143s
step 04900 ( 40.8%) | loss: 1.786185 | trade:0.73 call:0.97 put:0.03 | ATM:0.42 OTM:0.58 | etv:+2.388 [seq] | lr: 1.50e-04 | left: 142s
step 04950 ( 41.3%) | loss: 1.230972 | trade:0.91 call:1.00 put:0.00 | ATM:0.21 OTM:0.79 | etv:+5.974 [seq] | lr: 1.50e-04 | left: 141s
step 05000 ( 41.8%) | loss: 0.477917 | trade:0.49 call:0.85 put:0.15 | ATM:0.48 OTM:0.52 | etv:+1.530 [seq] | lr: 1.50e-04 | left: 140s
step 05050 ( 42.2%) | loss: 0.774859 | trade:0.35 call:0.94 put:0.06 | ATM:0.84 OTM:0.16 | etv:+0.165 [seq] | lr: 1.50e-04 | left: 139s
step 05100 ( 42.7%) | loss: 0.782436 | trade:0.22 call:0.74 put:0.26 | ATM:0.65 OTM:0.35 | etv:+0.385 [rnd] | lr: 1.50e-04 | left: 138s
step 05150 ( 43.2%) | loss: 0.649201 | trade:0.01 call:0.28 put:0.72 | ATM:0.80 OTM:0.20 | etv:-0.092 [seq] | lr: 1.50e-04 | left: 136s
step 05200 ( 43.6%) | loss: 0.617577 | trade:0.28 call:0.68 put:0.32 | ATM:0.63 OTM:0.37 | etv:+0.830 [rnd] | lr: 1.50e-04 | left: 135s
step 05250 ( 44.0%) | loss: 0.538439 | trade:0.27 call:0.73 put:0.27 | ATM:0.62 OTM:0.38 | etv:+0.707 [rnd] | lr: 1.50e-04 | left: 134s
step 05300 ( 44.4%) | loss: 0.510752 | trade:0.01 call:0.97 put:0.03 | ATM:0.97 OTM:0.03 | etv:-0.432 [seq] | lr: 1.50e-04 | left: 133s
step 05350 ( 44.8%) | loss: 1.528395 | trade:0.90 call:0.99 put:0.01 | ATM:0.24 OTM:0.76 | etv:+4.065 [seq] | lr: 1.50e-04 | left: 132s
step 05400 ( 45.4%) | loss: 1.743321 | trade:0.56 call:0.99 put:0.01 | ATM:0.40 OTM:0.60 | etv:+0.924 [seq] | lr: 1.50e-04 | left: 131s
step 05450 ( 45.9%) | loss: 2.101862 | trade:0.27 call:0.70 put:0.30 | ATM:0.60 OTM:0.40 | etv:+0.771 [rnd] | lr: 1.50e-04 | left: 130s
step 05500 ( 46.4%) | loss: 0.807769 | trade:0.04 call:0.71 put:0.29 | ATM:0.42 OTM:0.58 | etv:-0.424 [seq] | lr: 1.50e-04 | left: 129s
step 05550 ( 46.8%) | loss: 0.651332 | trade:0.30 call:0.73 put:0.27 | ATM:0.58 OTM:0.42 | etv:+0.713 [rnd] | lr: 1.50e-04 | left: 128s
step 05600 ( 47.3%) | loss: 0.541513 | trade:0.24 call:0.73 put:0.27 | ATM:0.62 OTM:0.38 | etv:+0.430 [rnd] | lr: 1.50e-04 | left: 126s
step 05650 ( 47.7%) | loss: 0.421452 | trade:0.84 call:0.11 put:0.89 | ATM:0.59 OTM:0.41 | etv:+1.304 [seq] | lr: 1.50e-04 | left: 126s
step 05700 ( 48.1%) | loss: 0.517552 | trade:0.70 call:0.98 put:0.02 | ATM:0.44 OTM:0.56 | etv:+0.326 [seq] | lr: 1.50e-04 | left: 124s
step 05750 ( 48.5%) | loss: 0.302317 | trade:0.02 call:0.96 put:0.04 | ATM:0.93 OTM:0.07 | etv:-0.407 [seq] | lr: 1.50e-04 | left: 124s
step 05800 ( 48.9%) | loss: 0.569014 | trade:0.02 call:0.85 put:0.15 | ATM:0.77 OTM:0.23 | etv:-0.362 [seq] | lr: 1.50e-04 | left: 123s
step 05850 ( 49.4%) | loss: 0.533248 | trade:0.01 call:0.75 put:0.25 | ATM:0.50 OTM:0.50 | etv:-0.205 [seq] | lr: 1.50e-04 | left: 121s
step 05900 ( 49.8%) | loss: 0.194691 | trade:0.86 call:0.03 put:0.97 | ATM:0.65 OTM:0.35 | etv:+2.107 [seq] | lr: 1.50e-04 | left: 121s
step 05950 ( 50.2%) | loss: 0.418439 | trade:0.33 call:0.73 put:0.27 | ATM:0.59 OTM:0.41 | etv:+0.989 [rnd] | lr: 1.50e-04 | left: 120s
step 06000 ( 50.6%) | loss: 0.353171 | trade:0.84 call:1.00 put:0.00 | ATM:0.36 OTM:0.64 | etv:+3.097 [seq] | lr: 1.50e-04 | left: 119s
step 06050 ( 51.0%) | loss: 0.472034 | trade:0.95 call:1.00 put:0.00 | ATM:0.21 OTM:0.79 | etv:+6.555 [seq] | lr: 1.50e-04 | left: 118s
step 06100 ( 51.4%) | loss: 0.419167 | trade:0.28 call:0.73 put:0.27 | ATM:0.64 OTM:0.36 | etv:+0.902 [rnd] | lr: 1.50e-04 | left: 117s
step 06150 ( 51.8%) | loss: 1.330595 | trade:0.28 call:0.69 put:0.31 | ATM:0.59 OTM:0.41 | etv:+0.734 [rnd] | lr: 1.50e-04 | left: 116s
step 06200 ( 52.3%) | loss: 0.672761 | trade:0.27 call:0.77 put:0.23 | ATM:0.60 OTM:0.40 | etv:+0.661 [rnd] | lr: 1.50e-04 | left: 115s
step 06250 ( 52.6%) | loss: 0.356843 | trade:0.30 call:0.76 put:0.24 | ATM:0.63 OTM:0.37 | etv:+0.855 [rnd] | lr: 1.50e-04 | left: 114s
step 06300 ( 53.1%) | loss: 0.392870 | trade:0.65 call:0.99 put:0.01 | ATM:0.99 OTM:0.01 | etv:+0.302 [seq] | lr: 1.50e-04 | left: 113s
step 06350 ( 53.5%) | loss: 0.476423 | trade:0.29 call:0.78 put:0.22 | ATM:0.61 OTM:0.39 | etv:+0.863 [rnd] | lr: 1.50e-04 | left: 112s
step 06400 ( 53.9%) | loss: 0.359715 | trade:0.01 call:0.66 put:0.34 | ATM:0.55 OTM:0.45 | etv:-0.514 [seq] | lr: 1.50e-04 | left: 111s
step 06450 ( 54.3%) | loss: 0.392403 | trade:0.30 call:0.74 put:0.26 | ATM:0.60 OTM:0.40 | etv:+1.101 [rnd] | lr: 1.50e-04 | left: 110s
step 06500 ( 54.7%) | loss: 0.332208 | trade:0.01 call:0.49 put:0.51 | ATM:0.52 OTM:0.48 | etv:-0.504 [seq] | lr: 1.50e-04 | left: 109s
step 06550 ( 55.0%) | loss: 0.401542 | trade:0.28 call:0.78 put:0.22 | ATM:0.59 OTM:0.41 | etv:+0.806 [rnd] | lr: 1.50e-04 | left: 108s
step 06600 ( 55.4%) | loss: 0.396295 | trade:0.01 call:0.53 put:0.47 | ATM:0.79 OTM:0.21 | etv:-0.447 [seq] | lr: 1.50e-04 | left: 107s
step 06650 ( 55.8%) | loss: 0.375105 | trade:0.01 call:0.79 put:0.21 | ATM:0.59 OTM:0.41 | etv:-0.283 [seq] | lr: 1.50e-04 | left: 106s
step 06700 ( 56.2%) | loss: 0.295268 | trade:0.27 call:0.75 put:0.25 | ATM:0.63 OTM:0.37 | etv:+0.625 [rnd] | lr: 1.50e-04 | left: 105s
step 06750 ( 56.6%) | loss: 0.410373 | trade:0.01 call:0.44 put:0.56 | ATM:0.73 OTM:0.27 | etv:-0.350 [seq] | lr: 1.50e-04 | left: 104s
step 06800 ( 57.0%) | loss: 0.304614 | trade:0.02 call:0.52 put:0.48 | ATM:0.77 OTM:0.23 | etv:-0.282 [seq] | lr: 1.50e-04 | left: 103s
step 06850 ( 57.4%) | loss: 0.329176 | trade:0.01 call:0.72 put:0.28 | ATM:0.44 OTM:0.56 | etv:-0.202 [seq] | lr: 1.50e-04 | left: 102s
step 06900 ( 57.9%) | loss: 0.462463 | trade:0.09 call:0.86 put:0.14 | ATM:0.72 OTM:0.28 | etv:-0.304 [seq] | lr: 1.50e-04 | left: 101s
step 06950 ( 58.3%) | loss: 0.295199 | trade:0.95 call:0.00 put:1.00 | ATM:0.76 OTM:0.24 | etv:+10.899 [seq] | lr: 1.50e-04 | left: 100s
step 07000 ( 58.7%) | loss: 0.318754 | trade:0.84 call:0.00 put:1.00 | ATM:0.77 OTM:0.23 | etv:+1.370 [seq] | lr: 1.50e-04 | left: 99s
step 07050 ( 59.1%) | loss: 0.490316 | trade:0.03 call:0.80 put:0.20 | ATM:0.63 OTM:0.37 | etv:-0.243 [seq] | lr: 1.50e-04 | left: 98s
step 07100 ( 59.6%) | loss: 0.638094 | trade:0.09 call:0.94 put:0.06 | ATM:0.70 OTM:0.30 | etv:-0.387 [seq] | lr: 1.50e-04 | left: 97s
step 07150 ( 60.0%) | loss: 0.544950 | trade:0.48 call:0.68 put:0.32 | ATM:0.57 OTM:0.43 | etv:+1.026 [seq] | lr: 1.50e-04 | left: 96s
step 07200 ( 60.5%) | loss: 0.704851 | trade:0.24 call:0.81 put:0.19 | ATM:0.59 OTM:0.41 | etv:-0.255 [seq] | lr: 1.50e-04 | left: 95s
step 07250 ( 61.0%) | loss: 0.375780 | trade:0.01 call:0.83 put:0.17 | ATM:0.72 OTM:0.28 | etv:-0.484 [seq] | lr: 1.50e-04 | left: 94s
step 07300 ( 61.5%) | loss: 0.540408 | trade:0.59 call:0.95 put:0.05 | ATM:0.93 OTM:0.07 | etv:+0.038 [seq] | lr: 1.50e-04 | left: 92s
step 07350 ( 61.9%) | loss: 0.511896 | trade:0.02 call:0.76 put:0.24 | ATM:0.60 OTM:0.40 | etv:-0.293 [seq] | lr: 1.50e-04 | left: 91s
step 07400 ( 62.3%) | loss: 0.978274 | trade:0.73 call:0.98 put:0.02 | ATM:0.62 OTM:0.38 | etv:+1.922 [seq] | lr: 1.50e-04 | left: 90s
step 07450 ( 62.8%) | loss: 0.534586 | trade:0.04 call:0.90 put:0.10 | ATM:0.92 OTM:0.08 | etv:-0.209 [seq] | lr: 1.50e-04 | left: 89s
step 07500 ( 63.2%) | loss: 0.276387 | trade:0.02 call:0.86 put:0.14 | ATM:0.88 OTM:0.12 | etv:-0.452 [seq] | lr: 1.50e-04 | left: 88s
step 07550 ( 63.6%) | loss: 0.352939 | trade:0.01 call:0.93 put:0.07 | ATM:0.92 OTM:0.08 | etv:-0.175 [seq] | lr: 1.50e-04 | left: 87s
step 07600 ( 64.0%) | loss: 0.347829 | trade:0.02 call:0.46 put:0.54 | ATM:0.92 OTM:0.08 | etv:-0.226 [seq] | lr: 1.50e-04 | left: 86s
step 07650 ( 64.4%) | loss: 0.478611 | trade:0.27 call:0.77 put:0.23 | ATM:0.61 OTM:0.39 | etv:+0.634 [rnd] | lr: 1.50e-04 | left: 85s
step 07700 ( 64.8%) | loss: 0.488623 | trade:0.56 call:0.95 put:0.05 | ATM:0.59 OTM:0.41 | etv:+0.618 [seq] | lr: 1.50e-04 | left: 84s
step 07750 ( 65.2%) | loss: 0.419532 | trade:0.25 call:0.75 put:0.25 | ATM:0.60 OTM:0.40 | etv:+0.493 [rnd] | lr: 1.50e-04 | left: 83s
step 07800 ( 65.7%) | loss: 0.517990 | trade:0.30 call:0.74 put:0.26 | ATM:0.61 OTM:0.39 | etv:+0.972 [rnd] | lr: 1.50e-04 | left: 82s
step 07850 ( 66.1%) | loss: 0.420882 | trade:0.00 call:0.20 put:0.80 | ATM:0.86 OTM:0.14 | etv:-0.192 [seq] | lr: 1.50e-04 | left: 81s
step 07900 ( 66.5%) | loss: 0.499016 | trade:0.47 call:0.98 put:0.02 | ATM:0.64 OTM:0.36 | etv:+0.388 [seq] | lr: 1.50e-04 | left: 80s
step 07950 ( 66.9%) | loss: 0.646587 | trade:0.24 call:0.94 put:0.06 | ATM:0.89 OTM:0.11 | etv:+0.013 [seq] | lr: 1.50e-04 | left: 79s
step 08000 ( 67.3%) | loss: 0.660806 | trade:0.01 call:0.95 put:0.05 | ATM:0.93 OTM:0.07 | etv:-0.344 [seq] | lr: 1.50e-04 | left: 78s
step 08050 ( 67.7%) | loss: 0.263831 | trade:0.02 call:0.88 put:0.12 | ATM:0.86 OTM:0.14 | etv:-0.422 [seq] | lr: 1.50e-04 | left: 77s
step 08100 ( 68.1%) | loss: 0.485665 | trade:0.12 call:0.99 put:0.01 | ATM:0.98 OTM:0.02 | etv:-0.125 [seq] | lr: 1.50e-04 | left: 76s
step 08150 ( 68.5%) | loss: 0.324108 | trade:0.51 call:0.98 put:0.02 | ATM:0.60 OTM:0.40 | etv:+0.679 [seq] | lr: 1.50e-04 | left: 76s
step 08200 ( 68.9%) | loss: 0.472583 | trade:0.26 call:0.73 put:0.27 | ATM:0.58 OTM:0.42 | etv:+0.598 [rnd] | lr: 1.50e-04 | left: 75s
step 08250 ( 69.4%) | loss: 0.673140 | trade:0.28 call:0.75 put:0.25 | ATM:0.63 OTM:0.37 | etv:+0.541 [rnd] | lr: 1.50e-04 | left: 73s
step 08300 ( 69.8%) | loss: 0.492578 | trade:0.34 call:0.79 put:0.21 | ATM:0.60 OTM:0.40 | etv:+1.118 [rnd] | lr: 1.50e-04 | left: 72s
step 08350 ( 70.3%) | loss: 0.728589 | trade:0.27 call:0.78 put:0.22 | ATM:0.59 OTM:0.41 | etv:+0.581 [rnd] | lr: 1.50e-04 | left: 71s
step 08400 ( 70.7%) | loss: 0.498088 | trade:0.93 call:0.01 put:0.99 | ATM:0.70 OTM:0.30 | etv:+9.780 [seq] | lr: 1.50e-04 | left: 70s
step 08450 ( 71.1%) | loss: 0.288039 | trade:0.79 call:0.01 put:0.99 | ATM:0.69 OTM:0.31 | etv:+1.234 [seq] | lr: 1.50e-04 | left: 69s
step 08500 ( 71.5%) | loss: 0.329561 | trade:0.23 call:0.77 put:0.23 | ATM:0.60 OTM:0.40 | etv:+0.467 [rnd] | lr: 1.49e-04 | left: 68s
step 08550 ( 71.9%) | loss: 0.512729 | trade:0.25 call:0.77 put:0.23 | ATM:0.59 OTM:0.41 | etv:+0.582 [rnd] | lr: 1.49e-04 | left: 67s
step 08600 ( 72.3%) | loss: 0.646064 | trade:0.01 call:0.75 put:0.25 | ATM:0.91 OTM:0.09 | etv:-0.473 [seq] | lr: 1.48e-04 | left: 66s
step 08650 ( 72.7%) | loss: 0.536814 | trade:0.08 call:0.92 put:0.08 | ATM:0.86 OTM:0.14 | etv:-0.144 [seq] | lr: 1.47e-04 | left: 65s
step 08700 ( 73.1%) | loss: 0.309988 | trade:0.11 call:0.91 put:0.09 | ATM:0.83 OTM:0.17 | etv:+0.095 [seq] | lr: 1.46e-04 | left: 64s
step 08750 ( 73.6%) | loss: 0.385294 | trade:0.58 call:0.85 put:0.15 | ATM:0.54 OTM:0.46 | etv:+0.308 [seq] | lr: 1.45e-04 | left: 63s
step 08800 ( 73.9%) | loss: 0.444284 | trade:0.80 call:0.99 put:0.01 | ATM:0.30 OTM:0.70 | etv:+1.206 [seq] | lr: 1.44e-04 | left: 63s
step 08850 ( 74.3%) | loss: 0.447989 | trade:0.30 call:0.72 put:0.28 | ATM:0.33 OTM:0.67 | etv:+0.014 [seq] | lr: 1.42e-04 | left: 62s
step 08900 ( 74.7%) | loss: 0.336248 | trade:0.45 call:0.98 put:0.02 | ATM:0.58 OTM:0.42 | etv:+0.229 [seq] | lr: 1.41e-04 | left: 61s
step 08950 ( 75.2%) | loss: 0.480009 | trade:0.25 call:0.72 put:0.28 | ATM:0.60 OTM:0.40 | etv:+0.618 [rnd] | lr: 1.39e-04 | left: 60s
step 09000 ( 75.6%) | loss: 0.522301 | trade:0.27 call:0.76 put:0.24 | ATM:0.60 OTM:0.40 | etv:+0.649 [rnd] | lr: 1.38e-04 | left: 59s
step 09050 ( 76.0%) | loss: 0.364766 | trade:0.00 call:0.91 put:0.09 | ATM:0.89 OTM:0.11 | etv:-0.697 [seq] | lr: 1.36e-04 | left: 58s
step 09100 ( 76.4%) | loss: 0.456597 | trade:0.02 call:0.93 put:0.07 | ATM:0.93 OTM:0.07 | etv:-0.193 [seq] | lr: 1.34e-04 | left: 57s
step 09150 ( 76.8%) | loss: 0.570720 | trade:0.02 call:0.78 put:0.22 | ATM:0.69 OTM:0.31 | etv:-0.231 [seq] | lr: 1.32e-04 | left: 56s
step 09200 ( 77.2%) | loss: 0.412797 | trade:0.31 call:0.75 put:0.25 | ATM:0.58 OTM:0.42 | etv:+0.815 [rnd] | lr: 1.29e-04 | left: 55s
step 09250 ( 77.6%) | loss: 0.336210 | trade:0.23 call:0.80 put:0.20 | ATM:0.63 OTM:0.37 | etv:+0.444 [rnd] | lr: 1.27e-04 | left: 54s
step 09300 ( 78.0%) | loss: 0.284042 | trade:0.01 call:0.43 put:0.57 | ATM:0.84 OTM:0.16 | etv:-0.401 [seq] | lr: 1.25e-04 | left: 53s
step 09350 ( 78.4%) | loss: 0.449087 | trade:0.01 call:0.85 put:0.15 | ATM:0.61 OTM:0.39 | etv:-0.523 [seq] | lr: 1.23e-04 | left: 52s
step 09400 ( 78.8%) | loss: 0.392469 | trade:0.01 call:0.68 put:0.32 | ATM:0.49 OTM:0.51 | etv:-0.308 [seq] | lr: 1.20e-04 | left: 51s
step 09450 ( 79.3%) | loss: 0.636447 | trade:0.25 call:0.75 put:0.25 | ATM:0.62 OTM:0.38 | etv:+0.495 [rnd] | lr: 1.17e-04 | left: 50s
step 09500 ( 79.7%) | loss: 0.377305 | trade:0.12 call:0.69 put:0.31 | ATM:0.50 OTM:0.50 | etv:+0.048 [seq] | lr: 1.15e-04 | left: 49s
step 09550 ( 80.1%) | loss: 0.492864 | trade:0.01 call:0.79 put:0.21 | ATM:0.69 OTM:0.31 | etv:-0.293 [seq] | lr: 1.12e-04 | left: 48s
step 09600 ( 80.5%) | loss: 0.340380 | trade:0.46 call:0.82 put:0.18 | ATM:0.60 OTM:0.40 | etv:+0.174 [seq] | lr: 1.09e-04 | left: 47s
step 09650 ( 81.0%) | loss: 0.605269 | trade:0.23 call:0.76 put:0.24 | ATM:0.63 OTM:0.37 | etv:+0.352 [rnd] | lr: 1.06e-04 | left: 46s
step 09700 ( 81.4%) | loss: 0.371704 | trade:0.69 call:0.05 put:0.95 | ATM:0.79 OTM:0.21 | etv:+0.606 [seq] | lr: 1.03e-04 | left: 45s
step 09750 ( 81.8%) | loss: 0.321933 | trade:0.76 call:0.02 put:0.98 | ATM:0.71 OTM:0.29 | etv:+0.742 [seq] | lr: 1.00e-04 | left: 44s
step 09800 ( 82.2%) | loss: 0.445841 | trade:0.34 call:0.78 put:0.22 | ATM:0.49 OTM:0.51 | etv:+0.250 [seq] | lr: 9.70e-05 | left: 43s
step 09850 ( 82.6%) | loss: 0.635684 | trade:0.47 call:0.93 put:0.07 | ATM:0.45 OTM:0.55 | etv:+0.974 [seq] | lr: 9.37e-05 | left: 42s
step 09900 ( 83.0%) | loss: 0.613014 | trade:0.15 call:0.96 put:0.04 | ATM:0.50 OTM:0.50 | etv:-0.052 [seq] | lr: 9.04e-05 | left: 41s
step 09950 ( 83.4%) | loss: 0.631327 | trade:0.32 call:0.77 put:0.23 | ATM:0.59 OTM:0.41 | etv:+1.003 [rnd] | lr: 8.72e-05 | left: 40s
step 10000 ( 83.8%) | loss: 0.315966 | trade:0.01 call:0.48 put:0.52 | ATM:0.83 OTM:0.17 | etv:-0.335 [seq] | lr: 8.41e-05 | left: 39s
step 10050 ( 84.3%) | loss: 0.473404 | trade:0.28 call:0.75 put:0.25 | ATM:0.60 OTM:0.40 | etv:+0.779 [rnd] | lr: 8.09e-05 | left: 38s
step 10100 ( 84.7%) | loss: 0.542752 | trade:0.26 call:0.74 put:0.26 | ATM:0.63 OTM:0.37 | etv:+0.489 [rnd] | lr: 7.76e-05 | left: 37s
step 10150 ( 85.1%) | loss: 0.420175 | trade:0.22 call:0.74 put:0.26 | ATM:0.64 OTM:0.36 | etv:+0.541 [rnd] | lr: 7.43e-05 | left: 36s
step 10200 ( 85.5%) | loss: 0.499828 | trade:0.30 call:0.78 put:0.22 | ATM:0.59 OTM:0.41 | etv:+0.900 [rnd] | lr: 7.11e-05 | left: 35s
step 10250 ( 85.9%) | loss: 0.553998 | trade:0.52 call:0.46 put:0.54 | ATM:0.71 OTM:0.29 | etv:+1.684 [seq] | lr: 6.77e-05 | left: 34s
step 10300 ( 86.4%) | loss: 0.893172 | trade:0.27 call:0.78 put:0.22 | ATM:0.61 OTM:0.39 | etv:+0.588 [rnd] | lr: 6.39e-05 | left: 33s
step 10350 ( 86.9%) | loss: 0.714783 | trade:0.98 call:1.00 put:0.00 | ATM:0.20 OTM:0.80 | etv:+6.748 [seq] | lr: 6.02e-05 | left: 31s
step 10400 ( 87.3%) | loss: 0.640656 | trade:0.28 call:0.75 put:0.25 | ATM:0.61 OTM:0.39 | etv:+0.620 [rnd] | lr: 5.70e-05 | left: 30s
step 10450 ( 87.8%) | loss: 0.653749 | trade:0.25 call:0.71 put:0.29 | ATM:0.61 OTM:0.39 | etv:+0.740 [rnd] | lr: 5.37e-05 | left: 29s
step 10500 ( 88.2%) | loss: 0.510757 | trade:0.20 call:0.72 put:0.28 | ATM:0.63 OTM:0.37 | etv:+0.414 [rnd] | lr: 5.06e-05 | left: 28s
step 10550 ( 88.6%) | loss: 0.303953 | trade:0.03 call:0.78 put:0.22 | ATM:0.60 OTM:0.40 | etv:-0.256 [seq] | lr: 4.77e-05 | left: 27s
step 10600 ( 89.0%) | loss: 0.568111 | trade:0.23 call:0.77 put:0.23 | ATM:0.60 OTM:0.40 | etv:+0.505 [rnd] | lr: 4.48e-05 | left: 26s
step 10650 ( 89.4%) | loss: 0.447037 | trade:0.01 call:0.74 put:0.26 | ATM:0.62 OTM:0.38 | etv:-0.241 [seq] | lr: 4.18e-05 | left: 25s
step 10700 ( 89.8%) | loss: 0.587118 | trade:0.01 call:0.79 put:0.21 | ATM:0.62 OTM:0.38 | etv:-0.563 [seq] | lr: 3.89e-05 | left: 24s
step 10750 ( 90.2%) | loss: 0.439333 | trade:0.20 call:0.94 put:0.06 | ATM:0.80 OTM:0.20 | etv:+0.157 [seq] | lr: 3.62e-05 | left: 24s
step 10800 ( 90.6%) | loss: 0.326006 | trade:0.87 call:0.98 put:0.02 | ATM:0.44 OTM:0.56 | etv:+2.329 [seq] | lr: 3.35e-05 | left: 23s
step 10850 ( 91.0%) | loss: 0.429938 | trade:0.74 call:1.00 put:0.00 | ATM:0.36 OTM:0.64 | etv:+1.322 [seq] | lr: 3.08e-05 | left: 22s
step 10900 ( 91.4%) | loss: 0.321071 | trade:0.03 call:0.79 put:0.21 | ATM:0.35 OTM:0.65 | etv:-0.031 [seq] | lr: 2.84e-05 | left: 21s
step 10950 ( 91.9%) | loss: 0.802348 | trade:0.04 call:0.83 put:0.17 | ATM:0.86 OTM:0.14 | etv:-0.412 [seq] | lr: 2.56e-05 | left: 20s
step 11000 ( 92.3%) | loss: 0.637683 | trade:0.32 call:0.77 put:0.23 | ATM:0.63 OTM:0.37 | etv:+0.874 [rnd] | lr: 2.32e-05 | left: 18s
step 11050 ( 92.7%) | loss: 0.403955 | trade:0.34 call:0.45 put:0.55 | ATM:0.94 OTM:0.06 | etv:+0.174 [seq] | lr: 2.08e-05 | left: 17s
step 11100 ( 93.2%) | loss: 0.674811 | trade:0.03 call:0.49 put:0.51 | ATM:0.80 OTM:0.20 | etv:-0.376 [seq] | lr: 1.83e-05 | left: 16s
step 11150 ( 93.6%) | loss: 0.404645 | trade:0.01 call:0.66 put:0.34 | ATM:0.67 OTM:0.33 | etv:-0.275 [seq] | lr: 1.60e-05 | left: 15s
step 11200 ( 94.1%) | loss: 0.410031 | trade:0.01 call:0.64 put:0.36 | ATM:0.65 OTM:0.35 | etv:-0.554 [seq] | lr: 1.41e-05 | left: 14s
step 11250 ( 94.5%) | loss: 0.641680 | trade:0.01 call:0.53 put:0.47 | ATM:0.70 OTM:0.30 | etv:-0.539 [seq] | lr: 1.22e-05 | left: 13s
step 11300 ( 94.9%) | loss: 0.481331 | trade:0.01 call:0.65 put:0.35 | ATM:0.65 OTM:0.35 | etv:-0.425 [seq] | lr: 1.05e-05 | left: 12s
step 11350 ( 95.3%) | loss: 0.258655 | trade:0.01 call:0.86 put:0.14 | ATM:0.63 OTM:0.37 | etv:-0.317 [seq] | lr: 8.98e-06 | left: 11s
step 11400 ( 95.6%) | loss: 0.428378 | trade:0.26 call:0.75 put:0.25 | ATM:0.62 OTM:0.38 | etv:+0.643 [rnd] | lr: 7.73e-06 | left: 10s
step 11450 ( 96.0%) | loss: 0.459301 | trade:0.29 call:0.73 put:0.27 | ATM:0.59 OTM:0.41 | etv:+0.905 [rnd] | lr: 6.40e-06 | left: 10s
step 11500 ( 96.5%) | loss: 0.583984 | trade:0.09 call:0.23 put:0.77 | ATM:0.62 OTM:0.38 | etv:-0.313 [seq] | lr: 5.10e-06 | left: 8s
step 11550 ( 96.9%) | loss: 0.434304 | trade:0.04 call:0.78 put:0.22 | ATM:0.55 OTM:0.45 | etv:-0.249 [seq] | lr: 3.89e-06 | left: 7s
step 11600 ( 97.3%) | loss: 0.462293 | trade:0.92 call:0.03 put:0.97 | ATM:0.62 OTM:0.38 | etv:+9.466 [seq] | lr: 2.90e-06 | left: 6s
step 11650 ( 97.8%) | loss: 0.527896 | trade:0.25 call:0.76 put:0.24 | ATM:0.61 OTM:0.39 | etv:+0.676 [rnd] | lr: 2.07e-06 | left: 5s
step 11700 ( 98.2%) | loss: 0.546759 | trade:0.25 call:0.74 put:0.26 | ATM:0.63 OTM:0.37 | etv:+0.713 [rnd] | lr: 1.38e-06 | left: 4s
step 11750 ( 98.6%) | loss: 0.365459 | trade:0.04 call:0.95 put:0.05 | ATM:0.53 OTM:0.47 | etv:-0.137 [seq] | lr: 8.55e-07 | left: 3s
step 11800 ( 99.0%) | loss: 0.458720 | trade:0.30 call:0.80 put:0.20 | ATM:0.57 OTM:0.43 | etv:+0.803 [rnd] | lr: 4.31e-07 | left: 2s
step 11850 ( 99.4%) | loss: 0.411483 | trade:0.01 call:0.82 put:0.18 | ATM:0.52 OTM:0.48 | etv:-0.471 [seq] | lr: 1.60e-07 | left: 1s
step 11900 ( 99.8%) | loss: 0.423006 | trade:0.03 call:0.58 put:0.42 | ATM:0.67 OTM:0.33 | etv:-0.325 [seq] | lr: 1.44e-08 | left: 0s

Training done at 245s. Starting evaluation...
Evaluation done in 1s (total wall: 246s)
Model saved to /root/best_model.pt

---
score:              -10.000000
profit_factor:      0.000000
win_rate:           0.000000
avg_winner:         0.000000
avg_loser:          0.000000
trades_per_day:     0.000000
max_consec_loss:    0
num_trades:         4
trade_sharpe:       0.000000
sortino:            0.000000
max_drawdown:       0.000000
calmar:             0.000000
ev_per_trade:       0.000000
do_nothing_pct:     1.000000
exit_pct:           0.000000
model_exit_count:   0
cooldown_blocked:   0
pre_10am_blocked:   0
short_hold_pct:     0.000000
stop_loss_rate:     0.000000
direction_collapse_pct: 0.000000
avg_entry_cost_bps: 300.000000
avg_entry_quality:  0.000000
cost_realism_coverage: 0.000000
high_cost_entry_rate: 1.000000
low_quality_entry_rate: 1.000000
actionable_bar_rate: 0.000000
risk_off_bar_rate:  0.000000
final_capital:      10000.00
equity_sharpe:      0.000000
max_equity_dd:      0.000000
total_dollar_return:0.000000
val_sharpe:         78.592558
total_return:       0.000000
num_val_bars:       260
num_val_days:       5
worst_chunk_pf:     1.00
rr_ratio:           0.0000
avg_hold_bars:      0.00
model_exit_rate:    0.0000
hit_ruin:           False
min_equity_frac:    1.0000
avg_risk_fraction:  0.0000
max_risk_fraction:  0.0000
trades_blocked_by_balance: 0
training_seconds:   240.0
total_seconds:      248.4
peak_vram_mb:       452.8
num_steps:          11921
num_params:         146,330
lookback:           120
depth:              3
d_model:            64
effective_lr:       0.00015
gate_label_smoothing:0.050000
dir_label_smoothing:0.050000
false_entry_penalty:2.000000
/opt/conda/lib/python3.11/site-packages/torch/nn/modules/transformer.py:379: UserWarning: enable_nested_tensor is True, but self.use_nested_tensor is False because encoder_layer.norm_first was True
  warnings.warn(
