Loading data from: /root/.cache/autoresearch-trading/features/data.pt
Loaded 382920 1-min bars, 32 features, 8 actions
  ~981 trading days
Training:   up to idx 268019
Validation: idx 268020-382919
  Option P&L coverage: 296720/382920 (77%)
Parameters: 146,265
Architecture: v4 simplified two-head (gate+dir) + refined balanced strike gating
Training from scratch (v4: no warm-start).

Budget: 240s | Batch: 128 | Lookback: 120
LR: 0.00015 | Depth: 3 | d_model: 64 | ff_mult: 3
Dropout: 0.15 | Weight decay: 0.05
False entry penalty: 2.0x
Label smoothing: gate=0.05 dir=0.05

step 00000 (  0.0%) | loss: 3.093061 | trade:0.27 call:0.45 put:0.55 | ATM:0.23 OTM:0.77 | lr: 0.00e+00 | left: 240s
step 00050 (  0.2%) | loss: 3.221554 | trade:0.27 call:0.46 put:0.54 | ATM:0.24 OTM:0.76 | lr: 3.54e-06 | left: 239s
step 00100 (  0.5%) | loss: 3.180679 | trade:0.28 call:0.45 put:0.55 | ATM:0.24 OTM:0.76 | lr: 6.90e-06 | left: 239s
step 00150 (  0.7%) | loss: 3.152055 | trade:0.30 call:0.46 put:0.54 | ATM:0.24 OTM:0.76 | lr: 1.05e-05 | left: 238s
step 00200 (  1.2%) | loss: 3.118456 | trade:0.33 call:0.47 put:0.53 | ATM:0.25 OTM:0.75 | lr: 1.77e-05 | left: 237s
step 00250 (  1.7%) | loss: 3.034175 | trade:0.35 call:0.48 put:0.52 | ATM:0.26 OTM:0.74 | lr: 2.54e-05 | left: 236s
step 00300 (  2.2%) | loss: 2.975805 | trade:0.38 call:0.49 put:0.51 | ATM:0.27 OTM:0.73 | lr: 3.33e-05 | left: 235s
step 00350 (  2.8%) | loss: 2.953129 | trade:0.42 call:0.51 put:0.49 | ATM:0.30 OTM:0.70 | lr: 4.13e-05 | left: 233s
step 00400 (  3.3%) | loss: 2.879453 | trade:0.44 call:0.52 put:0.48 | ATM:0.32 OTM:0.68 | lr: 4.92e-05 | left: 232s
step 00450 (  3.8%) | loss: 2.831477 | trade:0.42 call:0.53 put:0.47 | ATM:0.33 OTM:0.67 | lr: 5.72e-05 | left: 231s
step 00500 (  4.1%) | loss: 2.815445 | trade:0.44 call:0.54 put:0.46 | ATM:0.35 OTM:0.65 | lr: 6.16e-05 | left: 230s
step 00550 (  4.5%) | loss: 2.786709 | trade:0.43 call:0.54 put:0.46 | ATM:0.35 OTM:0.65 | lr: 6.77e-05 | left: 229s
step 00600 (  5.0%) | loss: 2.738448 | trade:0.43 call:0.56 put:0.44 | ATM:0.36 OTM:0.64 | lr: 7.45e-05 | left: 228s
step 00650 (  5.4%) | loss: 2.684437 | trade:0.44 call:0.57 put:0.43 | ATM:0.36 OTM:0.64 | lr: 8.16e-05 | left: 227s
step 00700 (  5.7%) | loss: 2.604549 | trade:0.41 call:0.57 put:0.43 | ATM:0.36 OTM:0.64 | lr: 8.50e-05 | left: 226s
step 00750 (  5.9%) | loss: 2.556137 | trade:0.41 call:0.59 put:0.41 | ATM:0.39 OTM:0.61 | lr: 8.91e-05 | left: 226s
step 00800 (  6.5%) | loss: 2.484354 | trade:0.43 call:0.55 put:0.45 | ATM:0.38 OTM:0.62 | lr: 9.68e-05 | left: 224s
step 00850 (  7.0%) | loss: 2.439704 | trade:0.43 call:0.59 put:0.41 | ATM:0.38 OTM:0.62 | lr: 1.05e-04 | left: 223s
step 00900 (  7.5%) | loss: 2.355953 | trade:0.43 call:0.57 put:0.43 | ATM:0.37 OTM:0.63 | lr: 1.13e-04 | left: 222s
step 00950 (  8.0%) | loss: 2.273051 | trade:0.41 call:0.61 put:0.39 | ATM:0.39 OTM:0.61 | lr: 1.21e-04 | left: 221s
step 01000 (  8.6%) | loss: 2.169728 | trade:0.41 call:0.62 put:0.38 | ATM:0.40 OTM:0.60 | lr: 1.29e-04 | left: 219s
step 01050 (  9.0%) | loss: 2.076502 | trade:0.40 call:0.63 put:0.37 | ATM:0.42 OTM:0.58 | lr: 1.35e-04 | left: 218s
step 01100 (  9.3%) | loss: 2.002960 | trade:0.42 call:0.63 put:0.37 | ATM:0.43 OTM:0.57 | lr: 1.39e-04 | left: 218s
step 01150 (  9.8%) | loss: 1.898091 | trade:0.38 call:0.61 put:0.39 | ATM:0.44 OTM:0.56 | lr: 1.46e-04 | left: 217s
step 01200 ( 10.3%) | loss: 1.853019 | trade:0.42 call:0.63 put:0.37 | ATM:0.38 OTM:0.62 | lr: 1.50e-04 | left: 215s
step 01250 ( 10.6%) | loss: 1.737415 | trade:0.40 call:0.63 put:0.37 | ATM:0.45 OTM:0.55 | lr: 1.50e-04 | left: 214s
step 01300 ( 11.0%) | loss: 1.685789 | trade:0.34 call:0.66 put:0.34 | ATM:0.43 OTM:0.57 | lr: 1.50e-04 | left: 214s
step 01350 ( 11.5%) | loss: 1.605846 | trade:0.37 call:0.56 put:0.44 | ATM:0.43 OTM:0.57 | lr: 1.50e-04 | left: 212s
step 01400 ( 12.0%) | loss: 1.582925 | trade:0.43 call:0.61 put:0.39 | ATM:0.47 OTM:0.53 | lr: 1.50e-04 | left: 211s
step 01450 ( 12.6%) | loss: 1.578180 | trade:0.35 call:0.70 put:0.30 | ATM:0.48 OTM:0.52 | lr: 1.50e-04 | left: 210s
step 01500 ( 13.1%) | loss: 1.544252 | trade:0.42 call:0.61 put:0.39 | ATM:0.46 OTM:0.54 | lr: 1.50e-04 | left: 209s
step 01550 ( 13.6%) | loss: 1.470107 | trade:0.36 call:0.67 put:0.33 | ATM:0.46 OTM:0.54 | lr: 1.50e-04 | left: 207s
step 01600 ( 14.0%) | loss: 1.459879 | trade:0.41 call:0.60 put:0.40 | ATM:0.43 OTM:0.57 | lr: 1.50e-04 | left: 206s
step 01650 ( 14.3%) | loss: 1.453836 | trade:0.42 call:0.64 put:0.36 | ATM:0.48 OTM:0.52 | lr: 1.50e-04 | left: 206s
step 01700 ( 14.8%) | loss: 1.414499 | trade:0.34 call:0.64 put:0.36 | ATM:0.49 OTM:0.51 | lr: 1.50e-04 | left: 204s
step 01750 ( 15.4%) | loss: 1.363632 | trade:0.37 call:0.63 put:0.37 | ATM:0.52 OTM:0.48 | lr: 1.50e-04 | left: 203s
step 01800 ( 15.7%) | loss: 1.402426 | trade:0.33 call:0.61 put:0.39 | ATM:0.48 OTM:0.52 | lr: 1.50e-04 | left: 202s
step 01850 ( 16.2%) | loss: 1.376084 | trade:0.40 call:0.64 put:0.36 | ATM:0.50 OTM:0.50 | lr: 1.50e-04 | left: 201s
step 01900 ( 16.7%) | loss: 1.342765 | trade:0.39 call:0.61 put:0.39 | ATM:0.51 OTM:0.49 | lr: 1.50e-04 | left: 200s
step 01950 ( 17.2%) | loss: 1.347915 | trade:0.34 call:0.57 put:0.43 | ATM:0.48 OTM:0.52 | lr: 1.50e-04 | left: 199s
step 02000 ( 17.8%) | loss: 1.305611 | trade:0.32 call:0.66 put:0.34 | ATM:0.52 OTM:0.48 | lr: 1.50e-04 | left: 197s
step 02050 ( 18.3%) | loss: 1.350818 | trade:0.37 call:0.66 put:0.34 | ATM:0.50 OTM:0.50 | lr: 1.50e-04 | left: 196s
step 02100 ( 18.8%) | loss: 1.307419 | trade:0.35 call:0.62 put:0.38 | ATM:0.48 OTM:0.52 | lr: 1.50e-04 | left: 195s
step 02150 ( 19.3%) | loss: 1.317843 | trade:0.36 call:0.60 put:0.40 | ATM:0.49 OTM:0.51 | lr: 1.50e-04 | left: 194s
step 02200 ( 19.8%) | loss: 1.300172 | trade:0.39 call:0.62 put:0.38 | ATM:0.44 OTM:0.56 | lr: 1.50e-04 | left: 192s
step 02250 ( 20.3%) | loss: 1.274008 | trade:0.37 call:0.64 put:0.36 | ATM:0.56 OTM:0.44 | lr: 1.50e-04 | left: 191s
step 02300 ( 20.7%) | loss: 1.265918 | trade:0.35 call:0.58 put:0.42 | ATM:0.52 OTM:0.48 | lr: 1.50e-04 | left: 190s
step 02350 ( 21.0%) | loss: 1.261160 | trade:0.34 call:0.71 put:0.29 | ATM:0.56 OTM:0.44 | lr: 1.50e-04 | left: 190s
step 02400 ( 21.2%) | loss: 1.258216 | trade:0.32 call:0.70 put:0.30 | ATM:0.42 OTM:0.58 | lr: 1.50e-04 | left: 189s
step 02450 ( 21.4%) | loss: 1.276779 | trade:0.40 call:0.66 put:0.34 | ATM:0.49 OTM:0.51 | lr: 1.50e-04 | left: 189s
step 02500 ( 21.7%) | loss: 1.264841 | trade:0.38 call:0.58 put:0.42 | ATM:0.51 OTM:0.49 | lr: 1.50e-04 | left: 188s
step 02550 ( 21.9%) | loss: 1.257741 | trade:0.34 call:0.62 put:0.38 | ATM:0.52 OTM:0.48 | lr: 1.50e-04 | left: 187s
step 02600 ( 22.3%) | loss: 1.255926 | trade:0.34 call:0.55 put:0.45 | ATM:0.50 OTM:0.50 | lr: 1.50e-04 | left: 187s
step 02650 ( 22.5%) | loss: 1.234048 | trade:0.36 call:0.62 put:0.38 | ATM:0.53 OTM:0.47 | lr: 1.50e-04 | left: 186s
step 02700 ( 22.7%) | loss: 1.263174 | trade:0.32 call:0.63 put:0.37 | ATM:0.52 OTM:0.48 | lr: 1.50e-04 | left: 186s
step 02750 ( 22.9%) | loss: 1.251903 | trade:0.36 call:0.57 put:0.43 | ATM:0.51 OTM:0.49 | lr: 1.50e-04 | left: 185s
step 02800 ( 23.1%) | loss: 1.240455 | trade:0.36 call:0.60 put:0.40 | ATM:0.55 OTM:0.45 | lr: 1.50e-04 | left: 184s
step 02850 ( 23.4%) | loss: 1.190851 | trade:0.30 call:0.63 put:0.37 | ATM:0.59 OTM:0.41 | lr: 1.50e-04 | left: 184s
step 02900 ( 23.6%) | loss: 1.200213 | trade:0.38 call:0.62 put:0.38 | ATM:0.53 OTM:0.47 | lr: 1.50e-04 | left: 183s
step 02950 ( 23.8%) | loss: 1.214889 | trade:0.36 call:0.60 put:0.40 | ATM:0.55 OTM:0.45 | lr: 1.50e-04 | left: 183s
step 03000 ( 24.1%) | loss: 1.211698 | trade:0.38 call:0.57 put:0.43 | ATM:0.54 OTM:0.46 | lr: 1.50e-04 | left: 182s
step 03050 ( 24.3%) | loss: 1.184893 | trade:0.37 call:0.66 put:0.34 | ATM:0.55 OTM:0.45 | lr: 1.50e-04 | left: 182s
step 03100 ( 24.5%) | loss: 1.188312 | trade:0.38 call:0.67 put:0.33 | ATM:0.58 OTM:0.42 | lr: 1.50e-04 | left: 181s
step 03150 ( 24.7%) | loss: 1.183079 | trade:0.36 call:0.59 put:0.41 | ATM:0.52 OTM:0.48 | lr: 1.50e-04 | left: 181s
step 03200 ( 24.9%) | loss: 1.209399 | trade:0.35 call:0.63 put:0.37 | ATM:0.52 OTM:0.48 | lr: 1.50e-04 | left: 180s
step 03250 ( 25.1%) | loss: 1.199621 | trade:0.30 call:0.59 put:0.41 | ATM:0.59 OTM:0.41 | lr: 1.50e-04 | left: 180s
step 03300 ( 25.3%) | loss: 1.195550 | trade:0.36 call:0.65 put:0.35 | ATM:0.56 OTM:0.44 | lr: 1.50e-04 | left: 179s
step 03350 ( 25.5%) | loss: 1.186204 | trade:0.30 call:0.58 put:0.42 | ATM:0.59 OTM:0.41 | lr: 1.50e-04 | left: 179s
step 03400 ( 25.7%) | loss: 1.176407 | trade:0.37 call:0.60 put:0.40 | ATM:0.56 OTM:0.44 | lr: 1.50e-04 | left: 178s
step 03450 ( 26.0%) | loss: 1.145319 | trade:0.34 call:0.61 put:0.39 | ATM:0.50 OTM:0.50 | lr: 1.50e-04 | left: 178s
step 03500 ( 26.2%) | loss: 1.180274 | trade:0.33 call:0.63 put:0.37 | ATM:0.52 OTM:0.48 | lr: 1.50e-04 | left: 177s
step 03550 ( 26.4%) | loss: 1.173185 | trade:0.33 call:0.63 put:0.37 | ATM:0.57 OTM:0.43 | lr: 1.50e-04 | left: 177s
step 03600 ( 26.6%) | loss: 1.164348 | trade:0.32 call:0.61 put:0.39 | ATM:0.56 OTM:0.44 | lr: 1.50e-04 | left: 176s
step 03650 ( 26.8%) | loss: 1.163479 | trade:0.30 call:0.62 put:0.38 | ATM:0.56 OTM:0.44 | lr: 1.50e-04 | left: 176s
step 03700 ( 27.1%) | loss: 1.157251 | trade:0.34 call:0.65 put:0.35 | ATM:0.56 OTM:0.44 | lr: 1.50e-04 | left: 175s
step 03750 ( 27.3%) | loss: 1.205616 | trade:0.29 call:0.67 put:0.33 | ATM:0.65 OTM:0.35 | lr: 1.50e-04 | left: 175s
step 03800 ( 27.5%) | loss: 1.169120 | trade:0.39 call:0.58 put:0.42 | ATM:0.57 OTM:0.43 | lr: 1.50e-04 | left: 174s
step 03850 ( 27.7%) | loss: 1.149871 | trade:0.35 call:0.59 put:0.41 | ATM:0.56 OTM:0.44 | lr: 1.50e-04 | left: 173s
step 03900 ( 27.9%) | loss: 1.141201 | trade:0.39 call:0.56 put:0.44 | ATM:0.58 OTM:0.42 | lr: 1.50e-04 | left: 173s
step 03950 ( 28.2%) | loss: 1.116990 | trade:0.26 call:0.67 put:0.33 | ATM:0.59 OTM:0.41 | lr: 1.50e-04 | left: 172s
step 04000 ( 28.4%) | loss: 1.154751 | trade:0.36 call:0.65 put:0.35 | ATM:0.56 OTM:0.44 | lr: 1.50e-04 | left: 172s
step 04050 ( 28.7%) | loss: 1.149361 | trade:0.36 call:0.63 put:0.37 | ATM:0.56 OTM:0.44 | lr: 1.50e-04 | left: 171s
step 04100 ( 28.9%) | loss: 1.138418 | trade:0.30 call:0.65 put:0.35 | ATM:0.56 OTM:0.44 | lr: 1.50e-04 | left: 171s
step 04150 ( 29.1%) | loss: 1.109117 | trade:0.33 call:0.57 put:0.43 | ATM:0.64 OTM:0.36 | lr: 1.50e-04 | left: 170s
step 04200 ( 29.4%) | loss: 1.117419 | trade:0.30 call:0.62 put:0.38 | ATM:0.62 OTM:0.38 | lr: 1.50e-04 | left: 169s
step 04250 ( 29.7%) | loss: 1.127628 | trade:0.33 call:0.57 put:0.43 | ATM:0.59 OTM:0.41 | lr: 1.50e-04 | left: 169s
step 04300 ( 29.9%) | loss: 1.128179 | trade:0.40 call:0.60 put:0.40 | ATM:0.60 OTM:0.40 | lr: 1.50e-04 | left: 168s
step 04350 ( 30.2%) | loss: 1.120714 | trade:0.29 call:0.65 put:0.35 | ATM:0.62 OTM:0.38 | lr: 1.50e-04 | left: 167s
step 04400 ( 30.7%) | loss: 1.124988 | trade:0.34 call:0.64 put:0.36 | ATM:0.54 OTM:0.46 | lr: 1.50e-04 | left: 166s
step 04450 ( 31.2%) | loss: 1.104687 | trade:0.37 call:0.66 put:0.34 | ATM:0.62 OTM:0.38 | lr: 1.50e-04 | left: 165s
step 04500 ( 31.7%) | loss: 1.137236 | trade:0.36 call:0.60 put:0.40 | ATM:0.61 OTM:0.39 | lr: 1.50e-04 | left: 164s
step 04550 ( 32.3%) | loss: 1.111337 | trade:0.34 call:0.58 put:0.42 | ATM:0.55 OTM:0.45 | lr: 1.50e-04 | left: 163s
step 04600 ( 32.5%) | loss: 1.124830 | trade:0.35 call:0.63 put:0.37 | ATM:0.54 OTM:0.46 | lr: 1.50e-04 | left: 162s
step 04650 ( 32.7%) | loss: 1.099466 | trade:0.35 call:0.60 put:0.40 | ATM:0.56 OTM:0.44 | lr: 1.50e-04 | left: 161s
step 04700 ( 33.2%) | loss: 1.124277 | trade:0.38 call:0.64 put:0.36 | ATM:0.63 OTM:0.37 | lr: 1.50e-04 | left: 160s
step 04750 ( 33.4%) | loss: 1.136407 | trade:0.31 call:0.59 put:0.41 | ATM:0.63 OTM:0.37 | lr: 1.50e-04 | left: 160s
step 04800 ( 33.7%) | loss: 1.094004 | trade:0.39 call:0.59 put:0.41 | ATM:0.54 OTM:0.46 | lr: 1.50e-04 | left: 159s
step 04850 ( 33.9%) | loss: 1.103300 | trade:0.37 call:0.61 put:0.39 | ATM:0.59 OTM:0.41 | lr: 1.50e-04 | left: 159s
step 04900 ( 34.2%) | loss: 1.095695 | trade:0.30 call:0.62 put:0.38 | ATM:0.66 OTM:0.34 | lr: 1.50e-04 | left: 158s
step 04950 ( 34.8%) | loss: 1.126497 | trade:0.35 call:0.61 put:0.39 | ATM:0.59 OTM:0.41 | lr: 1.50e-04 | left: 157s
step 05000 ( 35.3%) | loss: 1.113296 | trade:0.36 call:0.58 put:0.42 | ATM:0.61 OTM:0.39 | lr: 1.50e-04 | left: 155s
step 05050 ( 35.8%) | loss: 1.100661 | trade:0.34 call:0.64 put:0.36 | ATM:0.53 OTM:0.47 | lr: 1.50e-04 | left: 154s
step 05100 ( 36.3%) | loss: 1.116486 | trade:0.33 call:0.62 put:0.38 | ATM:0.60 OTM:0.40 | lr: 1.50e-04 | left: 153s
step 05150 ( 36.9%) | loss: 1.096276 | trade:0.38 call:0.58 put:0.42 | ATM:0.62 OTM:0.38 | lr: 1.50e-04 | left: 152s
step 05200 ( 37.4%) | loss: 1.102063 | trade:0.30 call:0.62 put:0.38 | ATM:0.62 OTM:0.38 | lr: 1.50e-04 | left: 150s
step 05250 ( 37.8%) | loss: 1.093600 | trade:0.29 call:0.63 put:0.37 | ATM:0.65 OTM:0.35 | lr: 1.50e-04 | left: 149s
step 05300 ( 38.3%) | loss: 1.098103 | trade:0.30 call:0.67 put:0.33 | ATM:0.59 OTM:0.41 | lr: 1.50e-04 | left: 148s
step 05350 ( 38.8%) | loss: 1.108813 | trade:0.29 call:0.69 put:0.31 | ATM:0.67 OTM:0.33 | lr: 1.50e-04 | left: 147s
step 05400 ( 39.3%) | loss: 1.103461 | trade:0.39 call:0.54 put:0.46 | ATM:0.54 OTM:0.46 | lr: 1.50e-04 | left: 146s
step 05450 ( 39.8%) | loss: 1.072640 | trade:0.37 call:0.58 put:0.42 | ATM:0.58 OTM:0.42 | lr: 1.50e-04 | left: 144s
step 05500 ( 40.3%) | loss: 1.084728 | trade:0.33 call:0.56 put:0.44 | ATM:0.60 OTM:0.40 | lr: 1.50e-04 | left: 143s
step 05550 ( 40.9%) | loss: 1.097299 | trade:0.35 call:0.61 put:0.39 | ATM:0.67 OTM:0.33 | lr: 1.50e-04 | left: 142s
step 05600 ( 41.4%) | loss: 1.083212 | trade:0.35 call:0.67 put:0.33 | ATM:0.63 OTM:0.37 | lr: 1.50e-04 | left: 141s
step 05650 ( 41.9%) | loss: 1.076450 | trade:0.32 call:0.67 put:0.33 | ATM:0.66 OTM:0.34 | lr: 1.50e-04 | left: 139s
step 05700 ( 42.5%) | loss: 1.100161 | trade:0.40 call:0.63 put:0.37 | ATM:0.58 OTM:0.42 | lr: 1.50e-04 | left: 138s
step 05750 ( 42.8%) | loss: 1.060730 | trade:0.33 call:0.59 put:0.41 | ATM:0.58 OTM:0.42 | lr: 1.50e-04 | left: 137s
step 05800 ( 43.1%) | loss: 1.080400 | trade:0.34 call:0.67 put:0.33 | ATM:0.67 OTM:0.33 | lr: 1.50e-04 | left: 137s
step 05850 ( 43.6%) | loss: 1.078497 | trade:0.33 call:0.61 put:0.39 | ATM:0.59 OTM:0.41 | lr: 1.50e-04 | left: 135s
step 05900 ( 44.0%) | loss: 1.075785 | trade:0.35 call:0.62 put:0.38 | ATM:0.63 OTM:0.37 | lr: 1.50e-04 | left: 134s
step 05950 ( 44.2%) | loss: 1.054094 | trade:0.34 call:0.53 put:0.47 | ATM:0.65 OTM:0.35 | lr: 1.50e-04 | left: 134s
step 06000 ( 44.7%) | loss: 1.072757 | trade:0.36 call:0.63 put:0.37 | ATM:0.64 OTM:0.36 | lr: 1.50e-04 | left: 133s
step 06050 ( 45.2%) | loss: 1.096239 | trade:0.33 call:0.61 put:0.39 | ATM:0.62 OTM:0.38 | lr: 1.50e-04 | left: 131s
step 06100 ( 45.8%) | loss: 1.079559 | trade:0.30 call:0.58 put:0.42 | ATM:0.63 OTM:0.37 | lr: 1.50e-04 | left: 130s
step 06150 ( 46.3%) | loss: 1.076322 | trade:0.27 call:0.62 put:0.38 | ATM:0.61 OTM:0.39 | lr: 1.50e-04 | left: 129s
step 06200 ( 46.8%) | loss: 1.067753 | trade:0.34 call:0.57 put:0.43 | ATM:0.60 OTM:0.40 | lr: 1.50e-04 | left: 128s
step 06250 ( 47.3%) | loss: 1.057032 | trade:0.33 call:0.68 put:0.32 | ATM:0.66 OTM:0.34 | lr: 1.50e-04 | left: 126s
step 06300 ( 47.8%) | loss: 1.067530 | trade:0.34 call:0.60 put:0.40 | ATM:0.59 OTM:0.41 | lr: 1.50e-04 | left: 125s
step 06350 ( 48.1%) | loss: 1.063031 | trade:0.31 call:0.65 put:0.35 | ATM:0.67 OTM:0.33 | lr: 1.50e-04 | left: 125s
step 06400 ( 48.6%) | loss: 1.063385 | trade:0.34 call:0.61 put:0.39 | ATM:0.67 OTM:0.33 | lr: 1.50e-04 | left: 123s
step 06450 ( 49.1%) | loss: 1.049879 | trade:0.34 call:0.56 put:0.44 | ATM:0.58 OTM:0.42 | lr: 1.50e-04 | left: 122s
step 06500 ( 49.4%) | loss: 1.061614 | trade:0.32 call:0.57 put:0.43 | ATM:0.61 OTM:0.39 | lr: 1.50e-04 | left: 121s
step 06550 ( 49.9%) | loss: 1.060769 | trade:0.37 call:0.63 put:0.37 | ATM:0.55 OTM:0.45 | lr: 1.50e-04 | left: 120s
step 06600 ( 50.5%) | loss: 1.071971 | trade:0.38 call:0.63 put:0.37 | ATM:0.60 OTM:0.40 | lr: 1.50e-04 | left: 119s
step 06650 ( 51.0%) | loss: 1.062202 | trade:0.36 call:0.63 put:0.37 | ATM:0.65 OTM:0.35 | lr: 1.50e-04 | left: 118s
step 06700 ( 51.5%) | loss: 1.062828 | trade:0.35 call:0.68 put:0.32 | ATM:0.64 OTM:0.36 | lr: 1.50e-04 | left: 116s
step 06750 ( 52.0%) | loss: 1.063137 | trade:0.36 call:0.63 put:0.37 | ATM:0.59 OTM:0.41 | lr: 1.50e-04 | left: 115s
step 06800 ( 52.5%) | loss: 1.081994 | trade:0.33 call:0.55 put:0.45 | ATM:0.62 OTM:0.38 | lr: 1.50e-04 | left: 114s
step 06850 ( 53.0%) | loss: 1.052883 | trade:0.33 call:0.62 put:0.38 | ATM:0.64 OTM:0.36 | lr: 1.50e-04 | left: 113s
step 06900 ( 53.5%) | loss: 1.048297 | trade:0.34 call:0.59 put:0.41 | ATM:0.62 OTM:0.38 | lr: 1.50e-04 | left: 112s
step 06950 ( 54.1%) | loss: 1.046132 | trade:0.28 call:0.59 put:0.41 | ATM:0.70 OTM:0.30 | lr: 1.50e-04 | left: 110s
step 07000 ( 54.5%) | loss: 1.051917 | trade:0.34 call:0.59 put:0.41 | ATM:0.59 OTM:0.41 | lr: 1.50e-04 | left: 109s
step 07050 ( 54.7%) | loss: 1.052171 | trade:0.29 call:0.59 put:0.41 | ATM:0.66 OTM:0.34 | lr: 1.50e-04 | left: 109s
step 07100 ( 54.9%) | loss: 1.059537 | trade:0.30 call:0.61 put:0.39 | ATM:0.63 OTM:0.37 | lr: 1.50e-04 | left: 108s
step 07150 ( 55.2%) | loss: 1.039426 | trade:0.35 call:0.60 put:0.40 | ATM:0.59 OTM:0.41 | lr: 1.50e-04 | left: 107s
step 07200 ( 55.5%) | loss: 1.025898 | trade:0.32 call:0.59 put:0.41 | ATM:0.58 OTM:0.42 | lr: 1.50e-04 | left: 107s
step 07250 ( 55.7%) | loss: 1.039002 | trade:0.34 call:0.60 put:0.40 | ATM:0.60 OTM:0.40 | lr: 1.50e-04 | left: 106s
step 07300 ( 56.0%) | loss: 1.036637 | trade:0.39 call:0.61 put:0.39 | ATM:0.59 OTM:0.41 | lr: 1.50e-04 | left: 106s
step 07350 ( 56.2%) | loss: 1.023932 | trade:0.30 call:0.61 put:0.39 | ATM:0.64 OTM:0.36 | lr: 1.50e-04 | left: 105s
step 07400 ( 56.4%) | loss: 1.053065 | trade:0.31 call:0.62 put:0.38 | ATM:0.64 OTM:0.36 | lr: 1.50e-04 | left: 105s
step 07450 ( 56.6%) | loss: 1.061275 | trade:0.33 call:0.64 put:0.36 | ATM:0.66 OTM:0.34 | lr: 1.50e-04 | left: 104s
step 07500 ( 56.9%) | loss: 1.032242 | trade:0.31 call:0.59 put:0.41 | ATM:0.61 OTM:0.39 | lr: 1.50e-04 | left: 104s
step 07550 ( 57.1%) | loss: 1.036770 | trade:0.24 call:0.60 put:0.40 | ATM:0.68 OTM:0.32 | lr: 1.50e-04 | left: 103s
step 07600 ( 57.3%) | loss: 1.040405 | trade:0.32 call:0.59 put:0.41 | ATM:0.60 OTM:0.40 | lr: 1.50e-04 | left: 102s
step 07650 ( 57.5%) | loss: 1.049150 | trade:0.30 call:0.55 put:0.45 | ATM:0.58 OTM:0.42 | lr: 1.50e-04 | left: 102s
step 07700 ( 57.7%) | loss: 1.047013 | trade:0.33 call:0.64 put:0.36 | ATM:0.56 OTM:0.44 | lr: 1.50e-04 | left: 101s
step 07750 ( 57.9%) | loss: 1.036729 | trade:0.35 call:0.54 put:0.46 | ATM:0.63 OTM:0.37 | lr: 1.50e-04 | left: 101s
step 07800 ( 58.2%) | loss: 1.052521 | trade:0.31 call:0.56 put:0.44 | ATM:0.66 OTM:0.34 | lr: 1.50e-04 | left: 100s
step 07850 ( 58.4%) | loss: 1.054431 | trade:0.35 call:0.58 put:0.42 | ATM:0.64 OTM:0.36 | lr: 1.50e-04 | left: 100s
step 07900 ( 58.6%) | loss: 1.036510 | trade:0.35 call:0.64 put:0.36 | ATM:0.60 OTM:0.40 | lr: 1.50e-04 | left: 99s
step 07950 ( 58.9%) | loss: 1.022827 | trade:0.39 call:0.55 put:0.45 | ATM:0.55 OTM:0.45 | lr: 1.50e-04 | left: 99s
step 08000 ( 59.1%) | loss: 1.029438 | trade:0.33 call:0.52 put:0.48 | ATM:0.67 OTM:0.33 | lr: 1.50e-04 | left: 98s
step 08050 ( 59.3%) | loss: 1.050914 | trade:0.38 call:0.61 put:0.39 | ATM:0.61 OTM:0.39 | lr: 1.50e-04 | left: 98s
step 08100 ( 59.5%) | loss: 1.024800 | trade:0.33 call:0.61 put:0.39 | ATM:0.69 OTM:0.31 | lr: 1.50e-04 | left: 97s
step 08150 ( 59.7%) | loss: 1.042955 | trade:0.34 call:0.57 put:0.43 | ATM:0.61 OTM:0.39 | lr: 1.50e-04 | left: 97s
step 08200 ( 59.9%) | loss: 1.051739 | trade:0.36 call:0.59 put:0.41 | ATM:0.61 OTM:0.39 | lr: 1.50e-04 | left: 96s
step 08250 ( 60.1%) | loss: 1.038268 | trade:0.42 call:0.60 put:0.40 | ATM:0.53 OTM:0.47 | lr: 1.50e-04 | left: 96s
step 08300 ( 60.4%) | loss: 1.047668 | trade:0.26 call:0.62 put:0.38 | ATM:0.64 OTM:0.36 | lr: 1.50e-04 | left: 95s
step 08350 ( 60.6%) | loss: 1.054801 | trade:0.36 call:0.61 put:0.39 | ATM:0.63 OTM:0.37 | lr: 1.50e-04 | left: 95s
step 08400 ( 60.8%) | loss: 1.027970 | trade:0.33 call:0.60 put:0.40 | ATM:0.67 OTM:0.33 | lr: 1.50e-04 | left: 94s
step 08450 ( 61.0%) | loss: 1.038884 | trade:0.33 call:0.53 put:0.47 | ATM:0.59 OTM:0.41 | lr: 1.50e-04 | left: 94s
step 08500 ( 61.2%) | loss: 1.038173 | trade:0.35 call:0.56 put:0.44 | ATM:0.62 OTM:0.38 | lr: 1.50e-04 | left: 93s
step 08550 ( 61.5%) | loss: 1.006571 | trade:0.33 call:0.65 put:0.35 | ATM:0.67 OTM:0.33 | lr: 1.50e-04 | left: 93s
step 08600 ( 61.7%) | loss: 1.008396 | trade:0.32 call:0.59 put:0.41 | ATM:0.62 OTM:0.38 | lr: 1.50e-04 | left: 92s
step 08650 ( 61.9%) | loss: 1.007008 | trade:0.32 call:0.57 put:0.43 | ATM:0.58 OTM:0.42 | lr: 1.50e-04 | left: 91s
step 08700 ( 62.1%) | loss: 1.024036 | trade:0.35 call:0.53 put:0.47 | ATM:0.62 OTM:0.38 | lr: 1.50e-04 | left: 91s
step 08750 ( 62.3%) | loss: 1.039829 | trade:0.34 call:0.55 put:0.45 | ATM:0.60 OTM:0.40 | lr: 1.50e-04 | left: 90s
step 08800 ( 62.5%) | loss: 1.022673 | trade:0.36 call:0.60 put:0.40 | ATM:0.64 OTM:0.36 | lr: 1.50e-04 | left: 90s
step 08850 ( 62.9%) | loss: 1.016833 | trade:0.30 call:0.57 put:0.43 | ATM:0.69 OTM:0.31 | lr: 1.50e-04 | left: 89s
step 08900 ( 63.2%) | loss: 1.032627 | trade:0.32 call:0.64 put:0.36 | ATM:0.60 OTM:0.40 | lr: 1.50e-04 | left: 88s
step 08950 ( 63.4%) | loss: 1.031903 | trade:0.39 call:0.64 put:0.36 | ATM:0.60 OTM:0.40 | lr: 1.50e-04 | left: 88s
step 09000 ( 63.6%) | loss: 0.998164 | trade:0.30 call:0.65 put:0.35 | ATM:0.66 OTM:0.34 | lr: 1.50e-04 | left: 87s
step 09050 ( 64.1%) | loss: 1.037491 | trade:0.40 call:0.56 put:0.44 | ATM:0.57 OTM:0.43 | lr: 1.50e-04 | left: 86s
step 09100 ( 64.6%) | loss: 1.047262 | trade:0.33 call:0.60 put:0.40 | ATM:0.67 OTM:0.33 | lr: 1.50e-04 | left: 85s
step 09150 ( 65.1%) | loss: 1.006050 | trade:0.29 call:0.61 put:0.39 | ATM:0.68 OTM:0.32 | lr: 1.50e-04 | left: 84s
step 09200 ( 65.5%) | loss: 1.037439 | trade:0.31 call:0.60 put:0.40 | ATM:0.69 OTM:0.31 | lr: 1.50e-04 | left: 83s
step 09250 ( 65.7%) | loss: 0.993632 | trade:0.33 call:0.58 put:0.42 | ATM:0.72 OTM:0.28 | lr: 1.50e-04 | left: 82s
step 09300 ( 66.0%) | loss: 1.002422 | trade:0.31 call:0.63 put:0.37 | ATM:0.64 OTM:0.36 | lr: 1.50e-04 | left: 82s
step 09350 ( 66.5%) | loss: 1.014981 | trade:0.34 call:0.62 put:0.38 | ATM:0.67 OTM:0.33 | lr: 1.50e-04 | left: 80s
step 09400 ( 67.1%) | loss: 1.037081 | trade:0.33 call:0.63 put:0.37 | ATM:0.69 OTM:0.31 | lr: 1.50e-04 | left: 79s
step 09450 ( 67.6%) | loss: 0.999458 | trade:0.35 call:0.58 put:0.42 | ATM:0.62 OTM:0.38 | lr: 1.50e-04 | left: 78s
step 09500 ( 68.1%) | loss: 1.019685 | trade:0.36 call:0.60 put:0.40 | ATM:0.63 OTM:0.37 | lr: 1.50e-04 | left: 77s
step 09550 ( 68.6%) | loss: 0.990844 | trade:0.36 call:0.63 put:0.37 | ATM:0.62 OTM:0.38 | lr: 1.50e-04 | left: 75s
step 09600 ( 69.1%) | loss: 1.018060 | trade:0.33 call:0.57 put:0.43 | ATM:0.55 OTM:0.45 | lr: 1.50e-04 | left: 74s
step 09650 ( 69.7%) | loss: 1.012857 | trade:0.38 call:0.58 put:0.42 | ATM:0.62 OTM:0.38 | lr: 1.50e-04 | left: 73s
step 09700 ( 70.2%) | loss: 1.009782 | trade:0.35 call:0.58 put:0.42 | ATM:0.63 OTM:0.37 | lr: 1.50e-04 | left: 72s
step 09750 ( 70.7%) | loss: 1.003319 | trade:0.30 call:0.60 put:0.40 | ATM:0.72 OTM:0.28 | lr: 1.50e-04 | left: 70s
step 09800 ( 71.0%) | loss: 1.000531 | trade:0.31 call:0.62 put:0.38 | ATM:0.65 OTM:0.35 | lr: 1.50e-04 | left: 70s
step 09850 ( 71.5%) | loss: 1.010773 | trade:0.34 call:0.52 put:0.48 | ATM:0.62 OTM:0.38 | lr: 1.49e-04 | left: 68s
step 09900 ( 72.0%) | loss: 1.015762 | trade:0.29 call:0.60 put:0.40 | ATM:0.68 OTM:0.32 | lr: 1.48e-04 | left: 67s
step 09950 ( 72.5%) | loss: 1.005463 | trade:0.33 call:0.60 put:0.40 | ATM:0.69 OTM:0.31 | lr: 1.47e-04 | left: 66s
step 10000 ( 73.1%) | loss: 1.016298 | trade:0.36 call:0.53 put:0.47 | ATM:0.65 OTM:0.35 | lr: 1.46e-04 | left: 65s
step 10050 ( 73.6%) | loss: 1.007616 | trade:0.33 call:0.61 put:0.39 | ATM:0.60 OTM:0.40 | lr: 1.45e-04 | left: 63s
step 10100 ( 74.2%) | loss: 1.004133 | trade:0.33 call:0.53 put:0.47 | ATM:0.65 OTM:0.35 | lr: 1.43e-04 | left: 62s
step 10150 ( 74.7%) | loss: 1.009329 | trade:0.34 call:0.61 put:0.39 | ATM:0.63 OTM:0.37 | lr: 1.41e-04 | left: 61s
step 10200 ( 75.2%) | loss: 0.999609 | trade:0.36 call:0.60 put:0.40 | ATM:0.63 OTM:0.37 | lr: 1.39e-04 | left: 59s
step 10250 ( 75.7%) | loss: 0.972030 | trade:0.35 call:0.56 put:0.44 | ATM:0.63 OTM:0.37 | lr: 1.37e-04 | left: 58s
step 10300 ( 75.9%) | loss: 1.010979 | trade:0.29 call:0.58 put:0.42 | ATM:0.64 OTM:0.36 | lr: 1.36e-04 | left: 58s
step 10350 ( 76.3%) | loss: 0.991691 | trade:0.33 call:0.60 put:0.40 | ATM:0.65 OTM:0.35 | lr: 1.34e-04 | left: 57s
step 10400 ( 76.9%) | loss: 1.005861 | trade:0.32 call:0.62 put:0.38 | ATM:0.63 OTM:0.37 | lr: 1.31e-04 | left: 55s
step 10450 ( 77.4%) | loss: 0.976258 | trade:0.30 call:0.64 put:0.36 | ATM:0.70 OTM:0.30 | lr: 1.29e-04 | left: 54s
step 10500 ( 77.9%) | loss: 1.017893 | trade:0.30 call:0.64 put:0.36 | ATM:0.66 OTM:0.34 | lr: 1.26e-04 | left: 53s
step 10550 ( 78.5%) | loss: 1.002610 | trade:0.31 call:0.57 put:0.43 | ATM:0.58 OTM:0.42 | lr: 1.22e-04 | left: 52s
step 10600 ( 79.0%) | loss: 1.001330 | trade:0.29 call:0.59 put:0.41 | ATM:0.70 OTM:0.30 | lr: 1.19e-04 | left: 50s
step 10650 ( 79.5%) | loss: 1.000072 | trade:0.29 call:0.58 put:0.42 | ATM:0.66 OTM:0.34 | lr: 1.16e-04 | left: 49s
step 10700 ( 80.0%) | loss: 1.003327 | trade:0.37 call:0.61 put:0.39 | ATM:0.62 OTM:0.38 | lr: 1.12e-04 | left: 48s
step 10750 ( 80.6%) | loss: 0.992652 | trade:0.32 call:0.52 put:0.48 | ATM:0.62 OTM:0.38 | lr: 1.09e-04 | left: 47s
step 10800 ( 80.9%) | loss: 0.996872 | trade:0.36 call:0.60 put:0.40 | ATM:0.62 OTM:0.38 | lr: 1.06e-04 | left: 46s
step 10850 ( 81.3%) | loss: 0.977657 | trade:0.39 call:0.54 put:0.46 | ATM:0.63 OTM:0.37 | lr: 1.03e-04 | left: 45s
step 10900 ( 81.8%) | loss: 0.972436 | trade:0.35 call:0.58 put:0.42 | ATM:0.66 OTM:0.34 | lr: 9.94e-05 | left: 44s
step 10950 ( 82.3%) | loss: 1.014642 | trade:0.37 call:0.64 put:0.36 | ATM:0.60 OTM:0.40 | lr: 9.57e-05 | left: 42s
step 11000 ( 82.9%) | loss: 0.996133 | trade:0.30 call:0.59 put:0.41 | ATM:0.64 OTM:0.36 | lr: 9.17e-05 | left: 41s
step 11050 ( 83.4%) | loss: 0.993002 | trade:0.28 call:0.62 put:0.38 | ATM:0.69 OTM:0.31 | lr: 8.76e-05 | left: 40s
step 11100 ( 83.9%) | loss: 0.995946 | trade:0.38 call:0.63 put:0.37 | ATM:0.60 OTM:0.40 | lr: 8.35e-05 | left: 39s
step 11150 ( 84.4%) | loss: 0.978358 | trade:0.33 call:0.56 put:0.44 | ATM:0.64 OTM:0.36 | lr: 7.94e-05 | left: 37s
step 11200 ( 85.0%) | loss: 0.984189 | trade:0.36 call:0.55 put:0.45 | ATM:0.62 OTM:0.38 | lr: 7.53e-05 | left: 36s
step 11250 ( 85.5%) | loss: 0.980423 | trade:0.29 call:0.58 put:0.42 | ATM:0.66 OTM:0.34 | lr: 7.11e-05 | left: 35s
step 11300 ( 86.0%) | loss: 0.987623 | trade:0.33 call:0.63 put:0.37 | ATM:0.64 OTM:0.36 | lr: 6.70e-05 | left: 34s
step 11350 ( 86.5%) | loss: 0.976185 | trade:0.37 call:0.58 put:0.42 | ATM:0.61 OTM:0.39 | lr: 6.29e-05 | left: 32s
step 11400 ( 87.1%) | loss: 0.982179 | trade:0.35 call:0.61 put:0.39 | ATM:0.63 OTM:0.37 | lr: 5.89e-05 | left: 31s
step 11450 ( 87.5%) | loss: 0.956209 | trade:0.31 call:0.61 put:0.39 | ATM:0.68 OTM:0.32 | lr: 5.55e-05 | left: 30s
step 11500 ( 87.7%) | loss: 0.964682 | trade:0.32 call:0.63 put:0.37 | ATM:0.66 OTM:0.34 | lr: 5.38e-05 | left: 29s
step 11550 ( 88.0%) | loss: 0.978972 | trade:0.31 call:0.59 put:0.41 | ATM:0.65 OTM:0.35 | lr: 5.21e-05 | left: 29s
step 11600 ( 88.2%) | loss: 0.983252 | trade:0.36 call:0.58 put:0.42 | ATM:0.65 OTM:0.35 | lr: 5.03e-05 | left: 28s
step 11650 ( 88.4%) | loss: 0.983158 | trade:0.35 call:0.56 put:0.44 | ATM:0.66 OTM:0.34 | lr: 4.86e-05 | left: 28s
step 11700 ( 88.7%) | loss: 0.979896 | trade:0.32 call:0.62 put:0.38 | ATM:0.71 OTM:0.29 | lr: 4.68e-05 | left: 27s
step 11750 ( 89.0%) | loss: 0.984035 | trade:0.33 call:0.61 put:0.39 | ATM:0.63 OTM:0.37 | lr: 4.47e-05 | left: 26s
step 11800 ( 89.2%) | loss: 0.965873 | trade:0.37 call:0.61 put:0.39 | ATM:0.67 OTM:0.33 | lr: 4.31e-05 | left: 26s
step 11850 ( 89.4%) | loss: 0.941241 | trade:0.36 call:0.63 put:0.37 | ATM:0.68 OTM:0.32 | lr: 4.15e-05 | left: 25s
step 11900 ( 89.6%) | loss: 0.978598 | trade:0.27 call:0.63 put:0.37 | ATM:0.70 OTM:0.30 | lr: 3.99e-05 | left: 25s
step 11950 ( 89.9%) | loss: 0.970177 | trade:0.33 call:0.56 put:0.44 | ATM:0.67 OTM:0.33 | lr: 3.84e-05 | left: 24s
step 12000 ( 90.1%) | loss: 0.965936 | trade:0.37 call:0.55 put:0.45 | ATM:0.64 OTM:0.36 | lr: 3.69e-05 | left: 24s
step 12050 ( 90.3%) | loss: 0.972424 | trade:0.34 call:0.60 put:0.40 | ATM:0.66 OTM:0.34 | lr: 3.55e-05 | left: 23s
step 12100 ( 90.5%) | loss: 0.941618 | trade:0.27 call:0.63 put:0.37 | ATM:0.66 OTM:0.34 | lr: 3.40e-05 | left: 23s
step 12150 ( 90.7%) | loss: 0.961885 | trade:0.32 call:0.61 put:0.39 | ATM:0.70 OTM:0.30 | lr: 3.26e-05 | left: 22s
step 12200 ( 91.0%) | loss: 0.973346 | trade:0.32 call:0.54 put:0.46 | ATM:0.68 OTM:0.32 | lr: 3.12e-05 | left: 22s
step 12250 ( 91.2%) | loss: 0.959328 | trade:0.32 call:0.61 put:0.39 | ATM:0.66 OTM:0.34 | lr: 2.97e-05 | left: 21s
step 12300 ( 91.4%) | loss: 0.958896 | trade:0.33 call:0.60 put:0.40 | ATM:0.65 OTM:0.35 | lr: 2.83e-05 | left: 21s
step 12350 ( 91.7%) | loss: 0.950812 | trade:0.30 call:0.65 put:0.35 | ATM:0.67 OTM:0.33 | lr: 2.68e-05 | left: 20s
step 12400 ( 91.9%) | loss: 0.960002 | trade:0.34 call:0.58 put:0.42 | ATM:0.66 OTM:0.34 | lr: 2.52e-05 | left: 19s
step 12450 ( 92.2%) | loss: 0.952721 | trade:0.36 call:0.63 put:0.37 | ATM:0.64 OTM:0.36 | lr: 2.39e-05 | left: 19s
step 12500 ( 92.4%) | loss: 0.969453 | trade:0.30 call:0.62 put:0.38 | ATM:0.69 OTM:0.31 | lr: 2.26e-05 | left: 18s
step 12550 ( 92.7%) | loss: 0.957972 | trade:0.34 call:0.56 put:0.44 | ATM:0.64 OTM:0.36 | lr: 2.11e-05 | left: 18s
step 12600 ( 92.9%) | loss: 0.963902 | trade:0.28 call:0.62 put:0.38 | ATM:0.65 OTM:0.35 | lr: 2.00e-05 | left: 17s
step 12650 ( 93.1%) | loss: 0.965770 | trade:0.29 call:0.62 put:0.38 | ATM:0.68 OTM:0.32 | lr: 1.88e-05 | left: 17s
step 12700 ( 93.3%) | loss: 0.967221 | trade:0.33 call:0.58 put:0.42 | ATM:0.65 OTM:0.35 | lr: 1.76e-05 | left: 16s
step 12750 ( 93.6%) | loss: 0.946278 | trade:0.34 call:0.61 put:0.39 | ATM:0.61 OTM:0.39 | lr: 1.63e-05 | left: 15s
step 12800 ( 93.8%) | loss: 0.964124 | trade:0.32 call:0.67 put:0.33 | ATM:0.66 OTM:0.34 | lr: 1.51e-05 | left: 15s
step 12850 ( 94.1%) | loss: 0.970478 | trade:0.31 call:0.59 put:0.41 | ATM:0.63 OTM:0.37 | lr: 1.41e-05 | left: 14s
step 12900 ( 94.3%) | loss: 0.957507 | trade:0.32 call:0.64 put:0.36 | ATM:0.65 OTM:0.35 | lr: 1.31e-05 | left: 14s
step 12950 ( 94.5%) | loss: 0.972050 | trade:0.38 call:0.62 put:0.38 | ATM:0.63 OTM:0.37 | lr: 1.20e-05 | left: 13s
step 13000 ( 94.7%) | loss: 0.954600 | trade:0.31 call:0.58 put:0.42 | ATM:0.69 OTM:0.31 | lr: 1.11e-05 | left: 13s
step 13050 ( 95.0%) | loss: 0.976413 | trade:0.32 call:0.54 put:0.46 | ATM:0.68 OTM:0.32 | lr: 9.94e-06 | left: 12s
step 13100 ( 95.3%) | loss: 0.945162 | trade:0.36 call:0.61 put:0.39 | ATM:0.60 OTM:0.40 | lr: 8.92e-06 | left: 11s
step 13150 ( 95.5%) | loss: 0.956335 | trade:0.34 call:0.57 put:0.43 | ATM:0.63 OTM:0.37 | lr: 8.11e-06 | left: 11s
step 13200 ( 95.8%) | loss: 0.948341 | trade:0.35 call:0.55 put:0.45 | ATM:0.68 OTM:0.32 | lr: 7.24e-06 | left: 10s
step 13250 ( 96.1%) | loss: 0.947663 | trade:0.35 call:0.63 put:0.37 | ATM:0.61 OTM:0.39 | lr: 6.05e-06 | left: 9s
step 13300 ( 96.7%) | loss: 0.944982 | trade:0.39 call:0.64 put:0.36 | ATM:0.65 OTM:0.35 | lr: 4.53e-06 | left: 8s
step 13350 ( 97.2%) | loss: 0.958094 | trade:0.36 call:0.62 put:0.38 | ATM:0.60 OTM:0.40 | lr: 3.21e-06 | left: 7s
step 13400 ( 97.7%) | loss: 0.928872 | trade:0.35 call:0.61 put:0.39 | ATM:0.66 OTM:0.34 | lr: 2.12e-06 | left: 5s
step 13450 ( 98.3%) | loss: 0.945898 | trade:0.33 call:0.57 put:0.43 | ATM:0.64 OTM:0.36 | lr: 1.25e-06 | left: 4s
step 13500 ( 98.8%) | loss: 0.963942 | trade:0.34 call:0.64 put:0.36 | ATM:0.62 OTM:0.38 | lr: 6.11e-07 | left: 3s
step 13550 ( 99.3%) | loss: 0.964321 | trade:0.35 call:0.60 put:0.40 | ATM:0.62 OTM:0.38 | lr: 1.97e-07 | left: 2s
step 13600 ( 99.8%) | loss: 0.947786 | trade:0.34 call:0.59 put:0.41 | ATM:0.66 OTM:0.34 | lr: 1.14e-08 | left: 0s

Training done at 245s. Starting evaluation...
Evaluation done in 7s (total wall: 252s)
Model saved to /root/best_model.pt
Trade log: 88 trades -> /root/trade_log.csv

---
score:              0.114034
profit_factor:      1.818316
win_rate:           0.397727
avg_winner:         0.637329
avg_loser:          -0.231466
trades_per_day:     1.353846
max_consec_loss:    9
num_trades:         88
trade_sharpe:       2.473561
sortino:            20.060153
max_drawdown:       -3.023683
calmar:             3.320070
ev_per_trade:       0.114078
do_nothing_pct:     0.593049
exit_pct:           0.012108
model_exit_count:   54
cooldown_blocked:   138
pre_10am_blocked:   599
short_hold_pct:     0.182000
stop_loss_rate:     0.364000
direction_collapse_pct: 0.375000
avg_entry_cost_bps: 399.646400
avg_entry_quality:  0.725500
cost_realism_coverage: 1.011400
high_cost_entry_rate: 0.500000
low_quality_entry_rate: 0.000000
actionable_bar_rate: 0.829100
risk_off_bar_rate:  0.000000
final_capital:      8273.54
equity_sharpe:      0.196500
max_equity_dd:      -0.619800
total_dollar_return:-0.172600
val_sharpe:         2.821197
total_return:       10.038838
num_val_bars:       4460
num_val_days:       65
worst_chunk_pf:     0.23
rr_ratio:           2.7534
avg_hold_bars:      12.24
model_exit_rate:    0.6136
hit_ruin:           False
min_equity_frac:    0.4030
avg_risk_fraction:  0.1342
max_risk_fraction:  0.5545
trades_blocked_by_balance: 0
training_seconds:   240.0
total_seconds:      254.0
peak_vram_mb:       357.0
num_steps:          13616
num_params:         146,265
lookback:           120
depth:              3
d_model:            64
effective_lr:       0.00015
gate_label_smoothing:0.050000
dir_label_smoothing:0.050000
false_entry_penalty:2.000000
/opt/conda/lib/python3.11/site-packages/torch/nn/modules/transformer.py:379: UserWarning: enable_nested_tensor is True, but self.use_nested_tensor is False because encoder_layer.norm_first was True
  warnings.warn(
