Loading data from: /root/.cache/autoresearch-trading/features/data.pt
Loaded 384870 1-min bars, 32 features, 8 actions
  ~986 trading days
Training:   up to idx 269189
Validation: idx 269190-384869
  Option P&L coverage: 297877/384870 (77%)
Parameters: 146,265
Architecture: v4 simplified two-head (gate+dir) + balanced strike gating + VIX regime robustness
Training from scratch (v4: no warm-start).

Budget: 240s | Batch: 128 | Lookback: 120
LR: 0.00015 | Depth: 3 | d_model: 64 | ff_mult: 3
Dropout: 0.15 | Weight decay: 0.05
False entry penalty: 2.0x
Label smoothing: gate=0.05 dir=0.05
Loss weights: gate=1.0, dir=1.0, pnl=0.3, exit=0.5
VIX regime weights: vix_regime=0.2, vix_consistency=0.1
Score tuning: R:R bonus=0.3, hold bonus=0.0, freq center=2.5, drawdown penalty=0.5

step 00000 (  0.0%) | loss: 3.009552 | trade:0.27 call:0.45 put:0.55 | ATM:0.23 OTM:0.77 | lr: 0.00e+00 | left: 240s
step 00050 (  0.4%) | loss: 3.116942 | trade:0.27 call:0.46 put:0.54 | ATM:0.24 OTM:0.76 | lr: 5.56e-06 | left: 239s
step 00100 (  0.9%) | loss: 3.073693 | trade:0.29 call:0.45 put:0.55 | ATM:0.24 OTM:0.76 | lr: 1.37e-05 | left: 238s
step 00150 (  1.5%) | loss: 3.007384 | trade:0.32 call:0.47 put:0.53 | ATM:0.24 OTM:0.76 | lr: 2.19e-05 | left: 236s
step 00200 (  2.0%) | loss: 2.971561 | trade:0.35 call:0.48 put:0.52 | ATM:0.25 OTM:0.75 | lr: 2.99e-05 | left: 235s
step 00250 (  2.5%) | loss: 2.869144 | trade:0.37 call:0.49 put:0.51 | ATM:0.26 OTM:0.74 | lr: 3.80e-05 | left: 234s
step 00300 (  3.1%) | loss: 2.830564 | trade:0.40 call:0.50 put:0.50 | ATM:0.28 OTM:0.72 | lr: 4.61e-05 | left: 233s
step 00350 (  3.6%) | loss: 2.806905 | trade:0.42 call:0.52 put:0.48 | ATM:0.30 OTM:0.70 | lr: 5.43e-05 | left: 231s
step 00400 (  4.1%) | loss: 2.741246 | trade:0.43 call:0.53 put:0.47 | ATM:0.31 OTM:0.69 | lr: 6.21e-05 | left: 230s
step 00450 (  4.7%) | loss: 2.666914 | trade:0.40 call:0.53 put:0.47 | ATM:0.32 OTM:0.68 | lr: 7.03e-05 | left: 229s
step 00500 (  5.2%) | loss: 2.650339 | trade:0.43 call:0.54 put:0.46 | ATM:0.32 OTM:0.68 | lr: 7.85e-05 | left: 227s
step 00550 (  5.8%) | loss: 2.599431 | trade:0.42 call:0.54 put:0.46 | ATM:0.33 OTM:0.67 | lr: 8.66e-05 | left: 226s
step 00600 (  6.3%) | loss: 2.512954 | trade:0.41 call:0.55 put:0.45 | ATM:0.34 OTM:0.66 | lr: 9.47e-05 | left: 225s
step 00650 (  6.9%) | loss: 2.467979 | trade:0.43 call:0.56 put:0.44 | ATM:0.34 OTM:0.66 | lr: 1.03e-04 | left: 224s
step 00700 (  7.4%) | loss: 2.341802 | trade:0.40 call:0.57 put:0.43 | ATM:0.35 OTM:0.65 | lr: 1.11e-04 | left: 222s
step 00750 (  7.9%) | loss: 2.237677 | trade:0.40 call:0.56 put:0.44 | ATM:0.37 OTM:0.63 | lr: 1.19e-04 | left: 221s
step 00800 (  8.5%) | loss: 2.187727 | trade:0.40 call:0.52 put:0.48 | ATM:0.37 OTM:0.63 | lr: 1.27e-04 | left: 220s
step 00850 (  9.0%) | loss: 2.070402 | trade:0.41 call:0.58 put:0.42 | ATM:0.38 OTM:0.62 | lr: 1.35e-04 | left: 218s
step 00900 (  9.5%) | loss: 1.977607 | trade:0.44 call:0.59 put:0.41 | ATM:0.37 OTM:0.63 | lr: 1.43e-04 | left: 217s
step 00950 ( 10.1%) | loss: 1.845949 | trade:0.41 call:0.59 put:0.41 | ATM:0.37 OTM:0.63 | lr: 1.50e-04 | left: 216s
step 01000 ( 10.6%) | loss: 1.744933 | trade:0.41 call:0.63 put:0.37 | ATM:0.42 OTM:0.58 | lr: 1.50e-04 | left: 214s
step 01050 ( 11.2%) | loss: 1.661534 | trade:0.38 call:0.61 put:0.39 | ATM:0.44 OTM:0.56 | lr: 1.50e-04 | left: 213s
step 01100 ( 11.7%) | loss: 1.578617 | trade:0.43 call:0.62 put:0.38 | ATM:0.45 OTM:0.55 | lr: 1.50e-04 | left: 212s
step 01150 ( 12.3%) | loss: 1.482130 | trade:0.40 call:0.66 put:0.34 | ATM:0.48 OTM:0.52 | lr: 1.50e-04 | left: 211s
step 01200 ( 12.8%) | loss: 1.462507 | trade:0.44 call:0.63 put:0.37 | ATM:0.41 OTM:0.59 | lr: 1.50e-04 | left: 209s
step 01250 ( 13.3%) | loss: 1.416224 | trade:0.40 call:0.63 put:0.37 | ATM:0.48 OTM:0.52 | lr: 1.50e-04 | left: 208s
step 01300 ( 13.9%) | loss: 1.390185 | trade:0.35 call:0.67 put:0.33 | ATM:0.45 OTM:0.55 | lr: 1.50e-04 | left: 207s
step 01350 ( 14.4%) | loss: 1.303558 | trade:0.40 call:0.58 put:0.42 | ATM:0.45 OTM:0.55 | lr: 1.50e-04 | left: 205s
step 01400 ( 15.0%) | loss: 1.272721 | trade:0.42 call:0.61 put:0.39 | ATM:0.50 OTM:0.50 | lr: 1.50e-04 | left: 204s
step 01450 ( 15.5%) | loss: 1.291842 | trade:0.34 call:0.75 put:0.25 | ATM:0.49 OTM:0.51 | lr: 1.50e-04 | left: 203s
step 01500 ( 16.0%) | loss: 1.280472 | trade:0.46 call:0.65 put:0.35 | ATM:0.47 OTM:0.53 | lr: 1.50e-04 | left: 201s
step 01550 ( 16.6%) | loss: 1.212349 | trade:0.36 call:0.67 put:0.33 | ATM:0.47 OTM:0.53 | lr: 1.50e-04 | left: 200s
step 01600 ( 17.1%) | loss: 1.179100 | trade:0.41 call:0.63 put:0.37 | ATM:0.45 OTM:0.55 | lr: 1.50e-04 | left: 199s
step 01650 ( 17.7%) | loss: 1.202179 | trade:0.40 call:0.67 put:0.33 | ATM:0.47 OTM:0.53 | lr: 1.50e-04 | left: 198s
step 01700 ( 18.2%) | loss: 1.190120 | trade:0.37 call:0.64 put:0.36 | ATM:0.46 OTM:0.54 | lr: 1.50e-04 | left: 196s
step 01750 ( 18.7%) | loss: 1.156063 | trade:0.39 call:0.65 put:0.35 | ATM:0.54 OTM:0.46 | lr: 1.50e-04 | left: 195s
step 01800 ( 19.2%) | loss: 1.126464 | trade:0.37 call:0.66 put:0.34 | ATM:0.49 OTM:0.51 | lr: 1.50e-04 | left: 194s
step 01850 ( 19.8%) | loss: 1.070394 | trade:0.43 call:0.65 put:0.35 | ATM:0.50 OTM:0.50 | lr: 1.50e-04 | left: 192s
step 01900 ( 20.3%) | loss: 1.102207 | trade:0.42 call:0.62 put:0.38 | ATM:0.51 OTM:0.49 | lr: 1.50e-04 | left: 191s
step 01950 ( 20.9%) | loss: 1.146341 | trade:0.36 call:0.61 put:0.39 | ATM:0.47 OTM:0.53 | lr: 1.50e-04 | left: 190s
step 02000 ( 21.4%) | loss: 1.017566 | trade:0.34 call:0.65 put:0.35 | ATM:0.46 OTM:0.54 | lr: 1.50e-04 | left: 189s
step 02050 ( 22.0%) | loss: 1.093752 | trade:0.40 call:0.68 put:0.32 | ATM:0.53 OTM:0.47 | lr: 1.50e-04 | left: 187s
step 02100 ( 22.5%) | loss: 1.050682 | trade:0.37 call:0.65 put:0.35 | ATM:0.46 OTM:0.54 | lr: 1.50e-04 | left: 186s
step 02150 ( 23.0%) | loss: 1.055411 | trade:0.38 call:0.64 put:0.36 | ATM:0.49 OTM:0.51 | lr: 1.50e-04 | left: 185s
step 02200 ( 23.6%) | loss: 1.054623 | trade:0.42 call:0.61 put:0.39 | ATM:0.45 OTM:0.55 | lr: 1.50e-04 | left: 183s
step 02250 ( 24.1%) | loss: 1.038719 | trade:0.39 call:0.67 put:0.33 | ATM:0.51 OTM:0.49 | lr: 1.50e-04 | left: 182s
step 02300 ( 24.7%) | loss: 1.030262 | trade:0.36 call:0.62 put:0.38 | ATM:0.47 OTM:0.53 | lr: 1.50e-04 | left: 181s
step 02350 ( 25.2%) | loss: 0.985205 | trade:0.40 call:0.70 put:0.30 | ATM:0.55 OTM:0.45 | lr: 1.50e-04 | left: 180s
step 02400 ( 25.7%) | loss: 1.022882 | trade:0.35 call:0.76 put:0.24 | ATM:0.42 OTM:0.58 | lr: 1.50e-04 | left: 178s
step 02450 ( 26.3%) | loss: 1.018415 | trade:0.44 call:0.69 put:0.31 | ATM:0.49 OTM:0.51 | lr: 1.50e-04 | left: 177s
step 02500 ( 26.8%) | loss: 1.021541 | trade:0.43 call:0.58 put:0.42 | ATM:0.44 OTM:0.56 | lr: 1.50e-04 | left: 176s
step 02550 ( 27.3%) | loss: 0.964350 | trade:0.38 call:0.62 put:0.38 | ATM:0.50 OTM:0.50 | lr: 1.50e-04 | left: 174s
step 02600 ( 27.9%) | loss: 1.007979 | trade:0.37 call:0.57 put:0.43 | ATM:0.50 OTM:0.50 | lr: 1.50e-04 | left: 173s
step 02650 ( 28.4%) | loss: 0.992695 | trade:0.37 call:0.65 put:0.35 | ATM:0.50 OTM:0.50 | lr: 1.50e-04 | left: 172s
step 02700 ( 29.0%) | loss: 1.008607 | trade:0.34 call:0.65 put:0.35 | ATM:0.49 OTM:0.51 | lr: 1.50e-04 | left: 170s
step 02750 ( 29.5%) | loss: 0.995810 | trade:0.38 call:0.60 put:0.40 | ATM:0.49 OTM:0.51 | lr: 1.50e-04 | left: 169s
step 02800 ( 30.0%) | loss: 0.974847 | trade:0.39 call:0.63 put:0.37 | ATM:0.56 OTM:0.44 | lr: 1.50e-04 | left: 168s
step 02850 ( 30.6%) | loss: 0.966891 | trade:0.33 call:0.65 put:0.35 | ATM:0.57 OTM:0.43 | lr: 1.50e-04 | left: 167s
step 02900 ( 31.1%) | loss: 0.926961 | trade:0.40 call:0.64 put:0.36 | ATM:0.47 OTM:0.53 | lr: 1.50e-04 | left: 165s
step 02950 ( 31.7%) | loss: 0.955199 | trade:0.38 call:0.67 put:0.33 | ATM:0.53 OTM:0.47 | lr: 1.50e-04 | left: 164s
step 03000 ( 32.2%) | loss: 0.961609 | trade:0.41 call:0.62 put:0.38 | ATM:0.50 OTM:0.50 | lr: 1.50e-04 | left: 163s
step 03050 ( 32.8%) | loss: 0.948856 | trade:0.37 call:0.66 put:0.34 | ATM:0.53 OTM:0.47 | lr: 1.50e-04 | left: 161s
step 03100 ( 33.3%) | loss: 0.920462 | trade:0.40 call:0.69 put:0.31 | ATM:0.56 OTM:0.44 | lr: 1.50e-04 | left: 160s
step 03150 ( 33.8%) | loss: 0.940835 | trade:0.38 call:0.62 put:0.38 | ATM:0.49 OTM:0.51 | lr: 1.50e-04 | left: 159s
step 03200 ( 34.4%) | loss: 0.973943 | trade:0.38 call:0.64 put:0.36 | ATM:0.51 OTM:0.49 | lr: 1.50e-04 | left: 157s
step 03250 ( 34.9%) | loss: 0.944669 | trade:0.33 call:0.64 put:0.36 | ATM:0.54 OTM:0.46 | lr: 1.50e-04 | left: 156s
step 03300 ( 35.5%) | loss: 0.915946 | trade:0.38 call:0.67 put:0.33 | ATM:0.52 OTM:0.48 | lr: 1.50e-04 | left: 155s
step 03350 ( 36.0%) | loss: 0.945924 | trade:0.34 call:0.62 put:0.38 | ATM:0.55 OTM:0.45 | lr: 1.50e-04 | left: 154s
step 03400 ( 36.6%) | loss: 0.962540 | trade:0.38 call:0.61 put:0.39 | ATM:0.54 OTM:0.46 | lr: 1.50e-04 | left: 152s
step 03450 ( 37.1%) | loss: 0.904115 | trade:0.37 call:0.63 put:0.37 | ATM:0.46 OTM:0.54 | lr: 1.50e-04 | left: 151s
step 03500 ( 37.7%) | loss: 0.908269 | trade:0.32 call:0.66 put:0.34 | ATM:0.51 OTM:0.49 | lr: 1.50e-04 | left: 150s
step 03550 ( 38.2%) | loss: 0.925597 | trade:0.35 call:0.63 put:0.37 | ATM:0.54 OTM:0.46 | lr: 1.50e-04 | left: 148s
step 03600 ( 38.7%) | loss: 0.932932 | trade:0.35 call:0.63 put:0.37 | ATM:0.53 OTM:0.47 | lr: 1.50e-04 | left: 147s
step 03650 ( 39.3%) | loss: 0.917306 | trade:0.33 call:0.65 put:0.35 | ATM:0.50 OTM:0.50 | lr: 1.50e-04 | left: 146s
step 03700 ( 39.8%) | loss: 0.904121 | trade:0.37 call:0.67 put:0.33 | ATM:0.55 OTM:0.45 | lr: 1.50e-04 | left: 144s
step 03750 ( 40.4%) | loss: 0.958884 | trade:0.29 call:0.69 put:0.31 | ATM:0.54 OTM:0.46 | lr: 1.50e-04 | left: 143s
step 03800 ( 40.9%) | loss: 0.893650 | trade:0.40 call:0.61 put:0.39 | ATM:0.50 OTM:0.50 | lr: 1.50e-04 | left: 142s
step 03850 ( 41.4%) | loss: 0.916099 | trade:0.35 call:0.61 put:0.39 | ATM:0.53 OTM:0.47 | lr: 1.50e-04 | left: 141s
step 03900 ( 41.9%) | loss: 0.895169 | trade:0.43 call:0.59 put:0.41 | ATM:0.53 OTM:0.47 | lr: 1.50e-04 | left: 139s
step 03950 ( 42.4%) | loss: 0.904411 | trade:0.31 call:0.68 put:0.32 | ATM:0.54 OTM:0.46 | lr: 1.50e-04 | left: 138s
step 04000 ( 43.0%) | loss: 0.885254 | trade:0.38 call:0.65 put:0.35 | ATM:0.50 OTM:0.50 | lr: 1.50e-04 | left: 137s
step 04050 ( 43.5%) | loss: 0.926885 | trade:0.38 call:0.63 put:0.37 | ATM:0.53 OTM:0.47 | lr: 1.50e-04 | left: 136s
step 04100 ( 44.0%) | loss: 0.877930 | trade:0.34 call:0.60 put:0.40 | ATM:0.56 OTM:0.44 | lr: 1.50e-04 | left: 134s
step 04150 ( 44.6%) | loss: 0.884008 | trade:0.36 call:0.58 put:0.42 | ATM:0.64 OTM:0.36 | lr: 1.50e-04 | left: 133s
step 04200 ( 45.1%) | loss: 0.888907 | trade:0.33 call:0.63 put:0.37 | ATM:0.58 OTM:0.42 | lr: 1.50e-04 | left: 132s
step 04250 ( 45.7%) | loss: 0.871623 | trade:0.35 call:0.58 put:0.42 | ATM:0.57 OTM:0.43 | lr: 1.50e-04 | left: 130s
step 04300 ( 46.2%) | loss: 0.913812 | trade:0.41 call:0.59 put:0.41 | ATM:0.55 OTM:0.45 | lr: 1.50e-04 | left: 129s
step 04350 ( 46.8%) | loss: 0.886403 | trade:0.37 call:0.65 put:0.35 | ATM:0.60 OTM:0.40 | lr: 1.50e-04 | left: 128s
step 04400 ( 47.3%) | loss: 0.892935 | trade:0.35 call:0.63 put:0.37 | ATM:0.55 OTM:0.45 | lr: 1.50e-04 | left: 126s
step 04450 ( 47.8%) | loss: 0.878773 | trade:0.39 call:0.63 put:0.37 | ATM:0.60 OTM:0.40 | lr: 1.50e-04 | left: 125s
step 04500 ( 48.4%) | loss: 0.874478 | trade:0.38 call:0.61 put:0.39 | ATM:0.60 OTM:0.40 | lr: 1.50e-04 | left: 124s
step 04550 ( 48.9%) | loss: 0.866032 | trade:0.35 call:0.58 put:0.42 | ATM:0.57 OTM:0.43 | lr: 1.50e-04 | left: 123s
step 04600 ( 49.5%) | loss: 0.864686 | trade:0.36 call:0.64 put:0.36 | ATM:0.55 OTM:0.45 | lr: 1.50e-04 | left: 121s
step 04650 ( 50.0%) | loss: 0.885906 | trade:0.35 call:0.61 put:0.39 | ATM:0.58 OTM:0.42 | lr: 1.50e-04 | left: 120s
step 04700 ( 50.5%) | loss: 0.872417 | trade:0.40 call:0.66 put:0.34 | ATM:0.58 OTM:0.42 | lr: 1.50e-04 | left: 119s
step 04750 ( 51.1%) | loss: 0.867766 | trade:0.35 call:0.57 put:0.43 | ATM:0.58 OTM:0.42 | lr: 1.50e-04 | left: 117s
step 04800 ( 51.6%) | loss: 0.874078 | trade:0.41 call:0.56 put:0.44 | ATM:0.53 OTM:0.47 | lr: 1.50e-04 | left: 116s
step 04850 ( 52.2%) | loss: 0.826489 | trade:0.40 call:0.59 put:0.41 | ATM:0.57 OTM:0.43 | lr: 1.50e-04 | left: 115s
step 04900 ( 52.7%) | loss: 0.883023 | trade:0.34 call:0.61 put:0.39 | ATM:0.65 OTM:0.35 | lr: 1.50e-04 | left: 113s
step 04950 ( 53.3%) | loss: 0.867663 | trade:0.35 call:0.58 put:0.42 | ATM:0.58 OTM:0.42 | lr: 1.50e-04 | left: 112s
step 05000 ( 53.8%) | loss: 0.902783 | trade:0.37 call:0.59 put:0.41 | ATM:0.60 OTM:0.40 | lr: 1.50e-04 | left: 111s
step 05050 ( 54.3%) | loss: 0.871562 | trade:0.36 call:0.66 put:0.34 | ATM:0.50 OTM:0.50 | lr: 1.50e-04 | left: 110s
step 05100 ( 54.8%) | loss: 0.893424 | trade:0.32 call:0.62 put:0.38 | ATM:0.59 OTM:0.41 | lr: 1.50e-04 | left: 108s
step 05150 ( 55.4%) | loss: 0.841377 | trade:0.41 call:0.59 put:0.41 | ATM:0.58 OTM:0.42 | lr: 1.50e-04 | left: 107s
step 05200 ( 55.9%) | loss: 0.859401 | trade:0.35 call:0.59 put:0.41 | ATM:0.62 OTM:0.38 | lr: 1.50e-04 | left: 106s
step 05250 ( 56.4%) | loss: 0.832170 | trade:0.31 call:0.64 put:0.36 | ATM:0.63 OTM:0.37 | lr: 1.50e-04 | left: 105s
step 05300 ( 56.9%) | loss: 0.874755 | trade:0.33 call:0.67 put:0.33 | ATM:0.57 OTM:0.43 | lr: 1.50e-04 | left: 103s
step 05350 ( 57.4%) | loss: 0.866831 | trade:0.32 call:0.65 put:0.35 | ATM:0.57 OTM:0.43 | lr: 1.50e-04 | left: 102s
step 05400 ( 58.0%) | loss: 0.855642 | trade:0.40 call:0.57 put:0.43 | ATM:0.51 OTM:0.49 | lr: 1.50e-04 | left: 101s
step 05450 ( 58.5%) | loss: 0.834258 | trade:0.38 call:0.57 put:0.43 | ATM:0.56 OTM:0.44 | lr: 1.50e-04 | left: 100s
step 05500 ( 59.0%) | loss: 0.818675 | trade:0.37 call:0.58 put:0.42 | ATM:0.58 OTM:0.42 | lr: 1.50e-04 | left: 98s
step 05550 ( 59.6%) | loss: 0.853939 | trade:0.37 call:0.56 put:0.44 | ATM:0.61 OTM:0.39 | lr: 1.50e-04 | left: 97s
step 05600 ( 60.1%) | loss: 0.859530 | trade:0.36 call:0.66 put:0.34 | ATM:0.60 OTM:0.40 | lr: 1.50e-04 | left: 96s
step 05650 ( 60.6%) | loss: 0.842860 | trade:0.33 call:0.63 put:0.37 | ATM:0.64 OTM:0.36 | lr: 1.50e-04 | left: 95s
step 05700 ( 61.1%) | loss: 0.833785 | trade:0.41 call:0.62 put:0.38 | ATM:0.54 OTM:0.46 | lr: 1.50e-04 | left: 93s
step 05750 ( 61.7%) | loss: 0.855507 | trade:0.37 call:0.60 put:0.40 | ATM:0.56 OTM:0.44 | lr: 1.50e-04 | left: 92s
step 05800 ( 62.2%) | loss: 0.841430 | trade:0.36 call:0.66 put:0.34 | ATM:0.59 OTM:0.41 | lr: 1.50e-04 | left: 91s
step 05850 ( 62.8%) | loss: 0.821947 | trade:0.37 call:0.61 put:0.39 | ATM:0.58 OTM:0.42 | lr: 1.50e-04 | left: 89s
step 05900 ( 63.3%) | loss: 0.846009 | trade:0.40 call:0.60 put:0.40 | ATM:0.57 OTM:0.43 | lr: 1.50e-04 | left: 88s
step 05950 ( 63.8%) | loss: 0.834200 | trade:0.35 call:0.53 put:0.47 | ATM:0.59 OTM:0.41 | lr: 1.50e-04 | left: 87s
step 06000 ( 64.4%) | loss: 0.810352 | trade:0.37 call:0.61 put:0.39 | ATM:0.58 OTM:0.42 | lr: 1.50e-04 | left: 86s
step 06050 ( 64.9%) | loss: 0.873299 | trade:0.37 call:0.59 put:0.41 | ATM:0.60 OTM:0.40 | lr: 1.50e-04 | left: 84s
step 06100 ( 65.4%) | loss: 0.830797 | trade:0.31 call:0.57 put:0.43 | ATM:0.59 OTM:0.41 | lr: 1.50e-04 | left: 83s
step 06150 ( 66.0%) | loss: 0.804264 | trade:0.31 call:0.58 put:0.42 | ATM:0.62 OTM:0.38 | lr: 1.50e-04 | left: 82s
step 06200 ( 66.5%) | loss: 0.804816 | trade:0.35 call:0.55 put:0.45 | ATM:0.57 OTM:0.43 | lr: 1.50e-04 | left: 80s
step 06250 ( 67.0%) | loss: 0.796374 | trade:0.35 call:0.63 put:0.37 | ATM:0.63 OTM:0.37 | lr: 1.50e-04 | left: 79s
step 06300 ( 67.6%) | loss: 0.815691 | trade:0.39 call:0.57 put:0.43 | ATM:0.55 OTM:0.45 | lr: 1.50e-04 | left: 78s
step 06350 ( 68.1%) | loss: 0.821765 | trade:0.33 call:0.62 put:0.38 | ATM:0.63 OTM:0.37 | lr: 1.50e-04 | left: 76s
step 06400 ( 68.7%) | loss: 0.824906 | trade:0.35 call:0.60 put:0.40 | ATM:0.63 OTM:0.37 | lr: 1.50e-04 | left: 75s
step 06450 ( 69.2%) | loss: 0.829511 | trade:0.35 call:0.56 put:0.44 | ATM:0.56 OTM:0.44 | lr: 1.50e-04 | left: 74s
step 06500 ( 69.7%) | loss: 0.805735 | trade:0.33 call:0.54 put:0.46 | ATM:0.59 OTM:0.41 | lr: 1.50e-04 | left: 73s
step 06550 ( 70.3%) | loss: 0.825912 | trade:0.42 call:0.59 put:0.41 | ATM:0.52 OTM:0.48 | lr: 1.50e-04 | left: 71s
step 06600 ( 70.8%) | loss: 0.804240 | trade:0.38 call:0.60 put:0.40 | ATM:0.56 OTM:0.44 | lr: 1.50e-04 | left: 70s
step 06650 ( 71.4%) | loss: 0.830464 | trade:0.39 call:0.61 put:0.39 | ATM:0.62 OTM:0.38 | lr: 1.49e-04 | left: 69s
step 06700 ( 71.9%) | loss: 0.846785 | trade:0.39 call:0.68 put:0.32 | ATM:0.59 OTM:0.41 | lr: 1.49e-04 | left: 67s
step 06750 ( 72.4%) | loss: 0.783210 | trade:0.39 call:0.63 put:0.37 | ATM:0.55 OTM:0.45 | lr: 1.48e-04 | left: 66s
step 06800 ( 73.0%) | loss: 0.828750 | trade:0.36 call:0.52 put:0.48 | ATM:0.55 OTM:0.45 | lr: 1.46e-04 | left: 65s
step 06850 ( 73.5%) | loss: 0.813912 | trade:0.36 call:0.64 put:0.36 | ATM:0.61 OTM:0.39 | lr: 1.45e-04 | left: 63s
step 06900 ( 74.1%) | loss: 0.799314 | trade:0.35 call:0.58 put:0.42 | ATM:0.58 OTM:0.42 | lr: 1.43e-04 | left: 62s
step 06950 ( 74.6%) | loss: 0.823108 | trade:0.31 call:0.57 put:0.43 | ATM:0.66 OTM:0.34 | lr: 1.41e-04 | left: 61s
step 07000 ( 75.2%) | loss: 0.800222 | trade:0.37 call:0.58 put:0.42 | ATM:0.56 OTM:0.44 | lr: 1.39e-04 | left: 60s
step 07050 ( 75.7%) | loss: 0.820052 | trade:0.32 call:0.59 put:0.41 | ATM:0.66 OTM:0.34 | lr: 1.37e-04 | left: 58s
step 07100 ( 76.2%) | loss: 0.837809 | trade:0.30 call:0.60 put:0.40 | ATM:0.60 OTM:0.40 | lr: 1.35e-04 | left: 57s
step 07150 ( 76.8%) | loss: 0.782463 | trade:0.37 call:0.60 put:0.40 | ATM:0.57 OTM:0.43 | lr: 1.32e-04 | left: 56s
step 07200 ( 77.3%) | loss: 0.730862 | trade:0.34 call:0.58 put:0.42 | ATM:0.58 OTM:0.42 | lr: 1.29e-04 | left: 54s
step 07250 ( 77.9%) | loss: 0.799358 | trade:0.36 call:0.53 put:0.47 | ATM:0.57 OTM:0.43 | lr: 1.26e-04 | left: 53s
step 07300 ( 78.4%) | loss: 0.782259 | trade:0.42 call:0.63 put:0.37 | ATM:0.52 OTM:0.48 | lr: 1.23e-04 | left: 52s
step 07350 ( 78.9%) | loss: 0.783934 | trade:0.32 call:0.60 put:0.40 | ATM:0.62 OTM:0.38 | lr: 1.20e-04 | left: 51s
step 07400 ( 79.5%) | loss: 0.813420 | trade:0.32 call:0.60 put:0.40 | ATM:0.60 OTM:0.40 | lr: 1.16e-04 | left: 49s
step 07450 ( 80.0%) | loss: 0.809601 | trade:0.38 call:0.64 put:0.36 | ATM:0.64 OTM:0.36 | lr: 1.12e-04 | left: 48s
step 07500 ( 80.6%) | loss: 0.783221 | trade:0.33 call:0.60 put:0.40 | ATM:0.58 OTM:0.42 | lr: 1.09e-04 | left: 47s
step 07550 ( 81.1%) | loss: 0.796188 | trade:0.28 call:0.58 put:0.42 | ATM:0.66 OTM:0.34 | lr: 1.05e-04 | left: 45s
step 07600 ( 81.6%) | loss: 0.769718 | trade:0.34 call:0.57 put:0.43 | ATM:0.59 OTM:0.41 | lr: 1.01e-04 | left: 44s
step 07650 ( 82.2%) | loss: 0.780282 | trade:0.33 call:0.57 put:0.43 | ATM:0.57 OTM:0.43 | lr: 9.68e-05 | left: 43s
step 07700 ( 82.7%) | loss: 0.821129 | trade:0.35 call:0.66 put:0.34 | ATM:0.53 OTM:0.47 | lr: 9.26e-05 | left: 41s
step 07750 ( 83.3%) | loss: 0.758672 | trade:0.37 call:0.54 put:0.46 | ATM:0.58 OTM:0.42 | lr: 8.85e-05 | left: 40s
step 07800 ( 83.8%) | loss: 0.800669 | trade:0.33 call:0.55 put:0.45 | ATM:0.64 OTM:0.36 | lr: 8.43e-05 | left: 39s
step 07850 ( 84.4%) | loss: 0.800776 | trade:0.38 call:0.57 put:0.43 | ATM:0.62 OTM:0.38 | lr: 8.00e-05 | left: 38s
step 07900 ( 84.9%) | loss: 0.753551 | trade:0.38 call:0.63 put:0.37 | ATM:0.55 OTM:0.45 | lr: 7.58e-05 | left: 36s
step 07950 ( 85.4%) | loss: 0.725528 | trade:0.41 call:0.53 put:0.47 | ATM:0.53 OTM:0.47 | lr: 7.15e-05 | left: 35s
step 08000 ( 86.0%) | loss: 0.788202 | trade:0.37 call:0.50 put:0.50 | ATM:0.63 OTM:0.37 | lr: 6.74e-05 | left: 34s
step 08050 ( 86.4%) | loss: 0.780105 | trade:0.40 call:0.59 put:0.41 | ATM:0.57 OTM:0.43 | lr: 6.37e-05 | left: 33s
step 08100 ( 87.0%) | loss: 0.748788 | trade:0.33 call:0.57 put:0.43 | ATM:0.64 OTM:0.36 | lr: 5.95e-05 | left: 31s
step 08150 ( 87.5%) | loss: 0.775677 | trade:0.34 call:0.54 put:0.46 | ATM:0.59 OTM:0.41 | lr: 5.53e-05 | left: 30s
step 08200 ( 88.1%) | loss: 0.768302 | trade:0.37 call:0.58 put:0.42 | ATM:0.58 OTM:0.42 | lr: 5.12e-05 | left: 29s
step 08250 ( 88.6%) | loss: 0.782590 | trade:0.45 call:0.60 put:0.40 | ATM:0.53 OTM:0.47 | lr: 4.72e-05 | left: 27s
step 08300 ( 89.2%) | loss: 0.771186 | trade:0.29 call:0.62 put:0.38 | ATM:0.60 OTM:0.40 | lr: 4.33e-05 | left: 26s
step 08350 ( 89.7%) | loss: 0.799507 | trade:0.41 call:0.59 put:0.41 | ATM:0.56 OTM:0.44 | lr: 3.95e-05 | left: 25s
step 08400 ( 90.2%) | loss: 0.756583 | trade:0.36 call:0.58 put:0.42 | ATM:0.64 OTM:0.36 | lr: 3.58e-05 | left: 23s
step 08450 ( 90.8%) | loss: 0.774524 | trade:0.35 call:0.53 put:0.47 | ATM:0.58 OTM:0.42 | lr: 3.23e-05 | left: 22s
step 08500 ( 91.3%) | loss: 0.795021 | trade:0.37 call:0.58 put:0.42 | ATM:0.57 OTM:0.43 | lr: 2.88e-05 | left: 21s
step 08550 ( 91.9%) | loss: 0.772383 | trade:0.36 call:0.64 put:0.36 | ATM:0.63 OTM:0.37 | lr: 2.56e-05 | left: 19s
step 08600 ( 92.4%) | loss: 0.744670 | trade:0.36 call:0.57 put:0.43 | ATM:0.60 OTM:0.40 | lr: 2.24e-05 | left: 18s
step 08650 ( 93.0%) | loss: 0.732468 | trade:0.36 call:0.55 put:0.45 | ATM:0.57 OTM:0.43 | lr: 1.95e-05 | left: 17s
step 08700 ( 93.5%) | loss: 0.748403 | trade:0.38 call:0.52 put:0.48 | ATM:0.57 OTM:0.43 | lr: 1.67e-05 | left: 16s
step 08750 ( 94.0%) | loss: 0.735721 | trade:0.37 call:0.53 put:0.47 | ATM:0.58 OTM:0.42 | lr: 1.41e-05 | left: 14s
step 08800 ( 94.6%) | loss: 0.770475 | trade:0.39 call:0.60 put:0.40 | ATM:0.61 OTM:0.39 | lr: 1.17e-05 | left: 13s
step 08850 ( 95.1%) | loss: 0.774970 | trade:0.32 call:0.55 put:0.45 | ATM:0.65 OTM:0.35 | lr: 9.55e-06 | left: 12s
step 08900 ( 95.7%) | loss: 0.780488 | trade:0.32 call:0.63 put:0.37 | ATM:0.56 OTM:0.44 | lr: 7.59e-06 | left: 10s
step 08950 ( 96.2%) | loss: 0.767491 | trade:0.42 call:0.63 put:0.37 | ATM:0.53 OTM:0.47 | lr: 5.83e-06 | left: 9s
step 09000 ( 96.8%) | loss: 0.751149 | trade:0.34 call:0.62 put:0.38 | ATM:0.60 OTM:0.40 | lr: 4.29e-06 | left: 8s
step 09050 ( 97.3%) | loss: 0.773977 | trade:0.42 call:0.54 put:0.46 | ATM:0.51 OTM:0.49 | lr: 2.99e-06 | left: 6s
step 09100 ( 97.8%) | loss: 0.771645 | trade:0.36 call:0.58 put:0.42 | ATM:0.62 OTM:0.38 | lr: 1.92e-06 | left: 5s
step 09150 ( 98.4%) | loss: 0.738864 | trade:0.30 call:0.56 put:0.44 | ATM:0.62 OTM:0.38 | lr: 1.08e-06 | left: 4s
step 09200 ( 98.9%) | loss: 0.760415 | trade:0.33 call:0.56 put:0.44 | ATM:0.64 OTM:0.36 | lr: 4.80e-07 | left: 3s
step 09250 ( 99.5%) | loss: 0.748943 | trade:0.35 call:0.54 put:0.46 | ATM:0.67 OTM:0.33 | lr: 1.20e-07 | left: 1s

Training done at 244s. Starting evaluation...
Evaluation done in 8s (total wall: 252s)
Model saved to /root/best_model.pt
Trade log: 89 trades -> /root/trade_log.csv

---
score:              0.915907
profit_factor:      2.796383
win_rate:           0.393258
avg_winner:         0.991509
avg_loser:          -0.229813
trades_per_day:     1.328358
max_consec_loss:    7
num_trades:         89
trade_sharpe:       3.981290
sortino:            44.079970
max_drawdown:       -4.489920
calmar:             4.965105
ev_per_trade:       0.250482
do_nothing_pct:     0.587012
exit_pct:           0.011144
model_exit_count:   52
cooldown_blocked:   162
pre_10am_blocked:   682
short_hold_pct:     0.180000
stop_loss_rate:     0.438000
direction_collapse_pct: 0.415700
avg_entry_cost_bps: 376.483900
avg_entry_quality:  0.740700
cost_realism_coverage: 1.000000
high_cost_entry_rate: 0.483100
low_quality_entry_rate: 0.000000
actionable_bar_rate: 0.803300
risk_off_bar_rate:  0.000000
final_capital:      14339.23
equity_sharpe:      1.649400
max_equity_dd:      -0.490000
total_dollar_return:0.433900
val_sharpe:         -17.514631
total_return:       22.292926
num_val_bars:       4666
num_val_days:       67
worst_chunk_pf:     0.90
rr_ratio:           4.3144
avg_hold_bars:      12.17
model_exit_rate:    0.5843
hit_ruin:           False
min_equity_frac:    0.5235
avg_risk_fraction:  0.0947
max_risk_fraction:  0.4432
trades_blocked_by_balance: 0
  Chunk 1: 2025-02-18..2025-05-14 | 21 trades | PF=0.90 | WR=19.0%
  Chunk 2: 2025-05-28..2025-08-01 | 17 trades | PF=1.21 | WR=29.4%
  Chunk 3: 2025-08-13..2025-10-09 | 19 trades | PF=11.73 | WR=63.2%
  Chunk 4: 2025-10-15..2025-12-04 | 19 trades | PF=2.24 | WR=36.8%
  Chunk 5: 2025-12-31..2026-03-16 | 13 trades | PF=4.01 | WR=53.8%
training_seconds:   240.0
total_seconds:      254.4
peak_vram_mb:       366.7
num_steps:          9300
num_params:         146,265
lookback:           120
depth:              3
d_model:            64
effective_lr:       0.00015
gate_label_smoothing:0.050000
dir_label_smoothing:0.050000
false_entry_penalty:2.000000
/opt/conda/lib/python3.11/site-packages/torch/nn/modules/transformer.py:379: UserWarning: enable_nested_tensor is True, but self.use_nested_tensor is False because encoder_layer.norm_first was True
  warnings.warn(
