Loading data from: /root/.cache/autoresearch-trading/features/data.pt
Loaded 384870 1-min bars, 32 features, 8 actions
  ~986 trading days
Training:   up to idx 269189
Validation: idx 269190-384869
  Option P&L coverage: 297877/384870 (77%)
Parameters: 146,265
Architecture: v4 simplified two-head (gate+dir) + balanced strike gating + VIX regime robustness + temporal chunking + stop prevention
Training from scratch (v4: no warm-start).

Budget: 240s | Batch: 128 | Lookback: 120
LR: 0.00015 | Depth: 3 | d_model: 64 | ff_mult: 3
Dropout: 0.15 | Weight decay: 0.05
False entry penalty: 2.5x (increased from 2.0)
Label smoothing: gate=0.05 dir=0.05
Loss weights: gate=1.0, dir=1.0, pnl=0.3, exit=0.5
VIX regime weights: vix_regime=0.2, vix_consistency=0.1
Temporal robustness: temporal_chunk=0.15
Stop prevention: stop_prevention=0.3
Score tuning: R:R bonus=0.3, hold bonus=0.0, freq center=2.5, drawdown penalty=0.5

step 00000 (  0.0%) | loss: 3.231424 | trade:0.17 call:0.45 put:0.55 | ATM:0.23 OTM:0.77 | lr: 0.00e+00 | left: 240s
step 00050 (  0.4%) | loss: 3.356768 | trade:0.17 call:0.46 put:0.54 | ATM:0.24 OTM:0.76 | lr: 5.81e-06 | left: 239s
step 00100 (  0.9%) | loss: 3.298587 | trade:0.18 call:0.45 put:0.55 | ATM:0.24 OTM:0.76 | lr: 1.38e-05 | left: 238s
step 00150 (  1.5%) | loss: 3.211558 | trade:0.21 call:0.47 put:0.53 | ATM:0.24 OTM:0.76 | lr: 2.22e-05 | left: 236s
step 00200 (  2.0%) | loss: 3.159041 | trade:0.25 call:0.48 put:0.52 | ATM:0.25 OTM:0.75 | lr: 3.05e-05 | left: 235s
step 00250 (  2.6%) | loss: 3.030727 | trade:0.28 call:0.50 put:0.50 | ATM:0.26 OTM:0.74 | lr: 3.87e-05 | left: 234s
step 00300 (  3.1%) | loss: 2.971927 | trade:0.32 call:0.51 put:0.49 | ATM:0.28 OTM:0.72 | lr: 4.70e-05 | left: 232s
step 00350 (  3.7%) | loss: 2.941204 | trade:0.35 call:0.52 put:0.48 | ATM:0.30 OTM:0.70 | lr: 5.53e-05 | left: 231s
step 00400 (  4.2%) | loss: 2.871117 | trade:0.36 call:0.53 put:0.47 | ATM:0.31 OTM:0.69 | lr: 6.35e-05 | left: 230s
step 00450 (  4.8%) | loss: 2.790740 | trade:0.34 call:0.53 put:0.47 | ATM:0.32 OTM:0.68 | lr: 7.18e-05 | left: 228s
step 00500 (  5.3%) | loss: 2.773640 | trade:0.37 call:0.54 put:0.46 | ATM:0.33 OTM:0.67 | lr: 8.00e-05 | left: 227s
step 00550 (  5.9%) | loss: 2.722890 | trade:0.35 call:0.54 put:0.46 | ATM:0.33 OTM:0.67 | lr: 8.83e-05 | left: 226s
step 00600 (  6.4%) | loss: 2.631633 | trade:0.36 call:0.55 put:0.45 | ATM:0.34 OTM:0.66 | lr: 9.67e-05 | left: 225s
step 00650 (  7.0%) | loss: 2.586915 | trade:0.37 call:0.56 put:0.44 | ATM:0.34 OTM:0.66 | lr: 1.05e-04 | left: 223s
step 00700 (  7.5%) | loss: 2.453229 | trade:0.34 call:0.57 put:0.43 | ATM:0.36 OTM:0.64 | lr: 1.13e-04 | left: 222s
step 00750 (  8.1%) | loss: 2.347546 | trade:0.34 call:0.56 put:0.44 | ATM:0.37 OTM:0.63 | lr: 1.21e-04 | left: 221s
step 00800 (  8.6%) | loss: 2.293430 | trade:0.35 call:0.52 put:0.48 | ATM:0.38 OTM:0.62 | lr: 1.29e-04 | left: 219s
step 00850 (  9.2%) | loss: 2.178060 | trade:0.36 call:0.58 put:0.42 | ATM:0.38 OTM:0.62 | lr: 1.38e-04 | left: 218s
step 00900 (  9.7%) | loss: 2.080996 | trade:0.40 call:0.59 put:0.41 | ATM:0.37 OTM:0.63 | lr: 1.46e-04 | left: 217s
step 00950 ( 10.3%) | loss: 1.947776 | trade:0.37 call:0.59 put:0.41 | ATM:0.37 OTM:0.63 | lr: 1.50e-04 | left: 215s
step 01000 ( 10.8%) | loss: 1.848588 | trade:0.34 call:0.63 put:0.37 | ATM:0.43 OTM:0.57 | lr: 1.50e-04 | left: 214s
step 01050 ( 11.4%) | loss: 1.766552 | trade:0.32 call:0.62 put:0.38 | ATM:0.45 OTM:0.55 | lr: 1.50e-04 | left: 213s
step 01100 ( 11.9%) | loss: 1.685390 | trade:0.37 call:0.63 put:0.37 | ATM:0.46 OTM:0.54 | lr: 1.50e-04 | left: 211s
step 01150 ( 12.5%) | loss: 1.592217 | trade:0.35 call:0.66 put:0.34 | ATM:0.49 OTM:0.51 | lr: 1.50e-04 | left: 210s
step 01200 ( 13.0%) | loss: 1.565626 | trade:0.40 call:0.64 put:0.36 | ATM:0.42 OTM:0.58 | lr: 1.50e-04 | left: 209s
step 01250 ( 13.5%) | loss: 1.510873 | trade:0.34 call:0.64 put:0.36 | ATM:0.50 OTM:0.50 | lr: 1.50e-04 | left: 207s
step 01300 ( 14.1%) | loss: 1.478852 | trade:0.30 call:0.67 put:0.33 | ATM:0.46 OTM:0.54 | lr: 1.50e-04 | left: 206s
step 01350 ( 14.6%) | loss: 1.397262 | trade:0.36 call:0.59 put:0.41 | ATM:0.46 OTM:0.54 | lr: 1.50e-04 | left: 205s
step 01400 ( 15.2%) | loss: 1.365665 | trade:0.38 call:0.61 put:0.39 | ATM:0.50 OTM:0.50 | lr: 1.50e-04 | left: 204s
step 01450 ( 15.7%) | loss: 1.371688 | trade:0.31 call:0.75 put:0.25 | ATM:0.50 OTM:0.50 | lr: 1.50e-04 | left: 202s
step 01500 ( 16.3%) | loss: 1.364691 | trade:0.43 call:0.65 put:0.35 | ATM:0.48 OTM:0.52 | lr: 1.50e-04 | left: 201s
step 01550 ( 16.8%) | loss: 1.286026 | trade:0.32 call:0.67 put:0.33 | ATM:0.48 OTM:0.52 | lr: 1.50e-04 | left: 200s
step 01600 ( 17.4%) | loss: 1.251487 | trade:0.36 call:0.63 put:0.37 | ATM:0.47 OTM:0.53 | lr: 1.50e-04 | left: 198s
step 01650 ( 17.9%) | loss: 1.277096 | trade:0.38 call:0.67 put:0.33 | ATM:0.48 OTM:0.52 | lr: 1.50e-04 | left: 197s
step 01700 ( 18.5%) | loss: 1.262976 | trade:0.33 call:0.64 put:0.36 | ATM:0.48 OTM:0.52 | lr: 1.50e-04 | left: 196s
step 01750 ( 19.0%) | loss: 1.221986 | trade:0.33 call:0.67 put:0.33 | ATM:0.55 OTM:0.45 | lr: 1.50e-04 | left: 194s
step 01800 ( 19.6%) | loss: 1.189624 | trade:0.32 call:0.66 put:0.34 | ATM:0.51 OTM:0.49 | lr: 1.50e-04 | left: 193s
step 01850 ( 20.1%) | loss: 1.129495 | trade:0.40 call:0.65 put:0.35 | ATM:0.50 OTM:0.50 | lr: 1.50e-04 | left: 192s
step 01900 ( 20.6%) | loss: 1.164600 | trade:0.36 call:0.62 put:0.38 | ATM:0.53 OTM:0.47 | lr: 1.50e-04 | left: 191s
step 01950 ( 21.1%) | loss: 1.203203 | trade:0.33 call:0.61 put:0.39 | ATM:0.48 OTM:0.52 | lr: 1.50e-04 | left: 189s
step 02000 ( 21.6%) | loss: 1.071630 | trade:0.31 call:0.65 put:0.35 | ATM:0.47 OTM:0.53 | lr: 1.50e-04 | left: 188s
step 02050 ( 22.2%) | loss: 1.160035 | trade:0.38 call:0.69 put:0.31 | ATM:0.54 OTM:0.46 | lr: 1.50e-04 | left: 187s
step 02100 ( 22.7%) | loss: 1.109481 | trade:0.35 call:0.66 put:0.34 | ATM:0.47 OTM:0.53 | lr: 1.50e-04 | left: 185s
step 02150 ( 23.3%) | loss: 1.111723 | trade:0.34 call:0.65 put:0.35 | ATM:0.50 OTM:0.50 | lr: 1.50e-04 | left: 184s
step 02200 ( 23.8%) | loss: 1.108958 | trade:0.39 call:0.61 put:0.39 | ATM:0.46 OTM:0.54 | lr: 1.50e-04 | left: 183s
step 02250 ( 24.4%) | loss: 1.093848 | trade:0.35 call:0.68 put:0.32 | ATM:0.53 OTM:0.47 | lr: 1.50e-04 | left: 182s
step 02300 ( 24.9%) | loss: 1.085387 | trade:0.34 call:0.63 put:0.37 | ATM:0.50 OTM:0.50 | lr: 1.50e-04 | left: 180s
step 02350 ( 25.5%) | loss: 1.039686 | trade:0.36 call:0.70 put:0.30 | ATM:0.57 OTM:0.43 | lr: 1.50e-04 | left: 179s
step 02400 ( 26.0%) | loss: 1.075840 | trade:0.32 call:0.75 put:0.25 | ATM:0.44 OTM:0.56 | lr: 1.50e-04 | left: 178s
step 02450 ( 26.5%) | loss: 1.068499 | trade:0.40 call:0.68 put:0.32 | ATM:0.51 OTM:0.49 | lr: 1.50e-04 | left: 176s
step 02500 ( 27.1%) | loss: 1.068719 | trade:0.39 call:0.59 put:0.41 | ATM:0.47 OTM:0.53 | lr: 1.50e-04 | left: 175s
step 02550 ( 27.6%) | loss: 1.014683 | trade:0.35 call:0.64 put:0.36 | ATM:0.51 OTM:0.49 | lr: 1.50e-04 | left: 174s
step 02600 ( 28.2%) | loss: 1.064241 | trade:0.34 call:0.57 put:0.43 | ATM:0.52 OTM:0.48 | lr: 1.50e-04 | left: 172s
step 02650 ( 28.7%) | loss: 1.047872 | trade:0.36 call:0.65 put:0.35 | ATM:0.52 OTM:0.48 | lr: 1.50e-04 | left: 171s
step 02700 ( 29.3%) | loss: 1.053878 | trade:0.31 call:0.67 put:0.33 | ATM:0.52 OTM:0.48 | lr: 1.50e-04 | left: 170s
step 02750 ( 29.8%) | loss: 1.035078 | trade:0.37 call:0.61 put:0.39 | ATM:0.51 OTM:0.49 | lr: 1.50e-04 | left: 168s
step 02800 ( 30.4%) | loss: 1.024678 | trade:0.36 call:0.64 put:0.36 | ATM:0.58 OTM:0.42 | lr: 1.50e-04 | left: 167s
step 02850 ( 30.9%) | loss: 1.017405 | trade:0.29 call:0.67 put:0.33 | ATM:0.60 OTM:0.40 | lr: 1.50e-04 | left: 166s
step 02900 ( 31.5%) | loss: 0.975087 | trade:0.39 call:0.64 put:0.36 | ATM:0.50 OTM:0.50 | lr: 1.50e-04 | left: 164s
step 02950 ( 32.0%) | loss: 1.011096 | trade:0.35 call:0.66 put:0.34 | ATM:0.57 OTM:0.43 | lr: 1.50e-04 | left: 163s
step 03000 ( 32.6%) | loss: 1.010261 | trade:0.38 call:0.62 put:0.38 | ATM:0.51 OTM:0.49 | lr: 1.50e-04 | left: 162s
step 03050 ( 33.1%) | loss: 0.993287 | trade:0.35 call:0.66 put:0.34 | ATM:0.54 OTM:0.46 | lr: 1.50e-04 | left: 161s
step 03100 ( 33.7%) | loss: 0.970238 | trade:0.36 call:0.70 put:0.30 | ATM:0.58 OTM:0.42 | lr: 1.50e-04 | left: 159s
step 03150 ( 34.2%) | loss: 0.988023 | trade:0.34 call:0.62 put:0.38 | ATM:0.52 OTM:0.48 | lr: 1.50e-04 | left: 158s
step 03200 ( 34.7%) | loss: 1.016248 | trade:0.36 call:0.65 put:0.35 | ATM:0.53 OTM:0.47 | lr: 1.50e-04 | left: 157s
step 03250 ( 35.3%) | loss: 0.988911 | trade:0.30 call:0.65 put:0.35 | ATM:0.56 OTM:0.44 | lr: 1.50e-04 | left: 155s
step 03300 ( 35.8%) | loss: 0.956440 | trade:0.36 call:0.66 put:0.34 | ATM:0.54 OTM:0.46 | lr: 1.50e-04 | left: 154s
step 03350 ( 36.4%) | loss: 0.995510 | trade:0.31 call:0.63 put:0.37 | ATM:0.57 OTM:0.43 | lr: 1.50e-04 | left: 153s
step 03400 ( 36.9%) | loss: 1.006797 | trade:0.36 call:0.62 put:0.38 | ATM:0.57 OTM:0.43 | lr: 1.50e-04 | left: 151s
step 03450 ( 37.5%) | loss: 0.944102 | trade:0.34 call:0.64 put:0.36 | ATM:0.49 OTM:0.51 | lr: 1.50e-04 | left: 150s
step 03500 ( 38.0%) | loss: 0.945728 | trade:0.30 call:0.67 put:0.33 | ATM:0.53 OTM:0.47 | lr: 1.50e-04 | left: 149s
step 03550 ( 38.6%) | loss: 0.961067 | trade:0.33 call:0.64 put:0.36 | ATM:0.57 OTM:0.43 | lr: 1.50e-04 | left: 147s
step 03600 ( 39.1%) | loss: 0.967415 | trade:0.30 call:0.64 put:0.36 | ATM:0.55 OTM:0.45 | lr: 1.50e-04 | left: 146s
step 03650 ( 39.6%) | loss: 0.957016 | trade:0.30 call:0.66 put:0.34 | ATM:0.53 OTM:0.47 | lr: 1.50e-04 | left: 145s
step 03700 ( 40.1%) | loss: 0.947337 | trade:0.35 call:0.67 put:0.33 | ATM:0.57 OTM:0.43 | lr: 1.50e-04 | left: 144s
step 03750 ( 40.7%) | loss: 0.999145 | trade:0.28 call:0.70 put:0.30 | ATM:0.57 OTM:0.43 | lr: 1.50e-04 | left: 142s
step 03800 ( 41.2%) | loss: 0.932112 | trade:0.38 call:0.61 put:0.39 | ATM:0.52 OTM:0.48 | lr: 1.50e-04 | left: 141s
step 03850 ( 41.8%) | loss: 0.947288 | trade:0.34 call:0.62 put:0.38 | ATM:0.54 OTM:0.46 | lr: 1.50e-04 | left: 140s
step 03900 ( 42.3%) | loss: 0.935585 | trade:0.39 call:0.60 put:0.40 | ATM:0.56 OTM:0.44 | lr: 1.50e-04 | left: 138s
step 03950 ( 42.9%) | loss: 0.944440 | trade:0.27 call:0.68 put:0.32 | ATM:0.57 OTM:0.43 | lr: 1.50e-04 | left: 137s
step 04000 ( 43.4%) | loss: 0.919163 | trade:0.36 call:0.65 put:0.35 | ATM:0.53 OTM:0.47 | lr: 1.50e-04 | left: 136s
step 04050 ( 44.0%) | loss: 0.960866 | trade:0.36 call:0.64 put:0.36 | ATM:0.55 OTM:0.45 | lr: 1.50e-04 | left: 134s
step 04100 ( 44.5%) | loss: 0.911873 | trade:0.32 call:0.62 put:0.38 | ATM:0.57 OTM:0.43 | lr: 1.50e-04 | left: 133s
step 04150 ( 45.1%) | loss: 0.927151 | trade:0.33 call:0.59 put:0.41 | ATM:0.66 OTM:0.34 | lr: 1.50e-04 | left: 132s
step 04200 ( 45.6%) | loss: 0.923205 | trade:0.31 call:0.63 put:0.37 | ATM:0.60 OTM:0.40 | lr: 1.50e-04 | left: 131s
step 04250 ( 46.2%) | loss: 0.914321 | trade:0.32 call:0.59 put:0.41 | ATM:0.60 OTM:0.40 | lr: 1.50e-04 | left: 129s
step 04300 ( 46.7%) | loss: 0.948686 | trade:0.39 call:0.60 put:0.40 | ATM:0.56 OTM:0.44 | lr: 1.50e-04 | left: 128s
step 04350 ( 47.3%) | loss: 0.918985 | trade:0.32 call:0.65 put:0.35 | ATM:0.62 OTM:0.38 | lr: 1.50e-04 | left: 127s
step 04400 ( 47.8%) | loss: 0.927803 | trade:0.33 call:0.63 put:0.37 | ATM:0.56 OTM:0.44 | lr: 1.50e-04 | left: 125s
step 04450 ( 48.4%) | loss: 0.909699 | trade:0.37 call:0.64 put:0.36 | ATM:0.62 OTM:0.38 | lr: 1.50e-04 | left: 124s
step 04500 ( 48.9%) | loss: 0.915467 | trade:0.35 call:0.62 put:0.38 | ATM:0.62 OTM:0.38 | lr: 1.50e-04 | left: 123s
step 04550 ( 49.4%) | loss: 0.902592 | trade:0.31 call:0.58 put:0.42 | ATM:0.59 OTM:0.41 | lr: 1.50e-04 | left: 121s
step 04600 ( 50.0%) | loss: 0.899886 | trade:0.33 call:0.65 put:0.35 | ATM:0.57 OTM:0.43 | lr: 1.50e-04 | left: 120s
step 04650 ( 50.5%) | loss: 0.916231 | trade:0.33 call:0.62 put:0.38 | ATM:0.61 OTM:0.39 | lr: 1.50e-04 | left: 119s
step 04700 ( 51.1%) | loss: 0.905925 | trade:0.39 call:0.67 put:0.33 | ATM:0.60 OTM:0.40 | lr: 1.50e-04 | left: 117s
step 04750 ( 51.7%) | loss: 0.907362 | trade:0.32 call:0.58 put:0.42 | ATM:0.61 OTM:0.39 | lr: 1.50e-04 | left: 116s
step 04800 ( 52.2%) | loss: 0.907451 | trade:0.40 call:0.58 put:0.42 | ATM:0.55 OTM:0.45 | lr: 1.50e-04 | left: 115s
step 04850 ( 52.8%) | loss: 0.859529 | trade:0.38 call:0.59 put:0.41 | ATM:0.59 OTM:0.41 | lr: 1.50e-04 | left: 113s
step 04900 ( 53.3%) | loss: 0.915686 | trade:0.31 call:0.62 put:0.38 | ATM:0.67 OTM:0.33 | lr: 1.50e-04 | left: 112s
step 04950 ( 53.9%) | loss: 0.899517 | trade:0.33 call:0.61 put:0.39 | ATM:0.61 OTM:0.39 | lr: 1.50e-04 | left: 111s
step 05000 ( 54.4%) | loss: 0.933495 | trade:0.35 call:0.61 put:0.39 | ATM:0.63 OTM:0.37 | lr: 1.50e-04 | left: 109s
step 05050 ( 55.0%) | loss: 0.906968 | trade:0.33 call:0.68 put:0.32 | ATM:0.53 OTM:0.47 | lr: 1.50e-04 | left: 108s
step 05100 ( 55.5%) | loss: 0.929425 | trade:0.29 call:0.65 put:0.35 | ATM:0.62 OTM:0.38 | lr: 1.50e-04 | left: 107s
step 05150 ( 56.1%) | loss: 0.872586 | trade:0.40 call:0.61 put:0.39 | ATM:0.59 OTM:0.41 | lr: 1.50e-04 | left: 105s
step 05200 ( 56.6%) | loss: 0.895325 | trade:0.31 call:0.61 put:0.39 | ATM:0.64 OTM:0.36 | lr: 1.50e-04 | left: 104s
step 05250 ( 57.1%) | loss: 0.867269 | trade:0.29 call:0.64 put:0.36 | ATM:0.65 OTM:0.35 | lr: 1.50e-04 | left: 103s
step 05300 ( 57.7%) | loss: 0.908520 | trade:0.30 call:0.67 put:0.33 | ATM:0.60 OTM:0.40 | lr: 1.50e-04 | left: 102s
step 05350 ( 58.2%) | loss: 0.905625 | trade:0.30 call:0.66 put:0.34 | ATM:0.60 OTM:0.40 | lr: 1.50e-04 | left: 100s
step 05400 ( 58.8%) | loss: 0.892295 | trade:0.38 call:0.58 put:0.42 | ATM:0.52 OTM:0.48 | lr: 1.50e-04 | left: 99s
step 05450 ( 59.3%) | loss: 0.870176 | trade:0.37 call:0.59 put:0.41 | ATM:0.57 OTM:0.43 | lr: 1.50e-04 | left: 98s
step 05500 ( 59.8%) | loss: 0.848996 | trade:0.35 call:0.60 put:0.40 | ATM:0.60 OTM:0.40 | lr: 1.50e-04 | left: 96s
step 05550 ( 60.4%) | loss: 0.888287 | trade:0.34 call:0.58 put:0.42 | ATM:0.64 OTM:0.36 | lr: 1.50e-04 | left: 95s
step 05600 ( 60.9%) | loss: 0.897885 | trade:0.33 call:0.67 put:0.33 | ATM:0.63 OTM:0.37 | lr: 1.50e-04 | left: 94s
step 05650 ( 61.5%) | loss: 0.880076 | trade:0.31 call:0.63 put:0.37 | ATM:0.66 OTM:0.34 | lr: 1.50e-04 | left: 92s
step 05700 ( 62.0%) | loss: 0.869490 | trade:0.39 call:0.62 put:0.38 | ATM:0.55 OTM:0.45 | lr: 1.50e-04 | left: 91s
step 05750 ( 62.6%) | loss: 0.884964 | trade:0.34 call:0.60 put:0.40 | ATM:0.58 OTM:0.42 | lr: 1.50e-04 | left: 90s
step 05800 ( 63.1%) | loss: 0.874569 | trade:0.35 call:0.67 put:0.33 | ATM:0.62 OTM:0.38 | lr: 1.50e-04 | left: 88s
step 05850 ( 63.7%) | loss: 0.855908 | trade:0.36 call:0.63 put:0.37 | ATM:0.61 OTM:0.39 | lr: 1.50e-04 | left: 87s
step 05900 ( 64.2%) | loss: 0.882483 | trade:0.38 call:0.60 put:0.40 | ATM:0.58 OTM:0.42 | lr: 1.50e-04 | left: 86s
step 05950 ( 64.8%) | loss: 0.871546 | trade:0.33 call:0.53 put:0.47 | ATM:0.61 OTM:0.39 | lr: 1.50e-04 | left: 84s
step 06000 ( 65.4%) | loss: 0.846433 | trade:0.35 call:0.61 put:0.39 | ATM:0.60 OTM:0.40 | lr: 1.50e-04 | left: 83s
step 06050 ( 66.0%) | loss: 0.912177 | trade:0.34 call:0.61 put:0.39 | ATM:0.62 OTM:0.38 | lr: 1.50e-04 | left: 82s
step 06100 ( 66.5%) | loss: 0.858862 | trade:0.29 call:0.57 put:0.43 | ATM:0.61 OTM:0.39 | lr: 1.50e-04 | left: 80s
step 06150 ( 67.1%) | loss: 0.840627 | trade:0.29 call:0.58 put:0.42 | ATM:0.65 OTM:0.35 | lr: 1.50e-04 | left: 79s
step 06200 ( 67.6%) | loss: 0.836717 | trade:0.33 call:0.55 put:0.45 | ATM:0.60 OTM:0.40 | lr: 1.50e-04 | left: 78s
step 06250 ( 68.2%) | loss: 0.829834 | trade:0.33 call:0.65 put:0.35 | ATM:0.65 OTM:0.35 | lr: 1.50e-04 | left: 76s
step 06300 ( 68.7%) | loss: 0.846806 | trade:0.37 call:0.59 put:0.41 | ATM:0.57 OTM:0.43 | lr: 1.50e-04 | left: 75s
step 06350 ( 69.3%) | loss: 0.856846 | trade:0.30 call:0.63 put:0.37 | ATM:0.64 OTM:0.36 | lr: 1.50e-04 | left: 74s
step 06400 ( 69.8%) | loss: 0.862620 | trade:0.31 call:0.62 put:0.38 | ATM:0.65 OTM:0.35 | lr: 1.50e-04 | left: 72s
step 06450 ( 70.4%) | loss: 0.861174 | trade:0.32 call:0.57 put:0.43 | ATM:0.59 OTM:0.41 | lr: 1.50e-04 | left: 71s
step 06500 ( 70.9%) | loss: 0.835498 | trade:0.31 call:0.56 put:0.44 | ATM:0.62 OTM:0.38 | lr: 1.50e-04 | left: 70s
step 06550 ( 71.5%) | loss: 0.857674 | trade:0.40 call:0.59 put:0.41 | ATM:0.53 OTM:0.47 | lr: 1.49e-04 | left: 68s
step 06600 ( 72.0%) | loss: 0.833489 | trade:0.37 call:0.60 put:0.40 | ATM:0.58 OTM:0.42 | lr: 1.48e-04 | left: 67s
step 06650 ( 72.6%) | loss: 0.864922 | trade:0.37 call:0.62 put:0.38 | ATM:0.64 OTM:0.36 | lr: 1.47e-04 | left: 66s
step 06700 ( 73.1%) | loss: 0.870341 | trade:0.37 call:0.69 put:0.31 | ATM:0.62 OTM:0.38 | lr: 1.46e-04 | left: 64s
step 06750 ( 73.7%) | loss: 0.818814 | trade:0.36 call:0.65 put:0.35 | ATM:0.57 OTM:0.43 | lr: 1.45e-04 | left: 63s
step 06800 ( 74.2%) | loss: 0.859567 | trade:0.33 call:0.52 put:0.48 | ATM:0.58 OTM:0.42 | lr: 1.43e-04 | left: 62s
step 06850 ( 74.8%) | loss: 0.842755 | trade:0.33 call:0.65 put:0.35 | ATM:0.61 OTM:0.39 | lr: 1.41e-04 | left: 61s
step 06900 ( 75.3%) | loss: 0.830296 | trade:0.33 call:0.59 put:0.41 | ATM:0.61 OTM:0.39 | lr: 1.39e-04 | left: 59s
step 06950 ( 75.9%) | loss: 0.857533 | trade:0.30 call:0.58 put:0.42 | ATM:0.67 OTM:0.33 | lr: 1.36e-04 | left: 58s
step 07000 ( 76.4%) | loss: 0.828025 | trade:0.36 call:0.60 put:0.40 | ATM:0.58 OTM:0.42 | lr: 1.34e-04 | left: 57s
step 07050 ( 76.9%) | loss: 0.856076 | trade:0.29 call:0.59 put:0.41 | ATM:0.68 OTM:0.32 | lr: 1.31e-04 | left: 55s
step 07100 ( 77.5%) | loss: 0.866528 | trade:0.27 call:0.60 put:0.40 | ATM:0.63 OTM:0.37 | lr: 1.28e-04 | left: 54s
step 07150 ( 78.0%) | loss: 0.818302 | trade:0.34 call:0.60 put:0.40 | ATM:0.59 OTM:0.41 | lr: 1.25e-04 | left: 53s
step 07200 ( 78.6%) | loss: 0.761281 | trade:0.33 call:0.58 put:0.42 | ATM:0.60 OTM:0.40 | lr: 1.22e-04 | left: 51s
step 07250 ( 79.1%) | loss: 0.832862 | trade:0.33 call:0.55 put:0.45 | ATM:0.60 OTM:0.40 | lr: 1.18e-04 | left: 50s
step 07300 ( 79.7%) | loss: 0.819674 | trade:0.39 call:0.63 put:0.37 | ATM:0.56 OTM:0.44 | lr: 1.15e-04 | left: 49s
step 07350 ( 80.2%) | loss: 0.820869 | trade:0.30 call:0.60 put:0.40 | ATM:0.63 OTM:0.37 | lr: 1.11e-04 | left: 47s
step 07400 ( 80.8%) | loss: 0.849773 | trade:0.30 call:0.61 put:0.39 | ATM:0.62 OTM:0.38 | lr: 1.07e-04 | left: 46s
step 07450 ( 81.3%) | loss: 0.845844 | trade:0.37 call:0.65 put:0.35 | ATM:0.65 OTM:0.35 | lr: 1.03e-04 | left: 45s
step 07500 ( 81.9%) | loss: 0.809831 | trade:0.32 call:0.61 put:0.39 | ATM:0.61 OTM:0.39 | lr: 9.92e-05 | left: 44s
step 07550 ( 82.4%) | loss: 0.824087 | trade:0.25 call:0.60 put:0.40 | ATM:0.69 OTM:0.31 | lr: 9.51e-05 | left: 42s
step 07600 ( 83.0%) | loss: 0.802499 | trade:0.32 call:0.58 put:0.42 | ATM:0.61 OTM:0.39 | lr: 9.09e-05 | left: 41s
step 07650 ( 83.5%) | loss: 0.817928 | trade:0.31 call:0.57 put:0.43 | ATM:0.58 OTM:0.42 | lr: 8.68e-05 | left: 40s
step 07700 ( 84.0%) | loss: 0.850322 | trade:0.33 call:0.67 put:0.33 | ATM:0.55 OTM:0.45 | lr: 8.25e-05 | left: 38s
step 07750 ( 84.6%) | loss: 0.784868 | trade:0.36 call:0.56 put:0.44 | ATM:0.61 OTM:0.39 | lr: 7.82e-05 | left: 37s
step 07800 ( 85.1%) | loss: 0.834217 | trade:0.32 call:0.55 put:0.45 | ATM:0.65 OTM:0.35 | lr: 7.40e-05 | left: 36s
step 07850 ( 85.7%) | loss: 0.829525 | trade:0.36 call:0.59 put:0.41 | ATM:0.64 OTM:0.36 | lr: 6.97e-05 | left: 34s
step 07900 ( 86.2%) | loss: 0.786425 | trade:0.36 call:0.65 put:0.35 | ATM:0.58 OTM:0.42 | lr: 6.54e-05 | left: 33s
step 07950 ( 86.8%) | loss: 0.758416 | trade:0.39 call:0.55 put:0.45 | ATM:0.55 OTM:0.45 | lr: 6.12e-05 | left: 32s
step 08000 ( 87.3%) | loss: 0.820000 | trade:0.34 call:0.52 put:0.48 | ATM:0.66 OTM:0.34 | lr: 5.70e-05 | left: 30s
step 08050 ( 87.9%) | loss: 0.810165 | trade:0.39 call:0.61 put:0.39 | ATM:0.59 OTM:0.41 | lr: 5.29e-05 | left: 29s
step 08100 ( 88.4%) | loss: 0.781322 | trade:0.31 call:0.58 put:0.42 | ATM:0.67 OTM:0.33 | lr: 4.88e-05 | left: 28s
step 08150 ( 89.0%) | loss: 0.803165 | trade:0.32 call:0.56 put:0.44 | ATM:0.61 OTM:0.39 | lr: 4.48e-05 | left: 26s
step 08200 ( 89.5%) | loss: 0.796548 | trade:0.35 call:0.59 put:0.41 | ATM:0.61 OTM:0.39 | lr: 4.09e-05 | left: 25s
step 08250 ( 90.1%) | loss: 0.808013 | trade:0.43 call:0.61 put:0.39 | ATM:0.55 OTM:0.45 | lr: 3.71e-05 | left: 24s
step 08300 ( 90.6%) | loss: 0.799690 | trade:0.27 call:0.63 put:0.37 | ATM:0.62 OTM:0.38 | lr: 3.36e-05 | left: 23s
step 08350 ( 91.1%) | loss: 0.826854 | trade:0.39 call:0.61 put:0.39 | ATM:0.58 OTM:0.42 | lr: 3.01e-05 | left: 21s
step 08400 ( 91.7%) | loss: 0.785794 | trade:0.35 call:0.60 put:0.40 | ATM:0.65 OTM:0.35 | lr: 2.67e-05 | left: 20s
step 08450 ( 92.2%) | loss: 0.804772 | trade:0.32 call:0.54 put:0.46 | ATM:0.59 OTM:0.41 | lr: 2.37e-05 | left: 19s
step 08500 ( 92.7%) | loss: 0.824108 | trade:0.36 call:0.59 put:0.41 | ATM:0.59 OTM:0.41 | lr: 2.07e-05 | left: 17s
step 08550 ( 93.3%) | loss: 0.796637 | trade:0.34 call:0.64 put:0.36 | ATM:0.65 OTM:0.35 | lr: 1.78e-05 | left: 16s
step 08600 ( 93.8%) | loss: 0.770600 | trade:0.34 call:0.58 put:0.42 | ATM:0.62 OTM:0.38 | lr: 1.51e-05 | left: 15s
step 08650 ( 94.4%) | loss: 0.760624 | trade:0.33 call:0.55 put:0.45 | ATM:0.60 OTM:0.40 | lr: 1.26e-05 | left: 13s
step 08700 ( 94.9%) | loss: 0.778182 | trade:0.37 call:0.52 put:0.48 | ATM:0.58 OTM:0.42 | lr: 1.04e-05 | left: 12s
step 08750 ( 95.5%) | loss: 0.767014 | trade:0.35 call:0.54 put:0.46 | ATM:0.59 OTM:0.41 | lr: 8.34e-06 | left: 11s
step 08800 ( 96.0%) | loss: 0.811164 | trade:0.36 call:0.61 put:0.39 | ATM:0.62 OTM:0.38 | lr: 6.48e-06 | left: 10s
step 08850 ( 96.6%) | loss: 0.802667 | trade:0.31 call:0.57 put:0.43 | ATM:0.68 OTM:0.32 | lr: 4.84e-06 | left: 8s
step 08900 ( 97.1%) | loss: 0.814555 | trade:0.31 call:0.65 put:0.35 | ATM:0.58 OTM:0.42 | lr: 3.43e-06 | left: 7s
step 08950 ( 97.6%) | loss: 0.796464 | trade:0.39 call:0.64 put:0.36 | ATM:0.55 OTM:0.45 | lr: 2.26e-06 | left: 6s
step 09000 ( 98.2%) | loss: 0.775093 | trade:0.31 call:0.63 put:0.37 | ATM:0.61 OTM:0.39 | lr: 1.33e-06 | left: 4s
step 09050 ( 98.7%) | loss: 0.807324 | trade:0.40 call:0.56 put:0.44 | ATM:0.53 OTM:0.47 | lr: 6.45e-07 | left: 3s
step 09100 ( 99.3%) | loss: 0.805277 | trade:0.35 call:0.59 put:0.41 | ATM:0.63 OTM:0.37 | lr: 2.05e-07 | left: 2s
step 09150 ( 99.8%) | loss: 0.766449 | trade:0.29 call:0.58 put:0.42 | ATM:0.64 OTM:0.36 | lr: 1.02e-08 | left: 0s

Training done at 244s. Starting evaluation...
Evaluation done in 7s (total wall: 251s)
Model saved to /root/best_model.pt
Trade log: 101 trades -> /root/trade_log.csv

---
score:              1.775623
profit_factor:      3.246999
win_rate:           0.386139
avg_winner:         1.066154
avg_loser:          -0.206543
trades_per_day:     1.507463
max_consec_loss:    7
num_trades:         101
trade_sharpe:       4.685318
sortino:            50.119366
max_drawdown:       -2.139704
calmar:             13.447810
ev_per_trade:       0.284894
do_nothing_pct:     0.609944
exit_pct:           0.014574
model_exit_count:   68
cooldown_blocked:   138
pre_10am_blocked:   647
short_hold_pct:     0.287000
stop_loss_rate:     0.307000
direction_collapse_pct: 0.356400
avg_entry_cost_bps: 407.790100
avg_entry_quality:  0.719100
cost_realism_coverage: 1.000000
high_cost_entry_rate: 0.534700
low_quality_entry_rate: 0.000000
actionable_bar_rate: 0.803300
risk_off_bar_rate:  0.000000
final_capital:      24306.78
equity_sharpe:      3.551100
max_equity_dd:      -0.176000
total_dollar_return:1.430700
val_sharpe:         -23.269442
total_return:       28.774327
num_val_bars:       4666
num_val_days:       67
worst_chunk_pf:     2.26
rr_ratio:           5.1619
avg_hold_bars:      10.25
model_exit_rate:    0.6733
hit_ruin:           False
min_equity_frac:    0.8980
avg_risk_fraction:  0.0672
max_risk_fraction:  0.2566
trades_blocked_by_balance: 0
  Chunk 1: 2025-02-18..2025-05-14 | 18 trades | PF=2.55 | WR=33.3%
  Chunk 2: 2025-05-28..2025-07-31 | 17 trades | PF=2.74 | WR=35.3%
  Chunk 3: 2025-08-01..2025-09-10 | 12 trades | PF=2.26 | WR=33.3%
  Chunk 4: 2025-09-16..2025-11-03 | 20 trades | PF=5.67 | WR=50.0%
  Chunk 5: 2025-11-12..2026-03-16 | 34 trades | PF=3.36 | WR=38.2%
training_seconds:   240.0
total_seconds:      253.5
peak_vram_mb:       366.7
num_steps:          9164
num_params:         146,265
lookback:           120
depth:              3
d_model:            64
effective_lr:       0.00015
gate_label_smoothing:0.050000
dir_label_smoothing:0.050000
false_entry_penalty:2.500000
/opt/conda/lib/python3.11/site-packages/torch/nn/modules/transformer.py:379: UserWarning: enable_nested_tensor is True, but self.use_nested_tensor is False because encoder_layer.norm_first was True
  warnings.warn(
