Loading data from: /root/.cache/autoresearch-trading/features/data.pt
Loaded 384870 1-min bars, 32 features, 8 actions
  ~986 trading days
Training:   up to idx 269189
Validation: idx 269190-384869
  Option P&L coverage: 297877/384870 (77%)
Parameters: 146,265
Architecture: v4 simplified two-head (gate+dir) + balanced strike gating + VIX regime robustness + temporal chunking + stop prevention + FULL STOPPED P&L CONSISTENCY + feature noise injection + cross-temporal consistency + MAXIMUM CONSERVATIVE GATE BIAS + TUNED LOSS WEIGHTS
Training from scratch (v4: no warm-start).

Budget: 240s | Batch: 128 | Lookback: 120
LR: 0.00015 | Depth: 3 | d_model: 64 | ff_mult: 3
Dropout: 0.15 | Weight decay: 0.05
False entry penalty: 2.5x
Label smoothing: gate=0.05 dir=0.05
Loss weights: gate=1.0, dir=0.6, pnl=0.8, exit=0.5
VIX regime weights: vix_regime=0.2, vix_consistency=0.1
Temporal robustness: temporal_chunk=0.5, cross_temporal=0.3
Stop prevention: stop_prevention=0.3
Feature noise injection: std=0.05
CRITICAL: Training exclusively on STOPPED P&L to align with evaluation reality
MAXIMUM CONSERVATIVE GATE BIAS: NO_TRADE=+1.2, TRADE=-1.2 for ultra-selectivity
NEW: Cross-temporal consistency loss to address Chunk 1 (PF=0.22) weakness
TUNED LOSS WEIGHTS: Reduced DIR_W to 0.6, increased PNL_W to 0.8 for better P&L alignment

step 00000 (  0.0%) | loss: 2.754234 | trade:0.08 call:0.45 put:0.55 | ATM:0.23 OTM:0.77 | lr: 0.00e+00 | left: 240s
step 00050 (  0.4%) | loss: 2.882289 | trade:0.09 call:0.46 put:0.54 | ATM:0.24 OTM:0.76 | lr: 6.63e-06 | left: 239s
step 00100 (  1.1%) | loss: 2.839458 | trade:0.10 call:0.46 put:0.54 | ATM:0.24 OTM:0.76 | lr: 1.63e-05 | left: 237s
step 00150 (  1.7%) | loss: 2.679945 | trade:0.12 call:0.46 put:0.54 | ATM:0.23 OTM:0.77 | lr: 2.60e-05 | left: 236s
step 00200 (  2.4%) | loss: 2.550805 | trade:0.16 call:0.49 put:0.51 | ATM:0.24 OTM:0.76 | lr: 3.57e-05 | left: 234s
step 00250 (  3.0%) | loss: 2.422408 | trade:0.21 call:0.51 put:0.49 | ATM:0.25 OTM:0.75 | lr: 4.57e-05 | left: 233s
step 00300 (  3.7%) | loss: 2.282212 | trade:0.29 call:0.52 put:0.48 | ATM:0.27 OTM:0.73 | lr: 5.55e-05 | left: 231s
step 00350 (  4.4%) | loss: 2.230189 | trade:0.34 call:0.53 put:0.47 | ATM:0.29 OTM:0.71 | lr: 6.54e-05 | left: 230s
step 00400 (  5.0%) | loss: 2.158995 | trade:0.34 call:0.52 put:0.48 | ATM:0.32 OTM:0.68 | lr: 7.44e-05 | left: 228s
step 00450 (  5.6%) | loss: 2.086738 | trade:0.34 call:0.52 put:0.48 | ATM:0.33 OTM:0.67 | lr: 8.39e-05 | left: 227s
step 00500 (  6.2%) | loss: 2.016813 | trade:0.34 call:0.52 put:0.48 | ATM:0.32 OTM:0.68 | lr: 9.37e-05 | left: 225s
step 00550 (  6.9%) | loss: 1.938141 | trade:0.33 call:0.52 put:0.48 | ATM:0.33 OTM:0.67 | lr: 1.04e-04 | left: 223s
step 00600 (  7.6%) | loss: 1.888939 | trade:0.38 call:0.53 put:0.47 | ATM:0.32 OTM:0.68 | lr: 1.13e-04 | left: 222s
step 00650 (  8.2%) | loss: 1.783901 | trade:0.38 call:0.50 put:0.50 | ATM:0.32 OTM:0.68 | lr: 1.23e-04 | left: 220s
step 00700 (  8.9%) | loss: 1.729991 | trade:0.36 call:0.53 put:0.47 | ATM:0.33 OTM:0.67 | lr: 1.33e-04 | left: 219s
step 00750 (  9.5%) | loss: 1.561226 | trade:0.40 call:0.53 put:0.47 | ATM:0.32 OTM:0.68 | lr: 1.43e-04 | left: 217s
step 00800 ( 10.2%) | loss: 1.449157 | trade:0.36 call:0.55 put:0.45 | ATM:0.36 OTM:0.64 | lr: 1.50e-04 | left: 216s
step 00850 ( 10.8%) | loss: 1.408971 | trade:0.38 call:0.57 put:0.43 | ATM:0.34 OTM:0.66 | lr: 1.50e-04 | left: 214s
step 00900 ( 11.5%) | loss: 1.220862 | trade:0.35 call:0.55 put:0.45 | ATM:0.36 OTM:0.64 | lr: 1.50e-04 | left: 212s
step 00950 ( 12.1%) | loss: 1.120265 | trade:0.39 call:0.55 put:0.45 | ATM:0.35 OTM:0.65 | lr: 1.50e-04 | left: 211s
step 01000 ( 12.7%) | loss: 1.147447 | trade:0.37 call:0.60 put:0.40 | ATM:0.41 OTM:0.59 | lr: 1.50e-04 | left: 209s
step 01050 ( 13.4%) | loss: 0.929712 | trade:0.38 call:0.65 put:0.35 | ATM:0.46 OTM:0.54 | lr: 1.50e-04 | left: 208s
step 01100 ( 14.0%) | loss: 0.912201 | trade:0.35 call:0.62 put:0.38 | ATM:0.41 OTM:0.59 | lr: 1.50e-04 | left: 206s
step 01150 ( 14.7%) | loss: 0.877638 | trade:0.38 call:0.61 put:0.39 | ATM:0.45 OTM:0.55 | lr: 1.50e-04 | left: 205s
step 01200 ( 15.3%) | loss: 0.799953 | trade:0.35 call:0.62 put:0.38 | ATM:0.49 OTM:0.51 | lr: 1.50e-04 | left: 203s
step 01250 ( 16.0%) | loss: 0.759562 | trade:0.36 call:0.65 put:0.35 | ATM:0.46 OTM:0.54 | lr: 1.50e-04 | left: 202s
step 01300 ( 16.6%) | loss: 0.823195 | trade:0.37 call:0.67 put:0.33 | ATM:0.49 OTM:0.51 | lr: 1.50e-04 | left: 200s
step 01350 ( 17.3%) | loss: 0.706570 | trade:0.37 call:0.62 put:0.38 | ATM:0.48 OTM:0.52 | lr: 1.50e-04 | left: 198s
step 01400 ( 18.0%) | loss: 0.625515 | trade:0.37 call:0.60 put:0.40 | ATM:0.47 OTM:0.53 | lr: 1.50e-04 | left: 197s
step 01450 ( 18.6%) | loss: 0.632635 | trade:0.32 call:0.65 put:0.35 | ATM:0.48 OTM:0.52 | lr: 1.50e-04 | left: 195s
step 01500 ( 19.3%) | loss: 0.586441 | trade:0.35 call:0.63 put:0.37 | ATM:0.53 OTM:0.47 | lr: 1.50e-04 | left: 194s
step 01550 ( 19.9%) | loss: 0.687493 | trade:0.35 call:0.64 put:0.36 | ATM:0.49 OTM:0.51 | lr: 1.50e-04 | left: 192s
step 01600 ( 20.6%) | loss: 0.562104 | trade:0.38 call:0.63 put:0.37 | ATM:0.49 OTM:0.51 | lr: 1.50e-04 | left: 191s
step 01650 ( 21.3%) | loss: 0.521934 | trade:0.34 call:0.65 put:0.35 | ATM:0.51 OTM:0.49 | lr: 1.50e-04 | left: 189s
step 01700 ( 21.9%) | loss: 0.551198 | trade:0.31 call:0.63 put:0.37 | ATM:0.52 OTM:0.48 | lr: 1.50e-04 | left: 187s
step 01750 ( 22.6%) | loss: 0.499922 | trade:0.38 call:0.67 put:0.33 | ATM:0.51 OTM:0.49 | lr: 1.50e-04 | left: 186s
step 01800 ( 23.2%) | loss: 0.464653 | trade:0.36 call:0.70 put:0.30 | ATM:0.49 OTM:0.51 | lr: 1.50e-04 | left: 184s
step 01850 ( 23.9%) | loss: 0.462613 | trade:0.37 call:0.66 put:0.34 | ATM:0.52 OTM:0.48 | lr: 1.50e-04 | left: 183s
step 01900 ( 24.5%) | loss: 0.446062 | trade:0.40 call:0.61 put:0.39 | ATM:0.52 OTM:0.48 | lr: 1.50e-04 | left: 181s
step 01950 ( 25.2%) | loss: 0.457318 | trade:0.30 call:0.69 put:0.31 | ATM:0.58 OTM:0.42 | lr: 1.50e-04 | left: 180s
step 02000 ( 25.8%) | loss: 0.527531 | trade:0.44 call:0.63 put:0.37 | ATM:0.52 OTM:0.48 | lr: 1.50e-04 | left: 178s
step 02050 ( 26.5%) | loss: 0.429737 | trade:0.36 call:0.60 put:0.40 | ATM:0.54 OTM:0.46 | lr: 1.50e-04 | left: 176s
step 02100 ( 27.1%) | loss: 0.429398 | trade:0.37 call:0.67 put:0.33 | ATM:0.55 OTM:0.45 | lr: 1.50e-04 | left: 175s
step 02150 ( 27.8%) | loss: 0.361534 | trade:0.42 call:0.66 put:0.34 | ATM:0.51 OTM:0.49 | lr: 1.50e-04 | left: 173s
step 02200 ( 28.5%) | loss: 0.313737 | trade:0.35 call:0.69 put:0.31 | ATM:0.57 OTM:0.43 | lr: 1.50e-04 | left: 172s
step 02250 ( 29.1%) | loss: 0.365085 | trade:0.43 call:0.62 put:0.38 | ATM:0.55 OTM:0.45 | lr: 1.50e-04 | left: 170s
step 02300 ( 29.8%) | loss: 0.474732 | trade:0.33 call:0.65 put:0.35 | ATM:0.59 OTM:0.41 | lr: 1.50e-04 | left: 168s
step 02350 ( 30.4%) | loss: 0.389940 | trade:0.39 call:0.67 put:0.33 | ATM:0.54 OTM:0.46 | lr: 1.50e-04 | left: 167s
step 02400 ( 31.1%) | loss: 0.347660 | trade:0.30 call:0.73 put:0.27 | ATM:0.61 OTM:0.39 | lr: 1.50e-04 | left: 165s
step 02450 ( 31.8%) | loss: 0.327736 | trade:0.34 call:0.67 put:0.33 | ATM:0.57 OTM:0.43 | lr: 1.50e-04 | left: 164s
step 02500 ( 32.4%) | loss: 0.367692 | trade:0.30 call:0.75 put:0.25 | ATM:0.63 OTM:0.37 | lr: 1.50e-04 | left: 162s
step 02550 ( 33.1%) | loss: 0.413045 | trade:0.36 call:0.71 put:0.29 | ATM:0.60 OTM:0.40 | lr: 1.50e-04 | left: 161s
step 02600 ( 33.6%) | loss: 0.327464 | trade:0.33 call:0.68 put:0.32 | ATM:0.56 OTM:0.44 | lr: 1.50e-04 | left: 159s
step 02650 ( 34.3%) | loss: 0.331234 | trade:0.34 call:0.69 put:0.31 | ATM:0.61 OTM:0.39 | lr: 1.50e-04 | left: 158s
step 02700 ( 34.9%) | loss: 0.342873 | trade:0.38 call:0.65 put:0.35 | ATM:0.57 OTM:0.43 | lr: 1.50e-04 | left: 156s
step 02750 ( 35.5%) | loss: 0.318194 | trade:0.40 call:0.68 put:0.32 | ATM:0.54 OTM:0.46 | lr: 1.50e-04 | left: 155s
step 02800 ( 36.2%) | loss: 0.319084 | trade:0.36 call:0.62 put:0.38 | ATM:0.61 OTM:0.39 | lr: 1.50e-04 | left: 153s
step 02850 ( 36.8%) | loss: 0.256757 | trade:0.39 call:0.59 put:0.41 | ATM:0.57 OTM:0.43 | lr: 1.50e-04 | left: 152s
step 02900 ( 37.5%) | loss: 0.313219 | trade:0.37 call:0.66 put:0.34 | ATM:0.57 OTM:0.43 | lr: 1.50e-04 | left: 150s
step 02950 ( 38.0%) | loss: 0.353130 | trade:0.30 call:0.66 put:0.34 | ATM:0.59 OTM:0.41 | lr: 1.50e-04 | left: 149s
step 03000 ( 38.6%) | loss: 0.347801 | trade:0.37 call:0.66 put:0.34 | ATM:0.60 OTM:0.40 | lr: 1.50e-04 | left: 147s
step 03050 ( 39.3%) | loss: 0.247500 | trade:0.35 call:0.67 put:0.33 | ATM:0.58 OTM:0.42 | lr: 1.50e-04 | left: 146s
step 03100 ( 40.0%) | loss: 0.271043 | trade:0.32 call:0.71 put:0.29 | ATM:0.67 OTM:0.33 | lr: 1.50e-04 | left: 144s
step 03150 ( 40.6%) | loss: 0.293203 | trade:0.36 call:0.64 put:0.36 | ATM:0.55 OTM:0.45 | lr: 1.50e-04 | left: 142s
step 03200 ( 41.3%) | loss: 0.315591 | trade:0.38 call:0.64 put:0.36 | ATM:0.60 OTM:0.40 | lr: 1.50e-04 | left: 141s
step 03250 ( 41.9%) | loss: 0.288588 | trade:0.34 call:0.63 put:0.37 | ATM:0.66 OTM:0.34 | lr: 1.50e-04 | left: 139s
step 03300 ( 42.6%) | loss: 0.251780 | trade:0.34 call:0.67 put:0.33 | ATM:0.61 OTM:0.39 | lr: 1.50e-04 | left: 138s
step 03350 ( 43.2%) | loss: 0.227427 | trade:0.37 call:0.62 put:0.38 | ATM:0.62 OTM:0.38 | lr: 1.50e-04 | left: 136s
step 03400 ( 43.9%) | loss: 0.235461 | trade:0.29 call:0.61 put:0.39 | ATM:0.66 OTM:0.34 | lr: 1.50e-04 | left: 135s
step 03450 ( 44.6%) | loss: 0.294280 | trade:0.37 call:0.69 put:0.31 | ATM:0.63 OTM:0.37 | lr: 1.50e-04 | left: 133s
step 03500 ( 45.2%) | loss: 0.179768 | trade:0.36 call:0.63 put:0.37 | ATM:0.55 OTM:0.45 | lr: 1.50e-04 | left: 131s
step 03550 ( 45.9%) | loss: 0.226937 | trade:0.33 call:0.63 put:0.37 | ATM:0.61 OTM:0.39 | lr: 1.50e-04 | left: 130s
step 03600 ( 46.5%) | loss: 0.228660 | trade:0.30 call:0.66 put:0.34 | ATM:0.59 OTM:0.41 | lr: 1.50e-04 | left: 128s
step 03650 ( 47.2%) | loss: 0.274738 | trade:0.32 call:0.67 put:0.33 | ATM:0.60 OTM:0.40 | lr: 1.50e-04 | left: 127s
step 03700 ( 47.8%) | loss: 0.271371 | trade:0.42 call:0.64 put:0.36 | ATM:0.60 OTM:0.40 | lr: 1.50e-04 | left: 125s
step 03750 ( 48.4%) | loss: 0.255463 | trade:0.31 call:0.66 put:0.34 | ATM:0.65 OTM:0.35 | lr: 1.50e-04 | left: 124s
step 03800 ( 49.1%) | loss: 0.275400 | trade:0.38 call:0.68 put:0.32 | ATM:0.57 OTM:0.43 | lr: 1.50e-04 | left: 122s
step 03850 ( 49.7%) | loss: 0.233959 | trade:0.43 call:0.61 put:0.39 | ATM:0.53 OTM:0.47 | lr: 1.50e-04 | left: 121s
step 03900 ( 50.4%) | loss: 0.316965 | trade:0.39 call:0.66 put:0.34 | ATM:0.58 OTM:0.42 | lr: 1.50e-04 | left: 119s
step 03950 ( 51.0%) | loss: 0.238642 | trade:0.40 call:0.65 put:0.35 | ATM:0.61 OTM:0.39 | lr: 1.50e-04 | left: 118s
step 04000 ( 51.6%) | loss: 0.262442 | trade:0.31 call:0.67 put:0.33 | ATM:0.62 OTM:0.38 | lr: 1.50e-04 | left: 116s
step 04050 ( 52.3%) | loss: 0.223123 | trade:0.32 call:0.70 put:0.30 | ATM:0.62 OTM:0.38 | lr: 1.50e-04 | left: 115s
step 04100 ( 52.9%) | loss: 0.288249 | trade:0.29 call:0.70 put:0.30 | ATM:0.66 OTM:0.34 | lr: 1.50e-04 | left: 113s
step 04150 ( 53.6%) | loss: 0.231016 | trade:0.31 call:0.69 put:0.31 | ATM:0.61 OTM:0.39 | lr: 1.50e-04 | left: 111s
step 04200 ( 54.2%) | loss: 0.220835 | trade:0.33 call:0.66 put:0.34 | ATM:0.62 OTM:0.38 | lr: 1.50e-04 | left: 110s
step 04250 ( 54.9%) | loss: 0.172403 | trade:0.39 call:0.62 put:0.38 | ATM:0.58 OTM:0.42 | lr: 1.50e-04 | left: 108s
step 04300 ( 55.5%) | loss: 0.232626 | trade:0.34 call:0.60 put:0.40 | ATM:0.62 OTM:0.38 | lr: 1.50e-04 | left: 107s
step 04350 ( 56.2%) | loss: 0.231009 | trade:0.38 call:0.60 put:0.40 | ATM:0.63 OTM:0.37 | lr: 1.50e-04 | left: 105s
step 04400 ( 56.8%) | loss: 0.239696 | trade:0.30 call:0.62 put:0.38 | ATM:0.66 OTM:0.34 | lr: 1.50e-04 | left: 104s
step 04450 ( 57.4%) | loss: 0.212295 | trade:0.41 call:0.64 put:0.36 | ATM:0.57 OTM:0.43 | lr: 1.50e-04 | left: 102s
step 04500 ( 58.1%) | loss: 0.226688 | trade:0.31 call:0.63 put:0.37 | ATM:0.65 OTM:0.35 | lr: 1.50e-04 | left: 101s
step 04550 ( 58.8%) | loss: 0.267754 | trade:0.42 call:0.63 put:0.37 | ATM:0.57 OTM:0.43 | lr: 1.50e-04 | left: 99s
step 04600 ( 59.4%) | loss: 0.266747 | trade:0.35 call:0.64 put:0.36 | ATM:0.65 OTM:0.35 | lr: 1.50e-04 | left: 97s
step 04650 ( 60.1%) | loss: 0.200474 | trade:0.38 call:0.59 put:0.41 | ATM:0.63 OTM:0.37 | lr: 1.50e-04 | left: 96s
step 04700 ( 60.7%) | loss: 0.233689 | trade:0.42 call:0.61 put:0.39 | ATM:0.56 OTM:0.44 | lr: 1.50e-04 | left: 94s
step 04750 ( 61.4%) | loss: 0.249635 | trade:0.39 call:0.65 put:0.35 | ATM:0.59 OTM:0.41 | lr: 1.50e-04 | left: 93s
step 04800 ( 62.1%) | loss: 0.135360 | trade:0.37 call:0.64 put:0.36 | ATM:0.61 OTM:0.39 | lr: 1.50e-04 | left: 91s
step 04850 ( 62.7%) | loss: 0.255926 | trade:0.32 call:0.64 put:0.36 | ATM:0.64 OTM:0.36 | lr: 1.50e-04 | left: 89s
step 04900 ( 63.4%) | loss: 0.148975 | trade:0.33 call:0.65 put:0.35 | ATM:0.66 OTM:0.34 | lr: 1.50e-04 | left: 88s
step 04950 ( 64.0%) | loss: 0.245706 | trade:0.34 call:0.65 put:0.35 | ATM:0.58 OTM:0.42 | lr: 1.50e-04 | left: 86s
step 05000 ( 64.7%) | loss: 0.133760 | trade:0.37 call:0.62 put:0.38 | ATM:0.62 OTM:0.38 | lr: 1.50e-04 | left: 85s
step 05050 ( 65.4%) | loss: 0.188123 | trade:0.33 call:0.64 put:0.36 | ATM:0.62 OTM:0.38 | lr: 1.50e-04 | left: 83s
step 05100 ( 66.0%) | loss: 0.238226 | trade:0.39 call:0.65 put:0.35 | ATM:0.63 OTM:0.37 | lr: 1.50e-04 | left: 82s
step 05150 ( 66.7%) | loss: 0.224261 | trade:0.34 call:0.59 put:0.41 | ATM:0.68 OTM:0.32 | lr: 1.50e-04 | left: 80s
step 05200 ( 67.3%) | loss: 0.216748 | trade:0.44 call:0.64 put:0.36 | ATM:0.57 OTM:0.43 | lr: 1.50e-04 | left: 78s
step 05250 ( 67.9%) | loss: 0.187746 | trade:0.35 call:0.67 put:0.33 | ATM:0.63 OTM:0.37 | lr: 1.50e-04 | left: 77s
step 05300 ( 68.6%) | loss: 0.172602 | trade:0.39 call:0.66 put:0.34 | ATM:0.61 OTM:0.39 | lr: 1.50e-04 | left: 75s
step 05350 ( 69.2%) | loss: 0.217857 | trade:0.41 call:0.62 put:0.38 | ATM:0.62 OTM:0.38 | lr: 1.50e-04 | left: 74s
step 05400 ( 69.9%) | loss: 0.138011 | trade:0.35 call:0.62 put:0.38 | ATM:0.62 OTM:0.38 | lr: 1.50e-04 | left: 72s
step 05450 ( 70.5%) | loss: 0.165661 | trade:0.36 call:0.66 put:0.34 | ATM:0.63 OTM:0.37 | lr: 1.50e-04 | left: 71s
step 05500 ( 71.2%) | loss: 0.208380 | trade:0.36 call:0.61 put:0.39 | ATM:0.65 OTM:0.35 | lr: 1.49e-04 | left: 69s
step 05550 ( 71.9%) | loss: 0.169897 | trade:0.33 call:0.66 put:0.34 | ATM:0.63 OTM:0.37 | lr: 1.49e-04 | left: 68s
step 05600 ( 72.5%) | loss: 0.173717 | trade:0.37 call:0.60 put:0.40 | ATM:0.61 OTM:0.39 | lr: 1.47e-04 | left: 66s
step 05650 ( 73.2%) | loss: 0.180913 | trade:0.38 call:0.62 put:0.38 | ATM:0.59 OTM:0.41 | lr: 1.46e-04 | left: 64s
step 05700 ( 73.8%) | loss: 0.174235 | trade:0.34 call:0.63 put:0.37 | ATM:0.67 OTM:0.33 | lr: 1.44e-04 | left: 63s
step 05750 ( 74.5%) | loss: 0.221163 | trade:0.36 call:0.63 put:0.37 | ATM:0.68 OTM:0.32 | lr: 1.42e-04 | left: 61s
step 05800 ( 75.0%) | loss: 0.153071 | trade:0.33 call:0.58 put:0.42 | ATM:0.62 OTM:0.38 | lr: 1.40e-04 | left: 60s
step 05850 ( 75.7%) | loss: 0.119273 | trade:0.34 call:0.64 put:0.36 | ATM:0.67 OTM:0.33 | lr: 1.37e-04 | left: 58s
step 05900 ( 76.3%) | loss: 0.054747 | trade:0.35 call:0.65 put:0.35 | ATM:0.67 OTM:0.33 | lr: 1.34e-04 | left: 57s
step 05950 ( 77.0%) | loss: 0.278580 | trade:0.37 call:0.65 put:0.35 | ATM:0.63 OTM:0.37 | lr: 1.31e-04 | left: 55s
step 06000 ( 77.6%) | loss: 0.089856 | trade:0.35 call:0.64 put:0.36 | ATM:0.67 OTM:0.33 | lr: 1.28e-04 | left: 54s
step 06050 ( 78.2%) | loss: 0.188809 | trade:0.36 call:0.63 put:0.37 | ATM:0.64 OTM:0.36 | lr: 1.24e-04 | left: 52s
step 06100 ( 78.9%) | loss: 0.167166 | trade:0.37 call:0.56 put:0.44 | ATM:0.59 OTM:0.41 | lr: 1.20e-04 | left: 51s
step 06150 ( 79.6%) | loss: 0.114135 | trade:0.38 call:0.57 put:0.43 | ATM:0.65 OTM:0.35 | lr: 1.16e-04 | left: 49s
step 06200 ( 80.2%) | loss: 0.126417 | trade:0.35 call:0.58 put:0.42 | ATM:0.68 OTM:0.32 | lr: 1.11e-04 | left: 47s
step 06250 ( 80.9%) | loss: 0.107225 | trade:0.39 call:0.65 put:0.35 | ATM:0.62 OTM:0.38 | lr: 1.06e-04 | left: 46s
step 06300 ( 81.5%) | loss: 0.205372 | trade:0.33 call:0.67 put:0.33 | ATM:0.64 OTM:0.36 | lr: 1.02e-04 | left: 44s
step 06350 ( 82.2%) | loss: 0.128321 | trade:0.35 call:0.63 put:0.37 | ATM:0.66 OTM:0.34 | lr: 9.69e-05 | left: 43s
step 06400 ( 82.8%) | loss: 0.203476 | trade:0.36 call:0.66 put:0.34 | ATM:0.66 OTM:0.34 | lr: 9.19e-05 | left: 41s
step 06450 ( 83.5%) | loss: 0.135783 | trade:0.43 call:0.65 put:0.35 | ATM:0.61 OTM:0.39 | lr: 8.69e-05 | left: 40s
step 06500 ( 84.0%) | loss: 0.123462 | trade:0.28 call:0.62 put:0.38 | ATM:0.68 OTM:0.32 | lr: 8.30e-05 | left: 38s
step 06550 ( 84.5%) | loss: 0.202953 | trade:0.36 call:0.58 put:0.42 | ATM:0.66 OTM:0.34 | lr: 7.87e-05 | left: 37s
step 06600 ( 85.2%) | loss: 0.150662 | trade:0.33 call:0.65 put:0.35 | ATM:0.68 OTM:0.32 | lr: 7.36e-05 | left: 36s
step 06650 ( 85.8%) | loss: 0.064260 | trade:0.34 call:0.66 put:0.34 | ATM:0.68 OTM:0.32 | lr: 6.86e-05 | left: 34s
step 06700 ( 86.5%) | loss: 0.139810 | trade:0.36 call:0.60 put:0.40 | ATM:0.65 OTM:0.35 | lr: 6.36e-05 | left: 32s
step 06750 ( 87.1%) | loss: 0.129110 | trade:0.27 call:0.63 put:0.37 | ATM:0.67 OTM:0.33 | lr: 5.85e-05 | left: 31s
step 06800 ( 87.8%) | loss: 0.207001 | trade:0.39 call:0.58 put:0.42 | ATM:0.65 OTM:0.35 | lr: 5.35e-05 | left: 29s
step 06850 ( 88.4%) | loss: 0.082189 | trade:0.34 call:0.60 put:0.40 | ATM:0.68 OTM:0.32 | lr: 4.87e-05 | left: 28s
step 06900 ( 89.0%) | loss: 0.169683 | trade:0.29 call:0.59 put:0.41 | ATM:0.73 OTM:0.27 | lr: 4.41e-05 | left: 26s
step 06950 ( 89.7%) | loss: 0.149166 | trade:0.29 call:0.65 put:0.35 | ATM:0.69 OTM:0.31 | lr: 3.95e-05 | left: 25s
step 07000 ( 90.4%) | loss: 0.138808 | trade:0.37 call:0.61 put:0.39 | ATM:0.65 OTM:0.35 | lr: 3.51e-05 | left: 23s
step 07050 ( 91.0%) | loss: 0.167334 | trade:0.37 call:0.66 put:0.34 | ATM:0.63 OTM:0.37 | lr: 3.08e-05 | left: 22s
step 07100 ( 91.7%) | loss: 0.155928 | trade:0.36 call:0.68 put:0.32 | ATM:0.62 OTM:0.38 | lr: 2.67e-05 | left: 20s
step 07150 ( 92.3%) | loss: 0.135697 | trade:0.30 call:0.64 put:0.36 | ATM:0.66 OTM:0.34 | lr: 2.29e-05 | left: 18s
step 07200 ( 93.0%) | loss: 0.205659 | trade:0.29 call:0.64 put:0.36 | ATM:0.71 OTM:0.29 | lr: 1.93e-05 | left: 17s
step 07250 ( 93.7%) | loss: 0.092929 | trade:0.38 call:0.59 put:0.41 | ATM:0.63 OTM:0.37 | lr: 1.60e-05 | left: 15s
step 07300 ( 94.3%) | loss: 0.146958 | trade:0.28 call:0.66 put:0.34 | ATM:0.71 OTM:0.29 | lr: 1.29e-05 | left: 14s
step 07350 ( 95.0%) | loss: 0.241070 | trade:0.37 call:0.65 put:0.35 | ATM:0.61 OTM:0.39 | lr: 1.02e-05 | left: 12s
step 07400 ( 95.6%) | loss: 0.033056 | trade:0.36 call:0.64 put:0.36 | ATM:0.63 OTM:0.37 | lr: 7.75e-06 | left: 10s
step 07450 ( 96.3%) | loss: 0.132120 | trade:0.33 call:0.61 put:0.39 | ATM:0.65 OTM:0.35 | lr: 5.62e-06 | left: 9s
step 07500 ( 96.9%) | loss: 0.255618 | trade:0.41 call:0.61 put:0.39 | ATM:0.70 OTM:0.30 | lr: 3.82e-06 | left: 7s
step 07550 ( 97.6%) | loss: 0.059935 | trade:0.38 call:0.59 put:0.41 | ATM:0.60 OTM:0.40 | lr: 2.36e-06 | left: 6s
step 07600 ( 98.3%) | loss: 0.141308 | trade:0.34 call:0.57 put:0.43 | ATM:0.67 OTM:0.33 | lr: 1.24e-06 | left: 4s
step 07650 ( 98.9%) | loss: 0.155383 | trade:0.38 call:0.66 put:0.34 | ATM:0.61 OTM:0.39 | lr: 4.79e-07 | left: 3s
step 07700 ( 99.6%) | loss: 0.079581 | trade:0.31 call:0.65 put:0.35 | ATM:0.67 OTM:0.33 | lr: 7.23e-08 | left: 1s

Training done at 244s. Starting evaluation...
Evaluation done in 7s (total wall: 251s)
Model saved to /root/best_model.pt
Trade log: 100 trades -> /root/trade_log.csv

---
score:              0.238325
profit_factor:      1.781905
win_rate:           0.280000
avg_winner:         0.988837
avg_loser:          -0.215807
trades_per_day:     1.492537
max_consec_loss:    8
num_trades:         100
trade_sharpe:       2.285907
sortino:            22.961877
max_drawdown:       -3.300453
calmar:             3.681108
ev_per_trade:       0.121493
do_nothing_pct:     0.563009
exit_pct:           0.012002
model_exit_count:   56
cooldown_blocked:   199
pre_10am_blocked:   690
short_hold_pct:     0.180000
stop_loss_rate:     0.450000
direction_collapse_pct: 0.320000
avg_entry_cost_bps: 305.654600
avg_entry_quality:  0.799200
cost_realism_coverage: 1.000000
high_cost_entry_rate: 0.370000
low_quality_entry_rate: 0.000000
actionable_bar_rate: 0.803300
risk_off_bar_rate:  0.000000
final_capital:      9860.81
equity_sharpe:      0.542900
max_equity_dd:      -0.349100
total_dollar_return:-0.013900
val_sharpe:         -49.186163
total_return:       12.149324
num_val_bars:       4666
num_val_days:       67
worst_chunk_pf:     0.20
rr_ratio:           4.5820
avg_hold_bars:      11.50
model_exit_rate:    0.5600
hit_ruin:           False
min_equity_frac:    0.6509
avg_risk_fraction:  0.1000
max_risk_fraction:  0.3836
trades_blocked_by_balance: 0
  Chunk 1: 2025-02-18..2025-05-28 | 27 trades | PF=0.20 | WR=25.9%
  Chunk 2: 2025-06-04..2025-08-29 | 13 trades | PF=6.15 | WR=30.8%
  Chunk 3: 2025-09-03..2025-10-09 | 24 trades | PF=1.69 | WR=33.3%
  Chunk 4: 2025-10-15..2025-12-04 | 22 trades | PF=1.18 | WR=22.7%
  Chunk 5: 2025-12-31..2026-03-16 | 14 trades | PF=2.50 | WR=28.6%
training_seconds:   240.0
total_seconds:      253.5
peak_vram_mb:       366.9
num_steps:          7732
num_params:         146,265
lookback:           120
depth:              3
d_model:            64
effective_lr:       0.00015
gate_label_smoothing:0.050000
dir_label_smoothing:0.050000
false_entry_penalty:2.500000
feature_noise_std:  0.050000
/opt/conda/lib/python3.11/site-packages/torch/nn/modules/transformer.py:379: UserWarning: enable_nested_tensor is True, but self.use_nested_tensor is False because encoder_layer.norm_first was True
  warnings.warn(
