Mixed precision: bf16 enabled (Ampere+ GPU detected)
Loading data from: /root/.cache/autoresearch-trading/features/data.pt
Loaded 384870 1-min bars, 32 features, 8 actions
  ~986 trading days
Training:   up to idx 269189
Validation: idx 269190-384869
  Option P&L coverage: 297877/384870 (77%)
Parameters: 145,064
Architecture: v4 simplified two-head (gate+dir), ATM-biased, no ETV
Training from scratch (v4: no warm-start).
Day-sequential batching: 85% sequential, 15% random (batch=16)

Budget: 240s | Batch: 512 | Lookback: 120
LR: 0.00025 | Depth: 3 | d_model: 64 | ff_mult: 3
Dropout: 0.15 | Weight decay: 0.05
Label smoothing: gate=0.05 dir=0.05
Loss weights: gate=0.5, dir=2.0, pnl=0.3
Exit override strength: 0.15 (gate targets flipped on exit bars)
Position state: flat for random batches, tracked for day-sequential

step 00000 (  0.0%) | loss: 0.000000 | trade:0.58 call:0.47 put:0.53 | ATM:0.43 OTM:0.57 [seq] | lr: 0.00e+00 | left: 240s
step 00050 (  0.3%) | loss: 0.429761 | trade:0.60 call:0.45 put:0.55 | ATM:0.42 OTM:0.58 [seq] | lr: 4.17e-06 | left: 239s
step 00100 (  0.6%) | loss: 1.242816 | trade:0.61 call:0.45 put:0.55 | ATM:0.42 OTM:0.58 [seq] | lr: 9.62e-06 | left: 239s
step 00150 (  0.9%) | loss: 0.468308 | trade:0.63 call:0.47 put:0.53 | ATM:0.47 OTM:0.53 [seq] | lr: 1.50e-05 | left: 238s
step 00200 (  1.3%) | loss: 0.778943 | trade:0.62 call:0.48 put:0.52 | ATM:0.42 OTM:0.58 [seq] | lr: 2.12e-05 | left: 237s
step 00250 (  1.7%) | loss: 0.635787 | trade:0.62 call:0.59 put:0.41 | ATM:0.46 OTM:0.54 [seq] | lr: 2.82e-05 | left: 236s
step 00300 (  2.1%) | loss: 0.628199 | trade:0.50 call:0.59 put:0.41 | ATM:0.44 OTM:0.56 [seq] | lr: 3.50e-05 | left: 235s
step 00350 (  2.5%) | loss: 1.077482 | trade:0.56 call:0.62 put:0.38 | ATM:0.48 OTM:0.52 [seq] | lr: 4.22e-05 | left: 234s
step 00400 (  2.9%) | loss: 0.441786 | trade:0.41 call:0.61 put:0.39 | ATM:0.45 OTM:0.55 [seq] | lr: 4.89e-05 | left: 233s
step 00450 (  3.3%) | loss: 0.681453 | trade:0.42 call:0.64 put:0.36 | ATM:0.47 OTM:0.53 [seq] | lr: 5.57e-05 | left: 232s
step 00500 (  3.8%) | loss: 0.485908 | trade:0.37 call:0.77 put:0.23 | ATM:0.50 OTM:0.50 [seq] | lr: 6.26e-05 | left: 231s
step 00550 (  4.2%) | loss: 0.815221 | trade:0.63 call:0.50 put:0.50 | ATM:0.39 OTM:0.61 [seq] | lr: 6.96e-05 | left: 230s
step 00600 (  4.6%) | loss: 0.291400 | trade:0.38 call:0.81 put:0.19 | ATM:0.54 OTM:0.46 [seq] | lr: 7.63e-05 | left: 229s
step 00650 (  5.0%) | loss: 0.603046 | trade:0.27 call:0.63 put:0.37 | ATM:0.43 OTM:0.57 [seq] | lr: 8.31e-05 | left: 228s
step 00700 (  5.4%) | loss: 0.502751 | trade:0.43 call:0.50 put:0.50 | ATM:0.42 OTM:0.58 [seq] | lr: 8.98e-05 | left: 227s
step 00750 (  5.8%) | loss: 0.747755 | trade:0.58 call:0.46 put:0.53 | ATM:0.38 OTM:0.62 [seq] | lr: 9.68e-05 | left: 226s
step 00800 (  6.2%) | loss: 0.463885 | trade:0.35 call:0.72 put:0.28 | ATM:0.50 OTM:0.50 [rnd] | lr: 1.04e-04 | left: 225s
step 00850 (  6.6%) | loss: 0.332732 | trade:0.56 call:0.91 put:0.09 | ATM:0.54 OTM:0.46 [seq] | lr: 1.10e-04 | left: 224s
step 00900 (  7.0%) | loss: 0.456223 | trade:0.37 call:0.73 put:0.27 | ATM:0.50 OTM:0.50 [rnd] | lr: 1.17e-04 | left: 223s
step 00950 (  7.4%) | loss: 0.503184 | trade:0.80 call:0.88 put:0.12 | ATM:0.43 OTM:0.57 [seq] | lr: 1.24e-04 | left: 222s
step 01000 (  7.8%) | loss: 0.235518 | trade:0.18 call:0.69 put:0.31 | ATM:0.54 OTM:0.46 [seq] | lr: 1.30e-04 | left: 221s
step 01050 (  8.2%) | loss: 0.409830 | trade:0.69 call:0.94 put:0.06 | ATM:0.65 OTM:0.35 [seq] | lr: 1.37e-04 | left: 220s
step 01100 (  8.6%) | loss: 0.557580 | trade:0.25 call:0.88 put:0.12 | ATM:0.64 OTM:0.36 [seq] | lr: 1.44e-04 | left: 219s
step 01150 (  9.0%) | loss: 0.287965 | trade:0.77 call:0.93 put:0.07 | ATM:0.78 OTM:0.22 [seq] | lr: 1.51e-04 | left: 218s
step 01200 (  9.4%) | loss: 0.185242 | trade:0.09 call:0.13 put:0.87 | ATM:0.74 OTM:0.26 [seq] | lr: 1.57e-04 | left: 217s
step 01250 (  9.8%) | loss: 0.280136 | trade:0.08 call:0.10 put:0.90 | ATM:0.78 OTM:0.22 [seq] | lr: 1.64e-04 | left: 216s
step 01300 ( 10.2%) | loss: 0.365902 | trade:0.04 call:0.89 put:0.11 | ATM:0.66 OTM:0.34 [seq] | lr: 1.70e-04 | left: 215s
step 01350 ( 10.7%) | loss: 0.550108 | trade:0.03 call:0.41 put:0.59 | ATM:0.59 OTM:0.41 [seq] | lr: 1.78e-04 | left: 214s
step 01400 ( 11.1%) | loss: 0.189527 | trade:0.01 call:0.35 put:0.65 | ATM:0.60 OTM:0.40 [seq] | lr: 1.85e-04 | left: 213s
step 01450 ( 11.5%) | loss: 0.558547 | trade:0.94 call:0.09 put:0.91 | ATM:0.72 OTM:0.28 [seq] | lr: 1.92e-04 | left: 212s
step 01500 ( 11.9%) | loss: 0.408715 | trade:0.34 call:0.71 put:0.29 | ATM:0.60 OTM:0.40 [rnd] | lr: 1.99e-04 | left: 211s
step 01550 ( 12.3%) | loss: 0.586153 | trade:0.57 call:0.87 put:0.13 | ATM:0.45 OTM:0.55 [seq] | lr: 2.05e-04 | left: 210s
step 01600 ( 12.8%) | loss: 1.063246 | trade:0.37 call:0.77 put:0.24 | ATM:0.57 OTM:0.43 [rnd] | lr: 2.13e-04 | left: 209s
step 01650 ( 13.2%) | loss: 0.543374 | trade:0.38 call:0.74 put:0.26 | ATM:0.60 OTM:0.40 [rnd] | lr: 2.20e-04 | left: 208s
step 01700 ( 13.6%) | loss: 0.486198 | trade:0.33 call:0.72 put:0.28 | ATM:0.59 OTM:0.41 [rnd] | lr: 2.26e-04 | left: 207s
step 01750 ( 14.0%) | loss: 0.076731 | trade:0.09 call:0.11 put:0.89 | ATM:0.79 OTM:0.21 [seq] | lr: 2.33e-04 | left: 206s
step 01800 ( 14.4%) | loss: 0.226685 | trade:0.95 call:0.97 put:0.03 | ATM:0.25 OTM:0.75 [seq] | lr: 2.39e-04 | left: 206s
step 01850 ( 14.8%) | loss: 0.422823 | trade:0.09 call:0.06 put:0.94 | ATM:0.88 OTM:0.12 [seq] | lr: 2.46e-04 | left: 205s
step 01900 ( 15.2%) | loss: 0.388932 | trade:0.91 call:0.98 put:0.01 | ATM:0.20 OTM:0.80 [seq] | lr: 2.50e-04 | left: 204s
step 01950 ( 15.5%) | loss: 0.156505 | trade:0.92 call:0.99 put:0.01 | ATM:0.26 OTM:0.74 [seq] | lr: 2.50e-04 | left: 203s
step 02000 ( 15.9%) | loss: 0.148107 | trade:0.96 call:0.05 put:0.95 | ATM:0.29 OTM:0.71 [seq] | lr: 2.50e-04 | left: 202s
step 02050 ( 16.3%) | loss: 0.485266 | trade:0.34 call:0.98 put:0.02 | ATM:0.78 OTM:0.22 [seq] | lr: 2.50e-04 | left: 201s
step 02100 ( 16.8%) | loss: 0.473512 | trade:0.46 call:0.95 put:0.05 | ATM:0.64 OTM:0.36 [seq] | lr: 2.50e-04 | left: 200s
step 02150 ( 17.2%) | loss: 0.394772 | trade:0.98 call:0.99 put:0.01 | ATM:0.20 OTM:0.80 [seq] | lr: 2.50e-04 | left: 199s
step 02200 ( 17.6%) | loss: 0.350437 | trade:0.96 call:0.53 put:0.47 | ATM:0.31 OTM:0.69 [seq] | lr: 2.50e-04 | left: 198s
step 02250 ( 18.0%) | loss: 0.577094 | trade:0.38 call:0.76 put:0.24 | ATM:0.56 OTM:0.44 [rnd] | lr: 2.50e-04 | left: 197s
step 02300 ( 18.4%) | loss: 0.159070 | trade:0.94 call:0.99 put:0.01 | ATM:0.19 OTM:0.81 [seq] | lr: 2.50e-04 | left: 196s
step 02350 ( 18.8%) | loss: 0.216021 | trade:0.88 call:0.02 put:0.98 | ATM:0.96 OTM:0.04 [seq] | lr: 2.50e-04 | left: 195s
step 02400 ( 19.2%) | loss: 0.251992 | trade:0.00 call:0.84 put:0.16 | ATM:0.35 OTM:0.65 [seq] | lr: 2.50e-04 | left: 194s
step 02450 ( 19.5%) | loss: 0.132438 | trade:0.00 call:0.76 put:0.24 | ATM:0.42 OTM:0.58 [seq] | lr: 2.50e-04 | left: 193s
step 02500 ( 19.9%) | loss: 0.108661 | trade:0.00 call:0.55 put:0.45 | ATM:0.59 OTM:0.41 [seq] | lr: 2.50e-04 | left: 192s
step 02550 ( 20.3%) | loss: 0.427719 | trade:0.42 call:0.81 put:0.18 | ATM:0.58 OTM:0.42 [rnd] | lr: 2.50e-04 | left: 191s
step 02600 ( 20.7%) | loss: 0.056852 | trade:0.95 call:0.02 put:0.98 | ATM:0.65 OTM:0.35 [seq] | lr: 2.50e-04 | left: 190s
step 02650 ( 21.1%) | loss: 0.291059 | trade:0.34 call:0.76 put:0.24 | ATM:0.55 OTM:0.45 [rnd] | lr: 2.50e-04 | left: 189s
step 02700 ( 21.4%) | loss: 0.373882 | trade:0.74 call:0.95 put:0.06 | ATM:0.92 OTM:0.08 [seq] | lr: 2.50e-04 | left: 189s
step 02750 ( 21.6%) | loss: 0.369584 | trade:0.36 call:0.77 put:0.22 | ATM:0.56 OTM:0.44 [rnd] | lr: 2.50e-04 | left: 188s
step 02800 ( 21.8%) | loss: 0.229569 | trade:0.00 call:0.63 put:0.37 | ATM:0.49 OTM:0.51 [seq] | lr: 2.50e-04 | left: 188s
step 02850 ( 21.9%) | loss: 0.142259 | trade:0.00 call:0.82 put:0.18 | ATM:0.62 OTM:0.38 [seq] | lr: 2.50e-04 | left: 187s
step 02900 ( 22.2%) | loss: 0.438629 | trade:0.02 call:0.84 put:0.16 | ATM:0.63 OTM:0.37 [seq] | lr: 2.50e-04 | left: 187s
step 02950 ( 22.3%) | loss: 0.417012 | trade:0.55 call:0.95 put:0.05 | ATM:0.93 OTM:0.07 [seq] | lr: 2.50e-04 | left: 186s
step 03000 ( 22.5%) | loss: 0.432059 | trade:0.38 call:0.77 put:0.23 | ATM:0.55 OTM:0.45 [rnd] | lr: 2.50e-04 | left: 186s
step 03050 ( 22.7%) | loss: 0.190585 | trade:0.00 call:0.82 put:0.19 | ATM:0.65 OTM:0.35 [seq] | lr: 2.50e-04 | left: 185s
step 03100 ( 22.9%) | loss: 0.277952 | trade:0.00 call:0.86 put:0.14 | ATM:0.81 OTM:0.19 [seq] | lr: 2.50e-04 | left: 185s
step 03150 ( 23.1%) | loss: 0.164707 | trade:0.00 call:0.65 put:0.35 | ATM:0.46 OTM:0.54 [seq] | lr: 2.50e-04 | left: 185s
step 03200 ( 23.3%) | loss: 0.565663 | trade:0.90 call:0.98 put:0.02 | ATM:0.23 OTM:0.77 [seq] | lr: 2.50e-04 | left: 184s
step 03250 ( 23.4%) | loss: 0.397999 | trade:0.36 call:0.77 put:0.23 | ATM:0.57 OTM:0.43 [rnd] | lr: 2.50e-04 | left: 184s
step 03300 ( 23.6%) | loss: 0.194890 | trade:0.00 call:0.88 put:0.13 | ATM:0.39 OTM:0.61 [seq] | lr: 2.50e-04 | left: 183s
step 03350 ( 23.8%) | loss: 0.155029 | trade:0.83 call:0.93 put:0.06 | ATM:0.60 OTM:0.40 [seq] | lr: 2.50e-04 | left: 183s
step 03400 ( 23.9%) | loss: 0.195646 | trade:0.00 call:0.62 put:0.38 | ATM:0.51 OTM:0.49 [seq] | lr: 2.50e-04 | left: 183s
step 03450 ( 24.1%) | loss: 0.452631 | trade:0.38 call:0.72 put:0.28 | ATM:0.54 OTM:0.46 [rnd] | lr: 2.50e-04 | left: 182s
step 03500 ( 24.4%) | loss: 0.532901 | trade:0.36 call:0.75 put:0.25 | ATM:0.54 OTM:0.46 [rnd] | lr: 2.50e-04 | left: 181s
step 03550 ( 24.8%) | loss: 0.268517 | trade:0.00 call:0.16 put:0.84 | ATM:0.81 OTM:0.19 [seq] | lr: 2.50e-04 | left: 181s
step 03600 ( 25.0%) | loss: 0.301122 | trade:0.00 call:0.96 put:0.04 | ATM:0.87 OTM:0.13 [seq] | lr: 2.50e-04 | left: 180s
step 03650 ( 25.2%) | loss: 0.139234 | trade:0.00 call:0.85 put:0.15 | ATM:0.74 OTM:0.26 [seq] | lr: 2.50e-04 | left: 179s
step 03700 ( 25.4%) | loss: 0.205036 | trade:0.00 call:0.76 put:0.24 | ATM:0.71 OTM:0.29 [seq] | lr: 2.50e-04 | left: 179s
step 03750 ( 25.6%) | loss: 0.307311 | trade:0.36 call:0.74 put:0.26 | ATM:0.58 OTM:0.42 [rnd] | lr: 2.50e-04 | left: 179s
step 03800 ( 25.8%) | loss: 0.359645 | trade:0.00 call:0.25 put:0.75 | ATM:0.70 OTM:0.30 [seq] | lr: 2.50e-04 | left: 178s
step 03850 ( 26.1%) | loss: 0.404312 | trade:0.27 call:0.97 put:0.03 | ATM:0.96 OTM:0.04 [seq] | lr: 2.50e-04 | left: 177s
step 03900 ( 26.3%) | loss: 0.426738 | trade:0.17 call:0.93 put:0.08 | ATM:0.90 OTM:0.10 [seq] | lr: 2.50e-04 | left: 177s
step 03950 ( 26.5%) | loss: 0.453377 | trade:0.38 call:0.74 put:0.26 | ATM:0.54 OTM:0.46 [rnd] | lr: 2.50e-04 | left: 176s
step 04000 ( 26.8%) | loss: 0.382564 | trade:0.00 call:0.20 put:0.80 | ATM:0.86 OTM:0.14 [seq] | lr: 2.50e-04 | left: 176s
step 04050 ( 27.0%) | loss: 0.487285 | trade:0.00 call:0.71 put:0.29 | ATM:0.55 OTM:0.45 [seq] | lr: 2.50e-04 | left: 175s
step 04100 ( 27.2%) | loss: 0.300575 | trade:0.84 call:0.81 put:0.19 | ATM:0.38 OTM:0.62 [seq] | lr: 2.50e-04 | left: 175s
step 04150 ( 27.3%) | loss: 0.296704 | trade:0.33 call:0.73 put:0.27 | ATM:0.56 OTM:0.44 [rnd] | lr: 2.50e-04 | left: 174s
step 04200 ( 27.5%) | loss: 0.431360 | trade:0.36 call:0.73 put:0.27 | ATM:0.57 OTM:0.43 [rnd] | lr: 2.50e-04 | left: 174s
step 04250 ( 27.7%) | loss: 0.265786 | trade:0.00 call:0.09 put:0.91 | ATM:0.80 OTM:0.20 [seq] | lr: 2.50e-04 | left: 174s
step 04300 ( 27.9%) | loss: 0.324231 | trade:0.00 call:0.80 put:0.20 | ATM:0.76 OTM:0.24 [seq] | lr: 2.50e-04 | left: 173s
step 04350 ( 28.1%) | loss: 0.317390 | trade:0.93 call:0.01 put:0.99 | ATM:0.65 OTM:0.35 [seq] | lr: 2.50e-04 | left: 172s
step 04400 ( 28.4%) | loss: 0.341369 | trade:0.45 call:0.28 put:0.72 | ATM:0.46 OTM:0.54 [seq] | lr: 2.50e-04 | left: 172s
step 04450 ( 28.6%) | loss: 0.239034 | trade:0.00 call:0.77 put:0.23 | ATM:0.63 OTM:0.37 [seq] | lr: 2.50e-04 | left: 171s
step 04500 ( 28.9%) | loss: 0.250632 | trade:0.00 call:0.70 put:0.30 | ATM:0.64 OTM:0.36 [seq] | lr: 2.50e-04 | left: 171s
step 04550 ( 29.1%) | loss: 0.263046 | trade:0.01 call:0.96 put:0.04 | ATM:0.88 OTM:0.12 [seq] | lr: 2.50e-04 | left: 170s
step 04600 ( 29.3%) | loss: 0.291631 | trade:0.36 call:0.68 put:0.32 | ATM:0.59 OTM:0.41 [rnd] | lr: 2.50e-04 | left: 170s
step 04650 ( 29.5%) | loss: 0.188262 | trade:0.00 call:0.39 put:0.61 | ATM:0.76 OTM:0.24 [seq] | lr: 2.50e-04 | left: 169s
step 04700 ( 29.7%) | loss: 0.197928 | trade:0.00 call:0.84 put:0.16 | ATM:0.49 OTM:0.51 [seq] | lr: 2.50e-04 | left: 169s
step 04750 ( 29.9%) | loss: 0.212160 | trade:0.00 call:0.86 put:0.13 | ATM:0.41 OTM:0.59 [seq] | lr: 2.50e-04 | left: 168s
step 04800 ( 30.1%) | loss: 0.358397 | trade:0.00 call:0.67 put:0.33 | ATM:0.35 OTM:0.65 [seq] | lr: 2.50e-04 | left: 168s
step 04850 ( 30.3%) | loss: 0.198630 | trade:0.36 call:0.73 put:0.27 | ATM:0.53 OTM:0.47 [rnd] | lr: 2.50e-04 | left: 167s
step 04900 ( 30.5%) | loss: 0.354776 | trade:0.96 call:1.00 put:0.00 | ATM:0.19 OTM:0.81 [seq] | lr: 2.50e-04 | left: 167s
step 04950 ( 30.8%) | loss: 0.261284 | trade:0.96 call:0.95 put:0.05 | ATM:0.23 OTM:0.77 [seq] | lr: 2.50e-04 | left: 166s
step 05000 ( 31.1%) | loss: 0.387632 | trade:0.00 call:0.72 put:0.28 | ATM:0.36 OTM:0.64 [seq] | lr: 2.50e-04 | left: 165s
step 05050 ( 31.4%) | loss: 0.249392 | trade:0.06 call:0.98 put:0.02 | ATM:0.97 OTM:0.03 [seq] | lr: 2.50e-04 | left: 165s
step 05100 ( 31.7%) | loss: 0.401039 | trade:0.37 call:0.74 put:0.26 | ATM:0.53 OTM:0.47 [rnd] | lr: 2.50e-04 | left: 164s
step 05150 ( 31.9%) | loss: 0.343105 | trade:0.93 call:1.00 put:0.00 | ATM:0.29 OTM:0.71 [seq] | lr: 2.50e-04 | left: 163s
step 05200 ( 32.2%) | loss: 0.361721 | trade:0.37 call:0.73 put:0.27 | ATM:0.56 OTM:0.44 [rnd] | lr: 2.50e-04 | left: 163s
step 05250 ( 32.4%) | loss: 0.242133 | trade:0.95 call:1.00 put:0.00 | ATM:0.29 OTM:0.71 [seq] | lr: 2.50e-04 | left: 162s
step 05300 ( 32.6%) | loss: 0.514517 | trade:0.77 call:1.00 put:0.00 | ATM:0.29 OTM:0.71 [seq] | lr: 2.50e-04 | left: 162s
step 05350 ( 32.8%) | loss: 0.454393 | trade:0.00 call:0.69 put:0.31 | ATM:0.65 OTM:0.35 [seq] | lr: 2.50e-04 | left: 161s
step 05400 ( 33.0%) | loss: 0.273437 | trade:0.96 call:0.01 put:0.99 | ATM:0.70 OTM:0.30 [seq] | lr: 2.50e-04 | left: 161s
step 05450 ( 33.2%) | loss: 0.591874 | trade:0.36 call:0.74 put:0.26 | ATM:0.53 OTM:0.47 [rnd] | lr: 2.50e-04 | left: 160s
step 05500 ( 33.4%) | loss: 0.421002 | trade:0.31 call:0.14 put:0.86 | ATM:0.58 OTM:0.42 [seq] | lr: 2.50e-04 | left: 160s
step 05550 ( 33.6%) | loss: 0.350602 | trade:0.00 call:0.14 put:0.86 | ATM:0.64 OTM:0.36 [seq] | lr: 2.50e-04 | left: 159s
step 05600 ( 33.8%) | loss: 0.447634 | trade:0.92 call:0.05 put:0.95 | ATM:0.68 OTM:0.32 [seq] | lr: 2.50e-04 | left: 159s
step 05650 ( 33.9%) | loss: 0.438269 | trade:0.95 call:0.02 put:0.98 | ATM:0.63 OTM:0.37 [seq] | lr: 2.50e-04 | left: 159s
step 05700 ( 34.2%) | loss: 1.575896 | trade:0.84 call:0.91 put:0.09 | ATM:0.37 OTM:0.63 [seq] | lr: 2.50e-04 | left: 158s
step 05750 ( 34.5%) | loss: 0.634528 | trade:0.37 call:0.75 put:0.25 | ATM:0.54 OTM:0.46 [rnd] | lr: 2.50e-04 | left: 157s
step 05800 ( 34.7%) | loss: 0.756113 | trade:0.83 call:0.95 put:0.05 | ATM:0.87 OTM:0.13 [seq] | lr: 2.50e-04 | left: 157s
step 05850 ( 35.0%) | loss: 1.071184 | trade:0.75 call:0.96 put:0.04 | ATM:0.57 OTM:0.43 [seq] | lr: 2.50e-04 | left: 156s
step 05900 ( 35.2%) | loss: 0.648415 | trade:0.96 call:1.00 put:0.00 | ATM:0.19 OTM:0.81 [seq] | lr: 2.50e-04 | left: 156s
step 05950 ( 35.4%) | loss: 0.429157 | trade:0.32 call:0.82 put:0.18 | ATM:0.41 OTM:0.59 [seq] | lr: 2.50e-04 | left: 155s
step 06000 ( 35.6%) | loss: 0.384486 | trade:0.89 call:0.99 put:0.01 | ATM:0.25 OTM:0.75 [seq] | lr: 2.50e-04 | left: 155s
step 06050 ( 35.8%) | loss: 0.231798 | trade:0.00 call:0.89 put:0.11 | ATM:0.39 OTM:0.61 [seq] | lr: 2.50e-04 | left: 154s
step 06100 ( 36.0%) | loss: 0.371973 | trade:0.83 call:0.94 put:0.06 | ATM:0.34 OTM:0.66 [seq] | lr: 2.50e-04 | left: 154s
step 06150 ( 36.2%) | loss: 0.334715 | trade:0.87 call:0.92 put:0.08 | ATM:0.36 OTM:0.64 [seq] | lr: 2.50e-04 | left: 153s
step 06200 ( 36.4%) | loss: 0.223894 | trade:0.39 call:0.74 put:0.26 | ATM:0.52 OTM:0.48 [rnd] | lr: 2.50e-04 | left: 153s
step 06250 ( 36.6%) | loss: 0.298877 | trade:0.94 call:0.99 put:0.01 | ATM:0.29 OTM:0.71 [seq] | lr: 2.50e-04 | left: 152s
step 06300 ( 36.7%) | loss: 0.135686 | trade:0.80 call:0.90 put:0.10 | ATM:0.36 OTM:0.64 [seq] | lr: 2.50e-04 | left: 152s
step 06350 ( 37.0%) | loss: 0.189384 | trade:0.00 call:0.51 put:0.49 | ATM:0.44 OTM:0.56 [seq] | lr: 2.50e-04 | left: 151s
step 06400 ( 37.1%) | loss: 0.195668 | trade:0.00 call:0.74 put:0.26 | ATM:0.36 OTM:0.64 [seq] | lr: 2.50e-04 | left: 151s
step 06450 ( 37.4%) | loss: 0.550011 | trade:0.86 call:1.00 put:0.00 | ATM:0.36 OTM:0.64 [seq] | lr: 2.50e-04 | left: 150s
step 06500 ( 37.7%) | loss: 0.281238 | trade:0.00 call:0.39 put:0.61 | ATM:0.62 OTM:0.38 [seq] | lr: 2.50e-04 | left: 150s
step 06550 ( 37.9%) | loss: 0.451722 | trade:0.34 call:0.71 put:0.29 | ATM:0.54 OTM:0.46 [rnd] | lr: 2.50e-04 | left: 149s
step 06600 ( 38.3%) | loss: 0.280061 | trade:0.43 call:0.30 put:0.70 | ATM:0.55 OTM:0.45 [seq] | lr: 2.50e-04 | left: 148s
step 06650 ( 38.6%) | loss: 0.448872 | trade:0.84 call:0.77 put:0.24 | ATM:0.51 OTM:0.49 [seq] | lr: 2.50e-04 | left: 147s
step 06700 ( 38.9%) | loss: 0.361410 | trade:0.80 call:0.98 put:0.02 | ATM:0.69 OTM:0.31 [seq] | lr: 2.50e-04 | left: 147s
step 06750 ( 39.1%) | loss: 0.094720 | trade:0.06 call:0.91 put:0.10 | ATM:0.88 OTM:0.12 [seq] | lr: 2.50e-04 | left: 146s
step 06800 ( 39.2%) | loss: 0.189661 | trade:0.00 call:0.12 put:0.88 | ATM:0.82 OTM:0.18 [seq] | lr: 2.50e-04 | left: 146s
step 06850 ( 39.5%) | loss: 0.223857 | trade:0.90 call:0.97 put:0.03 | ATM:0.34 OTM:0.66 [seq] | lr: 2.50e-04 | left: 145s
step 06900 ( 39.7%) | loss: 0.378627 | trade:0.03 call:0.84 put:0.16 | ATM:0.95 OTM:0.05 [seq] | lr: 2.50e-04 | left: 145s
step 06950 ( 39.9%) | loss: 0.116106 | trade:0.00 call:0.79 put:0.20 | ATM:0.55 OTM:0.45 [seq] | lr: 2.50e-04 | left: 144s
step 07000 ( 40.1%) | loss: 0.330645 | trade:0.00 call:0.73 put:0.28 | ATM:0.38 OTM:0.62 [seq] | lr: 2.50e-04 | left: 144s
step 07050 ( 40.3%) | loss: 0.370161 | trade:0.33 call:0.70 put:0.30 | ATM:0.54 OTM:0.46 [rnd] | lr: 2.50e-04 | left: 143s
step 07100 ( 40.5%) | loss: 0.314084 | trade:0.00 call:0.77 put:0.23 | ATM:0.49 OTM:0.51 [seq] | lr: 2.50e-04 | left: 143s
step 07150 ( 40.7%) | loss: 0.193689 | trade:0.70 call:0.94 put:0.06 | ATM:0.92 OTM:0.08 [seq] | lr: 2.50e-04 | left: 142s
step 07200 ( 40.9%) | loss: 0.162909 | trade:0.00 call:0.69 put:0.31 | ATM:0.52 OTM:0.48 [seq] | lr: 2.50e-04 | left: 142s
step 07250 ( 41.2%) | loss: 0.471707 | trade:0.47 call:0.96 put:0.04 | ATM:0.67 OTM:0.33 [seq] | lr: 2.50e-04 | left: 141s
step 07300 ( 41.4%) | loss: 0.219603 | trade:0.00 call:0.42 put:0.58 | ATM:0.50 OTM:0.50 [seq] | lr: 2.50e-04 | left: 141s
step 07350 ( 41.6%) | loss: 0.274248 | trade:0.00 call:0.91 put:0.10 | ATM:0.39 OTM:0.61 [seq] | lr: 2.50e-04 | left: 140s
step 07400 ( 41.8%) | loss: 0.492070 | trade:0.00 call:0.73 put:0.26 | ATM:0.44 OTM:0.56 [seq] | lr: 2.50e-04 | left: 140s
step 07450 ( 42.0%) | loss: 0.229911 | trade:0.00 call:0.95 put:0.05 | ATM:0.26 OTM:0.74 [seq] | lr: 2.50e-04 | left: 139s
step 07500 ( 42.1%) | loss: 0.324464 | trade:0.00 call:0.81 put:0.19 | ATM:0.38 OTM:0.62 [seq] | lr: 2.50e-04 | left: 139s
step 07550 ( 42.3%) | loss: 0.209942 | trade:0.36 call:0.74 put:0.25 | ATM:0.53 OTM:0.47 [rnd] | lr: 2.50e-04 | left: 138s
step 07600 ( 42.5%) | loss: 0.124587 | trade:0.89 call:0.01 put:0.99 | ATM:0.68 OTM:0.32 [seq] | lr: 2.50e-04 | left: 138s
step 07650 ( 42.8%) | loss: 0.407733 | trade:0.00 call:0.88 put:0.12 | ATM:0.49 OTM:0.51 [seq] | lr: 2.50e-04 | left: 137s
step 07700 ( 42.9%) | loss: 0.264440 | trade:0.44 call:0.84 put:0.16 | ATM:0.42 OTM:0.58 [seq] | lr: 2.50e-04 | left: 137s
step 07750 ( 43.2%) | loss: 0.773936 | trade:0.84 call:0.95 put:0.04 | ATM:0.94 OTM:0.06 [seq] | lr: 2.50e-04 | left: 136s
step 07800 ( 43.5%) | loss: 0.561775 | trade:0.38 call:0.75 put:0.25 | ATM:0.53 OTM:0.47 [rnd] | lr: 2.50e-04 | left: 136s
step 07850 ( 43.7%) | loss: 0.995129 | trade:0.31 call:0.84 put:0.16 | ATM:0.35 OTM:0.65 [seq] | lr: 2.50e-04 | left: 135s
step 07900 ( 44.0%) | loss: 0.284872 | trade:0.00 call:0.64 put:0.36 | ATM:0.55 OTM:0.45 [seq] | lr: 2.50e-04 | left: 134s
step 07950 ( 44.3%) | loss: 0.414406 | trade:0.47 call:0.80 put:0.20 | ATM:0.46 OTM:0.54 [seq] | lr: 2.50e-04 | left: 134s
step 08000 ( 44.5%) | loss: 1.178197 | trade:0.74 call:0.96 put:0.04 | ATM:0.79 OTM:0.21 [seq] | lr: 2.50e-04 | left: 133s
step 08050 ( 44.8%) | loss: 0.528311 | trade:0.00 call:0.66 put:0.34 | ATM:0.31 OTM:0.69 [seq] | lr: 2.50e-04 | left: 133s
step 08100 ( 44.9%) | loss: 0.218386 | trade:0.00 call:0.61 put:0.39 | ATM:0.37 OTM:0.63 [seq] | lr: 2.50e-04 | left: 132s
step 08150 ( 45.1%) | loss: 0.216603 | trade:0.36 call:0.72 put:0.28 | ATM:0.53 OTM:0.47 [rnd] | lr: 2.50e-04 | left: 132s
step 08200 ( 45.3%) | loss: 0.258086 | trade:0.00 call:0.88 put:0.13 | ATM:0.82 OTM:0.18 [seq] | lr: 2.50e-04 | left: 131s
step 08250 ( 45.4%) | loss: 0.339258 | trade:0.96 call:0.02 put:0.98 | ATM:0.19 OTM:0.81 [seq] | lr: 2.50e-04 | left: 131s
step 08300 ( 45.7%) | loss: 0.587831 | trade:0.93 call:0.88 put:0.12 | ATM:0.32 OTM:0.68 [seq] | lr: 2.50e-04 | left: 130s
step 08350 ( 45.9%) | loss: 0.279281 | trade:0.00 call:0.24 put:0.76 | ATM:0.76 OTM:0.24 [seq] | lr: 2.50e-04 | left: 130s
step 08400 ( 46.1%) | loss: 0.191466 | trade:0.00 call:0.72 put:0.28 | ATM:0.55 OTM:0.45 [seq] | lr: 2.50e-04 | left: 129s
step 08450 ( 46.2%) | loss: 0.237193 | trade:0.00 call:0.67 put:0.33 | ATM:0.59 OTM:0.41 [seq] | lr: 2.50e-04 | left: 129s
step 08500 ( 46.5%) | loss: 0.438195 | trade:0.37 call:0.71 put:0.29 | ATM:0.52 OTM:0.48 [rnd] | lr: 2.50e-04 | left: 128s
step 08550 ( 46.7%) | loss: 0.257947 | trade:0.00 call:0.75 put:0.25 | ATM:0.51 OTM:0.49 [seq] | lr: 2.50e-04 | left: 128s
step 08600 ( 46.9%) | loss: 0.139410 | trade:0.00 call:0.86 put:0.14 | ATM:0.75 OTM:0.25 [seq] | lr: 2.50e-04 | left: 128s
step 08650 ( 47.0%) | loss: 0.370081 | trade:0.00 call:0.40 put:0.61 | ATM:0.59 OTM:0.41 [seq] | lr: 2.50e-04 | left: 127s
step 08700 ( 47.2%) | loss: 0.177724 | trade:0.98 call:0.00 put:1.00 | ATM:0.81 OTM:0.19 [seq] | lr: 2.50e-04 | left: 127s
step 08750 ( 47.4%) | loss: 0.165937 | trade:0.89 call:0.01 put:1.00 | ATM:0.78 OTM:0.22 [seq] | lr: 2.50e-04 | left: 126s
step 08800 ( 47.7%) | loss: 0.327745 | trade:0.02 call:0.72 put:0.28 | ATM:0.62 OTM:0.38 [seq] | lr: 2.50e-04 | left: 125s
step 08850 ( 47.9%) | loss: 0.354811 | trade:0.00 call:0.89 put:0.11 | ATM:0.89 OTM:0.11 [seq] | lr: 2.50e-04 | left: 125s
step 08900 ( 48.1%) | loss: 0.219776 | trade:0.62 call:0.95 put:0.05 | ATM:0.92 OTM:0.08 [seq] | lr: 2.50e-04 | left: 125s
step 08950 ( 48.3%) | loss: 0.239136 | trade:0.00 call:0.62 put:0.38 | ATM:0.57 OTM:0.43 [seq] | lr: 2.50e-04 | left: 124s
step 09000 ( 48.6%) | loss: 0.357465 | trade:0.37 call:0.72 put:0.28 | ATM:0.52 OTM:0.48 [rnd] | lr: 2.50e-04 | left: 123s
step 09050 ( 48.8%) | loss: 0.242153 | trade:0.00 call:0.78 put:0.22 | ATM:0.45 OTM:0.55 [seq] | lr: 2.50e-04 | left: 123s
step 09100 ( 49.0%) | loss: 0.183848 | trade:0.00 call:0.55 put:0.45 | ATM:0.54 OTM:0.46 [seq] | lr: 2.50e-04 | left: 122s
step 09150 ( 49.2%) | loss: 0.418803 | trade:0.00 call:0.82 put:0.18 | ATM:0.36 OTM:0.64 [seq] | lr: 2.50e-04 | left: 122s
step 09200 ( 49.4%) | loss: 0.283647 | trade:0.00 call:0.85 put:0.15 | ATM:0.57 OTM:0.43 [seq] | lr: 2.50e-04 | left: 121s
step 09250 ( 49.6%) | loss: 0.298102 | trade:0.34 call:0.70 put:0.30 | ATM:0.52 OTM:0.48 [rnd] | lr: 2.50e-04 | left: 121s
step 09300 ( 49.8%) | loss: 0.437009 | trade:0.29 call:0.82 put:0.18 | ATM:0.53 OTM:0.47 [seq] | lr: 2.50e-04 | left: 120s
step 09350 ( 50.0%) | loss: 0.228592 | trade:0.92 call:1.00 put:0.00 | ATM:0.27 OTM:0.73 [seq] | lr: 2.50e-04 | left: 120s
step 09400 ( 50.1%) | loss: 0.136228 | trade:0.00 call:0.78 put:0.22 | ATM:0.30 OTM:0.70 [seq] | lr: 2.50e-04 | left: 120s
step 09450 ( 50.3%) | loss: 0.411036 | trade:0.37 call:0.73 put:0.27 | ATM:0.53 OTM:0.47 [rnd] | lr: 2.50e-04 | left: 119s
step 09500 ( 50.5%) | loss: 0.492859 | trade:0.92 call:1.00 put:0.00 | ATM:0.21 OTM:0.79 [seq] | lr: 2.50e-04 | left: 119s
step 09550 ( 50.7%) | loss: 0.320801 | trade:0.95 call:0.99 put:0.01 | ATM:0.27 OTM:0.73 [seq] | lr: 2.50e-04 | left: 118s
step 09600 ( 51.0%) | loss: 0.423379 | trade:0.43 call:0.88 put:0.12 | ATM:0.64 OTM:0.36 [seq] | lr: 2.50e-04 | left: 118s
step 09650 ( 51.2%) | loss: 0.358901 | trade:0.95 call:0.99 put:0.01 | ATM:0.83 OTM:0.17 [seq] | lr: 2.50e-04 | left: 117s
step 09700 ( 51.5%) | loss: 0.377436 | trade:0.40 call:0.69 put:0.31 | ATM:0.53 OTM:0.47 [rnd] | lr: 2.50e-04 | left: 116s
step 09750 ( 51.7%) | loss: 0.447068 | trade:0.34 call:0.70 put:0.30 | ATM:0.53 OTM:0.47 [rnd] | lr: 2.50e-04 | left: 116s
step 09800 ( 51.9%) | loss: 0.210081 | trade:0.93 call:0.02 put:0.98 | ATM:0.63 OTM:0.37 [seq] | lr: 2.50e-04 | left: 115s
step 09850 ( 52.1%) | loss: 0.300264 | trade:0.00 call:0.57 put:0.43 | ATM:0.62 OTM:0.38 [seq] | lr: 2.50e-04 | left: 115s
step 09900 ( 52.3%) | loss: 0.156185 | trade:0.00 call:0.91 put:0.09 | ATM:0.41 OTM:0.59 [seq] | lr: 2.50e-04 | left: 114s
step 09950 ( 52.5%) | loss: 0.111586 | trade:0.00 call:0.75 put:0.25 | ATM:0.53 OTM:0.47 [seq] | lr: 2.50e-04 | left: 114s
step 10000 ( 52.7%) | loss: 0.258302 | trade:0.88 call:0.86 put:0.14 | ATM:0.82 OTM:0.18 [seq] | lr: 2.50e-04 | left: 114s
step 10050 ( 52.9%) | loss: 0.213414 | trade:0.35 call:0.75 put:0.25 | ATM:0.51 OTM:0.49 [rnd] | lr: 2.50e-04 | left: 113s
step 10100 ( 53.1%) | loss: 0.761501 | trade:0.30 call:0.45 put:0.54 | ATM:0.61 OTM:0.39 [seq] | lr: 2.50e-04 | left: 113s
step 10150 ( 53.4%) | loss: 0.373912 | trade:0.94 call:0.01 put:0.99 | ATM:0.73 OTM:0.27 [seq] | lr: 2.50e-04 | left: 112s
step 10200 ( 53.6%) | loss: 0.122881 | trade:0.82 call:0.02 put:0.98 | ATM:0.68 OTM:0.32 [seq] | lr: 2.50e-04 | left: 111s
step 10250 ( 53.8%) | loss: 0.414278 | trade:0.93 call:0.96 put:0.04 | ATM:0.49 OTM:0.51 [seq] | lr: 2.50e-04 | left: 111s
step 10300 ( 54.0%) | loss: 0.333328 | trade:0.00 call:0.95 put:0.05 | ATM:0.94 OTM:0.06 [seq] | lr: 2.50e-04 | left: 110s
step 10350 ( 54.2%) | loss: 0.484176 | trade:0.00 call:0.62 put:0.38 | ATM:0.46 OTM:0.54 [seq] | lr: 2.50e-04 | left: 110s
step 10400 ( 54.4%) | loss: 0.274812 | trade:0.91 call:0.07 put:0.93 | ATM:0.72 OTM:0.28 [seq] | lr: 2.50e-04 | left: 109s
step 10450 ( 54.6%) | loss: 0.257501 | trade:0.96 call:0.01 put:0.99 | ATM:0.63 OTM:0.37 [seq] | lr: 2.50e-04 | left: 109s
step 10500 ( 54.8%) | loss: 0.259847 | trade:0.00 call:0.94 put:0.06 | ATM:0.85 OTM:0.15 [seq] | lr: 2.50e-04 | left: 109s
step 10550 ( 55.0%) | loss: 0.225443 | trade:0.00 call:0.85 put:0.15 | ATM:0.79 OTM:0.21 [seq] | lr: 2.50e-04 | left: 108s
step 10600 ( 55.3%) | loss: 0.199785 | trade:0.00 call:0.87 put:0.13 | ATM:0.43 OTM:0.57 [seq] | lr: 2.50e-04 | left: 107s
step 10650 ( 55.5%) | loss: 0.140734 | trade:0.88 call:0.98 put:0.01 | ATM:0.32 OTM:0.68 [seq] | lr: 2.50e-04 | left: 107s
step 10700 ( 55.7%) | loss: 0.278036 | trade:0.40 call:0.73 put:0.27 | ATM:0.54 OTM:0.46 [rnd] | lr: 2.50e-04 | left: 106s
step 10750 ( 55.9%) | loss: 0.358300 | trade:0.87 call:0.98 put:0.01 | ATM:0.97 OTM:0.03 [seq] | lr: 2.50e-04 | left: 106s
step 10800 ( 56.1%) | loss: 0.240924 | trade:0.91 call:0.01 put:0.99 | ATM:0.99 OTM:0.01 [seq] | lr: 2.50e-04 | left: 105s
step 10850 ( 56.3%) | loss: 0.295120 | trade:0.00 call:0.27 put:0.73 | ATM:0.55 OTM:0.45 [seq] | lr: 2.50e-04 | left: 105s
step 10900 ( 56.5%) | loss: 1.168883 | trade:0.27 call:0.72 put:0.28 | ATM:0.59 OTM:0.41 [seq] | lr: 2.50e-04 | left: 104s
step 10950 ( 56.8%) | loss: 0.383981 | trade:0.93 call:1.00 put:0.00 | ATM:0.23 OTM:0.77 [seq] | lr: 2.50e-04 | left: 104s
step 11000 ( 57.0%) | loss: 0.357755 | trade:0.94 call:1.00 put:0.00 | ATM:0.41 OTM:0.59 [seq] | lr: 2.50e-04 | left: 103s
step 11050 ( 57.2%) | loss: 0.207756 | trade:0.95 call:0.99 put:0.01 | ATM:0.19 OTM:0.81 [seq] | lr: 2.50e-04 | left: 103s
step 11100 ( 57.4%) | loss: 0.542645 | trade:0.38 call:0.73 put:0.27 | ATM:0.51 OTM:0.49 [rnd] | lr: 2.50e-04 | left: 102s
step 11150 ( 57.7%) | loss: 0.514731 | trade:0.34 call:0.73 put:0.27 | ATM:0.52 OTM:0.48 [rnd] | lr: 2.50e-04 | left: 102s
step 11200 ( 57.9%) | loss: 0.484371 | trade:0.38 call:0.71 put:0.29 | ATM:0.52 OTM:0.48 [rnd] | lr: 2.50e-04 | left: 101s
step 11250 ( 58.1%) | loss: 0.133176 | trade:0.00 call:0.61 put:0.39 | ATM:0.39 OTM:0.61 [seq] | lr: 2.50e-04 | left: 101s
step 11300 ( 58.3%) | loss: 0.234929 | trade:0.00 call:0.70 put:0.30 | ATM:0.49 OTM:0.51 [seq] | lr: 2.50e-04 | left: 100s
step 11350 ( 58.4%) | loss: 0.214086 | trade:0.00 call:0.79 put:0.21 | ATM:0.39 OTM:0.61 [seq] | lr: 2.50e-04 | left: 100s
step 11400 ( 58.6%) | loss: 0.273675 | trade:0.73 call:0.95 put:0.05 | ATM:0.92 OTM:0.08 [seq] | lr: 2.50e-04 | left: 99s
step 11450 ( 58.8%) | loss: 0.200110 | trade:0.00 call:0.80 put:0.19 | ATM:0.52 OTM:0.48 [seq] | lr: 2.50e-04 | left: 99s
step 11500 ( 59.0%) | loss: 0.341013 | trade:0.00 call:0.76 put:0.24 | ATM:0.38 OTM:0.62 [seq] | lr: 2.50e-04 | left: 98s
step 11550 ( 59.2%) | loss: 0.369687 | trade:0.47 call:0.95 put:0.05 | ATM:0.35 OTM:0.65 [seq] | lr: 2.50e-04 | left: 98s
step 11600 ( 59.3%) | loss: 0.329206 | trade:0.98 call:0.03 put:0.97 | ATM:0.61 OTM:0.39 [seq] | lr: 2.50e-04 | left: 98s
step 11650 ( 59.5%) | loss: 0.526552 | trade:0.96 call:0.01 put:0.99 | ATM:0.61 OTM:0.39 [seq] | lr: 2.50e-04 | left: 97s
step 11700 ( 59.7%) | loss: 0.298800 | trade:0.00 call:0.18 put:0.82 | ATM:0.79 OTM:0.21 [seq] | lr: 2.50e-04 | left: 97s
step 11750 ( 59.9%) | loss: 0.376625 | trade:0.00 call:0.82 put:0.18 | ATM:0.45 OTM:0.55 [seq] | lr: 2.50e-04 | left: 96s
step 11800 ( 60.0%) | loss: 0.328243 | trade:0.00 call:0.61 put:0.39 | ATM:0.37 OTM:0.63 [seq] | lr: 2.50e-04 | left: 96s
step 11850 ( 60.2%) | loss: 0.175245 | trade:0.31 call:0.24 put:0.76 | ATM:0.78 OTM:0.22 [seq] | lr: 2.50e-04 | left: 95s
step 11900 ( 60.4%) | loss: 0.216560 | trade:0.46 call:0.71 put:0.29 | ATM:0.55 OTM:0.45 [seq] | lr: 2.50e-04 | left: 95s
step 11950 ( 60.7%) | loss: 0.223548 | trade:0.00 call:0.94 put:0.06 | ATM:0.42 OTM:0.58 [seq] | lr: 2.50e-04 | left: 94s
step 12000 ( 61.0%) | loss: 0.563011 | trade:0.35 call:0.71 put:0.29 | ATM:0.50 OTM:0.50 [rnd] | lr: 2.50e-04 | left: 94s
step 12050 ( 61.2%) | loss: 0.379772 | trade:0.42 call:0.79 put:0.21 | ATM:0.65 OTM:0.35 [seq] | lr: 2.50e-04 | left: 93s
step 12100 ( 61.4%) | loss: 0.256800 | trade:0.00 call:0.77 put:0.23 | ATM:0.37 OTM:0.63 [seq] | lr: 2.50e-04 | left: 93s
step 12150 ( 61.6%) | loss: 0.234400 | trade:0.00 call:0.59 put:0.41 | ATM:0.53 OTM:0.47 [seq] | lr: 2.50e-04 | left: 92s
step 12200 ( 61.9%) | loss: 0.217484 | trade:0.00 call:0.78 put:0.22 | ATM:0.52 OTM:0.48 [seq] | lr: 2.50e-04 | left: 91s
step 12250 ( 62.2%) | loss: 0.129290 | trade:0.00 call:0.52 put:0.48 | ATM:0.41 OTM:0.59 [seq] | lr: 2.50e-04 | left: 91s
step 12300 ( 62.4%) | loss: 0.354595 | trade:0.55 call:0.96 put:0.04 | ATM:0.50 OTM:0.50 [seq] | lr: 2.50e-04 | left: 90s
step 12350 ( 62.6%) | loss: 0.141919 | trade:0.00 call:0.20 put:0.80 | ATM:0.59 OTM:0.41 [seq] | lr: 2.50e-04 | left: 90s
step 12400 ( 62.7%) | loss: 0.235141 | trade:0.93 call:0.01 put:0.99 | ATM:0.85 OTM:0.15 [seq] | lr: 2.50e-04 | left: 89s
step 12450 ( 63.0%) | loss: 0.375988 | trade:0.00 call:0.37 put:0.63 | ATM:0.54 OTM:0.46 [seq] | lr: 2.50e-04 | left: 89s
step 12500 ( 63.2%) | loss: 0.454480 | trade:0.39 call:0.73 put:0.27 | ATM:0.50 OTM:0.50 [rnd] | lr: 2.50e-04 | left: 88s
step 12550 ( 63.4%) | loss: 0.305686 | trade:0.00 call:0.55 put:0.45 | ATM:0.67 OTM:0.33 [seq] | lr: 2.50e-04 | left: 88s
step 12600 ( 63.6%) | loss: 0.339635 | trade:0.12 call:0.93 put:0.08 | ATM:0.89 OTM:0.11 [seq] | lr: 2.50e-04 | left: 87s
step 12650 ( 63.8%) | loss: 0.285127 | trade:0.00 call:0.49 put:0.51 | ATM:0.64 OTM:0.36 [seq] | lr: 2.50e-04 | left: 87s
step 12700 ( 64.0%) | loss: 0.178541 | trade:0.88 call:0.95 put:0.05 | ATM:0.94 OTM:0.06 [seq] | lr: 2.50e-04 | left: 86s
step 12750 ( 64.2%) | loss: 0.510736 | trade:0.34 call:0.70 put:0.31 | ATM:0.52 OTM:0.48 [rnd] | lr: 2.50e-04 | left: 86s
step 12800 ( 64.4%) | loss: 0.305117 | trade:0.00 call:0.92 put:0.08 | ATM:0.34 OTM:0.66 [seq] | lr: 2.50e-04 | left: 85s
step 12850 ( 64.6%) | loss: 0.466101 | trade:0.35 call:0.71 put:0.29 | ATM:0.50 OTM:0.50 [rnd] | lr: 2.50e-04 | left: 85s
step 12900 ( 64.8%) | loss: 0.368298 | trade:0.36 call:0.74 put:0.26 | ATM:0.50 OTM:0.50 [rnd] | lr: 2.50e-04 | left: 84s
step 12950 ( 65.0%) | loss: 0.350146 | trade:0.88 call:0.95 put:0.05 | ATM:0.93 OTM:0.07 [seq] | lr: 2.50e-04 | left: 84s
step 13000 ( 65.3%) | loss: 0.377352 | trade:0.00 call:0.84 put:0.16 | ATM:0.87 OTM:0.13 [seq] | lr: 2.50e-04 | left: 83s
step 13050 ( 65.5%) | loss: 0.362185 | trade:0.00 call:0.61 put:0.39 | ATM:0.39 OTM:0.61 [seq] | lr: 2.50e-04 | left: 83s
step 13100 ( 65.7%) | loss: 0.171477 | trade:0.00 call:0.64 put:0.36 | ATM:0.41 OTM:0.59 [seq] | lr: 2.50e-04 | left: 82s
step 13150 ( 65.9%) | loss: 0.313282 | trade:0.86 call:0.98 put:0.02 | ATM:0.99 OTM:0.01 [seq] | lr: 2.50e-04 | left: 82s
step 13200 ( 66.1%) | loss: 0.183449 | trade:0.00 call:0.80 put:0.19 | ATM:0.36 OTM:0.64 [seq] | lr: 2.50e-04 | left: 81s
step 13250 ( 66.3%) | loss: 0.238792 | trade:0.00 call:0.75 put:0.25 | ATM:0.60 OTM:0.40 [seq] | lr: 2.50e-04 | left: 81s
step 13300 ( 66.5%) | loss: 0.231086 | trade:0.31 call:0.34 put:0.66 | ATM:0.74 OTM:0.26 [seq] | lr: 2.50e-04 | left: 80s
step 13350 ( 66.7%) | loss: 0.457952 | trade:0.00 call:0.57 put:0.43 | ATM:0.60 OTM:0.40 [seq] | lr: 2.50e-04 | left: 80s
step 13400 ( 66.8%) | loss: 0.253833 | trade:0.00 call:0.91 put:0.09 | ATM:0.91 OTM:0.09 [seq] | lr: 2.50e-04 | left: 80s
step 13450 ( 67.0%) | loss: 0.218024 | trade:0.00 call:0.63 put:0.37 | ATM:0.42 OTM:0.58 [seq] | lr: 2.50e-04 | left: 79s
step 13500 ( 67.2%) | loss: 0.391459 | trade:0.00 call:0.70 put:0.30 | ATM:0.46 OTM:0.54 [seq] | lr: 2.50e-04 | left: 79s
step 13550 ( 67.4%) | loss: 0.204082 | trade:0.00 call:0.71 put:0.29 | ATM:0.49 OTM:0.51 [seq] | lr: 2.50e-04 | left: 78s
step 13600 ( 67.6%) | loss: 0.255063 | trade:0.00 call:0.84 put:0.16 | ATM:0.44 OTM:0.56 [seq] | lr: 2.50e-04 | left: 78s
step 13650 ( 67.8%) | loss: 0.400076 | trade:0.00 call:0.62 put:0.38 | ATM:0.40 OTM:0.60 [seq] | lr: 2.50e-04 | left: 77s
step 13700 ( 68.0%) | loss: 0.185295 | trade:0.00 call:0.45 put:0.55 | ATM:0.56 OTM:0.44 [seq] | lr: 2.50e-04 | left: 77s
step 13750 ( 68.2%) | loss: 0.473308 | trade:0.37 call:0.73 put:0.27 | ATM:0.50 OTM:0.50 [rnd] | lr: 2.50e-04 | left: 76s
step 13800 ( 68.4%) | loss: 0.201830 | trade:0.00 call:0.47 put:0.53 | ATM:0.39 OTM:0.61 [seq] | lr: 2.50e-04 | left: 76s
step 13850 ( 68.6%) | loss: 0.232977 | trade:0.00 call:0.71 put:0.29 | ATM:0.55 OTM:0.45 [seq] | lr: 2.50e-04 | left: 75s
step 13900 ( 68.9%) | loss: 0.046114 | trade:0.86 call:0.96 put:0.04 | ATM:0.66 OTM:0.34 [seq] | lr: 2.50e-04 | left: 75s
step 13950 ( 69.1%) | loss: 0.277562 | trade:0.37 call:0.76 put:0.24 | ATM:0.52 OTM:0.48 [rnd] | lr: 2.50e-04 | left: 74s
step 14000 ( 69.3%) | loss: 0.099146 | trade:0.00 call:0.95 put:0.05 | ATM:0.90 OTM:0.10 [seq] | lr: 2.50e-04 | left: 74s
step 14050 ( 69.5%) | loss: 0.308616 | trade:0.00 call:0.65 put:0.35 | ATM:0.37 OTM:0.63 [seq] | lr: 2.50e-04 | left: 73s
step 14100 ( 69.7%) | loss: 0.283860 | trade:0.00 call:0.73 put:0.27 | ATM:0.64 OTM:0.36 [seq] | lr: 2.50e-04 | left: 73s
step 14150 ( 69.9%) | loss: 0.220521 | trade:0.91 call:0.97 put:0.03 | ATM:0.50 OTM:0.50 [seq] | lr: 2.50e-04 | left: 72s
step 14200 ( 70.0%) | loss: 0.170314 | trade:0.05 call:0.93 put:0.07 | ATM:0.88 OTM:0.12 [seq] | lr: 2.50e-04 | left: 72s
step 14250 ( 70.2%) | loss: 0.176969 | trade:0.00 call:0.41 put:0.59 | ATM:0.65 OTM:0.35 [seq] | lr: 2.50e-04 | left: 71s
step 14300 ( 70.4%) | loss: 0.144826 | trade:0.00 call:0.74 put:0.26 | ATM:0.49 OTM:0.51 [seq] | lr: 2.50e-04 | left: 71s
step 14350 ( 70.6%) | loss: 0.280399 | trade:0.95 call:0.99 put:0.01 | ATM:0.30 OTM:0.70 [seq] | lr: 2.50e-04 | left: 71s
step 14400 ( 70.8%) | loss: 0.333998 | trade:0.00 call:0.80 put:0.20 | ATM:0.40 OTM:0.60 [seq] | lr: 2.50e-04 | left: 70s
step 14450 ( 71.1%) | loss: 0.200325 | trade:0.00 call:0.84 put:0.15 | ATM:0.40 OTM:0.60 [seq] | lr: 2.49e-04 | left: 69s
step 14500 ( 71.2%) | loss: 0.414103 | trade:0.91 call:0.98 put:0.02 | ATM:0.35 OTM:0.65 [seq] | lr: 2.49e-04 | left: 69s
step 14550 ( 71.5%) | loss: 0.943844 | trade:0.91 call:0.98 put:0.02 | ATM:0.72 OTM:0.28 [seq] | lr: 2.48e-04 | left: 68s
step 14600 ( 71.7%) | loss: 1.813861 | trade:0.34 call:0.71 put:0.29 | ATM:0.51 OTM:0.49 [rnd] | lr: 2.48e-04 | left: 68s
step 14650 ( 72.0%) | loss: 0.271221 | trade:0.00 call:0.88 put:0.12 | ATM:0.56 OTM:0.44 [seq] | lr: 2.47e-04 | left: 67s
step 14700 ( 72.1%) | loss: 0.308008 | trade:0.37 call:0.75 put:0.25 | ATM:0.51 OTM:0.49 [rnd] | lr: 2.47e-04 | left: 67s
step 14750 ( 72.3%) | loss: 0.299400 | trade:0.00 call:0.71 put:0.29 | ATM:0.51 OTM:0.49 [seq] | lr: 2.46e-04 | left: 66s
step 14800 ( 72.5%) | loss: 0.322820 | trade:0.38 call:0.71 put:0.29 | ATM:0.51 OTM:0.49 [rnd] | lr: 2.46e-04 | left: 66s
step 14850 ( 72.7%) | loss: 0.106378 | trade:0.00 call:0.77 put:0.24 | ATM:0.58 OTM:0.42 [seq] | lr: 2.45e-04 | left: 65s
step 14900 ( 73.0%) | loss: 0.278449 | trade:0.00 call:0.59 put:0.41 | ATM:0.70 OTM:0.30 [seq] | lr: 2.44e-04 | left: 65s
step 14950 ( 73.2%) | loss: 0.175099 | trade:0.00 call:0.71 put:0.29 | ATM:0.57 OTM:0.43 [seq] | lr: 2.43e-04 | left: 64s
step 15000 ( 73.4%) | loss: 0.083154 | trade:0.89 call:0.87 put:0.13 | ATM:0.62 OTM:0.38 [seq] | lr: 2.42e-04 | left: 64s
step 15050 ( 73.6%) | loss: 0.155269 | trade:0.88 call:0.96 put:0.05 | ATM:0.89 OTM:0.11 [seq] | lr: 2.41e-04 | left: 63s
step 15100 ( 73.9%) | loss: 0.438178 | trade:0.00 call:0.71 put:0.29 | ATM:0.38 OTM:0.62 [seq] | lr: 2.40e-04 | left: 63s
step 15150 ( 74.1%) | loss: 0.282447 | trade:0.49 call:0.95 put:0.05 | ATM:0.77 OTM:0.23 [seq] | lr: 2.39e-04 | left: 62s
step 15200 ( 74.3%) | loss: 0.230099 | trade:0.00 call:0.20 put:0.80 | ATM:0.56 OTM:0.44 [seq] | lr: 2.38e-04 | left: 62s
step 15250 ( 74.5%) | loss: 0.392660 | trade:0.36 call:0.73 put:0.26 | ATM:0.52 OTM:0.48 [rnd] | lr: 2.36e-04 | left: 61s
step 15300 ( 74.7%) | loss: 0.338126 | trade:0.93 call:0.00 put:0.99 | ATM:0.65 OTM:0.35 [seq] | lr: 2.35e-04 | left: 61s
step 15350 ( 74.9%) | loss: 0.172323 | trade:0.97 call:0.00 put:1.00 | ATM:0.26 OTM:0.74 [seq] | lr: 2.34e-04 | left: 60s
step 15400 ( 75.1%) | loss: 0.222030 | trade:0.00 call:0.64 put:0.36 | ATM:0.54 OTM:0.46 [seq] | lr: 2.32e-04 | left: 60s
step 15450 ( 75.4%) | loss: 0.258316 | trade:0.00 call:0.81 put:0.19 | ATM:0.48 OTM:0.52 [seq] | lr: 2.31e-04 | left: 59s
step 15500 ( 75.6%) | loss: 0.322619 | trade:0.00 call:0.90 put:0.10 | ATM:0.36 OTM:0.64 [seq] | lr: 2.29e-04 | left: 59s
step 15550 ( 75.8%) | loss: 0.305969 | trade:0.93 call:0.99 put:0.01 | ATM:0.45 OTM:0.55 [seq] | lr: 2.28e-04 | left: 58s
step 15600 ( 76.0%) | loss: 0.335990 | trade:0.85 call:0.95 put:0.05 | ATM:0.93 OTM:0.07 [seq] | lr: 2.26e-04 | left: 58s
step 15650 ( 76.2%) | loss: 0.209056 | trade:0.88 call:0.92 put:0.08 | ATM:0.30 OTM:0.70 [seq] | lr: 2.25e-04 | left: 57s
step 15700 ( 76.4%) | loss: 0.303122 | trade:0.85 call:0.95 put:0.06 | ATM:0.86 OTM:0.14 [seq] | lr: 2.23e-04 | left: 57s
step 15750 ( 76.6%) | loss: 0.457181 | trade:0.90 call:0.17 put:0.83 | ATM:0.68 OTM:0.32 [seq] | lr: 2.22e-04 | left: 56s
step 15800 ( 76.7%) | loss: 0.468356 | trade:0.00 call:0.57 put:0.43 | ATM:0.39 OTM:0.61 [seq] | lr: 2.20e-04 | left: 56s
step 15850 ( 76.9%) | loss: 0.301307 | trade:0.00 call:0.81 put:0.19 | ATM:0.53 OTM:0.47 [seq] | lr: 2.18e-04 | left: 55s
step 15900 ( 77.1%) | loss: 0.172490 | trade:0.00 call:0.80 put:0.21 | ATM:0.69 OTM:0.31 [seq] | lr: 2.17e-04 | left: 55s
step 15950 ( 77.4%) | loss: 0.347980 | trade:0.84 call:0.96 put:0.04 | ATM:0.92 OTM:0.08 [seq] | lr: 2.14e-04 | left: 54s
step 16000 ( 77.6%) | loss: 0.541658 | trade:0.92 call:1.00 put:0.00 | ATM:0.40 OTM:0.60 [seq] | lr: 2.12e-04 | left: 54s
step 16050 ( 77.9%) | loss: 0.742818 | trade:0.94 call:1.00 put:0.01 | ATM:0.26 OTM:0.74 [seq] | lr: 2.10e-04 | left: 53s
step 16100 ( 78.1%) | loss: 0.427691 | trade:0.00 call:0.52 put:0.48 | ATM:0.66 OTM:0.34 [seq] | lr: 2.08e-04 | left: 53s
step 16150 ( 78.3%) | loss: 0.453232 | trade:0.00 call:0.79 put:0.21 | ATM:0.39 OTM:0.61 [seq] | lr: 2.06e-04 | left: 52s
step 16200 ( 78.5%) | loss: 0.296044 | trade:0.33 call:0.72 put:0.28 | ATM:0.50 OTM:0.50 [rnd] | lr: 2.04e-04 | left: 52s
step 16250 ( 78.8%) | loss: 0.498000 | trade:0.00 call:0.98 put:0.02 | ATM:0.36 OTM:0.64 [seq] | lr: 2.01e-04 | left: 51s
step 16300 ( 79.0%) | loss: 0.427272 | trade:0.32 call:0.70 put:0.30 | ATM:0.52 OTM:0.48 [rnd] | lr: 1.99e-04 | left: 50s
step 16350 ( 79.2%) | loss: 0.199162 | trade:0.00 call:0.37 put:0.64 | ATM:0.65 OTM:0.35 [seq] | lr: 1.97e-04 | left: 50s
step 16400 ( 79.3%) | loss: 0.225639 | trade:0.00 call:0.69 put:0.31 | ATM:0.49 OTM:0.51 [seq] | lr: 1.95e-04 | left: 50s
step 16450 ( 79.7%) | loss: 0.288255 | trade:0.00 call:0.53 put:0.47 | ATM:0.88 OTM:0.12 [seq] | lr: 1.91e-04 | left: 49s
step 16500 ( 79.9%) | loss: 0.260334 | trade:0.00 call:0.32 put:0.68 | ATM:0.63 OTM:0.37 [seq] | lr: 1.89e-04 | left: 48s
step 16550 ( 80.1%) | loss: 0.328670 | trade:0.00 call:0.75 put:0.25 | ATM:0.71 OTM:0.29 [seq] | lr: 1.87e-04 | left: 48s
step 16600 ( 80.3%) | loss: 0.372389 | trade:0.00 call:0.64 put:0.36 | ATM:0.39 OTM:0.61 [seq] | lr: 1.85e-04 | left: 47s
step 16650 ( 80.4%) | loss: 0.323201 | trade:0.38 call:0.71 put:0.29 | ATM:0.51 OTM:0.49 [rnd] | lr: 1.83e-04 | left: 47s
step 16700 ( 80.6%) | loss: 0.548062 | trade:0.34 call:0.73 put:0.27 | ATM:0.52 OTM:0.48 [rnd] | lr: 1.80e-04 | left: 46s
step 16750 ( 80.9%) | loss: 0.283736 | trade:0.00 call:0.77 put:0.24 | ATM:0.44 OTM:0.56 [seq] | lr: 1.78e-04 | left: 46s
step 16800 ( 81.0%) | loss: 0.482969 | trade:0.86 call:0.95 put:0.06 | ATM:0.35 OTM:0.65 [seq] | lr: 1.75e-04 | left: 45s
step 16850 ( 81.2%) | loss: 0.533362 | trade:0.00 call:0.74 put:0.26 | ATM:0.52 OTM:0.48 [seq] | lr: 1.73e-04 | left: 45s
step 16900 ( 81.4%) | loss: 0.268769 | trade:0.00 call:0.10 put:0.90 | ATM:0.61 OTM:0.39 [seq] | lr: 1.71e-04 | left: 45s
step 16950 ( 81.6%) | loss: 0.233266 | trade:0.89 call:0.02 put:0.98 | ATM:0.83 OTM:0.17 [seq] | lr: 1.68e-04 | left: 44s
step 17000 ( 81.8%) | loss: 0.131770 | trade:0.00 call:0.57 put:0.43 | ATM:0.42 OTM:0.58 [seq] | lr: 1.66e-04 | left: 44s
step 17050 ( 82.0%) | loss: 0.365124 | trade:0.00 call:0.73 put:0.27 | ATM:0.40 OTM:0.60 [seq] | lr: 1.63e-04 | left: 43s
step 17100 ( 82.2%) | loss: 0.141517 | trade:0.00 call:0.49 put:0.51 | ATM:0.60 OTM:0.40 [seq] | lr: 1.61e-04 | left: 43s
step 17150 ( 82.4%) | loss: 0.290025 | trade:0.00 call:0.87 put:0.13 | ATM:0.60 OTM:0.40 [seq] | lr: 1.58e-04 | left: 42s
step 17200 ( 82.7%) | loss: 0.302935 | trade:0.00 call:0.84 put:0.16 | ATM:0.72 OTM:0.28 [seq] | lr: 1.55e-04 | left: 42s
step 17250 ( 82.9%) | loss: 0.376815 | trade:0.35 call:0.74 put:0.26 | ATM:0.51 OTM:0.49 [rnd] | lr: 1.53e-04 | left: 41s
step 17300 ( 83.1%) | loss: 0.211396 | trade:0.91 call:1.00 put:0.00 | ATM:0.25 OTM:0.75 [seq] | lr: 1.50e-04 | left: 41s
step 17350 ( 83.3%) | loss: 0.372447 | trade:0.93 call:1.00 put:0.00 | ATM:0.25 OTM:0.75 [seq] | lr: 1.47e-04 | left: 40s
step 17400 ( 83.5%) | loss: 0.385071 | trade:0.34 call:0.72 put:0.28 | ATM:0.51 OTM:0.49 [rnd] | lr: 1.44e-04 | left: 39s
step 17450 ( 83.9%) | loss: 0.272495 | trade:0.89 call:0.95 put:0.05 | ATM:0.92 OTM:0.08 [seq] | lr: 1.40e-04 | left: 39s
step 17500 ( 84.2%) | loss: 0.364103 | trade:0.88 call:0.97 put:0.02 | ATM:0.94 OTM:0.06 [seq] | lr: 1.36e-04 | left: 38s
step 17550 ( 84.4%) | loss: 0.292699 | trade:0.89 call:0.01 put:0.99 | ATM:0.98 OTM:0.02 [seq] | lr: 1.32e-04 | left: 37s
step 17600 ( 84.6%) | loss: 0.235424 | trade:0.00 call:0.38 put:0.62 | ATM:0.59 OTM:0.41 [seq] | lr: 1.30e-04 | left: 37s
step 17650 ( 84.8%) | loss: 0.222774 | trade:0.92 call:0.95 put:0.05 | ATM:0.31 OTM:0.69 [seq] | lr: 1.27e-04 | left: 36s
step 17700 ( 85.0%) | loss: 0.395674 | trade:0.93 call:0.99 put:0.01 | ATM:0.27 OTM:0.73 [seq] | lr: 1.25e-04 | left: 36s
step 17750 ( 85.2%) | loss: 0.209735 | trade:0.95 call:1.00 put:0.00 | ATM:0.20 OTM:0.80 [seq] | lr: 1.22e-04 | left: 35s
step 17800 ( 85.4%) | loss: 0.374237 | trade:0.94 call:1.00 put:0.00 | ATM:0.19 OTM:0.81 [seq] | lr: 1.20e-04 | left: 35s
step 17850 ( 85.6%) | loss: 0.353077 | trade:0.92 call:0.50 put:0.50 | ATM:0.75 OTM:0.25 [seq] | lr: 1.17e-04 | left: 35s
step 17900 ( 85.8%) | loss: 0.274902 | trade:0.00 call:0.62 put:0.38 | ATM:0.59 OTM:0.41 [seq] | lr: 1.15e-04 | left: 34s
step 17950 ( 86.0%) | loss: 0.342033 | trade:0.92 call:0.84 put:0.16 | ATM:0.40 OTM:0.60 [seq] | lr: 1.12e-04 | left: 34s
step 18000 ( 86.2%) | loss: 0.323883 | trade:0.00 call:0.25 put:0.75 | ATM:0.63 OTM:0.37 [seq] | lr: 1.09e-04 | left: 33s
step 18050 ( 86.4%) | loss: 0.167281 | trade:0.06 call:0.80 put:0.20 | ATM:0.65 OTM:0.35 [seq] | lr: 1.06e-04 | left: 33s
step 18100 ( 86.6%) | loss: 0.244485 | trade:0.00 call:0.75 put:0.25 | ATM:0.43 OTM:0.57 [seq] | lr: 1.04e-04 | left: 32s
step 18150 ( 86.9%) | loss: 1.223432 | trade:0.62 call:0.93 put:0.07 | ATM:0.35 OTM:0.65 [seq] | lr: 1.01e-04 | left: 32s
step 18200 ( 87.1%) | loss: 0.482365 | trade:0.45 call:0.89 put:0.11 | ATM:0.35 OTM:0.65 [seq] | lr: 9.80e-05 | left: 31s
step 18250 ( 87.3%) | loss: 0.341955 | trade:0.38 call:0.73 put:0.27 | ATM:0.50 OTM:0.50 [rnd] | lr: 9.54e-05 | left: 31s
step 18300 ( 87.5%) | loss: 0.305078 | trade:0.00 call:0.49 put:0.52 | ATM:0.53 OTM:0.47 [seq] | lr: 9.29e-05 | left: 30s
step 18350 ( 87.8%) | loss: 0.121890 | trade:0.94 call:1.00 put:0.00 | ATM:0.38 OTM:0.62 [seq] | lr: 8.90e-05 | left: 29s
step 18400 ( 88.0%) | loss: 0.066593 | trade:0.96 call:1.00 put:0.00 | ATM:0.21 OTM:0.79 [seq] | lr: 8.66e-05 | left: 29s
step 18450 ( 88.2%) | loss: 0.371399 | trade:0.96 call:0.99 put:0.01 | ATM:0.22 OTM:0.78 [seq] | lr: 8.44e-05 | left: 28s
step 18500 ( 88.3%) | loss: 0.327240 | trade:0.37 call:0.73 put:0.28 | ATM:0.52 OTM:0.48 [rnd] | lr: 8.21e-05 | left: 28s
step 18550 ( 88.5%) | loss: 0.434048 | trade:0.91 call:0.96 put:0.04 | ATM:0.81 OTM:0.19 [seq] | lr: 7.98e-05 | left: 28s
step 18600 ( 88.7%) | loss: 0.264880 | trade:0.94 call:1.00 put:0.00 | ATM:0.18 OTM:0.82 [seq] | lr: 7.72e-05 | left: 27s
step 18650 ( 89.0%) | loss: 0.177435 | trade:0.95 call:1.00 put:0.00 | ATM:0.27 OTM:0.73 [seq] | lr: 7.46e-05 | left: 26s
step 18700 ( 89.2%) | loss: 0.290168 | trade:0.00 call:0.18 put:0.82 | ATM:0.71 OTM:0.29 [seq] | lr: 7.21e-05 | left: 26s
step 18750 ( 89.4%) | loss: 0.257849 | trade:0.93 call:1.00 put:0.01 | ATM:0.24 OTM:0.76 [seq] | lr: 6.98e-05 | left: 25s
step 18800 ( 89.6%) | loss: 0.440729 | trade:0.94 call:0.99 put:0.01 | ATM:0.24 OTM:0.76 [seq] | lr: 6.70e-05 | left: 25s
step 18850 ( 89.9%) | loss: 0.474471 | trade:0.87 call:0.79 put:0.21 | ATM:0.55 OTM:0.45 [seq] | lr: 6.39e-05 | left: 24s
step 18900 ( 90.2%) | loss: 0.226505 | trade:0.97 call:0.00 put:1.00 | ATM:0.26 OTM:0.74 [seq] | lr: 5.98e-05 | left: 23s
step 18950 ( 90.6%) | loss: 0.271502 | trade:0.94 call:0.99 put:0.00 | ATM:0.22 OTM:0.78 [seq] | lr: 5.57e-05 | left: 23s
step 19000 ( 90.9%) | loss: 0.366750 | trade:0.97 call:1.00 put:0.00 | ATM:0.21 OTM:0.79 [seq] | lr: 5.29e-05 | left: 22s
step 19050 ( 91.1%) | loss: 0.229554 | trade:0.95 call:1.00 put:0.00 | ATM:0.22 OTM:0.78 [seq] | lr: 5.06e-05 | left: 21s
step 19100 ( 91.3%) | loss: 0.209907 | trade:0.75 call:0.21 put:0.79 | ATM:0.64 OTM:0.36 [seq] | lr: 4.87e-05 | left: 21s
step 19150 ( 91.5%) | loss: 0.095882 | trade:0.00 call:0.63 put:0.37 | ATM:0.56 OTM:0.44 [seq] | lr: 4.62e-05 | left: 20s
step 19200 ( 91.8%) | loss: 0.237767 | trade:0.00 call:0.77 put:0.24 | ATM:0.47 OTM:0.53 [seq] | lr: 4.38e-05 | left: 20s
step 19250 ( 92.0%) | loss: 0.128165 | trade:0.98 call:0.02 put:0.98 | ATM:0.71 OTM:0.29 [seq] | lr: 4.14e-05 | left: 19s
step 19300 ( 92.3%) | loss: 0.337182 | trade:0.91 call:0.00 put:1.00 | ATM:0.64 OTM:0.36 [seq] | lr: 3.89e-05 | left: 19s
step 19350 ( 92.5%) | loss: 0.552316 | trade:0.47 call:0.97 put:0.03 | ATM:0.43 OTM:0.57 [seq] | lr: 3.63e-05 | left: 18s
step 19400 ( 92.8%) | loss: 0.441998 | trade:0.38 call:0.73 put:0.27 | ATM:0.52 OTM:0.48 [rnd] | lr: 3.36e-05 | left: 17s
step 19450 ( 93.1%) | loss: 0.221206 | trade:0.96 call:1.00 put:0.00 | ATM:0.21 OTM:0.79 [seq] | lr: 3.13e-05 | left: 17s
step 19500 ( 93.3%) | loss: 0.461688 | trade:0.35 call:0.72 put:0.28 | ATM:0.52 OTM:0.48 [rnd] | lr: 2.95e-05 | left: 16s
step 19550 ( 93.5%) | loss: 0.259411 | trade:0.93 call:1.00 put:0.00 | ATM:0.40 OTM:0.60 [seq] | lr: 2.76e-05 | left: 16s
step 19600 ( 93.8%) | loss: 0.268776 | trade:0.95 call:1.00 put:0.00 | ATM:0.20 OTM:0.80 [seq] | lr: 2.53e-05 | left: 15s
step 19650 ( 94.2%) | loss: 0.361983 | trade:0.96 call:1.00 put:0.00 | ATM:0.22 OTM:0.78 [seq] | lr: 2.27e-05 | left: 14s
step 19700 ( 94.4%) | loss: 0.219347 | trade:0.00 call:0.61 put:0.39 | ATM:0.56 OTM:0.44 [seq] | lr: 2.06e-05 | left: 13s
step 19750 ( 94.6%) | loss: 0.097312 | trade:0.98 call:0.01 put:0.99 | ATM:0.72 OTM:0.28 [seq] | lr: 1.92e-05 | left: 13s
step 19800 ( 94.8%) | loss: 0.266015 | trade:0.94 call:0.00 put:1.00 | ATM:0.69 OTM:0.31 [seq] | lr: 1.80e-05 | left: 12s
step 19850 ( 95.1%) | loss: 0.191781 | trade:0.00 call:0.84 put:0.17 | ATM:0.61 OTM:0.39 [seq] | lr: 1.64e-05 | left: 12s
step 19900 ( 95.3%) | loss: 0.241599 | trade:0.00 call:0.79 put:0.21 | ATM:0.54 OTM:0.46 [seq] | lr: 1.51e-05 | left: 11s
step 19950 ( 95.4%) | loss: 0.240965 | trade:0.00 call:0.62 put:0.38 | ATM:0.35 OTM:0.65 [seq] | lr: 1.40e-05 | left: 11s
step 20000 ( 95.6%) | loss: 0.174811 | trade:0.00 call:0.67 put:0.33 | ATM:0.43 OTM:0.57 [seq] | lr: 1.31e-05 | left: 11s
step 20050 ( 95.8%) | loss: 0.140858 | trade:0.00 call:0.72 put:0.28 | ATM:0.61 OTM:0.39 [seq] | lr: 1.16e-05 | left: 10s
step 20100 ( 96.1%) | loss: 0.439058 | trade:0.87 call:0.97 put:0.03 | ATM:0.86 OTM:0.14 [seq] | lr: 1.05e-05 | left: 9s
step 20150 ( 96.2%) | loss: 0.166906 | trade:0.83 call:0.96 put:0.05 | ATM:0.94 OTM:0.06 [seq] | lr: 9.65e-06 | left: 9s
step 20200 ( 96.4%) | loss: 0.412253 | trade:0.00 call:0.74 put:0.26 | ATM:0.49 OTM:0.51 [seq] | lr: 8.56e-06 | left: 9s
step 20250 ( 96.7%) | loss: 0.252361 | trade:0.00 call:0.82 put:0.18 | ATM:0.69 OTM:0.31 [seq] | lr: 7.59e-06 | left: 8s
step 20300 ( 96.9%) | loss: 0.231052 | trade:0.00 call:0.83 put:0.17 | ATM:0.50 OTM:0.50 [seq] | lr: 6.70e-06 | left: 8s
step 20350 ( 97.0%) | loss: 0.336070 | trade:0.48 call:0.35 put:0.66 | ATM:0.38 OTM:0.62 [seq] | lr: 5.96e-06 | left: 7s
step 20400 ( 97.3%) | loss: 0.293723 | trade:0.00 call:0.95 put:0.05 | ATM:0.91 OTM:0.09 [seq] | lr: 5.15e-06 | left: 7s
step 20450 ( 97.5%) | loss: 0.224451 | trade:0.00 call:0.80 put:0.19 | ATM:0.67 OTM:0.33 [seq] | lr: 4.39e-06 | left: 6s
step 20500 ( 97.6%) | loss: 0.105689 | trade:0.00 call:0.70 put:0.30 | ATM:0.48 OTM:0.52 [seq] | lr: 3.81e-06 | left: 6s
step 20550 ( 97.8%) | loss: 0.391682 | trade:0.92 call:1.00 put:0.00 | ATM:0.41 OTM:0.59 [seq] | lr: 3.26e-06 | left: 5s
step 20600 ( 98.0%) | loss: 0.468579 | trade:0.00 call:0.70 put:0.31 | ATM:0.54 OTM:0.46 [seq] | lr: 2.70e-06 | left: 5s
step 20650 ( 98.2%) | loss: 0.197400 | trade:0.84 call:0.96 put:0.04 | ATM:0.94 OTM:0.06 [seq] | lr: 2.21e-06 | left: 4s
step 20700 ( 98.6%) | loss: 1.124179 | trade:0.38 call:0.72 put:0.28 | ATM:0.53 OTM:0.47 [rnd] | lr: 1.35e-06 | left: 3s
step 20750 ( 98.9%) | loss: 0.859451 | trade:0.33 call:0.71 put:0.29 | ATM:0.52 OTM:0.48 [rnd] | lr: 8.30e-07 | left: 3s
step 20800 ( 99.2%) | loss: 0.696563 | trade:0.90 call:0.99 put:0.01 | ATM:0.45 OTM:0.55 [seq] | lr: 4.93e-07 | left: 2s
step 20850 ( 99.4%) | loss: 0.356456 | trade:0.00 call:0.91 put:0.09 | ATM:0.82 OTM:0.18 [seq] | lr: 2.89e-07 | left: 2s
step 20900 ( 99.5%) | loss: 0.164470 | trade:0.00 call:0.79 put:0.21 | ATM:0.66 OTM:0.34 [seq] | lr: 1.50e-07 | left: 1s
step 20950 ( 99.7%) | loss: 0.312813 | trade:0.00 call:0.75 put:0.25 | ATM:0.62 OTM:0.38 [seq] | lr: 5.51e-08 | left: 1s
step 21000 (100.0%) | loss: 0.341244 | trade:0.00 call:0.40 put:0.60 | ATM:0.54 OTM:0.46 [seq] | lr: 4.51e-10 | left: 0s

Training done at 245s. Starting evaluation...
Evaluation done in 1s (total wall: 246s)
Model saved to /root/best_model.pt

---
score:              -10.000000
profit_factor:      0.000000
win_rate:           0.000000
avg_winner:         0.000000
avg_loser:          0.000000
trades_per_day:     0.000000
max_consec_loss:    0
num_trades:         2
trade_sharpe:       0.000000
sortino:            0.000000
max_drawdown:       0.000000
calmar:             0.000000
ev_per_trade:       0.000000
do_nothing_pct:     1.000000
exit_pct:           0.000000
model_exit_count:   0
cooldown_blocked:   0
pre_10am_blocked:   0
short_hold_pct:     0.000000
stop_loss_rate:     0.000000
direction_collapse_pct: 0.000000
avg_entry_cost_bps: 300.000000
avg_entry_quality:  0.000000
cost_realism_coverage: 0.000000
high_cost_entry_rate: 1.000000
low_quality_entry_rate: 1.000000
actionable_bar_rate: 0.000000
risk_off_bar_rate:  0.000000
final_capital:      10000.00
equity_sharpe:      0.000000
max_equity_dd:      0.000000
total_dollar_return:0.000000
val_sharpe:         -66.210297
total_return:       0.000000
num_val_bars:       260
num_val_days:       5
worst_chunk_pf:     1.00
rr_ratio:           0.0000
avg_hold_bars:      0.00
model_exit_rate:    0.0000
hit_ruin:           False
min_equity_frac:    1.0000
avg_risk_fraction:  0.0000
max_risk_fraction:  0.0000
trades_blocked_by_balance: 0
training_seconds:   240.0
total_seconds:      248.1
peak_vram_mb:       769.2
num_steps:          21008
num_params:         145,064
lookback:           120
depth:              3
d_model:            64
effective_lr:       0.00025
gate_label_smoothing:0.050000
dir_label_smoothing:0.050000
false_entry_penalty:1.500000
/opt/conda/lib/python3.11/site-packages/torch/nn/modules/transformer.py:379: UserWarning: enable_nested_tensor is True, but self.use_nested_tensor is False because encoder_layer.norm_first was True
  warnings.warn(
