Mixed precision: bf16 enabled (Ampere+ GPU detected)
Loading data from: /root/.cache/autoresearch-trading/features/data.pt
Loaded 384870 1-min bars, 32 features, 8 actions
  ~986 trading days
Training:   up to idx 269189
Validation: idx 269190-384869
  Option P&L coverage: 297877/384870 (77%)
Parameters: 145,064
Architecture: v4 simplified two-head (gate+dir), ATM-biased, no ETV
Training from scratch (v4: no warm-start).
Day-sequential batching: 70% sequential, 30% random (batch=16)

Budget: 240s | Batch: 512 | Lookback: 120
LR: 0.00025 | Depth: 3 | d_model: 64 | ff_mult: 3
Dropout: 0.15 | Weight decay: 0.05
Label smoothing: gate=0.05 dir=0.05
Loss weights: gate=0.5, dir=2.0, pnl=0.35
Exit override strength: 0.15 (gate targets flipped on exit bars)
Position state: flat for random batches, tracked for day-sequential

step 00000 (  0.0%) | loss: 0.000000 | trade:0.58 call:0.47 put:0.53 | ATM:0.43 OTM:0.57 [seq] | lr: 0.00e+00 | left: 240s
step 00050 (  0.3%) | loss: 1.194635 | trade:0.56 call:0.55 put:0.45 | ATM:0.42 OTM:0.58 [seq] | lr: 4.31e-06 | left: 239s
step 00100 (  0.7%) | loss: 1.533029 | trade:0.65 call:0.47 put:0.53 | ATM:0.44 OTM:0.56 [seq] | lr: 1.19e-05 | left: 238s
step 00150 (  1.1%) | loss: 1.336666 | trade:0.61 call:0.51 put:0.49 | ATM:0.48 OTM:0.52 [seq] | lr: 1.92e-05 | left: 237s
step 00200 (  1.6%) | loss: 1.035245 | trade:0.65 call:0.48 put:0.52 | ATM:0.47 OTM:0.53 [seq] | lr: 2.62e-05 | left: 236s
step 00250 (  2.0%) | loss: 0.771000 | trade:0.54 call:0.56 put:0.44 | ATM:0.47 OTM:0.53 [seq] | lr: 3.35e-05 | left: 235s
step 00300 (  2.4%) | loss: 1.216997 | trade:0.53 call:0.70 put:0.30 | ATM:0.48 OTM:0.52 [seq] | lr: 4.04e-05 | left: 234s
step 00350 (  2.8%) | loss: 1.244073 | trade:0.45 call:0.69 put:0.31 | ATM:0.48 OTM:0.52 [rnd] | lr: 4.71e-05 | left: 233s
step 00400 (  3.3%) | loss: 1.112159 | trade:0.52 call:0.70 put:0.30 | ATM:0.46 OTM:0.54 [seq] | lr: 5.44e-05 | left: 232s
step 00450 (  3.7%) | loss: 1.247171 | trade:0.17 call:0.71 put:0.29 | ATM:0.48 OTM:0.52 [seq] | lr: 6.18e-05 | left: 231s
step 00500 (  4.1%) | loss: 0.859914 | trade:0.28 call:0.83 put:0.17 | ATM:0.56 OTM:0.44 [seq] | lr: 6.90e-05 | left: 230s
step 00550 (  4.6%) | loss: 1.084861 | trade:0.23 call:0.79 put:0.22 | ATM:0.49 OTM:0.51 [seq] | lr: 7.62e-05 | left: 229s
step 00600 (  5.0%) | loss: 0.800896 | trade:0.31 call:0.91 put:0.09 | ATM:0.58 OTM:0.42 [seq] | lr: 8.35e-05 | left: 228s
step 00650 (  5.4%) | loss: 1.057770 | trade:0.17 call:0.91 put:0.09 | ATM:0.58 OTM:0.42 [seq] | lr: 9.08e-05 | left: 227s
step 00700 (  5.9%) | loss: 1.172446 | trade:0.12 call:0.48 put:0.52 | ATM:0.50 OTM:0.50 [seq] | lr: 9.81e-05 | left: 226s
step 00750 (  6.4%) | loss: 1.344192 | trade:0.24 call:0.47 put:0.53 | ATM:0.51 OTM:0.49 [seq] | lr: 1.06e-04 | left: 225s
step 00800 (  6.8%) | loss: 0.894138 | trade:0.82 call:0.27 put:0.73 | ATM:0.56 OTM:0.44 [seq] | lr: 1.13e-04 | left: 224s
step 00850 (  7.2%) | loss: 0.401947 | trade:0.81 call:0.25 put:0.75 | ATM:0.50 OTM:0.50 [seq] | lr: 1.20e-04 | left: 223s
step 00900 (  7.6%) | loss: 0.714491 | trade:0.79 call:0.96 put:0.04 | ATM:0.67 OTM:0.33 [seq] | lr: 1.27e-04 | left: 222s
step 00950 (  8.0%) | loss: 0.485507 | trade:0.90 call:0.91 put:0.09 | ATM:0.33 OTM:0.67 [seq] | lr: 1.34e-04 | left: 221s
step 01000 (  8.5%) | loss: 0.738602 | trade:0.31 call:0.67 put:0.33 | ATM:0.59 OTM:0.41 [rnd] | lr: 1.41e-04 | left: 220s
step 01050 (  8.9%) | loss: 0.545831 | trade:0.05 call:0.64 put:0.36 | ATM:0.71 OTM:0.29 [seq] | lr: 1.48e-04 | left: 219s
step 01100 (  9.3%) | loss: 0.542983 | trade:0.70 call:0.87 put:0.13 | ATM:0.74 OTM:0.26 [seq] | lr: 1.55e-04 | left: 218s
step 01150 (  9.7%) | loss: 0.579143 | trade:0.81 call:0.98 put:0.02 | ATM:0.65 OTM:0.35 [seq] | lr: 1.62e-04 | left: 217s
step 01200 ( 10.2%) | loss: 0.922782 | trade:0.34 call:0.67 put:0.33 | ATM:0.60 OTM:0.40 [rnd] | lr: 1.69e-04 | left: 216s
step 01250 ( 10.5%) | loss: 0.891100 | trade:0.35 call:0.68 put:0.32 | ATM:0.62 OTM:0.38 [rnd] | lr: 1.75e-04 | left: 215s
step 01300 ( 10.9%) | loss: 0.427034 | trade:0.89 call:0.97 put:0.03 | ATM:0.83 OTM:0.17 [seq] | lr: 1.82e-04 | left: 214s
step 01350 ( 11.3%) | loss: 0.593643 | trade:0.37 call:0.70 put:0.30 | ATM:0.61 OTM:0.39 [rnd] | lr: 1.89e-04 | left: 213s
step 01400 ( 11.8%) | loss: 0.683740 | trade:0.39 call:0.74 put:0.26 | ATM:0.60 OTM:0.40 [rnd] | lr: 1.96e-04 | left: 212s
step 01450 ( 12.2%) | loss: 0.929441 | trade:0.37 call:0.70 put:0.30 | ATM:0.63 OTM:0.37 [rnd] | lr: 2.03e-04 | left: 211s
step 01500 ( 12.6%) | loss: 0.617331 | trade:0.00 call:0.67 put:0.33 | ATM:0.58 OTM:0.42 [seq] | lr: 2.11e-04 | left: 210s
step 01550 ( 13.1%) | loss: 0.306517 | trade:0.00 call:0.63 put:0.37 | ATM:0.79 OTM:0.21 [seq] | lr: 2.18e-04 | left: 209s
step 01600 ( 13.5%) | loss: 0.897965 | trade:0.35 call:0.73 put:0.27 | ATM:0.60 OTM:0.40 [rnd] | lr: 2.25e-04 | left: 208s
step 01650 ( 13.9%) | loss: 0.640879 | trade:0.95 call:0.01 put:0.99 | ATM:0.83 OTM:0.17 [seq] | lr: 2.32e-04 | left: 207s
step 01700 ( 14.4%) | loss: 0.610213 | trade:0.00 call:0.88 put:0.12 | ATM:0.60 OTM:0.40 [seq] | lr: 2.39e-04 | left: 206s
step 01750 ( 14.8%) | loss: 0.299712 | trade:0.46 call:0.92 put:0.08 | ATM:0.87 OTM:0.13 [seq] | lr: 2.46e-04 | left: 205s
step 01800 ( 15.2%) | loss: 0.606170 | trade:0.00 call:0.82 put:0.18 | ATM:0.73 OTM:0.27 [seq] | lr: 2.50e-04 | left: 204s
step 01850 ( 15.6%) | loss: 0.729804 | trade:0.00 call:0.75 put:0.25 | ATM:0.64 OTM:0.36 [seq] | lr: 2.50e-04 | left: 202s
step 01900 ( 16.1%) | loss: 0.592632 | trade:0.00 call:0.97 put:0.03 | ATM:0.76 OTM:0.24 [seq] | lr: 2.50e-04 | left: 201s
step 01950 ( 16.5%) | loss: 0.330983 | trade:0.00 call:0.67 put:0.33 | ATM:0.55 OTM:0.45 [seq] | lr: 2.50e-04 | left: 200s
step 02000 ( 16.9%) | loss: 0.646114 | trade:0.32 call:0.83 put:0.17 | ATM:0.58 OTM:0.42 [seq] | lr: 2.50e-04 | left: 199s
step 02050 ( 17.4%) | loss: 1.207154 | trade:0.35 call:0.73 put:0.27 | ATM:0.58 OTM:0.42 [rnd] | lr: 2.50e-04 | left: 198s
step 02100 ( 17.9%) | loss: 0.855541 | trade:0.33 call:0.73 put:0.26 | ATM:0.58 OTM:0.42 [rnd] | lr: 2.50e-04 | left: 197s
step 02150 ( 18.3%) | loss: 0.704973 | trade:0.36 call:0.75 put:0.25 | ATM:0.56 OTM:0.44 [rnd] | lr: 2.50e-04 | left: 196s
step 02200 ( 18.7%) | loss: 0.570469 | trade:0.36 call:0.77 put:0.23 | ATM:0.55 OTM:0.45 [rnd] | lr: 2.50e-04 | left: 195s
step 02250 ( 19.1%) | loss: 0.456488 | trade:0.00 call:0.99 put:0.01 | ATM:0.85 OTM:0.15 [seq] | lr: 2.50e-04 | left: 194s
step 02300 ( 19.6%) | loss: 0.795014 | trade:0.37 call:0.75 put:0.26 | ATM:0.57 OTM:0.43 [rnd] | lr: 2.50e-04 | left: 193s
step 02350 ( 20.0%) | loss: 0.622871 | trade:0.88 call:0.01 put:0.99 | ATM:0.97 OTM:0.03 [seq] | lr: 2.50e-04 | left: 192s
step 02400 ( 20.5%) | loss: 0.725702 | trade:0.01 call:0.36 put:0.64 | ATM:0.71 OTM:0.29 [seq] | lr: 2.50e-04 | left: 191s
step 02450 ( 20.9%) | loss: 0.746931 | trade:0.34 call:0.72 put:0.28 | ATM:0.56 OTM:0.44 [rnd] | lr: 2.50e-04 | left: 190s
step 02500 ( 21.4%) | loss: 0.567578 | trade:0.00 call:0.85 put:0.15 | ATM:0.77 OTM:0.23 [seq] | lr: 2.50e-04 | left: 189s
step 02550 ( 21.8%) | loss: 0.401338 | trade:0.00 call:0.76 put:0.24 | ATM:0.62 OTM:0.38 [seq] | lr: 2.50e-04 | left: 188s
step 02600 ( 22.2%) | loss: 0.399648 | trade:0.04 call:0.02 put:0.98 | ATM:0.92 OTM:0.08 [seq] | lr: 2.50e-04 | left: 187s
step 02650 ( 22.6%) | loss: 0.391371 | trade:0.95 call:0.03 put:0.97 | ATM:0.66 OTM:0.34 [seq] | lr: 2.50e-04 | left: 186s
step 02700 ( 23.1%) | loss: 0.445496 | trade:0.35 call:0.76 put:0.24 | ATM:0.56 OTM:0.44 [rnd] | lr: 2.50e-04 | left: 185s
step 02750 ( 23.5%) | loss: 0.644346 | trade:0.93 call:0.99 put:0.00 | ATM:0.29 OTM:0.71 [seq] | lr: 2.50e-04 | left: 184s
step 02800 ( 24.0%) | loss: 1.015522 | trade:0.90 call:0.53 put:0.47 | ATM:0.90 OTM:0.10 [seq] | lr: 2.50e-04 | left: 182s
step 02850 ( 24.4%) | loss: 0.588130 | trade:0.00 call:0.62 put:0.38 | ATM:0.56 OTM:0.44 [seq] | lr: 2.50e-04 | left: 181s
step 02900 ( 24.8%) | loss: 0.486094 | trade:0.00 call:0.89 put:0.10 | ATM:0.40 OTM:0.60 [seq] | lr: 2.50e-04 | left: 180s
step 02950 ( 25.3%) | loss: 0.675059 | trade:0.37 call:0.76 put:0.24 | ATM:0.57 OTM:0.43 [rnd] | lr: 2.50e-04 | left: 179s
step 03000 ( 25.7%) | loss: 0.593853 | trade:0.00 call:0.68 put:0.33 | ATM:0.47 OTM:0.53 [seq] | lr: 2.50e-04 | left: 178s
step 03050 ( 26.2%) | loss: 0.547372 | trade:0.00 call:0.74 put:0.26 | ATM:0.37 OTM:0.63 [seq] | lr: 2.50e-04 | left: 177s
step 03100 ( 26.6%) | loss: 0.793429 | trade:0.46 call:0.69 put:0.31 | ATM:0.49 OTM:0.51 [seq] | lr: 2.50e-04 | left: 176s
step 03150 ( 27.1%) | loss: 0.610094 | trade:0.36 call:0.75 put:0.25 | ATM:0.56 OTM:0.44 [rnd] | lr: 2.50e-04 | left: 175s
step 03200 ( 27.5%) | loss: 0.555745 | trade:0.98 call:0.98 put:0.02 | ATM:0.28 OTM:0.72 [seq] | lr: 2.50e-04 | left: 174s
step 03250 ( 27.9%) | loss: 0.701332 | trade:0.57 call:0.07 put:0.93 | ATM:0.93 OTM:0.07 [seq] | lr: 2.50e-04 | left: 173s
step 03300 ( 28.3%) | loss: 0.737630 | trade:0.38 call:0.74 put:0.26 | ATM:0.54 OTM:0.46 [rnd] | lr: 2.50e-04 | left: 172s
step 03350 ( 28.8%) | loss: 0.508177 | trade:0.37 call:0.73 put:0.27 | ATM:0.58 OTM:0.42 [rnd] | lr: 2.50e-04 | left: 171s
step 03400 ( 29.2%) | loss: 0.528068 | trade:0.38 call:0.75 put:0.26 | ATM:0.56 OTM:0.44 [rnd] | lr: 2.50e-04 | left: 170s
step 03450 ( 29.6%) | loss: 0.508726 | trade:0.36 call:0.76 put:0.24 | ATM:0.55 OTM:0.45 [rnd] | lr: 2.50e-04 | left: 169s
step 03500 ( 30.0%) | loss: 0.396010 | trade:0.00 call:0.06 put:0.94 | ATM:0.94 OTM:0.06 [seq] | lr: 2.50e-04 | left: 168s
step 03550 ( 30.5%) | loss: 0.686768 | trade:0.00 call:0.13 put:0.87 | ATM:0.74 OTM:0.26 [seq] | lr: 2.50e-04 | left: 167s
step 03600 ( 30.9%) | loss: 1.057873 | trade:0.33 call:0.73 put:0.27 | ATM:0.56 OTM:0.44 [rnd] | lr: 2.50e-04 | left: 166s
step 03650 ( 31.3%) | loss: 0.751150 | trade:0.36 call:0.77 put:0.23 | ATM:0.54 OTM:0.46 [rnd] | lr: 2.50e-04 | left: 165s
step 03700 ( 31.7%) | loss: 0.646147 | trade:0.36 call:0.76 put:0.24 | ATM:0.55 OTM:0.45 [rnd] | lr: 2.50e-04 | left: 164s
step 03750 ( 32.2%) | loss: 0.563962 | trade:0.00 call:0.94 put:0.06 | ATM:0.35 OTM:0.65 [seq] | lr: 2.50e-04 | left: 163s
step 03800 ( 32.6%) | loss: 0.618948 | trade:0.34 call:0.76 put:0.24 | ATM:0.55 OTM:0.45 [rnd] | lr: 2.50e-04 | left: 162s
step 03850 ( 33.0%) | loss: 0.407332 | trade:0.00 call:0.93 put:0.07 | ATM:0.76 OTM:0.24 [seq] | lr: 2.50e-04 | left: 161s
step 03900 ( 33.4%) | loss: 0.484193 | trade:0.95 call:0.01 put:0.99 | ATM:0.18 OTM:0.82 [seq] | lr: 2.50e-04 | left: 160s
step 03950 ( 33.8%) | loss: 0.873190 | trade:0.38 call:0.76 put:0.24 | ATM:0.54 OTM:0.46 [rnd] | lr: 2.50e-04 | left: 159s
step 04000 ( 34.3%) | loss: 0.716120 | trade:0.37 call:0.76 put:0.24 | ATM:0.55 OTM:0.45 [rnd] | lr: 2.50e-04 | left: 158s
step 04050 ( 34.7%) | loss: 0.554928 | trade:0.28 call:0.84 put:0.16 | ATM:0.77 OTM:0.23 [seq] | lr: 2.50e-04 | left: 157s
step 04100 ( 35.2%) | loss: 0.531906 | trade:0.38 call:0.74 put:0.26 | ATM:0.54 OTM:0.46 [rnd] | lr: 2.50e-04 | left: 156s
step 04150 ( 35.6%) | loss: 0.459787 | trade:0.00 call:0.87 put:0.13 | ATM:0.49 OTM:0.51 [seq] | lr: 2.50e-04 | left: 155s
step 04200 ( 36.0%) | loss: 1.028475 | trade:0.34 call:0.76 put:0.24 | ATM:0.55 OTM:0.45 [rnd] | lr: 2.50e-04 | left: 153s
step 04250 ( 36.5%) | loss: 0.598505 | trade:0.39 call:0.79 put:0.21 | ATM:0.54 OTM:0.46 [rnd] | lr: 2.50e-04 | left: 152s
step 04300 ( 36.9%) | loss: 0.493752 | trade:0.91 call:0.99 put:0.01 | ATM:0.31 OTM:0.69 [seq] | lr: 2.50e-04 | left: 151s
step 04350 ( 37.3%) | loss: 0.404859 | trade:0.00 call:0.79 put:0.21 | ATM:0.36 OTM:0.64 [seq] | lr: 2.50e-04 | left: 150s
step 04400 ( 37.7%) | loss: 0.369734 | trade:0.00 call:0.67 put:0.33 | ATM:0.51 OTM:0.49 [seq] | lr: 2.50e-04 | left: 149s
step 04450 ( 38.1%) | loss: 0.469921 | trade:0.00 call:0.61 put:0.39 | ATM:0.41 OTM:0.59 [seq] | lr: 2.50e-04 | left: 148s
step 04500 ( 38.6%) | loss: 0.759116 | trade:0.36 call:0.74 put:0.26 | ATM:0.56 OTM:0.44 [rnd] | lr: 2.50e-04 | left: 147s
step 04550 ( 39.0%) | loss: 0.759554 | trade:0.35 call:0.73 put:0.27 | ATM:0.55 OTM:0.45 [rnd] | lr: 2.50e-04 | left: 146s
step 04600 ( 39.5%) | loss: 0.700992 | trade:0.86 call:0.01 put:0.98 | ATM:0.71 OTM:0.29 [seq] | lr: 2.50e-04 | left: 145s
step 04650 ( 39.9%) | loss: 0.661786 | trade:0.36 call:0.75 put:0.25 | ATM:0.55 OTM:0.45 [rnd] | lr: 2.50e-04 | left: 144s
step 04700 ( 40.4%) | loss: 0.726357 | trade:0.00 call:0.97 put:0.03 | ATM:0.89 OTM:0.11 [seq] | lr: 2.50e-04 | left: 143s
step 04750 ( 40.8%) | loss: 0.821799 | trade:0.37 call:0.72 put:0.28 | ATM:0.55 OTM:0.45 [rnd] | lr: 2.50e-04 | left: 142s
step 04800 ( 41.2%) | loss: 0.531321 | trade:0.93 call:0.95 put:0.05 | ATM:0.32 OTM:0.68 [seq] | lr: 2.50e-04 | left: 141s
step 04850 ( 41.6%) | loss: 0.722766 | trade:0.46 call:0.86 put:0.14 | ATM:0.39 OTM:0.61 [seq] | lr: 2.50e-04 | left: 140s
step 04900 ( 42.1%) | loss: 0.607300 | trade:0.45 call:0.84 put:0.16 | ATM:0.59 OTM:0.41 [seq] | lr: 2.50e-04 | left: 139s
step 04950 ( 42.5%) | loss: 0.355963 | trade:0.05 call:0.96 put:0.04 | ATM:0.93 OTM:0.07 [seq] | lr: 2.50e-04 | left: 138s
step 05000 ( 43.0%) | loss: 0.552873 | trade:0.88 call:0.77 put:0.22 | ATM:0.52 OTM:0.48 [seq] | lr: 2.50e-04 | left: 137s
step 05050 ( 43.4%) | loss: 0.592966 | trade:0.81 call:0.98 put:0.01 | ATM:0.98 OTM:0.02 [seq] | lr: 2.50e-04 | left: 136s
step 05100 ( 43.8%) | loss: 0.400825 | trade:0.00 call:0.74 put:0.26 | ATM:0.66 OTM:0.34 [seq] | lr: 2.50e-04 | left: 135s
step 05150 ( 44.2%) | loss: 0.592379 | trade:0.89 call:0.82 put:0.18 | ATM:0.60 OTM:0.40 [seq] | lr: 2.50e-04 | left: 134s
step 05200 ( 44.7%) | loss: 0.541225 | trade:0.00 call:0.82 put:0.17 | ATM:0.40 OTM:0.60 [seq] | lr: 2.50e-04 | left: 133s
step 05250 ( 45.1%) | loss: 0.592031 | trade:0.00 call:0.68 put:0.32 | ATM:0.37 OTM:0.63 [seq] | lr: 2.50e-04 | left: 132s
step 05300 ( 45.5%) | loss: 0.520469 | trade:0.00 call:0.99 put:0.01 | ATM:0.98 OTM:0.02 [seq] | lr: 2.50e-04 | left: 131s
step 05350 ( 46.0%) | loss: 0.551000 | trade:0.92 call:0.99 put:0.01 | ATM:0.32 OTM:0.68 [seq] | lr: 2.50e-04 | left: 130s
step 05400 ( 46.4%) | loss: 0.742059 | trade:0.36 call:0.75 put:0.25 | ATM:0.52 OTM:0.48 [rnd] | lr: 2.50e-04 | left: 129s
step 05450 ( 46.8%) | loss: 0.555870 | trade:0.95 call:1.00 put:0.00 | ATM:0.23 OTM:0.77 [seq] | lr: 2.50e-04 | left: 128s
step 05500 ( 47.3%) | loss: 0.654985 | trade:0.37 call:0.73 put:0.27 | ATM:0.54 OTM:0.46 [rnd] | lr: 2.50e-04 | left: 127s
step 05550 ( 47.7%) | loss: 0.727809 | trade:0.92 call:1.00 put:0.00 | ATM:0.22 OTM:0.78 [seq] | lr: 2.50e-04 | left: 125s
step 05600 ( 48.1%) | loss: 0.287213 | trade:0.94 call:1.00 put:0.00 | ATM:0.26 OTM:0.74 [seq] | lr: 2.50e-04 | left: 124s
step 05650 ( 48.5%) | loss: 0.393678 | trade:0.00 call:0.77 put:0.24 | ATM:0.35 OTM:0.65 [seq] | lr: 2.50e-04 | left: 123s
step 05700 ( 49.0%) | loss: 1.495307 | trade:0.38 call:0.73 put:0.26 | ATM:0.53 OTM:0.47 [rnd] | lr: 2.50e-04 | left: 122s
step 05750 ( 49.5%) | loss: 1.288684 | trade:0.94 call:0.98 put:0.01 | ATM:0.51 OTM:0.49 [seq] | lr: 2.50e-04 | left: 121s
step 05800 ( 49.9%) | loss: 0.731429 | trade:0.39 call:0.72 put:0.28 | ATM:0.51 OTM:0.49 [rnd] | lr: 2.50e-04 | left: 120s
step 05850 ( 50.3%) | loss: 0.679841 | trade:0.77 call:0.76 put:0.24 | ATM:0.47 OTM:0.53 [seq] | lr: 2.50e-04 | left: 119s
step 05900 ( 50.8%) | loss: 1.320285 | trade:0.88 call:0.92 put:0.08 | ATM:0.36 OTM:0.64 [seq] | lr: 2.50e-04 | left: 118s
step 05950 ( 51.3%) | loss: 0.878079 | trade:0.96 call:1.00 put:0.00 | ATM:0.18 OTM:0.82 [seq] | lr: 2.50e-04 | left: 117s
step 06000 ( 51.7%) | loss: 0.643100 | trade:0.35 call:0.77 put:0.23 | ATM:0.54 OTM:0.46 [rnd] | lr: 2.50e-04 | left: 116s
step 06050 ( 52.2%) | loss: 0.685280 | trade:0.92 call:0.96 put:0.03 | ATM:0.51 OTM:0.49 [seq] | lr: 2.50e-04 | left: 115s
step 06100 ( 52.7%) | loss: 0.953560 | trade:0.48 call:0.79 put:0.21 | ATM:0.52 OTM:0.48 [seq] | lr: 2.50e-04 | left: 114s
step 06150 ( 53.1%) | loss: 0.839497 | trade:0.36 call:0.73 put:0.28 | ATM:0.54 OTM:0.46 [rnd] | lr: 2.50e-04 | left: 113s
step 06200 ( 53.4%) | loss: 0.809172 | trade:0.97 call:0.01 put:0.99 | ATM:0.62 OTM:0.38 [seq] | lr: 2.50e-04 | left: 112s
step 06250 ( 53.9%) | loss: 0.643397 | trade:0.93 call:0.01 put:0.99 | ATM:0.66 OTM:0.34 [seq] | lr: 2.50e-04 | left: 111s
step 06300 ( 54.3%) | loss: 0.539886 | trade:0.00 call:0.68 put:0.32 | ATM:0.61 OTM:0.39 [seq] | lr: 2.50e-04 | left: 110s
step 06350 ( 54.7%) | loss: 1.136811 | trade:0.98 call:1.00 put:0.00 | ATM:0.25 OTM:0.75 [seq] | lr: 2.50e-04 | left: 109s
step 06400 ( 55.3%) | loss: 1.696000 | trade:0.98 call:0.99 put:0.01 | ATM:0.25 OTM:0.75 [seq] | lr: 2.50e-04 | left: 107s
step 06450 ( 55.8%) | loss: 2.112259 | trade:0.92 call:0.98 put:0.01 | ATM:0.28 OTM:0.72 [seq] | lr: 2.50e-04 | left: 106s
step 06500 ( 56.2%) | loss: 0.664439 | trade:0.00 call:0.77 put:0.23 | ATM:0.33 OTM:0.67 [seq] | lr: 2.50e-04 | left: 105s
step 06550 ( 56.7%) | loss: 0.716474 | trade:0.45 call:0.81 put:0.19 | ATM:0.82 OTM:0.18 [seq] | lr: 2.50e-04 | left: 104s
step 06600 ( 57.1%) | loss: 0.511454 | trade:0.92 call:0.02 put:0.98 | ATM:0.64 OTM:0.36 [seq] | lr: 2.50e-04 | left: 103s
step 06650 ( 57.5%) | loss: 0.474148 | trade:0.89 call:0.01 put:1.00 | ATM:0.68 OTM:0.32 [seq] | lr: 2.50e-04 | left: 102s
step 06700 ( 57.9%) | loss: 0.472605 | trade:0.94 call:0.99 put:0.01 | ATM:0.47 OTM:0.53 [seq] | lr: 2.50e-04 | left: 101s
step 06750 ( 58.4%) | loss: 0.590381 | trade:0.92 call:0.97 put:0.03 | ATM:0.96 OTM:0.04 [seq] | lr: 2.50e-04 | left: 100s
step 06800 ( 58.8%) | loss: 0.688329 | trade:0.00 call:0.35 put:0.65 | ATM:0.60 OTM:0.40 [seq] | lr: 2.50e-04 | left: 99s
step 06850 ( 59.2%) | loss: 0.581644 | trade:0.00 call:0.22 put:0.78 | ATM:0.62 OTM:0.38 [seq] | lr: 2.50e-04 | left: 98s
step 06900 ( 59.6%) | loss: 0.267478 | trade:0.93 call:0.02 put:0.98 | ATM:0.68 OTM:0.32 [seq] | lr: 2.50e-04 | left: 97s
step 06950 ( 60.1%) | loss: 0.626303 | trade:0.36 call:0.73 put:0.27 | ATM:0.53 OTM:0.47 [rnd] | lr: 2.50e-04 | left: 96s
step 07000 ( 60.5%) | loss: 0.325199 | trade:0.96 call:1.00 put:0.00 | ATM:0.42 OTM:0.58 [seq] | lr: 2.50e-04 | left: 95s
step 07050 ( 60.9%) | loss: 0.503098 | trade:0.96 call:1.00 put:0.00 | ATM:0.20 OTM:0.80 [seq] | lr: 2.50e-04 | left: 94s
step 07100 ( 61.3%) | loss: 0.467824 | trade:0.96 call:1.00 put:0.00 | ATM:0.18 OTM:0.82 [seq] | lr: 2.50e-04 | left: 93s
step 07150 ( 61.8%) | loss: 1.418960 | trade:0.36 call:0.72 put:0.28 | ATM:0.52 OTM:0.48 [rnd] | lr: 2.50e-04 | left: 92s
step 07200 ( 62.2%) | loss: 0.630856 | trade:0.92 call:0.96 put:0.04 | ATM:0.31 OTM:0.69 [seq] | lr: 2.50e-04 | left: 91s
step 07250 ( 62.7%) | loss: 0.498629 | trade:0.34 call:0.74 put:0.26 | ATM:0.53 OTM:0.47 [rnd] | lr: 2.50e-04 | left: 90s
step 07300 ( 63.1%) | loss: 0.512388 | trade:0.00 call:0.98 put:0.02 | ATM:0.94 OTM:0.06 [seq] | lr: 2.50e-04 | left: 89s
step 07350 ( 63.5%) | loss: 0.513274 | trade:0.00 call:0.73 put:0.27 | ATM:0.46 OTM:0.54 [seq] | lr: 2.50e-04 | left: 88s
step 07400 ( 63.9%) | loss: 0.579237 | trade:0.37 call:0.75 put:0.25 | ATM:0.53 OTM:0.47 [rnd] | lr: 2.50e-04 | left: 87s
step 07450 ( 64.4%) | loss: 0.529500 | trade:0.36 call:0.74 put:0.26 | ATM:0.53 OTM:0.47 [rnd] | lr: 2.50e-04 | left: 85s
step 07500 ( 64.8%) | loss: 0.464001 | trade:0.00 call:0.35 put:0.64 | ATM:0.77 OTM:0.23 [seq] | lr: 2.50e-04 | left: 84s
step 07550 ( 65.2%) | loss: 0.520227 | trade:0.00 call:0.41 put:0.59 | ATM:0.71 OTM:0.29 [seq] | lr: 2.50e-04 | left: 84s
step 07600 ( 65.6%) | loss: 0.366827 | trade:0.00 call:0.97 put:0.03 | ATM:0.32 OTM:0.68 [seq] | lr: 2.50e-04 | left: 83s
step 07650 ( 66.0%) | loss: 0.612507 | trade:0.35 call:0.74 put:0.26 | ATM:0.52 OTM:0.48 [rnd] | lr: 2.50e-04 | left: 81s
step 07700 ( 66.5%) | loss: 0.450210 | trade:0.37 call:0.75 put:0.25 | ATM:0.50 OTM:0.50 [rnd] | lr: 2.50e-04 | left: 80s
step 07750 ( 66.9%) | loss: 0.469953 | trade:0.00 call:0.70 put:0.30 | ATM:0.54 OTM:0.46 [seq] | lr: 2.50e-04 | left: 79s
step 07800 ( 67.3%) | loss: 0.455147 | trade:0.34 call:0.74 put:0.26 | ATM:0.53 OTM:0.47 [rnd] | lr: 2.50e-04 | left: 78s
step 07850 ( 67.7%) | loss: 0.545291 | trade:0.00 call:0.93 put:0.07 | ATM:0.31 OTM:0.69 [seq] | lr: 2.50e-04 | left: 77s
step 07900 ( 68.2%) | loss: 0.678344 | trade:0.00 call:0.73 put:0.27 | ATM:0.74 OTM:0.26 [seq] | lr: 2.50e-04 | left: 76s
step 07950 ( 68.6%) | loss: 0.370278 | trade:0.36 call:0.74 put:0.26 | ATM:0.52 OTM:0.48 [rnd] | lr: 2.50e-04 | left: 75s
step 08000 ( 69.0%) | loss: 0.466421 | trade:0.95 call:0.00 put:1.00 | ATM:0.64 OTM:0.36 [seq] | lr: 2.50e-04 | left: 74s
step 08050 ( 69.4%) | loss: 0.761946 | trade:0.00 call:0.62 put:0.38 | ATM:0.44 OTM:0.56 [seq] | lr: 2.50e-04 | left: 73s
step 08100 ( 69.9%) | loss: 0.743228 | trade:0.38 call:0.73 put:0.28 | ATM:0.54 OTM:0.46 [rnd] | lr: 2.50e-04 | left: 72s
step 08150 ( 70.3%) | loss: 0.620560 | trade:0.32 call:0.88 put:0.13 | ATM:0.48 OTM:0.52 [seq] | lr: 2.50e-04 | left: 71s
step 08200 ( 70.8%) | loss: 0.687672 | trade:0.22 call:0.78 put:0.22 | ATM:0.53 OTM:0.47 [seq] | lr: 2.50e-04 | left: 70s
step 08250 ( 71.3%) | loss: 0.469739 | trade:0.00 call:0.75 put:0.25 | ATM:0.46 OTM:0.54 [seq] | lr: 2.49e-04 | left: 69s
step 08300 ( 71.7%) | loss: 0.655746 | trade:0.38 call:0.73 put:0.27 | ATM:0.54 OTM:0.46 [rnd] | lr: 2.48e-04 | left: 68s
step 08350 ( 72.1%) | loss: 0.811258 | trade:0.37 call:0.74 put:0.26 | ATM:0.53 OTM:0.47 [rnd] | lr: 2.47e-04 | left: 67s
step 08400 ( 72.6%) | loss: 1.029117 | trade:0.96 call:0.96 put:0.04 | ATM:0.42 OTM:0.58 [seq] | lr: 2.45e-04 | left: 66s
step 08450 ( 73.0%) | loss: 0.664980 | trade:0.33 call:0.76 put:0.24 | ATM:0.54 OTM:0.46 [rnd] | lr: 2.44e-04 | left: 65s
step 08500 ( 73.4%) | loss: 0.317483 | trade:0.00 call:0.69 put:0.31 | ATM:0.34 OTM:0.66 [seq] | lr: 2.42e-04 | left: 64s
step 08550 ( 73.8%) | loss: 0.319071 | trade:0.00 call:0.90 put:0.10 | ATM:0.84 OTM:0.16 [seq] | lr: 2.40e-04 | left: 63s
step 08600 ( 74.3%) | loss: 0.400584 | trade:0.00 call:0.20 put:0.80 | ATM:0.82 OTM:0.18 [seq] | lr: 2.38e-04 | left: 62s
step 08650 ( 74.6%) | loss: 0.604199 | trade:0.00 call:0.16 put:0.84 | ATM:0.74 OTM:0.26 [seq] | lr: 2.36e-04 | left: 61s
step 08700 ( 75.1%) | loss: 0.594315 | trade:0.45 call:0.94 put:0.06 | ATM:0.35 OTM:0.65 [seq] | lr: 2.33e-04 | left: 60s
step 08750 ( 75.5%) | loss: 0.560462 | trade:0.39 call:0.72 put:0.28 | ATM:0.54 OTM:0.46 [rnd] | lr: 2.30e-04 | left: 59s
step 08800 ( 75.9%) | loss: 0.746122 | trade:0.36 call:0.74 put:0.26 | ATM:0.51 OTM:0.49 [rnd] | lr: 2.27e-04 | left: 58s
step 08850 ( 76.4%) | loss: 0.542553 | trade:0.00 call:0.05 put:0.95 | ATM:0.90 OTM:0.10 [seq] | lr: 2.23e-04 | left: 57s
step 08900 ( 76.8%) | loss: 0.541785 | trade:0.91 call:0.96 put:0.04 | ATM:0.93 OTM:0.07 [seq] | lr: 2.20e-04 | left: 56s
step 08950 ( 77.2%) | loss: 0.766450 | trade:0.79 call:0.94 put:0.06 | ATM:0.93 OTM:0.07 [seq] | lr: 2.16e-04 | left: 55s
step 09000 ( 77.7%) | loss: 0.777726 | trade:0.00 call:0.84 put:0.16 | ATM:0.64 OTM:0.36 [seq] | lr: 2.12e-04 | left: 54s
step 09050 ( 78.1%) | loss: 0.329469 | trade:0.34 call:0.74 put:0.26 | ATM:0.52 OTM:0.48 [rnd] | lr: 2.08e-04 | left: 53s
step 09100 ( 78.5%) | loss: 0.713963 | trade:0.36 call:0.76 put:0.24 | ATM:0.52 OTM:0.48 [rnd] | lr: 2.04e-04 | left: 52s
step 09150 ( 78.9%) | loss: 0.302652 | trade:0.89 call:0.99 put:0.01 | ATM:0.47 OTM:0.53 [seq] | lr: 2.00e-04 | left: 51s
step 09200 ( 79.3%) | loss: 0.684166 | trade:0.00 call:0.72 put:0.28 | ATM:0.54 OTM:0.46 [seq] | lr: 1.95e-04 | left: 50s
step 09250 ( 79.8%) | loss: 0.895812 | trade:0.41 call:0.71 put:0.29 | ATM:0.52 OTM:0.48 [rnd] | lr: 1.90e-04 | left: 49s
step 09300 ( 80.2%) | loss: 0.432667 | trade:0.00 call:0.83 put:0.17 | ATM:0.64 OTM:0.36 [seq] | lr: 1.85e-04 | left: 47s
step 09350 ( 80.7%) | loss: 0.905585 | trade:0.00 call:0.29 put:0.71 | ATM:0.45 OTM:0.55 [seq] | lr: 1.80e-04 | left: 46s
step 09400 ( 81.1%) | loss: 0.695805 | trade:0.97 call:0.01 put:0.99 | ATM:0.68 OTM:0.32 [seq] | lr: 1.75e-04 | left: 45s
step 09450 ( 81.5%) | loss: 0.261956 | trade:0.90 call:0.00 put:1.00 | ATM:0.68 OTM:0.32 [seq] | lr: 1.70e-04 | left: 44s
step 09500 ( 81.9%) | loss: 0.545101 | trade:0.00 call:0.58 put:0.42 | ATM:0.45 OTM:0.55 [seq] | lr: 1.64e-04 | left: 43s
step 09550 ( 82.4%) | loss: 0.738554 | trade:0.35 call:0.76 put:0.24 | ATM:0.51 OTM:0.49 [rnd] | lr: 1.59e-04 | left: 42s
step 09600 ( 82.8%) | loss: 0.772142 | trade:0.00 call:0.56 put:0.44 | ATM:0.39 OTM:0.61 [seq] | lr: 1.53e-04 | left: 41s
step 09650 ( 83.2%) | loss: 0.577057 | trade:0.00 call:0.90 put:0.10 | ATM:0.87 OTM:0.13 [seq] | lr: 1.48e-04 | left: 40s
step 09700 ( 83.7%) | loss: 0.289921 | trade:0.00 call:0.77 put:0.23 | ATM:0.53 OTM:0.47 [seq] | lr: 1.43e-04 | left: 39s
step 09750 ( 84.1%) | loss: 0.407988 | trade:0.92 call:0.77 put:0.22 | ATM:0.55 OTM:0.45 [seq] | lr: 1.37e-04 | left: 38s
step 09800 ( 84.5%) | loss: 0.485062 | trade:0.93 call:1.00 put:0.00 | ATM:0.32 OTM:0.68 [seq] | lr: 1.31e-04 | left: 37s
step 09850 ( 84.9%) | loss: 0.412259 | trade:0.02 call:0.84 put:0.16 | ATM:0.35 OTM:0.65 [seq] | lr: 1.26e-04 | left: 36s
step 09900 ( 85.3%) | loss: 0.548715 | trade:0.32 call:0.73 put:0.26 | ATM:0.52 OTM:0.48 [rnd] | lr: 1.20e-04 | left: 35s
step 09950 ( 85.8%) | loss: 0.791054 | trade:0.37 call:0.75 put:0.25 | ATM:0.51 OTM:0.49 [rnd] | lr: 1.15e-04 | left: 34s
step 10000 ( 86.2%) | loss: 0.647744 | trade:0.00 call:0.55 put:0.45 | ATM:0.73 OTM:0.27 [seq] | lr: 1.09e-04 | left: 33s
step 10050 ( 86.6%) | loss: 0.677319 | trade:0.34 call:0.74 put:0.26 | ATM:0.51 OTM:0.49 [rnd] | lr: 1.04e-04 | left: 32s
step 10100 ( 87.1%) | loss: 0.570468 | trade:0.00 call:0.86 put:0.14 | ATM:0.71 OTM:0.29 [seq] | lr: 9.82e-05 | left: 31s
step 10150 ( 87.5%) | loss: 0.617999 | trade:0.38 call:0.74 put:0.26 | ATM:0.53 OTM:0.47 [rnd] | lr: 9.28e-05 | left: 30s
step 10200 ( 87.9%) | loss: 0.550511 | trade:0.38 call:0.74 put:0.26 | ATM:0.51 OTM:0.49 [rnd] | lr: 8.72e-05 | left: 29s
step 10250 ( 88.3%) | loss: 0.480070 | trade:0.35 call:0.75 put:0.25 | ATM:0.51 OTM:0.49 [rnd] | lr: 8.22e-05 | left: 28s
step 10300 ( 88.8%) | loss: 0.343115 | trade:0.00 call:0.88 put:0.12 | ATM:0.43 OTM:0.57 [seq] | lr: 7.71e-05 | left: 27s
step 10350 ( 89.2%) | loss: 0.638152 | trade:0.00 call:0.48 put:0.52 | ATM:0.46 OTM:0.54 [seq] | lr: 7.19e-05 | left: 26s
step 10400 ( 89.6%) | loss: 0.531197 | trade:0.00 call:0.92 put:0.08 | ATM:0.38 OTM:0.62 [seq] | lr: 6.69e-05 | left: 25s
step 10450 ( 90.0%) | loss: 0.683671 | trade:0.93 call:0.96 put:0.03 | ATM:0.41 OTM:0.59 [seq] | lr: 6.20e-05 | left: 24s
step 10500 ( 90.5%) | loss: 0.517337 | trade:0.39 call:0.73 put:0.27 | ATM:0.51 OTM:0.49 [rnd] | lr: 5.74e-05 | left: 23s
step 10550 ( 90.9%) | loss: 0.526285 | trade:0.00 call:0.83 put:0.17 | ATM:0.51 OTM:0.49 [seq] | lr: 5.29e-05 | left: 22s
step 10600 ( 91.3%) | loss: 0.693889 | trade:0.46 call:0.83 put:0.17 | ATM:0.42 OTM:0.58 [seq] | lr: 4.82e-05 | left: 21s
step 10650 ( 91.8%) | loss: 0.542933 | trade:0.98 call:0.02 put:0.98 | ATM:0.74 OTM:0.26 [seq] | lr: 4.37e-05 | left: 20s
step 10700 ( 92.2%) | loss: 0.502615 | trade:0.95 call:0.01 put:0.99 | ATM:0.63 OTM:0.37 [seq] | lr: 3.96e-05 | left: 19s
step 10750 ( 92.6%) | loss: 0.553909 | trade:0.34 call:0.76 put:0.24 | ATM:0.52 OTM:0.48 [rnd] | lr: 3.55e-05 | left: 18s
step 10800 ( 93.0%) | loss: 0.582902 | trade:0.37 call:0.76 put:0.24 | ATM:0.51 OTM:0.49 [rnd] | lr: 3.19e-05 | left: 17s
step 10850 ( 93.5%) | loss: 0.701140 | trade:0.37 call:0.74 put:0.26 | ATM:0.51 OTM:0.49 [rnd] | lr: 2.81e-05 | left: 16s
step 10900 ( 93.9%) | loss: 0.723246 | trade:0.92 call:0.99 put:0.01 | ATM:0.50 OTM:0.50 [seq] | lr: 2.46e-05 | left: 15s
step 10950 ( 94.4%) | loss: 0.749364 | trade:0.36 call:0.74 put:0.26 | ATM:0.51 OTM:0.49 [rnd] | lr: 2.12e-05 | left: 14s
step 11000 ( 94.8%) | loss: 0.711532 | trade:0.36 call:0.73 put:0.26 | ATM:0.51 OTM:0.49 [rnd] | lr: 1.83e-05 | left: 13s
step 11050 ( 95.1%) | loss: 0.528885 | trade:0.36 call:0.75 put:0.25 | ATM:0.51 OTM:0.49 [rnd] | lr: 1.63e-05 | left: 12s
step 11100 ( 95.3%) | loss: 0.748602 | trade:0.96 call:1.00 put:0.00 | ATM:0.38 OTM:0.62 [seq] | lr: 1.49e-05 | left: 11s
step 11150 ( 95.6%) | loss: 0.554897 | trade:0.85 call:0.02 put:0.98 | ATM:0.98 OTM:0.02 [seq] | lr: 1.29e-05 | left: 10s
step 11200 ( 95.9%) | loss: 0.690997 | trade:0.00 call:0.88 put:0.12 | ATM:0.75 OTM:0.25 [seq] | lr: 1.16e-05 | left: 10s
step 11250 ( 96.2%) | loss: 0.727511 | trade:0.62 call:0.41 put:0.59 | ATM:0.64 OTM:0.36 [seq] | lr: 9.62e-06 | left: 9s
step 11300 ( 96.7%) | loss: 0.841999 | trade:0.32 call:0.60 put:0.40 | ATM:0.58 OTM:0.42 [seq] | lr: 7.46e-06 | left: 8s
step 11350 ( 97.1%) | loss: 0.790340 | trade:0.96 call:1.00 put:0.00 | ATM:0.16 OTM:0.84 [seq] | lr: 5.56e-06 | left: 7s
step 11400 ( 97.5%) | loss: 0.665493 | trade:0.95 call:1.00 put:0.00 | ATM:0.19 OTM:0.81 [seq] | lr: 4.10e-06 | left: 6s
step 11450 ( 98.0%) | loss: 0.769983 | trade:0.91 call:0.98 put:0.01 | ATM:0.49 OTM:0.51 [seq] | lr: 2.76e-06 | left: 5s
step 11500 ( 98.4%) | loss: 0.557994 | trade:0.00 call:0.62 put:0.38 | ATM:0.32 OTM:0.68 [seq] | lr: 1.71e-06 | left: 4s
step 11550 ( 98.8%) | loss: 0.455385 | trade:0.36 call:0.73 put:0.26 | ATM:0.51 OTM:0.49 [rnd] | lr: 9.48e-07 | left: 3s
step 11600 ( 99.3%) | loss: 0.694858 | trade:0.92 call:1.00 put:0.00 | ATM:0.29 OTM:0.71 [seq] | lr: 3.80e-07 | left: 2s
step 11650 ( 99.7%) | loss: 0.675272 | trade:0.35 call:0.76 put:0.24 | ATM:0.51 OTM:0.49 [rnd] | lr: 7.07e-08 | left: 1s

Training done at 245s. Starting evaluation...
Evaluation done in 1s (total wall: 246s)
Model saved to /root/best_model.pt
Trade log: 5 trades -> /root/trade_log.csv

=== TRADE DIAGNOSTICS ===

Worst 5 trades:
  2025-09-17 2025-09-17 14:00 CALL_ATM 6600.0 PnL=-3697.93% hold=3bars exit=end_of_day
  2025-09-17 2025-09-17 13:41 CALL_ATM 6600.0 PnL=-429.33% hold=2bars exit=model_exit
  2025-09-17 2025-09-17 13:46 CALL_ATM 6600.0 PnL=+86.31% hold=4bars exit=model_exit
  2025-09-17 2025-09-17 13:51 CALL_ATM 6600.0 PnL=+325.27% hold=2bars exit=model_exit
  2025-09-17 2025-09-17 13:00 CALL_ATM 6600.0 PnL=+782.11% hold=37bars exit=model_exit
Best 5 trades:
  2025-09-17 2025-09-17 14:00 CALL_ATM 6600.0 PnL=-3697.93% hold=3bars exit=end_of_day
  2025-09-17 2025-09-17 13:41 CALL_ATM 6600.0 PnL=-429.33% hold=2bars exit=model_exit
  2025-09-17 2025-09-17 13:46 CALL_ATM 6600.0 PnL=+86.31% hold=4bars exit=model_exit
  2025-09-17 2025-09-17 13:51 CALL_ATM 6600.0 PnL=+325.27% hold=2bars exit=model_exit
  2025-09-17 2025-09-17 13:00 CALL_ATM 6600.0 PnL=+782.11% hold=37bars exit=model_exit

Time-of-day breakdown:
  Lunch(11:30-13:30): 5 trades, WR=60.0%, avg=-586.71%

Direction breakdown:
  CALL: 5 trades, WR=60.0%, avg=-586.71%

Exit reasons:
  model_exit: 4 (80.0%)
  end_of_day: 1 (20.0%)

Stop-loss alignment: MULTI-LEVEL (tight/med/wide selected by IV+VIX)
=== END DIAGNOSTICS ===

---
score:              -0.600868
profit_factor:      0.289221
win_rate:           0.600000
avg_winner:         0.039790
avg_loser:          -0.206363
trades_per_day:     1.000000
max_consec_loss:    1
num_trades:         5
trade_sharpe:       -5.193854
sortino:            -4.029778
max_drawdown:       -0.371568
calmar:             -0.789512
ev_per_trade:       -0.058671
do_nothing_pct:     0.703846
exit_pct:           0.015385
model_exit_count:   4
cooldown_blocked:   0
pre_10am_blocked:   29
short_hold_pct:     0.000000
stop_loss_rate:     0.000000
direction_collapse_pct: 1.000000
avg_entry_cost_bps: 616.267100
avg_entry_quality:  0.722100
cost_realism_coverage: 1.000000
high_cost_entry_rate: 0.200000
low_quality_entry_rate: 0.000000
actionable_bar_rate: 0.969200
risk_off_bar_rate:  0.000000
final_capital:      9140.25
equity_sharpe:      -5.694800
max_equity_dd:      -0.100100
total_dollar_return:-0.086000
val_sharpe:         49.061137
total_return:       -0.293357
num_val_bars:       260
num_val_days:       5
worst_chunk_pf:     1.00
rr_ratio:           0.1928
avg_hold_bars:      9.60
model_exit_rate:    0.8000
hit_ruin:           False
min_equity_frac:    0.9140
avg_risk_fraction:  0.2247
max_risk_fraction:  0.2690
trades_blocked_by_balance: 0
training_seconds:   240.0
total_seconds:      247.9
peak_vram_mb:       769.2
num_steps:          11687
num_params:         145,064
lookback:           120
depth:              3
d_model:            64
effective_lr:       0.00025
gate_label_smoothing:0.050000
dir_label_smoothing:0.050000
false_entry_penalty:1.500000
/opt/conda/lib/python3.11/site-packages/torch/nn/modules/transformer.py:379: UserWarning: enable_nested_tensor is True, but self.use_nested_tensor is False because encoder_layer.norm_first was True
  warnings.warn(
