Loading data from: /root/.cache/autoresearch-trading/features/data.pt
Loaded 382920 1-min bars, 32 features, 8 actions
  ~981 trading days
Training:   up to idx 268019
Validation: idx 268020-382919
  Option P&L coverage: 296720/382920 (77%)
Parameters: 146,266
Architecture: v4 simplified two-head (gate+dir) + balanced strike gating + exit bias
Training from scratch (v4: no warm-start).

Budget: 240s | Batch: 128 | Lookback: 120
LR: 0.00015 | Depth: 3 | d_model: 64 | ff_mult: 3
Dropout: 0.15 | Weight decay: 0.05
False entry penalty: 2.0x
Label smoothing: gate=0.05 dir=0.05

step 00000 (  0.0%) | loss: 3.093062 | trade:0.27 call:0.45 put:0.55 | ATM:0.23 OTM:0.77 | lr: 0.00e+00 | left: 240s
step 00050 (  0.2%) | loss: 3.219825 | trade:0.27 call:0.46 put:0.54 | ATM:0.24 OTM:0.76 | lr: 3.25e-06 | left: 239s
step 00100 (  0.5%) | loss: 3.179633 | trade:0.28 call:0.45 put:0.55 | ATM:0.24 OTM:0.76 | lr: 6.87e-06 | left: 239s
step 00150 (  0.7%) | loss: 3.151408 | trade:0.30 call:0.46 put:0.54 | ATM:0.24 OTM:0.76 | lr: 1.05e-05 | left: 238s
step 00200 (  0.9%) | loss: 3.120571 | trade:0.33 call:0.47 put:0.53 | ATM:0.25 OTM:0.75 | lr: 1.42e-05 | left: 238s
step 00250 (  1.2%) | loss: 3.046452 | trade:0.34 call:0.47 put:0.53 | ATM:0.25 OTM:0.75 | lr: 1.75e-05 | left: 237s
step 00300 (  1.4%) | loss: 3.001460 | trade:0.37 call:0.49 put:0.51 | ATM:0.27 OTM:0.73 | lr: 2.09e-05 | left: 237s
step 00350 (  1.6%) | loss: 2.988487 | trade:0.40 call:0.50 put:0.50 | ATM:0.28 OTM:0.72 | lr: 2.45e-05 | left: 236s
step 00400 (  1.9%) | loss: 2.920764 | trade:0.41 call:0.51 put:0.49 | ATM:0.29 OTM:0.71 | lr: 2.79e-05 | left: 236s
step 00450 (  2.1%) | loss: 2.880685 | trade:0.42 call:0.51 put:0.49 | ATM:0.30 OTM:0.70 | lr: 3.15e-05 | left: 235s
step 00500 (  2.3%) | loss: 2.876817 | trade:0.43 call:0.52 put:0.48 | ATM:0.32 OTM:0.68 | lr: 3.50e-05 | left: 234s
step 00550 (  2.6%) | loss: 2.864412 | trade:0.44 call:0.53 put:0.47 | ATM:0.33 OTM:0.67 | lr: 3.87e-05 | left: 234s
step 00600 (  2.8%) | loss: 2.835886 | trade:0.44 call:0.54 put:0.46 | ATM:0.34 OTM:0.66 | lr: 4.22e-05 | left: 233s
step 00650 (  3.1%) | loss: 2.800491 | trade:0.44 call:0.55 put:0.45 | ATM:0.35 OTM:0.65 | lr: 4.62e-05 | left: 233s
step 00700 (  3.3%) | loss: 2.751856 | trade:0.43 call:0.55 put:0.45 | ATM:0.35 OTM:0.65 | lr: 4.99e-05 | left: 232s
step 00750 (  3.6%) | loss: 2.729016 | trade:0.42 call:0.56 put:0.44 | ATM:0.37 OTM:0.63 | lr: 5.37e-05 | left: 231s
step 00800 (  3.8%) | loss: 2.684648 | trade:0.43 call:0.54 put:0.46 | ATM:0.37 OTM:0.63 | lr: 5.71e-05 | left: 231s
step 00850 (  4.2%) | loss: 2.660327 | trade:0.43 call:0.56 put:0.44 | ATM:0.36 OTM:0.64 | lr: 6.24e-05 | left: 230s
step 00900 (  4.4%) | loss: 2.612691 | trade:0.44 call:0.56 put:0.44 | ATM:0.37 OTM:0.63 | lr: 6.60e-05 | left: 229s
step 00950 (  4.7%) | loss: 2.572970 | trade:0.41 call:0.58 put:0.42 | ATM:0.37 OTM:0.63 | lr: 6.98e-05 | left: 229s
step 01000 (  4.9%) | loss: 2.506526 | trade:0.42 call:0.57 put:0.43 | ATM:0.37 OTM:0.63 | lr: 7.36e-05 | left: 228s
step 01050 (  5.3%) | loss: 2.449264 | trade:0.42 call:0.58 put:0.42 | ATM:0.39 OTM:0.61 | lr: 7.91e-05 | left: 227s
step 01100 (  5.5%) | loss: 2.402499 | trade:0.44 call:0.60 put:0.40 | ATM:0.39 OTM:0.61 | lr: 8.30e-05 | left: 227s
step 01150 (  5.8%) | loss: 2.333032 | trade:0.40 call:0.58 put:0.42 | ATM:0.39 OTM:0.61 | lr: 8.65e-05 | left: 226s
step 01200 (  6.0%) | loss: 2.294012 | trade:0.44 call:0.59 put:0.41 | ATM:0.38 OTM:0.62 | lr: 8.98e-05 | left: 226s
step 01250 (  6.2%) | loss: 2.199142 | trade:0.40 call:0.61 put:0.39 | ATM:0.41 OTM:0.59 | lr: 9.30e-05 | left: 225s
step 01300 (  6.4%) | loss: 2.139918 | trade:0.38 call:0.60 put:0.40 | ATM:0.39 OTM:0.61 | lr: 9.65e-05 | left: 225s
step 01350 (  6.9%) | loss: 2.065279 | trade:0.41 call:0.56 put:0.44 | ATM:0.40 OTM:0.60 | lr: 1.03e-04 | left: 223s
step 01400 (  7.3%) | loss: 1.996071 | trade:0.42 call:0.60 put:0.40 | ATM:0.43 OTM:0.57 | lr: 1.10e-04 | left: 222s
step 01450 (  7.6%) | loss: 1.966554 | trade:0.37 call:0.65 put:0.35 | ATM:0.42 OTM:0.58 | lr: 1.14e-04 | left: 222s
step 01500 (  8.2%) | loss: 1.894053 | trade:0.43 call:0.58 put:0.42 | ATM:0.43 OTM:0.57 | lr: 1.23e-04 | left: 220s
step 01550 (  8.7%) | loss: 1.805894 | trade:0.36 call:0.63 put:0.37 | ATM:0.41 OTM:0.59 | lr: 1.31e-04 | left: 219s
step 01600 (  9.3%) | loss: 1.753231 | trade:0.44 call:0.59 put:0.41 | ATM:0.39 OTM:0.61 | lr: 1.40e-04 | left: 218s
step 01650 (  9.5%) | loss: 1.699399 | trade:0.43 call:0.63 put:0.37 | ATM:0.44 OTM:0.56 | lr: 1.43e-04 | left: 217s
step 01700 (  9.9%) | loss: 1.630078 | trade:0.38 call:0.62 put:0.38 | ATM:0.44 OTM:0.56 | lr: 1.48e-04 | left: 216s
step 01750 ( 10.2%) | loss: 1.543494 | trade:0.38 call:0.63 put:0.37 | ATM:0.48 OTM:0.52 | lr: 1.50e-04 | left: 216s
step 01800 ( 10.5%) | loss: 1.570338 | trade:0.36 call:0.58 put:0.42 | ATM:0.45 OTM:0.55 | lr: 1.50e-04 | left: 215s
step 01850 ( 10.8%) | loss: 1.506180 | trade:0.40 call:0.63 put:0.37 | ATM:0.46 OTM:0.54 | lr: 1.50e-04 | left: 214s
step 01900 ( 11.2%) | loss: 1.461254 | trade:0.39 call:0.61 put:0.39 | ATM:0.47 OTM:0.53 | lr: 1.50e-04 | left: 213s
step 01950 ( 11.8%) | loss: 1.458633 | trade:0.36 call:0.57 put:0.43 | ATM:0.45 OTM:0.55 | lr: 1.50e-04 | left: 212s
step 02000 ( 12.3%) | loss: 1.397504 | trade:0.32 call:0.65 put:0.35 | ATM:0.48 OTM:0.52 | lr: 1.50e-04 | left: 210s
step 02050 ( 12.7%) | loss: 1.441245 | trade:0.38 call:0.66 put:0.34 | ATM:0.47 OTM:0.53 | lr: 1.50e-04 | left: 210s
step 02100 ( 13.2%) | loss: 1.386331 | trade:0.37 call:0.63 put:0.37 | ATM:0.45 OTM:0.55 | lr: 1.50e-04 | left: 208s
step 02150 ( 13.7%) | loss: 1.389871 | trade:0.36 call:0.59 put:0.41 | ATM:0.47 OTM:0.53 | lr: 1.50e-04 | left: 207s
step 02200 ( 14.3%) | loss: 1.368198 | trade:0.39 call:0.62 put:0.38 | ATM:0.42 OTM:0.58 | lr: 1.50e-04 | left: 206s
step 02250 ( 14.9%) | loss: 1.343750 | trade:0.38 call:0.64 put:0.36 | ATM:0.53 OTM:0.47 | lr: 1.50e-04 | left: 204s
step 02300 ( 15.4%) | loss: 1.324495 | trade:0.36 call:0.60 put:0.40 | ATM:0.51 OTM:0.49 | lr: 1.50e-04 | left: 203s
step 02350 ( 16.0%) | loss: 1.312657 | trade:0.35 call:0.72 put:0.28 | ATM:0.53 OTM:0.47 | lr: 1.50e-04 | left: 202s
step 02400 ( 16.6%) | loss: 1.310892 | trade:0.33 call:0.71 put:0.29 | ATM:0.41 OTM:0.59 | lr: 1.50e-04 | left: 200s
step 02450 ( 17.2%) | loss: 1.328281 | trade:0.39 call:0.67 put:0.33 | ATM:0.47 OTM:0.53 | lr: 1.50e-04 | left: 199s
step 02500 ( 17.7%) | loss: 1.314025 | trade:0.40 call:0.58 put:0.42 | ATM:0.49 OTM:0.51 | lr: 1.50e-04 | left: 197s
step 02550 ( 18.1%) | loss: 1.300037 | trade:0.34 call:0.62 put:0.38 | ATM:0.50 OTM:0.50 | lr: 1.50e-04 | left: 197s
step 02600 ( 18.4%) | loss: 1.298897 | trade:0.34 call:0.56 put:0.44 | ATM:0.48 OTM:0.52 | lr: 1.50e-04 | left: 196s
step 02650 ( 19.0%) | loss: 1.276738 | trade:0.36 call:0.63 put:0.37 | ATM:0.52 OTM:0.48 | lr: 1.50e-04 | left: 194s
step 02700 ( 19.5%) | loss: 1.304068 | trade:0.33 call:0.63 put:0.37 | ATM:0.51 OTM:0.49 | lr: 1.50e-04 | left: 193s
step 02750 ( 20.1%) | loss: 1.292057 | trade:0.37 call:0.57 put:0.43 | ATM:0.49 OTM:0.51 | lr: 1.50e-04 | left: 192s
step 02800 ( 20.3%) | loss: 1.277616 | trade:0.37 call:0.61 put:0.39 | ATM:0.54 OTM:0.46 | lr: 1.50e-04 | left: 191s
step 02850 ( 20.8%) | loss: 1.226425 | trade:0.31 call:0.63 put:0.37 | ATM:0.57 OTM:0.43 | lr: 1.50e-04 | left: 190s
step 02900 ( 21.3%) | loss: 1.232324 | trade:0.38 call:0.63 put:0.37 | ATM:0.51 OTM:0.49 | lr: 1.50e-04 | left: 189s
step 02950 ( 21.9%) | loss: 1.248275 | trade:0.36 call:0.60 put:0.40 | ATM:0.54 OTM:0.46 | lr: 1.50e-04 | left: 187s
step 03000 ( 22.5%) | loss: 1.244034 | trade:0.38 call:0.58 put:0.42 | ATM:0.53 OTM:0.47 | lr: 1.50e-04 | left: 186s
step 03050 ( 23.0%) | loss: 1.213932 | trade:0.37 call:0.66 put:0.34 | ATM:0.54 OTM:0.46 | lr: 1.50e-04 | left: 185s
step 03100 ( 23.6%) | loss: 1.214698 | trade:0.39 call:0.67 put:0.33 | ATM:0.57 OTM:0.43 | lr: 1.50e-04 | left: 183s
step 03150 ( 24.2%) | loss: 1.210296 | trade:0.35 call:0.60 put:0.40 | ATM:0.50 OTM:0.50 | lr: 1.50e-04 | left: 182s
step 03200 ( 24.7%) | loss: 1.239278 | trade:0.36 call:0.63 put:0.37 | ATM:0.51 OTM:0.49 | lr: 1.50e-04 | left: 181s
step 03250 ( 25.2%) | loss: 1.228060 | trade:0.30 call:0.59 put:0.41 | ATM:0.57 OTM:0.43 | lr: 1.50e-04 | left: 179s
step 03300 ( 25.5%) | loss: 1.221838 | trade:0.37 call:0.65 put:0.35 | ATM:0.55 OTM:0.45 | lr: 1.50e-04 | left: 179s
step 03350 ( 26.0%) | loss: 1.211550 | trade:0.31 call:0.58 put:0.42 | ATM:0.57 OTM:0.43 | lr: 1.50e-04 | left: 178s
step 03400 ( 26.6%) | loss: 1.203761 | trade:0.38 call:0.60 put:0.40 | ATM:0.54 OTM:0.46 | lr: 1.50e-04 | left: 176s
step 03450 ( 26.8%) | loss: 1.168650 | trade:0.34 call:0.61 put:0.39 | ATM:0.48 OTM:0.52 | lr: 1.50e-04 | left: 176s
step 03500 ( 27.3%) | loss: 1.203886 | trade:0.33 call:0.62 put:0.38 | ATM:0.50 OTM:0.50 | lr: 1.50e-04 | left: 174s
step 03550 ( 27.8%) | loss: 1.198154 | trade:0.34 call:0.62 put:0.38 | ATM:0.56 OTM:0.44 | lr: 1.50e-04 | left: 173s
step 03600 ( 28.4%) | loss: 1.190077 | trade:0.32 call:0.60 put:0.40 | ATM:0.54 OTM:0.46 | lr: 1.50e-04 | left: 172s
step 03650 ( 29.0%) | loss: 1.187426 | trade:0.31 call:0.62 put:0.38 | ATM:0.55 OTM:0.45 | lr: 1.50e-04 | left: 170s
step 03700 ( 29.6%) | loss: 1.178682 | trade:0.35 call:0.65 put:0.35 | ATM:0.55 OTM:0.45 | lr: 1.50e-04 | left: 169s
step 03750 ( 30.2%) | loss: 1.228165 | trade:0.29 call:0.67 put:0.33 | ATM:0.63 OTM:0.37 | lr: 1.50e-04 | left: 168s
step 03800 ( 30.5%) | loss: 1.189284 | trade:0.39 call:0.57 put:0.43 | ATM:0.56 OTM:0.44 | lr: 1.50e-04 | left: 167s
step 03850 ( 30.8%) | loss: 1.169670 | trade:0.35 call:0.59 put:0.41 | ATM:0.55 OTM:0.45 | lr: 1.50e-04 | left: 166s
step 03900 ( 31.1%) | loss: 1.161471 | trade:0.39 call:0.56 put:0.44 | ATM:0.57 OTM:0.43 | lr: 1.50e-04 | left: 165s
step 03950 ( 31.6%) | loss: 1.137811 | trade:0.27 call:0.67 put:0.33 | ATM:0.58 OTM:0.42 | lr: 1.50e-04 | left: 164s
step 04000 ( 32.0%) | loss: 1.174733 | trade:0.36 call:0.65 put:0.35 | ATM:0.54 OTM:0.46 | lr: 1.50e-04 | left: 163s
step 04050 ( 32.5%) | loss: 1.167183 | trade:0.36 call:0.62 put:0.38 | ATM:0.55 OTM:0.45 | lr: 1.50e-04 | left: 162s
step 04100 ( 33.1%) | loss: 1.154795 | trade:0.31 call:0.64 put:0.36 | ATM:0.55 OTM:0.45 | lr: 1.50e-04 | left: 161s
step 04150 ( 33.7%) | loss: 1.125988 | trade:0.33 call:0.57 put:0.43 | ATM:0.63 OTM:0.37 | lr: 1.50e-04 | left: 159s
step 04200 ( 34.2%) | loss: 1.133643 | trade:0.30 call:0.61 put:0.39 | ATM:0.61 OTM:0.39 | lr: 1.50e-04 | left: 158s
step 04250 ( 34.8%) | loss: 1.144961 | trade:0.33 call:0.56 put:0.44 | ATM:0.59 OTM:0.41 | lr: 1.50e-04 | left: 156s
step 04300 ( 35.4%) | loss: 1.144642 | trade:0.40 call:0.60 put:0.40 | ATM:0.59 OTM:0.41 | lr: 1.50e-04 | left: 155s
step 04350 ( 35.9%) | loss: 1.134564 | trade:0.29 call:0.64 put:0.36 | ATM:0.61 OTM:0.39 | lr: 1.50e-04 | left: 154s
step 04400 ( 36.5%) | loss: 1.140173 | trade:0.34 call:0.64 put:0.36 | ATM:0.53 OTM:0.47 | lr: 1.50e-04 | left: 152s
step 04450 ( 37.0%) | loss: 1.119091 | trade:0.37 call:0.65 put:0.35 | ATM:0.61 OTM:0.39 | lr: 1.50e-04 | left: 151s
step 04500 ( 37.6%) | loss: 1.150722 | trade:0.36 call:0.59 put:0.41 | ATM:0.60 OTM:0.40 | lr: 1.50e-04 | left: 150s
step 04550 ( 38.1%) | loss: 1.125328 | trade:0.34 call:0.58 put:0.42 | ATM:0.55 OTM:0.45 | lr: 1.50e-04 | left: 148s
step 04600 ( 38.6%) | loss: 1.139792 | trade:0.35 call:0.63 put:0.37 | ATM:0.53 OTM:0.47 | lr: 1.50e-04 | left: 147s
step 04650 ( 39.0%) | loss: 1.112194 | trade:0.35 call:0.60 put:0.40 | ATM:0.55 OTM:0.45 | lr: 1.50e-04 | left: 146s
step 04700 ( 39.4%) | loss: 1.136670 | trade:0.38 call:0.64 put:0.36 | ATM:0.62 OTM:0.38 | lr: 1.50e-04 | left: 145s
step 04750 ( 39.7%) | loss: 1.149604 | trade:0.31 call:0.59 put:0.41 | ATM:0.62 OTM:0.38 | lr: 1.50e-04 | left: 145s
step 04800 ( 39.9%) | loss: 1.105550 | trade:0.39 call:0.59 put:0.41 | ATM:0.53 OTM:0.47 | lr: 1.50e-04 | left: 144s
step 04850 ( 40.2%) | loss: 1.114239 | trade:0.38 call:0.61 put:0.39 | ATM:0.58 OTM:0.42 | lr: 1.50e-04 | left: 144s
step 04900 ( 40.4%) | loss: 1.105624 | trade:0.29 call:0.61 put:0.39 | ATM:0.65 OTM:0.35 | lr: 1.50e-04 | left: 143s
step 04950 ( 40.7%) | loss: 1.139790 | trade:0.35 call:0.61 put:0.39 | ATM:0.59 OTM:0.41 | lr: 1.50e-04 | left: 142s
step 05000 ( 41.0%) | loss: 1.125299 | trade:0.36 call:0.58 put:0.42 | ATM:0.61 OTM:0.39 | lr: 1.50e-04 | left: 142s
step 05050 ( 41.3%) | loss: 1.111892 | trade:0.33 call:0.64 put:0.36 | ATM:0.52 OTM:0.48 | lr: 1.50e-04 | left: 141s
step 05100 ( 41.6%) | loss: 1.129361 | trade:0.33 call:0.61 put:0.39 | ATM:0.59 OTM:0.41 | lr: 1.50e-04 | left: 140s
step 05150 ( 41.8%) | loss: 1.107454 | trade:0.38 call:0.57 put:0.43 | ATM:0.61 OTM:0.39 | lr: 1.50e-04 | left: 140s
step 05200 ( 42.1%) | loss: 1.113610 | trade:0.30 call:0.62 put:0.38 | ATM:0.61 OTM:0.39 | lr: 1.50e-04 | left: 139s
step 05250 ( 42.3%) | loss: 1.103481 | trade:0.29 call:0.62 put:0.38 | ATM:0.64 OTM:0.36 | lr: 1.50e-04 | left: 138s
step 05300 ( 42.5%) | loss: 1.109479 | trade:0.30 call:0.67 put:0.33 | ATM:0.59 OTM:0.41 | lr: 1.50e-04 | left: 138s
step 05350 ( 42.9%) | loss: 1.119831 | trade:0.29 call:0.68 put:0.32 | ATM:0.66 OTM:0.34 | lr: 1.50e-04 | left: 137s
step 05400 ( 43.2%) | loss: 1.113222 | trade:0.39 call:0.54 put:0.46 | ATM:0.53 OTM:0.47 | lr: 1.50e-04 | left: 136s
step 05450 ( 43.4%) | loss: 1.082383 | trade:0.37 call:0.58 put:0.42 | ATM:0.58 OTM:0.42 | lr: 1.50e-04 | left: 136s
step 05500 ( 43.7%) | loss: 1.094986 | trade:0.33 call:0.56 put:0.44 | ATM:0.60 OTM:0.40 | lr: 1.50e-04 | left: 135s
step 05550 ( 44.0%) | loss: 1.108846 | trade:0.35 call:0.61 put:0.39 | ATM:0.67 OTM:0.33 | lr: 1.50e-04 | left: 134s
step 05600 ( 44.3%) | loss: 1.092054 | trade:0.35 call:0.67 put:0.33 | ATM:0.62 OTM:0.38 | lr: 1.50e-04 | left: 134s
step 05650 ( 44.6%) | loss: 1.086641 | trade:0.31 call:0.67 put:0.33 | ATM:0.66 OTM:0.34 | lr: 1.50e-04 | left: 133s
step 05700 ( 44.9%) | loss: 1.109669 | trade:0.40 call:0.63 put:0.37 | ATM:0.58 OTM:0.42 | lr: 1.50e-04 | left: 132s
step 05750 ( 45.2%) | loss: 1.070762 | trade:0.33 call:0.59 put:0.41 | ATM:0.58 OTM:0.42 | lr: 1.50e-04 | left: 132s
step 05800 ( 45.5%) | loss: 1.090293 | trade:0.34 call:0.67 put:0.33 | ATM:0.66 OTM:0.34 | lr: 1.50e-04 | left: 131s
step 05850 ( 45.8%) | loss: 1.086865 | trade:0.33 call:0.61 put:0.39 | ATM:0.59 OTM:0.41 | lr: 1.50e-04 | left: 130s
step 05900 ( 46.1%) | loss: 1.084703 | trade:0.35 call:0.61 put:0.39 | ATM:0.63 OTM:0.37 | lr: 1.50e-04 | left: 129s
step 05950 ( 46.4%) | loss: 1.061750 | trade:0.34 call:0.52 put:0.48 | ATM:0.64 OTM:0.36 | lr: 1.50e-04 | left: 129s
step 06000 ( 46.7%) | loss: 1.081867 | trade:0.36 call:0.63 put:0.37 | ATM:0.64 OTM:0.36 | lr: 1.50e-04 | left: 128s
step 06050 ( 47.0%) | loss: 1.105838 | trade:0.33 call:0.61 put:0.39 | ATM:0.62 OTM:0.38 | lr: 1.50e-04 | left: 127s
step 06100 ( 47.4%) | loss: 1.087756 | trade:0.30 call:0.58 put:0.42 | ATM:0.63 OTM:0.37 | lr: 1.50e-04 | left: 126s
step 06150 ( 48.0%) | loss: 1.084056 | trade:0.27 call:0.62 put:0.38 | ATM:0.61 OTM:0.39 | lr: 1.50e-04 | left: 125s
step 06200 ( 48.5%) | loss: 1.076080 | trade:0.34 call:0.56 put:0.44 | ATM:0.60 OTM:0.40 | lr: 1.50e-04 | left: 124s
step 06250 ( 49.1%) | loss: 1.064838 | trade:0.33 call:0.67 put:0.33 | ATM:0.65 OTM:0.35 | lr: 1.50e-04 | left: 122s
step 06300 ( 49.6%) | loss: 1.074828 | trade:0.34 call:0.59 put:0.41 | ATM:0.59 OTM:0.41 | lr: 1.50e-04 | left: 121s
step 06350 ( 50.1%) | loss: 1.072369 | trade:0.31 call:0.65 put:0.35 | ATM:0.66 OTM:0.34 | lr: 1.50e-04 | left: 120s
step 06400 ( 50.4%) | loss: 1.072664 | trade:0.34 call:0.60 put:0.40 | ATM:0.67 OTM:0.33 | lr: 1.50e-04 | left: 119s
step 06450 ( 50.7%) | loss: 1.056547 | trade:0.34 call:0.56 put:0.44 | ATM:0.57 OTM:0.43 | lr: 1.50e-04 | left: 118s
step 06500 ( 50.9%) | loss: 1.068313 | trade:0.32 call:0.56 put:0.44 | ATM:0.61 OTM:0.39 | lr: 1.50e-04 | left: 118s
step 06550 ( 51.2%) | loss: 1.068997 | trade:0.37 call:0.63 put:0.37 | ATM:0.55 OTM:0.45 | lr: 1.50e-04 | left: 117s
step 06600 ( 51.6%) | loss: 1.079585 | trade:0.38 call:0.63 put:0.37 | ATM:0.59 OTM:0.41 | lr: 1.50e-04 | left: 116s
step 06650 ( 51.9%) | loss: 1.069159 | trade:0.36 call:0.63 put:0.37 | ATM:0.64 OTM:0.36 | lr: 1.50e-04 | left: 115s
step 06700 ( 52.1%) | loss: 1.069182 | trade:0.35 call:0.68 put:0.32 | ATM:0.63 OTM:0.37 | lr: 1.50e-04 | left: 115s
step 06750 ( 52.3%) | loss: 1.069629 | trade:0.36 call:0.63 put:0.37 | ATM:0.59 OTM:0.41 | lr: 1.50e-04 | left: 114s
step 06800 ( 52.6%) | loss: 1.089486 | trade:0.33 call:0.55 put:0.45 | ATM:0.61 OTM:0.39 | lr: 1.50e-04 | left: 114s
step 06850 ( 52.8%) | loss: 1.060584 | trade:0.33 call:0.62 put:0.38 | ATM:0.64 OTM:0.36 | lr: 1.50e-04 | left: 113s
step 06900 ( 53.1%) | loss: 1.055840 | trade:0.34 call:0.58 put:0.42 | ATM:0.61 OTM:0.39 | lr: 1.50e-04 | left: 113s
step 06950 ( 53.3%) | loss: 1.052501 | trade:0.28 call:0.59 put:0.41 | ATM:0.70 OTM:0.30 | lr: 1.50e-04 | left: 112s
step 07000 ( 53.6%) | loss: 1.060521 | trade:0.34 call:0.58 put:0.42 | ATM:0.59 OTM:0.41 | lr: 1.50e-04 | left: 111s
step 07050 ( 53.8%) | loss: 1.059406 | trade:0.29 call:0.59 put:0.41 | ATM:0.65 OTM:0.35 | lr: 1.50e-04 | left: 111s
step 07100 ( 54.1%) | loss: 1.066076 | trade:0.30 call:0.61 put:0.39 | ATM:0.62 OTM:0.38 | lr: 1.50e-04 | left: 110s
step 07150 ( 54.3%) | loss: 1.047166 | trade:0.35 call:0.60 put:0.40 | ATM:0.59 OTM:0.41 | lr: 1.50e-04 | left: 110s
step 07200 ( 54.6%) | loss: 1.031653 | trade:0.32 call:0.58 put:0.42 | ATM:0.58 OTM:0.42 | lr: 1.50e-04 | left: 109s
step 07250 ( 54.8%) | loss: 1.045514 | trade:0.34 call:0.60 put:0.40 | ATM:0.59 OTM:0.41 | lr: 1.50e-04 | left: 108s
step 07300 ( 55.0%) | loss: 1.042879 | trade:0.39 call:0.61 put:0.39 | ATM:0.58 OTM:0.42 | lr: 1.50e-04 | left: 108s
step 07350 ( 55.3%) | loss: 1.030621 | trade:0.30 call:0.61 put:0.39 | ATM:0.64 OTM:0.36 | lr: 1.50e-04 | left: 107s
step 07400 ( 55.5%) | loss: 1.060141 | trade:0.31 call:0.61 put:0.39 | ATM:0.64 OTM:0.36 | lr: 1.50e-04 | left: 107s
step 07450 ( 55.7%) | loss: 1.066703 | trade:0.33 call:0.63 put:0.37 | ATM:0.66 OTM:0.34 | lr: 1.50e-04 | left: 106s
step 07500 ( 55.9%) | loss: 1.037706 | trade:0.31 call:0.59 put:0.41 | ATM:0.61 OTM:0.39 | lr: 1.50e-04 | left: 106s
step 07550 ( 56.2%) | loss: 1.041960 | trade:0.24 call:0.60 put:0.40 | ATM:0.68 OTM:0.32 | lr: 1.50e-04 | left: 105s
step 07600 ( 56.4%) | loss: 1.046673 | trade:0.32 call:0.58 put:0.42 | ATM:0.60 OTM:0.40 | lr: 1.50e-04 | left: 105s
step 07650 ( 56.7%) | loss: 1.055604 | trade:0.30 call:0.55 put:0.45 | ATM:0.58 OTM:0.42 | lr: 1.50e-04 | left: 104s
step 07700 ( 56.9%) | loss: 1.052136 | trade:0.33 call:0.64 put:0.36 | ATM:0.56 OTM:0.44 | lr: 1.50e-04 | left: 104s
step 07750 ( 57.1%) | loss: 1.041784 | trade:0.35 call:0.54 put:0.46 | ATM:0.63 OTM:0.37 | lr: 1.50e-04 | left: 103s
step 07800 ( 57.4%) | loss: 1.058372 | trade:0.31 call:0.55 put:0.45 | ATM:0.66 OTM:0.34 | lr: 1.50e-04 | left: 102s
step 07850 ( 57.6%) | loss: 1.060972 | trade:0.35 call:0.58 put:0.42 | ATM:0.64 OTM:0.36 | lr: 1.50e-04 | left: 102s
step 07900 ( 57.8%) | loss: 1.043460 | trade:0.35 call:0.64 put:0.36 | ATM:0.59 OTM:0.41 | lr: 1.50e-04 | left: 101s
step 07950 ( 58.1%) | loss: 1.029041 | trade:0.39 call:0.55 put:0.45 | ATM:0.55 OTM:0.45 | lr: 1.50e-04 | left: 101s
step 08000 ( 58.3%) | loss: 1.034714 | trade:0.33 call:0.52 put:0.48 | ATM:0.67 OTM:0.33 | lr: 1.50e-04 | left: 100s
step 08050 ( 58.6%) | loss: 1.056183 | trade:0.38 call:0.61 put:0.39 | ATM:0.61 OTM:0.39 | lr: 1.50e-04 | left: 99s
step 08100 ( 58.8%) | loss: 1.029812 | trade:0.33 call:0.60 put:0.40 | ATM:0.68 OTM:0.32 | lr: 1.50e-04 | left: 99s
step 08150 ( 59.0%) | loss: 1.048283 | trade:0.34 call:0.57 put:0.43 | ATM:0.61 OTM:0.39 | lr: 1.50e-04 | left: 98s
step 08200 ( 59.3%) | loss: 1.055837 | trade:0.36 call:0.59 put:0.41 | ATM:0.61 OTM:0.39 | lr: 1.50e-04 | left: 98s
step 08250 ( 59.5%) | loss: 1.042689 | trade:0.42 call:0.60 put:0.40 | ATM:0.53 OTM:0.47 | lr: 1.50e-04 | left: 97s
step 08300 ( 59.8%) | loss: 1.052384 | trade:0.26 call:0.62 put:0.38 | ATM:0.64 OTM:0.36 | lr: 1.50e-04 | left: 96s
step 08350 ( 60.0%) | loss: 1.059455 | trade:0.36 call:0.61 put:0.39 | ATM:0.62 OTM:0.38 | lr: 1.50e-04 | left: 96s
step 08400 ( 60.3%) | loss: 1.032054 | trade:0.33 call:0.60 put:0.40 | ATM:0.67 OTM:0.33 | lr: 1.50e-04 | left: 95s
step 08450 ( 60.5%) | loss: 1.044456 | trade:0.33 call:0.53 put:0.47 | ATM:0.59 OTM:0.41 | lr: 1.50e-04 | left: 95s
step 08500 ( 60.9%) | loss: 1.044731 | trade:0.35 call:0.56 put:0.44 | ATM:0.62 OTM:0.38 | lr: 1.50e-04 | left: 94s
step 08550 ( 61.5%) | loss: 1.011910 | trade:0.33 call:0.65 put:0.35 | ATM:0.67 OTM:0.33 | lr: 1.50e-04 | left: 92s
step 08600 ( 62.0%) | loss: 1.013290 | trade:0.32 call:0.58 put:0.42 | ATM:0.62 OTM:0.38 | lr: 1.50e-04 | left: 91s
step 08650 ( 62.5%) | loss: 1.011699 | trade:0.32 call:0.57 put:0.43 | ATM:0.57 OTM:0.43 | lr: 1.50e-04 | left: 90s
step 08700 ( 62.7%) | loss: 1.030396 | trade:0.36 call:0.53 put:0.47 | ATM:0.61 OTM:0.39 | lr: 1.50e-04 | left: 89s
step 08750 ( 63.3%) | loss: 1.047069 | trade:0.34 call:0.54 put:0.46 | ATM:0.60 OTM:0.40 | lr: 1.50e-04 | left: 88s
step 08800 ( 63.9%) | loss: 1.025940 | trade:0.36 call:0.60 put:0.40 | ATM:0.64 OTM:0.36 | lr: 1.50e-04 | left: 87s
step 08850 ( 64.2%) | loss: 1.021552 | trade:0.30 call:0.57 put:0.43 | ATM:0.69 OTM:0.31 | lr: 1.50e-04 | left: 86s
step 08900 ( 64.5%) | loss: 1.038766 | trade:0.32 call:0.64 put:0.36 | ATM:0.60 OTM:0.40 | lr: 1.50e-04 | left: 85s
step 08950 ( 64.7%) | loss: 1.036828 | trade:0.39 call:0.64 put:0.36 | ATM:0.60 OTM:0.40 | lr: 1.50e-04 | left: 85s
step 09000 ( 65.0%) | loss: 1.003601 | trade:0.30 call:0.64 put:0.36 | ATM:0.66 OTM:0.34 | lr: 1.50e-04 | left: 84s
step 09050 ( 65.2%) | loss: 1.041813 | trade:0.40 call:0.56 put:0.44 | ATM:0.57 OTM:0.43 | lr: 1.50e-04 | left: 83s
step 09100 ( 65.5%) | loss: 1.053003 | trade:0.34 call:0.60 put:0.40 | ATM:0.67 OTM:0.33 | lr: 1.50e-04 | left: 83s
step 09150 ( 65.7%) | loss: 1.011192 | trade:0.29 call:0.61 put:0.39 | ATM:0.68 OTM:0.32 | lr: 1.50e-04 | left: 82s
step 09200 ( 66.0%) | loss: 1.043470 | trade:0.31 call:0.60 put:0.40 | ATM:0.69 OTM:0.31 | lr: 1.50e-04 | left: 82s
step 09250 ( 66.3%) | loss: 0.997459 | trade:0.33 call:0.58 put:0.42 | ATM:0.72 OTM:0.28 | lr: 1.50e-04 | left: 81s
step 09300 ( 66.5%) | loss: 1.006868 | trade:0.31 call:0.62 put:0.38 | ATM:0.63 OTM:0.37 | lr: 1.50e-04 | left: 80s
step 09350 ( 67.0%) | loss: 1.018018 | trade:0.34 call:0.62 put:0.38 | ATM:0.67 OTM:0.33 | lr: 1.50e-04 | left: 79s
step 09400 ( 67.5%) | loss: 1.041809 | trade:0.33 call:0.63 put:0.37 | ATM:0.69 OTM:0.31 | lr: 1.50e-04 | left: 78s
step 09450 ( 68.0%) | loss: 1.005053 | trade:0.35 call:0.58 put:0.42 | ATM:0.62 OTM:0.38 | lr: 1.50e-04 | left: 77s
step 09500 ( 68.5%) | loss: 1.025317 | trade:0.36 call:0.59 put:0.41 | ATM:0.63 OTM:0.37 | lr: 1.50e-04 | left: 75s
step 09550 ( 69.1%) | loss: 0.994759 | trade:0.36 call:0.63 put:0.37 | ATM:0.62 OTM:0.38 | lr: 1.50e-04 | left: 74s
step 09600 ( 69.7%) | loss: 1.023745 | trade:0.34 call:0.57 put:0.43 | ATM:0.55 OTM:0.45 | lr: 1.50e-04 | left: 73s
step 09650 ( 70.3%) | loss: 1.018507 | trade:0.38 call:0.58 put:0.42 | ATM:0.62 OTM:0.38 | lr: 1.50e-04 | left: 71s
step 09700 ( 70.9%) | loss: 1.013986 | trade:0.35 call:0.58 put:0.42 | ATM:0.63 OTM:0.37 | lr: 1.50e-04 | left: 70s
step 09750 ( 71.4%) | loss: 1.008690 | trade:0.29 call:0.59 put:0.41 | ATM:0.71 OTM:0.29 | lr: 1.49e-04 | left: 69s
step 09800 ( 71.7%) | loss: 1.006316 | trade:0.31 call:0.62 put:0.38 | ATM:0.64 OTM:0.36 | lr: 1.49e-04 | left: 68s
step 09850 ( 72.3%) | loss: 1.014972 | trade:0.34 call:0.52 put:0.48 | ATM:0.62 OTM:0.38 | lr: 1.48e-04 | left: 67s
step 09900 ( 72.8%) | loss: 1.020151 | trade:0.29 call:0.60 put:0.40 | ATM:0.67 OTM:0.33 | lr: 1.47e-04 | left: 65s
step 09950 ( 73.4%) | loss: 1.009314 | trade:0.33 call:0.60 put:0.40 | ATM:0.68 OTM:0.32 | lr: 1.45e-04 | left: 64s
step 10000 ( 74.0%) | loss: 1.021089 | trade:0.36 call:0.53 put:0.47 | ATM:0.65 OTM:0.35 | lr: 1.43e-04 | left: 62s
step 10050 ( 74.5%) | loss: 1.011162 | trade:0.33 call:0.61 put:0.39 | ATM:0.60 OTM:0.40 | lr: 1.42e-04 | left: 61s
step 10100 ( 74.7%) | loss: 1.007932 | trade:0.33 call:0.53 put:0.47 | ATM:0.65 OTM:0.35 | lr: 1.41e-04 | left: 61s
step 10150 ( 75.0%) | loss: 1.013876 | trade:0.34 call:0.61 put:0.39 | ATM:0.63 OTM:0.37 | lr: 1.40e-04 | left: 60s
step 10200 ( 75.3%) | loss: 1.004879 | trade:0.36 call:0.60 put:0.40 | ATM:0.63 OTM:0.37 | lr: 1.39e-04 | left: 59s
step 10250 ( 75.6%) | loss: 0.975599 | trade:0.35 call:0.56 put:0.44 | ATM:0.63 OTM:0.37 | lr: 1.37e-04 | left: 59s
step 10300 ( 75.9%) | loss: 1.016912 | trade:0.29 call:0.58 put:0.42 | ATM:0.64 OTM:0.36 | lr: 1.36e-04 | left: 58s
step 10350 ( 76.2%) | loss: 0.999131 | trade:0.33 call:0.60 put:0.40 | ATM:0.65 OTM:0.35 | lr: 1.35e-04 | left: 57s
step 10400 ( 76.4%) | loss: 1.010853 | trade:0.32 call:0.62 put:0.38 | ATM:0.63 OTM:0.37 | lr: 1.34e-04 | left: 57s
step 10450 ( 76.7%) | loss: 0.981014 | trade:0.30 call:0.63 put:0.37 | ATM:0.70 OTM:0.30 | lr: 1.33e-04 | left: 56s
step 10500 ( 77.0%) | loss: 1.021880 | trade:0.30 call:0.64 put:0.36 | ATM:0.66 OTM:0.34 | lr: 1.31e-04 | left: 55s
step 10550 ( 77.2%) | loss: 1.007869 | trade:0.31 call:0.56 put:0.44 | ATM:0.58 OTM:0.42 | lr: 1.29e-04 | left: 55s
step 10600 ( 77.5%) | loss: 1.007264 | trade:0.29 call:0.59 put:0.41 | ATM:0.70 OTM:0.30 | lr: 1.28e-04 | left: 54s
step 10650 ( 77.9%) | loss: 1.006517 | trade:0.29 call:0.57 put:0.43 | ATM:0.65 OTM:0.35 | lr: 1.26e-04 | left: 53s
step 10700 ( 78.2%) | loss: 1.009305 | trade:0.37 call:0.61 put:0.39 | ATM:0.62 OTM:0.38 | lr: 1.24e-04 | left: 52s
step 10750 ( 78.5%) | loss: 0.998435 | trade:0.32 call:0.52 put:0.48 | ATM:0.61 OTM:0.39 | lr: 1.22e-04 | left: 52s
step 10800 ( 78.9%) | loss: 1.005318 | trade:0.36 call:0.59 put:0.41 | ATM:0.61 OTM:0.39 | lr: 1.20e-04 | left: 51s
step 10850 ( 79.2%) | loss: 0.984787 | trade:0.39 call:0.54 put:0.46 | ATM:0.63 OTM:0.37 | lr: 1.18e-04 | left: 50s
step 10900 ( 79.6%) | loss: 0.978449 | trade:0.35 call:0.58 put:0.42 | ATM:0.65 OTM:0.35 | lr: 1.15e-04 | left: 49s
step 10950 ( 80.0%) | loss: 1.022221 | trade:0.37 call:0.64 put:0.36 | ATM:0.59 OTM:0.41 | lr: 1.12e-04 | left: 48s
step 11000 ( 80.3%) | loss: 1.005537 | trade:0.30 call:0.59 put:0.41 | ATM:0.64 OTM:0.36 | lr: 1.11e-04 | left: 47s
step 11050 ( 80.5%) | loss: 1.000384 | trade:0.28 call:0.62 put:0.38 | ATM:0.69 OTM:0.31 | lr: 1.09e-04 | left: 47s
step 11100 ( 80.8%) | loss: 1.002315 | trade:0.38 call:0.63 put:0.37 | ATM:0.60 OTM:0.40 | lr: 1.07e-04 | left: 46s
step 11150 ( 81.2%) | loss: 0.986488 | trade:0.34 call:0.56 put:0.44 | ATM:0.64 OTM:0.36 | lr: 1.04e-04 | left: 45s
step 11200 ( 81.5%) | loss: 0.992432 | trade:0.36 call:0.54 put:0.46 | ATM:0.61 OTM:0.39 | lr: 1.02e-04 | left: 44s
step 11250 ( 81.7%) | loss: 0.989679 | trade:0.29 call:0.58 put:0.42 | ATM:0.65 OTM:0.35 | lr: 1.00e-04 | left: 44s
step 11300 ( 82.1%) | loss: 0.996187 | trade:0.33 call:0.63 put:0.37 | ATM:0.63 OTM:0.37 | lr: 9.72e-05 | left: 43s
step 11350 ( 82.5%) | loss: 0.985799 | trade:0.37 call:0.58 put:0.42 | ATM:0.61 OTM:0.39 | lr: 9.47e-05 | left: 42s
step 11400 ( 83.0%) | loss: 0.990752 | trade:0.35 call:0.60 put:0.40 | ATM:0.63 OTM:0.37 | lr: 9.04e-05 | left: 41s
step 11450 ( 83.6%) | loss: 0.967146 | trade:0.31 call:0.61 put:0.39 | ATM:0.68 OTM:0.32 | lr: 8.61e-05 | left: 39s
step 11500 ( 84.2%) | loss: 0.970893 | trade:0.32 call:0.63 put:0.37 | ATM:0.66 OTM:0.34 | lr: 8.15e-05 | left: 38s
step 11550 ( 84.8%) | loss: 0.989726 | trade:0.31 call:0.58 put:0.42 | ATM:0.65 OTM:0.35 | lr: 7.69e-05 | left: 37s
step 11600 ( 85.3%) | loss: 0.991779 | trade:0.36 call:0.58 put:0.42 | ATM:0.65 OTM:0.35 | lr: 7.23e-05 | left: 35s
step 11650 ( 85.9%) | loss: 0.989147 | trade:0.35 call:0.55 put:0.45 | ATM:0.65 OTM:0.35 | lr: 6.78e-05 | left: 34s
step 11700 ( 86.5%) | loss: 0.984993 | trade:0.33 call:0.61 put:0.39 | ATM:0.70 OTM:0.30 | lr: 6.33e-05 | left: 32s
step 11750 ( 87.1%) | loss: 0.990712 | trade:0.33 call:0.60 put:0.40 | ATM:0.63 OTM:0.37 | lr: 5.90e-05 | left: 31s
step 11800 ( 87.6%) | loss: 0.970564 | trade:0.37 call:0.61 put:0.39 | ATM:0.66 OTM:0.34 | lr: 5.47e-05 | left: 30s
step 11850 ( 88.2%) | loss: 0.947910 | trade:0.36 call:0.62 put:0.38 | ATM:0.68 OTM:0.32 | lr: 5.05e-05 | left: 28s
step 11900 ( 88.4%) | loss: 0.982974 | trade:0.27 call:0.63 put:0.37 | ATM:0.69 OTM:0.31 | lr: 4.88e-05 | left: 28s
step 11950 ( 88.7%) | loss: 0.975148 | trade:0.33 call:0.56 put:0.44 | ATM:0.67 OTM:0.33 | lr: 4.69e-05 | left: 27s
step 12000 ( 88.9%) | loss: 0.970490 | trade:0.37 call:0.55 put:0.45 | ATM:0.64 OTM:0.36 | lr: 4.52e-05 | left: 27s
step 12050 ( 89.2%) | loss: 0.974444 | trade:0.34 call:0.60 put:0.40 | ATM:0.66 OTM:0.34 | lr: 4.30e-05 | left: 26s
step 12100 ( 89.5%) | loss: 0.944642 | trade:0.27 call:0.63 put:0.37 | ATM:0.66 OTM:0.34 | lr: 4.11e-05 | left: 25s
step 12150 ( 89.7%) | loss: 0.964905 | trade:0.32 call:0.61 put:0.39 | ATM:0.70 OTM:0.30 | lr: 3.93e-05 | left: 25s
step 12200 ( 90.0%) | loss: 0.976408 | trade:0.32 call:0.54 put:0.46 | ATM:0.68 OTM:0.32 | lr: 3.76e-05 | left: 24s
step 12250 ( 90.2%) | loss: 0.963245 | trade:0.32 call:0.61 put:0.39 | ATM:0.66 OTM:0.34 | lr: 3.58e-05 | left: 23s
step 12300 ( 90.5%) | loss: 0.963854 | trade:0.33 call:0.60 put:0.40 | ATM:0.65 OTM:0.35 | lr: 3.43e-05 | left: 23s
step 12350 ( 90.7%) | loss: 0.954080 | trade:0.30 call:0.64 put:0.36 | ATM:0.66 OTM:0.34 | lr: 3.28e-05 | left: 22s
step 12400 ( 90.9%) | loss: 0.962756 | trade:0.34 call:0.58 put:0.42 | ATM:0.66 OTM:0.34 | lr: 3.13e-05 | left: 22s
step 12450 ( 91.2%) | loss: 0.955191 | trade:0.35 call:0.63 put:0.37 | ATM:0.64 OTM:0.36 | lr: 2.98e-05 | left: 21s
step 12500 ( 91.4%) | loss: 0.971671 | trade:0.30 call:0.62 put:0.38 | ATM:0.69 OTM:0.31 | lr: 2.84e-05 | left: 21s
step 12550 ( 91.6%) | loss: 0.959327 | trade:0.34 call:0.56 put:0.44 | ATM:0.64 OTM:0.36 | lr: 2.69e-05 | left: 20s
step 12600 ( 91.9%) | loss: 0.967389 | trade:0.28 call:0.62 put:0.38 | ATM:0.65 OTM:0.35 | lr: 2.54e-05 | left: 19s
step 12650 ( 92.1%) | loss: 0.970056 | trade:0.29 call:0.62 put:0.38 | ATM:0.68 OTM:0.32 | lr: 2.40e-05 | left: 19s
step 12700 ( 92.4%) | loss: 0.969591 | trade:0.33 call:0.58 put:0.42 | ATM:0.65 OTM:0.35 | lr: 2.26e-05 | left: 18s
step 12750 ( 92.6%) | loss: 0.948553 | trade:0.34 call:0.60 put:0.40 | ATM:0.60 OTM:0.40 | lr: 2.13e-05 | left: 18s
step 12800 ( 92.9%) | loss: 0.967770 | trade:0.32 call:0.67 put:0.33 | ATM:0.65 OTM:0.35 | lr: 2.00e-05 | left: 17s
step 12850 ( 93.1%) | loss: 0.973784 | trade:0.31 call:0.59 put:0.41 | ATM:0.63 OTM:0.37 | lr: 1.88e-05 | left: 17s
step 12900 ( 93.3%) | loss: 0.959046 | trade:0.32 call:0.63 put:0.37 | ATM:0.65 OTM:0.35 | lr: 1.76e-05 | left: 16s
step 12950 ( 93.6%) | loss: 0.973084 | trade:0.38 call:0.62 put:0.38 | ATM:0.63 OTM:0.37 | lr: 1.64e-05 | left: 15s
step 13000 ( 93.9%) | loss: 0.957598 | trade:0.31 call:0.58 put:0.42 | ATM:0.69 OTM:0.31 | lr: 1.49e-05 | left: 15s
step 13050 ( 94.1%) | loss: 0.979292 | trade:0.32 call:0.54 put:0.46 | ATM:0.68 OTM:0.32 | lr: 1.38e-05 | left: 14s
step 13100 ( 94.3%) | loss: 0.948014 | trade:0.35 call:0.61 put:0.39 | ATM:0.60 OTM:0.40 | lr: 1.28e-05 | left: 14s
step 13150 ( 94.6%) | loss: 0.958771 | trade:0.34 call:0.56 put:0.44 | ATM:0.62 OTM:0.38 | lr: 1.17e-05 | left: 13s
step 13200 ( 94.8%) | loss: 0.950228 | trade:0.35 call:0.55 put:0.45 | ATM:0.68 OTM:0.32 | lr: 1.07e-05 | left: 12s
step 13250 ( 95.1%) | loss: 0.949044 | trade:0.36 call:0.63 put:0.37 | ATM:0.61 OTM:0.39 | lr: 9.85e-06 | left: 12s
step 13300 ( 95.3%) | loss: 0.947944 | trade:0.39 call:0.63 put:0.37 | ATM:0.64 OTM:0.36 | lr: 8.94e-06 | left: 11s
step 13350 ( 95.5%) | loss: 0.959471 | trade:0.36 call:0.62 put:0.38 | ATM:0.60 OTM:0.40 | lr: 8.05e-06 | left: 11s
step 13400 ( 95.8%) | loss: 0.930386 | trade:0.35 call:0.61 put:0.39 | ATM:0.67 OTM:0.33 | lr: 7.25e-06 | left: 10s
step 13450 ( 96.0%) | loss: 0.947280 | trade:0.33 call:0.57 put:0.43 | ATM:0.64 OTM:0.36 | lr: 6.49e-06 | left: 10s
step 13500 ( 96.4%) | loss: 0.964619 | trade:0.34 call:0.64 put:0.36 | ATM:0.62 OTM:0.38 | lr: 5.23e-06 | left: 9s
step 13550 ( 97.0%) | loss: 0.966024 | trade:0.35 call:0.60 put:0.40 | ATM:0.63 OTM:0.37 | lr: 3.74e-06 | left: 7s
step 13600 ( 97.5%) | loss: 0.949937 | trade:0.34 call:0.59 put:0.41 | ATM:0.66 OTM:0.34 | lr: 2.48e-06 | left: 6s
step 13650 ( 98.1%) | loss: 0.979083 | trade:0.30 call:0.51 put:0.49 | ATM:0.65 OTM:0.35 | lr: 1.45e-06 | left: 4s
step 13700 ( 98.7%) | loss: 0.952202 | trade:0.28 call:0.57 put:0.43 | ATM:0.67 OTM:0.33 | lr: 6.87e-07 | left: 3s
step 13750 ( 99.3%) | loss: 0.950803 | trade:0.32 call:0.59 put:0.41 | ATM:0.63 OTM:0.37 | lr: 2.23e-07 | left: 2s
step 13800 ( 99.6%) | loss: 0.951016 | trade:0.34 call:0.55 put:0.45 | ATM:0.62 OTM:0.38 | lr: 7.18e-08 | left: 1s

Training done at 245s. Starting evaluation...
Evaluation done in 7s (total wall: 252s)
Model saved to /root/best_model.pt
Trade log: 94 trades -> /root/trade_log.csv

---
score:              0.219842
profit_factor:      2.285093
win_rate:           0.382979
avg_winner:         0.813869
avg_loser:          -0.221067
trades_per_day:     1.446154
max_consec_loss:    10
num_trades:         94
trade_sharpe:       3.428432
sortino:            31.836164
max_drawdown:       -2.733606
calmar:             6.027698
ev_per_trade:       0.175291
do_nothing_pct:     0.592152
exit_pct:           0.013901
model_exit_count:   62
cooldown_blocked:   133
pre_10am_blocked:   589
short_hold_pct:     0.234000
stop_loss_rate:     0.330000
direction_collapse_pct: 0.329800
avg_entry_cost_bps: 365.258200
avg_entry_quality:  0.743000
cost_realism_coverage: 1.010600
high_cost_entry_rate: 0.489400
low_quality_entry_rate: 0.000000
actionable_bar_rate: 0.829100
risk_off_bar_rate:  0.000000
final_capital:      12404.26
equity_sharpe:      1.264100
max_equity_dd:      -0.273500
total_dollar_return:0.240400
val_sharpe:         1.715025
total_return:       16.477354
num_val_bars:       4460
num_val_days:       65
worst_chunk_pf:     0.49
rr_ratio:           3.6815
avg_hold_bars:      11.66
model_exit_rate:    0.6596
hit_ruin:           False
min_equity_frac:    0.8933
avg_risk_fraction:  0.0908
max_risk_fraction:  0.3463
trades_blocked_by_balance: 0
  Chunk 1: 2025-02-18..2025-05-12 | 15 trades | PF=3.36 | WR=26.7%
  Chunk 2: 2025-05-14..2025-07-07 | 13 trades | PF=0.49 | WR=46.2%
  Chunk 3: 2025-07-18..2025-09-09 | 12 trades | PF=1.41 | WR=58.3%
  Chunk 4: 2025-09-10..2025-10-31 | 22 trades | PF=3.93 | WR=40.9%
  Chunk 5: 2025-11-03..2026-03-12 | 32 trades | PF=2.00 | WR=31.2%
training_seconds:   240.0
total_seconds:      253.7
peak_vram_mb:       357.0
num_steps:          13838
num_params:         146,266
lookback:           120
depth:              3
d_model:            64
effective_lr:       0.00015
gate_label_smoothing:0.050000
dir_label_smoothing:0.050000
false_entry_penalty:2.000000
/opt/conda/lib/python3.11/site-packages/torch/nn/modules/transformer.py:379: UserWarning: enable_nested_tensor is True, but self.use_nested_tensor is False because encoder_layer.norm_first was True
  warnings.warn(
