Loading data from: /root/.cache/autoresearch-trading/features/data.pt
Loaded 384870 1-min bars, 32 features, 8 actions
  ~986 trading days
Training:   up to idx 269189
Validation: idx 269190-384869
  Option P&L coverage: 297877/384870 (77%)
Parameters: 145,064
Architecture: v4 simplified two-head (gate+dir), ATM-biased, no ETV
Training from scratch (v4: no warm-start).
Day-sequential batching: 70% sequential, 30% random (batch=16)

Budget: 240s | Batch: 128 | Lookback: 120
LR: 0.0002 | Depth: 3 | d_model: 64 | ff_mult: 3
Dropout: 0.15 | Weight decay: 0.05
Gradient accumulation: 2 steps
False entry penalty: 2.0x
Label smoothing: gate=0.05 dir=0.05
Loss weights: gate=2.0, dir=1.0, pnl=0.3, exit=0.5
EV gate scale: 10.0

step 00000 (  0.0%) | loss: 0.000000 | trade:0.39 call:0.53 put:0.47 | ATM:0.41 OTM:0.59 [seq] | lr: 0.00e+00 | left: 240s
step 00050 (  0.2%) | loss: 1.159602 | trade:0.33 call:0.49 put:0.51 | ATM:0.42 OTM:0.58 [seq] | lr: 3.15e-06 | left: 239s
step 00100 (  0.7%) | loss: 1.509180 | trade:0.48 call:0.47 put:0.53 | ATM:0.45 OTM:0.55 [seq] | lr: 8.84e-06 | left: 238s
step 00150 (  1.1%) | loss: 1.300298 | trade:0.48 call:0.43 put:0.57 | ATM:0.42 OTM:0.58 [seq] | lr: 1.42e-05 | left: 237s
step 00200 (  1.4%) | loss: 1.042811 | trade:0.46 call:0.51 put:0.49 | ATM:0.47 OTM:0.53 [seq] | lr: 1.93e-05 | left: 237s
step 00250 (  1.9%) | loss: 0.761475 | trade:0.51 call:0.48 put:0.52 | ATM:0.46 OTM:0.54 [seq] | lr: 2.47e-05 | left: 236s
step 00300 (  2.2%) | loss: 1.262569 | trade:0.50 call:0.53 put:0.47 | ATM:0.44 OTM:0.56 [seq] | lr: 2.96e-05 | left: 235s
step 00350 (  2.6%) | loss: 1.291080 | trade:0.51 call:0.52 put:0.48 | ATM:0.44 OTM:0.56 [rnd] | lr: 3.48e-05 | left: 234s
step 00400 (  3.0%) | loss: 1.329477 | trade:0.41 call:0.49 put:0.51 | ATM:0.45 OTM:0.55 [seq] | lr: 4.04e-05 | left: 233s
step 00450 (  3.4%) | loss: 1.897020 | trade:0.51 call:0.64 put:0.36 | ATM:0.45 OTM:0.55 [seq] | lr: 4.58e-05 | left: 232s
step 00500 (  3.8%) | loss: 0.931188 | trade:0.34 call:0.61 put:0.39 | ATM:0.50 OTM:0.50 [seq] | lr: 5.10e-05 | left: 231s
step 00550 (  4.2%) | loss: 1.125686 | trade:0.31 call:0.59 put:0.41 | ATM:0.49 OTM:0.51 [seq] | lr: 5.62e-05 | left: 230s
step 00600 (  4.6%) | loss: 0.823352 | trade:0.66 call:0.84 put:0.16 | ATM:0.55 OTM:0.45 [seq] | lr: 6.15e-05 | left: 229s
step 00650 (  5.0%) | loss: 1.098489 | trade:0.54 call:0.82 put:0.18 | ATM:0.51 OTM:0.49 [seq] | lr: 6.67e-05 | left: 228s
step 00700 (  5.4%) | loss: 1.309826 | trade:0.16 call:0.53 put:0.47 | ATM:0.43 OTM:0.57 [seq] | lr: 7.24e-05 | left: 227s
step 00750 (  5.9%) | loss: 2.565979 | trade:0.49 call:0.55 put:0.45 | ATM:0.45 OTM:0.55 [seq] | lr: 7.83e-05 | left: 226s
step 00800 (  6.3%) | loss: 1.046098 | trade:0.80 call:0.63 put:0.37 | ATM:0.46 OTM:0.54 [seq] | lr: 8.35e-05 | left: 225s
step 00850 (  6.6%) | loss: 0.422212 | trade:0.86 call:0.56 put:0.44 | ATM:0.41 OTM:0.59 [seq] | lr: 8.84e-05 | left: 224s
step 00900 (  7.0%) | loss: 0.750150 | trade:0.71 call:0.88 put:0.12 | ATM:0.58 OTM:0.42 [seq] | lr: 9.35e-05 | left: 223s
step 00950 (  7.4%) | loss: 0.489192 | trade:0.15 call:0.83 put:0.17 | ATM:0.55 OTM:0.45 [seq] | lr: 9.84e-05 | left: 222s
step 01000 (  7.8%) | loss: 0.850288 | trade:0.39 call:0.74 put:0.26 | ATM:0.49 OTM:0.51 [rnd] | lr: 1.04e-04 | left: 221s
step 01050 (  8.2%) | loss: 0.590613 | trade:0.25 call:0.76 put:0.24 | ATM:0.43 OTM:0.57 [seq] | lr: 1.09e-04 | left: 220s
step 01100 (  8.5%) | loss: 0.547185 | trade:0.51 call:0.85 put:0.15 | ATM:0.49 OTM:0.51 [seq] | lr: 1.14e-04 | left: 220s
step 01150 (  8.9%) | loss: 0.582801 | trade:0.25 call:0.94 put:0.06 | ATM:0.56 OTM:0.44 [seq] | lr: 1.19e-04 | left: 219s
step 01200 (  9.3%) | loss: 0.888008 | trade:0.32 call:0.76 put:0.24 | ATM:0.51 OTM:0.49 [rnd] | lr: 1.24e-04 | left: 218s
step 01250 (  9.7%) | loss: 0.844234 | trade:0.37 call:0.74 put:0.26 | ATM:0.51 OTM:0.49 [rnd] | lr: 1.29e-04 | left: 217s
step 01300 ( 10.0%) | loss: 0.397497 | trade:0.07 call:0.79 put:0.21 | ATM:0.63 OTM:0.37 [seq] | lr: 1.34e-04 | left: 216s
step 01350 ( 10.4%) | loss: 0.546633 | trade:0.30 call:0.75 put:0.25 | ATM:0.54 OTM:0.46 [rnd] | lr: 1.39e-04 | left: 215s
step 01400 ( 10.8%) | loss: 0.611672 | trade:0.31 call:0.70 put:0.30 | ATM:0.54 OTM:0.46 [rnd] | lr: 1.44e-04 | left: 214s
step 01450 ( 11.2%) | loss: 0.828102 | trade:0.38 call:0.75 put:0.25 | ATM:0.54 OTM:0.46 [rnd] | lr: 1.49e-04 | left: 213s
step 01500 ( 11.6%) | loss: 0.534573 | trade:0.09 call:0.84 put:0.16 | ATM:0.66 OTM:0.34 [seq] | lr: 1.54e-04 | left: 212s
step 01550 ( 11.9%) | loss: 0.264104 | trade:0.10 call:0.47 put:0.53 | ATM:0.60 OTM:0.40 [seq] | lr: 1.59e-04 | left: 211s
step 01600 ( 12.3%) | loss: 0.773323 | trade:0.35 call:0.72 put:0.28 | ATM:0.57 OTM:0.43 [rnd] | lr: 1.64e-04 | left: 210s
step 01650 ( 12.7%) | loss: 0.549859 | trade:0.93 call:0.13 put:0.87 | ATM:0.65 OTM:0.35 [seq] | lr: 1.69e-04 | left: 209s
step 01700 ( 13.1%) | loss: 0.507539 | trade:0.03 call:0.91 put:0.09 | ATM:0.73 OTM:0.27 [seq] | lr: 1.75e-04 | left: 209s
step 01750 ( 13.5%) | loss: 0.247212 | trade:0.71 call:0.96 put:0.04 | ATM:0.71 OTM:0.29 [seq] | lr: 1.80e-04 | left: 208s
step 01800 ( 13.9%) | loss: 0.498452 | trade:0.02 call:0.77 put:0.23 | ATM:0.69 OTM:0.31 [seq] | lr: 1.85e-04 | left: 207s
step 01850 ( 14.3%) | loss: 0.598229 | trade:0.03 call:0.90 put:0.10 | ATM:0.75 OTM:0.25 [seq] | lr: 1.90e-04 | left: 206s
step 01900 ( 14.6%) | loss: 0.483704 | trade:0.17 call:0.92 put:0.08 | ATM:0.78 OTM:0.22 [seq] | lr: 1.95e-04 | left: 205s
step 01950 ( 15.0%) | loss: 0.270083 | trade:0.02 call:0.87 put:0.13 | ATM:0.80 OTM:0.20 [seq] | lr: 2.00e-04 | left: 204s
step 02000 ( 15.4%) | loss: 0.547745 | trade:0.33 call:0.79 put:0.21 | ATM:0.67 OTM:0.33 [seq] | lr: 2.00e-04 | left: 203s
step 02050 ( 15.8%) | loss: 1.308046 | trade:0.37 call:0.71 put:0.29 | ATM:0.62 OTM:0.38 [rnd] | lr: 2.00e-04 | left: 202s
step 02100 ( 16.3%) | loss: 0.760664 | trade:0.34 call:0.75 put:0.25 | ATM:0.63 OTM:0.37 [rnd] | lr: 2.00e-04 | left: 201s
step 02150 ( 16.6%) | loss: 0.581552 | trade:0.30 call:0.74 put:0.26 | ATM:0.65 OTM:0.35 [rnd] | lr: 2.00e-04 | left: 200s
step 02200 ( 17.0%) | loss: 0.459987 | trade:0.35 call:0.68 put:0.32 | ATM:0.63 OTM:0.37 [rnd] | lr: 2.00e-04 | left: 199s
step 02250 ( 17.4%) | loss: 0.372258 | trade:0.26 call:0.99 put:0.01 | ATM:0.69 OTM:0.31 [seq] | lr: 2.00e-04 | left: 198s
step 02300 ( 17.8%) | loss: 0.645200 | trade:0.29 call:0.66 put:0.34 | ATM:0.67 OTM:0.33 [rnd] | lr: 2.00e-04 | left: 197s
step 02350 ( 18.2%) | loss: 0.500739 | trade:0.80 call:0.05 put:0.95 | ATM:0.84 OTM:0.16 [seq] | lr: 2.00e-04 | left: 196s
step 02400 ( 18.5%) | loss: 0.579658 | trade:0.02 call:0.48 put:0.52 | ATM:0.70 OTM:0.30 [seq] | lr: 2.00e-04 | left: 195s
step 02450 ( 18.9%) | loss: 0.604175 | trade:0.31 call:0.71 put:0.29 | ATM:0.65 OTM:0.35 [rnd] | lr: 2.00e-04 | left: 195s
step 02500 ( 19.3%) | loss: 0.460377 | trade:0.02 call:0.92 put:0.08 | ATM:0.89 OTM:0.11 [seq] | lr: 2.00e-04 | left: 194s
step 02550 ( 19.7%) | loss: 0.321740 | trade:0.01 call:0.85 put:0.15 | ATM:0.84 OTM:0.16 [seq] | lr: 2.00e-04 | left: 193s
step 02600 ( 20.1%) | loss: 0.318773 | trade:0.01 call:0.42 put:0.58 | ATM:0.74 OTM:0.26 [seq] | lr: 2.00e-04 | left: 192s
step 02650 ( 20.4%) | loss: 0.310238 | trade:0.75 call:0.09 put:0.91 | ATM:0.64 OTM:0.36 [seq] | lr: 2.00e-04 | left: 191s
step 02700 ( 20.8%) | loss: 0.357321 | trade:0.30 call:0.72 put:0.28 | ATM:0.65 OTM:0.35 [rnd] | lr: 2.00e-04 | left: 190s
step 02750 ( 21.2%) | loss: 0.512820 | trade:0.77 call:0.97 put:0.03 | ATM:0.36 OTM:0.64 [seq] | lr: 2.00e-04 | left: 189s
step 02800 ( 21.6%) | loss: 1.042196 | trade:0.41 call:0.44 put:0.56 | ATM:0.82 OTM:0.18 [seq] | lr: 2.00e-04 | left: 188s
step 02850 ( 22.0%) | loss: 0.497463 | trade:0.02 call:0.53 put:0.47 | ATM:0.49 OTM:0.51 [seq] | lr: 2.00e-04 | left: 187s
step 02900 ( 22.4%) | loss: 0.393413 | trade:0.01 call:0.76 put:0.24 | ATM:0.77 OTM:0.23 [seq] | lr: 2.00e-04 | left: 186s
step 02950 ( 22.8%) | loss: 0.542743 | trade:0.31 call:0.70 put:0.30 | ATM:0.65 OTM:0.35 [rnd] | lr: 2.00e-04 | left: 185s
step 03000 ( 23.2%) | loss: 0.523104 | trade:0.04 call:0.58 put:0.42 | ATM:0.71 OTM:0.29 [seq] | lr: 2.00e-04 | left: 184s
step 03050 ( 23.6%) | loss: 0.528333 | trade:0.11 call:0.89 put:0.11 | ATM:0.77 OTM:0.23 [seq] | lr: 2.00e-04 | left: 183s
step 03100 ( 24.1%) | loss: 0.586691 | trade:0.50 call:0.63 put:0.37 | ATM:0.51 OTM:0.49 [seq] | lr: 2.00e-04 | left: 182s
step 03150 ( 24.5%) | loss: 0.511923 | trade:0.33 call:0.75 put:0.25 | ATM:0.65 OTM:0.35 [rnd] | lr: 2.00e-04 | left: 181s
step 03200 ( 24.8%) | loss: 0.448636 | trade:0.97 call:0.99 put:0.01 | ATM:0.25 OTM:0.75 [seq] | lr: 2.00e-04 | left: 180s
step 03250 ( 25.2%) | loss: 0.556084 | trade:0.32 call:0.02 put:0.98 | ATM:0.97 OTM:0.03 [seq] | lr: 2.00e-04 | left: 179s
step 03300 ( 25.6%) | loss: 0.592203 | trade:0.34 call:0.69 put:0.31 | ATM:0.63 OTM:0.37 [rnd] | lr: 2.00e-04 | left: 179s
step 03350 ( 26.0%) | loss: 0.405626 | trade:0.27 call:0.76 put:0.24 | ATM:0.65 OTM:0.35 [rnd] | lr: 2.00e-04 | left: 178s
step 03400 ( 26.4%) | loss: 0.428876 | trade:0.30 call:0.79 put:0.21 | ATM:0.66 OTM:0.34 [rnd] | lr: 2.00e-04 | left: 177s
step 03450 ( 26.7%) | loss: 0.408448 | trade:0.34 call:0.69 put:0.31 | ATM:0.66 OTM:0.34 [rnd] | lr: 2.00e-04 | left: 176s
step 03500 ( 27.1%) | loss: 0.323150 | trade:0.04 call:0.30 put:0.70 | ATM:0.89 OTM:0.11 [seq] | lr: 2.00e-04 | left: 175s
step 03550 ( 27.5%) | loss: 0.551488 | trade:0.04 call:0.18 put:0.82 | ATM:0.87 OTM:0.13 [seq] | lr: 2.00e-04 | left: 174s
step 03600 ( 27.9%) | loss: 0.840031 | trade:0.29 call:0.72 put:0.28 | ATM:0.69 OTM:0.31 [rnd] | lr: 2.00e-04 | left: 173s
step 03650 ( 28.3%) | loss: 0.605494 | trade:0.31 call:0.78 put:0.22 | ATM:0.62 OTM:0.38 [rnd] | lr: 2.00e-04 | left: 172s
step 03700 ( 28.7%) | loss: 0.520584 | trade:0.31 call:0.76 put:0.24 | ATM:0.64 OTM:0.36 [rnd] | lr: 2.00e-04 | left: 171s
step 03750 ( 29.0%) | loss: 0.450917 | trade:0.02 call:0.81 put:0.19 | ATM:0.68 OTM:0.32 [seq] | lr: 2.00e-04 | left: 170s
step 03800 ( 29.4%) | loss: 0.499336 | trade:0.29 call:0.70 put:0.30 | ATM:0.66 OTM:0.34 [rnd] | lr: 2.00e-04 | left: 169s
step 03850 ( 29.8%) | loss: 0.450154 | trade:0.01 call:0.89 put:0.11 | ATM:0.82 OTM:0.18 [seq] | lr: 2.00e-04 | left: 168s
step 03900 ( 30.2%) | loss: 0.398938 | trade:0.97 call:0.01 put:0.99 | ATM:0.39 OTM:0.61 [seq] | lr: 2.00e-04 | left: 168s
step 03950 ( 30.6%) | loss: 0.694723 | trade:0.28 call:0.68 put:0.32 | ATM:0.66 OTM:0.34 [rnd] | lr: 2.00e-04 | left: 167s
step 04000 ( 31.0%) | loss: 0.575383 | trade:0.38 call:0.76 put:0.24 | ATM:0.63 OTM:0.37 [rnd] | lr: 2.00e-04 | left: 166s
step 04050 ( 31.4%) | loss: 0.458277 | trade:0.28 call:0.88 put:0.12 | ATM:0.82 OTM:0.18 [seq] | lr: 2.00e-04 | left: 165s
step 04100 ( 31.8%) | loss: 0.438695 | trade:0.33 call:0.72 put:0.28 | ATM:0.64 OTM:0.36 [rnd] | lr: 2.00e-04 | left: 164s
step 04150 ( 32.2%) | loss: 0.368456 | trade:0.06 call:0.90 put:0.10 | ATM:0.70 OTM:0.30 [seq] | lr: 2.00e-04 | left: 163s
step 04200 ( 32.6%) | loss: 0.826898 | trade:0.32 call:0.75 put:0.25 | ATM:0.65 OTM:0.35 [rnd] | lr: 2.00e-04 | left: 162s
step 04250 ( 33.0%) | loss: 0.479222 | trade:0.34 call:0.74 put:0.26 | ATM:0.61 OTM:0.39 [rnd] | lr: 2.00e-04 | left: 161s
step 04300 ( 33.3%) | loss: 0.382649 | trade:0.85 call:0.98 put:0.02 | ATM:0.54 OTM:0.46 [seq] | lr: 2.00e-04 | left: 160s
step 04350 ( 33.7%) | loss: 0.324425 | trade:0.06 call:0.67 put:0.33 | ATM:0.45 OTM:0.55 [seq] | lr: 2.00e-04 | left: 159s
step 04400 ( 34.1%) | loss: 0.298122 | trade:0.03 call:0.82 put:0.18 | ATM:0.66 OTM:0.34 [seq] | lr: 2.00e-04 | left: 158s
step 04450 ( 34.5%) | loss: 0.377504 | trade:0.02 call:0.68 put:0.32 | ATM:0.57 OTM:0.43 [seq] | lr: 2.00e-04 | left: 157s
step 04500 ( 34.8%) | loss: 0.587300 | trade:0.36 call:0.73 put:0.27 | ATM:0.61 OTM:0.39 [rnd] | lr: 2.00e-04 | left: 157s
step 04550 ( 35.0%) | loss: 0.626728 | trade:0.36 call:0.76 put:0.24 | ATM:0.63 OTM:0.37 [rnd] | lr: 2.00e-04 | left: 156s
step 04600 ( 35.4%) | loss: 0.572709 | trade:0.85 call:0.02 put:0.98 | ATM:0.69 OTM:0.31 [seq] | lr: 2.00e-04 | left: 155s
step 04650 ( 35.8%) | loss: 0.528293 | trade:0.33 call:0.75 put:0.25 | ATM:0.62 OTM:0.38 [rnd] | lr: 2.00e-04 | left: 154s
step 04700 ( 36.2%) | loss: 0.596892 | trade:0.03 call:0.91 put:0.09 | ATM:0.88 OTM:0.12 [seq] | lr: 2.00e-04 | left: 153s
step 04750 ( 36.6%) | loss: 0.660030 | trade:0.32 call:0.79 put:0.21 | ATM:0.61 OTM:0.39 [rnd] | lr: 2.00e-04 | left: 152s
step 04800 ( 36.9%) | loss: 0.431893 | trade:0.64 call:0.81 put:0.19 | ATM:0.35 OTM:0.65 [seq] | lr: 2.00e-04 | left: 151s
step 04850 ( 37.3%) | loss: 0.619448 | trade:0.48 call:0.94 put:0.06 | ATM:0.55 OTM:0.45 [seq] | lr: 2.00e-04 | left: 150s
step 04900 ( 37.8%) | loss: 0.553135 | trade:0.45 call:0.90 put:0.10 | ATM:0.66 OTM:0.34 [seq] | lr: 2.00e-04 | left: 149s
step 04950 ( 38.1%) | loss: 0.296191 | trade:0.21 call:0.92 put:0.08 | ATM:0.87 OTM:0.13 [seq] | lr: 2.00e-04 | left: 148s
step 05000 ( 38.5%) | loss: 0.448061 | trade:0.16 call:0.76 put:0.24 | ATM:0.61 OTM:0.39 [seq] | lr: 2.00e-04 | left: 148s
step 05050 ( 38.9%) | loss: 0.476952 | trade:0.35 call:0.94 put:0.06 | ATM:0.89 OTM:0.11 [seq] | lr: 2.00e-04 | left: 147s
step 05100 ( 39.1%) | loss: 0.331031 | trade:0.04 call:0.80 put:0.20 | ATM:0.75 OTM:0.25 [seq] | lr: 2.00e-04 | left: 146s
step 05150 ( 39.3%) | loss: 0.477738 | trade:0.63 call:0.63 put:0.37 | ATM:0.44 OTM:0.56 [seq] | lr: 2.00e-04 | left: 146s
step 05200 ( 39.5%) | loss: 0.439163 | trade:0.03 call:0.77 put:0.23 | ATM:0.73 OTM:0.27 [seq] | lr: 2.00e-04 | left: 145s
step 05250 ( 39.7%) | loss: 0.480419 | trade:0.01 call:0.83 put:0.17 | ATM:0.79 OTM:0.21 [seq] | lr: 2.00e-04 | left: 145s
step 05300 ( 39.8%) | loss: 0.426167 | trade:0.01 call:0.98 put:0.02 | ATM:0.88 OTM:0.12 [seq] | lr: 2.00e-04 | left: 144s
step 05350 ( 40.0%) | loss: 0.437311 | trade:0.88 call:1.00 put:0.00 | ATM:0.35 OTM:0.65 [seq] | lr: 2.00e-04 | left: 144s
step 05400 ( 40.2%) | loss: 0.593295 | trade:0.34 call:0.70 put:0.30 | ATM:0.63 OTM:0.37 [rnd] | lr: 2.00e-04 | left: 143s
step 05450 ( 40.4%) | loss: 0.446510 | trade:0.97 call:1.00 put:0.00 | ATM:0.23 OTM:0.77 [seq] | lr: 2.00e-04 | left: 143s
step 05500 ( 40.5%) | loss: 0.528281 | trade:0.34 call:0.77 put:0.23 | ATM:0.61 OTM:0.39 [rnd] | lr: 2.00e-04 | left: 143s
step 05550 ( 40.7%) | loss: 0.580147 | trade:0.93 call:0.99 put:0.01 | ATM:0.20 OTM:0.80 [seq] | lr: 2.00e-04 | left: 142s
step 05600 ( 40.9%) | loss: 0.235836 | trade:0.77 call:1.00 put:0.00 | ATM:0.30 OTM:0.70 [seq] | lr: 2.00e-04 | left: 142s
step 05650 ( 41.1%) | loss: 0.311093 | trade:0.02 call:0.70 put:0.30 | ATM:0.40 OTM:0.60 [seq] | lr: 2.00e-04 | left: 141s
step 05700 ( 41.3%) | loss: 1.380234 | trade:0.27 call:0.73 put:0.27 | ATM:0.62 OTM:0.38 [rnd] | lr: 2.00e-04 | left: 141s
step 05750 ( 41.5%) | loss: 1.456522 | trade:0.95 call:0.96 put:0.04 | ATM:0.46 OTM:0.54 [seq] | lr: 2.00e-04 | left: 140s
step 05800 ( 41.7%) | loss: 0.623173 | trade:0.35 call:0.76 put:0.24 | ATM:0.60 OTM:0.40 [rnd] | lr: 2.00e-04 | left: 140s
step 05850 ( 41.8%) | loss: 0.546706 | trade:0.04 call:0.92 put:0.08 | ATM:0.88 OTM:0.12 [seq] | lr: 2.00e-04 | left: 140s
step 05900 ( 42.1%) | loss: 1.898625 | trade:0.80 call:0.96 put:0.04 | ATM:0.39 OTM:0.61 [seq] | lr: 2.00e-04 | left: 139s
step 05950 ( 42.2%) | loss: 0.921860 | trade:0.97 call:1.00 put:0.00 | ATM:0.14 OTM:0.86 [seq] | lr: 2.00e-04 | left: 139s
step 06000 ( 42.4%) | loss: 0.557673 | trade:0.25 call:0.71 put:0.29 | ATM:0.67 OTM:0.33 [rnd] | lr: 2.00e-04 | left: 138s
step 06050 ( 42.6%) | loss: 0.629176 | trade:0.55 call:0.90 put:0.10 | ATM:0.89 OTM:0.11 [seq] | lr: 2.00e-04 | left: 138s
step 06100 ( 42.8%) | loss: 0.800776 | trade:0.50 call:0.80 put:0.20 | ATM:0.55 OTM:0.45 [seq] | lr: 2.00e-04 | left: 137s
step 06150 ( 42.9%) | loss: 0.692987 | trade:0.29 call:0.76 put:0.24 | ATM:0.62 OTM:0.38 [rnd] | lr: 2.00e-04 | left: 137s
step 06200 ( 43.1%) | loss: 0.648710 | trade:0.94 call:0.00 put:1.00 | ATM:0.80 OTM:0.20 [seq] | lr: 2.00e-04 | left: 137s
step 06250 ( 43.3%) | loss: 0.528319 | trade:0.93 call:0.03 put:0.97 | ATM:0.69 OTM:0.31 [seq] | lr: 2.00e-04 | left: 136s
step 06300 ( 43.4%) | loss: 0.431654 | trade:0.01 call:0.92 put:0.08 | ATM:0.86 OTM:0.14 [seq] | lr: 2.00e-04 | left: 136s
step 06350 ( 43.6%) | loss: 1.547549 | trade:0.93 call:1.00 put:0.00 | ATM:0.21 OTM:0.79 [seq] | lr: 2.00e-04 | left: 135s
step 06400 ( 43.8%) | loss: 1.931613 | trade:0.92 call:1.00 put:0.00 | ATM:0.24 OTM:0.76 [seq] | lr: 2.00e-04 | left: 135s
step 06450 ( 44.1%) | loss: 2.145131 | trade:0.82 call:0.98 put:0.02 | ATM:0.28 OTM:0.72 [seq] | lr: 2.00e-04 | left: 134s
step 06500 ( 44.4%) | loss: 0.596334 | trade:0.04 call:0.71 put:0.29 | ATM:0.40 OTM:0.60 [seq] | lr: 2.00e-04 | left: 133s
step 06550 ( 44.9%) | loss: 0.626378 | trade:0.18 call:0.80 put:0.20 | ATM:0.78 OTM:0.22 [seq] | lr: 2.00e-04 | left: 132s
step 06600 ( 45.2%) | loss: 0.480656 | trade:0.98 call:0.01 put:0.99 | ATM:0.69 OTM:0.31 [seq] | lr: 2.00e-04 | left: 131s
step 06650 ( 45.5%) | loss: 0.393526 | trade:0.87 call:0.06 put:0.94 | ATM:0.53 OTM:0.47 [seq] | lr: 2.00e-04 | left: 131s
step 06700 ( 45.9%) | loss: 0.374565 | trade:0.61 call:0.95 put:0.05 | ATM:0.84 OTM:0.16 [seq] | lr: 2.00e-04 | left: 130s
step 06750 ( 46.3%) | loss: 0.475259 | trade:0.17 call:0.96 put:0.04 | ATM:0.90 OTM:0.10 [seq] | lr: 2.00e-04 | left: 129s
step 06800 ( 46.7%) | loss: 0.554084 | trade:0.01 call:0.61 put:0.39 | ATM:0.74 OTM:0.26 [seq] | lr: 2.00e-04 | left: 128s
step 06850 ( 46.9%) | loss: 0.466656 | trade:0.01 call:0.44 put:0.56 | ATM:0.61 OTM:0.39 [seq] | lr: 2.00e-04 | left: 127s
step 06900 ( 47.1%) | loss: 0.212215 | trade:0.85 call:0.03 put:0.97 | ATM:0.77 OTM:0.23 [seq] | lr: 2.00e-04 | left: 127s
step 06950 ( 47.3%) | loss: 0.502914 | trade:0.34 call:0.73 put:0.27 | ATM:0.65 OTM:0.35 [rnd] | lr: 2.00e-04 | left: 126s
step 07000 ( 47.5%) | loss: 0.257350 | trade:0.97 call:0.99 put:0.01 | ATM:0.38 OTM:0.62 [seq] | lr: 2.00e-04 | left: 126s
step 07050 ( 47.7%) | loss: 0.403028 | trade:0.96 call:0.99 put:0.01 | ATM:0.20 OTM:0.80 [seq] | lr: 2.00e-04 | left: 126s
step 07100 ( 47.8%) | loss: 0.388393 | trade:0.96 call:0.99 put:0.01 | ATM:0.22 OTM:0.78 [seq] | lr: 2.00e-04 | left: 125s
step 07150 ( 48.0%) | loss: 1.538033 | trade:0.32 call:0.77 put:0.23 | ATM:0.60 OTM:0.40 [rnd] | lr: 2.00e-04 | left: 125s
step 07200 ( 48.2%) | loss: 0.521249 | trade:0.92 call:0.99 put:0.01 | ATM:0.27 OTM:0.73 [seq] | lr: 2.00e-04 | left: 124s
step 07250 ( 48.3%) | loss: 0.402841 | trade:0.26 call:0.78 put:0.22 | ATM:0.63 OTM:0.37 [rnd] | lr: 2.00e-04 | left: 124s
step 07300 ( 48.5%) | loss: 0.403279 | trade:0.03 call:0.97 put:0.03 | ATM:0.96 OTM:0.04 [seq] | lr: 2.00e-04 | left: 124s
step 07350 ( 48.6%) | loss: 0.412645 | trade:0.01 call:0.71 put:0.29 | ATM:0.60 OTM:0.40 [seq] | lr: 2.00e-04 | left: 123s
step 07400 ( 48.8%) | loss: 0.465115 | trade:0.28 call:0.71 put:0.29 | ATM:0.61 OTM:0.39 [rnd] | lr: 2.00e-04 | left: 123s
step 07450 ( 48.9%) | loss: 0.419834 | trade:0.29 call:0.72 put:0.28 | ATM:0.63 OTM:0.37 [rnd] | lr: 2.00e-04 | left: 123s
step 07500 ( 49.1%) | loss: 0.369422 | trade:0.01 call:0.71 put:0.29 | ATM:0.71 OTM:0.29 [seq] | lr: 2.00e-04 | left: 122s
step 07550 ( 49.2%) | loss: 0.420777 | trade:0.01 call:0.54 put:0.46 | ATM:0.70 OTM:0.30 [seq] | lr: 2.00e-04 | left: 122s
step 07600 ( 49.4%) | loss: 0.291233 | trade:0.02 call:0.84 put:0.16 | ATM:0.78 OTM:0.22 [seq] | lr: 2.00e-04 | left: 121s
step 07650 ( 49.6%) | loss: 0.497910 | trade:0.34 call:0.74 put:0.26 | ATM:0.62 OTM:0.38 [rnd] | lr: 2.00e-04 | left: 121s
step 07700 ( 49.7%) | loss: 0.367369 | trade:0.37 call:0.74 put:0.26 | ATM:0.57 OTM:0.43 [rnd] | lr: 2.00e-04 | left: 121s
step 07750 ( 49.9%) | loss: 0.370457 | trade:0.02 call:0.46 put:0.54 | ATM:0.67 OTM:0.33 [seq] | lr: 2.00e-04 | left: 120s
step 07800 ( 50.0%) | loss: 0.368350 | trade:0.40 call:0.74 put:0.26 | ATM:0.59 OTM:0.41 [rnd] | lr: 2.00e-04 | left: 120s
step 07850 ( 50.2%) | loss: 0.440426 | trade:0.01 call:0.59 put:0.41 | ATM:0.54 OTM:0.46 [seq] | lr: 2.00e-04 | left: 120s
step 07900 ( 50.4%) | loss: 0.538857 | trade:0.02 call:0.91 put:0.09 | ATM:0.87 OTM:0.13 [seq] | lr: 2.00e-04 | left: 119s
step 07950 ( 50.6%) | loss: 0.298899 | trade:0.37 call:0.72 put:0.28 | ATM:0.55 OTM:0.45 [rnd] | lr: 2.00e-04 | left: 118s
step 08000 ( 50.9%) | loss: 0.371639 | trade:0.92 call:0.01 put:0.99 | ATM:0.69 OTM:0.31 [seq] | lr: 2.00e-04 | left: 118s
step 08050 ( 51.1%) | loss: 0.515270 | trade:0.21 call:0.83 put:0.17 | ATM:0.68 OTM:0.32 [seq] | lr: 2.00e-04 | left: 117s
step 08100 ( 51.3%) | loss: 0.662737 | trade:0.32 call:0.79 put:0.21 | ATM:0.60 OTM:0.40 [rnd] | lr: 2.00e-04 | left: 117s
step 08150 ( 51.5%) | loss: 0.548654 | trade:0.34 call:0.69 put:0.31 | ATM:0.55 OTM:0.45 [seq] | lr: 2.00e-04 | left: 116s
step 08200 ( 51.7%) | loss: 0.656746 | trade:0.05 call:0.67 put:0.33 | ATM:0.56 OTM:0.44 [seq] | lr: 2.00e-04 | left: 116s
step 08250 ( 51.9%) | loss: 0.435065 | trade:0.03 call:0.84 put:0.16 | ATM:0.68 OTM:0.32 [seq] | lr: 2.00e-04 | left: 116s
step 08300 ( 52.0%) | loss: 0.584450 | trade:0.29 call:0.73 put:0.27 | ATM:0.60 OTM:0.40 [rnd] | lr: 2.00e-04 | left: 115s
step 08350 ( 52.2%) | loss: 0.667557 | trade:0.37 call:0.80 put:0.20 | ATM:0.60 OTM:0.40 [rnd] | lr: 2.00e-04 | left: 115s
step 08400 ( 52.4%) | loss: 1.267030 | trade:0.78 call:0.98 put:0.02 | ATM:0.49 OTM:0.51 [seq] | lr: 2.00e-04 | left: 114s
step 08450 ( 52.6%) | loss: 0.651465 | trade:0.28 call:0.74 put:0.26 | ATM:0.64 OTM:0.36 [rnd] | lr: 2.00e-04 | left: 114s
step 08500 ( 52.7%) | loss: 0.269396 | trade:0.02 call:0.75 put:0.25 | ATM:0.67 OTM:0.33 [seq] | lr: 2.00e-04 | left: 114s
step 08550 ( 52.8%) | loss: 0.260759 | trade:0.02 call:0.86 put:0.14 | ATM:0.81 OTM:0.19 [seq] | lr: 2.00e-04 | left: 113s
step 08600 ( 53.0%) | loss: 0.323875 | trade:0.02 call:0.35 put:0.65 | ATM:0.80 OTM:0.20 [seq] | lr: 2.00e-04 | left: 113s
step 08650 ( 53.2%) | loss: 0.487305 | trade:0.01 call:0.77 put:0.23 | ATM:0.82 OTM:0.18 [seq] | lr: 2.00e-04 | left: 112s
step 08700 ( 53.3%) | loss: 0.506097 | trade:0.59 call:0.68 put:0.32 | ATM:0.48 OTM:0.52 [seq] | lr: 2.00e-04 | left: 112s
step 08750 ( 53.5%) | loss: 0.471359 | trade:0.31 call:0.80 put:0.20 | ATM:0.58 OTM:0.42 [rnd] | lr: 2.00e-04 | left: 112s
step 08800 ( 53.7%) | loss: 0.603084 | trade:0.26 call:0.75 put:0.25 | ATM:0.62 OTM:0.38 [rnd] | lr: 2.00e-04 | left: 111s
step 08850 ( 53.8%) | loss: 0.444339 | trade:0.02 call:0.18 put:0.82 | ATM:0.81 OTM:0.19 [seq] | lr: 2.00e-04 | left: 111s
step 08900 ( 54.0%) | loss: 0.431854 | trade:0.59 call:0.99 put:0.01 | ATM:0.70 OTM:0.30 [seq] | lr: 2.00e-04 | left: 110s
step 08950 ( 54.2%) | loss: 0.612048 | trade:0.06 call:0.87 put:0.13 | ATM:0.81 OTM:0.19 [seq] | lr: 2.00e-04 | left: 110s
step 09000 ( 54.4%) | loss: 0.621666 | trade:0.03 call:0.85 put:0.15 | ATM:0.81 OTM:0.19 [seq] | lr: 2.00e-04 | left: 109s
step 09050 ( 54.5%) | loss: 0.270636 | trade:0.30 call:0.75 put:0.25 | ATM:0.62 OTM:0.38 [rnd] | lr: 2.00e-04 | left: 109s
step 09100 ( 54.6%) | loss: 0.575278 | trade:0.29 call:0.71 put:0.29 | ATM:0.60 OTM:0.40 [rnd] | lr: 2.00e-04 | left: 109s
step 09150 ( 54.8%) | loss: 0.245329 | trade:0.61 call:0.96 put:0.04 | ATM:0.65 OTM:0.35 [seq] | lr: 2.00e-04 | left: 108s
step 09200 ( 54.9%) | loss: 0.534348 | trade:0.02 call:0.89 put:0.11 | ATM:0.84 OTM:0.16 [seq] | lr: 2.00e-04 | left: 108s
step 09250 ( 55.2%) | loss: 0.718222 | trade:0.34 call:0.77 put:0.23 | ATM:0.60 OTM:0.40 [rnd] | lr: 2.00e-04 | left: 108s
step 09300 ( 55.3%) | loss: 0.375740 | trade:0.03 call:0.72 put:0.28 | ATM:0.86 OTM:0.14 [seq] | lr: 2.00e-04 | left: 107s
step 09350 ( 55.5%) | loss: 0.726453 | trade:0.03 call:0.54 put:0.46 | ATM:0.57 OTM:0.43 [seq] | lr: 2.00e-04 | left: 107s
step 09400 ( 55.7%) | loss: 0.556338 | trade:0.96 call:0.02 put:0.98 | ATM:0.67 OTM:0.33 [seq] | lr: 2.00e-04 | left: 106s
step 09450 ( 56.1%) | loss: 0.208923 | trade:0.90 call:0.00 put:1.00 | ATM:0.65 OTM:0.35 [seq] | lr: 2.00e-04 | left: 105s
step 09500 ( 56.5%) | loss: 0.435472 | trade:0.01 call:0.76 put:0.24 | ATM:0.46 OTM:0.54 [seq] | lr: 2.00e-04 | left: 104s
step 09550 ( 56.8%) | loss: 0.591296 | trade:0.32 call:0.76 put:0.24 | ATM:0.58 OTM:0.42 [rnd] | lr: 2.00e-04 | left: 104s
step 09600 ( 57.3%) | loss: 0.625746 | trade:0.03 call:0.86 put:0.14 | ATM:0.74 OTM:0.26 [seq] | lr: 2.00e-04 | left: 103s
step 09650 ( 57.6%) | loss: 0.463101 | trade:0.02 call:0.88 put:0.12 | ATM:0.87 OTM:0.13 [seq] | lr: 2.00e-04 | left: 102s
step 09700 ( 58.0%) | loss: 0.229989 | trade:0.13 call:0.94 put:0.06 | ATM:0.91 OTM:0.09 [seq] | lr: 2.00e-04 | left: 101s
step 09750 ( 58.4%) | loss: 0.369444 | trade:0.16 call:0.79 put:0.21 | ATM:0.40 OTM:0.60 [seq] | lr: 2.00e-04 | left: 100s
step 09800 ( 58.7%) | loss: 0.406916 | trade:0.95 call:0.99 put:0.01 | ATM:0.33 OTM:0.67 [seq] | lr: 2.00e-04 | left: 99s
step 09850 ( 59.1%) | loss: 0.333412 | trade:0.04 call:0.80 put:0.20 | ATM:0.39 OTM:0.61 [seq] | lr: 2.00e-04 | left: 98s
step 09900 ( 59.5%) | loss: 0.450508 | trade:0.32 call:0.81 put:0.19 | ATM:0.57 OTM:0.43 [rnd] | lr: 2.00e-04 | left: 97s
step 09950 ( 59.9%) | loss: 0.620303 | trade:0.29 call:0.75 put:0.25 | ATM:0.61 OTM:0.39 [rnd] | lr: 2.00e-04 | left: 96s
step 10000 ( 60.3%) | loss: 0.515056 | trade:0.01 call:0.91 put:0.09 | ATM:0.87 OTM:0.13 [seq] | lr: 2.00e-04 | left: 95s
step 10050 ( 60.7%) | loss: 0.534705 | trade:0.33 call:0.78 put:0.22 | ATM:0.57 OTM:0.43 [rnd] | lr: 2.00e-04 | left: 94s
step 10100 ( 61.0%) | loss: 0.448554 | trade:0.06 call:0.86 put:0.14 | ATM:0.81 OTM:0.19 [seq] | lr: 2.00e-04 | left: 93s
step 10150 ( 61.4%) | loss: 0.508166 | trade:0.39 call:0.76 put:0.24 | ATM:0.54 OTM:0.46 [rnd] | lr: 2.00e-04 | left: 93s
step 10200 ( 61.8%) | loss: 0.442844 | trade:0.31 call:0.74 put:0.26 | ATM:0.59 OTM:0.41 [rnd] | lr: 2.00e-04 | left: 92s
step 10250 ( 62.2%) | loss: 0.376988 | trade:0.27 call:0.74 put:0.26 | ATM:0.62 OTM:0.38 [rnd] | lr: 2.00e-04 | left: 91s
step 10300 ( 62.6%) | loss: 0.264512 | trade:0.01 call:0.72 put:0.28 | ATM:0.64 OTM:0.36 [seq] | lr: 2.00e-04 | left: 90s
step 10350 ( 62.9%) | loss: 0.504881 | trade:0.01 call:0.47 put:0.53 | ATM:0.58 OTM:0.42 [seq] | lr: 2.00e-04 | left: 89s
step 10400 ( 63.3%) | loss: 0.420189 | trade:0.01 call:0.85 put:0.15 | ATM:0.59 OTM:0.41 [seq] | lr: 2.00e-04 | left: 88s
step 10450 ( 63.7%) | loss: 0.540067 | trade:0.96 call:0.97 put:0.03 | ATM:0.26 OTM:0.74 [seq] | lr: 2.00e-04 | left: 87s
step 10500 ( 64.1%) | loss: 0.417857 | trade:0.33 call:0.77 put:0.23 | ATM:0.57 OTM:0.43 [rnd] | lr: 2.00e-04 | left: 86s
step 10550 ( 64.4%) | loss: 0.418324 | trade:0.03 call:0.86 put:0.14 | ATM:0.77 OTM:0.23 [seq] | lr: 2.00e-04 | left: 85s
step 10600 ( 64.6%) | loss: 0.590595 | trade:0.50 call:0.67 put:0.33 | ATM:0.36 OTM:0.64 [seq] | lr: 2.00e-04 | left: 85s
step 10650 ( 64.8%) | loss: 0.456974 | trade:0.97 call:0.04 put:0.96 | ATM:0.67 OTM:0.33 [seq] | lr: 2.00e-04 | left: 84s
step 10700 ( 65.0%) | loss: 0.407199 | trade:0.79 call:0.01 put:0.99 | ATM:0.75 OTM:0.25 [seq] | lr: 2.00e-04 | left: 84s
step 10750 ( 65.2%) | loss: 0.445125 | trade:0.34 call:0.76 put:0.24 | ATM:0.56 OTM:0.44 [rnd] | lr: 2.00e-04 | left: 83s
step 10800 ( 65.4%) | loss: 0.461911 | trade:0.36 call:0.77 put:0.23 | ATM:0.59 OTM:0.41 [rnd] | lr: 2.00e-04 | left: 83s
step 10850 ( 65.6%) | loss: 0.699903 | trade:0.27 call:0.76 put:0.24 | ATM:0.61 OTM:0.39 [rnd] | lr: 2.00e-04 | left: 83s
step 10900 ( 65.8%) | loss: 0.591282 | trade:0.24 call:0.95 put:0.05 | ATM:0.60 OTM:0.40 [seq] | lr: 2.00e-04 | left: 82s
step 10950 ( 65.9%) | loss: 0.592174 | trade:0.32 call:0.76 put:0.24 | ATM:0.61 OTM:0.39 [rnd] | lr: 2.00e-04 | left: 82s
step 11000 ( 66.1%) | loss: 0.559971 | trade:0.28 call:0.77 put:0.23 | ATM:0.62 OTM:0.38 [rnd] | lr: 2.00e-04 | left: 81s
step 11050 ( 66.2%) | loss: 0.418147 | trade:0.31 call:0.77 put:0.23 | ATM:0.62 OTM:0.38 [rnd] | lr: 2.00e-04 | left: 81s
step 11100 ( 66.5%) | loss: 0.608072 | trade:0.93 call:0.98 put:0.02 | ATM:0.85 OTM:0.15 [seq] | lr: 2.00e-04 | left: 80s
step 11150 ( 66.7%) | loss: 0.450303 | trade:0.67 call:0.02 put:0.98 | ATM:0.98 OTM:0.02 [seq] | lr: 2.00e-04 | left: 80s
step 11200 ( 66.8%) | loss: 0.554051 | trade:0.01 call:0.52 put:0.48 | ATM:0.73 OTM:0.27 [seq] | lr: 2.00e-04 | left: 80s
step 11250 ( 67.0%) | loss: 0.757753 | trade:0.50 call:0.59 put:0.41 | ATM:0.64 OTM:0.36 [seq] | lr: 2.00e-04 | left: 79s
step 11300 ( 67.2%) | loss: 0.865019 | trade:0.34 call:0.58 put:0.42 | ATM:0.56 OTM:0.44 [seq] | lr: 2.00e-04 | left: 79s
step 11350 ( 67.4%) | loss: 0.673726 | trade:0.99 call:1.00 put:0.00 | ATM:0.16 OTM:0.84 [seq] | lr: 2.00e-04 | left: 78s
step 11400 ( 67.6%) | loss: 0.543094 | trade:0.97 call:1.00 put:0.00 | ATM:0.22 OTM:0.78 [seq] | lr: 2.00e-04 | left: 78s
step 11450 ( 67.9%) | loss: 0.616934 | trade:0.07 call:0.92 put:0.08 | ATM:0.62 OTM:0.38 [seq] | lr: 2.00e-04 | left: 77s
step 11500 ( 68.1%) | loss: 0.442917 | trade:0.01 call:0.67 put:0.33 | ATM:0.44 OTM:0.56 [seq] | lr: 2.00e-04 | left: 77s
step 11550 ( 68.2%) | loss: 0.368904 | trade:0.31 call:0.72 put:0.28 | ATM:0.59 OTM:0.41 [rnd] | lr: 2.00e-04 | left: 76s
step 11600 ( 68.4%) | loss: 0.548019 | trade:0.95 call:1.00 put:0.00 | ATM:0.27 OTM:0.73 [seq] | lr: 2.00e-04 | left: 76s
step 11650 ( 68.5%) | loss: 0.533903 | trade:0.34 call:0.72 put:0.28 | ATM:0.62 OTM:0.38 [rnd] | lr: 2.00e-04 | left: 75s
step 11700 ( 68.8%) | loss: 0.501713 | trade:0.01 call:0.80 put:0.20 | ATM:0.48 OTM:0.52 [seq] | lr: 2.00e-04 | left: 75s
step 11750 ( 69.2%) | loss: 0.525721 | trade:0.30 call:0.81 put:0.19 | ATM:0.59 OTM:0.41 [rnd] | lr: 2.00e-04 | left: 74s
step 11800 ( 69.6%) | loss: 0.427462 | trade:0.93 call:0.99 put:0.01 | ATM:0.48 OTM:0.52 [seq] | lr: 2.00e-04 | left: 73s
step 11850 ( 69.9%) | loss: 0.319319 | trade:0.92 call:0.99 put:0.01 | ATM:0.31 OTM:0.69 [seq] | lr: 2.00e-04 | left: 72s
step 11900 ( 70.3%) | loss: 0.232600 | trade:0.02 call:0.78 put:0.22 | ATM:0.41 OTM:0.59 [seq] | lr: 2.00e-04 | left: 71s
step 11950 ( 70.7%) | loss: 0.810524 | trade:0.02 call:0.73 put:0.27 | ATM:0.81 OTM:0.19 [seq] | lr: 2.00e-04 | left: 70s
step 12000 ( 71.1%) | loss: 0.597016 | trade:0.22 call:0.94 put:0.06 | ATM:0.93 OTM:0.07 [seq] | lr: 1.99e-04 | left: 69s
step 12050 ( 71.5%) | loss: 0.401772 | trade:0.45 call:0.40 put:0.60 | ATM:0.84 OTM:0.16 [seq] | lr: 1.99e-04 | left: 68s
step 12100 ( 71.7%) | loss: 0.653076 | trade:0.45 call:0.88 put:0.12 | ATM:0.54 OTM:0.46 [seq] | lr: 1.98e-04 | left: 68s
step 12150 ( 71.9%) | loss: 0.360245 | trade:0.01 call:0.49 put:0.51 | ATM:0.45 OTM:0.55 [seq] | lr: 1.98e-04 | left: 67s
step 12200 ( 72.0%) | loss: 0.441069 | trade:0.01 call:0.89 put:0.11 | ATM:0.43 OTM:0.57 [seq] | lr: 1.98e-04 | left: 67s
step 12250 ( 72.2%) | loss: 0.540131 | trade:0.01 call:0.91 put:0.09 | ATM:0.76 OTM:0.24 [seq] | lr: 1.97e-04 | left: 67s
step 12300 ( 72.4%) | loss: 0.481945 | trade:0.01 call:0.71 put:0.29 | ATM:0.55 OTM:0.45 [seq] | lr: 1.97e-04 | left: 66s
step 12350 ( 72.5%) | loss: 0.306061 | trade:0.02 call:0.68 put:0.32 | ATM:0.59 OTM:0.41 [seq] | lr: 1.97e-04 | left: 66s
step 12400 ( 72.7%) | loss: 0.428403 | trade:0.01 call:0.83 put:0.17 | ATM:0.77 OTM:0.23 [seq] | lr: 1.96e-04 | left: 66s
step 12450 ( 72.8%) | loss: 0.332358 | trade:0.81 call:0.98 put:0.02 | ATM:0.33 OTM:0.67 [seq] | lr: 1.96e-04 | left: 65s
step 12500 ( 73.0%) | loss: 0.438377 | trade:0.01 call:0.51 put:0.49 | ATM:0.60 OTM:0.40 [seq] | lr: 1.95e-04 | left: 65s
step 12550 ( 73.2%) | loss: 0.446322 | trade:0.05 call:0.69 put:0.31 | ATM:0.67 OTM:0.33 [seq] | lr: 1.95e-04 | left: 64s
step 12600 ( 73.3%) | loss: 0.598104 | trade:0.99 call:0.00 put:1.00 | ATM:0.80 OTM:0.20 [seq] | lr: 1.94e-04 | left: 64s
step 12650 ( 73.5%) | loss: 0.456880 | trade:0.94 call:0.02 put:0.98 | ATM:0.66 OTM:0.34 [seq] | lr: 1.93e-04 | left: 64s
step 12700 ( 73.7%) | loss: 0.461042 | trade:0.01 call:0.43 put:0.57 | ATM:0.50 OTM:0.50 [seq] | lr: 1.93e-04 | left: 63s
step 12750 ( 73.8%) | loss: 0.471314 | trade:0.37 call:0.78 put:0.22 | ATM:0.57 OTM:0.43 [rnd] | lr: 1.92e-04 | left: 63s
step 12800 ( 74.0%) | loss: 0.461002 | trade:0.04 call:0.84 put:0.16 | ATM:0.47 OTM:0.53 [seq] | lr: 1.91e-04 | left: 62s
step 12850 ( 74.1%) | loss: 0.499753 | trade:0.33 call:0.76 put:0.24 | ATM:0.59 OTM:0.41 [rnd] | lr: 1.91e-04 | left: 62s
step 12900 ( 74.3%) | loss: 0.340977 | trade:0.01 call:0.84 put:0.16 | ATM:0.86 OTM:0.14 [seq] | lr: 1.90e-04 | left: 62s
step 12950 ( 74.5%) | loss: 0.538287 | trade:0.34 call:0.72 put:0.28 | ATM:0.60 OTM:0.40 [rnd] | lr: 1.89e-04 | left: 61s
step 13000 ( 74.7%) | loss: 0.948257 | trade:0.53 call:0.45 put:0.55 | ATM:0.69 OTM:0.31 [seq] | lr: 1.88e-04 | left: 61s
step 13050 ( 74.8%) | loss: 0.697800 | trade:0.50 call:0.32 put:0.68 | ATM:0.51 OTM:0.49 [seq] | lr: 1.87e-04 | left: 60s
step 13100 ( 75.0%) | loss: 0.656051 | trade:0.36 call:0.79 put:0.21 | ATM:0.56 OTM:0.44 [rnd] | lr: 1.87e-04 | left: 60s
step 13150 ( 75.2%) | loss: 0.725883 | trade:0.62 call:0.99 put:0.01 | ATM:0.66 OTM:0.34 [seq] | lr: 1.86e-04 | left: 60s
step 13200 ( 75.4%) | loss: 0.574370 | trade:0.41 call:0.89 put:0.11 | ATM:0.60 OTM:0.40 [seq] | lr: 1.85e-04 | left: 59s
step 13250 ( 75.5%) | loss: 0.399610 | trade:0.15 call:0.89 put:0.11 | ATM:0.75 OTM:0.25 [seq] | lr: 1.84e-04 | left: 59s
step 13300 ( 75.7%) | loss: 0.414754 | trade:0.91 call:0.00 put:1.00 | ATM:0.99 OTM:0.01 [seq] | lr: 1.83e-04 | left: 58s
step 13350 ( 75.9%) | loss: 0.431012 | trade:0.53 call:0.93 put:0.07 | ATM:0.68 OTM:0.32 [seq] | lr: 1.82e-04 | left: 58s
step 13400 ( 76.0%) | loss: 0.357099 | trade:0.83 call:0.98 put:0.02 | ATM:0.62 OTM:0.38 [seq] | lr: 1.81e-04 | left: 58s
step 13450 ( 76.2%) | loss: 0.497493 | trade:0.03 call:0.85 put:0.15 | ATM:0.82 OTM:0.18 [seq] | lr: 1.80e-04 | left: 57s
step 13500 ( 76.5%) | loss: 0.335123 | trade:0.01 call:0.88 put:0.12 | ATM:0.83 OTM:0.17 [seq] | lr: 1.78e-04 | left: 56s
step 13550 ( 76.7%) | loss: 0.397985 | trade:0.01 call:0.86 put:0.14 | ATM:0.91 OTM:0.09 [seq] | lr: 1.77e-04 | left: 56s
step 13600 ( 76.8%) | loss: 0.280145 | trade:0.01 call:0.81 put:0.19 | ATM:0.78 OTM:0.22 [seq] | lr: 1.76e-04 | left: 56s
step 13650 ( 77.0%) | loss: 0.369892 | trade:0.01 call:0.74 put:0.26 | ATM:0.52 OTM:0.48 [seq] | lr: 1.75e-04 | left: 55s
step 13700 ( 77.1%) | loss: 0.358290 | trade:0.01 call:0.86 put:0.14 | ATM:0.66 OTM:0.34 [seq] | lr: 1.73e-04 | left: 55s
step 13750 ( 77.3%) | loss: 0.482994 | trade:0.36 call:0.75 put:0.25 | ATM:0.57 OTM:0.43 [rnd] | lr: 1.72e-04 | left: 54s
step 13800 ( 77.5%) | loss: 0.474650 | trade:0.31 call:0.78 put:0.22 | ATM:0.60 OTM:0.40 [rnd] | lr: 1.71e-04 | left: 54s
step 13850 ( 77.6%) | loss: 0.290263 | trade:0.01 call:0.86 put:0.14 | ATM:0.66 OTM:0.34 [seq] | lr: 1.70e-04 | left: 54s
step 13900 ( 77.8%) | loss: 0.380684 | trade:0.01 call:0.89 put:0.11 | ATM:0.49 OTM:0.51 [seq] | lr: 1.69e-04 | left: 53s
step 13950 ( 78.0%) | loss: 0.473214 | trade:0.25 call:0.75 put:0.25 | ATM:0.63 OTM:0.37 [rnd] | lr: 1.67e-04 | left: 53s
step 14000 ( 78.1%) | loss: 0.531977 | trade:0.05 call:0.82 put:0.18 | ATM:0.61 OTM:0.39 [seq] | lr: 1.66e-04 | left: 53s
step 14050 ( 78.3%) | loss: 0.354536 | trade:0.04 call:0.73 put:0.27 | ATM:0.59 OTM:0.41 [seq] | lr: 1.65e-04 | left: 52s
step 14100 ( 78.4%) | loss: 0.329100 | trade:0.01 call:0.50 put:0.50 | ATM:0.81 OTM:0.19 [seq] | lr: 1.64e-04 | left: 52s
step 14150 ( 78.6%) | loss: 0.510716 | trade:0.27 call:0.75 put:0.25 | ATM:0.60 OTM:0.40 [rnd] | lr: 1.62e-04 | left: 51s
step 14200 ( 78.7%) | loss: 0.434312 | trade:0.05 call:0.83 put:0.17 | ATM:0.95 OTM:0.05 [seq] | lr: 1.61e-04 | left: 51s
step 14250 ( 78.9%) | loss: 0.378170 | trade:0.01 call:0.81 put:0.19 | ATM:0.74 OTM:0.26 [seq] | lr: 1.60e-04 | left: 51s
step 14300 ( 79.0%) | loss: 0.436835 | trade:0.36 call:0.73 put:0.27 | ATM:0.59 OTM:0.41 [rnd] | lr: 1.58e-04 | left: 50s
step 14350 ( 79.2%) | loss: 0.457653 | trade:0.02 call:0.72 put:0.28 | ATM:0.38 OTM:0.62 [seq] | lr: 1.57e-04 | left: 50s
step 14400 ( 79.4%) | loss: 0.524699 | trade:0.04 call:0.94 put:0.06 | ATM:0.91 OTM:0.09 [seq] | lr: 1.55e-04 | left: 49s
step 14450 ( 79.6%) | loss: 0.403810 | trade:0.38 call:0.24 put:0.76 | ATM:0.89 OTM:0.11 [seq] | lr: 1.54e-04 | left: 49s
step 14500 ( 79.8%) | loss: 0.340271 | trade:0.00 call:0.59 put:0.41 | ATM:0.51 OTM:0.49 [seq] | lr: 1.52e-04 | left: 49s
step 14550 ( 80.0%) | loss: 0.509054 | trade:0.93 call:0.97 put:0.03 | ATM:0.33 OTM:0.67 [seq] | lr: 1.50e-04 | left: 48s
step 14600 ( 80.1%) | loss: 0.433339 | trade:0.21 call:0.85 put:0.15 | ATM:0.32 OTM:0.68 [seq] | lr: 1.49e-04 | left: 48s
step 14650 ( 80.4%) | loss: 0.442978 | trade:0.01 call:0.83 put:0.17 | ATM:0.70 OTM:0.30 [seq] | lr: 1.46e-04 | left: 47s
step 14700 ( 80.8%) | loss: 0.391626 | trade:0.02 call:0.69 put:0.31 | ATM:0.40 OTM:0.60 [seq] | lr: 1.42e-04 | left: 46s
step 14750 ( 81.2%) | loss: 0.565485 | trade:0.15 call:0.76 put:0.24 | ATM:0.46 OTM:0.54 [seq] | lr: 1.38e-04 | left: 45s
step 14800 ( 81.6%) | loss: 0.428203 | trade:0.04 call:0.82 put:0.18 | ATM:0.60 OTM:0.40 [seq] | lr: 1.35e-04 | left: 44s
step 14850 ( 82.0%) | loss: 0.406543 | trade:0.30 call:0.78 put:0.22 | ATM:0.62 OTM:0.38 [rnd] | lr: 1.31e-04 | left: 43s
step 14900 ( 82.4%) | loss: 0.276263 | trade:0.02 call:0.88 put:0.12 | ATM:0.69 OTM:0.31 [seq] | lr: 1.27e-04 | left: 42s
step 14950 ( 82.8%) | loss: 0.348961 | trade:0.01 call:0.88 put:0.12 | ATM:0.55 OTM:0.45 [seq] | lr: 1.23e-04 | left: 41s
step 15000 ( 83.2%) | loss: 0.517386 | trade:0.31 call:0.41 put:0.59 | ATM:0.67 OTM:0.33 [seq] | lr: 1.19e-04 | left: 40s
step 15050 ( 83.6%) | loss: 0.358656 | trade:0.02 call:0.80 put:0.20 | ATM:0.66 OTM:0.34 [seq] | lr: 1.15e-04 | left: 39s
step 15100 ( 83.9%) | loss: 0.304423 | trade:0.02 call:0.84 put:0.16 | ATM:0.74 OTM:0.26 [seq] | lr: 1.11e-04 | left: 39s
step 15150 ( 84.3%) | loss: 0.389293 | trade:0.02 call:0.87 put:0.13 | ATM:0.80 OTM:0.20 [seq] | lr: 1.07e-04 | left: 38s
step 15200 ( 84.7%) | loss: 0.254699 | trade:0.90 call:0.99 put:0.01 | ATM:0.46 OTM:0.54 [seq] | lr: 1.03e-04 | left: 37s
step 15250 ( 85.1%) | loss: 0.477692 | trade:0.01 call:0.82 put:0.18 | ATM:0.56 OTM:0.44 [seq] | lr: 9.91e-05 | left: 36s
step 15300 ( 85.5%) | loss: 0.602171 | trade:0.34 call:0.76 put:0.24 | ATM:0.61 OTM:0.39 [rnd] | lr: 9.48e-05 | left: 35s
step 15350 ( 85.9%) | loss: 0.351653 | trade:0.02 call:0.95 put:0.05 | ATM:0.93 OTM:0.07 [seq] | lr: 9.05e-05 | left: 34s
step 15400 ( 86.3%) | loss: 0.368176 | trade:0.01 call:0.44 put:0.56 | ATM:0.56 OTM:0.44 [seq] | lr: 8.65e-05 | left: 33s
step 15450 ( 86.7%) | loss: 0.486207 | trade:0.01 call:0.88 put:0.12 | ATM:0.85 OTM:0.15 [seq] | lr: 8.25e-05 | left: 32s
step 15500 ( 87.1%) | loss: 0.489233 | trade:0.04 call:0.15 put:0.85 | ATM:0.32 OTM:0.68 [seq] | lr: 7.85e-05 | left: 31s
step 15550 ( 87.4%) | loss: 0.263464 | trade:0.01 call:0.74 put:0.26 | ATM:0.52 OTM:0.48 [seq] | lr: 7.50e-05 | left: 30s
step 15600 ( 87.8%) | loss: 0.376987 | trade:0.01 call:0.79 put:0.21 | ATM:0.67 OTM:0.33 [seq] | lr: 7.11e-05 | left: 29s
step 15650 ( 88.2%) | loss: 0.432715 | trade:0.01 call:0.81 put:0.19 | ATM:0.76 OTM:0.24 [seq] | lr: 6.73e-05 | left: 28s
step 15700 ( 88.6%) | loss: 0.458619 | trade:0.38 call:0.73 put:0.27 | ATM:0.58 OTM:0.42 [rnd] | lr: 6.35e-05 | left: 27s
step 15750 ( 88.9%) | loss: 0.484973 | trade:0.33 call:0.76 put:0.24 | ATM:0.59 OTM:0.41 [rnd] | lr: 5.98e-05 | left: 27s
step 15800 ( 89.3%) | loss: 0.472280 | trade:0.29 call:0.77 put:0.23 | ATM:0.60 OTM:0.40 [rnd] | lr: 5.61e-05 | left: 26s
step 15850 ( 89.7%) | loss: 0.359185 | trade:0.35 call:0.77 put:0.23 | ATM:0.58 OTM:0.42 [rnd] | lr: 5.27e-05 | left: 25s
step 15900 ( 90.0%) | loss: 0.563866 | trade:0.29 call:0.76 put:0.24 | ATM:0.62 OTM:0.38 [rnd] | lr: 4.96e-05 | left: 24s
step 15950 ( 90.4%) | loss: 0.413868 | trade:0.01 call:0.64 put:0.36 | ATM:0.67 OTM:0.33 [seq] | lr: 4.62e-05 | left: 23s
step 16000 ( 90.8%) | loss: 0.473283 | trade:0.01 call:0.86 put:0.14 | ATM:0.81 OTM:0.19 [seq] | lr: 4.28e-05 | left: 22s
step 16050 ( 91.2%) | loss: 0.400041 | trade:0.03 call:0.94 put:0.06 | ATM:0.90 OTM:0.10 [seq] | lr: 3.95e-05 | left: 21s
step 16100 ( 91.6%) | loss: 0.394534 | trade:0.05 call:0.94 put:0.06 | ATM:0.93 OTM:0.07 [seq] | lr: 3.65e-05 | left: 20s
step 16150 ( 91.9%) | loss: 0.324250 | trade:0.02 call:0.91 put:0.09 | ATM:0.87 OTM:0.13 [seq] | lr: 3.36e-05 | left: 19s
step 16200 ( 92.3%) | loss: 0.647537 | trade:0.26 call:0.72 put:0.28 | ATM:0.60 OTM:0.40 [rnd] | lr: 3.06e-05 | left: 18s
step 16250 ( 92.7%) | loss: 0.537748 | trade:0.30 call:0.73 put:0.27 | ATM:0.59 OTM:0.41 [rnd] | lr: 2.76e-05 | left: 17s
step 16300 ( 93.1%) | loss: 0.409078 | trade:0.33 call:0.78 put:0.22 | ATM:0.60 OTM:0.40 [rnd] | lr: 2.50e-05 | left: 17s
step 16350 ( 93.5%) | loss: 0.538727 | trade:0.33 call:0.75 put:0.25 | ATM:0.58 OTM:0.42 [rnd] | lr: 2.24e-05 | left: 16s
step 16400 ( 93.9%) | loss: 0.627187 | trade:0.01 call:0.65 put:0.35 | ATM:0.58 OTM:0.42 [seq] | lr: 2.00e-05 | left: 15s
step 16450 ( 94.1%) | loss: 0.420778 | trade:0.93 call:0.96 put:0.04 | ATM:0.96 OTM:0.04 [seq] | lr: 1.82e-05 | left: 14s
step 16500 ( 94.3%) | loss: 0.473170 | trade:0.01 call:0.78 put:0.22 | ATM:0.65 OTM:0.35 [seq] | lr: 1.72e-05 | left: 14s
step 16550 ( 94.5%) | loss: 0.543975 | trade:0.30 call:0.77 put:0.23 | ATM:0.58 OTM:0.42 [rnd] | lr: 1.61e-05 | left: 13s
step 16600 ( 94.7%) | loss: 0.541887 | trade:0.02 call:0.74 put:0.26 | ATM:0.41 OTM:0.59 [seq] | lr: 1.52e-05 | left: 13s
step 16650 ( 94.9%) | loss: 0.352980 | trade:0.01 call:0.80 put:0.20 | ATM:0.86 OTM:0.14 [seq] | lr: 1.40e-05 | left: 12s
step 16700 ( 95.2%) | loss: 0.649142 | trade:0.30 call:0.77 put:0.23 | ATM:0.58 OTM:0.42 [rnd] | lr: 1.26e-05 | left: 12s
step 16750 ( 95.4%) | loss: 0.428455 | trade:0.01 call:0.85 put:0.15 | ATM:0.74 OTM:0.26 [seq] | lr: 1.16e-05 | left: 11s
step 16800 ( 95.5%) | loss: 0.525915 | trade:0.28 call:0.75 put:0.25 | ATM:0.64 OTM:0.36 [rnd] | lr: 1.07e-05 | left: 11s
step 16850 ( 95.7%) | loss: 0.671752 | trade:0.30 call:0.74 put:0.26 | ATM:0.59 OTM:0.41 [rnd] | lr: 1.00e-05 | left: 10s
step 16900 ( 95.8%) | loss: 0.481340 | trade:0.77 call:0.99 put:0.01 | ATM:0.39 OTM:0.61 [seq] | lr: 9.34e-06 | left: 10s
step 16950 ( 96.0%) | loss: 0.505008 | trade:0.27 call:0.76 put:0.24 | ATM:0.61 OTM:0.39 [rnd] | lr: 8.55e-06 | left: 10s
step 17000 ( 96.2%) | loss: 0.403102 | trade:0.02 call:0.26 put:0.74 | ATM:0.43 OTM:0.57 [seq] | lr: 7.91e-06 | left: 9s
step 17050 ( 96.3%) | loss: 0.736942 | trade:0.33 call:0.74 put:0.26 | ATM:0.62 OTM:0.38 [rnd] | lr: 7.30e-06 | left: 9s
step 17100 ( 96.5%) | loss: 0.475732 | trade:0.30 call:0.77 put:0.23 | ATM:0.60 OTM:0.40 [rnd] | lr: 6.68e-06 | left: 8s
step 17150 ( 96.7%) | loss: 0.524897 | trade:0.01 call:0.66 put:0.34 | ATM:0.51 OTM:0.49 [seq] | lr: 6.05e-06 | left: 8s
step 17200 ( 96.8%) | loss: 0.417725 | trade:0.02 call:0.74 put:0.26 | ATM:0.44 OTM:0.56 [seq] | lr: 5.54e-06 | left: 8s
step 17250 ( 97.0%) | loss: 0.312498 | trade:0.01 call:0.49 put:0.51 | ATM:0.80 OTM:0.20 [seq] | lr: 5.00e-06 | left: 7s
step 17300 ( 97.1%) | loss: 0.386482 | trade:0.01 call:0.94 put:0.06 | ATM:0.93 OTM:0.07 [seq] | lr: 4.50e-06 | left: 7s
step 17350 ( 97.3%) | loss: 0.564765 | trade:0.32 call:0.77 put:0.23 | ATM:0.58 OTM:0.42 [rnd] | lr: 4.03e-06 | left: 7s
step 17400 ( 97.4%) | loss: 0.504054 | trade:0.31 call:0.75 put:0.25 | ATM:0.62 OTM:0.38 [rnd] | lr: 3.63e-06 | left: 6s
step 17450 ( 97.6%) | loss: 0.445855 | trade:0.85 call:0.06 put:0.94 | ATM:0.62 OTM:0.38 [seq] | lr: 3.25e-06 | left: 6s
step 17500 ( 97.8%) | loss: 0.465098 | trade:0.01 call:0.86 put:0.14 | ATM:0.81 OTM:0.19 [seq] | lr: 2.73e-06 | left: 5s
step 17550 ( 97.9%) | loss: 0.599595 | trade:0.28 call:0.77 put:0.23 | ATM:0.61 OTM:0.39 [rnd] | lr: 2.35e-06 | left: 5s
step 17600 ( 98.1%) | loss: 0.339319 | trade:0.93 call:1.00 put:0.00 | ATM:0.31 OTM:0.69 [seq] | lr: 2.03e-06 | left: 5s
step 17650 ( 98.3%) | loss: 0.430642 | trade:0.27 call:0.74 put:0.26 | ATM:0.62 OTM:0.38 [rnd] | lr: 1.67e-06 | left: 4s
step 17700 ( 98.4%) | loss: 0.353861 | trade:0.80 call:0.99 put:0.01 | ATM:0.34 OTM:0.66 [seq] | lr: 1.36e-06 | left: 4s
step 17750 ( 98.6%) | loss: 0.305308 | trade:0.34 call:0.73 put:0.27 | ATM:0.63 OTM:0.37 [rnd] | lr: 1.12e-06 | left: 3s
step 17800 ( 98.7%) | loss: 0.423720 | trade:0.93 call:0.99 put:0.01 | ATM:0.52 OTM:0.48 [seq] | lr: 8.63e-07 | left: 3s
step 17850 ( 98.9%) | loss: 0.389989 | trade:0.94 call:1.00 put:0.00 | ATM:0.21 OTM:0.79 [seq] | lr: 6.34e-07 | left: 3s
step 17900 ( 99.1%) | loss: 0.374235 | trade:0.96 call:0.99 put:0.01 | ATM:0.27 OTM:0.73 [seq] | lr: 4.39e-07 | left: 2s
step 17950 ( 99.5%) | loss: 0.378716 | trade:0.97 call:1.00 put:0.00 | ATM:0.18 OTM:0.82 [seq] | lr: 1.63e-07 | left: 1s
step 18000 ( 99.8%) | loss: 0.539778 | trade:0.97 call:1.00 put:0.00 | ATM:0.17 OTM:0.83 [seq] | lr: 1.31e-08 | left: 0s

Training done at 246s. Starting evaluation...
Evaluation done in 1s (total wall: 247s)
Model saved to /root/best_model.pt

---
score:              -10.000000
profit_factor:      0.000000
win_rate:           0.000000
avg_winner:         0.000000
avg_loser:          0.000000
trades_per_day:     0.000000
max_consec_loss:    0
num_trades:         1
trade_sharpe:       0.000000
sortino:            0.000000
max_drawdown:       0.000000
calmar:             0.000000
ev_per_trade:       0.000000
do_nothing_pct:     1.000000
exit_pct:           0.000000
model_exit_count:   0
cooldown_blocked:   0
pre_10am_blocked:   0
short_hold_pct:     0.000000
stop_loss_rate:     0.000000
direction_collapse_pct: 0.000000
avg_entry_cost_bps: 300.000000
avg_entry_quality:  0.000000
cost_realism_coverage: 0.000000
high_cost_entry_rate: 1.000000
low_quality_entry_rate: 1.000000
actionable_bar_rate: 0.000000
risk_off_bar_rate:  0.000000
final_capital:      10000.00
equity_sharpe:      0.000000
max_equity_dd:      0.000000
total_dollar_return:0.000000
val_sharpe:         113.727768
total_return:       0.000000
num_val_bars:       260
num_val_days:       5
worst_chunk_pf:     1.00
rr_ratio:           0.0000
avg_hold_bars:      0.00
model_exit_rate:    0.0000
hit_ruin:           False
min_equity_frac:    1.0000
avg_risk_fraction:  0.0000
max_risk_fraction:  0.0000
trades_blocked_by_balance: 0
training_seconds:   240.0
total_seconds:      248.9
peak_vram_mb:       453.7
num_steps:          18021
num_params:         145,064
lookback:           120
depth:              3
d_model:            64
effective_lr:       0.0002
gate_label_smoothing:0.050000
dir_label_smoothing:0.050000
false_entry_penalty:2.000000
/opt/conda/lib/python3.11/site-packages/torch/nn/modules/transformer.py:379: UserWarning: enable_nested_tensor is True, but self.use_nested_tensor is False because encoder_layer.norm_first was True
  warnings.warn(
