Loading data from: /root/.cache/autoresearch-trading/features/data.pt
Loaded 382920 1-min bars, 32 features, 8 actions
  ~981 trading days
Training:   up to idx 268019
Validation: idx 268020-382919
  Option P&L coverage: 296720/382920 (77%)
Parameters: 146,265
Architecture: v4 simplified two-head (gate+dir) + balanced strike gating with moderate capital preservation
Training from scratch (v4: no warm-start).

Budget: 240s | Batch: 128 | Lookback: 120
LR: 0.00015 | Depth: 3 | d_model: 64 | ff_mult: 3
Dropout: 0.15 | Weight decay: 0.05
False entry penalty: 2.0x
Label smoothing: gate=0.05 dir=0.05

step 00000 (  0.0%) | loss: 3.093255 | trade:0.27 call:0.45 put:0.55 | ATM:0.23 OTM:0.77 | lr: 0.00e+00 | left: 240s
step 00050 (  0.3%) | loss: 3.217517 | trade:0.27 call:0.46 put:0.54 | ATM:0.24 OTM:0.76 | lr: 5.14e-06 | left: 239s
step 00100 (  0.9%) | loss: 3.163766 | trade:0.29 call:0.45 put:0.55 | ATM:0.24 OTM:0.76 | lr: 1.30e-05 | left: 238s
step 00150 (  1.4%) | loss: 3.113149 | trade:0.32 call:0.47 put:0.53 | ATM:0.25 OTM:0.75 | lr: 2.11e-05 | left: 237s
step 00200 (  1.8%) | loss: 3.051964 | trade:0.36 call:0.48 put:0.52 | ATM:0.26 OTM:0.74 | lr: 2.76e-05 | left: 236s
step 00250 (  2.4%) | loss: 2.968489 | trade:0.39 call:0.49 put:0.51 | ATM:0.28 OTM:0.72 | lr: 3.56e-05 | left: 234s
step 00300 (  2.9%) | loss: 2.917648 | trade:0.42 call:0.51 put:0.49 | ATM:0.30 OTM:0.70 | lr: 4.36e-05 | left: 233s
step 00350 (  3.4%) | loss: 2.902984 | trade:0.44 call:0.52 put:0.48 | ATM:0.32 OTM:0.68 | lr: 5.16e-05 | left: 232s
step 00400 (  4.0%) | loss: 2.834803 | trade:0.45 call:0.53 put:0.47 | ATM:0.34 OTM:0.66 | lr: 5.96e-05 | left: 230s
step 00450 (  4.5%) | loss: 2.783368 | trade:0.42 call:0.54 put:0.46 | ATM:0.35 OTM:0.65 | lr: 6.76e-05 | left: 229s
step 00500 (  5.0%) | loss: 2.762794 | trade:0.44 call:0.55 put:0.45 | ATM:0.36 OTM:0.64 | lr: 7.55e-05 | left: 228s
step 00550 (  5.6%) | loss: 2.721472 | trade:0.43 call:0.55 put:0.45 | ATM:0.36 OTM:0.64 | lr: 8.35e-05 | left: 227s
step 00600 (  6.1%) | loss: 2.660028 | trade:0.43 call:0.57 put:0.43 | ATM:0.37 OTM:0.63 | lr: 9.15e-05 | left: 225s
step 00650 (  6.4%) | loss: 2.596115 | trade:0.45 call:0.58 put:0.42 | ATM:0.37 OTM:0.63 | lr: 9.66e-05 | left: 225s
step 00700 (  6.7%) | loss: 2.504394 | trade:0.41 call:0.58 put:0.42 | ATM:0.37 OTM:0.63 | lr: 1.00e-04 | left: 224s
step 00750 (  6.9%) | loss: 2.443381 | trade:0.41 call:0.60 put:0.40 | ATM:0.41 OTM:0.59 | lr: 1.04e-04 | left: 223s
step 00800 (  7.2%) | loss: 2.359014 | trade:0.43 call:0.55 put:0.45 | ATM:0.39 OTM:0.61 | lr: 1.08e-04 | left: 223s
step 00850 (  7.5%) | loss: 2.306810 | trade:0.43 call:0.61 put:0.39 | ATM:0.38 OTM:0.62 | lr: 1.12e-04 | left: 222s
step 00900 (  7.8%) | loss: 2.220476 | trade:0.43 call:0.58 put:0.42 | ATM:0.37 OTM:0.63 | lr: 1.17e-04 | left: 221s
step 00950 (  8.1%) | loss: 2.132244 | trade:0.40 call:0.62 put:0.38 | ATM:0.40 OTM:0.60 | lr: 1.21e-04 | left: 221s
step 01000 (  8.4%) | loss: 2.039124 | trade:0.41 call:0.64 put:0.36 | ATM:0.42 OTM:0.58 | lr: 1.25e-04 | left: 220s
step 01050 (  8.6%) | loss: 1.954275 | trade:0.40 call:0.65 put:0.35 | ATM:0.43 OTM:0.57 | lr: 1.29e-04 | left: 219s
step 01100 (  8.8%) | loss: 1.893406 | trade:0.42 call:0.64 put:0.36 | ATM:0.44 OTM:0.56 | lr: 1.33e-04 | left: 219s
step 01150 (  9.1%) | loss: 1.796457 | trade:0.38 call:0.62 put:0.38 | ATM:0.45 OTM:0.55 | lr: 1.37e-04 | left: 218s
step 01200 (  9.4%) | loss: 1.764670 | trade:0.42 call:0.63 put:0.37 | ATM:0.38 OTM:0.62 | lr: 1.41e-04 | left: 217s
step 01250 (  9.6%) | loss: 1.662457 | trade:0.40 call:0.63 put:0.37 | ATM:0.45 OTM:0.55 | lr: 1.44e-04 | left: 217s
step 01300 (  9.9%) | loss: 1.624365 | trade:0.34 call:0.66 put:0.34 | ATM:0.44 OTM:0.56 | lr: 1.48e-04 | left: 216s
step 01350 ( 10.1%) | loss: 1.555018 | trade:0.37 call:0.56 put:0.44 | ATM:0.44 OTM:0.56 | lr: 1.50e-04 | left: 216s
step 01400 ( 10.3%) | loss: 1.541977 | trade:0.42 call:0.61 put:0.39 | ATM:0.47 OTM:0.53 | lr: 1.50e-04 | left: 215s
step 01450 ( 10.5%) | loss: 1.542210 | trade:0.35 call:0.70 put:0.30 | ATM:0.48 OTM:0.52 | lr: 1.50e-04 | left: 215s
step 01500 ( 10.7%) | loss: 1.514317 | trade:0.42 call:0.61 put:0.39 | ATM:0.47 OTM:0.53 | lr: 1.50e-04 | left: 214s
step 01550 ( 11.0%) | loss: 1.444069 | trade:0.36 call:0.67 put:0.33 | ATM:0.46 OTM:0.54 | lr: 1.50e-04 | left: 214s
step 01600 ( 11.2%) | loss: 1.435718 | trade:0.41 call:0.60 put:0.40 | ATM:0.44 OTM:0.56 | lr: 1.50e-04 | left: 213s
step 01650 ( 11.4%) | loss: 1.434588 | trade:0.42 call:0.64 put:0.36 | ATM:0.49 OTM:0.51 | lr: 1.50e-04 | left: 213s
step 01700 ( 11.6%) | loss: 1.397134 | trade:0.33 call:0.64 put:0.36 | ATM:0.49 OTM:0.51 | lr: 1.50e-04 | left: 212s
step 01750 ( 11.9%) | loss: 1.348221 | trade:0.36 call:0.63 put:0.37 | ATM:0.53 OTM:0.47 | lr: 1.50e-04 | left: 212s
step 01800 ( 12.1%) | loss: 1.387465 | trade:0.33 call:0.61 put:0.39 | ATM:0.49 OTM:0.51 | lr: 1.50e-04 | left: 211s
step 01850 ( 12.3%) | loss: 1.363243 | trade:0.40 call:0.64 put:0.36 | ATM:0.50 OTM:0.50 | lr: 1.50e-04 | left: 210s
step 01900 ( 12.6%) | loss: 1.332332 | trade:0.39 call:0.61 put:0.39 | ATM:0.51 OTM:0.49 | lr: 1.50e-04 | left: 210s
step 01950 ( 13.0%) | loss: 1.336387 | trade:0.33 call:0.57 put:0.43 | ATM:0.49 OTM:0.51 | lr: 1.50e-04 | left: 209s
step 02000 ( 13.5%) | loss: 1.295299 | trade:0.32 call:0.66 put:0.34 | ATM:0.52 OTM:0.48 | lr: 1.50e-04 | left: 208s
step 02050 ( 14.1%) | loss: 1.341680 | trade:0.37 call:0.66 put:0.34 | ATM:0.50 OTM:0.50 | lr: 1.50e-04 | left: 206s
step 02100 ( 14.6%) | loss: 1.300019 | trade:0.35 call:0.62 put:0.38 | ATM:0.49 OTM:0.51 | lr: 1.50e-04 | left: 205s
step 02150 ( 15.1%) | loss: 1.309875 | trade:0.36 call:0.60 put:0.40 | ATM:0.49 OTM:0.51 | lr: 1.50e-04 | left: 204s
step 02200 ( 15.6%) | loss: 1.292911 | trade:0.39 call:0.62 put:0.38 | ATM:0.44 OTM:0.56 | lr: 1.50e-04 | left: 202s
step 02250 ( 16.2%) | loss: 1.265902 | trade:0.37 call:0.64 put:0.36 | ATM:0.56 OTM:0.44 | lr: 1.50e-04 | left: 201s
step 02300 ( 16.7%) | loss: 1.259631 | trade:0.35 call:0.58 put:0.42 | ATM:0.52 OTM:0.48 | lr: 1.50e-04 | left: 200s
step 02350 ( 17.2%) | loss: 1.255645 | trade:0.34 call:0.71 put:0.29 | ATM:0.56 OTM:0.44 | lr: 1.50e-04 | left: 199s
step 02400 ( 17.8%) | loss: 1.251464 | trade:0.32 call:0.70 put:0.30 | ATM:0.43 OTM:0.57 | lr: 1.50e-04 | left: 197s
step 02450 ( 18.3%) | loss: 1.269577 | trade:0.40 call:0.66 put:0.34 | ATM:0.49 OTM:0.51 | lr: 1.50e-04 | left: 196s
step 02500 ( 18.8%) | loss: 1.258148 | trade:0.38 call:0.58 put:0.42 | ATM:0.51 OTM:0.49 | lr: 1.50e-04 | left: 195s
step 02550 ( 19.3%) | loss: 1.253284 | trade:0.34 call:0.62 put:0.38 | ATM:0.52 OTM:0.48 | lr: 1.50e-04 | left: 194s
step 02600 ( 19.9%) | loss: 1.250721 | trade:0.34 call:0.55 put:0.45 | ATM:0.50 OTM:0.50 | lr: 1.50e-04 | left: 192s
step 02650 ( 20.4%) | loss: 1.228372 | trade:0.37 call:0.62 put:0.38 | ATM:0.54 OTM:0.46 | lr: 1.50e-04 | left: 191s
step 02700 ( 20.9%) | loss: 1.258694 | trade:0.32 call:0.63 put:0.37 | ATM:0.52 OTM:0.48 | lr: 1.50e-04 | left: 190s
step 02750 ( 21.5%) | loss: 1.247457 | trade:0.36 call:0.57 put:0.43 | ATM:0.52 OTM:0.48 | lr: 1.50e-04 | left: 188s
step 02800 ( 22.0%) | loss: 1.236167 | trade:0.37 call:0.60 put:0.40 | ATM:0.55 OTM:0.45 | lr: 1.50e-04 | left: 187s
step 02850 ( 22.5%) | loss: 1.186439 | trade:0.30 call:0.63 put:0.37 | ATM:0.59 OTM:0.41 | lr: 1.50e-04 | left: 186s
step 02900 ( 23.1%) | loss: 1.196373 | trade:0.38 call:0.62 put:0.38 | ATM:0.53 OTM:0.47 | lr: 1.50e-04 | left: 185s
step 02950 ( 23.6%) | loss: 1.210261 | trade:0.36 call:0.60 put:0.40 | ATM:0.55 OTM:0.45 | lr: 1.50e-04 | left: 183s
step 03000 ( 24.1%) | loss: 1.207926 | trade:0.38 call:0.57 put:0.43 | ATM:0.55 OTM:0.45 | lr: 1.50e-04 | left: 182s
step 03050 ( 24.7%) | loss: 1.180869 | trade:0.37 call:0.66 put:0.34 | ATM:0.56 OTM:0.44 | lr: 1.50e-04 | left: 181s
step 03100 ( 25.2%) | loss: 1.185172 | trade:0.38 call:0.67 put:0.33 | ATM:0.58 OTM:0.42 | lr: 1.50e-04 | left: 180s
step 03150 ( 25.7%) | loss: 1.179859 | trade:0.36 call:0.59 put:0.41 | ATM:0.52 OTM:0.48 | lr: 1.50e-04 | left: 178s
step 03200 ( 26.2%) | loss: 1.205117 | trade:0.35 call:0.63 put:0.37 | ATM:0.53 OTM:0.47 | lr: 1.50e-04 | left: 177s
step 03250 ( 26.8%) | loss: 1.196475 | trade:0.30 call:0.59 put:0.41 | ATM:0.59 OTM:0.41 | lr: 1.50e-04 | left: 176s
step 03300 ( 27.3%) | loss: 1.192508 | trade:0.36 call:0.65 put:0.35 | ATM:0.56 OTM:0.44 | lr: 1.50e-04 | left: 174s
step 03350 ( 27.8%) | loss: 1.182392 | trade:0.30 call:0.58 put:0.42 | ATM:0.60 OTM:0.40 | lr: 1.50e-04 | left: 173s
step 03400 ( 28.4%) | loss: 1.172250 | trade:0.37 call:0.60 put:0.40 | ATM:0.56 OTM:0.44 | lr: 1.50e-04 | left: 172s
step 03450 ( 28.9%) | loss: 1.141859 | trade:0.34 call:0.61 put:0.39 | ATM:0.51 OTM:0.49 | lr: 1.50e-04 | left: 171s
step 03500 ( 29.4%) | loss: 1.177562 | trade:0.33 call:0.63 put:0.37 | ATM:0.52 OTM:0.48 | lr: 1.50e-04 | left: 169s
step 03550 ( 29.9%) | loss: 1.170088 | trade:0.33 call:0.63 put:0.37 | ATM:0.57 OTM:0.43 | lr: 1.50e-04 | left: 168s
step 03600 ( 30.5%) | loss: 1.160612 | trade:0.32 call:0.61 put:0.39 | ATM:0.56 OTM:0.44 | lr: 1.50e-04 | left: 167s
step 03650 ( 31.0%) | loss: 1.160378 | trade:0.30 call:0.62 put:0.38 | ATM:0.56 OTM:0.44 | lr: 1.50e-04 | left: 166s
step 03700 ( 31.5%) | loss: 1.154055 | trade:0.34 call:0.65 put:0.35 | ATM:0.56 OTM:0.44 | lr: 1.50e-04 | left: 164s
step 03750 ( 32.1%) | loss: 1.202832 | trade:0.29 call:0.67 put:0.33 | ATM:0.65 OTM:0.35 | lr: 1.50e-04 | left: 163s
step 03800 ( 32.6%) | loss: 1.167124 | trade:0.39 call:0.58 put:0.42 | ATM:0.57 OTM:0.43 | lr: 1.50e-04 | left: 162s
step 03850 ( 33.1%) | loss: 1.147361 | trade:0.35 call:0.59 put:0.41 | ATM:0.56 OTM:0.44 | lr: 1.50e-04 | left: 160s
step 03900 ( 33.7%) | loss: 1.138559 | trade:0.39 call:0.56 put:0.44 | ATM:0.59 OTM:0.41 | lr: 1.50e-04 | left: 159s
step 03950 ( 34.2%) | loss: 1.113544 | trade:0.26 call:0.67 put:0.33 | ATM:0.59 OTM:0.41 | lr: 1.50e-04 | left: 158s
step 04000 ( 34.7%) | loss: 1.152231 | trade:0.36 call:0.65 put:0.35 | ATM:0.56 OTM:0.44 | lr: 1.50e-04 | left: 157s
step 04050 ( 35.3%) | loss: 1.147307 | trade:0.36 call:0.63 put:0.37 | ATM:0.56 OTM:0.44 | lr: 1.50e-04 | left: 155s
step 04100 ( 35.8%) | loss: 1.136321 | trade:0.30 call:0.65 put:0.35 | ATM:0.56 OTM:0.44 | lr: 1.50e-04 | left: 154s
step 04150 ( 36.3%) | loss: 1.107361 | trade:0.33 call:0.58 put:0.42 | ATM:0.64 OTM:0.36 | lr: 1.50e-04 | left: 153s
step 04200 ( 36.8%) | loss: 1.114972 | trade:0.30 call:0.62 put:0.38 | ATM:0.62 OTM:0.38 | lr: 1.50e-04 | left: 152s
step 04250 ( 37.4%) | loss: 1.125576 | trade:0.33 call:0.57 put:0.43 | ATM:0.60 OTM:0.40 | lr: 1.50e-04 | left: 150s
step 04300 ( 37.9%) | loss: 1.126189 | trade:0.40 call:0.60 put:0.40 | ATM:0.60 OTM:0.40 | lr: 1.50e-04 | left: 149s
step 04350 ( 38.4%) | loss: 1.118607 | trade:0.29 call:0.65 put:0.35 | ATM:0.62 OTM:0.38 | lr: 1.50e-04 | left: 148s
step 04400 ( 39.0%) | loss: 1.122506 | trade:0.34 call:0.64 put:0.36 | ATM:0.54 OTM:0.46 | lr: 1.50e-04 | left: 146s
step 04450 ( 39.5%) | loss: 1.102719 | trade:0.37 call:0.66 put:0.34 | ATM:0.62 OTM:0.38 | lr: 1.50e-04 | left: 145s
step 04500 ( 40.0%) | loss: 1.135338 | trade:0.36 call:0.60 put:0.40 | ATM:0.61 OTM:0.39 | lr: 1.50e-04 | left: 144s
step 04550 ( 40.5%) | loss: 1.109508 | trade:0.34 call:0.58 put:0.42 | ATM:0.56 OTM:0.44 | lr: 1.50e-04 | left: 143s
step 04600 ( 41.1%) | loss: 1.122410 | trade:0.35 call:0.63 put:0.37 | ATM:0.55 OTM:0.45 | lr: 1.50e-04 | left: 141s
step 04650 ( 41.6%) | loss: 1.097747 | trade:0.35 call:0.60 put:0.40 | ATM:0.56 OTM:0.44 | lr: 1.50e-04 | left: 140s
step 04700 ( 42.1%) | loss: 1.122339 | trade:0.38 call:0.64 put:0.36 | ATM:0.63 OTM:0.37 | lr: 1.50e-04 | left: 139s
step 04750 ( 42.7%) | loss: 1.134958 | trade:0.31 call:0.59 put:0.41 | ATM:0.63 OTM:0.37 | lr: 1.50e-04 | left: 138s
step 04800 ( 43.2%) | loss: 1.092703 | trade:0.39 call:0.59 put:0.41 | ATM:0.54 OTM:0.46 | lr: 1.50e-04 | left: 136s
step 04850 ( 43.7%) | loss: 1.101860 | trade:0.38 call:0.61 put:0.39 | ATM:0.59 OTM:0.41 | lr: 1.50e-04 | left: 135s
step 04900 ( 44.2%) | loss: 1.094362 | trade:0.30 call:0.62 put:0.38 | ATM:0.66 OTM:0.34 | lr: 1.50e-04 | left: 134s
step 04950 ( 44.7%) | loss: 1.123924 | trade:0.35 call:0.61 put:0.39 | ATM:0.60 OTM:0.40 | lr: 1.50e-04 | left: 133s
step 05000 ( 45.3%) | loss: 1.112084 | trade:0.36 call:0.58 put:0.42 | ATM:0.62 OTM:0.38 | lr: 1.50e-04 | left: 131s
step 05050 ( 45.8%) | loss: 1.099388 | trade:0.34 call:0.64 put:0.36 | ATM:0.53 OTM:0.47 | lr: 1.50e-04 | left: 130s
step 05100 ( 46.3%) | loss: 1.114870 | trade:0.33 call:0.62 put:0.38 | ATM:0.60 OTM:0.40 | lr: 1.50e-04 | left: 129s
step 05150 ( 46.9%) | loss: 1.095106 | trade:0.38 call:0.58 put:0.42 | ATM:0.62 OTM:0.38 | lr: 1.50e-04 | left: 128s
step 05200 ( 47.4%) | loss: 1.100622 | trade:0.30 call:0.63 put:0.37 | ATM:0.62 OTM:0.38 | lr: 1.50e-04 | left: 126s
step 05250 ( 47.9%) | loss: 1.091962 | trade:0.29 call:0.63 put:0.37 | ATM:0.65 OTM:0.35 | lr: 1.50e-04 | left: 125s
step 05300 ( 48.4%) | loss: 1.096083 | trade:0.30 call:0.67 put:0.33 | ATM:0.60 OTM:0.40 | lr: 1.50e-04 | left: 124s
step 05350 ( 49.0%) | loss: 1.106616 | trade:0.29 call:0.69 put:0.31 | ATM:0.67 OTM:0.33 | lr: 1.50e-04 | left: 122s
step 05400 ( 49.5%) | loss: 1.101654 | trade:0.39 call:0.54 put:0.46 | ATM:0.54 OTM:0.46 | lr: 1.50e-04 | left: 121s
step 05450 ( 50.0%) | loss: 1.071053 | trade:0.37 call:0.58 put:0.42 | ATM:0.58 OTM:0.42 | lr: 1.50e-04 | left: 120s
step 05500 ( 50.5%) | loss: 1.082822 | trade:0.34 call:0.56 put:0.44 | ATM:0.60 OTM:0.40 | lr: 1.50e-04 | left: 119s
step 05550 ( 51.1%) | loss: 1.095661 | trade:0.35 call:0.61 put:0.39 | ATM:0.67 OTM:0.33 | lr: 1.50e-04 | left: 117s
step 05600 ( 51.6%) | loss: 1.081043 | trade:0.35 call:0.67 put:0.33 | ATM:0.63 OTM:0.37 | lr: 1.50e-04 | left: 116s
step 05650 ( 52.1%) | loss: 1.074104 | trade:0.32 call:0.67 put:0.33 | ATM:0.67 OTM:0.33 | lr: 1.50e-04 | left: 115s
step 05700 ( 52.6%) | loss: 1.098847 | trade:0.40 call:0.63 put:0.37 | ATM:0.58 OTM:0.42 | lr: 1.50e-04 | left: 114s
step 05750 ( 53.2%) | loss: 1.059111 | trade:0.33 call:0.59 put:0.41 | ATM:0.58 OTM:0.42 | lr: 1.50e-04 | left: 112s
step 05800 ( 53.7%) | loss: 1.079308 | trade:0.34 call:0.67 put:0.33 | ATM:0.67 OTM:0.33 | lr: 1.50e-04 | left: 111s
step 05850 ( 54.2%) | loss: 1.077187 | trade:0.33 call:0.61 put:0.39 | ATM:0.60 OTM:0.40 | lr: 1.50e-04 | left: 110s
step 05900 ( 54.8%) | loss: 1.074508 | trade:0.35 call:0.62 put:0.38 | ATM:0.63 OTM:0.37 | lr: 1.50e-04 | left: 109s
step 05950 ( 55.3%) | loss: 1.052112 | trade:0.34 call:0.53 put:0.47 | ATM:0.65 OTM:0.35 | lr: 1.50e-04 | left: 107s
step 06000 ( 55.8%) | loss: 1.070791 | trade:0.36 call:0.63 put:0.37 | ATM:0.64 OTM:0.36 | lr: 1.50e-04 | left: 106s
step 06050 ( 56.3%) | loss: 1.095003 | trade:0.33 call:0.61 put:0.39 | ATM:0.62 OTM:0.38 | lr: 1.50e-04 | left: 105s
step 06100 ( 56.9%) | loss: 1.078672 | trade:0.29 call:0.58 put:0.42 | ATM:0.64 OTM:0.36 | lr: 1.50e-04 | left: 103s
step 06150 ( 57.4%) | loss: 1.074738 | trade:0.27 call:0.62 put:0.38 | ATM:0.61 OTM:0.39 | lr: 1.50e-04 | left: 102s
step 06200 ( 57.9%) | loss: 1.066859 | trade:0.34 call:0.57 put:0.43 | ATM:0.60 OTM:0.40 | lr: 1.50e-04 | left: 101s
step 06250 ( 58.5%) | loss: 1.056550 | trade:0.33 call:0.68 put:0.32 | ATM:0.66 OTM:0.34 | lr: 1.50e-04 | left: 100s
step 06300 ( 59.0%) | loss: 1.066735 | trade:0.34 call:0.60 put:0.40 | ATM:0.59 OTM:0.41 | lr: 1.50e-04 | left: 98s
step 06350 ( 59.5%) | loss: 1.061954 | trade:0.31 call:0.65 put:0.35 | ATM:0.67 OTM:0.33 | lr: 1.50e-04 | left: 97s
step 06400 ( 60.0%) | loss: 1.062571 | trade:0.34 call:0.61 put:0.39 | ATM:0.67 OTM:0.33 | lr: 1.50e-04 | left: 96s
step 06450 ( 60.5%) | loss: 1.048529 | trade:0.34 call:0.56 put:0.44 | ATM:0.58 OTM:0.42 | lr: 1.50e-04 | left: 95s
step 06500 ( 61.1%) | loss: 1.060627 | trade:0.32 call:0.57 put:0.43 | ATM:0.62 OTM:0.38 | lr: 1.50e-04 | left: 93s
step 06550 ( 61.6%) | loss: 1.059108 | trade:0.37 call:0.63 put:0.37 | ATM:0.55 OTM:0.45 | lr: 1.50e-04 | left: 92s
step 06600 ( 62.1%) | loss: 1.070613 | trade:0.38 call:0.63 put:0.37 | ATM:0.60 OTM:0.40 | lr: 1.50e-04 | left: 91s
step 06650 ( 62.6%) | loss: 1.061086 | trade:0.36 call:0.63 put:0.37 | ATM:0.65 OTM:0.35 | lr: 1.50e-04 | left: 90s
step 06700 ( 63.2%) | loss: 1.062154 | trade:0.35 call:0.68 put:0.32 | ATM:0.64 OTM:0.36 | lr: 1.50e-04 | left: 88s
step 06750 ( 63.7%) | loss: 1.062317 | trade:0.36 call:0.63 put:0.37 | ATM:0.59 OTM:0.41 | lr: 1.50e-04 | left: 87s
step 06800 ( 64.2%) | loss: 1.081152 | trade:0.33 call:0.55 put:0.45 | ATM:0.62 OTM:0.38 | lr: 1.50e-04 | left: 86s
step 06850 ( 64.8%) | loss: 1.052078 | trade:0.33 call:0.62 put:0.38 | ATM:0.65 OTM:0.35 | lr: 1.50e-04 | left: 85s
step 06900 ( 65.3%) | loss: 1.046559 | trade:0.34 call:0.59 put:0.41 | ATM:0.62 OTM:0.38 | lr: 1.50e-04 | left: 83s
step 06950 ( 65.8%) | loss: 1.044660 | trade:0.28 call:0.59 put:0.41 | ATM:0.70 OTM:0.30 | lr: 1.50e-04 | left: 82s
step 07000 ( 66.3%) | loss: 1.051243 | trade:0.34 call:0.59 put:0.41 | ATM:0.59 OTM:0.41 | lr: 1.50e-04 | left: 81s
step 07050 ( 66.9%) | loss: 1.050772 | trade:0.29 call:0.59 put:0.41 | ATM:0.66 OTM:0.34 | lr: 1.50e-04 | left: 79s
step 07100 ( 67.4%) | loss: 1.058669 | trade:0.30 call:0.61 put:0.39 | ATM:0.63 OTM:0.37 | lr: 1.50e-04 | left: 78s
step 07150 ( 67.9%) | loss: 1.038688 | trade:0.35 call:0.60 put:0.40 | ATM:0.59 OTM:0.41 | lr: 1.50e-04 | left: 77s
step 07200 ( 68.5%) | loss: 1.024881 | trade:0.32 call:0.59 put:0.41 | ATM:0.58 OTM:0.42 | lr: 1.50e-04 | left: 76s
step 07250 ( 69.0%) | loss: 1.038216 | trade:0.34 call:0.60 put:0.40 | ATM:0.60 OTM:0.40 | lr: 1.50e-04 | left: 74s
step 07300 ( 69.5%) | loss: 1.035703 | trade:0.39 call:0.61 put:0.39 | ATM:0.59 OTM:0.41 | lr: 1.50e-04 | left: 73s
step 07350 ( 70.1%) | loss: 1.022381 | trade:0.30 call:0.61 put:0.39 | ATM:0.65 OTM:0.35 | lr: 1.50e-04 | left: 72s
step 07400 ( 70.6%) | loss: 1.052210 | trade:0.31 call:0.62 put:0.38 | ATM:0.64 OTM:0.36 | lr: 1.50e-04 | left: 71s
step 07450 ( 71.1%) | loss: 1.059631 | trade:0.33 call:0.64 put:0.36 | ATM:0.67 OTM:0.33 | lr: 1.49e-04 | left: 69s
step 07500 ( 71.6%) | loss: 1.031265 | trade:0.31 call:0.59 put:0.41 | ATM:0.61 OTM:0.39 | lr: 1.49e-04 | left: 68s
step 07550 ( 72.2%) | loss: 1.035028 | trade:0.24 call:0.60 put:0.40 | ATM:0.68 OTM:0.32 | lr: 1.48e-04 | left: 67s
step 07600 ( 72.7%) | loss: 1.038875 | trade:0.32 call:0.59 put:0.41 | ATM:0.61 OTM:0.39 | lr: 1.47e-04 | left: 65s
step 07650 ( 73.2%) | loss: 1.046951 | trade:0.30 call:0.55 put:0.45 | ATM:0.58 OTM:0.42 | lr: 1.46e-04 | left: 64s
step 07700 ( 73.8%) | loss: 1.045852 | trade:0.33 call:0.64 put:0.36 | ATM:0.56 OTM:0.44 | lr: 1.44e-04 | left: 63s
step 07750 ( 74.3%) | loss: 1.034623 | trade:0.35 call:0.54 put:0.46 | ATM:0.63 OTM:0.37 | lr: 1.43e-04 | left: 62s
step 07800 ( 74.8%) | loss: 1.051036 | trade:0.31 call:0.56 put:0.44 | ATM:0.66 OTM:0.34 | lr: 1.41e-04 | left: 60s
step 07850 ( 75.4%) | loss: 1.051030 | trade:0.35 call:0.58 put:0.42 | ATM:0.65 OTM:0.35 | lr: 1.38e-04 | left: 59s
step 07900 ( 75.9%) | loss: 1.033712 | trade:0.35 call:0.64 put:0.36 | ATM:0.60 OTM:0.40 | lr: 1.36e-04 | left: 58s
step 07950 ( 76.4%) | loss: 1.018912 | trade:0.39 call:0.55 put:0.45 | ATM:0.55 OTM:0.45 | lr: 1.34e-04 | left: 57s
step 08000 ( 76.9%) | loss: 1.025757 | trade:0.33 call:0.52 put:0.48 | ATM:0.67 OTM:0.33 | lr: 1.31e-04 | left: 55s
step 08050 ( 77.5%) | loss: 1.046092 | trade:0.38 call:0.61 put:0.39 | ATM:0.61 OTM:0.39 | lr: 1.28e-04 | left: 54s
step 08100 ( 78.0%) | loss: 1.020986 | trade:0.32 call:0.60 put:0.40 | ATM:0.69 OTM:0.31 | lr: 1.25e-04 | left: 53s
step 08150 ( 78.5%) | loss: 1.039459 | trade:0.34 call:0.57 put:0.43 | ATM:0.61 OTM:0.39 | lr: 1.22e-04 | left: 52s
step 08200 ( 79.1%) | loss: 1.045220 | trade:0.36 call:0.60 put:0.40 | ATM:0.62 OTM:0.38 | lr: 1.19e-04 | left: 50s
step 08250 ( 79.6%) | loss: 1.030092 | trade:0.42 call:0.60 put:0.40 | ATM:0.54 OTM:0.46 | lr: 1.15e-04 | left: 49s
step 08300 ( 80.1%) | loss: 1.039088 | trade:0.26 call:0.61 put:0.39 | ATM:0.64 OTM:0.36 | lr: 1.12e-04 | left: 48s
step 08350 ( 80.6%) | loss: 1.047662 | trade:0.36 call:0.61 put:0.39 | ATM:0.62 OTM:0.38 | lr: 1.08e-04 | left: 46s
step 08400 ( 81.2%) | loss: 1.021375 | trade:0.34 call:0.59 put:0.41 | ATM:0.66 OTM:0.34 | lr: 1.04e-04 | left: 45s
step 08450 ( 81.7%) | loss: 1.031922 | trade:0.33 call:0.54 put:0.46 | ATM:0.61 OTM:0.39 | lr: 1.00e-04 | left: 44s
step 08500 ( 82.2%) | loss: 1.025769 | trade:0.36 call:0.57 put:0.43 | ATM:0.62 OTM:0.38 | lr: 9.65e-05 | left: 43s
step 08550 ( 82.7%) | loss: 0.999039 | trade:0.33 call:0.65 put:0.35 | ATM:0.67 OTM:0.33 | lr: 9.26e-05 | left: 41s
step 08600 ( 83.3%) | loss: 1.001115 | trade:0.32 call:0.58 put:0.42 | ATM:0.62 OTM:0.38 | lr: 8.85e-05 | left: 40s
step 08650 ( 83.8%) | loss: 1.000039 | trade:0.32 call:0.56 put:0.44 | ATM:0.59 OTM:0.41 | lr: 8.44e-05 | left: 39s
step 08700 ( 84.3%) | loss: 1.014494 | trade:0.36 call:0.54 put:0.46 | ATM:0.62 OTM:0.38 | lr: 8.02e-05 | left: 38s
step 08750 ( 84.9%) | loss: 1.030101 | trade:0.34 call:0.54 put:0.46 | ATM:0.61 OTM:0.39 | lr: 7.61e-05 | left: 36s
step 08800 ( 85.4%) | loss: 1.006459 | trade:0.36 call:0.61 put:0.39 | ATM:0.65 OTM:0.35 | lr: 7.19e-05 | left: 35s
step 08850 ( 85.9%) | loss: 1.000600 | trade:0.30 call:0.56 put:0.44 | ATM:0.70 OTM:0.30 | lr: 6.77e-05 | left: 34s
step 08900 ( 86.5%) | loss: 1.018959 | trade:0.32 call:0.63 put:0.37 | ATM:0.61 OTM:0.39 | lr: 6.36e-05 | left: 32s
step 08950 ( 87.0%) | loss: 1.020225 | trade:0.38 call:0.65 put:0.35 | ATM:0.61 OTM:0.39 | lr: 5.95e-05 | left: 31s
step 09000 ( 87.5%) | loss: 0.988326 | trade:0.30 call:0.64 put:0.36 | ATM:0.65 OTM:0.35 | lr: 5.55e-05 | left: 30s
step 09050 ( 88.0%) | loss: 1.021785 | trade:0.40 call:0.56 put:0.44 | ATM:0.58 OTM:0.42 | lr: 5.15e-05 | left: 29s
step 09100 ( 88.6%) | loss: 1.032011 | trade:0.33 call:0.60 put:0.40 | ATM:0.66 OTM:0.34 | lr: 4.76e-05 | left: 27s
step 09150 ( 89.1%) | loss: 0.997402 | trade:0.29 call:0.60 put:0.40 | ATM:0.69 OTM:0.31 | lr: 4.37e-05 | left: 26s
step 09200 ( 89.6%) | loss: 1.019274 | trade:0.32 call:0.59 put:0.41 | ATM:0.69 OTM:0.31 | lr: 4.00e-05 | left: 25s
step 09250 ( 90.2%) | loss: 0.984866 | trade:0.33 call:0.56 put:0.44 | ATM:0.71 OTM:0.29 | lr: 3.63e-05 | left: 24s
step 09300 ( 90.7%) | loss: 0.988028 | trade:0.31 call:0.63 put:0.37 | ATM:0.65 OTM:0.35 | lr: 3.28e-05 | left: 22s
step 09350 ( 91.2%) | loss: 1.001485 | trade:0.35 call:0.62 put:0.38 | ATM:0.69 OTM:0.31 | lr: 2.94e-05 | left: 21s
step 09400 ( 91.8%) | loss: 1.020784 | trade:0.32 call:0.65 put:0.35 | ATM:0.69 OTM:0.31 | lr: 2.62e-05 | left: 20s
step 09450 ( 92.3%) | loss: 0.989392 | trade:0.34 call:0.56 put:0.44 | ATM:0.63 OTM:0.37 | lr: 2.31e-05 | left: 18s
step 09500 ( 92.8%) | loss: 0.999471 | trade:0.36 call:0.58 put:0.42 | ATM:0.65 OTM:0.35 | lr: 2.02e-05 | left: 17s
step 09550 ( 93.4%) | loss: 0.975798 | trade:0.35 call:0.62 put:0.38 | ATM:0.64 OTM:0.36 | lr: 1.74e-05 | left: 16s
step 09600 ( 93.9%) | loss: 1.005047 | trade:0.33 call:0.58 put:0.42 | ATM:0.58 OTM:0.42 | lr: 1.48e-05 | left: 15s
step 09650 ( 94.4%) | loss: 1.001437 | trade:0.37 call:0.58 put:0.42 | ATM:0.63 OTM:0.37 | lr: 1.25e-05 | left: 13s
step 09700 ( 94.9%) | loss: 0.986458 | trade:0.35 call:0.59 put:0.41 | ATM:0.63 OTM:0.37 | lr: 1.03e-05 | left: 12s
step 09750 ( 95.5%) | loss: 0.991187 | trade:0.30 call:0.60 put:0.40 | ATM:0.70 OTM:0.30 | lr: 8.27e-06 | left: 11s
step 09800 ( 96.0%) | loss: 0.985484 | trade:0.31 call:0.63 put:0.37 | ATM:0.67 OTM:0.33 | lr: 6.47e-06 | left: 10s
step 09850 ( 96.5%) | loss: 0.996204 | trade:0.35 call:0.50 put:0.50 | ATM:0.61 OTM:0.39 | lr: 4.89e-06 | left: 8s
step 09900 ( 97.1%) | loss: 1.000449 | trade:0.29 call:0.61 put:0.39 | ATM:0.68 OTM:0.32 | lr: 3.52e-06 | left: 7s
step 09950 ( 97.6%) | loss: 0.987083 | trade:0.33 call:0.60 put:0.40 | ATM:0.69 OTM:0.31 | lr: 2.37e-06 | left: 6s
step 10000 ( 98.1%) | loss: 1.004748 | trade:0.36 call:0.54 put:0.46 | ATM:0.67 OTM:0.33 | lr: 1.44e-06 | left: 4s
step 10050 ( 98.7%) | loss: 0.992970 | trade:0.33 call:0.62 put:0.38 | ATM:0.62 OTM:0.38 | lr: 7.43e-07 | left: 3s
step 10100 ( 99.2%) | loss: 0.993221 | trade:0.33 call:0.53 put:0.47 | ATM:0.66 OTM:0.34 | lr: 2.74e-07 | left: 2s
step 10150 ( 99.7%) | loss: 0.995927 | trade:0.34 call:0.63 put:0.37 | ATM:0.65 OTM:0.35 | lr: 3.38e-08 | left: 1s

Training done at 245s. Starting evaluation...
Evaluation done in 7s (total wall: 251s)
Model saved to /root/best_model.pt
Trade log: 87 trades -> /root/trade_log.csv

---
score:              1.107255
profit_factor:      2.874489
win_rate:           0.448276
avg_winner:         0.822535
avg_loser:          -0.232497
trades_per_day:     1.338462
max_consec_loss:    5
num_trades:         87
trade_sharpe:       4.130621
sortino:            44.317834
max_drawdown:       -1.496559
calmar:             13.978076
ev_per_trade:       0.240448
do_nothing_pct:     0.588789
exit_pct:           0.012780
model_exit_count:   57
cooldown_blocked:   123
pre_10am_blocked:   609
short_hold_pct:     0.184000
stop_loss_rate:     0.310000
direction_collapse_pct: 0.344800
avg_entry_cost_bps: 410.603200
avg_entry_quality:  0.719300
cost_realism_coverage: 1.011500
high_cost_entry_rate: 0.494300
low_quality_entry_rate: 0.000000
actionable_bar_rate: 0.829100
risk_off_bar_rate:  0.000000
final_capital:      13036.53
equity_sharpe:      1.496600
max_equity_dd:      -0.201100
total_dollar_return:0.303700
val_sharpe:         5.453502
total_return:       20.919009
num_val_bars:       4460
num_val_days:       65
worst_chunk_pf:     0.46
rr_ratio:           3.5378
avg_hold_bars:      12.66
model_exit_rate:    0.6552
hit_ruin:           False
min_equity_frac:    0.9321
avg_risk_fraction:  0.0971
max_risk_fraction:  0.3038
trades_blocked_by_balance: 0
  Chunk 1: 2025-02-18..2025-05-12 | 14 trades | PF=3.21 | WR=35.7%
  Chunk 2: 2025-05-14..2025-07-07 | 9 trades | PF=3.80 | WR=44.4%
  Chunk 3: 2025-07-18..2025-09-09 | 13 trades | PF=0.46 | WR=53.8%
  Chunk 4: 2025-09-10..2025-10-31 | 18 trades | PF=5.02 | WR=44.4%
  Chunk 5: 2025-11-03..2026-03-12 | 33 trades | PF=2.59 | WR=45.5%
training_seconds:   240.0
total_seconds:      253.4
peak_vram_mb:       357.0
num_steps:          10177
num_params:         146,265
lookback:           120
depth:              3
d_model:            64
effective_lr:       0.00015
gate_label_smoothing:0.050000
dir_label_smoothing:0.050000
false_entry_penalty:2.000000
/opt/conda/lib/python3.11/site-packages/torch/nn/modules/transformer.py:379: UserWarning: enable_nested_tensor is True, but self.use_nested_tensor is False because encoder_layer.norm_first was True
  warnings.warn(
