Loading data from: /root/.cache/autoresearch-trading/features/data.pt
Loaded 382920 1-min bars, 32 features, 8 actions
  ~981 trading days
Training:   up to idx 268019
Validation: idx 268020-382919
  Option P&L coverage: 296720/382920 (77%)
Parameters: 146,273
Architecture: v4 simplified two-head (gate+dir) + conviction-based gating
Training from scratch (v4: no warm-start).

Budget: 240s | Batch: 128 | Lookback: 120
LR: 0.00015 | Depth: 3 | d_model: 64 | ff_mult: 3
Dropout: 0.15 | Weight decay: 0.05
False entry penalty: 2.0x
Label smoothing: gate=0.05 dir=0.05

step 00000 (  0.0%) | loss: 3.104341 | trade:0.23 call:0.44 put:0.56 | ATM:0.26 OTM:0.74 | lr: 0.00e+00 | left: 240s
step 00050 (  0.4%) | loss: 3.322771 | trade:0.22 call:0.43 put:0.57 | ATM:0.26 OTM:0.74 | lr: 5.42e-06 | left: 239s
step 00100 (  0.9%) | loss: 3.266654 | trade:0.25 call:0.44 put:0.56 | ATM:0.26 OTM:0.74 | lr: 1.32e-05 | left: 238s
step 00150 (  1.4%) | loss: 3.176084 | trade:0.32 call:0.43 put:0.57 | ATM:0.27 OTM:0.73 | lr: 2.09e-05 | left: 237s
step 00200 (  1.9%) | loss: 3.098582 | trade:0.39 call:0.44 put:0.56 | ATM:0.27 OTM:0.73 | lr: 2.87e-05 | left: 235s
step 00250 (  2.4%) | loss: 3.015788 | trade:0.43 call:0.46 put:0.54 | ATM:0.28 OTM:0.72 | lr: 3.65e-05 | left: 234s
step 00300 (  3.0%) | loss: 2.959080 | trade:0.43 call:0.47 put:0.53 | ATM:0.29 OTM:0.71 | lr: 4.43e-05 | left: 233s
step 00350 (  3.5%) | loss: 2.927953 | trade:0.44 call:0.48 put:0.52 | ATM:0.31 OTM:0.69 | lr: 5.20e-05 | left: 232s
step 00400 (  4.0%) | loss: 2.865797 | trade:0.43 call:0.50 put:0.50 | ATM:0.33 OTM:0.67 | lr: 5.96e-05 | left: 230s
step 00450 (  4.2%) | loss: 2.804988 | trade:0.41 call:0.51 put:0.49 | ATM:0.34 OTM:0.66 | lr: 6.36e-05 | left: 230s
step 00500 (  4.6%) | loss: 2.774503 | trade:0.42 call:0.54 put:0.46 | ATM:0.35 OTM:0.65 | lr: 6.92e-05 | left: 229s
step 00550 (  5.1%) | loss: 2.744729 | trade:0.43 call:0.53 put:0.47 | ATM:0.36 OTM:0.64 | lr: 7.69e-05 | left: 228s
step 00600 (  5.6%) | loss: 2.681840 | trade:0.42 call:0.53 put:0.47 | ATM:0.37 OTM:0.63 | lr: 8.47e-05 | left: 226s
step 00650 (  6.2%) | loss: 2.628471 | trade:0.44 call:0.55 put:0.45 | ATM:0.37 OTM:0.63 | lr: 9.25e-05 | left: 225s
step 00700 (  6.7%) | loss: 2.522843 | trade:0.40 call:0.57 put:0.43 | ATM:0.38 OTM:0.62 | lr: 1.00e-04 | left: 224s
step 00750 (  7.2%) | loss: 2.455397 | trade:0.40 call:0.60 put:0.40 | ATM:0.40 OTM:0.60 | lr: 1.08e-04 | left: 223s
step 00800 (  7.7%) | loss: 2.383390 | trade:0.41 call:0.53 put:0.47 | ATM:0.39 OTM:0.61 | lr: 1.16e-04 | left: 221s
step 00850 (  8.3%) | loss: 2.321168 | trade:0.42 call:0.59 put:0.41 | ATM:0.40 OTM:0.60 | lr: 1.24e-04 | left: 220s
step 00900 (  8.8%) | loss: 2.229606 | trade:0.43 call:0.55 put:0.45 | ATM:0.37 OTM:0.63 | lr: 1.32e-04 | left: 219s
step 00950 (  9.3%) | loss: 2.116023 | trade:0.38 call:0.65 put:0.35 | ATM:0.43 OTM:0.57 | lr: 1.39e-04 | left: 218s
step 01000 (  9.8%) | loss: 2.039404 | trade:0.41 call:0.64 put:0.36 | ATM:0.45 OTM:0.55 | lr: 1.47e-04 | left: 216s
step 01050 ( 10.3%) | loss: 1.943442 | trade:0.38 call:0.66 put:0.34 | ATM:0.47 OTM:0.53 | lr: 1.50e-04 | left: 215s
step 01100 ( 10.8%) | loss: 1.851429 | trade:0.42 call:0.65 put:0.35 | ATM:0.47 OTM:0.53 | lr: 1.50e-04 | left: 214s
step 01150 ( 11.3%) | loss: 1.780559 | trade:0.40 call:0.63 put:0.37 | ATM:0.46 OTM:0.54 | lr: 1.50e-04 | left: 213s
step 01200 ( 11.9%) | loss: 1.740086 | trade:0.41 call:0.64 put:0.36 | ATM:0.43 OTM:0.57 | lr: 1.50e-04 | left: 211s
step 01250 ( 12.4%) | loss: 1.651169 | trade:0.40 call:0.60 put:0.40 | ATM:0.47 OTM:0.53 | lr: 1.50e-04 | left: 210s
step 01300 ( 12.9%) | loss: 1.605487 | trade:0.32 call:0.69 put:0.31 | ATM:0.48 OTM:0.52 | lr: 1.50e-04 | left: 209s
step 01350 ( 13.4%) | loss: 1.540674 | trade:0.38 call:0.59 put:0.41 | ATM:0.46 OTM:0.54 | lr: 1.50e-04 | left: 208s
step 01400 ( 14.0%) | loss: 1.548060 | trade:0.39 call:0.61 put:0.39 | ATM:0.53 OTM:0.47 | lr: 1.50e-04 | left: 206s
step 01450 ( 14.5%) | loss: 1.499383 | trade:0.34 call:0.75 put:0.25 | ATM:0.51 OTM:0.49 | lr: 1.50e-04 | left: 205s
step 01500 ( 15.0%) | loss: 1.491083 | trade:0.41 call:0.65 put:0.35 | ATM:0.49 OTM:0.51 | lr: 1.50e-04 | left: 204s
step 01550 ( 15.5%) | loss: 1.409342 | trade:0.37 call:0.68 put:0.32 | ATM:0.51 OTM:0.49 | lr: 1.50e-04 | left: 203s
step 01600 ( 16.0%) | loss: 1.418733 | trade:0.40 call:0.64 put:0.36 | ATM:0.48 OTM:0.52 | lr: 1.50e-04 | left: 202s
step 01650 ( 16.5%) | loss: 1.412221 | trade:0.39 call:0.64 put:0.36 | ATM:0.54 OTM:0.46 | lr: 1.50e-04 | left: 200s
step 01700 ( 17.1%) | loss: 1.388349 | trade:0.35 call:0.71 put:0.29 | ATM:0.56 OTM:0.44 | lr: 1.50e-04 | left: 199s
step 01750 ( 17.6%) | loss: 1.338091 | trade:0.34 call:0.70 put:0.30 | ATM:0.59 OTM:0.41 | lr: 1.50e-04 | left: 198s
step 01800 ( 18.1%) | loss: 1.372449 | trade:0.32 call:0.65 put:0.35 | ATM:0.55 OTM:0.45 | lr: 1.50e-04 | left: 196s
step 01850 ( 18.6%) | loss: 1.356817 | trade:0.39 call:0.65 put:0.35 | ATM:0.54 OTM:0.46 | lr: 1.50e-04 | left: 195s
step 01900 ( 19.2%) | loss: 1.317354 | trade:0.38 call:0.65 put:0.35 | ATM:0.53 OTM:0.47 | lr: 1.50e-04 | left: 194s
step 01950 ( 19.7%) | loss: 1.314618 | trade:0.32 call:0.62 put:0.38 | ATM:0.53 OTM:0.47 | lr: 1.50e-04 | left: 193s
step 02000 ( 20.2%) | loss: 1.286996 | trade:0.32 call:0.70 put:0.30 | ATM:0.55 OTM:0.45 | lr: 1.50e-04 | left: 191s
step 02050 ( 20.7%) | loss: 1.330842 | trade:0.36 call:0.67 put:0.33 | ATM:0.55 OTM:0.45 | lr: 1.50e-04 | left: 190s
step 02100 ( 21.3%) | loss: 1.288336 | trade:0.34 call:0.67 put:0.33 | ATM:0.53 OTM:0.47 | lr: 1.50e-04 | left: 189s
step 02150 ( 21.8%) | loss: 1.298931 | trade:0.34 call:0.66 put:0.34 | ATM:0.52 OTM:0.48 | lr: 1.50e-04 | left: 188s
step 02200 ( 22.3%) | loss: 1.263824 | trade:0.39 call:0.65 put:0.35 | ATM:0.50 OTM:0.50 | lr: 1.50e-04 | left: 186s
step 02250 ( 22.8%) | loss: 1.265735 | trade:0.36 call:0.66 put:0.34 | ATM:0.59 OTM:0.41 | lr: 1.50e-04 | left: 185s
step 02300 ( 23.3%) | loss: 1.254317 | trade:0.36 call:0.63 put:0.37 | ATM:0.56 OTM:0.44 | lr: 1.50e-04 | left: 184s
step 02350 ( 23.6%) | loss: 1.253217 | trade:0.35 call:0.72 put:0.28 | ATM:0.60 OTM:0.40 | lr: 1.50e-04 | left: 183s
step 02400 ( 24.0%) | loss: 1.235712 | trade:0.33 call:0.72 put:0.28 | ATM:0.50 OTM:0.50 | lr: 1.50e-04 | left: 182s
step 02450 ( 24.3%) | loss: 1.262355 | trade:0.38 call:0.70 put:0.30 | ATM:0.55 OTM:0.45 | lr: 1.50e-04 | left: 182s
step 02500 ( 24.7%) | loss: 1.244225 | trade:0.38 call:0.64 put:0.36 | ATM:0.54 OTM:0.46 | lr: 1.50e-04 | left: 181s
step 02550 ( 25.0%) | loss: 1.258944 | trade:0.33 call:0.64 put:0.36 | ATM:0.56 OTM:0.44 | lr: 1.50e-04 | left: 180s
step 02600 ( 25.2%) | loss: 1.226298 | trade:0.34 call:0.62 put:0.38 | ATM:0.54 OTM:0.46 | lr: 1.50e-04 | left: 179s
step 02650 ( 25.4%) | loss: 1.215987 | trade:0.35 call:0.65 put:0.35 | ATM:0.58 OTM:0.42 | lr: 1.50e-04 | left: 179s
step 02700 ( 25.6%) | loss: 1.247075 | trade:0.33 call:0.67 put:0.33 | ATM:0.56 OTM:0.44 | lr: 1.50e-04 | left: 178s
step 02750 ( 25.9%) | loss: 1.255107 | trade:0.35 call:0.60 put:0.40 | ATM:0.54 OTM:0.46 | lr: 1.50e-04 | left: 178s
step 02800 ( 26.1%) | loss: 1.202839 | trade:0.35 call:0.63 put:0.37 | ATM:0.58 OTM:0.42 | lr: 1.50e-04 | left: 177s
step 02850 ( 26.3%) | loss: 1.200643 | trade:0.28 call:0.69 put:0.31 | ATM:0.65 OTM:0.35 | lr: 1.50e-04 | left: 177s
step 02900 ( 26.5%) | loss: 1.194887 | trade:0.41 call:0.63 put:0.37 | ATM:0.58 OTM:0.42 | lr: 1.50e-04 | left: 176s
step 02950 ( 26.7%) | loss: 1.203802 | trade:0.37 call:0.66 put:0.34 | ATM:0.59 OTM:0.41 | lr: 1.50e-04 | left: 176s
step 03000 ( 26.9%) | loss: 1.207719 | trade:0.39 call:0.58 put:0.42 | ATM:0.56 OTM:0.44 | lr: 1.50e-04 | left: 175s
step 03050 ( 27.1%) | loss: 1.174662 | trade:0.37 call:0.67 put:0.33 | ATM:0.59 OTM:0.41 | lr: 1.50e-04 | left: 175s
step 03100 ( 27.4%) | loss: 1.183909 | trade:0.36 call:0.68 put:0.32 | ATM:0.64 OTM:0.36 | lr: 1.50e-04 | left: 174s
step 03150 ( 27.9%) | loss: 1.166174 | trade:0.36 call:0.65 put:0.35 | ATM:0.59 OTM:0.41 | lr: 1.50e-04 | left: 173s
step 03200 ( 28.4%) | loss: 1.186992 | trade:0.37 call:0.65 put:0.35 | ATM:0.58 OTM:0.42 | lr: 1.50e-04 | left: 172s
step 03250 ( 28.9%) | loss: 1.203433 | trade:0.29 call:0.67 put:0.33 | ATM:0.61 OTM:0.39 | lr: 1.50e-04 | left: 171s
step 03300 ( 29.4%) | loss: 1.178201 | trade:0.36 call:0.70 put:0.30 | ATM:0.60 OTM:0.40 | lr: 1.50e-04 | left: 169s
step 03350 ( 29.9%) | loss: 1.161916 | trade:0.31 call:0.61 put:0.39 | ATM:0.62 OTM:0.38 | lr: 1.50e-04 | left: 168s
step 03400 ( 30.4%) | loss: 1.158099 | trade:0.33 call:0.66 put:0.34 | ATM:0.63 OTM:0.37 | lr: 1.50e-04 | left: 167s
step 03450 ( 30.9%) | loss: 1.142635 | trade:0.34 call:0.69 put:0.31 | ATM:0.57 OTM:0.43 | lr: 1.50e-04 | left: 166s
step 03500 ( 31.1%) | loss: 1.175565 | trade:0.32 call:0.69 put:0.31 | ATM:0.59 OTM:0.41 | lr: 1.50e-04 | left: 165s
step 03550 ( 31.3%) | loss: 1.181214 | trade:0.34 call:0.69 put:0.31 | ATM:0.59 OTM:0.41 | lr: 1.50e-04 | left: 165s
step 03600 ( 31.5%) | loss: 1.146886 | trade:0.33 call:0.68 put:0.32 | ATM:0.61 OTM:0.39 | lr: 1.50e-04 | left: 164s
step 03650 ( 31.7%) | loss: 1.169378 | trade:0.30 call:0.70 put:0.30 | ATM:0.61 OTM:0.39 | lr: 1.50e-04 | left: 164s
step 03700 ( 32.0%) | loss: 1.136361 | trade:0.34 call:0.67 put:0.33 | ATM:0.61 OTM:0.39 | lr: 1.50e-04 | left: 163s
step 03750 ( 32.2%) | loss: 1.176271 | trade:0.30 call:0.69 put:0.31 | ATM:0.70 OTM:0.30 | lr: 1.50e-04 | left: 163s
step 03800 ( 32.4%) | loss: 1.163953 | trade:0.37 call:0.65 put:0.35 | ATM:0.61 OTM:0.39 | lr: 1.50e-04 | left: 162s
step 03850 ( 32.6%) | loss: 1.147506 | trade:0.34 call:0.65 put:0.35 | ATM:0.61 OTM:0.39 | lr: 1.50e-04 | left: 162s
step 03900 ( 32.8%) | loss: 1.143780 | trade:0.40 call:0.60 put:0.40 | ATM:0.60 OTM:0.40 | lr: 1.50e-04 | left: 161s
step 03950 ( 33.0%) | loss: 1.128557 | trade:0.26 call:0.71 put:0.29 | ATM:0.61 OTM:0.39 | lr: 1.50e-04 | left: 161s
step 04000 ( 33.2%) | loss: 1.141078 | trade:0.36 call:0.67 put:0.33 | ATM:0.58 OTM:0.42 | lr: 1.50e-04 | left: 160s
step 04050 ( 33.4%) | loss: 1.143378 | trade:0.38 call:0.66 put:0.34 | ATM:0.58 OTM:0.42 | lr: 1.50e-04 | left: 160s
step 04100 ( 33.6%) | loss: 1.130991 | trade:0.31 call:0.69 put:0.31 | ATM:0.57 OTM:0.43 | lr: 1.50e-04 | left: 159s
step 04150 ( 33.9%) | loss: 1.128375 | trade:0.33 call:0.62 put:0.38 | ATM:0.65 OTM:0.35 | lr: 1.50e-04 | left: 159s
step 04200 ( 34.2%) | loss: 1.125359 | trade:0.30 call:0.69 put:0.31 | ATM:0.65 OTM:0.35 | lr: 1.50e-04 | left: 158s
step 04250 ( 34.4%) | loss: 1.127934 | trade:0.32 call:0.63 put:0.37 | ATM:0.63 OTM:0.37 | lr: 1.50e-04 | left: 157s
step 04300 ( 34.7%) | loss: 1.129141 | trade:0.40 call:0.65 put:0.35 | ATM:0.58 OTM:0.42 | lr: 1.50e-04 | left: 157s
step 04350 ( 35.1%) | loss: 1.119487 | trade:0.32 call:0.70 put:0.30 | ATM:0.67 OTM:0.33 | lr: 1.50e-04 | left: 156s
step 04400 ( 35.3%) | loss: 1.128471 | trade:0.34 call:0.66 put:0.34 | ATM:0.56 OTM:0.44 | lr: 1.50e-04 | left: 155s
step 04450 ( 35.6%) | loss: 1.117188 | trade:0.37 call:0.67 put:0.33 | ATM:0.62 OTM:0.38 | lr: 1.50e-04 | left: 154s
step 04500 ( 35.9%) | loss: 1.127642 | trade:0.36 call:0.65 put:0.35 | ATM:0.63 OTM:0.37 | lr: 1.50e-04 | left: 154s
step 04550 ( 36.2%) | loss: 1.112958 | trade:0.36 call:0.65 put:0.35 | ATM:0.59 OTM:0.41 | lr: 1.50e-04 | left: 153s
step 04600 ( 36.4%) | loss: 1.120382 | trade:0.35 call:0.66 put:0.34 | ATM:0.58 OTM:0.42 | lr: 1.50e-04 | left: 153s
step 04650 ( 36.7%) | loss: 1.101763 | trade:0.34 call:0.63 put:0.37 | ATM:0.58 OTM:0.42 | lr: 1.50e-04 | left: 152s
step 04700 ( 36.9%) | loss: 1.109714 | trade:0.39 call:0.63 put:0.37 | ATM:0.63 OTM:0.37 | lr: 1.50e-04 | left: 151s
step 04750 ( 37.2%) | loss: 1.125841 | trade:0.32 call:0.65 put:0.35 | ATM:0.63 OTM:0.37 | lr: 1.50e-04 | left: 151s
step 04800 ( 37.7%) | loss: 1.094301 | trade:0.37 call:0.65 put:0.35 | ATM:0.57 OTM:0.43 | lr: 1.50e-04 | left: 149s
step 04850 ( 38.3%) | loss: 1.113935 | trade:0.37 call:0.65 put:0.35 | ATM:0.61 OTM:0.39 | lr: 1.50e-04 | left: 148s
step 04900 ( 38.8%) | loss: 1.096209 | trade:0.33 call:0.68 put:0.32 | ATM:0.64 OTM:0.36 | lr: 1.50e-04 | left: 147s
step 04950 ( 39.3%) | loss: 1.131322 | trade:0.36 call:0.64 put:0.36 | ATM:0.57 OTM:0.43 | lr: 1.50e-04 | left: 146s
step 05000 ( 39.8%) | loss: 1.116097 | trade:0.37 call:0.62 put:0.38 | ATM:0.61 OTM:0.39 | lr: 1.50e-04 | left: 144s
step 05050 ( 40.1%) | loss: 1.101223 | trade:0.34 call:0.67 put:0.33 | ATM:0.55 OTM:0.45 | lr: 1.50e-04 | left: 144s
step 05100 ( 40.4%) | loss: 1.109784 | trade:0.31 call:0.66 put:0.34 | ATM:0.64 OTM:0.36 | lr: 1.50e-04 | left: 143s
step 05150 ( 40.6%) | loss: 1.098214 | trade:0.40 call:0.62 put:0.38 | ATM:0.64 OTM:0.36 | lr: 1.50e-04 | left: 142s
step 05200 ( 40.9%) | loss: 1.109335 | trade:0.33 call:0.68 put:0.32 | ATM:0.60 OTM:0.40 | lr: 1.50e-04 | left: 142s
step 05250 ( 41.1%) | loss: 1.090752 | trade:0.30 call:0.69 put:0.31 | ATM:0.67 OTM:0.33 | lr: 1.50e-04 | left: 141s
step 05300 ( 41.5%) | loss: 1.098453 | trade:0.30 call:0.73 put:0.27 | ATM:0.61 OTM:0.39 | lr: 1.50e-04 | left: 140s
step 05350 ( 42.0%) | loss: 1.121669 | trade:0.28 call:0.71 put:0.29 | ATM:0.66 OTM:0.34 | lr: 1.50e-04 | left: 139s
step 05400 ( 42.5%) | loss: 1.095460 | trade:0.40 call:0.61 put:0.39 | ATM:0.56 OTM:0.44 | lr: 1.50e-04 | left: 138s
step 05450 ( 43.1%) | loss: 1.066232 | trade:0.39 call:0.64 put:0.36 | ATM:0.62 OTM:0.38 | lr: 1.50e-04 | left: 137s
step 05500 ( 43.6%) | loss: 1.074113 | trade:0.33 call:0.61 put:0.39 | ATM:0.60 OTM:0.40 | lr: 1.50e-04 | left: 135s
step 05550 ( 44.1%) | loss: 1.099708 | trade:0.35 call:0.63 put:0.37 | ATM:0.65 OTM:0.35 | lr: 1.50e-04 | left: 134s
step 05600 ( 44.6%) | loss: 1.093390 | trade:0.34 call:0.71 put:0.29 | ATM:0.63 OTM:0.37 | lr: 1.50e-04 | left: 133s
step 05650 ( 45.1%) | loss: 1.090921 | trade:0.30 call:0.69 put:0.31 | ATM:0.68 OTM:0.32 | lr: 1.50e-04 | left: 132s
step 05700 ( 45.6%) | loss: 1.089412 | trade:0.40 call:0.69 put:0.31 | ATM:0.59 OTM:0.41 | lr: 1.50e-04 | left: 130s
step 05750 ( 46.2%) | loss: 1.076516 | trade:0.36 call:0.66 put:0.34 | ATM:0.60 OTM:0.40 | lr: 1.50e-04 | left: 129s
step 05800 ( 46.7%) | loss: 1.075219 | trade:0.34 call:0.67 put:0.33 | ATM:0.66 OTM:0.34 | lr: 1.50e-04 | left: 128s
step 05850 ( 47.2%) | loss: 1.068742 | trade:0.33 call:0.64 put:0.36 | ATM:0.59 OTM:0.41 | lr: 1.50e-04 | left: 127s
step 05900 ( 47.7%) | loss: 1.082371 | trade:0.37 call:0.67 put:0.33 | ATM:0.64 OTM:0.36 | lr: 1.50e-04 | left: 125s
step 05950 ( 48.3%) | loss: 1.054714 | trade:0.33 call:0.56 put:0.44 | ATM:0.64 OTM:0.36 | lr: 1.50e-04 | left: 124s
step 06000 ( 48.8%) | loss: 1.068385 | trade:0.36 call:0.65 put:0.35 | ATM:0.64 OTM:0.36 | lr: 1.50e-04 | left: 123s
step 06050 ( 49.3%) | loss: 1.101135 | trade:0.32 call:0.64 put:0.36 | ATM:0.63 OTM:0.37 | lr: 1.50e-04 | left: 122s
step 06100 ( 49.9%) | loss: 1.088720 | trade:0.32 call:0.60 put:0.40 | ATM:0.64 OTM:0.36 | lr: 1.50e-04 | left: 120s
step 06150 ( 50.4%) | loss: 1.078120 | trade:0.27 call:0.66 put:0.34 | ATM:0.62 OTM:0.38 | lr: 1.50e-04 | left: 119s
step 06200 ( 50.7%) | loss: 1.074299 | trade:0.33 call:0.58 put:0.42 | ATM:0.63 OTM:0.37 | lr: 1.50e-04 | left: 118s
step 06250 ( 51.1%) | loss: 1.065515 | trade:0.34 call:0.71 put:0.29 | ATM:0.66 OTM:0.34 | lr: 1.50e-04 | left: 117s
step 06300 ( 51.7%) | loss: 1.056750 | trade:0.34 call:0.63 put:0.37 | ATM:0.61 OTM:0.39 | lr: 1.50e-04 | left: 116s
step 06350 ( 52.2%) | loss: 1.070518 | trade:0.31 call:0.66 put:0.34 | ATM:0.65 OTM:0.35 | lr: 1.50e-04 | left: 115s
step 06400 ( 52.7%) | loss: 1.081188 | trade:0.34 call:0.67 put:0.33 | ATM:0.71 OTM:0.29 | lr: 1.50e-04 | left: 114s
step 06450 ( 53.2%) | loss: 1.073200 | trade:0.34 call:0.59 put:0.41 | ATM:0.59 OTM:0.41 | lr: 1.50e-04 | left: 112s
step 06500 ( 53.7%) | loss: 1.063367 | trade:0.31 call:0.57 put:0.43 | ATM:0.64 OTM:0.36 | lr: 1.50e-04 | left: 111s
step 06550 ( 54.2%) | loss: 1.068705 | trade:0.35 call:0.66 put:0.34 | ATM:0.60 OTM:0.40 | lr: 1.50e-04 | left: 110s
step 06600 ( 54.7%) | loss: 1.077896 | trade:0.36 call:0.65 put:0.35 | ATM:0.62 OTM:0.38 | lr: 1.50e-04 | left: 109s
step 06650 ( 55.3%) | loss: 1.062504 | trade:0.36 call:0.66 put:0.34 | ATM:0.66 OTM:0.34 | lr: 1.50e-04 | left: 107s
step 06700 ( 55.8%) | loss: 1.065372 | trade:0.35 call:0.69 put:0.31 | ATM:0.63 OTM:0.37 | lr: 1.50e-04 | left: 106s
step 06750 ( 56.1%) | loss: 1.069162 | trade:0.36 call:0.67 put:0.33 | ATM:0.58 OTM:0.42 | lr: 1.50e-04 | left: 105s
step 06800 ( 56.5%) | loss: 1.081640 | trade:0.33 call:0.59 put:0.41 | ATM:0.61 OTM:0.39 | lr: 1.50e-04 | left: 104s
step 06850 ( 57.0%) | loss: 1.049824 | trade:0.34 call:0.66 put:0.34 | ATM:0.64 OTM:0.36 | lr: 1.50e-04 | left: 103s
step 06900 ( 57.5%) | loss: 1.057724 | trade:0.33 call:0.62 put:0.38 | ATM:0.60 OTM:0.40 | lr: 1.50e-04 | left: 102s
step 06950 ( 58.1%) | loss: 1.052721 | trade:0.28 call:0.63 put:0.37 | ATM:0.70 OTM:0.30 | lr: 1.50e-04 | left: 101s
step 07000 ( 58.6%) | loss: 1.055318 | trade:0.34 call:0.63 put:0.37 | ATM:0.56 OTM:0.44 | lr: 1.50e-04 | left: 99s
step 07050 ( 59.1%) | loss: 1.077652 | trade:0.29 call:0.63 put:0.37 | ATM:0.64 OTM:0.36 | lr: 1.50e-04 | left: 98s
step 07100 ( 59.6%) | loss: 1.057446 | trade:0.31 call:0.66 put:0.34 | ATM:0.65 OTM:0.35 | lr: 1.50e-04 | left: 97s
step 07150 ( 60.1%) | loss: 1.049947 | trade:0.34 call:0.64 put:0.36 | ATM:0.60 OTM:0.40 | lr: 1.50e-04 | left: 96s
step 07200 ( 60.6%) | loss: 1.039714 | trade:0.33 call:0.64 put:0.36 | ATM:0.59 OTM:0.41 | lr: 1.50e-04 | left: 95s
step 07250 ( 61.1%) | loss: 1.040813 | trade:0.33 call:0.66 put:0.34 | ATM:0.60 OTM:0.40 | lr: 1.50e-04 | left: 93s
step 07300 ( 61.3%) | loss: 1.041402 | trade:0.39 call:0.66 put:0.34 | ATM:0.57 OTM:0.43 | lr: 1.50e-04 | left: 93s
step 07350 ( 61.6%) | loss: 1.038559 | trade:0.30 call:0.62 put:0.38 | ATM:0.66 OTM:0.34 | lr: 1.50e-04 | left: 92s
step 07400 ( 61.9%) | loss: 1.040687 | trade:0.31 call:0.67 put:0.33 | ATM:0.65 OTM:0.35 | lr: 1.50e-04 | left: 91s
step 07450 ( 62.4%) | loss: 1.051457 | trade:0.33 call:0.69 put:0.31 | ATM:0.68 OTM:0.32 | lr: 1.50e-04 | left: 90s
step 07500 ( 63.0%) | loss: 1.044291 | trade:0.31 call:0.66 put:0.34 | ATM:0.62 OTM:0.38 | lr: 1.50e-04 | left: 89s
step 07550 ( 63.5%) | loss: 1.039306 | trade:0.25 call:0.67 put:0.33 | ATM:0.67 OTM:0.33 | lr: 1.50e-04 | left: 88s
step 07600 ( 64.0%) | loss: 1.044102 | trade:0.31 call:0.65 put:0.35 | ATM:0.61 OTM:0.39 | lr: 1.50e-04 | left: 86s
step 07650 ( 64.5%) | loss: 1.055749 | trade:0.29 call:0.61 put:0.39 | ATM:0.61 OTM:0.39 | lr: 1.50e-04 | left: 85s
step 07700 ( 65.1%) | loss: 1.044947 | trade:0.35 call:0.67 put:0.33 | ATM:0.58 OTM:0.42 | lr: 1.50e-04 | left: 84s
step 07750 ( 65.6%) | loss: 1.025749 | trade:0.36 call:0.62 put:0.38 | ATM:0.62 OTM:0.38 | lr: 1.50e-04 | left: 83s
step 07800 ( 66.1%) | loss: 1.039482 | trade:0.32 call:0.59 put:0.41 | ATM:0.63 OTM:0.37 | lr: 1.50e-04 | left: 81s
step 07850 ( 66.7%) | loss: 1.048590 | trade:0.35 call:0.59 put:0.41 | ATM:0.63 OTM:0.37 | lr: 1.50e-04 | left: 80s
step 07900 ( 67.2%) | loss: 1.055768 | trade:0.34 call:0.66 put:0.34 | ATM:0.61 OTM:0.39 | lr: 1.50e-04 | left: 79s
step 07950 ( 67.7%) | loss: 1.033658 | trade:0.40 call:0.59 put:0.41 | ATM:0.56 OTM:0.44 | lr: 1.50e-04 | left: 78s
step 08000 ( 68.2%) | loss: 1.047777 | trade:0.34 call:0.57 put:0.43 | ATM:0.66 OTM:0.34 | lr: 1.50e-04 | left: 76s
step 08050 ( 68.7%) | loss: 1.041741 | trade:0.39 call:0.60 put:0.40 | ATM:0.59 OTM:0.41 | lr: 1.50e-04 | left: 75s
step 08100 ( 69.3%) | loss: 1.022929 | trade:0.32 call:0.61 put:0.39 | ATM:0.68 OTM:0.32 | lr: 1.50e-04 | left: 74s
step 08150 ( 69.8%) | loss: 1.042176 | trade:0.33 call:0.57 put:0.43 | ATM:0.61 OTM:0.39 | lr: 1.50e-04 | left: 72s
step 08200 ( 70.3%) | loss: 1.051932 | trade:0.36 call:0.61 put:0.39 | ATM:0.59 OTM:0.41 | lr: 1.50e-04 | left: 71s
step 08250 ( 70.8%) | loss: 1.041428 | trade:0.41 call:0.60 put:0.40 | ATM:0.55 OTM:0.45 | lr: 1.50e-04 | left: 70s
step 08300 ( 71.0%) | loss: 1.048657 | trade:0.26 call:0.67 put:0.33 | ATM:0.61 OTM:0.39 | lr: 1.50e-04 | left: 70s
step 08350 ( 71.2%) | loss: 1.038742 | trade:0.38 call:0.62 put:0.38 | ATM:0.61 OTM:0.39 | lr: 1.49e-04 | left: 69s
step 08400 ( 71.6%) | loss: 1.028971 | trade:0.35 call:0.63 put:0.37 | ATM:0.65 OTM:0.35 | lr: 1.49e-04 | left: 68s
step 08450 ( 72.1%) | loss: 1.027594 | trade:0.32 call:0.57 put:0.43 | ATM:0.55 OTM:0.45 | lr: 1.48e-04 | left: 67s
step 08500 ( 72.6%) | loss: 1.042885 | trade:0.37 call:0.62 put:0.38 | ATM:0.61 OTM:0.39 | lr: 1.47e-04 | left: 66s
step 08550 ( 73.1%) | loss: 1.016957 | trade:0.34 call:0.68 put:0.32 | ATM:0.66 OTM:0.34 | lr: 1.46e-04 | left: 64s
step 08600 ( 73.7%) | loss: 1.015215 | trade:0.32 call:0.60 put:0.40 | ATM:0.60 OTM:0.40 | lr: 1.45e-04 | left: 63s
step 08650 ( 74.2%) | loss: 1.002313 | trade:0.33 call:0.56 put:0.44 | ATM:0.54 OTM:0.46 | lr: 1.43e-04 | left: 62s
step 08700 ( 74.7%) | loss: 1.020825 | trade:0.35 call:0.57 put:0.43 | ATM:0.58 OTM:0.42 | lr: 1.41e-04 | left: 61s
step 08750 ( 75.2%) | loss: 1.034191 | trade:0.35 call:0.59 put:0.41 | ATM:0.58 OTM:0.42 | lr: 1.39e-04 | left: 59s
step 08800 ( 75.7%) | loss: 1.028472 | trade:0.36 call:0.65 put:0.35 | ATM:0.64 OTM:0.36 | lr: 1.37e-04 | left: 58s
step 08850 ( 76.1%) | loss: 1.023394 | trade:0.31 call:0.63 put:0.37 | ATM:0.72 OTM:0.28 | lr: 1.35e-04 | left: 57s
step 08900 ( 76.5%) | loss: 1.026952 | trade:0.31 call:0.65 put:0.35 | ATM:0.55 OTM:0.45 | lr: 1.33e-04 | left: 56s
step 08950 ( 77.0%) | loss: 1.027255 | trade:0.39 call:0.66 put:0.34 | ATM:0.60 OTM:0.40 | lr: 1.31e-04 | left: 55s
step 09000 ( 77.5%) | loss: 1.003672 | trade:0.30 call:0.68 put:0.32 | ATM:0.65 OTM:0.35 | lr: 1.28e-04 | left: 54s
step 09050 ( 78.0%) | loss: 1.020175 | trade:0.40 call:0.58 put:0.42 | ATM:0.57 OTM:0.43 | lr: 1.25e-04 | left: 53s
step 09100 ( 78.5%) | loss: 1.049671 | trade:0.34 call:0.64 put:0.36 | ATM:0.66 OTM:0.34 | lr: 1.22e-04 | left: 51s
step 09150 ( 79.0%) | loss: 1.013970 | trade:0.31 call:0.65 put:0.35 | ATM:0.67 OTM:0.33 | lr: 1.19e-04 | left: 50s
step 09200 ( 79.2%) | loss: 1.021302 | trade:0.32 call:0.61 put:0.39 | ATM:0.68 OTM:0.32 | lr: 1.18e-04 | left: 50s
step 09250 ( 79.5%) | loss: 0.985937 | trade:0.33 call:0.62 put:0.38 | ATM:0.71 OTM:0.29 | lr: 1.16e-04 | left: 49s
step 09300 ( 80.0%) | loss: 1.006168 | trade:0.32 call:0.65 put:0.35 | ATM:0.62 OTM:0.38 | lr: 1.12e-04 | left: 48s
step 09350 ( 80.5%) | loss: 1.006268 | trade:0.34 call:0.67 put:0.33 | ATM:0.67 OTM:0.33 | lr: 1.09e-04 | left: 47s
step 09400 ( 81.0%) | loss: 1.042166 | trade:0.33 call:0.67 put:0.33 | ATM:0.67 OTM:0.33 | lr: 1.05e-04 | left: 45s
step 09450 ( 81.6%) | loss: 0.995425 | trade:0.35 call:0.63 put:0.37 | ATM:0.61 OTM:0.39 | lr: 1.01e-04 | left: 44s
step 09500 ( 82.1%) | loss: 1.022386 | trade:0.36 call:0.63 put:0.37 | ATM:0.64 OTM:0.36 | lr: 9.76e-05 | left: 43s
step 09550 ( 82.6%) | loss: 0.992154 | trade:0.35 call:0.64 put:0.36 | ATM:0.63 OTM:0.37 | lr: 9.37e-05 | left: 42s
step 09600 ( 82.9%) | loss: 1.016615 | trade:0.34 call:0.61 put:0.39 | ATM:0.52 OTM:0.48 | lr: 9.14e-05 | left: 41s
step 09650 ( 83.1%) | loss: 1.008084 | trade:0.38 call:0.62 put:0.38 | ATM:0.60 OTM:0.40 | lr: 8.97e-05 | left: 41s
step 09700 ( 83.4%) | loss: 0.999771 | trade:0.35 call:0.63 put:0.37 | ATM:0.60 OTM:0.40 | lr: 8.78e-05 | left: 40s
step 09750 ( 83.6%) | loss: 0.999708 | trade:0.31 call:0.64 put:0.36 | ATM:0.68 OTM:0.32 | lr: 8.60e-05 | left: 39s
step 09800 ( 83.8%) | loss: 1.001957 | trade:0.30 call:0.65 put:0.35 | ATM:0.64 OTM:0.36 | lr: 8.44e-05 | left: 39s
step 09850 ( 84.0%) | loss: 0.993196 | trade:0.33 call:0.52 put:0.48 | ATM:0.59 OTM:0.41 | lr: 8.26e-05 | left: 38s
step 09900 ( 84.3%) | loss: 1.007611 | trade:0.29 call:0.63 put:0.37 | ATM:0.65 OTM:0.35 | lr: 8.09e-05 | left: 38s
step 09950 ( 84.5%) | loss: 0.998752 | trade:0.33 call:0.64 put:0.36 | ATM:0.68 OTM:0.32 | lr: 7.93e-05 | left: 37s
step 10000 ( 84.7%) | loss: 1.010267 | trade:0.36 call:0.57 put:0.43 | ATM:0.64 OTM:0.36 | lr: 7.76e-05 | left: 37s
step 10050 ( 84.9%) | loss: 0.993457 | trade:0.33 call:0.66 put:0.34 | ATM:0.61 OTM:0.39 | lr: 7.60e-05 | left: 36s
step 10100 ( 85.1%) | loss: 1.013196 | trade:0.32 call:0.58 put:0.42 | ATM:0.66 OTM:0.34 | lr: 7.43e-05 | left: 36s
step 10150 ( 85.3%) | loss: 1.015261 | trade:0.34 call:0.63 put:0.37 | ATM:0.59 OTM:0.41 | lr: 7.26e-05 | left: 35s
step 10200 ( 85.5%) | loss: 1.003532 | trade:0.35 call:0.65 put:0.35 | ATM:0.63 OTM:0.37 | lr: 7.09e-05 | left: 35s
step 10250 ( 85.7%) | loss: 0.973676 | trade:0.34 call:0.61 put:0.39 | ATM:0.61 OTM:0.39 | lr: 6.93e-05 | left: 34s
step 10300 ( 85.9%) | loss: 1.013874 | trade:0.29 call:0.63 put:0.37 | ATM:0.64 OTM:0.36 | lr: 6.76e-05 | left: 34s
step 10350 ( 86.2%) | loss: 0.986149 | trade:0.32 call:0.64 put:0.36 | ATM:0.65 OTM:0.35 | lr: 6.60e-05 | left: 33s
step 10400 ( 86.4%) | loss: 0.990927 | trade:0.32 call:0.66 put:0.34 | ATM:0.65 OTM:0.35 | lr: 6.42e-05 | left: 33s
step 10450 ( 86.6%) | loss: 0.984829 | trade:0.30 call:0.65 put:0.35 | ATM:0.67 OTM:0.33 | lr: 6.24e-05 | left: 32s
step 10500 ( 86.8%) | loss: 1.001474 | trade:0.30 call:0.66 put:0.34 | ATM:0.64 OTM:0.36 | lr: 6.07e-05 | left: 32s
step 10550 ( 87.0%) | loss: 0.992243 | trade:0.31 call:0.59 put:0.41 | ATM:0.57 OTM:0.43 | lr: 5.91e-05 | left: 31s
step 10600 ( 87.3%) | loss: 1.001045 | trade:0.30 call:0.65 put:0.35 | ATM:0.67 OTM:0.33 | lr: 5.74e-05 | left: 31s
step 10650 ( 87.5%) | loss: 0.995796 | trade:0.28 call:0.63 put:0.37 | ATM:0.65 OTM:0.35 | lr: 5.56e-05 | left: 30s
step 10700 ( 87.7%) | loss: 1.009909 | trade:0.35 call:0.65 put:0.35 | ATM:0.60 OTM:0.40 | lr: 5.40e-05 | left: 29s
step 10750 ( 87.9%) | loss: 0.988416 | trade:0.31 call:0.59 put:0.41 | ATM:0.61 OTM:0.39 | lr: 5.24e-05 | left: 29s
step 10800 ( 88.1%) | loss: 0.990334 | trade:0.37 call:0.62 put:0.38 | ATM:0.59 OTM:0.41 | lr: 5.08e-05 | left: 28s
step 10850 ( 88.3%) | loss: 0.987371 | trade:0.38 call:0.57 put:0.43 | ATM:0.62 OTM:0.38 | lr: 4.93e-05 | left: 28s
step 10900 ( 88.6%) | loss: 0.976797 | trade:0.33 call:0.61 put:0.39 | ATM:0.67 OTM:0.33 | lr: 4.77e-05 | left: 27s
step 10950 ( 88.8%) | loss: 1.007902 | trade:0.36 call:0.65 put:0.35 | ATM:0.59 OTM:0.41 | lr: 4.60e-05 | left: 27s
step 11000 ( 89.0%) | loss: 0.990510 | trade:0.30 call:0.62 put:0.38 | ATM:0.64 OTM:0.36 | lr: 4.44e-05 | left: 26s
step 11050 ( 89.2%) | loss: 0.990889 | trade:0.29 call:0.65 put:0.35 | ATM:0.65 OTM:0.35 | lr: 4.29e-05 | left: 26s
step 11100 ( 89.4%) | loss: 0.984135 | trade:0.39 call:0.66 put:0.34 | ATM:0.61 OTM:0.39 | lr: 4.13e-05 | left: 25s
step 11150 ( 89.7%) | loss: 0.971861 | trade:0.33 call:0.59 put:0.41 | ATM:0.63 OTM:0.37 | lr: 3.97e-05 | left: 25s
step 11200 ( 89.9%) | loss: 1.000519 | trade:0.36 call:0.58 put:0.42 | ATM:0.62 OTM:0.38 | lr: 3.81e-05 | left: 24s
step 11250 ( 90.1%) | loss: 0.993688 | trade:0.29 call:0.64 put:0.36 | ATM:0.65 OTM:0.35 | lr: 3.67e-05 | left: 24s
step 11300 ( 90.4%) | loss: 0.990562 | trade:0.34 call:0.67 put:0.33 | ATM:0.63 OTM:0.37 | lr: 3.50e-05 | left: 23s
step 11350 ( 90.6%) | loss: 0.977773 | trade:0.38 call:0.59 put:0.41 | ATM:0.62 OTM:0.38 | lr: 3.35e-05 | left: 23s
step 11400 ( 90.8%) | loss: 0.980210 | trade:0.34 call:0.64 put:0.36 | ATM:0.62 OTM:0.38 | lr: 3.21e-05 | left: 22s
step 11450 ( 91.1%) | loss: 0.969064 | trade:0.32 call:0.66 put:0.34 | ATM:0.67 OTM:0.33 | lr: 3.03e-05 | left: 21s
step 11500 ( 91.6%) | loss: 0.990134 | trade:0.30 call:0.68 put:0.32 | ATM:0.65 OTM:0.35 | lr: 2.75e-05 | left: 20s
step 11550 ( 92.0%) | loss: 0.986822 | trade:0.31 call:0.63 put:0.37 | ATM:0.66 OTM:0.34 | lr: 2.50e-05 | left: 19s
step 11600 ( 92.4%) | loss: 1.000316 | trade:0.35 call:0.63 put:0.37 | ATM:0.67 OTM:0.33 | lr: 2.23e-05 | left: 18s
step 11650 ( 92.7%) | loss: 1.006260 | trade:0.34 call:0.58 put:0.42 | ATM:0.65 OTM:0.35 | lr: 2.08e-05 | left: 17s
step 11700 ( 92.9%) | loss: 0.988932 | trade:0.32 call:0.65 put:0.35 | ATM:0.71 OTM:0.29 | lr: 1.97e-05 | left: 17s
step 11750 ( 93.1%) | loss: 0.989953 | trade:0.33 call:0.64 put:0.36 | ATM:0.61 OTM:0.39 | lr: 1.85e-05 | left: 16s
step 11800 ( 93.4%) | loss: 0.968270 | trade:0.39 call:0.61 put:0.39 | ATM:0.63 OTM:0.37 | lr: 1.72e-05 | left: 16s
step 11850 ( 93.7%) | loss: 0.965700 | trade:0.35 call:0.67 put:0.33 | ATM:0.67 OTM:0.33 | lr: 1.57e-05 | left: 15s
step 11900 ( 93.9%) | loss: 0.979729 | trade:0.27 call:0.66 put:0.34 | ATM:0.67 OTM:0.33 | lr: 1.46e-05 | left: 15s
step 11950 ( 94.2%) | loss: 0.969114 | trade:0.33 call:0.61 put:0.39 | ATM:0.64 OTM:0.36 | lr: 1.36e-05 | left: 14s
step 12000 ( 94.4%) | loss: 0.976751 | trade:0.36 call:0.57 put:0.43 | ATM:0.61 OTM:0.39 | lr: 1.24e-05 | left: 13s
step 12050 ( 94.9%) | loss: 0.990150 | trade:0.34 call:0.62 put:0.38 | ATM:0.65 OTM:0.35 | lr: 1.03e-05 | left: 12s
step 12100 ( 95.5%) | loss: 0.960215 | trade:0.27 call:0.69 put:0.31 | ATM:0.66 OTM:0.34 | lr: 8.30e-06 | left: 11s
step 12150 ( 96.0%) | loss: 0.979121 | trade:0.31 call:0.65 put:0.35 | ATM:0.71 OTM:0.29 | lr: 6.52e-06 | left: 10s
step 12200 ( 96.5%) | loss: 0.998804 | trade:0.30 call:0.61 put:0.39 | ATM:0.64 OTM:0.36 | lr: 4.95e-06 | left: 8s
step 12250 ( 97.0%) | loss: 0.991156 | trade:0.32 call:0.63 put:0.37 | ATM:0.64 OTM:0.36 | lr: 3.59e-06 | left: 7s
step 12300 ( 97.6%) | loss: 0.990578 | trade:0.34 call:0.64 put:0.36 | ATM:0.66 OTM:0.34 | lr: 2.43e-06 | left: 6s
step 12350 ( 98.1%) | loss: 0.982546 | trade:0.30 call:0.64 put:0.36 | ATM:0.65 OTM:0.35 | lr: 1.49e-06 | left: 5s
step 12400 ( 98.6%) | loss: 0.963869 | trade:0.33 call:0.61 put:0.39 | ATM:0.61 OTM:0.39 | lr: 7.83e-07 | left: 3s
step 12450 ( 99.1%) | loss: 0.976345 | trade:0.36 call:0.67 put:0.33 | ATM:0.64 OTM:0.36 | lr: 3.30e-07 | left: 2s
step 12500 ( 99.4%) | loss: 0.977390 | trade:0.30 call:0.67 put:0.33 | ATM:0.67 OTM:0.33 | lr: 1.73e-07 | left: 2s
step 12550 ( 99.8%) | loss: 0.977102 | trade:0.35 call:0.58 put:0.42 | ATM:0.61 OTM:0.39 | lr: 1.18e-08 | left: 0s

Training done at 245s. Starting evaluation...
Evaluation done in 7s (total wall: 252s)
Model saved to /root/best_model.pt
Trade log: 111 trades -> /root/trade_log.csv

---
score:              0.226528
profit_factor:      2.149240
win_rate:           0.306306
avg_winner:         0.929782
avg_loser:          -0.191022
trades_per_day:     1.707692
max_consec_loss:    12
num_trades:         111
trade_sharpe:       3.086014
sortino:            27.798556
max_drawdown:       -5.078204
calmar:             3.328707
ev_per_trade:       0.152287
do_nothing_pct:     0.589910
exit_pct:           0.017265
model_exit_count:   77
cooldown_blocked:   151
pre_10am_blocked:   645
short_hold_pct:     0.279000
stop_loss_rate:     0.297000
direction_collapse_pct: 0.432400
avg_entry_cost_bps: 408.181800
avg_entry_quality:  0.737100
cost_realism_coverage: 1.009000
high_cost_entry_rate: 0.477500
low_quality_entry_rate: 0.000000
actionable_bar_rate: 0.829100
risk_off_bar_rate:  0.000000
final_capital:      8165.79
equity_sharpe:      -0.161300
max_equity_dd:      -0.510500
total_dollar_return:-0.183400
val_sharpe:         2.307895
total_return:       16.903852
num_val_bars:       4460
num_val_days:       65
worst_chunk_pf:     0.27
rr_ratio:           4.8674
avg_hold_bars:      9.30
model_exit_rate:    0.6937
hit_ruin:           False
min_equity_frac:    0.4934
avg_risk_fraction:  0.0814
max_risk_fraction:  0.4549
trades_blocked_by_balance: 0
training_seconds:   240.0
total_seconds:      254.2
peak_vram_mb:       357.0
num_steps:          12567
num_params:         146,273
lookback:           120
depth:              3
d_model:            64
effective_lr:       0.00015
gate_label_smoothing:0.050000
dir_label_smoothing:0.050000
false_entry_penalty:2.000000
/opt/conda/lib/python3.11/site-packages/torch/nn/modules/transformer.py:379: UserWarning: enable_nested_tensor is True, but self.use_nested_tensor is False because encoder_layer.norm_first was True
  warnings.warn(
