Loading data from: /root/.cache/autoresearch-trading/features/data.pt
Loaded 384870 1-min bars, 32 features, 8 actions
  ~986 trading days
Training:   up to idx 269189
Validation: idx 269190-384869
  Option P&L coverage: 297877/384870 (77%)
Parameters: 145,064
Architecture: v4 simplified two-head (gate+dir), reduced ATM bias for strike diversity
Training from scratch (v4: no warm-start).
Day-sequential batching: 70% sequential, 30% random (batch=16)

Budget: 240s | Batch: 128 | Lookback: 120
LR: 0.00025 | Depth: 3 | d_model: 64 | ff_mult: 3
Dropout: 0.15 | Weight decay: 0.05
Label smoothing: gate=0.05 dir=0.05
Loss weights: gate=0.5, dir=2.0, pnl=0.4
Exit override strength: 0.15 (gate targets flipped on exit bars)
Position state: flat for random batches, tracked for day-sequential

step 00000 (  0.0%) | loss: 0.000000 | trade:0.59 call:0.52 put:0.48 | ATM:0.38 OTM:0.62 [seq] | lr: 0.00e+00 | left: 240s
step 00050 (  0.1%) | loss: 1.196144 | trade:0.59 call:0.46 put:0.54 | ATM:0.38 OTM:0.62 [seq] | lr: 2.33e-06 | left: 240s
step 00100 (  0.3%) | loss: 1.534261 | trade:0.62 call:0.48 put:0.52 | ATM:0.42 OTM:0.58 [seq] | lr: 5.78e-06 | left: 239s
step 00150 (  0.5%) | loss: 1.357642 | trade:0.62 call:0.47 put:0.53 | ATM:0.42 OTM:0.58 [seq] | lr: 8.65e-06 | left: 239s
step 00200 (  0.7%) | loss: 1.069412 | trade:0.62 call:0.43 put:0.57 | ATM:0.44 OTM:0.56 [seq] | lr: 1.14e-05 | left: 238s
step 00250 (  0.9%) | loss: 0.818726 | trade:0.61 call:0.50 put:0.50 | ATM:0.43 OTM:0.57 [seq] | lr: 1.42e-05 | left: 238s
step 00300 (  1.0%) | loss: 1.322785 | trade:0.59 call:0.61 put:0.39 | ATM:0.44 OTM:0.56 [seq] | lr: 1.70e-05 | left: 238s
step 00350 (  1.2%) | loss: 1.375035 | trade:0.56 call:0.55 put:0.45 | ATM:0.41 OTM:0.59 [rnd] | lr: 1.97e-05 | left: 237s
step 00400 (  1.3%) | loss: 1.239497 | trade:0.58 call:0.58 put:0.42 | ATM:0.39 OTM:0.61 [seq] | lr: 2.23e-05 | left: 237s
step 00450 (  1.5%) | loss: 1.416415 | trade:0.48 call:0.56 put:0.44 | ATM:0.45 OTM:0.55 [seq] | lr: 2.52e-05 | left: 236s
step 00500 (  1.7%) | loss: 0.977327 | trade:0.42 call:0.57 put:0.43 | ATM:0.44 OTM:0.56 [seq] | lr: 2.78e-05 | left: 236s
step 00550 (  1.8%) | loss: 1.263143 | trade:0.51 call:0.64 put:0.36 | ATM:0.47 OTM:0.53 [seq] | lr: 3.05e-05 | left: 236s
step 00600 (  2.0%) | loss: 0.946928 | trade:0.43 call:0.85 put:0.15 | ATM:0.52 OTM:0.48 [seq] | lr: 3.39e-05 | left: 235s
step 00650 (  2.2%) | loss: 1.291945 | trade:0.39 call:0.66 put:0.34 | ATM:0.45 OTM:0.55 [seq] | lr: 3.72e-05 | left: 235s
step 00700 (  2.4%) | loss: 1.528347 | trade:0.22 call:0.63 put:0.37 | ATM:0.42 OTM:0.58 [seq] | lr: 4.04e-05 | left: 234s
step 00750 (  2.7%) | loss: 1.538023 | trade:0.28 call:0.65 put:0.35 | ATM:0.43 OTM:0.57 [seq] | lr: 4.54e-05 | left: 233s
step 00800 (  2.9%) | loss: 1.162796 | trade:0.45 call:0.59 put:0.41 | ATM:0.45 OTM:0.55 [seq] | lr: 4.85e-05 | left: 233s
step 00850 (  3.1%) | loss: 0.528118 | trade:0.45 call:0.58 put:0.42 | ATM:0.39 OTM:0.61 [seq] | lr: 5.14e-05 | left: 233s
step 00900 (  3.3%) | loss: 0.967545 | trade:0.59 call:0.79 put:0.21 | ATM:0.53 OTM:0.47 [seq] | lr: 5.48e-05 | left: 232s
step 00950 (  3.4%) | loss: 0.648711 | trade:0.29 call:0.90 put:0.10 | ATM:0.54 OTM:0.46 [seq] | lr: 5.75e-05 | left: 232s
step 01000 (  3.6%) | loss: 1.035774 | trade:0.35 call:0.74 put:0.26 | ATM:0.47 OTM:0.53 [rnd] | lr: 6.05e-05 | left: 231s
step 01050 (  3.8%) | loss: 0.756554 | trade:0.30 call:0.70 put:0.30 | ATM:0.40 OTM:0.60 [seq] | lr: 6.37e-05 | left: 231s
step 01100 (  4.0%) | loss: 0.733994 | trade:0.38 call:0.90 put:0.10 | ATM:0.56 OTM:0.44 [seq] | lr: 6.62e-05 | left: 230s
step 01150 (  4.2%) | loss: 0.772672 | trade:0.61 call:0.91 put:0.09 | ATM:0.54 OTM:0.46 [seq] | lr: 6.97e-05 | left: 230s
step 01200 (  4.3%) | loss: 1.186909 | trade:0.37 call:0.76 put:0.24 | ATM:0.48 OTM:0.52 [rnd] | lr: 7.22e-05 | left: 230s
step 01250 (  4.5%) | loss: 1.158316 | trade:0.36 call:0.76 put:0.24 | ATM:0.48 OTM:0.52 [rnd] | lr: 7.50e-05 | left: 229s
step 01300 (  4.7%) | loss: 0.537067 | trade:0.76 call:0.94 put:0.06 | ATM:0.65 OTM:0.35 [seq] | lr: 7.81e-05 | left: 229s
step 01350 (  4.9%) | loss: 0.731316 | trade:0.34 call:0.76 put:0.24 | ATM:0.51 OTM:0.49 [rnd] | lr: 8.23e-05 | left: 228s
step 01400 (  5.1%) | loss: 0.818435 | trade:0.37 call:0.73 put:0.27 | ATM:0.51 OTM:0.49 [rnd] | lr: 8.57e-05 | left: 228s
step 01450 (  5.3%) | loss: 1.096780 | trade:0.32 call:0.72 put:0.28 | ATM:0.52 OTM:0.48 [rnd] | lr: 8.86e-05 | left: 227s
step 01500 (  5.5%) | loss: 0.714569 | trade:0.03 call:0.81 put:0.19 | ATM:0.59 OTM:0.41 [seq] | lr: 9.16e-05 | left: 227s
step 01550 (  5.6%) | loss: 0.356446 | trade:0.40 call:0.26 put:0.74 | ATM:0.59 OTM:0.41 [seq] | lr: 9.40e-05 | left: 226s
step 01600 (  5.8%) | loss: 1.013378 | trade:0.43 call:0.71 put:0.29 | ATM:0.53 OTM:0.47 [rnd] | lr: 9.70e-05 | left: 226s
step 01650 (  6.0%) | loss: 0.712639 | trade:0.94 call:0.20 put:0.80 | ATM:0.50 OTM:0.50 [seq] | lr: 1.00e-04 | left: 226s
step 01700 (  6.2%) | loss: 0.671094 | trade:0.08 call:0.86 put:0.14 | ATM:0.59 OTM:0.41 [seq] | lr: 1.03e-04 | left: 225s
step 01750 (  6.4%) | loss: 0.329478 | trade:0.10 call:0.73 put:0.27 | ATM:0.66 OTM:0.34 [seq] | lr: 1.06e-04 | left: 225s
step 01800 (  6.6%) | loss: 0.662068 | trade:0.03 call:0.90 put:0.10 | ATM:0.59 OTM:0.41 [seq] | lr: 1.09e-04 | left: 224s
step 01850 (  6.8%) | loss: 0.784112 | trade:0.02 call:0.77 put:0.23 | ATM:0.62 OTM:0.38 [seq] | lr: 1.13e-04 | left: 224s
step 01900 (  6.9%) | loss: 0.640735 | trade:0.03 call:0.94 put:0.06 | ATM:0.65 OTM:0.35 [seq] | lr: 1.16e-04 | left: 223s
step 01950 (  7.2%) | loss: 0.352393 | trade:0.01 call:0.89 put:0.11 | ATM:0.77 OTM:0.23 [seq] | lr: 1.19e-04 | left: 223s
step 02000 (  7.4%) | loss: 0.683520 | trade:0.31 call:0.80 put:0.20 | ATM:0.61 OTM:0.39 [seq] | lr: 1.23e-04 | left: 222s
step 02050 (  7.6%) | loss: 1.328017 | trade:0.43 call:0.66 put:0.34 | ATM:0.62 OTM:0.38 [rnd] | lr: 1.27e-04 | left: 222s
step 02100 (  7.8%) | loss: 0.908577 | trade:0.36 call:0.68 put:0.32 | ATM:0.60 OTM:0.40 [rnd] | lr: 1.30e-04 | left: 221s
step 02150 (  8.0%) | loss: 0.739648 | trade:0.32 call:0.70 put:0.30 | ATM:0.60 OTM:0.40 [rnd] | lr: 1.33e-04 | left: 221s
step 02200 (  8.2%) | loss: 0.592909 | trade:0.36 call:0.66 put:0.34 | ATM:0.63 OTM:0.37 [rnd] | lr: 1.36e-04 | left: 220s
step 02250 (  8.4%) | loss: 0.497256 | trade:0.22 call:0.98 put:0.02 | ATM:0.84 OTM:0.16 [seq] | lr: 1.40e-04 | left: 220s
step 02300 (  8.6%) | loss: 0.827178 | trade:0.32 call:0.68 put:0.32 | ATM:0.59 OTM:0.41 [rnd] | lr: 1.44e-04 | left: 219s
step 02350 (  8.8%) | loss: 0.644443 | trade:0.89 call:0.08 put:0.92 | ATM:0.84 OTM:0.16 [seq] | lr: 1.46e-04 | left: 219s
step 02400 (  9.0%) | loss: 0.751814 | trade:0.00 call:0.41 put:0.59 | ATM:0.71 OTM:0.29 [seq] | lr: 1.49e-04 | left: 218s
step 02450 (  9.1%) | loss: 0.778477 | trade:0.35 call:0.69 put:0.31 | ATM:0.61 OTM:0.39 [rnd] | lr: 1.52e-04 | left: 218s
step 02500 (  9.3%) | loss: 0.572267 | trade:0.00 call:0.84 put:0.16 | ATM:0.72 OTM:0.28 [seq] | lr: 1.54e-04 | left: 218s
step 02550 (  9.4%) | loss: 0.424153 | trade:0.03 call:0.85 put:0.15 | ATM:0.63 OTM:0.37 [seq] | lr: 1.57e-04 | left: 217s
step 02600 (  9.7%) | loss: 0.410611 | trade:0.00 call:0.52 put:0.48 | ATM:0.73 OTM:0.27 [seq] | lr: 1.61e-04 | left: 217s
step 02650 (  9.9%) | loss: 0.404733 | trade:0.96 call:0.04 put:0.96 | ATM:0.67 OTM:0.33 [seq] | lr: 1.64e-04 | left: 216s
step 02700 ( 10.0%) | loss: 0.448537 | trade:0.33 call:0.70 put:0.30 | ATM:0.59 OTM:0.41 [rnd] | lr: 1.67e-04 | left: 216s
step 02750 ( 10.2%) | loss: 0.671839 | trade:0.92 call:0.91 put:0.09 | ATM:0.46 OTM:0.54 [seq] | lr: 1.69e-04 | left: 216s
step 02800 ( 10.4%) | loss: 0.995978 | trade:0.85 call:0.50 put:0.50 | ATM:0.81 OTM:0.19 [seq] | lr: 1.74e-04 | left: 215s
step 02850 ( 10.6%) | loss: 0.596850 | trade:0.00 call:0.46 put:0.54 | ATM:0.60 OTM:0.40 [seq] | lr: 1.77e-04 | left: 214s
step 02900 ( 10.8%) | loss: 0.499943 | trade:0.00 call:0.94 put:0.06 | ATM:0.50 OTM:0.50 [seq] | lr: 1.80e-04 | left: 214s
step 02950 ( 10.9%) | loss: 0.696961 | trade:0.39 call:0.72 put:0.28 | ATM:0.60 OTM:0.40 [rnd] | lr: 1.82e-04 | left: 214s
step 03000 ( 11.1%) | loss: 0.623286 | trade:0.00 call:0.69 put:0.31 | ATM:0.51 OTM:0.49 [seq] | lr: 1.85e-04 | left: 213s
step 03050 ( 11.3%) | loss: 0.578887 | trade:0.00 call:0.88 put:0.12 | ATM:0.51 OTM:0.49 [seq] | lr: 1.88e-04 | left: 213s
step 03100 ( 11.5%) | loss: 0.706637 | trade:0.47 call:0.82 put:0.18 | ATM:0.52 OTM:0.48 [seq] | lr: 1.91e-04 | left: 212s
step 03150 ( 11.7%) | loss: 0.635728 | trade:0.36 call:0.78 put:0.22 | ATM:0.58 OTM:0.42 [rnd] | lr: 1.95e-04 | left: 212s
step 03200 ( 11.8%) | loss: 0.575880 | trade:0.96 call:0.99 put:0.01 | ATM:0.27 OTM:0.73 [seq] | lr: 1.97e-04 | left: 212s
step 03250 ( 12.0%) | loss: 0.735770 | trade:0.10 call:0.02 put:0.98 | ATM:0.96 OTM:0.04 [seq] | lr: 2.00e-04 | left: 211s
step 03300 ( 12.1%) | loss: 0.769432 | trade:0.44 call:0.73 put:0.27 | ATM:0.58 OTM:0.42 [rnd] | lr: 2.02e-04 | left: 211s
step 03350 ( 12.3%) | loss: 0.529688 | trade:0.42 call:0.73 put:0.27 | ATM:0.57 OTM:0.43 [rnd] | lr: 2.05e-04 | left: 210s
step 03400 ( 12.5%) | loss: 0.556112 | trade:0.40 call:0.77 put:0.23 | ATM:0.58 OTM:0.42 [rnd] | lr: 2.08e-04 | left: 210s
step 03450 ( 12.7%) | loss: 0.509592 | trade:0.35 call:0.75 put:0.25 | ATM:0.59 OTM:0.41 [rnd] | lr: 2.11e-04 | left: 210s
step 03500 ( 12.8%) | loss: 0.403550 | trade:0.04 call:0.10 put:0.90 | ATM:0.91 OTM:0.09 [seq] | lr: 2.14e-04 | left: 209s
step 03550 ( 13.0%) | loss: 0.727210 | trade:0.00 call:0.22 put:0.78 | ATM:0.77 OTM:0.23 [seq] | lr: 2.16e-04 | left: 209s
step 03600 ( 13.2%) | loss: 1.101135 | trade:0.34 call:0.73 put:0.27 | ATM:0.63 OTM:0.37 [rnd] | lr: 2.19e-04 | left: 208s
step 03650 ( 13.4%) | loss: 0.771304 | trade:0.34 call:0.73 put:0.27 | ATM:0.59 OTM:0.41 [rnd] | lr: 2.23e-04 | left: 208s
step 03700 ( 13.6%) | loss: 0.675457 | trade:0.38 call:0.75 put:0.25 | ATM:0.55 OTM:0.45 [rnd] | lr: 2.26e-04 | left: 207s
step 03750 ( 13.8%) | loss: 0.590094 | trade:0.00 call:0.97 put:0.03 | ATM:0.39 OTM:0.61 [seq] | lr: 2.29e-04 | left: 207s
step 03800 ( 14.0%) | loss: 0.644082 | trade:0.34 call:0.73 put:0.27 | ATM:0.58 OTM:0.42 [rnd] | lr: 2.33e-04 | left: 206s
step 03850 ( 14.2%) | loss: 0.446185 | trade:0.00 call:0.82 put:0.18 | ATM:0.78 OTM:0.22 [seq] | lr: 2.36e-04 | left: 206s
step 03900 ( 14.4%) | loss: 0.499183 | trade:0.93 call:0.01 put:0.99 | ATM:0.17 OTM:0.83 [seq] | lr: 2.40e-04 | left: 206s
step 03950 ( 14.5%) | loss: 0.911288 | trade:0.42 call:0.76 put:0.24 | ATM:0.52 OTM:0.48 [rnd] | lr: 2.42e-04 | left: 205s
step 04000 ( 14.7%) | loss: 0.759531 | trade:0.29 call:0.75 put:0.25 | ATM:0.60 OTM:0.40 [rnd] | lr: 2.45e-04 | left: 205s
step 04050 ( 14.9%) | loss: 0.559175 | trade:0.30 call:0.78 put:0.22 | ATM:0.75 OTM:0.25 [seq] | lr: 2.48e-04 | left: 204s
step 04100 ( 15.1%) | loss: 0.547549 | trade:0.41 call:0.72 put:0.28 | ATM:0.53 OTM:0.47 [rnd] | lr: 2.50e-04 | left: 204s
step 04150 ( 15.2%) | loss: 0.474791 | trade:0.02 call:0.92 put:0.08 | ATM:0.45 OTM:0.55 [seq] | lr: 2.50e-04 | left: 203s
step 04200 ( 15.4%) | loss: 1.067564 | trade:0.35 call:0.73 put:0.27 | ATM:0.56 OTM:0.44 [rnd] | lr: 2.50e-04 | left: 203s
step 04250 ( 15.6%) | loss: 0.638720 | trade:0.29 call:0.75 put:0.25 | ATM:0.51 OTM:0.49 [rnd] | lr: 2.50e-04 | left: 203s
step 04300 ( 15.9%) | loss: 0.500384 | trade:0.94 call:1.00 put:0.00 | ATM:0.30 OTM:0.70 [seq] | lr: 2.50e-04 | left: 202s
step 04350 ( 16.1%) | loss: 0.429892 | trade:0.01 call:0.71 put:0.29 | ATM:0.40 OTM:0.60 [seq] | lr: 2.50e-04 | left: 201s
step 04400 ( 16.3%) | loss: 0.391764 | trade:0.00 call:0.79 put:0.21 | ATM:0.66 OTM:0.34 [seq] | lr: 2.50e-04 | left: 201s
step 04450 ( 16.5%) | loss: 0.496395 | trade:0.00 call:0.72 put:0.28 | ATM:0.55 OTM:0.45 [seq] | lr: 2.50e-04 | left: 200s
step 04500 ( 16.8%) | loss: 0.740119 | trade:0.42 call:0.75 put:0.25 | ATM:0.57 OTM:0.43 [rnd] | lr: 2.50e-04 | left: 200s
step 04550 ( 16.9%) | loss: 0.816290 | trade:0.36 call:0.67 put:0.33 | ATM:0.57 OTM:0.43 [rnd] | lr: 2.50e-04 | left: 199s
step 04600 ( 17.1%) | loss: 0.729002 | trade:0.87 call:0.01 put:0.99 | ATM:0.59 OTM:0.41 [seq] | lr: 2.50e-04 | left: 199s
step 04650 ( 17.3%) | loss: 0.646580 | trade:0.33 call:0.73 put:0.27 | ATM:0.57 OTM:0.43 [rnd] | lr: 2.50e-04 | left: 199s
step 04700 ( 17.5%) | loss: 0.753755 | trade:0.01 call:0.95 put:0.05 | ATM:0.91 OTM:0.09 [seq] | lr: 2.50e-04 | left: 198s
step 04750 ( 17.6%) | loss: 0.851432 | trade:0.33 call:0.77 put:0.23 | ATM:0.57 OTM:0.43 [rnd] | lr: 2.50e-04 | left: 198s
step 04800 ( 17.8%) | loss: 0.549814 | trade:0.69 call:0.77 put:0.23 | ATM:0.39 OTM:0.61 [seq] | lr: 2.50e-04 | left: 197s
step 04850 ( 18.0%) | loss: 0.786868 | trade:0.44 call:0.74 put:0.26 | ATM:0.56 OTM:0.44 [seq] | lr: 2.50e-04 | left: 197s
step 04900 ( 18.2%) | loss: 0.602751 | trade:0.49 call:0.79 put:0.21 | ATM:0.66 OTM:0.34 [seq] | lr: 2.50e-04 | left: 196s
step 04950 ( 18.3%) | loss: 0.332617 | trade:0.36 call:0.96 put:0.04 | ATM:0.94 OTM:0.06 [seq] | lr: 2.50e-04 | left: 196s
step 05000 ( 18.5%) | loss: 0.571194 | trade:0.81 call:0.76 put:0.24 | ATM:0.50 OTM:0.50 [seq] | lr: 2.50e-04 | left: 196s
step 05050 ( 18.7%) | loss: 0.624776 | trade:0.78 call:0.94 put:0.06 | ATM:0.93 OTM:0.07 [seq] | lr: 2.50e-04 | left: 195s
step 05100 ( 18.9%) | loss: 0.385441 | trade:0.00 call:0.66 put:0.34 | ATM:0.67 OTM:0.33 [seq] | lr: 2.50e-04 | left: 195s
step 05150 ( 19.0%) | loss: 0.599971 | trade:0.67 call:0.66 put:0.34 | ATM:0.38 OTM:0.62 [seq] | lr: 2.50e-04 | left: 194s
step 05200 ( 19.2%) | loss: 0.570804 | trade:0.00 call:0.75 put:0.25 | ATM:0.49 OTM:0.51 [seq] | lr: 2.50e-04 | left: 194s
step 05250 ( 19.4%) | loss: 0.607220 | trade:0.00 call:0.79 put:0.21 | ATM:0.60 OTM:0.40 [seq] | lr: 2.50e-04 | left: 194s
step 05300 ( 19.5%) | loss: 0.541496 | trade:0.58 call:0.99 put:0.01 | ATM:0.94 OTM:0.06 [seq] | lr: 2.50e-04 | left: 193s
step 05350 ( 19.7%) | loss: 0.584828 | trade:0.92 call:0.99 put:0.01 | ATM:0.38 OTM:0.62 [seq] | lr: 2.50e-04 | left: 193s
step 05400 ( 19.8%) | loss: 0.765949 | trade:0.34 call:0.69 put:0.31 | ATM:0.57 OTM:0.43 [rnd] | lr: 2.50e-04 | left: 192s
step 05450 ( 20.0%) | loss: 0.581352 | trade:0.89 call:1.00 put:0.00 | ATM:0.22 OTM:0.78 [seq] | lr: 2.50e-04 | left: 192s
step 05500 ( 20.1%) | loss: 0.670103 | trade:0.43 call:0.74 put:0.26 | ATM:0.52 OTM:0.48 [rnd] | lr: 2.50e-04 | left: 192s
step 05550 ( 20.3%) | loss: 0.745083 | trade:0.90 call:0.99 put:0.01 | ATM:0.24 OTM:0.76 [seq] | lr: 2.50e-04 | left: 191s
step 05600 ( 20.5%) | loss: 0.303663 | trade:0.94 call:0.99 put:0.01 | ATM:0.37 OTM:0.63 [seq] | lr: 2.50e-04 | left: 191s
step 05650 ( 20.6%) | loss: 0.397919 | trade:0.00 call:0.74 put:0.26 | ATM:0.35 OTM:0.65 [seq] | lr: 2.50e-04 | left: 190s
step 05700 ( 20.8%) | loss: 1.421668 | trade:0.32 call:0.70 put:0.30 | ATM:0.58 OTM:0.42 [rnd] | lr: 2.50e-04 | left: 190s
step 05750 ( 21.0%) | loss: 1.299623 | trade:0.89 call:0.97 put:0.03 | ATM:0.64 OTM:0.36 [seq] | lr: 2.50e-04 | left: 190s
step 05800 ( 21.2%) | loss: 0.749637 | trade:0.36 call:0.71 put:0.29 | ATM:0.53 OTM:0.47 [rnd] | lr: 2.50e-04 | left: 189s
step 05850 ( 21.3%) | loss: 0.710251 | trade:0.68 call:0.90 put:0.10 | ATM:0.85 OTM:0.15 [seq] | lr: 2.50e-04 | left: 189s
step 05900 ( 21.5%) | loss: 1.587461 | trade:0.84 call:0.91 put:0.09 | ATM:0.47 OTM:0.53 [seq] | lr: 2.50e-04 | left: 188s
step 05950 ( 21.8%) | loss: 0.889317 | trade:0.95 call:1.00 put:0.00 | ATM:0.16 OTM:0.84 [seq] | lr: 2.50e-04 | left: 188s
step 06000 ( 22.1%) | loss: 0.735060 | trade:0.41 call:0.79 put:0.21 | ATM:0.54 OTM:0.46 [rnd] | lr: 2.50e-04 | left: 187s
step 06050 ( 22.3%) | loss: 0.709131 | trade:0.80 call:0.94 put:0.06 | ATM:0.87 OTM:0.13 [seq] | lr: 2.50e-04 | left: 187s
step 06100 ( 22.5%) | loss: 0.941659 | trade:0.48 call:0.67 put:0.33 | ATM:0.53 OTM:0.47 [seq] | lr: 2.50e-04 | left: 186s
step 06150 ( 22.6%) | loss: 0.869939 | trade:0.35 call:0.69 put:0.31 | ATM:0.56 OTM:0.44 [rnd] | lr: 2.50e-04 | left: 186s
step 06200 ( 22.8%) | loss: 0.834850 | trade:0.95 call:0.02 put:0.98 | ATM:0.65 OTM:0.35 [seq] | lr: 2.50e-04 | left: 185s
step 06250 ( 23.0%) | loss: 0.674038 | trade:0.97 call:0.01 put:0.99 | ATM:0.69 OTM:0.31 [seq] | lr: 2.50e-04 | left: 185s
step 06300 ( 23.2%) | loss: 0.548261 | trade:0.00 call:0.76 put:0.24 | ATM:0.65 OTM:0.35 [seq] | lr: 2.50e-04 | left: 184s
step 06350 ( 23.4%) | loss: 1.091372 | trade:0.97 call:0.99 put:0.01 | ATM:0.23 OTM:0.77 [seq] | lr: 2.50e-04 | left: 184s
step 06400 ( 23.6%) | loss: 1.420323 | trade:0.81 call:1.00 put:0.00 | ATM:0.30 OTM:0.70 [seq] | lr: 2.50e-04 | left: 183s
step 06450 ( 23.8%) | loss: 1.948704 | trade:0.88 call:0.92 put:0.08 | ATM:0.29 OTM:0.71 [seq] | lr: 2.50e-04 | left: 183s
step 06500 ( 23.9%) | loss: 0.689950 | trade:0.00 call:0.77 put:0.23 | ATM:0.40 OTM:0.60 [seq] | lr: 2.50e-04 | left: 183s
step 06550 ( 24.1%) | loss: 0.710319 | trade:0.40 call:0.64 put:0.36 | ATM:0.82 OTM:0.18 [seq] | lr: 2.50e-04 | left: 182s
step 06600 ( 24.3%) | loss: 0.599182 | trade:0.95 call:0.02 put:0.98 | ATM:0.70 OTM:0.30 [seq] | lr: 2.50e-04 | left: 182s
step 06650 ( 24.5%) | loss: 0.494758 | trade:0.91 call:0.01 put:0.99 | ATM:0.70 OTM:0.30 [seq] | lr: 2.50e-04 | left: 181s
step 06700 ( 24.7%) | loss: 0.497250 | trade:0.91 call:0.98 put:0.02 | ATM:0.72 OTM:0.28 [seq] | lr: 2.50e-04 | left: 181s
step 06750 ( 24.8%) | loss: 0.605976 | trade:0.82 call:0.94 put:0.06 | ATM:0.91 OTM:0.09 [seq] | lr: 2.50e-04 | left: 180s
step 06800 ( 25.0%) | loss: 0.711945 | trade:0.00 call:0.60 put:0.40 | ATM:0.53 OTM:0.47 [seq] | lr: 2.50e-04 | left: 180s
step 06850 ( 25.1%) | loss: 0.594462 | trade:0.00 call:0.27 put:0.73 | ATM:0.64 OTM:0.36 [seq] | lr: 2.50e-04 | left: 180s
step 06900 ( 25.3%) | loss: 0.271945 | trade:0.89 call:0.02 put:0.98 | ATM:0.70 OTM:0.30 [seq] | lr: 2.50e-04 | left: 179s
step 06950 ( 25.5%) | loss: 0.646074 | trade:0.38 call:0.73 put:0.27 | ATM:0.54 OTM:0.46 [rnd] | lr: 2.50e-04 | left: 179s
step 07000 ( 25.6%) | loss: 0.336438 | trade:0.96 call:1.00 put:0.00 | ATM:0.31 OTM:0.69 [seq] | lr: 2.50e-04 | left: 178s
step 07050 ( 25.8%) | loss: 0.519595 | trade:0.98 call:1.00 put:0.00 | ATM:0.18 OTM:0.82 [seq] | lr: 2.50e-04 | left: 178s
step 07100 ( 26.0%) | loss: 0.485452 | trade:0.97 call:1.00 put:0.00 | ATM:0.17 OTM:0.83 [seq] | lr: 2.50e-04 | left: 178s
step 07150 ( 26.2%) | loss: 1.466887 | trade:0.39 call:0.72 put:0.28 | ATM:0.56 OTM:0.44 [rnd] | lr: 2.50e-04 | left: 177s
step 07200 ( 26.4%) | loss: 0.616301 | trade:0.92 call:0.98 put:0.02 | ATM:0.29 OTM:0.71 [seq] | lr: 2.50e-04 | left: 177s
step 07250 ( 26.6%) | loss: 0.502530 | trade:0.36 call:0.74 put:0.26 | ATM:0.53 OTM:0.47 [rnd] | lr: 2.50e-04 | left: 176s
step 07300 ( 26.8%) | loss: 0.531597 | trade:0.00 call:0.93 put:0.07 | ATM:0.89 OTM:0.11 [seq] | lr: 2.50e-04 | left: 176s
step 07350 ( 27.0%) | loss: 0.537442 | trade:0.00 call:0.70 put:0.30 | ATM:0.50 OTM:0.50 [seq] | lr: 2.50e-04 | left: 175s
step 07400 ( 27.1%) | loss: 0.613961 | trade:0.32 call:0.72 put:0.28 | ATM:0.55 OTM:0.45 [rnd] | lr: 2.50e-04 | left: 175s
step 07450 ( 27.3%) | loss: 0.552862 | trade:0.32 call:0.75 put:0.25 | ATM:0.53 OTM:0.47 [rnd] | lr: 2.50e-04 | left: 175s
step 07500 ( 27.4%) | loss: 0.459878 | trade:0.00 call:0.94 put:0.06 | ATM:0.59 OTM:0.41 [seq] | lr: 2.50e-04 | left: 174s
step 07550 ( 27.5%) | loss: 0.536825 | trade:0.00 call:0.84 put:0.16 | ATM:0.50 OTM:0.50 [seq] | lr: 2.50e-04 | left: 174s
step 07600 ( 27.7%) | loss: 0.376959 | trade:0.00 call:0.81 put:0.19 | ATM:0.35 OTM:0.65 [seq] | lr: 2.50e-04 | left: 174s
step 07650 ( 27.9%) | loss: 0.626880 | trade:0.44 call:0.71 put:0.29 | ATM:0.53 OTM:0.47 [rnd] | lr: 2.50e-04 | left: 173s
step 07700 ( 28.0%) | loss: 0.467158 | trade:0.35 call:0.73 put:0.27 | ATM:0.49 OTM:0.51 [rnd] | lr: 2.50e-04 | left: 173s
step 07750 ( 28.3%) | loss: 0.471975 | trade:0.00 call:0.77 put:0.23 | ATM:0.44 OTM:0.56 [seq] | lr: 2.50e-04 | left: 172s
step 07800 ( 28.4%) | loss: 0.479370 | trade:0.33 call:0.70 put:0.30 | ATM:0.60 OTM:0.40 [rnd] | lr: 2.50e-04 | left: 172s
step 07850 ( 28.6%) | loss: 0.552241 | trade:0.00 call:0.54 put:0.46 | ATM:0.38 OTM:0.62 [seq] | lr: 2.50e-04 | left: 171s
step 07900 ( 28.8%) | loss: 0.690093 | trade:0.00 call:0.93 put:0.07 | ATM:0.45 OTM:0.55 [seq] | lr: 2.50e-04 | left: 171s
step 07950 ( 29.0%) | loss: 0.380627 | trade:0.34 call:0.76 put:0.24 | ATM:0.54 OTM:0.46 [rnd] | lr: 2.50e-04 | left: 170s
step 08000 ( 29.1%) | loss: 0.476670 | trade:0.97 call:0.00 put:1.00 | ATM:0.72 OTM:0.28 [seq] | lr: 2.50e-04 | left: 170s
step 08050 ( 29.3%) | loss: 0.659109 | trade:0.38 call:0.80 put:0.20 | ATM:0.49 OTM:0.51 [seq] | lr: 2.50e-04 | left: 170s
step 08100 ( 29.5%) | loss: 0.745217 | trade:0.34 call:0.75 put:0.25 | ATM:0.54 OTM:0.46 [rnd] | lr: 2.50e-04 | left: 169s
step 08150 ( 29.7%) | loss: 0.635379 | trade:0.31 call:0.83 put:0.17 | ATM:0.57 OTM:0.43 [seq] | lr: 2.50e-04 | left: 169s
step 08200 ( 29.9%) | loss: 0.672166 | trade:0.12 call:0.76 put:0.24 | ATM:0.47 OTM:0.53 [seq] | lr: 2.50e-04 | left: 168s
step 08250 ( 30.1%) | loss: 0.492168 | trade:0.00 call:0.55 put:0.45 | ATM:0.33 OTM:0.67 [seq] | lr: 2.50e-04 | left: 168s
step 08300 ( 30.3%) | loss: 0.709959 | trade:0.43 call:0.75 put:0.25 | ATM:0.51 OTM:0.49 [rnd] | lr: 2.50e-04 | left: 167s
step 08350 ( 30.5%) | loss: 0.844964 | trade:0.35 call:0.72 put:0.28 | ATM:0.54 OTM:0.46 [rnd] | lr: 2.50e-04 | left: 167s
step 08400 ( 30.7%) | loss: 1.078263 | trade:0.89 call:0.95 put:0.05 | ATM:0.55 OTM:0.45 [seq] | lr: 2.50e-04 | left: 166s
step 08450 ( 30.9%) | loss: 0.701232 | trade:0.41 call:0.74 put:0.26 | ATM:0.55 OTM:0.45 [rnd] | lr: 2.50e-04 | left: 166s
step 08500 ( 31.0%) | loss: 0.323833 | trade:0.00 call:0.79 put:0.21 | ATM:0.44 OTM:0.56 [seq] | lr: 2.50e-04 | left: 165s
step 08550 ( 31.2%) | loss: 0.330428 | trade:0.00 call:0.88 put:0.12 | ATM:0.75 OTM:0.25 [seq] | lr: 2.50e-04 | left: 165s
step 08600 ( 31.4%) | loss: 0.402733 | trade:0.00 call:0.13 put:0.87 | ATM:0.89 OTM:0.11 [seq] | lr: 2.50e-04 | left: 165s
step 08650 ( 31.5%) | loss: 0.618961 | trade:0.00 call:0.31 put:0.69 | ATM:0.82 OTM:0.18 [seq] | lr: 2.50e-04 | left: 164s
step 08700 ( 31.7%) | loss: 0.640420 | trade:0.48 call:0.86 put:0.14 | ATM:0.37 OTM:0.63 [seq] | lr: 2.50e-04 | left: 164s
step 08750 ( 31.9%) | loss: 0.591669 | trade:0.33 call:0.73 put:0.27 | ATM:0.56 OTM:0.44 [rnd] | lr: 2.50e-04 | left: 164s
step 08800 ( 32.0%) | loss: 0.765274 | trade:0.31 call:0.76 put:0.24 | ATM:0.58 OTM:0.42 [rnd] | lr: 2.50e-04 | left: 163s
step 08850 ( 32.2%) | loss: 0.570997 | trade:0.00 call:0.16 put:0.84 | ATM:0.68 OTM:0.32 [seq] | lr: 2.50e-04 | left: 163s
step 08900 ( 32.4%) | loss: 0.567804 | trade:0.89 call:0.98 put:0.02 | ATM:0.96 OTM:0.04 [seq] | lr: 2.50e-04 | left: 162s
step 08950 ( 32.6%) | loss: 0.771850 | trade:0.66 call:0.97 put:0.03 | ATM:0.96 OTM:0.04 [seq] | lr: 2.50e-04 | left: 162s
step 09000 ( 32.7%) | loss: 0.782579 | trade:0.00 call:0.95 put:0.05 | ATM:0.70 OTM:0.30 [seq] | lr: 2.50e-04 | left: 161s
step 09050 ( 33.0%) | loss: 0.334202 | trade:0.33 call:0.74 put:0.26 | ATM:0.55 OTM:0.45 [rnd] | lr: 2.50e-04 | left: 161s
step 09100 ( 33.3%) | loss: 0.708845 | trade:0.43 call:0.77 put:0.23 | ATM:0.53 OTM:0.47 [rnd] | lr: 2.50e-04 | left: 160s
step 09150 ( 33.5%) | loss: 0.297245 | trade:0.82 call:0.97 put:0.03 | ATM:0.87 OTM:0.13 [seq] | lr: 2.50e-04 | left: 160s
step 09200 ( 33.7%) | loss: 0.682956 | trade:0.08 call:0.92 put:0.08 | ATM:0.85 OTM:0.15 [seq] | lr: 2.50e-04 | left: 159s
step 09250 ( 33.9%) | loss: 0.957089 | trade:0.38 call:0.73 put:0.27 | ATM:0.55 OTM:0.45 [rnd] | lr: 2.50e-04 | left: 159s
step 09300 ( 34.2%) | loss: 0.451471 | trade:0.00 call:0.65 put:0.35 | ATM:0.77 OTM:0.23 [seq] | lr: 2.50e-04 | left: 158s
step 09350 ( 34.4%) | loss: 0.931876 | trade:0.00 call:0.58 put:0.42 | ATM:0.47 OTM:0.53 [seq] | lr: 2.50e-04 | left: 158s
step 09400 ( 34.5%) | loss: 0.711893 | trade:0.97 call:0.02 put:0.98 | ATM:0.69 OTM:0.31 [seq] | lr: 2.50e-04 | left: 157s
step 09450 ( 34.7%) | loss: 0.265549 | trade:0.86 call:0.01 put:0.99 | ATM:0.69 OTM:0.31 [seq] | lr: 2.50e-04 | left: 157s
step 09500 ( 34.9%) | loss: 0.558255 | trade:0.00 call:0.48 put:0.52 | ATM:0.48 OTM:0.52 [seq] | lr: 2.50e-04 | left: 156s
step 09550 ( 35.0%) | loss: 0.740944 | trade:0.39 call:0.79 put:0.21 | ATM:0.54 OTM:0.46 [rnd] | lr: 2.50e-04 | left: 156s
step 09600 ( 35.2%) | loss: 0.783562 | trade:0.00 call:0.82 put:0.18 | ATM:0.37 OTM:0.63 [seq] | lr: 2.50e-04 | left: 155s
step 09650 ( 35.4%) | loss: 0.567773 | trade:0.00 call:0.80 put:0.20 | ATM:0.65 OTM:0.35 [seq] | lr: 2.50e-04 | left: 155s
step 09700 ( 35.6%) | loss: 0.293475 | trade:0.00 call:0.94 put:0.06 | ATM:0.85 OTM:0.15 [seq] | lr: 2.50e-04 | left: 155s
step 09750 ( 35.7%) | loss: 0.425998 | trade:0.93 call:0.81 put:0.19 | ATM:0.46 OTM:0.54 [seq] | lr: 2.50e-04 | left: 154s
step 09800 ( 35.9%) | loss: 0.499958 | trade:0.95 call:0.98 put:0.02 | ATM:0.34 OTM:0.66 [seq] | lr: 2.50e-04 | left: 154s
step 09850 ( 36.2%) | loss: 0.434624 | trade:0.02 call:0.83 put:0.17 | ATM:0.33 OTM:0.67 [seq] | lr: 2.50e-04 | left: 153s
step 09900 ( 36.3%) | loss: 0.545324 | trade:0.37 call:0.71 put:0.29 | ATM:0.55 OTM:0.45 [rnd] | lr: 2.50e-04 | left: 153s
step 09950 ( 36.5%) | loss: 0.794140 | trade:0.37 call:0.72 put:0.28 | ATM:0.54 OTM:0.46 [rnd] | lr: 2.50e-04 | left: 152s
step 10000 ( 36.6%) | loss: 0.668975 | trade:0.00 call:0.68 put:0.32 | ATM:0.57 OTM:0.43 [seq] | lr: 2.50e-04 | left: 152s
step 10050 ( 36.8%) | loss: 0.685825 | trade:0.34 call:0.75 put:0.25 | ATM:0.52 OTM:0.48 [rnd] | lr: 2.50e-04 | left: 152s
step 10100 ( 37.1%) | loss: 0.582412 | trade:0.00 call:0.75 put:0.25 | ATM:0.57 OTM:0.43 [seq] | lr: 2.50e-04 | left: 151s
step 10150 ( 37.4%) | loss: 0.631805 | trade:0.35 call:0.71 put:0.29 | ATM:0.52 OTM:0.48 [rnd] | lr: 2.50e-04 | left: 150s
step 10200 ( 37.5%) | loss: 0.564245 | trade:0.35 call:0.74 put:0.26 | ATM:0.53 OTM:0.47 [rnd] | lr: 2.50e-04 | left: 150s
step 10250 ( 37.7%) | loss: 0.479721 | trade:0.36 call:0.74 put:0.26 | ATM:0.54 OTM:0.46 [rnd] | lr: 2.50e-04 | left: 150s
step 10300 ( 37.9%) | loss: 0.337879 | trade:0.00 call:0.86 put:0.14 | ATM:0.44 OTM:0.56 [seq] | lr: 2.50e-04 | left: 149s
step 10350 ( 38.1%) | loss: 0.649166 | trade:0.00 call:0.58 put:0.42 | ATM:0.40 OTM:0.60 [seq] | lr: 2.50e-04 | left: 148s
step 10400 ( 38.3%) | loss: 0.536415 | trade:0.00 call:0.94 put:0.06 | ATM:0.39 OTM:0.61 [seq] | lr: 2.50e-04 | left: 148s
step 10450 ( 38.5%) | loss: 0.677488 | trade:0.93 call:0.98 put:0.02 | ATM:0.44 OTM:0.56 [seq] | lr: 2.50e-04 | left: 147s
step 10500 ( 38.7%) | loss: 0.532164 | trade:0.34 call:0.76 put:0.24 | ATM:0.50 OTM:0.50 [rnd] | lr: 2.50e-04 | left: 147s
step 10550 ( 38.9%) | loss: 0.532104 | trade:0.00 call:0.72 put:0.28 | ATM:0.41 OTM:0.59 [seq] | lr: 2.50e-04 | left: 147s
step 10600 ( 39.2%) | loss: 0.687530 | trade:0.48 call:0.95 put:0.05 | ATM:0.46 OTM:0.54 [seq] | lr: 2.50e-04 | left: 146s
step 10650 ( 39.4%) | loss: 0.550711 | trade:0.96 call:0.01 put:0.99 | ATM:0.70 OTM:0.30 [seq] | lr: 2.50e-04 | left: 145s
step 10700 ( 39.6%) | loss: 0.513821 | trade:0.90 call:0.01 put:0.99 | ATM:0.70 OTM:0.30 [seq] | lr: 2.50e-04 | left: 145s
step 10750 ( 39.7%) | loss: 0.565874 | trade:0.34 call:0.71 put:0.29 | ATM:0.57 OTM:0.43 [rnd] | lr: 2.50e-04 | left: 145s
step 10800 ( 39.9%) | loss: 0.577027 | trade:0.41 call:0.71 put:0.29 | ATM:0.50 OTM:0.50 [rnd] | lr: 2.50e-04 | left: 144s
step 10850 ( 40.1%) | loss: 0.702907 | trade:0.31 call:0.72 put:0.28 | ATM:0.54 OTM:0.46 [rnd] | lr: 2.50e-04 | left: 144s
step 10900 ( 40.3%) | loss: 0.726516 | trade:0.76 call:0.97 put:0.03 | ATM:0.52 OTM:0.48 [seq] | lr: 2.50e-04 | left: 143s
step 10950 ( 40.5%) | loss: 0.760650 | trade:0.30 call:0.79 put:0.21 | ATM:0.51 OTM:0.49 [rnd] | lr: 2.50e-04 | left: 143s
step 11000 ( 40.6%) | loss: 0.723833 | trade:0.29 call:0.72 put:0.28 | ATM:0.53 OTM:0.47 [rnd] | lr: 2.50e-04 | left: 142s
step 11050 ( 40.8%) | loss: 0.519603 | trade:0.33 call:0.71 put:0.29 | ATM:0.50 OTM:0.50 [rnd] | lr: 2.50e-04 | left: 142s
step 11100 ( 41.0%) | loss: 0.760271 | trade:0.97 call:0.99 put:0.01 | ATM:0.41 OTM:0.59 [seq] | lr: 2.50e-04 | left: 142s
step 11150 ( 41.3%) | loss: 0.553998 | trade:0.74 call:0.07 put:0.93 | ATM:0.96 OTM:0.04 [seq] | lr: 2.50e-04 | left: 141s
step 11200 ( 41.4%) | loss: 0.696912 | trade:0.00 call:0.07 put:0.93 | ATM:0.89 OTM:0.11 [seq] | lr: 2.50e-04 | left: 141s
step 11250 ( 41.7%) | loss: 0.684013 | trade:0.62 call:0.44 put:0.56 | ATM:0.65 OTM:0.35 [seq] | lr: 2.50e-04 | left: 140s
step 11300 ( 42.0%) | loss: 0.883249 | trade:0.33 call:0.42 put:0.58 | ATM:0.50 OTM:0.50 [seq] | lr: 2.50e-04 | left: 139s
step 11350 ( 42.2%) | loss: 0.804317 | trade:0.96 call:1.00 put:0.00 | ATM:0.18 OTM:0.82 [seq] | lr: 2.50e-04 | left: 139s
step 11400 ( 42.4%) | loss: 0.670460 | trade:0.96 call:1.00 put:0.00 | ATM:0.17 OTM:0.83 [seq] | lr: 2.50e-04 | left: 138s
step 11450 ( 42.6%) | loss: 0.777385 | trade:0.28 call:0.91 put:0.09 | ATM:0.45 OTM:0.55 [seq] | lr: 2.50e-04 | left: 138s
step 11500 ( 42.8%) | loss: 0.550198 | trade:0.00 call:0.68 put:0.32 | ATM:0.41 OTM:0.59 [seq] | lr: 2.50e-04 | left: 137s
step 11550 ( 43.0%) | loss: 0.452489 | trade:0.34 call:0.71 put:0.29 | ATM:0.56 OTM:0.44 [rnd] | lr: 2.50e-04 | left: 137s
step 11600 ( 43.2%) | loss: 0.708832 | trade:0.93 call:1.00 put:0.00 | ATM:0.29 OTM:0.71 [seq] | lr: 2.50e-04 | left: 136s
step 11650 ( 43.3%) | loss: 0.676504 | trade:0.30 call:0.65 put:0.35 | ATM:0.53 OTM:0.47 [rnd] | lr: 2.50e-04 | left: 136s
step 11700 ( 43.6%) | loss: 0.637841 | trade:0.00 call:0.68 put:0.32 | ATM:0.38 OTM:0.62 [seq] | lr: 2.50e-04 | left: 135s
step 11750 ( 43.7%) | loss: 0.658734 | trade:0.39 call:0.77 put:0.23 | ATM:0.48 OTM:0.52 [rnd] | lr: 2.50e-04 | left: 135s
step 11800 ( 44.0%) | loss: 0.546085 | trade:0.92 call:0.96 put:0.04 | ATM:0.48 OTM:0.52 [seq] | lr: 2.50e-04 | left: 134s
step 11850 ( 44.2%) | loss: 0.417573 | trade:0.90 call:0.99 put:0.01 | ATM:0.32 OTM:0.68 [seq] | lr: 2.50e-04 | left: 134s
step 11900 ( 44.4%) | loss: 0.298686 | trade:0.00 call:0.74 put:0.26 | ATM:0.36 OTM:0.64 [seq] | lr: 2.50e-04 | left: 133s
step 11950 ( 44.6%) | loss: 0.825618 | trade:0.00 call:0.81 put:0.19 | ATM:0.66 OTM:0.34 [seq] | lr: 2.50e-04 | left: 133s
step 12000 ( 44.8%) | loss: 0.754207 | trade:0.72 call:0.95 put:0.05 | ATM:0.92 OTM:0.08 [seq] | lr: 2.50e-04 | left: 133s
step 12050 ( 45.1%) | loss: 0.496600 | trade:0.48 call:0.22 put:0.78 | ATM:0.76 OTM:0.24 [seq] | lr: 2.50e-04 | left: 132s
step 12100 ( 45.4%) | loss: 0.711330 | trade:0.46 call:0.65 put:0.35 | ATM:0.56 OTM:0.44 [seq] | lr: 2.50e-04 | left: 131s
step 12150 ( 45.6%) | loss: 0.445452 | trade:0.00 call:0.62 put:0.38 | ATM:0.51 OTM:0.49 [seq] | lr: 2.50e-04 | left: 131s
step 12200 ( 45.7%) | loss: 0.564311 | trade:0.00 call:0.98 put:0.02 | ATM:0.27 OTM:0.73 [seq] | lr: 2.50e-04 | left: 130s
step 12250 ( 45.9%) | loss: 0.689723 | trade:0.00 call:0.93 put:0.07 | ATM:0.28 OTM:0.72 [seq] | lr: 2.50e-04 | left: 130s
step 12300 ( 46.1%) | loss: 0.595892 | trade:0.00 call:0.86 put:0.14 | ATM:0.34 OTM:0.66 [seq] | lr: 2.50e-04 | left: 129s
step 12350 ( 46.3%) | loss: 0.378543 | trade:0.00 call:0.50 put:0.50 | ATM:0.52 OTM:0.48 [seq] | lr: 2.50e-04 | left: 129s
step 12400 ( 46.4%) | loss: 0.541889 | trade:0.00 call:0.88 put:0.12 | ATM:0.50 OTM:0.50 [seq] | lr: 2.50e-04 | left: 129s
step 12450 ( 46.6%) | loss: 0.421597 | trade:0.90 call:0.98 put:0.02 | ATM:0.33 OTM:0.67 [seq] | lr: 2.50e-04 | left: 128s
step 12500 ( 46.8%) | loss: 0.561497 | trade:0.00 call:0.52 put:0.48 | ATM:0.52 OTM:0.48 [seq] | lr: 2.50e-04 | left: 128s
step 12550 ( 47.0%) | loss: 0.480364 | trade:0.00 call:0.59 put:0.41 | ATM:0.44 OTM:0.56 [seq] | lr: 2.50e-04 | left: 127s
step 12600 ( 47.2%) | loss: 0.729711 | trade:0.97 call:0.07 put:0.93 | ATM:0.50 OTM:0.50 [seq] | lr: 2.50e-04 | left: 127s
step 12650 ( 47.4%) | loss: 0.569076 | trade:0.93 call:0.00 put:1.00 | ATM:0.65 OTM:0.35 [seq] | lr: 2.50e-04 | left: 126s
step 12700 ( 47.6%) | loss: 0.575492 | trade:0.00 call:0.44 put:0.56 | ATM:0.39 OTM:0.61 [seq] | lr: 2.50e-04 | left: 126s
step 12750 ( 47.7%) | loss: 0.612771 | trade:0.34 call:0.72 put:0.28 | ATM:0.53 OTM:0.47 [rnd] | lr: 2.50e-04 | left: 125s
step 12800 ( 47.9%) | loss: 0.593719 | trade:0.00 call:0.93 put:0.07 | ATM:0.45 OTM:0.55 [seq] | lr: 2.50e-04 | left: 125s
step 12850 ( 48.1%) | loss: 0.628242 | trade:0.33 call:0.72 put:0.28 | ATM:0.54 OTM:0.46 [rnd] | lr: 2.50e-04 | left: 125s
step 12900 ( 48.3%) | loss: 0.377794 | trade:0.00 call:0.85 put:0.15 | ATM:0.54 OTM:0.46 [seq] | lr: 2.50e-04 | left: 124s
step 12950 ( 48.6%) | loss: 0.593594 | trade:0.35 call:0.71 put:0.29 | ATM:0.53 OTM:0.47 [rnd] | lr: 2.50e-04 | left: 123s
step 13000 ( 48.8%) | loss: 1.034569 | trade:0.76 call:0.44 put:0.56 | ATM:0.70 OTM:0.30 [seq] | lr: 2.50e-04 | left: 123s
step 13050 ( 49.1%) | loss: 0.942810 | trade:0.47 call:0.36 put:0.64 | ATM:0.52 OTM:0.48 [seq] | lr: 2.50e-04 | left: 122s
step 13100 ( 49.4%) | loss: 0.839013 | trade:0.35 call:0.71 put:0.29 | ATM:0.54 OTM:0.46 [rnd] | lr: 2.50e-04 | left: 121s
step 13150 ( 49.6%) | loss: 0.924660 | trade:0.91 call:0.94 put:0.06 | ATM:0.60 OTM:0.40 [seq] | lr: 2.50e-04 | left: 121s
step 13200 ( 49.7%) | loss: 0.697092 | trade:0.92 call:0.85 put:0.15 | ATM:0.40 OTM:0.60 [seq] | lr: 2.50e-04 | left: 121s
step 13250 ( 49.9%) | loss: 0.485352 | trade:0.91 call:0.95 put:0.05 | ATM:0.94 OTM:0.06 [seq] | lr: 2.50e-04 | left: 120s
step 13300 ( 50.1%) | loss: 0.536029 | trade:0.94 call:0.01 put:0.99 | ATM:0.97 OTM:0.03 [seq] | lr: 2.50e-04 | left: 120s
step 13350 ( 50.3%) | loss: 0.548532 | trade:0.89 call:0.93 put:0.07 | ATM:0.92 OTM:0.08 [seq] | lr: 2.50e-04 | left: 119s
step 13400 ( 50.5%) | loss: 0.446543 | trade:0.85 call:0.99 put:0.01 | ATM:0.50 OTM:0.50 [seq] | lr: 2.50e-04 | left: 119s
step 13450 ( 50.7%) | loss: 0.642743 | trade:0.00 call:0.69 put:0.31 | ATM:0.58 OTM:0.42 [seq] | lr: 2.50e-04 | left: 118s
step 13500 ( 50.9%) | loss: 0.428759 | trade:0.00 call:0.93 put:0.07 | ATM:0.93 OTM:0.07 [seq] | lr: 2.50e-04 | left: 118s
step 13550 ( 51.1%) | loss: 0.502556 | trade:0.00 call:0.97 put:0.03 | ATM:0.87 OTM:0.13 [seq] | lr: 2.50e-04 | left: 117s
step 13600 ( 51.3%) | loss: 0.348359 | trade:0.00 call:0.89 put:0.11 | ATM:0.73 OTM:0.27 [seq] | lr: 2.50e-04 | left: 117s
step 13650 ( 51.5%) | loss: 0.478136 | trade:0.00 call:0.71 put:0.29 | ATM:0.42 OTM:0.58 [seq] | lr: 2.50e-04 | left: 116s
step 13700 ( 51.6%) | loss: 0.452080 | trade:0.00 call:0.82 put:0.18 | ATM:0.65 OTM:0.35 [seq] | lr: 2.50e-04 | left: 116s
step 13750 ( 51.8%) | loss: 0.534757 | trade:0.35 call:0.67 put:0.33 | ATM:0.54 OTM:0.46 [rnd] | lr: 2.50e-04 | left: 116s
step 13800 ( 52.0%) | loss: 0.578670 | trade:0.39 call:0.74 put:0.26 | ATM:0.52 OTM:0.48 [rnd] | lr: 2.50e-04 | left: 115s
step 13850 ( 52.1%) | loss: 0.361520 | trade:0.00 call:0.72 put:0.28 | ATM:0.50 OTM:0.50 [seq] | lr: 2.50e-04 | left: 115s
step 13900 ( 52.3%) | loss: 0.482368 | trade:0.00 call:0.91 put:0.09 | ATM:0.38 OTM:0.62 [seq] | lr: 2.50e-04 | left: 115s
step 13950 ( 52.4%) | loss: 0.605607 | trade:0.33 call:0.73 put:0.27 | ATM:0.51 OTM:0.49 [rnd] | lr: 2.50e-04 | left: 114s
step 14000 ( 52.6%) | loss: 0.670600 | trade:0.00 call:0.72 put:0.28 | ATM:0.40 OTM:0.60 [seq] | lr: 2.50e-04 | left: 114s
step 14050 ( 52.8%) | loss: 0.428413 | trade:0.00 call:0.75 put:0.25 | ATM:0.49 OTM:0.51 [seq] | lr: 2.50e-04 | left: 113s
step 14100 ( 53.0%) | loss: 0.423877 | trade:0.00 call:0.48 put:0.52 | ATM:0.51 OTM:0.49 [seq] | lr: 2.50e-04 | left: 113s
step 14150 ( 53.2%) | loss: 0.661956 | trade:0.33 call:0.74 put:0.26 | ATM:0.49 OTM:0.51 [rnd] | lr: 2.50e-04 | left: 112s
step 14200 ( 53.4%) | loss: 0.556054 | trade:0.00 call:0.86 put:0.14 | ATM:0.89 OTM:0.11 [seq] | lr: 2.50e-04 | left: 112s
step 14250 ( 53.6%) | loss: 0.485186 | trade:0.00 call:0.71 put:0.29 | ATM:0.42 OTM:0.58 [seq] | lr: 2.50e-04 | left: 111s
step 14300 ( 53.9%) | loss: 0.556243 | trade:0.43 call:0.74 put:0.26 | ATM:0.53 OTM:0.47 [rnd] | lr: 2.50e-04 | left: 111s
step 14350 ( 54.1%) | loss: 0.586261 | trade:0.00 call:0.60 put:0.40 | ATM:0.37 OTM:0.63 [seq] | lr: 2.50e-04 | left: 110s
step 14400 ( 54.3%) | loss: 0.652498 | trade:0.01 call:0.97 put:0.03 | ATM:0.94 OTM:0.06 [seq] | lr: 2.50e-04 | left: 110s
step 14450 ( 54.6%) | loss: 0.457456 | trade:0.45 call:0.05 put:0.95 | ATM:0.91 OTM:0.09 [seq] | lr: 2.50e-04 | left: 109s
step 14500 ( 54.7%) | loss: 0.381300 | trade:0.00 call:0.53 put:0.47 | ATM:0.56 OTM:0.44 [seq] | lr: 2.50e-04 | left: 109s
step 14550 ( 55.0%) | loss: 0.621924 | trade:0.90 call:0.99 put:0.01 | ATM:0.31 OTM:0.69 [seq] | lr: 2.50e-04 | left: 108s
step 14600 ( 55.2%) | loss: 0.537931 | trade:0.17 call:0.81 put:0.19 | ATM:0.35 OTM:0.65 [seq] | lr: 2.50e-04 | left: 107s
step 14650 ( 55.5%) | loss: 0.561329 | trade:0.00 call:0.79 put:0.21 | ATM:0.58 OTM:0.42 [seq] | lr: 2.50e-04 | left: 107s
step 14700 ( 55.7%) | loss: 0.427401 | trade:0.00 call:0.69 put:0.31 | ATM:0.34 OTM:0.66 [seq] | lr: 2.50e-04 | left: 106s
step 14750 ( 55.9%) | loss: 0.601490 | trade:0.00 call:0.85 put:0.15 | ATM:0.53 OTM:0.47 [seq] | lr: 2.50e-04 | left: 106s
step 14800 ( 56.1%) | loss: 0.514590 | trade:0.00 call:0.63 put:0.37 | ATM:0.39 OTM:0.61 [seq] | lr: 2.50e-04 | left: 105s
step 14850 ( 56.2%) | loss: 0.527200 | trade:0.40 call:0.79 put:0.21 | ATM:0.51 OTM:0.49 [rnd] | lr: 2.50e-04 | left: 105s
step 14900 ( 56.3%) | loss: 0.342375 | trade:0.00 call:0.75 put:0.25 | ATM:0.56 OTM:0.44 [seq] | lr: 2.50e-04 | left: 105s
step 14950 ( 56.5%) | loss: 0.435851 | trade:0.00 call:0.95 put:0.05 | ATM:0.33 OTM:0.67 [seq] | lr: 2.50e-04 | left: 104s
step 15000 ( 56.7%) | loss: 0.595108 | trade:0.39 call:0.48 put:0.52 | ATM:0.43 OTM:0.57 [seq] | lr: 2.50e-04 | left: 104s
step 15050 ( 56.9%) | loss: 0.448290 | trade:0.00 call:0.76 put:0.24 | ATM:0.34 OTM:0.66 [seq] | lr: 2.50e-04 | left: 103s
step 15100 ( 57.1%) | loss: 0.390620 | trade:0.00 call:0.51 put:0.49 | ATM:0.35 OTM:0.65 [seq] | lr: 2.50e-04 | left: 103s
step 15150 ( 57.2%) | loss: 0.501374 | trade:0.00 call:0.76 put:0.24 | ATM:0.38 OTM:0.62 [seq] | lr: 2.50e-04 | left: 103s
step 15200 ( 57.5%) | loss: 0.325459 | trade:0.95 call:0.98 put:0.02 | ATM:0.40 OTM:0.60 [seq] | lr: 2.50e-04 | left: 102s
step 15250 ( 57.7%) | loss: 0.599985 | trade:0.00 call:0.81 put:0.19 | ATM:0.41 OTM:0.59 [seq] | lr: 2.50e-04 | left: 101s
step 15300 ( 58.0%) | loss: 0.732330 | trade:0.31 call:0.72 put:0.28 | ATM:0.53 OTM:0.47 [rnd] | lr: 2.50e-04 | left: 101s
step 15350 ( 58.1%) | loss: 0.420924 | trade:0.01 call:0.88 put:0.12 | ATM:0.88 OTM:0.12 [seq] | lr: 2.50e-04 | left: 101s
step 15400 ( 58.3%) | loss: 0.467164 | trade:0.00 call:0.30 put:0.70 | ATM:0.63 OTM:0.37 [seq] | lr: 2.50e-04 | left: 100s
step 15450 ( 58.4%) | loss: 0.605260 | trade:0.00 call:0.84 put:0.16 | ATM:0.54 OTM:0.46 [seq] | lr: 2.50e-04 | left: 100s
step 15500 ( 58.7%) | loss: 0.623824 | trade:0.00 call:0.35 put:0.65 | ATM:0.49 OTM:0.51 [seq] | lr: 2.50e-04 | left: 99s
step 15550 ( 58.9%) | loss: 0.340143 | trade:0.00 call:0.98 put:0.02 | ATM:0.24 OTM:0.76 [seq] | lr: 2.50e-04 | left: 99s
step 15600 ( 59.1%) | loss: 0.479857 | trade:0.00 call:0.78 put:0.22 | ATM:0.42 OTM:0.58 [seq] | lr: 2.50e-04 | left: 98s
step 15650 ( 59.3%) | loss: 0.539423 | trade:0.00 call:0.79 put:0.21 | ATM:0.53 OTM:0.47 [seq] | lr: 2.50e-04 | left: 98s
step 15700 ( 59.6%) | loss: 0.588370 | trade:0.42 call:0.78 put:0.22 | ATM:0.54 OTM:0.46 [rnd] | lr: 2.50e-04 | left: 97s
step 15750 ( 59.9%) | loss: 0.627063 | trade:0.35 call:0.65 put:0.35 | ATM:0.52 OTM:0.48 [rnd] | lr: 2.50e-04 | left: 96s
step 15800 ( 60.1%) | loss: 0.502576 | trade:0.26 call:0.75 put:0.25 | ATM:0.55 OTM:0.45 [rnd] | lr: 2.50e-04 | left: 96s
step 15850 ( 60.3%) | loss: 0.452795 | trade:0.38 call:0.71 put:0.29 | ATM:0.57 OTM:0.43 [rnd] | lr: 2.50e-04 | left: 95s
step 15900 ( 60.5%) | loss: 0.712868 | trade:0.36 call:0.73 put:0.27 | ATM:0.51 OTM:0.49 [rnd] | lr: 2.50e-04 | left: 95s
step 15950 ( 60.8%) | loss: 0.521186 | trade:0.00 call:0.21 put:0.79 | ATM:0.82 OTM:0.18 [seq] | lr: 2.50e-04 | left: 94s
step 16000 ( 60.9%) | loss: 0.616523 | trade:0.00 call:0.71 put:0.29 | ATM:0.57 OTM:0.43 [seq] | lr: 2.50e-04 | left: 94s
step 16050 ( 61.1%) | loss: 0.511880 | trade:0.00 call:0.78 put:0.22 | ATM:0.43 OTM:0.57 [seq] | lr: 2.50e-04 | left: 93s
step 16100 ( 61.2%) | loss: 0.497897 | trade:0.63 call:0.97 put:0.03 | ATM:0.96 OTM:0.04 [seq] | lr: 2.50e-04 | left: 93s
step 16150 ( 61.4%) | loss: 0.420566 | trade:0.00 call:0.74 put:0.26 | ATM:0.51 OTM:0.49 [seq] | lr: 2.50e-04 | left: 93s
step 16200 ( 61.7%) | loss: 0.825120 | trade:0.40 call:0.77 put:0.23 | ATM:0.53 OTM:0.47 [rnd] | lr: 2.50e-04 | left: 92s
step 16250 ( 61.9%) | loss: 0.697854 | trade:0.32 call:0.73 put:0.27 | ATM:0.51 OTM:0.49 [rnd] | lr: 2.50e-04 | left: 91s
step 16300 ( 62.2%) | loss: 0.547714 | trade:0.33 call:0.75 put:0.25 | ATM:0.55 OTM:0.45 [rnd] | lr: 2.50e-04 | left: 91s
step 16350 ( 62.4%) | loss: 0.658065 | trade:0.35 call:0.71 put:0.29 | ATM:0.55 OTM:0.45 [rnd] | lr: 2.50e-04 | left: 90s
step 16400 ( 62.6%) | loss: 0.801715 | trade:0.00 call:0.87 put:0.13 | ATM:0.55 OTM:0.45 [seq] | lr: 2.50e-04 | left: 90s
step 16450 ( 62.7%) | loss: 0.537584 | trade:0.83 call:0.99 put:0.01 | ATM:0.99 OTM:0.01 [seq] | lr: 2.50e-04 | left: 89s
step 16500 ( 62.9%) | loss: 0.615951 | trade:0.00 call:0.85 put:0.15 | ATM:0.44 OTM:0.56 [seq] | lr: 2.50e-04 | left: 89s
step 16550 ( 63.0%) | loss: 0.698413 | trade:0.39 call:0.75 put:0.25 | ATM:0.50 OTM:0.50 [rnd] | lr: 2.50e-04 | left: 89s
step 16600 ( 63.2%) | loss: 0.703104 | trade:0.00 call:0.67 put:0.33 | ATM:0.36 OTM:0.64 [seq] | lr: 2.50e-04 | left: 88s
step 16650 ( 63.4%) | loss: 0.447385 | trade:0.00 call:0.55 put:0.45 | ATM:0.82 OTM:0.18 [seq] | lr: 2.50e-04 | left: 88s
step 16700 ( 63.6%) | loss: 0.801425 | trade:0.30 call:0.72 put:0.28 | ATM:0.51 OTM:0.49 [rnd] | lr: 2.50e-04 | left: 87s
step 16750 ( 63.8%) | loss: 0.561136 | trade:0.00 call:0.79 put:0.21 | ATM:0.34 OTM:0.66 [seq] | lr: 2.50e-04 | left: 87s
step 16800 ( 64.0%) | loss: 0.684384 | trade:0.36 call:0.74 put:0.26 | ATM:0.51 OTM:0.49 [rnd] | lr: 2.50e-04 | left: 86s
step 16850 ( 64.2%) | loss: 0.865030 | trade:0.32 call:0.67 put:0.33 | ATM:0.51 OTM:0.49 [rnd] | lr: 2.50e-04 | left: 86s
step 16900 ( 64.4%) | loss: 0.604431 | trade:0.93 call:0.99 put:0.01 | ATM:0.34 OTM:0.66 [seq] | lr: 2.50e-04 | left: 85s
step 16950 ( 64.6%) | loss: 0.652844 | trade:0.45 call:0.67 put:0.33 | ATM:0.51 OTM:0.49 [rnd] | lr: 2.50e-04 | left: 85s
step 17000 ( 64.8%) | loss: 0.517428 | trade:0.00 call:0.38 put:0.62 | ATM:0.32 OTM:0.68 [seq] | lr: 2.50e-04 | left: 84s
step 17050 ( 65.0%) | loss: 0.952942 | trade:0.40 call:0.76 put:0.24 | ATM:0.50 OTM:0.50 [rnd] | lr: 2.50e-04 | left: 84s
step 17100 ( 65.1%) | loss: 0.603007 | trade:0.37 call:0.72 put:0.28 | ATM:0.53 OTM:0.47 [rnd] | lr: 2.50e-04 | left: 84s
step 17150 ( 65.3%) | loss: 0.673616 | trade:0.00 call:0.32 put:0.68 | ATM:0.35 OTM:0.65 [seq] | lr: 2.50e-04 | left: 83s
step 17200 ( 65.4%) | loss: 0.543803 | trade:0.00 call:0.74 put:0.26 | ATM:0.35 OTM:0.65 [seq] | lr: 2.50e-04 | left: 83s
step 17250 ( 65.6%) | loss: 0.395654 | trade:0.00 call:0.45 put:0.55 | ATM:0.59 OTM:0.41 [seq] | lr: 2.50e-04 | left: 82s
step 17300 ( 65.8%) | loss: 0.501656 | trade:0.00 call:0.95 put:0.05 | ATM:0.48 OTM:0.52 [seq] | lr: 2.50e-04 | left: 82s
step 17350 ( 65.9%) | loss: 0.727031 | trade:0.29 call:0.65 put:0.35 | ATM:0.53 OTM:0.47 [rnd] | lr: 2.50e-04 | left: 82s
step 17400 ( 66.1%) | loss: 0.641080 | trade:0.32 call:0.73 put:0.27 | ATM:0.52 OTM:0.48 [rnd] | lr: 2.50e-04 | left: 81s
step 17450 ( 66.2%) | loss: 0.557698 | trade:0.93 call:0.05 put:0.95 | ATM:0.62 OTM:0.38 [seq] | lr: 2.50e-04 | left: 81s
step 17500 ( 66.5%) | loss: 0.589605 | trade:0.00 call:0.84 put:0.16 | ATM:0.50 OTM:0.50 [seq] | lr: 2.50e-04 | left: 80s
step 17550 ( 66.6%) | loss: 0.749278 | trade:0.30 call:0.69 put:0.31 | ATM:0.53 OTM:0.47 [rnd] | lr: 2.50e-04 | left: 80s
step 17600 ( 66.9%) | loss: 0.422400 | trade:0.93 call:1.00 put:0.00 | ATM:0.27 OTM:0.73 [seq] | lr: 2.50e-04 | left: 79s
step 17650 ( 67.1%) | loss: 0.533495 | trade:0.44 call:0.69 put:0.31 | ATM:0.54 OTM:0.46 [rnd] | lr: 2.50e-04 | left: 79s
step 17700 ( 67.4%) | loss: 0.449186 | trade:0.89 call:0.98 put:0.02 | ATM:0.31 OTM:0.69 [seq] | lr: 2.50e-04 | left: 78s
step 17750 ( 67.6%) | loss: 0.365099 | trade:0.41 call:0.79 put:0.21 | ATM:0.54 OTM:0.46 [rnd] | lr: 2.50e-04 | left: 78s
step 17800 ( 67.8%) | loss: 0.530218 | trade:0.85 call:0.94 put:0.06 | ATM:0.86 OTM:0.14 [seq] | lr: 2.50e-04 | left: 77s
step 17850 ( 68.0%) | loss: 0.515910 | trade:0.90 call:1.00 put:0.00 | ATM:0.22 OTM:0.78 [seq] | lr: 2.50e-04 | left: 77s
step 17900 ( 68.2%) | loss: 0.462575 | trade:0.94 call:1.00 put:0.00 | ATM:0.19 OTM:0.81 [seq] | lr: 2.50e-04 | left: 76s
step 17950 ( 68.4%) | loss: 0.498357 | trade:0.96 call:1.00 put:0.00 | ATM:0.19 OTM:0.81 [seq] | lr: 2.50e-04 | left: 76s
step 18000 ( 68.6%) | loss: 0.696328 | trade:0.94 call:1.00 put:0.00 | ATM:0.16 OTM:0.84 [seq] | lr: 2.50e-04 | left: 75s
step 18050 ( 68.8%) | loss: 0.501982 | trade:0.32 call:0.72 put:0.28 | ATM:0.55 OTM:0.45 [rnd] | lr: 2.50e-04 | left: 75s
step 18100 ( 69.0%) | loss: 0.552772 | trade:0.40 call:0.78 put:0.22 | ATM:0.53 OTM:0.47 [rnd] | lr: 2.50e-04 | left: 74s
step 18150 ( 69.2%) | loss: 0.633808 | trade:0.86 call:0.93 put:0.07 | ATM:0.93 OTM:0.07 [seq] | lr: 2.50e-04 | left: 74s
step 18200 ( 69.4%) | loss: 0.779613 | trade:0.37 call:0.77 put:0.23 | ATM:0.52 OTM:0.48 [rnd] | lr: 2.50e-04 | left: 74s
step 18250 ( 69.5%) | loss: 0.350870 | trade:0.00 call:0.82 put:0.18 | ATM:0.48 OTM:0.52 [seq] | lr: 2.50e-04 | left: 73s
step 18300 ( 69.8%) | loss: 0.604570 | trade:0.37 call:0.76 put:0.24 | ATM:0.52 OTM:0.48 [rnd] | lr: 2.50e-04 | left: 73s
step 18350 ( 70.0%) | loss: 0.784465 | trade:0.95 call:1.00 put:0.00 | ATM:0.21 OTM:0.79 [seq] | lr: 2.50e-04 | left: 72s
step 18400 ( 70.1%) | loss: 0.365601 | trade:0.98 call:0.99 put:0.01 | ATM:0.25 OTM:0.75 [seq] | lr: 2.50e-04 | left: 72s
step 18450 ( 70.4%) | loss: 0.620588 | trade:0.93 call:1.00 put:0.00 | ATM:0.24 OTM:0.76 [seq] | lr: 2.50e-04 | left: 71s
step 18500 ( 70.5%) | loss: 0.420333 | trade:0.00 call:0.98 put:0.02 | ATM:0.57 OTM:0.43 [seq] | lr: 2.50e-04 | left: 71s
step 18550 ( 70.8%) | loss: 0.498263 | trade:0.00 call:0.87 put:0.13 | ATM:0.79 OTM:0.21 [seq] | lr: 2.50e-04 | left: 70s
step 18600 ( 70.9%) | loss: 0.779448 | trade:0.00 call:0.77 put:0.23 | ATM:0.62 OTM:0.38 [seq] | lr: 2.49e-04 | left: 70s
step 18650 ( 71.1%) | loss: 0.391764 | trade:0.34 call:0.76 put:0.24 | ATM:0.53 OTM:0.47 [rnd] | lr: 2.49e-04 | left: 69s
step 18700 ( 71.3%) | loss: 0.741149 | trade:0.00 call:0.78 put:0.22 | ATM:0.59 OTM:0.41 [seq] | lr: 2.49e-04 | left: 69s
step 18750 ( 71.5%) | loss: 0.473969 | trade:0.00 call:0.61 put:0.39 | ATM:0.35 OTM:0.65 [seq] | lr: 2.48e-04 | left: 68s
step 18800 ( 71.7%) | loss: 0.582565 | trade:0.00 call:0.80 put:0.20 | ATM:0.52 OTM:0.48 [seq] | lr: 2.48e-04 | left: 68s
step 18850 ( 71.8%) | loss: 0.596018 | trade:0.42 call:0.73 put:0.27 | ATM:0.49 OTM:0.51 [rnd] | lr: 2.48e-04 | left: 68s
step 18900 ( 72.0%) | loss: 0.830789 | trade:0.39 call:0.71 put:0.29 | ATM:0.54 OTM:0.46 [rnd] | lr: 2.47e-04 | left: 67s
step 18950 ( 72.2%) | loss: 0.603805 | trade:0.00 call:0.73 put:0.27 | ATM:0.62 OTM:0.38 [seq] | lr: 2.47e-04 | left: 67s
step 19000 ( 72.4%) | loss: 1.079482 | trade:0.94 call:1.00 put:0.00 | ATM:0.25 OTM:0.75 [seq] | lr: 2.46e-04 | left: 66s
step 19050 ( 72.6%) | loss: 0.543007 | trade:0.97 call:1.00 put:0.00 | ATM:0.23 OTM:0.77 [seq] | lr: 2.46e-04 | left: 66s
step 19100 ( 72.7%) | loss: 0.510788 | trade:0.96 call:1.00 put:0.00 | ATM:0.24 OTM:0.76 [seq] | lr: 2.45e-04 | left: 65s
step 19150 ( 72.9%) | loss: 0.504538 | trade:0.15 call:0.81 put:0.19 | ATM:0.66 OTM:0.34 [seq] | lr: 2.44e-04 | left: 65s
step 19200 ( 73.1%) | loss: 0.538464 | trade:0.37 call:0.76 put:0.24 | ATM:0.54 OTM:0.46 [rnd] | lr: 2.44e-04 | left: 65s
step 19250 ( 73.3%) | loss: 0.547678 | trade:0.00 call:0.47 put:0.53 | ATM:0.57 OTM:0.43 [seq] | lr: 2.43e-04 | left: 64s
step 19300 ( 73.4%) | loss: 0.580363 | trade:0.00 call:0.23 put:0.77 | ATM:0.83 OTM:0.17 [seq] | lr: 2.42e-04 | left: 64s
step 19350 ( 73.6%) | loss: 0.691319 | trade:0.41 call:0.77 put:0.23 | ATM:0.54 OTM:0.46 [rnd] | lr: 2.41e-04 | left: 63s
step 19400 ( 73.7%) | loss: 0.685460 | trade:0.97 call:0.02 put:0.98 | ATM:0.63 OTM:0.37 [seq] | lr: 2.41e-04 | left: 63s
step 19450 ( 73.9%) | loss: 0.380627 | trade:0.86 call:0.94 put:0.06 | ATM:0.52 OTM:0.48 [seq] | lr: 2.40e-04 | left: 63s
step 19500 ( 74.1%) | loss: 0.462599 | trade:0.93 call:0.95 put:0.05 | ATM:0.43 OTM:0.57 [seq] | lr: 2.39e-04 | left: 62s
step 19550 ( 74.2%) | loss: 0.262521 | trade:0.95 call:0.99 put:0.01 | ATM:0.33 OTM:0.67 [seq] | lr: 2.38e-04 | left: 62s
step 19600 ( 74.4%) | loss: 0.748472 | trade:0.81 call:0.86 put:0.14 | ATM:0.35 OTM:0.65 [seq] | lr: 2.37e-04 | left: 61s
step 19650 ( 74.6%) | loss: 0.825513 | trade:0.33 call:0.72 put:0.28 | ATM:0.50 OTM:0.50 [rnd] | lr: 2.36e-04 | left: 61s
step 19700 ( 74.8%) | loss: 0.480144 | trade:0.33 call:0.76 put:0.24 | ATM:0.52 OTM:0.48 [rnd] | lr: 2.35e-04 | left: 61s
step 19750 ( 74.9%) | loss: 0.481499 | trade:0.00 call:0.75 put:0.25 | ATM:0.39 OTM:0.61 [seq] | lr: 2.34e-04 | left: 60s
step 19800 ( 75.1%) | loss: 0.658057 | trade:0.00 call:0.74 put:0.26 | ATM:0.48 OTM:0.52 [seq] | lr: 2.33e-04 | left: 60s
step 19850 ( 75.3%) | loss: 0.595924 | trade:0.00 call:0.43 put:0.57 | ATM:0.55 OTM:0.45 [seq] | lr: 2.32e-04 | left: 59s
step 19900 ( 75.4%) | loss: 0.309353 | trade:0.00 call:0.27 put:0.73 | ATM:0.72 OTM:0.28 [seq] | lr: 2.30e-04 | left: 59s
step 19950 ( 75.6%) | loss: 0.417419 | trade:0.89 call:0.08 put:0.92 | ATM:0.64 OTM:0.36 [seq] | lr: 2.29e-04 | left: 59s
step 20000 ( 75.8%) | loss: 0.476064 | trade:0.95 call:0.01 put:0.99 | ATM:0.68 OTM:0.32 [seq] | lr: 2.28e-04 | left: 58s
step 20050 ( 76.0%) | loss: 0.349985 | trade:0.00 call:0.63 put:0.37 | ATM:0.31 OTM:0.69 [seq] | lr: 2.27e-04 | left: 58s
step 20100 ( 76.1%) | loss: 0.547463 | trade:0.00 call:0.73 put:0.27 | ATM:0.33 OTM:0.67 [seq] | lr: 2.25e-04 | left: 57s
step 20150 ( 76.3%) | loss: 0.618961 | trade:0.00 call:0.67 put:0.33 | ATM:0.35 OTM:0.65 [seq] | lr: 2.24e-04 | left: 57s
step 20200 ( 76.4%) | loss: 0.660954 | trade:0.33 call:0.70 put:0.30 | ATM:0.53 OTM:0.47 [rnd] | lr: 2.23e-04 | left: 57s
step 20250 ( 76.6%) | loss: 0.294472 | trade:0.37 call:0.71 put:0.29 | ATM:0.51 OTM:0.49 [rnd] | lr: 2.21e-04 | left: 56s
step 20300 ( 76.8%) | loss: 0.529633 | trade:0.90 call:0.99 put:0.01 | ATM:0.46 OTM:0.54 [seq] | lr: 2.20e-04 | left: 56s
step 20350 ( 77.0%) | loss: 0.535232 | trade:0.35 call:0.76 put:0.24 | ATM:0.53 OTM:0.47 [rnd] | lr: 2.18e-04 | left: 55s
step 20400 ( 77.1%) | loss: 0.568542 | trade:0.04 call:0.69 put:0.31 | ATM:0.48 OTM:0.52 [seq] | lr: 2.17e-04 | left: 55s
step 20450 ( 77.3%) | loss: 0.397949 | trade:0.00 call:0.66 put:0.34 | ATM:0.41 OTM:0.59 [seq] | lr: 2.15e-04 | left: 54s
step 20500 ( 77.5%) | loss: 0.325353 | trade:0.00 call:0.52 put:0.48 | ATM:0.37 OTM:0.63 [seq] | lr: 2.14e-04 | left: 54s
step 20550 ( 77.6%) | loss: 0.577794 | trade:0.00 call:0.84 put:0.16 | ATM:0.42 OTM:0.58 [seq] | lr: 2.12e-04 | left: 54s
step 20600 ( 77.9%) | loss: 0.753932 | trade:0.00 call:0.62 put:0.38 | ATM:0.39 OTM:0.61 [seq] | lr: 2.10e-04 | left: 53s
step 20650 ( 78.1%) | loss: 0.479947 | trade:0.00 call:0.69 put:0.31 | ATM:0.48 OTM:0.52 [seq] | lr: 2.07e-04 | left: 52s
step 20700 ( 78.3%) | loss: 0.617503 | trade:0.31 call:0.75 put:0.25 | ATM:0.50 OTM:0.50 [rnd] | lr: 2.05e-04 | left: 52s
step 20750 ( 78.5%) | loss: 0.592062 | trade:0.40 call:0.76 put:0.24 | ATM:0.52 OTM:0.48 [rnd] | lr: 2.04e-04 | left: 52s
step 20800 ( 78.7%) | loss: 0.476446 | trade:0.85 call:0.80 put:0.20 | ATM:0.49 OTM:0.51 [seq] | lr: 2.02e-04 | left: 51s
step 20850 ( 78.9%) | loss: 0.878183 | trade:0.40 call:0.77 put:0.23 | ATM:0.51 OTM:0.49 [rnd] | lr: 2.00e-04 | left: 51s
step 20900 ( 79.1%) | loss: 0.448573 | trade:0.84 call:0.72 put:0.28 | ATM:0.39 OTM:0.61 [seq] | lr: 1.97e-04 | left: 50s
step 20950 ( 79.3%) | loss: 0.636235 | trade:0.00 call:0.43 put:0.57 | ATM:0.57 OTM:0.43 [seq] | lr: 1.95e-04 | left: 50s
step 21000 ( 79.5%) | loss: 0.535341 | trade:0.00 call:0.77 put:0.23 | ATM:0.58 OTM:0.42 [seq] | lr: 1.93e-04 | left: 49s
step 21050 ( 79.7%) | loss: 0.640471 | trade:0.02 call:0.87 put:0.13 | ATM:0.88 OTM:0.12 [seq] | lr: 1.91e-04 | left: 49s
step 21100 ( 79.9%) | loss: 0.510345 | trade:0.00 call:0.50 put:0.50 | ATM:0.66 OTM:0.34 [seq] | lr: 1.89e-04 | left: 48s
step 21150 ( 80.1%) | loss: 0.337029 | trade:0.33 call:0.74 put:0.26 | ATM:0.52 OTM:0.48 [rnd] | lr: 1.86e-04 | left: 48s
step 21200 ( 80.3%) | loss: 0.524137 | trade:0.45 call:0.78 put:0.22 | ATM:0.55 OTM:0.45 [rnd] | lr: 1.84e-04 | left: 47s
step 21250 ( 80.5%) | loss: 0.734462 | trade:0.96 call:0.01 put:0.99 | ATM:0.70 OTM:0.30 [seq] | lr: 1.81e-04 | left: 47s
step 21300 ( 80.8%) | loss: 0.542666 | trade:0.00 call:0.79 put:0.21 | ATM:0.40 OTM:0.60 [seq] | lr: 1.78e-04 | left: 46s
step 21350 ( 81.0%) | loss: 0.564096 | trade:0.00 call:0.34 put:0.66 | ATM:0.76 OTM:0.24 [seq] | lr: 1.75e-04 | left: 46s
step 21400 ( 81.2%) | loss: 0.510792 | trade:0.00 call:0.48 put:0.52 | ATM:0.52 OTM:0.48 [seq] | lr: 1.74e-04 | left: 45s
step 21450 ( 81.4%) | loss: 0.743253 | trade:0.38 call:0.77 put:0.23 | ATM:0.48 OTM:0.52 [rnd] | lr: 1.71e-04 | left: 45s
step 21500 ( 81.5%) | loss: 0.400662 | trade:0.00 call:0.89 put:0.11 | ATM:0.44 OTM:0.56 [seq] | lr: 1.69e-04 | left: 44s
step 21550 ( 81.7%) | loss: 0.479533 | trade:0.00 call:0.61 put:0.39 | ATM:0.63 OTM:0.37 [seq] | lr: 1.67e-04 | left: 44s
step 21600 ( 81.8%) | loss: 0.473170 | trade:0.00 call:0.94 put:0.06 | ATM:0.40 OTM:0.60 [seq] | lr: 1.66e-04 | left: 44s
step 21650 ( 82.1%) | loss: 0.487536 | trade:0.00 call:0.84 put:0.16 | ATM:0.47 OTM:0.53 [seq] | lr: 1.63e-04 | left: 43s
step 21700 ( 82.2%) | loss: 0.482577 | trade:0.00 call:0.95 put:0.05 | ATM:0.83 OTM:0.17 [seq] | lr: 1.61e-04 | left: 43s
step 21750 ( 82.4%) | loss: 0.414149 | trade:0.90 call:0.02 put:0.98 | ATM:0.96 OTM:0.04 [seq] | lr: 1.58e-04 | left: 42s
step 21800 ( 82.6%) | loss: 0.491586 | trade:0.00 call:0.48 put:0.52 | ATM:0.67 OTM:0.33 [seq] | lr: 1.56e-04 | left: 42s
step 21850 ( 82.8%) | loss: 0.472352 | trade:0.33 call:0.72 put:0.28 | ATM:0.52 OTM:0.48 [rnd] | lr: 1.53e-04 | left: 41s
step 21900 ( 83.1%) | loss: 0.625776 | trade:0.36 call:0.76 put:0.24 | ATM:0.52 OTM:0.48 [rnd] | lr: 1.50e-04 | left: 41s
step 21950 ( 83.3%) | loss: 0.674640 | trade:0.45 call:0.82 put:0.18 | ATM:0.60 OTM:0.40 [seq] | lr: 1.48e-04 | left: 40s
step 22000 ( 83.5%) | loss: 0.495015 | trade:0.00 call:0.73 put:0.27 | ATM:0.56 OTM:0.44 [seq] | lr: 1.45e-04 | left: 40s
step 22050 ( 83.6%) | loss: 0.474572 | trade:0.40 call:0.74 put:0.26 | ATM:0.50 OTM:0.50 [rnd] | lr: 1.43e-04 | left: 39s
step 22100 ( 83.8%) | loss: 0.424778 | trade:0.40 call:0.77 put:0.23 | ATM:0.53 OTM:0.47 [rnd] | lr: 1.40e-04 | left: 39s
step 22150 ( 84.0%) | loss: 0.553595 | trade:0.00 call:0.68 put:0.32 | ATM:0.44 OTM:0.56 [seq] | lr: 1.38e-04 | left: 38s
step 22200 ( 84.2%) | loss: 0.540025 | trade:0.32 call:0.75 put:0.25 | ATM:0.47 OTM:0.53 [rnd] | lr: 1.35e-04 | left: 38s
step 22250 ( 84.5%) | loss: 0.586991 | trade:0.00 call:0.71 put:0.29 | ATM:0.36 OTM:0.64 [seq] | lr: 1.32e-04 | left: 37s
step 22300 ( 84.7%) | loss: 0.545066 | trade:0.00 call:0.74 put:0.26 | ATM:0.26 OTM:0.74 [seq] | lr: 1.29e-04 | left: 37s
step 22350 ( 84.9%) | loss: 0.445504 | trade:0.32 call:0.77 put:0.23 | ATM:0.51 OTM:0.49 [rnd] | lr: 1.26e-04 | left: 36s
step 22400 ( 85.1%) | loss: 0.544164 | trade:0.00 call:0.78 put:0.22 | ATM:0.63 OTM:0.37 [seq] | lr: 1.24e-04 | left: 36s
step 22450 ( 85.3%) | loss: 0.666061 | trade:0.00 call:0.87 put:0.13 | ATM:0.51 OTM:0.49 [seq] | lr: 1.21e-04 | left: 35s
step 22500 ( 85.5%) | loss: 0.641114 | trade:0.94 call:0.98 put:0.02 | ATM:0.45 OTM:0.55 [seq] | lr: 1.19e-04 | left: 35s
step 22550 ( 85.7%) | loss: 0.648571 | trade:0.00 call:0.86 put:0.14 | ATM:0.54 OTM:0.46 [seq] | lr: 1.16e-04 | left: 34s
step 22600 ( 85.9%) | loss: 0.709583 | trade:0.35 call:0.73 put:0.27 | ATM:0.54 OTM:0.46 [rnd] | lr: 1.13e-04 | left: 34s
step 22650 ( 86.1%) | loss: 0.290641 | trade:0.00 call:0.77 put:0.23 | ATM:0.37 OTM:0.63 [seq] | lr: 1.11e-04 | left: 33s
step 22700 ( 86.4%) | loss: 0.569703 | trade:0.00 call:0.78 put:0.22 | ATM:0.62 OTM:0.38 [seq] | lr: 1.07e-04 | left: 33s
step 22750 ( 86.5%) | loss: 0.258717 | trade:0.00 call:0.38 put:0.62 | ATM:0.70 OTM:0.30 [seq] | lr: 1.06e-04 | left: 32s
step 22800 ( 86.7%) | loss: 0.588408 | trade:0.00 call:0.93 put:0.07 | ATM:0.51 OTM:0.49 [seq] | lr: 1.03e-04 | left: 32s
step 22850 ( 86.9%) | loss: 0.687253 | trade:0.92 call:0.99 put:0.01 | ATM:0.34 OTM:0.66 [seq] | lr: 1.01e-04 | left: 32s
step 22900 ( 87.0%) | loss: 0.768409 | trade:0.84 call:0.81 put:0.19 | ATM:0.64 OTM:0.36 [seq] | lr: 9.87e-05 | left: 31s
step 22950 ( 87.2%) | loss: 0.563938 | trade:0.34 call:0.69 put:0.31 | ATM:0.52 OTM:0.48 [rnd] | lr: 9.63e-05 | left: 31s
step 23000 ( 87.4%) | loss: 0.644357 | trade:0.00 call:0.65 put:0.35 | ATM:0.34 OTM:0.66 [seq] | lr: 9.44e-05 | left: 30s
step 23050 ( 87.5%) | loss: 0.394201 | trade:0.93 call:0.08 put:0.92 | ATM:0.90 OTM:0.10 [seq] | lr: 9.24e-05 | left: 30s
step 23100 ( 87.7%) | loss: 0.644352 | trade:0.00 call:0.71 put:0.29 | ATM:0.61 OTM:0.39 [seq] | lr: 9.00e-05 | left: 29s
step 23150 ( 87.9%) | loss: 0.537186 | trade:0.00 call:0.50 put:0.50 | ATM:0.65 OTM:0.35 [seq] | lr: 8.76e-05 | left: 29s
step 23200 ( 88.1%) | loss: 0.587471 | trade:0.30 call:0.69 put:0.31 | ATM:0.53 OTM:0.47 [rnd] | lr: 8.57e-05 | left: 29s
step 23250 ( 88.3%) | loss: 0.565909 | trade:0.00 call:0.68 put:0.32 | ATM:0.45 OTM:0.55 [seq] | lr: 8.24e-05 | left: 28s
step 23300 ( 88.6%) | loss: 0.711346 | trade:0.34 call:0.77 put:0.23 | ATM:0.49 OTM:0.51 [rnd] | lr: 7.95e-05 | left: 27s
step 23350 ( 88.7%) | loss: 0.450028 | trade:0.00 call:0.76 put:0.24 | ATM:0.55 OTM:0.45 [seq] | lr: 7.75e-05 | left: 27s
step 23400 ( 88.9%) | loss: 0.501714 | trade:0.41 call:0.76 put:0.24 | ATM:0.47 OTM:0.53 [rnd] | lr: 7.56e-05 | left: 27s
step 23450 ( 89.1%) | loss: 0.519583 | trade:0.47 call:0.73 put:0.27 | ATM:0.52 OTM:0.48 [rnd] | lr: 7.32e-05 | left: 26s
step 23500 ( 89.3%) | loss: 0.496663 | trade:0.97 call:1.00 put:0.00 | ATM:0.25 OTM:0.75 [seq] | lr: 7.09e-05 | left: 26s
step 23550 ( 89.6%) | loss: 0.684258 | trade:0.59 call:0.43 put:0.57 | ATM:0.79 OTM:0.21 [seq] | lr: 6.73e-05 | left: 25s
step 23600 ( 89.8%) | loss: 0.521572 | trade:0.00 call:0.67 put:0.33 | ATM:0.43 OTM:0.57 [seq] | lr: 6.49e-05 | left: 25s
step 23650 ( 90.0%) | loss: 0.554672 | trade:0.97 call:1.00 put:0.00 | ATM:0.40 OTM:0.60 [seq] | lr: 6.28e-05 | left: 24s
step 23700 ( 90.3%) | loss: 0.747381 | trade:0.35 call:0.76 put:0.24 | ATM:0.52 OTM:0.48 [rnd] | lr: 5.95e-05 | left: 23s
step 23750 ( 90.5%) | loss: 1.558272 | trade:0.46 call:0.74 put:0.26 | ATM:0.50 OTM:0.50 [rnd] | lr: 5.66e-05 | left: 23s
step 23800 ( 90.7%) | loss: 0.553993 | trade:0.00 call:0.74 put:0.26 | ATM:0.47 OTM:0.53 [seq] | lr: 5.45e-05 | left: 22s
step 23850 ( 90.9%) | loss: 0.459763 | trade:0.48 call:0.78 put:0.22 | ATM:0.39 OTM:0.61 [seq] | lr: 5.22e-05 | left: 22s
step 23900 ( 91.3%) | loss: 0.617792 | trade:0.30 call:0.69 put:0.31 | ATM:0.49 OTM:0.51 [seq] | lr: 4.88e-05 | left: 21s
step 23950 ( 91.5%) | loss: 1.139381 | trade:0.93 call:0.21 put:0.79 | ATM:0.61 OTM:0.39 [seq] | lr: 4.63e-05 | left: 20s
step 24000 ( 91.7%) | loss: 0.451314 | trade:0.96 call:0.01 put:0.99 | ATM:0.64 OTM:0.36 [seq] | lr: 4.46e-05 | left: 20s
step 24050 ( 91.9%) | loss: 0.577658 | trade:0.92 call:0.99 put:0.01 | ATM:0.30 OTM:0.70 [seq] | lr: 4.21e-05 | left: 19s
step 24100 ( 92.1%) | loss: 0.640035 | trade:0.00 call:0.32 put:0.68 | ATM:0.62 OTM:0.38 [seq] | lr: 4.06e-05 | left: 19s
step 24150 ( 92.2%) | loss: 0.319448 | trade:0.00 call:0.28 put:0.72 | ATM:0.88 OTM:0.12 [seq] | lr: 3.91e-05 | left: 19s
step 24200 ( 92.5%) | loss: 0.317549 | trade:0.00 call:0.50 put:0.50 | ATM:0.56 OTM:0.44 [seq] | lr: 3.70e-05 | left: 18s
step 24250 ( 92.7%) | loss: 0.652333 | trade:0.37 call:0.73 put:0.27 | ATM:0.53 OTM:0.47 [rnd] | lr: 3.51e-05 | left: 18s
step 24300 ( 92.8%) | loss: 0.513596 | trade:0.88 call:0.95 put:0.05 | ATM:0.95 OTM:0.05 [seq] | lr: 3.35e-05 | left: 17s
step 24350 ( 93.1%) | loss: 0.693890 | trade:0.31 call:0.73 put:0.27 | ATM:0.51 OTM:0.49 [rnd] | lr: 3.14e-05 | left: 17s
step 24400 ( 93.2%) | loss: 0.748588 | trade:0.41 call:0.77 put:0.23 | ATM:0.51 OTM:0.49 [rnd] | lr: 3.00e-05 | left: 16s
step 24450 ( 93.4%) | loss: 0.453182 | trade:0.00 call:0.79 put:0.21 | ATM:0.59 OTM:0.41 [seq] | lr: 2.84e-05 | left: 16s
step 24500 ( 93.7%) | loss: 0.771936 | trade:0.32 call:0.55 put:0.45 | ATM:0.60 OTM:0.40 [seq] | lr: 2.61e-05 | left: 15s
step 24550 ( 93.9%) | loss: 0.751962 | trade:0.29 call:0.45 put:0.55 | ATM:0.53 OTM:0.47 [seq] | lr: 2.46e-05 | left: 15s
step 24600 ( 94.1%) | loss: 0.505838 | trade:0.32 call:0.57 put:0.43 | ATM:0.55 OTM:0.45 [seq] | lr: 2.32e-05 | left: 14s
step 24650 ( 94.3%) | loss: 0.642369 | trade:0.00 call:0.17 put:0.83 | ATM:0.50 OTM:0.50 [seq] | lr: 2.18e-05 | left: 14s
step 24700 ( 94.4%) | loss: 0.524291 | trade:0.00 call:0.82 put:0.18 | ATM:0.59 OTM:0.41 [seq] | lr: 2.06e-05 | left: 13s
step 24750 ( 94.6%) | loss: 0.331804 | trade:0.00 call:0.83 put:0.17 | ATM:0.70 OTM:0.30 [seq] | lr: 1.92e-05 | left: 13s
step 24800 ( 94.8%) | loss: 0.474079 | trade:0.00 call:0.63 put:0.37 | ATM:0.46 OTM:0.54 [seq] | lr: 1.82e-05 | left: 13s
step 24850 ( 95.0%) | loss: 0.497949 | trade:0.00 call:0.57 put:0.43 | ATM:0.40 OTM:0.60 [seq] | lr: 1.69e-05 | left: 12s
step 24900 ( 95.2%) | loss: 1.371142 | trade:0.39 call:0.68 put:0.32 | ATM:0.51 OTM:0.49 [rnd] | lr: 1.55e-05 | left: 12s
step 24950 ( 95.4%) | loss: 0.662853 | trade:0.00 call:0.45 put:0.55 | ATM:0.43 OTM:0.57 [seq] | lr: 1.41e-05 | left: 11s
step 25000 ( 95.6%) | loss: 0.625821 | trade:0.00 call:0.95 put:0.05 | ATM:0.34 OTM:0.66 [seq] | lr: 1.30e-05 | left: 11s
step 25050 ( 95.8%) | loss: 0.619073 | trade:0.89 call:0.99 put:0.01 | ATM:0.31 OTM:0.69 [seq] | lr: 1.22e-05 | left: 10s
step 25100 ( 95.9%) | loss: 0.749269 | trade:0.00 call:0.64 put:0.36 | ATM:0.33 OTM:0.67 [seq] | lr: 1.14e-05 | left: 10s
step 25150 ( 96.1%) | loss: 0.596575 | trade:0.00 call:0.75 put:0.25 | ATM:0.39 OTM:0.61 [seq] | lr: 1.04e-05 | left: 9s
step 25200 ( 96.2%) | loss: 0.467450 | trade:0.98 call:0.02 put:0.98 | ATM:0.69 OTM:0.31 [seq] | lr: 9.63e-06 | left: 9s
step 25250 ( 96.4%) | loss: 0.575633 | trade:0.37 call:0.73 put:0.27 | ATM:0.52 OTM:0.48 [rnd] | lr: 8.85e-06 | left: 9s
step 25300 ( 96.6%) | loss: 0.414193 | trade:0.91 call:0.99 put:0.01 | ATM:0.47 OTM:0.53 [seq] | lr: 8.01e-06 | left: 8s
step 25350 ( 96.7%) | loss: 0.252979 | trade:0.87 call:0.95 put:0.05 | ATM:0.94 OTM:0.06 [seq] | lr: 7.20e-06 | left: 8s
step 25400 ( 96.9%) | loss: 0.306634 | trade:0.00 call:0.81 put:0.19 | ATM:0.46 OTM:0.54 [seq] | lr: 6.48e-06 | left: 7s
step 25450 ( 97.1%) | loss: 0.404472 | trade:0.00 call:0.78 put:0.22 | ATM:0.42 OTM:0.58 [seq] | lr: 5.74e-06 | left: 7s
step 25500 ( 97.3%) | loss: 0.475247 | trade:0.00 call:0.49 put:0.51 | ATM:0.46 OTM:0.54 [seq] | lr: 5.01e-06 | left: 7s
step 25550 ( 97.5%) | loss: 0.488633 | trade:0.00 call:0.65 put:0.35 | ATM:0.35 OTM:0.65 [seq] | lr: 4.22e-06 | left: 6s
step 25600 ( 97.7%) | loss: 0.699111 | trade:0.41 call:0.73 put:0.27 | ATM:0.51 OTM:0.49 [rnd] | lr: 3.56e-06 | left: 5s
step 25650 ( 97.9%) | loss: 0.420333 | trade:0.00 call:0.83 put:0.17 | ATM:0.68 OTM:0.32 [seq] | lr: 3.07e-06 | left: 5s
step 25700 ( 98.1%) | loss: 1.988130 | trade:0.91 call:0.92 put:0.08 | ATM:0.37 OTM:0.63 [seq] | lr: 2.45e-06 | left: 5s
step 25750 ( 98.3%) | loss: 0.985059 | trade:0.36 call:0.77 put:0.23 | ATM:0.51 OTM:0.49 [rnd] | lr: 1.99e-06 | left: 4s
step 25800 ( 98.5%) | loss: 0.567130 | trade:0.00 call:0.53 put:0.47 | ATM:0.53 OTM:0.47 [seq] | lr: 1.48e-06 | left: 4s
step 25850 ( 98.8%) | loss: 0.971080 | trade:0.47 call:0.85 put:0.15 | ATM:0.40 OTM:0.60 [seq] | lr: 9.26e-07 | left: 3s
step 25900 ( 99.0%) | loss: 0.557270 | trade:0.96 call:1.00 put:0.00 | ATM:0.15 OTM:0.85 [seq] | lr: 6.93e-07 | left: 2s
step 25950 ( 99.1%) | loss: 0.396902 | trade:0.96 call:1.00 put:0.00 | ATM:0.19 OTM:0.81 [seq] | lr: 5.07e-07 | left: 2s
step 26000 ( 99.3%) | loss: 0.683542 | trade:0.42 call:0.73 put:0.27 | ATM:0.52 OTM:0.48 [rnd] | lr: 3.20e-07 | left: 2s
step 26050 ( 99.5%) | loss: 0.608512 | trade:0.36 call:0.75 put:0.25 | ATM:0.51 OTM:0.49 [rnd] | lr: 1.84e-07 | left: 1s
step 26100 ( 99.6%) | loss: 0.583280 | trade:0.00 call:0.93 put:0.07 | ATM:0.89 OTM:0.11 [seq] | lr: 9.78e-08 | left: 1s
step 26150 ( 99.8%) | loss: 0.522234 | trade:0.00 call:0.54 put:0.46 | ATM:0.46 OTM:0.54 [seq] | lr: 2.51e-08 | left: 0s
step 26200 (100.0%) | loss: 0.548678 | trade:0.33 call:0.74 put:0.26 | ATM:0.56 OTM:0.44 [rnd] | lr: 1.64e-09 | left: 0s

Training done at 245s. Starting evaluation...
Evaluation done in 1s (total wall: 246s)
Model saved to /root/best_model.pt
Trade log: 5 trades -> /root/trade_log.csv

=== TRADE DIAGNOSTICS ===

Worst 5 trades:
  2025-09-17 2025-09-17 14:02 CALL_ATM 6600.0 PnL=-3441.49% hold=1bars exit=model_exit
  2025-09-17 2025-09-17 13:10 CALL_ATM 6600.0 PnL=-393.59% hold=2bars exit=model_exit
  2025-09-17 2025-09-17 13:18 CALL_ATM 6600.0 PnL=-221.63% hold=1bars exit=model_exit
  2025-09-17 2025-09-17 13:22 CALL_ATM 6600.0 PnL=-50.11% hold=2bars exit=model_exit
  2025-09-17 2025-09-17 13:00 CALL_ATM 6600.0 PnL=+157.11% hold=7bars exit=model_exit
Best 5 trades:
  2025-09-17 2025-09-17 14:02 CALL_ATM 6600.0 PnL=-3441.49% hold=1bars exit=model_exit
  2025-09-17 2025-09-17 13:10 CALL_ATM 6600.0 PnL=-393.59% hold=2bars exit=model_exit
  2025-09-17 2025-09-17 13:18 CALL_ATM 6600.0 PnL=-221.63% hold=1bars exit=model_exit
  2025-09-17 2025-09-17 13:22 CALL_ATM 6600.0 PnL=-50.11% hold=2bars exit=model_exit
  2025-09-17 2025-09-17 13:00 CALL_ATM 6600.0 PnL=+157.11% hold=7bars exit=model_exit

Time-of-day breakdown:
  Lunch(11:30-13:30): 5 trades, WR=20.0%, avg=-789.94%

Direction breakdown:
  CALL: 5 trades, WR=20.0%, avg=-789.94%

Exit reasons:
  model_exit: 5 (100.0%)

Stop-loss alignment: MULTI-LEVEL (tight/med/wide selected by IV+VIX)
=== END DIAGNOSTICS ===

---
score:              -0.128245
profit_factor:      0.038255
win_rate:           0.200000
avg_winner:         0.015711
avg_loser:          -0.102670
trades_per_day:     1.000000
max_consec_loss:    4
num_trades:         5
trade_sharpe:       -8.380931
sortino:            -7.760101
max_drawdown:       -0.410682
calmar:             -0.961745
ev_per_trade:       -0.078994
do_nothing_pct:     0.903846
exit_pct:           0.019231
model_exit_count:   5
cooldown_blocked:   0
pre_10am_blocked:   12
short_hold_pct:     0.000000
stop_loss_rate:     0.000000
direction_collapse_pct: 1.000000
avg_entry_cost_bps: 302.261400
avg_entry_quality:  0.682700
cost_realism_coverage: 1.000000
high_cost_entry_rate: 0.200000
low_quality_entry_rate: 0.000000
actionable_bar_rate: 0.969200
risk_off_bar_rate:  0.000000
final_capital:      8856.58
equity_sharpe:      -7.947300
max_equity_dd:      -0.117100
total_dollar_return:-0.114300
val_sharpe:         -68.346673
total_return:       -0.394971
num_val_bars:       260
num_val_days:       5
worst_chunk_pf:     1.00
rr_ratio:           0.1530
avg_hold_bars:      2.60
model_exit_rate:    1.0000
hit_ruin:           False
min_equity_frac:    0.8857
avg_risk_fraction:  0.2219
max_risk_fraction:  0.3058
trades_blocked_by_balance: 0
training_seconds:   240.0
total_seconds:      248.3
peak_vram_mb:       452.7
num_steps:          26214
num_params:         145,064
lookback:           120
depth:              3
d_model:            64
effective_lr:       0.00025
gate_label_smoothing:0.050000
dir_label_smoothing:0.050000
false_entry_penalty:1.500000
/opt/conda/lib/python3.11/site-packages/torch/nn/modules/transformer.py:379: UserWarning: enable_nested_tensor is True, but self.use_nested_tensor is False because encoder_layer.norm_first was True
  warnings.warn(
