Mixed precision: bf16 enabled (Ampere+ GPU detected)
Loading data from: /root/.cache/autoresearch-trading/features/data.pt
Loaded 384870 1-min bars, 32 features, 8 actions
  ~986 trading days
Training:   up to idx 269189
Validation: idx 269190-384869
  Option P&L coverage: 297877/384870 (77%)
Parameters: 145,064
Architecture: v4 simplified two-head (gate+dir), ATM-biased, no ETV
Training from scratch (v4: no warm-start).
Day-sequential batching: 70% sequential, 30% random (batch=16)

Budget: 240s | Batch: 512 | Lookback: 120
LR: 0.00025 | Depth: 3 | d_model: 64 | ff_mult: 3
Dropout: 0.15 | Weight decay: 0.05
Label smoothing: gate=0.05 dir=0.05
Loss weights: gate=0.5, dir=2.0, pnl=0.3
Exit override strength: 0.15 (gate targets flipped on exit bars)
Position state: flat for random batches, tracked for day-sequential

step 00000 (  0.0%) | loss: 0.000000 | trade:0.58 call:0.47 put:0.53 | ATM:0.40 OTM:0.60 [seq] | lr: 0.00e+00 | left: 240s
step 00050 (  0.2%) | loss: 1.200575 | trade:0.56 call:0.55 put:0.45 | ATM:0.38 OTM:0.62 [seq] | lr: 3.40e-06 | left: 240s
step 00100 (  0.4%) | loss: 1.545871 | trade:0.66 call:0.46 put:0.54 | ATM:0.41 OTM:0.59 [seq] | lr: 7.27e-06 | left: 239s
step 00150 (  0.7%) | loss: 1.356811 | trade:0.63 call:0.49 put:0.51 | ATM:0.44 OTM:0.56 [seq] | lr: 1.11e-05 | left: 238s
step 00200 (  1.0%) | loss: 1.060171 | trade:0.66 call:0.45 put:0.55 | ATM:0.43 OTM:0.57 [seq] | lr: 1.59e-05 | left: 238s
step 00250 (  1.2%) | loss: 0.800156 | trade:0.58 call:0.52 put:0.49 | ATM:0.43 OTM:0.57 [seq] | lr: 2.06e-05 | left: 237s
step 00300 (  1.5%) | loss: 1.282871 | trade:0.57 call:0.64 put:0.36 | ATM:0.44 OTM:0.56 [seq] | lr: 2.48e-05 | left: 236s
step 00350 (  1.7%) | loss: 1.321770 | trade:0.52 call:0.61 put:0.39 | ATM:0.43 OTM:0.57 [rnd] | lr: 2.81e-05 | left: 236s
step 00400 (  1.9%) | loss: 1.186720 | trade:0.56 call:0.64 put:0.36 | ATM:0.41 OTM:0.59 [seq] | lr: 3.16e-05 | left: 235s
step 00450 (  2.2%) | loss: 1.341067 | trade:0.29 call:0.71 put:0.29 | ATM:0.45 OTM:0.55 [seq] | lr: 3.67e-05 | left: 235s
step 00500 (  2.5%) | loss: 0.920368 | trade:0.41 call:0.79 put:0.21 | ATM:0.52 OTM:0.48 [seq] | lr: 4.14e-05 | left: 234s
step 00550 (  2.7%) | loss: 1.176460 | trade:0.34 call:0.71 put:0.29 | ATM:0.48 OTM:0.52 [seq] | lr: 4.54e-05 | left: 233s
step 00600 (  2.9%) | loss: 0.883523 | trade:0.34 call:0.88 put:0.12 | ATM:0.54 OTM:0.46 [seq] | lr: 4.91e-05 | left: 233s
step 00650 (  3.2%) | loss: 1.192613 | trade:0.31 call:0.88 put:0.13 | ATM:0.52 OTM:0.48 [seq] | lr: 5.30e-05 | left: 232s
step 00700 (  3.5%) | loss: 1.391878 | trade:0.30 call:0.57 put:0.43 | ATM:0.41 OTM:0.59 [seq] | lr: 5.76e-05 | left: 232s
step 00750 (  3.7%) | loss: 1.540764 | trade:0.16 call:0.50 put:0.50 | ATM:0.43 OTM:0.57 [seq] | lr: 6.15e-05 | left: 231s
step 00800 (  4.0%) | loss: 1.047571 | trade:0.60 call:0.43 put:0.57 | ATM:0.44 OTM:0.56 [seq] | lr: 6.62e-05 | left: 230s
step 00850 (  4.2%) | loss: 0.472237 | trade:0.57 call:0.46 put:0.54 | ATM:0.41 OTM:0.59 [seq] | lr: 6.96e-05 | left: 230s
step 00900 (  4.5%) | loss: 0.843919 | trade:0.78 call:0.93 put:0.07 | ATM:0.54 OTM:0.46 [seq] | lr: 7.46e-05 | left: 229s
step 00950 (  4.7%) | loss: 0.567086 | trade:0.52 call:0.86 put:0.15 | ATM:0.46 OTM:0.54 [seq] | lr: 7.78e-05 | left: 229s
step 01000 (  4.9%) | loss: 0.872892 | trade:0.30 call:0.70 put:0.30 | ATM:0.51 OTM:0.49 [rnd] | lr: 8.09e-05 | left: 228s
step 01050 (  5.1%) | loss: 0.631459 | trade:0.12 call:0.76 put:0.24 | ATM:0.47 OTM:0.53 [seq] | lr: 8.44e-05 | left: 228s
step 01100 (  5.3%) | loss: 0.620421 | trade:0.49 call:0.84 put:0.16 | ATM:0.61 OTM:0.39 [seq] | lr: 8.91e-05 | left: 227s
step 01150 (  5.6%) | loss: 0.650916 | trade:0.66 call:0.96 put:0.04 | ATM:0.59 OTM:0.41 [seq] | lr: 9.40e-05 | left: 226s
step 01200 (  5.8%) | loss: 1.017307 | trade:0.34 call:0.69 put:0.31 | ATM:0.55 OTM:0.45 [rnd] | lr: 9.74e-05 | left: 226s
step 01250 (  6.0%) | loss: 0.972955 | trade:0.32 call:0.68 put:0.32 | ATM:0.57 OTM:0.43 [rnd] | lr: 1.01e-04 | left: 225s
step 01300 (  6.3%) | loss: 0.463426 | trade:0.89 call:0.96 put:0.04 | ATM:0.76 OTM:0.24 [seq] | lr: 1.05e-04 | left: 225s
step 01350 (  6.6%) | loss: 0.641264 | trade:0.35 call:0.69 put:0.32 | ATM:0.57 OTM:0.43 [rnd] | lr: 1.10e-04 | left: 224s
step 01400 (  6.8%) | loss: 0.733596 | trade:0.37 call:0.70 put:0.30 | ATM:0.58 OTM:0.42 [rnd] | lr: 1.14e-04 | left: 224s
step 01450 (  7.1%) | loss: 0.989062 | trade:0.35 call:0.67 put:0.33 | ATM:0.61 OTM:0.39 [rnd] | lr: 1.18e-04 | left: 223s
step 01500 (  7.3%) | loss: 0.654606 | trade:0.01 call:0.66 put:0.34 | ATM:0.60 OTM:0.40 [seq] | lr: 1.22e-04 | left: 222s
step 01550 (  7.5%) | loss: 0.323881 | trade:0.03 call:0.43 put:0.57 | ATM:0.76 OTM:0.24 [seq] | lr: 1.25e-04 | left: 222s
step 01600 (  7.7%) | loss: 0.945702 | trade:0.35 call:0.69 put:0.31 | ATM:0.61 OTM:0.39 [rnd] | lr: 1.29e-04 | left: 221s
step 01650 (  7.9%) | loss: 0.668310 | trade:0.96 call:0.03 put:0.97 | ATM:0.80 OTM:0.20 [seq] | lr: 1.32e-04 | left: 221s
step 01700 (  8.2%) | loss: 0.634368 | trade:0.00 call:0.89 put:0.10 | ATM:0.62 OTM:0.38 [seq] | lr: 1.36e-04 | left: 220s
step 01750 (  8.3%) | loss: 0.311191 | trade:0.45 call:0.92 put:0.08 | ATM:0.84 OTM:0.16 [seq] | lr: 1.39e-04 | left: 220s
step 01800 (  8.5%) | loss: 0.630952 | trade:0.01 call:0.85 put:0.15 | ATM:0.75 OTM:0.25 [seq] | lr: 1.42e-04 | left: 220s
step 01850 (  8.8%) | loss: 0.758514 | trade:0.00 call:0.77 put:0.23 | ATM:0.70 OTM:0.30 [seq] | lr: 1.47e-04 | left: 219s
step 01900 (  9.1%) | loss: 0.616405 | trade:0.00 call:0.97 put:0.03 | ATM:0.86 OTM:0.14 [seq] | lr: 1.51e-04 | left: 218s
step 01950 (  9.3%) | loss: 0.344545 | trade:0.00 call:0.70 put:0.30 | ATM:0.61 OTM:0.39 [seq] | lr: 1.55e-04 | left: 218s
step 02000 (  9.5%) | loss: 0.662682 | trade:0.32 call:0.85 put:0.15 | ATM:0.59 OTM:0.41 [seq] | lr: 1.58e-04 | left: 217s
step 02050 (  9.7%) | loss: 1.249218 | trade:0.36 call:0.71 put:0.29 | ATM:0.60 OTM:0.40 [rnd] | lr: 1.62e-04 | left: 217s
step 02100 ( 10.0%) | loss: 0.888132 | trade:0.33 call:0.72 put:0.28 | ATM:0.61 OTM:0.39 [rnd] | lr: 1.66e-04 | left: 216s
step 02150 ( 10.2%) | loss: 0.731490 | trade:0.36 call:0.73 put:0.27 | ATM:0.59 OTM:0.41 [rnd] | lr: 1.69e-04 | left: 216s
step 02200 ( 10.4%) | loss: 0.590139 | trade:0.36 call:0.76 put:0.24 | ATM:0.58 OTM:0.42 [rnd] | lr: 1.73e-04 | left: 215s
step 02250 ( 10.6%) | loss: 0.471936 | trade:0.00 call:0.99 put:0.01 | ATM:0.85 OTM:0.15 [seq] | lr: 1.77e-04 | left: 215s
step 02300 ( 10.8%) | loss: 0.821887 | trade:0.37 call:0.73 put:0.26 | ATM:0.59 OTM:0.41 [rnd] | lr: 1.81e-04 | left: 214s
step 02350 ( 11.1%) | loss: 0.644754 | trade:0.87 call:0.01 put:0.99 | ATM:0.96 OTM:0.04 [seq] | lr: 1.85e-04 | left: 213s
step 02400 ( 11.4%) | loss: 0.749058 | trade:0.03 call:0.39 put:0.61 | ATM:0.75 OTM:0.25 [seq] | lr: 1.90e-04 | left: 213s
step 02450 ( 11.7%) | loss: 0.772377 | trade:0.34 call:0.71 put:0.29 | ATM:0.58 OTM:0.42 [rnd] | lr: 1.95e-04 | left: 212s
step 02500 ( 12.0%) | loss: 0.585978 | trade:0.00 call:0.80 put:0.20 | ATM:0.76 OTM:0.24 [seq] | lr: 2.00e-04 | left: 211s
step 02550 ( 12.3%) | loss: 0.415228 | trade:0.00 call:0.80 put:0.20 | ATM:0.58 OTM:0.42 [seq] | lr: 2.04e-04 | left: 211s
step 02600 ( 12.5%) | loss: 0.412556 | trade:0.13 call:0.01 put:0.99 | ATM:0.92 OTM:0.08 [seq] | lr: 2.08e-04 | left: 210s
step 02650 ( 12.8%) | loss: 0.405994 | trade:0.95 call:0.02 put:0.98 | ATM:0.68 OTM:0.32 [seq] | lr: 2.13e-04 | left: 209s
step 02700 ( 13.1%) | loss: 0.460491 | trade:0.36 call:0.76 put:0.24 | ATM:0.58 OTM:0.42 [rnd] | lr: 2.18e-04 | left: 209s
step 02750 ( 13.4%) | loss: 0.664384 | trade:0.93 call:0.99 put:0.01 | ATM:0.29 OTM:0.71 [seq] | lr: 2.23e-04 | left: 208s
step 02800 ( 13.6%) | loss: 1.043079 | trade:0.88 call:0.52 put:0.48 | ATM:0.90 OTM:0.10 [seq] | lr: 2.27e-04 | left: 207s
step 02850 ( 13.8%) | loss: 0.606497 | trade:0.00 call:0.73 put:0.27 | ATM:0.64 OTM:0.36 [seq] | lr: 2.31e-04 | left: 207s
step 02900 ( 14.0%) | loss: 0.501966 | trade:0.00 call:0.87 put:0.13 | ATM:0.42 OTM:0.58 [seq] | lr: 2.34e-04 | left: 206s
step 02950 ( 14.2%) | loss: 0.697322 | trade:0.36 call:0.76 put:0.24 | ATM:0.58 OTM:0.42 [rnd] | lr: 2.37e-04 | left: 206s
step 03000 ( 14.5%) | loss: 0.613188 | trade:0.00 call:0.61 put:0.39 | ATM:0.49 OTM:0.51 [seq] | lr: 2.41e-04 | left: 205s
step 03050 ( 14.7%) | loss: 0.565798 | trade:0.00 call:0.77 put:0.23 | ATM:0.36 OTM:0.64 [seq] | lr: 2.46e-04 | left: 205s
step 03100 ( 15.0%) | loss: 0.813694 | trade:0.46 call:0.73 put:0.28 | ATM:0.49 OTM:0.51 [seq] | lr: 2.50e-04 | left: 204s
step 03150 ( 15.3%) | loss: 0.628512 | trade:0.37 call:0.76 put:0.24 | ATM:0.55 OTM:0.45 [rnd] | lr: 2.50e-04 | left: 203s
step 03200 ( 15.5%) | loss: 0.574366 | trade:0.98 call:0.98 put:0.02 | ATM:0.27 OTM:0.73 [seq] | lr: 2.50e-04 | left: 203s
step 03250 ( 15.8%) | loss: 0.725431 | trade:0.73 call:0.05 put:0.95 | ATM:0.94 OTM:0.06 [seq] | lr: 2.50e-04 | left: 202s
step 03300 ( 16.1%) | loss: 0.761526 | trade:0.39 call:0.74 put:0.26 | ATM:0.54 OTM:0.46 [rnd] | lr: 2.50e-04 | left: 201s
step 03350 ( 16.3%) | loss: 0.524969 | trade:0.35 call:0.70 put:0.30 | ATM:0.59 OTM:0.41 [rnd] | lr: 2.50e-04 | left: 201s
step 03400 ( 16.5%) | loss: 0.543072 | trade:0.38 call:0.73 put:0.27 | ATM:0.58 OTM:0.42 [rnd] | lr: 2.50e-04 | left: 200s
step 03450 ( 16.8%) | loss: 0.526437 | trade:0.36 call:0.74 put:0.26 | ATM:0.55 OTM:0.45 [rnd] | lr: 2.50e-04 | left: 200s
step 03500 ( 17.1%) | loss: 0.409964 | trade:0.00 call:0.06 put:0.95 | ATM:0.94 OTM:0.06 [seq] | lr: 2.50e-04 | left: 199s
step 03550 ( 17.4%) | loss: 0.711320 | trade:0.00 call:0.12 put:0.88 | ATM:0.75 OTM:0.25 [seq] | lr: 2.50e-04 | left: 198s
step 03600 ( 17.6%) | loss: 1.092374 | trade:0.34 call:0.73 put:0.27 | ATM:0.57 OTM:0.43 [rnd] | lr: 2.50e-04 | left: 198s
step 03650 ( 17.9%) | loss: 0.777516 | trade:0.36 call:0.76 put:0.24 | ATM:0.55 OTM:0.45 [rnd] | lr: 2.50e-04 | left: 197s
step 03700 ( 18.2%) | loss: 0.668464 | trade:0.36 call:0.75 put:0.25 | ATM:0.56 OTM:0.44 [rnd] | lr: 2.50e-04 | left: 196s
step 03750 ( 18.4%) | loss: 0.583748 | trade:0.00 call:0.90 put:0.10 | ATM:0.37 OTM:0.63 [seq] | lr: 2.50e-04 | left: 196s
step 03800 ( 18.6%) | loss: 0.640148 | trade:0.33 call:0.75 put:0.25 | ATM:0.56 OTM:0.44 [rnd] | lr: 2.50e-04 | left: 195s
step 03850 ( 18.8%) | loss: 0.424277 | trade:0.00 call:0.93 put:0.07 | ATM:0.82 OTM:0.18 [seq] | lr: 2.50e-04 | left: 195s
step 03900 ( 19.0%) | loss: 0.500832 | trade:0.95 call:0.01 put:0.99 | ATM:0.18 OTM:0.82 [seq] | lr: 2.50e-04 | left: 194s
step 03950 ( 19.2%) | loss: 0.903614 | trade:0.37 call:0.75 put:0.25 | ATM:0.55 OTM:0.45 [rnd] | lr: 2.50e-04 | left: 194s
step 04000 ( 19.4%) | loss: 0.740458 | trade:0.36 call:0.75 put:0.25 | ATM:0.54 OTM:0.46 [rnd] | lr: 2.50e-04 | left: 193s
step 04050 ( 19.7%) | loss: 0.572051 | trade:0.28 call:0.81 put:0.19 | ATM:0.74 OTM:0.26 [seq] | lr: 2.50e-04 | left: 193s
step 04100 ( 19.9%) | loss: 0.549317 | trade:0.38 call:0.73 put:0.27 | ATM:0.56 OTM:0.44 [rnd] | lr: 2.50e-04 | left: 192s
step 04150 ( 20.1%) | loss: 0.476336 | trade:0.00 call:0.84 put:0.16 | ATM:0.45 OTM:0.55 [seq] | lr: 2.50e-04 | left: 192s
step 04200 ( 20.4%) | loss: 1.066093 | trade:0.34 call:0.75 put:0.25 | ATM:0.56 OTM:0.44 [rnd] | lr: 2.50e-04 | left: 191s
step 04250 ( 20.5%) | loss: 0.619686 | trade:0.39 call:0.78 put:0.22 | ATM:0.54 OTM:0.46 [rnd] | lr: 2.50e-04 | left: 191s
step 04300 ( 20.8%) | loss: 0.510810 | trade:0.90 call:0.99 put:0.01 | ATM:0.31 OTM:0.69 [seq] | lr: 2.50e-04 | left: 190s
step 04350 ( 21.0%) | loss: 0.418458 | trade:0.03 call:0.79 put:0.21 | ATM:0.36 OTM:0.64 [seq] | lr: 2.50e-04 | left: 190s
step 04400 ( 21.1%) | loss: 0.383059 | trade:0.00 call:0.68 put:0.32 | ATM:0.53 OTM:0.47 [seq] | lr: 2.50e-04 | left: 189s
step 04450 ( 21.3%) | loss: 0.485221 | trade:0.00 call:0.62 put:0.38 | ATM:0.41 OTM:0.59 [seq] | lr: 2.50e-04 | left: 189s
step 04500 ( 21.5%) | loss: 0.775988 | trade:0.36 call:0.75 put:0.24 | ATM:0.57 OTM:0.43 [rnd] | lr: 2.50e-04 | left: 188s
step 04550 ( 21.7%) | loss: 0.781906 | trade:0.34 call:0.73 put:0.27 | ATM:0.55 OTM:0.45 [rnd] | lr: 2.50e-04 | left: 188s
step 04600 ( 21.9%) | loss: 0.721413 | trade:0.85 call:0.01 put:0.99 | ATM:0.70 OTM:0.30 [seq] | lr: 2.50e-04 | left: 187s
step 04650 ( 22.1%) | loss: 0.677207 | trade:0.36 call:0.74 put:0.26 | ATM:0.55 OTM:0.45 [rnd] | lr: 2.50e-04 | left: 187s
step 04700 ( 22.3%) | loss: 0.748571 | trade:0.00 call:0.98 put:0.02 | ATM:0.92 OTM:0.08 [seq] | lr: 2.50e-04 | left: 186s
step 04750 ( 22.5%) | loss: 0.846065 | trade:0.37 call:0.72 put:0.28 | ATM:0.56 OTM:0.44 [rnd] | lr: 2.50e-04 | left: 186s
step 04800 ( 22.7%) | loss: 0.545836 | trade:0.92 call:0.95 put:0.06 | ATM:0.31 OTM:0.69 [seq] | lr: 2.50e-04 | left: 185s
step 04850 ( 22.9%) | loss: 0.744401 | trade:0.46 call:0.88 put:0.12 | ATM:0.36 OTM:0.64 [seq] | lr: 2.50e-04 | left: 185s
step 04900 ( 23.1%) | loss: 0.622019 | trade:0.45 call:0.82 put:0.18 | ATM:0.55 OTM:0.45 [seq] | lr: 2.50e-04 | left: 184s
step 04950 ( 23.3%) | loss: 0.364020 | trade:0.06 call:0.96 put:0.04 | ATM:0.93 OTM:0.07 [seq] | lr: 2.50e-04 | left: 184s
step 05000 ( 23.6%) | loss: 0.568799 | trade:0.88 call:0.79 put:0.21 | ATM:0.56 OTM:0.44 [seq] | lr: 2.50e-04 | left: 183s
step 05050 ( 23.8%) | loss: 0.609401 | trade:0.80 call:0.98 put:0.02 | ATM:0.97 OTM:0.03 [seq] | lr: 2.50e-04 | left: 183s
step 05100 ( 24.0%) | loss: 0.409101 | trade:0.00 call:0.76 put:0.24 | ATM:0.66 OTM:0.34 [seq] | lr: 2.50e-04 | left: 182s
step 05150 ( 24.2%) | loss: 0.608068 | trade:0.88 call:0.83 put:0.17 | ATM:0.57 OTM:0.43 [seq] | lr: 2.50e-04 | left: 182s
step 05200 ( 24.4%) | loss: 0.555502 | trade:0.00 call:0.86 put:0.15 | ATM:0.54 OTM:0.46 [seq] | lr: 2.50e-04 | left: 181s
step 05250 ( 24.6%) | loss: 0.607705 | trade:0.00 call:0.69 put:0.31 | ATM:0.38 OTM:0.62 [seq] | lr: 2.50e-04 | left: 181s
step 05300 ( 24.8%) | loss: 0.534638 | trade:0.00 call:0.99 put:0.01 | ATM:0.97 OTM:0.03 [seq] | lr: 2.50e-04 | left: 180s
step 05350 ( 25.0%) | loss: 0.564635 | trade:0.91 call:0.99 put:0.01 | ATM:0.32 OTM:0.68 [seq] | lr: 2.50e-04 | left: 180s
step 05400 ( 25.2%) | loss: 0.760305 | trade:0.35 call:0.75 put:0.24 | ATM:0.52 OTM:0.48 [rnd] | lr: 2.50e-04 | left: 180s
step 05450 ( 25.4%) | loss: 0.570989 | trade:0.95 call:1.00 put:0.00 | ATM:0.24 OTM:0.76 [seq] | lr: 2.50e-04 | left: 179s
step 05500 ( 25.6%) | loss: 0.671826 | trade:0.37 call:0.75 put:0.25 | ATM:0.55 OTM:0.45 [rnd] | lr: 2.50e-04 | left: 179s
step 05550 ( 25.9%) | loss: 0.745634 | trade:0.91 call:1.00 put:0.00 | ATM:0.24 OTM:0.76 [seq] | lr: 2.50e-04 | left: 178s
step 05600 ( 26.1%) | loss: 0.294290 | trade:0.94 call:1.00 put:0.00 | ATM:0.26 OTM:0.74 [seq] | lr: 2.50e-04 | left: 177s
step 05650 ( 26.3%) | loss: 0.403216 | trade:0.00 call:0.77 put:0.22 | ATM:0.34 OTM:0.66 [seq] | lr: 2.50e-04 | left: 177s
step 05700 ( 26.5%) | loss: 1.523650 | trade:0.38 call:0.73 put:0.26 | ATM:0.54 OTM:0.46 [rnd] | lr: 2.50e-04 | left: 176s
step 05750 ( 26.7%) | loss: 1.368026 | trade:0.94 call:0.98 put:0.02 | ATM:0.53 OTM:0.47 [seq] | lr: 2.50e-04 | left: 176s
step 05800 ( 27.0%) | loss: 0.753600 | trade:0.39 call:0.73 put:0.27 | ATM:0.52 OTM:0.48 [rnd] | lr: 2.50e-04 | left: 175s
step 05850 ( 27.1%) | loss: 0.694409 | trade:0.77 call:0.73 put:0.27 | ATM:0.55 OTM:0.45 [seq] | lr: 2.50e-04 | left: 175s
step 05900 ( 27.3%) | loss: 1.367945 | trade:0.89 call:0.91 put:0.08 | ATM:0.37 OTM:0.63 [seq] | lr: 2.50e-04 | left: 174s
step 05950 ( 27.5%) | loss: 0.909611 | trade:0.96 call:1.00 put:0.00 | ATM:0.18 OTM:0.82 [seq] | lr: 2.50e-04 | left: 174s
step 06000 ( 27.9%) | loss: 0.656461 | trade:0.35 call:0.77 put:0.23 | ATM:0.53 OTM:0.47 [rnd] | lr: 2.50e-04 | left: 173s
step 06050 ( 28.2%) | loss: 0.701636 | trade:0.91 call:0.95 put:0.05 | ATM:0.86 OTM:0.14 [seq] | lr: 2.50e-04 | left: 172s
step 06100 ( 28.4%) | loss: 0.972095 | trade:0.48 call:0.79 put:0.21 | ATM:0.51 OTM:0.49 [seq] | lr: 2.50e-04 | left: 172s
step 06150 ( 28.6%) | loss: 0.858231 | trade:0.37 call:0.73 put:0.27 | ATM:0.53 OTM:0.47 [rnd] | lr: 2.50e-04 | left: 171s
step 06200 ( 28.9%) | loss: 0.829290 | trade:0.97 call:0.01 put:0.98 | ATM:0.63 OTM:0.37 [seq] | lr: 2.50e-04 | left: 171s
step 06250 ( 29.1%) | loss: 0.658824 | trade:0.94 call:0.01 put:0.99 | ATM:0.68 OTM:0.32 [seq] | lr: 2.50e-04 | left: 170s
step 06300 ( 29.3%) | loss: 0.553183 | trade:0.00 call:0.70 put:0.30 | ATM:0.61 OTM:0.39 [seq] | lr: 2.50e-04 | left: 170s
step 06350 ( 29.5%) | loss: 1.208791 | trade:0.98 call:1.00 put:0.00 | ATM:0.25 OTM:0.75 [seq] | lr: 2.50e-04 | left: 169s
step 06400 ( 29.8%) | loss: 1.677509 | trade:0.98 call:0.99 put:0.01 | ATM:0.26 OTM:0.74 [seq] | lr: 2.50e-04 | left: 169s
step 06450 ( 30.0%) | loss: 2.164671 | trade:0.91 call:0.98 put:0.02 | ATM:0.30 OTM:0.70 [seq] | lr: 2.50e-04 | left: 168s
step 06500 ( 30.2%) | loss: 0.680721 | trade:0.00 call:0.76 put:0.24 | ATM:0.32 OTM:0.68 [seq] | lr: 2.50e-04 | left: 167s
step 06550 ( 30.6%) | loss: 0.704733 | trade:0.44 call:0.83 put:0.17 | ATM:0.82 OTM:0.18 [seq] | lr: 2.50e-04 | left: 167s
step 06600 ( 30.8%) | loss: 0.509577 | trade:0.92 call:0.02 put:0.97 | ATM:0.63 OTM:0.37 [seq] | lr: 2.50e-04 | left: 166s
step 06650 ( 31.0%) | loss: 0.483118 | trade:0.89 call:0.01 put:0.99 | ATM:0.67 OTM:0.33 [seq] | lr: 2.50e-04 | left: 166s
step 06700 ( 31.2%) | loss: 0.483890 | trade:0.95 call:0.99 put:0.01 | ATM:0.54 OTM:0.46 [seq] | lr: 2.50e-04 | left: 165s
step 06750 ( 31.4%) | loss: 0.603380 | trade:0.93 call:0.98 put:0.02 | ATM:0.97 OTM:0.03 [seq] | lr: 2.50e-04 | left: 165s
step 06800 ( 31.6%) | loss: 0.704848 | trade:0.00 call:0.29 put:0.71 | ATM:0.61 OTM:0.39 [seq] | lr: 2.50e-04 | left: 164s
step 06850 ( 31.7%) | loss: 0.593678 | trade:0.00 call:0.20 put:0.80 | ATM:0.64 OTM:0.36 [seq] | lr: 2.50e-04 | left: 164s
step 06900 ( 31.9%) | loss: 0.274077 | trade:0.92 call:0.02 put:0.98 | ATM:0.67 OTM:0.33 [seq] | lr: 2.50e-04 | left: 163s
step 06950 ( 32.1%) | loss: 0.640341 | trade:0.36 call:0.72 put:0.28 | ATM:0.53 OTM:0.47 [rnd] | lr: 2.50e-04 | left: 163s
step 07000 ( 32.2%) | loss: 0.332771 | trade:0.96 call:1.00 put:0.00 | ATM:0.44 OTM:0.56 [seq] | lr: 2.50e-04 | left: 163s
step 07050 ( 32.5%) | loss: 0.515911 | trade:0.96 call:1.00 put:0.00 | ATM:0.20 OTM:0.80 [seq] | lr: 2.50e-04 | left: 162s
step 07100 ( 32.6%) | loss: 0.477628 | trade:0.95 call:1.00 put:0.00 | ATM:0.19 OTM:0.81 [seq] | lr: 2.50e-04 | left: 162s
step 07150 ( 32.9%) | loss: 1.439212 | trade:0.36 call:0.71 put:0.29 | ATM:0.51 OTM:0.49 [rnd] | lr: 2.50e-04 | left: 161s
step 07200 ( 33.1%) | loss: 0.655599 | trade:0.91 call:0.96 put:0.04 | ATM:0.30 OTM:0.70 [seq] | lr: 2.50e-04 | left: 161s
step 07250 ( 33.2%) | loss: 0.510799 | trade:0.33 call:0.72 put:0.28 | ATM:0.54 OTM:0.46 [rnd] | lr: 2.50e-04 | left: 160s
step 07300 ( 33.4%) | loss: 0.524705 | trade:0.00 call:0.98 put:0.02 | ATM:0.96 OTM:0.04 [seq] | lr: 2.50e-04 | left: 160s
step 07350 ( 33.6%) | loss: 0.525540 | trade:0.00 call:0.73 put:0.27 | ATM:0.46 OTM:0.54 [seq] | lr: 2.50e-04 | left: 159s
step 07400 ( 33.8%) | loss: 0.593818 | trade:0.37 call:0.74 put:0.26 | ATM:0.53 OTM:0.47 [rnd] | lr: 2.50e-04 | left: 159s
step 07450 ( 34.0%) | loss: 0.542367 | trade:0.36 call:0.73 put:0.27 | ATM:0.52 OTM:0.48 [rnd] | lr: 2.50e-04 | left: 158s
step 07500 ( 34.2%) | loss: 0.474323 | trade:0.00 call:0.33 put:0.67 | ATM:0.81 OTM:0.19 [seq] | lr: 2.50e-04 | left: 158s
step 07550 ( 34.4%) | loss: 0.531973 | trade:0.00 call:0.41 put:0.59 | ATM:0.74 OTM:0.26 [seq] | lr: 2.50e-04 | left: 157s
step 07600 ( 34.6%) | loss: 0.374894 | trade:0.00 call:0.97 put:0.03 | ATM:0.33 OTM:0.67 [seq] | lr: 2.50e-04 | left: 157s
step 07650 ( 34.7%) | loss: 0.627193 | trade:0.36 call:0.74 put:0.26 | ATM:0.52 OTM:0.48 [rnd] | lr: 2.50e-04 | left: 157s
step 07700 ( 34.9%) | loss: 0.460542 | trade:0.36 call:0.74 put:0.26 | ATM:0.50 OTM:0.50 [rnd] | lr: 2.50e-04 | left: 156s
step 07750 ( 35.1%) | loss: 0.480036 | trade:0.00 call:0.71 put:0.29 | ATM:0.54 OTM:0.46 [seq] | lr: 2.50e-04 | left: 156s
step 07800 ( 35.3%) | loss: 0.466798 | trade:0.34 call:0.73 put:0.27 | ATM:0.53 OTM:0.47 [rnd] | lr: 2.50e-04 | left: 155s
step 07850 ( 35.5%) | loss: 0.557124 | trade:0.00 call:0.91 put:0.09 | ATM:0.31 OTM:0.69 [seq] | lr: 2.50e-04 | left: 155s
step 07900 ( 35.7%) | loss: 0.692318 | trade:0.00 call:0.70 put:0.30 | ATM:0.57 OTM:0.43 [seq] | lr: 2.50e-04 | left: 154s
step 07950 ( 35.9%) | loss: 0.379238 | trade:0.35 call:0.74 put:0.26 | ATM:0.54 OTM:0.46 [rnd] | lr: 2.50e-04 | left: 154s
step 08000 ( 36.1%) | loss: 0.478797 | trade:0.94 call:0.00 put:1.00 | ATM:0.65 OTM:0.35 [seq] | lr: 2.50e-04 | left: 153s
step 08050 ( 36.3%) | loss: 0.776933 | trade:0.00 call:0.58 put:0.42 | ATM:0.42 OTM:0.58 [seq] | lr: 2.50e-04 | left: 153s
step 08100 ( 36.6%) | loss: 0.761327 | trade:0.38 call:0.72 put:0.28 | ATM:0.53 OTM:0.47 [rnd] | lr: 2.50e-04 | left: 152s
step 08150 ( 36.8%) | loss: 0.633786 | trade:0.31 call:0.89 put:0.12 | ATM:0.47 OTM:0.53 [seq] | lr: 2.50e-04 | left: 152s
step 08200 ( 37.1%) | loss: 0.698544 | trade:0.21 call:0.79 put:0.21 | ATM:0.54 OTM:0.46 [seq] | lr: 2.50e-04 | left: 151s
step 08250 ( 37.3%) | loss: 0.480547 | trade:0.00 call:0.76 put:0.24 | ATM:0.43 OTM:0.57 [seq] | lr: 2.50e-04 | left: 150s
step 08300 ( 37.6%) | loss: 0.667280 | trade:0.38 call:0.73 put:0.27 | ATM:0.54 OTM:0.46 [rnd] | lr: 2.50e-04 | left: 150s
step 08350 ( 37.8%) | loss: 0.828546 | trade:0.37 call:0.73 put:0.27 | ATM:0.54 OTM:0.46 [rnd] | lr: 2.50e-04 | left: 149s
step 08400 ( 38.2%) | loss: 1.090592 | trade:0.95 call:0.96 put:0.04 | ATM:0.42 OTM:0.58 [seq] | lr: 2.50e-04 | left: 148s
step 08450 ( 38.4%) | loss: 0.690009 | trade:0.33 call:0.77 put:0.23 | ATM:0.55 OTM:0.45 [rnd] | lr: 2.50e-04 | left: 148s
step 08500 ( 38.7%) | loss: 0.324953 | trade:0.00 call:0.75 put:0.25 | ATM:0.39 OTM:0.61 [seq] | lr: 2.50e-04 | left: 147s
step 08550 ( 38.8%) | loss: 0.326525 | trade:0.00 call:0.92 put:0.08 | ATM:0.87 OTM:0.13 [seq] | lr: 2.50e-04 | left: 147s
step 08600 ( 39.0%) | loss: 0.409277 | trade:0.00 call:0.35 put:0.65 | ATM:0.80 OTM:0.20 [seq] | lr: 2.50e-04 | left: 146s
step 08650 ( 39.2%) | loss: 0.616968 | trade:0.00 call:0.32 put:0.68 | ATM:0.71 OTM:0.29 [seq] | lr: 2.50e-04 | left: 146s
step 08700 ( 39.4%) | loss: 0.605993 | trade:0.45 call:0.94 put:0.06 | ATM:0.34 OTM:0.66 [seq] | lr: 2.50e-04 | left: 145s
step 08750 ( 39.6%) | loss: 0.573258 | trade:0.39 call:0.72 put:0.28 | ATM:0.54 OTM:0.46 [rnd] | lr: 2.50e-04 | left: 145s
step 08800 ( 39.8%) | loss: 0.763531 | trade:0.36 call:0.77 put:0.23 | ATM:0.51 OTM:0.49 [rnd] | lr: 2.50e-04 | left: 144s
step 08850 ( 40.0%) | loss: 0.554048 | trade:0.01 call:0.03 put:0.97 | ATM:0.91 OTM:0.09 [seq] | lr: 2.50e-04 | left: 144s
step 08900 ( 40.2%) | loss: 0.553923 | trade:0.89 call:0.95 put:0.04 | ATM:0.92 OTM:0.08 [seq] | lr: 2.50e-04 | left: 144s
step 08950 ( 40.4%) | loss: 0.783532 | trade:0.81 call:0.95 put:0.05 | ATM:0.94 OTM:0.06 [seq] | lr: 2.50e-04 | left: 143s
step 09000 ( 40.6%) | loss: 0.795099 | trade:0.00 call:0.89 put:0.11 | ATM:0.70 OTM:0.30 [seq] | lr: 2.50e-04 | left: 143s
step 09050 ( 40.8%) | loss: 0.337402 | trade:0.33 call:0.76 put:0.25 | ATM:0.54 OTM:0.46 [rnd] | lr: 2.50e-04 | left: 142s
step 09100 ( 41.0%) | loss: 0.729597 | trade:0.36 call:0.76 put:0.24 | ATM:0.52 OTM:0.48 [rnd] | lr: 2.50e-04 | left: 142s
step 09150 ( 41.1%) | loss: 0.309272 | trade:0.89 call:1.00 put:0.01 | ATM:0.48 OTM:0.52 [seq] | lr: 2.50e-04 | left: 141s
step 09200 ( 41.3%) | loss: 0.699100 | trade:0.00 call:0.68 put:0.32 | ATM:0.62 OTM:0.38 [seq] | lr: 2.50e-04 | left: 141s
step 09250 ( 41.5%) | loss: 0.929861 | trade:0.41 call:0.71 put:0.29 | ATM:0.52 OTM:0.48 [rnd] | lr: 2.50e-04 | left: 140s
step 09300 ( 41.7%) | loss: 0.443072 | trade:0.00 call:0.82 put:0.18 | ATM:0.59 OTM:0.41 [seq] | lr: 2.50e-04 | left: 140s
step 09350 ( 41.9%) | loss: 0.924416 | trade:0.00 call:0.25 put:0.75 | ATM:0.48 OTM:0.52 [seq] | lr: 2.50e-04 | left: 139s
step 09400 ( 42.1%) | loss: 0.711198 | trade:0.96 call:0.01 put:0.99 | ATM:0.68 OTM:0.32 [seq] | lr: 2.50e-04 | left: 139s
step 09450 ( 42.3%) | loss: 0.267486 | trade:0.91 call:0.00 put:1.00 | ATM:0.68 OTM:0.32 [seq] | lr: 2.50e-04 | left: 139s
step 09500 ( 42.5%) | loss: 0.557638 | trade:0.00 call:0.60 put:0.40 | ATM:0.41 OTM:0.59 [seq] | lr: 2.50e-04 | left: 138s
step 09550 ( 42.6%) | loss: 0.755155 | trade:0.35 call:0.75 put:0.25 | ATM:0.51 OTM:0.49 [rnd] | lr: 2.50e-04 | left: 138s
step 09600 ( 42.8%) | loss: 0.788475 | trade:0.00 call:0.44 put:0.56 | ATM:0.49 OTM:0.51 [seq] | lr: 2.50e-04 | left: 137s
step 09650 ( 43.0%) | loss: 0.589898 | trade:0.00 call:0.91 put:0.09 | ATM:0.87 OTM:0.13 [seq] | lr: 2.50e-04 | left: 137s
step 09700 ( 43.2%) | loss: 0.296102 | trade:0.00 call:0.79 put:0.21 | ATM:0.58 OTM:0.42 [seq] | lr: 2.50e-04 | left: 136s
step 09750 ( 43.4%) | loss: 0.416347 | trade:0.95 call:0.77 put:0.23 | ATM:0.52 OTM:0.48 [seq] | lr: 2.50e-04 | left: 136s
step 09800 ( 43.5%) | loss: 0.495381 | trade:0.93 call:1.00 put:0.00 | ATM:0.33 OTM:0.67 [seq] | lr: 2.50e-04 | left: 135s
step 09850 ( 43.7%) | loss: 0.421212 | trade:0.00 call:0.84 put:0.17 | ATM:0.35 OTM:0.65 [seq] | lr: 2.50e-04 | left: 135s
step 09900 ( 43.9%) | loss: 0.560651 | trade:0.32 call:0.74 put:0.26 | ATM:0.54 OTM:0.46 [rnd] | lr: 2.50e-04 | left: 135s
step 09950 ( 44.1%) | loss: 0.808103 | trade:0.36 call:0.75 put:0.25 | ATM:0.50 OTM:0.50 [rnd] | lr: 2.50e-04 | left: 134s
step 10000 ( 44.3%) | loss: 0.662504 | trade:0.00 call:0.56 put:0.44 | ATM:0.75 OTM:0.25 [seq] | lr: 2.50e-04 | left: 134s
step 10050 ( 44.5%) | loss: 0.691968 | trade:0.35 call:0.75 put:0.25 | ATM:0.52 OTM:0.48 [rnd] | lr: 2.50e-04 | left: 133s
step 10100 ( 44.7%) | loss: 0.582570 | trade:0.00 call:0.90 put:0.10 | ATM:0.67 OTM:0.33 [seq] | lr: 2.50e-04 | left: 133s
step 10150 ( 44.8%) | loss: 0.632761 | trade:0.38 call:0.74 put:0.26 | ATM:0.54 OTM:0.46 [rnd] | lr: 2.50e-04 | left: 132s
step 10200 ( 45.0%) | loss: 0.562767 | trade:0.38 call:0.72 put:0.28 | ATM:0.52 OTM:0.48 [rnd] | lr: 2.50e-04 | left: 132s
step 10250 ( 45.2%) | loss: 0.490442 | trade:0.35 call:0.73 put:0.27 | ATM:0.51 OTM:0.49 [rnd] | lr: 2.50e-04 | left: 131s
step 10300 ( 45.4%) | loss: 0.351206 | trade:0.00 call:0.85 put:0.15 | ATM:0.46 OTM:0.54 [seq] | lr: 2.50e-04 | left: 131s
step 10350 ( 45.6%) | loss: 0.652615 | trade:0.00 call:0.52 put:0.48 | ATM:0.42 OTM:0.58 [seq] | lr: 2.50e-04 | left: 131s
step 10400 ( 45.7%) | loss: 0.542539 | trade:0.01 call:0.89 put:0.10 | ATM:0.38 OTM:0.62 [seq] | lr: 2.50e-04 | left: 130s
step 10450 ( 46.0%) | loss: 0.698036 | trade:0.92 call:0.96 put:0.03 | ATM:0.42 OTM:0.58 [seq] | lr: 2.50e-04 | left: 130s
step 10500 ( 46.1%) | loss: 0.528552 | trade:0.39 call:0.74 put:0.26 | ATM:0.51 OTM:0.49 [rnd] | lr: 2.50e-04 | left: 129s
step 10550 ( 46.3%) | loss: 0.538551 | trade:0.00 call:0.84 put:0.16 | ATM:0.47 OTM:0.53 [seq] | lr: 2.50e-04 | left: 129s
step 10600 ( 46.5%) | loss: 0.713385 | trade:0.47 call:0.79 put:0.21 | ATM:0.38 OTM:0.62 [seq] | lr: 2.50e-04 | left: 128s
step 10650 ( 46.7%) | loss: 0.555498 | trade:0.97 call:0.02 put:0.98 | ATM:0.75 OTM:0.25 [seq] | lr: 2.50e-04 | left: 128s
step 10700 ( 46.9%) | loss: 0.514038 | trade:0.94 call:0.01 put:0.99 | ATM:0.62 OTM:0.38 [seq] | lr: 2.50e-04 | left: 127s
step 10750 ( 47.1%) | loss: 0.566294 | trade:0.33 call:0.75 put:0.25 | ATM:0.52 OTM:0.48 [rnd] | lr: 2.50e-04 | left: 127s
step 10800 ( 47.3%) | loss: 0.594986 | trade:0.37 call:0.77 put:0.23 | ATM:0.50 OTM:0.50 [rnd] | lr: 2.50e-04 | left: 127s
step 10850 ( 47.5%) | loss: 0.724335 | trade:0.37 call:0.73 put:0.27 | ATM:0.51 OTM:0.49 [rnd] | lr: 2.50e-04 | left: 126s
step 10900 ( 47.7%) | loss: 0.740012 | trade:0.93 call:0.98 put:0.01 | ATM:0.53 OTM:0.47 [seq] | lr: 2.50e-04 | left: 126s
step 10950 ( 48.0%) | loss: 0.765304 | trade:0.36 call:0.73 put:0.28 | ATM:0.51 OTM:0.49 [rnd] | lr: 2.50e-04 | left: 125s
step 11000 ( 48.1%) | loss: 0.726341 | trade:0.36 call:0.72 put:0.28 | ATM:0.51 OTM:0.49 [rnd] | lr: 2.50e-04 | left: 124s
step 11050 ( 48.3%) | loss: 0.541199 | trade:0.34 call:0.72 put:0.28 | ATM:0.50 OTM:0.50 [rnd] | lr: 2.50e-04 | left: 124s
step 11100 ( 48.5%) | loss: 0.764597 | trade:0.95 call:1.00 put:0.00 | ATM:0.39 OTM:0.61 [seq] | lr: 2.50e-04 | left: 124s
step 11150 ( 48.7%) | loss: 0.567106 | trade:0.84 call:0.02 put:0.98 | ATM:0.98 OTM:0.02 [seq] | lr: 2.50e-04 | left: 123s
step 11200 ( 48.9%) | loss: 0.706573 | trade:0.00 call:0.87 put:0.13 | ATM:0.62 OTM:0.38 [seq] | lr: 2.50e-04 | left: 123s
step 11250 ( 49.1%) | loss: 0.756915 | trade:0.62 call:0.39 put:0.61 | ATM:0.64 OTM:0.36 [seq] | lr: 2.50e-04 | left: 122s
step 11300 ( 49.4%) | loss: 0.877003 | trade:0.32 call:0.61 put:0.39 | ATM:0.55 OTM:0.45 [seq] | lr: 2.50e-04 | left: 122s
step 11350 ( 49.6%) | loss: 0.808243 | trade:0.96 call:1.00 put:0.00 | ATM:0.17 OTM:0.83 [seq] | lr: 2.50e-04 | left: 121s
step 11400 ( 49.7%) | loss: 0.679165 | trade:0.93 call:1.00 put:0.00 | ATM:0.19 OTM:0.81 [seq] | lr: 2.50e-04 | left: 121s
step 11450 ( 50.0%) | loss: 0.784856 | trade:0.91 call:0.99 put:0.01 | ATM:0.51 OTM:0.49 [seq] | lr: 2.50e-04 | left: 120s
step 11500 ( 50.1%) | loss: 0.568533 | trade:0.00 call:0.65 put:0.35 | ATM:0.31 OTM:0.69 [seq] | lr: 2.50e-04 | left: 120s
step 11550 ( 50.3%) | loss: 0.464744 | trade:0.36 call:0.73 put:0.27 | ATM:0.51 OTM:0.49 [rnd] | lr: 2.50e-04 | left: 119s
step 11600 ( 50.5%) | loss: 0.709207 | trade:0.92 call:1.00 put:0.00 | ATM:0.28 OTM:0.72 [seq] | lr: 2.50e-04 | left: 119s
step 11650 ( 50.7%) | loss: 0.688226 | trade:0.34 call:0.77 put:0.23 | ATM:0.52 OTM:0.48 [rnd] | lr: 2.50e-04 | left: 118s
step 11700 ( 50.9%) | loss: 0.651580 | trade:0.00 call:0.77 put:0.23 | ATM:0.46 OTM:0.54 [seq] | lr: 2.50e-04 | left: 118s
step 11750 ( 51.0%) | loss: 0.670158 | trade:0.34 call:0.73 put:0.27 | ATM:0.50 OTM:0.50 [rnd] | lr: 2.50e-04 | left: 118s
step 11800 ( 51.2%) | loss: 0.550975 | trade:0.95 call:0.96 put:0.04 | ATM:0.40 OTM:0.60 [seq] | lr: 2.50e-04 | left: 117s
step 11850 ( 51.4%) | loss: 0.413167 | trade:0.92 call:0.99 put:0.00 | ATM:0.32 OTM:0.68 [seq] | lr: 2.50e-04 | left: 117s
step 11900 ( 51.6%) | loss: 0.301155 | trade:0.00 call:0.82 put:0.18 | ATM:0.31 OTM:0.69 [seq] | lr: 2.50e-04 | left: 116s
step 11950 ( 51.8%) | loss: 0.812220 | trade:0.00 call:0.79 put:0.21 | ATM:0.53 OTM:0.47 [seq] | lr: 2.50e-04 | left: 116s
step 12000 ( 52.0%) | loss: 0.755116 | trade:0.80 call:0.96 put:0.04 | ATM:0.94 OTM:0.06 [seq] | lr: 2.50e-04 | left: 115s
step 12050 ( 52.2%) | loss: 0.378074 | trade:0.48 call:0.24 put:0.76 | ATM:0.68 OTM:0.32 [seq] | lr: 2.50e-04 | left: 115s
step 12100 ( 52.4%) | loss: 0.747513 | trade:0.45 call:0.61 put:0.39 | ATM:0.54 OTM:0.46 [seq] | lr: 2.50e-04 | left: 114s
step 12150 ( 52.5%) | loss: 0.466148 | trade:0.00 call:0.62 put:0.38 | ATM:0.49 OTM:0.51 [seq] | lr: 2.50e-04 | left: 114s
step 12200 ( 52.7%) | loss: 0.565528 | trade:0.00 call:0.95 put:0.05 | ATM:0.42 OTM:0.58 [seq] | lr: 2.50e-04 | left: 113s
step 12250 ( 53.0%) | loss: 0.685701 | trade:0.00 call:0.75 put:0.25 | ATM:0.55 OTM:0.45 [seq] | lr: 2.50e-04 | left: 113s
step 12300 ( 53.2%) | loss: 0.616526 | trade:0.00 call:0.35 put:0.65 | ATM:0.52 OTM:0.48 [seq] | lr: 2.50e-04 | left: 112s
step 12350 ( 53.4%) | loss: 0.393987 | trade:0.00 call:0.54 put:0.47 | ATM:0.51 OTM:0.49 [seq] | lr: 2.50e-04 | left: 112s
step 12400 ( 53.6%) | loss: 0.548635 | trade:0.00 call:0.80 put:0.19 | ATM:0.39 OTM:0.61 [seq] | lr: 2.50e-04 | left: 111s
step 12450 ( 53.8%) | loss: 0.430796 | trade:0.93 call:0.99 put:0.01 | ATM:0.32 OTM:0.68 [seq] | lr: 2.50e-04 | left: 111s
step 12500 ( 54.0%) | loss: 0.558154 | trade:0.00 call:0.59 put:0.41 | ATM:0.46 OTM:0.54 [seq] | lr: 2.50e-04 | left: 110s
step 12550 ( 54.2%) | loss: 0.474119 | trade:0.00 call:0.57 put:0.43 | ATM:0.47 OTM:0.53 [seq] | lr: 2.50e-04 | left: 110s
step 12600 ( 54.4%) | loss: 0.762748 | trade:0.97 call:0.01 put:1.00 | ATM:0.70 OTM:0.30 [seq] | lr: 2.50e-04 | left: 109s
step 12650 ( 54.6%) | loss: 0.576029 | trade:0.94 call:0.01 put:0.99 | ATM:0.59 OTM:0.41 [seq] | lr: 2.50e-04 | left: 109s
step 12700 ( 54.8%) | loss: 0.599635 | trade:0.00 call:0.46 put:0.54 | ATM:0.42 OTM:0.58 [seq] | lr: 2.50e-04 | left: 108s
step 12750 ( 55.0%) | loss: 0.601311 | trade:0.33 call:0.71 put:0.29 | ATM:0.54 OTM:0.46 [rnd] | lr: 2.50e-04 | left: 108s
step 12800 ( 55.2%) | loss: 0.600430 | trade:0.00 call:0.84 put:0.16 | ATM:0.41 OTM:0.59 [seq] | lr: 2.50e-04 | left: 108s
step 12850 ( 55.4%) | loss: 0.640361 | trade:0.35 call:0.74 put:0.26 | ATM:0.52 OTM:0.48 [rnd] | lr: 2.50e-04 | left: 107s
step 12900 ( 55.6%) | loss: 0.385612 | trade:0.00 call:0.45 put:0.55 | ATM:0.58 OTM:0.42 [seq] | lr: 2.50e-04 | left: 107s
step 12950 ( 55.8%) | loss: 0.619825 | trade:0.35 call:0.73 put:0.27 | ATM:0.54 OTM:0.46 [rnd] | lr: 2.50e-04 | left: 106s
step 13000 ( 56.1%) | loss: 1.081264 | trade:0.48 call:0.46 put:0.54 | ATM:0.67 OTM:0.33 [seq] | lr: 2.50e-04 | left: 105s
step 13050 ( 56.3%) | loss: 0.860625 | trade:0.45 call:0.37 put:0.63 | ATM:0.48 OTM:0.52 [seq] | lr: 2.50e-04 | left: 105s
step 13100 ( 56.6%) | loss: 0.809516 | trade:0.33 call:0.76 put:0.24 | ATM:0.51 OTM:0.49 [rnd] | lr: 2.50e-04 | left: 104s
step 13150 ( 57.0%) | loss: 0.932653 | trade:0.91 call:0.98 put:0.01 | ATM:0.47 OTM:0.53 [seq] | lr: 2.50e-04 | left: 103s
step 13200 ( 57.2%) | loss: 0.730184 | trade:0.91 call:0.85 put:0.15 | ATM:0.40 OTM:0.60 [seq] | lr: 2.50e-04 | left: 103s
step 13250 ( 57.4%) | loss: 0.510172 | trade:0.88 call:0.94 put:0.06 | ATM:0.92 OTM:0.08 [seq] | lr: 2.50e-04 | left: 102s
step 13300 ( 57.6%) | loss: 0.539780 | trade:0.93 call:0.01 put:0.99 | ATM:0.96 OTM:0.04 [seq] | lr: 2.50e-04 | left: 102s
step 13350 ( 57.8%) | loss: 0.557423 | trade:0.91 call:0.95 put:0.05 | ATM:0.92 OTM:0.08 [seq] | lr: 2.50e-04 | left: 101s
step 13400 ( 58.0%) | loss: 0.455902 | trade:0.92 call:0.98 put:0.02 | ATM:0.50 OTM:0.50 [seq] | lr: 2.50e-04 | left: 101s
step 13450 ( 58.2%) | loss: 0.650767 | trade:0.00 call:0.81 put:0.19 | ATM:0.55 OTM:0.45 [seq] | lr: 2.50e-04 | left: 100s
step 13500 ( 58.4%) | loss: 0.427378 | trade:0.00 call:0.93 put:0.07 | ATM:0.84 OTM:0.16 [seq] | lr: 2.50e-04 | left: 100s
step 13550 ( 58.7%) | loss: 0.511866 | trade:0.00 call:0.89 put:0.11 | ATM:0.51 OTM:0.49 [seq] | lr: 2.50e-04 | left: 99s
step 13600 ( 59.0%) | loss: 0.358408 | trade:0.00 call:0.95 put:0.05 | ATM:0.87 OTM:0.13 [seq] | lr: 2.50e-04 | left: 99s
step 13650 ( 59.2%) | loss: 0.482547 | trade:0.00 call:0.77 put:0.23 | ATM:0.39 OTM:0.61 [seq] | lr: 2.50e-04 | left: 98s
step 13700 ( 59.4%) | loss: 0.467741 | trade:0.00 call:0.81 put:0.19 | ATM:0.43 OTM:0.57 [seq] | lr: 2.50e-04 | left: 97s
step 13750 ( 59.6%) | loss: 0.551101 | trade:0.37 call:0.74 put:0.26 | ATM:0.52 OTM:0.48 [rnd] | lr: 2.50e-04 | left: 97s
step 13800 ( 59.8%) | loss: 0.613061 | trade:0.35 call:0.74 put:0.26 | ATM:0.49 OTM:0.51 [rnd] | lr: 2.50e-04 | left: 97s
step 13850 ( 59.9%) | loss: 0.363036 | trade:0.00 call:0.92 put:0.08 | ATM:0.30 OTM:0.70 [seq] | lr: 2.50e-04 | left: 96s
step 13900 ( 60.1%) | loss: 0.493598 | trade:0.00 call:0.97 put:0.03 | ATM:0.35 OTM:0.65 [seq] | lr: 2.50e-04 | left: 96s
step 13950 ( 60.3%) | loss: 0.623103 | trade:0.35 call:0.76 put:0.24 | ATM:0.51 OTM:0.49 [rnd] | lr: 2.50e-04 | left: 95s
step 14000 ( 60.5%) | loss: 0.685418 | trade:0.00 call:0.72 put:0.28 | ATM:0.34 OTM:0.66 [seq] | lr: 2.50e-04 | left: 95s
step 14050 ( 60.7%) | loss: 0.456637 | trade:0.00 call:0.81 put:0.19 | ATM:0.73 OTM:0.27 [seq] | lr: 2.50e-04 | left: 94s
step 14100 ( 60.9%) | loss: 0.424314 | trade:0.00 call:0.61 put:0.39 | ATM:0.46 OTM:0.54 [seq] | lr: 2.50e-04 | left: 94s
step 14150 ( 61.1%) | loss: 0.664939 | trade:0.35 call:0.77 put:0.23 | ATM:0.50 OTM:0.50 [rnd] | lr: 2.50e-04 | left: 93s
step 14200 ( 61.3%) | loss: 0.560151 | trade:0.00 call:0.56 put:0.44 | ATM:0.71 OTM:0.29 [seq] | lr: 2.50e-04 | left: 93s
step 14250 ( 61.5%) | loss: 0.493486 | trade:0.00 call:0.72 put:0.28 | ATM:0.55 OTM:0.45 [seq] | lr: 2.50e-04 | left: 92s
step 14300 ( 61.8%) | loss: 0.562178 | trade:0.37 call:0.75 put:0.25 | ATM:0.51 OTM:0.49 [rnd] | lr: 2.50e-04 | left: 92s
step 14350 ( 62.0%) | loss: 0.587724 | trade:0.00 call:0.74 put:0.26 | ATM:0.33 OTM:0.67 [seq] | lr: 2.50e-04 | left: 91s
step 14400 ( 62.1%) | loss: 0.686567 | trade:0.00 call:0.92 put:0.08 | ATM:0.89 OTM:0.11 [seq] | lr: 2.50e-04 | left: 91s
step 14450 ( 62.3%) | loss: 0.469594 | trade:0.45 call:0.18 put:0.82 | ATM:0.85 OTM:0.15 [seq] | lr: 2.50e-04 | left: 90s
step 14500 ( 62.5%) | loss: 0.400481 | trade:0.00 call:0.76 put:0.24 | ATM:0.66 OTM:0.34 [seq] | lr: 2.50e-04 | left: 90s
step 14550 ( 62.8%) | loss: 0.638019 | trade:0.94 call:0.99 put:0.01 | ATM:0.37 OTM:0.63 [seq] | lr: 2.50e-04 | left: 89s
step 14600 ( 63.0%) | loss: 0.558978 | trade:0.00 call:0.78 put:0.22 | ATM:0.32 OTM:0.68 [seq] | lr: 2.50e-04 | left: 89s
step 14650 ( 63.2%) | loss: 0.576630 | trade:0.00 call:0.73 put:0.27 | ATM:0.41 OTM:0.59 [seq] | lr: 2.50e-04 | left: 88s
step 14700 ( 63.4%) | loss: 0.429556 | trade:0.00 call:0.73 put:0.27 | ATM:0.32 OTM:0.68 [seq] | lr: 2.50e-04 | left: 88s
step 14750 ( 63.6%) | loss: 0.600501 | trade:0.00 call:0.73 put:0.27 | ATM:0.36 OTM:0.64 [seq] | lr: 2.50e-04 | left: 87s
step 14800 ( 63.8%) | loss: 0.534976 | trade:0.00 call:0.51 put:0.49 | ATM:0.47 OTM:0.53 [seq] | lr: 2.50e-04 | left: 87s
step 14850 ( 64.0%) | loss: 0.541366 | trade:0.38 call:0.75 put:0.25 | ATM:0.48 OTM:0.52 [rnd] | lr: 2.50e-04 | left: 86s
step 14900 ( 64.3%) | loss: 0.354261 | trade:0.00 call:0.79 put:0.21 | ATM:0.39 OTM:0.61 [seq] | lr: 2.50e-04 | left: 86s
step 14950 ( 64.6%) | loss: 0.448941 | trade:0.00 call:0.60 put:0.40 | ATM:0.41 OTM:0.59 [seq] | lr: 2.50e-04 | left: 85s
step 15000 ( 64.8%) | loss: 0.610272 | trade:0.47 call:0.52 put:0.48 | ATM:0.42 OTM:0.58 [seq] | lr: 2.50e-04 | left: 85s
step 15050 ( 65.0%) | loss: 0.462313 | trade:0.00 call:0.73 put:0.26 | ATM:0.36 OTM:0.64 [seq] | lr: 2.50e-04 | left: 84s
step 15100 ( 65.1%) | loss: 0.397482 | trade:0.00 call:0.90 put:0.10 | ATM:0.44 OTM:0.56 [seq] | lr: 2.50e-04 | left: 84s
step 15150 ( 65.3%) | loss: 0.509906 | trade:0.00 call:0.69 put:0.31 | ATM:0.37 OTM:0.63 [seq] | lr: 2.50e-04 | left: 83s
step 15200 ( 65.5%) | loss: 0.331620 | trade:0.95 call:0.93 put:0.07 | ATM:0.40 OTM:0.60 [seq] | lr: 2.50e-04 | left: 83s
step 15250 ( 65.7%) | loss: 0.618932 | trade:0.00 call:0.83 put:0.17 | ATM:0.41 OTM:0.59 [seq] | lr: 2.50e-04 | left: 82s
step 15300 ( 65.9%) | loss: 0.773850 | trade:0.35 call:0.78 put:0.22 | ATM:0.51 OTM:0.49 [rnd] | lr: 2.50e-04 | left: 82s
step 15350 ( 66.2%) | loss: 0.427868 | trade:0.00 call:0.96 put:0.04 | ATM:0.96 OTM:0.04 [seq] | lr: 2.50e-04 | left: 81s
step 15400 ( 66.4%) | loss: 0.466552 | trade:0.00 call:0.22 put:0.79 | ATM:0.71 OTM:0.29 [seq] | lr: 2.50e-04 | left: 81s
step 15450 ( 66.6%) | loss: 0.636191 | trade:0.00 call:0.81 put:0.19 | ATM:0.46 OTM:0.54 [seq] | lr: 2.50e-04 | left: 80s
step 15500 ( 66.8%) | loss: 0.637696 | trade:0.00 call:0.15 put:0.85 | ATM:0.31 OTM:0.69 [seq] | lr: 2.50e-04 | left: 80s
step 15550 ( 67.0%) | loss: 0.343526 | trade:0.00 call:0.93 put:0.07 | ATM:0.37 OTM:0.63 [seq] | lr: 2.50e-04 | left: 79s
step 15600 ( 67.2%) | loss: 0.493506 | trade:0.00 call:0.50 put:0.50 | ATM:0.55 OTM:0.45 [seq] | lr: 2.50e-04 | left: 79s
step 15650 ( 67.4%) | loss: 0.557533 | trade:0.00 call:0.85 put:0.16 | ATM:0.35 OTM:0.65 [seq] | lr: 2.50e-04 | left: 78s
step 15700 ( 67.6%) | loss: 0.589740 | trade:0.39 call:0.76 put:0.24 | ATM:0.50 OTM:0.50 [rnd] | lr: 2.50e-04 | left: 78s
step 15750 ( 67.8%) | loss: 0.641281 | trade:0.36 call:0.73 put:0.27 | ATM:0.50 OTM:0.50 [rnd] | lr: 2.50e-04 | left: 77s
step 15800 ( 68.0%) | loss: 0.546350 | trade:0.34 call:0.76 put:0.24 | ATM:0.50 OTM:0.50 [rnd] | lr: 2.50e-04 | left: 77s
step 15850 ( 68.2%) | loss: 0.461072 | trade:0.34 call:0.74 put:0.26 | ATM:0.51 OTM:0.49 [rnd] | lr: 2.50e-04 | left: 76s
step 15900 ( 68.4%) | loss: 0.735331 | trade:0.36 call:0.74 put:0.26 | ATM:0.49 OTM:0.51 [rnd] | lr: 2.50e-04 | left: 76s
step 15950 ( 68.7%) | loss: 0.540151 | trade:0.00 call:0.83 put:0.17 | ATM:0.70 OTM:0.30 [seq] | lr: 2.50e-04 | left: 75s
step 16000 ( 69.0%) | loss: 0.619209 | trade:0.00 call:0.74 put:0.26 | ATM:0.47 OTM:0.53 [seq] | lr: 2.50e-04 | left: 74s
step 16050 ( 69.2%) | loss: 0.521387 | trade:0.00 call:0.91 put:0.10 | ATM:0.72 OTM:0.28 [seq] | lr: 2.50e-04 | left: 74s
step 16100 ( 69.4%) | loss: 0.517579 | trade:0.30 call:0.94 put:0.06 | ATM:0.93 OTM:0.07 [seq] | lr: 2.50e-04 | left: 73s
step 16150 ( 69.6%) | loss: 0.419156 | trade:0.00 call:0.68 put:0.32 | ATM:0.41 OTM:0.59 [seq] | lr: 2.50e-04 | left: 73s
step 16200 ( 69.8%) | loss: 0.839813 | trade:0.36 call:0.74 put:0.26 | ATM:0.51 OTM:0.49 [rnd] | lr: 2.50e-04 | left: 72s
step 16250 ( 70.0%) | loss: 0.706424 | trade:0.36 call:0.73 put:0.27 | ATM:0.51 OTM:0.49 [rnd] | lr: 2.50e-04 | left: 72s
step 16300 ( 70.2%) | loss: 0.535665 | trade:0.36 call:0.75 put:0.25 | ATM:0.51 OTM:0.49 [rnd] | lr: 2.50e-04 | left: 71s
step 16350 ( 70.4%) | loss: 0.683012 | trade:0.34 call:0.71 put:0.29 | ATM:0.51 OTM:0.49 [rnd] | lr: 2.50e-04 | left: 71s
step 16400 ( 70.6%) | loss: 0.819726 | trade:0.00 call:0.85 put:0.15 | ATM:0.47 OTM:0.53 [seq] | lr: 2.50e-04 | left: 70s
step 16450 ( 70.8%) | loss: 0.551008 | trade:0.91 call:0.96 put:0.05 | ATM:0.95 OTM:0.05 [seq] | lr: 2.50e-04 | left: 70s
step 16500 ( 71.0%) | loss: 0.622054 | trade:0.00 call:0.85 put:0.15 | ATM:0.55 OTM:0.45 [seq] | lr: 2.49e-04 | left: 69s
step 16550 ( 71.2%) | loss: 0.708743 | trade:0.33 call:0.77 put:0.23 | ATM:0.50 OTM:0.50 [rnd] | lr: 2.49e-04 | left: 69s
step 16600 ( 71.5%) | loss: 0.709148 | trade:0.00 call:0.72 put:0.28 | ATM:0.37 OTM:0.63 [seq] | lr: 2.49e-04 | left: 68s
step 16650 ( 71.7%) | loss: 0.455340 | trade:0.00 call:0.52 put:0.48 | ATM:0.78 OTM:0.22 [seq] | lr: 2.48e-04 | left: 68s
step 16700 ( 71.9%) | loss: 0.794978 | trade:0.40 call:0.78 put:0.22 | ATM:0.51 OTM:0.49 [rnd] | lr: 2.47e-04 | left: 67s
step 16750 ( 72.1%) | loss: 0.564632 | trade:0.00 call:0.80 put:0.20 | ATM:0.45 OTM:0.55 [seq] | lr: 2.47e-04 | left: 67s
step 16800 ( 72.3%) | loss: 0.696604 | trade:0.36 call:0.74 put:0.26 | ATM:0.51 OTM:0.49 [rnd] | lr: 2.46e-04 | left: 66s
step 16850 ( 72.5%) | loss: 0.876294 | trade:0.35 call:0.76 put:0.24 | ATM:0.52 OTM:0.48 [rnd] | lr: 2.46e-04 | left: 66s
step 16900 ( 72.7%) | loss: 0.621172 | trade:0.91 call:0.99 put:0.01 | ATM:0.39 OTM:0.61 [seq] | lr: 2.45e-04 | left: 65s
step 16950 ( 73.0%) | loss: 0.661600 | trade:0.39 call:0.75 put:0.25 | ATM:0.50 OTM:0.50 [rnd] | lr: 2.44e-04 | left: 65s
step 17000 ( 73.2%) | loss: 0.534749 | trade:0.00 call:0.67 put:0.33 | ATM:0.44 OTM:0.56 [seq] | lr: 2.43e-04 | left: 64s
step 17050 ( 73.4%) | loss: 0.972196 | trade:0.36 call:0.73 put:0.27 | ATM:0.49 OTM:0.51 [rnd] | lr: 2.42e-04 | left: 64s
step 17100 ( 73.5%) | loss: 0.626034 | trade:0.35 call:0.77 put:0.23 | ATM:0.49 OTM:0.51 [rnd] | lr: 2.41e-04 | left: 63s
step 17150 ( 73.7%) | loss: 0.684076 | trade:0.00 call:0.48 put:0.52 | ATM:0.37 OTM:0.63 [seq] | lr: 2.41e-04 | left: 63s
step 17200 ( 74.1%) | loss: 0.548697 | trade:0.00 call:0.88 put:0.13 | ATM:0.39 OTM:0.61 [seq] | lr: 2.39e-04 | left: 62s
step 17250 ( 74.2%) | loss: 0.410777 | trade:0.00 call:0.71 put:0.29 | ATM:0.44 OTM:0.56 [seq] | lr: 2.38e-04 | left: 62s
step 17300 ( 74.4%) | loss: 0.509649 | trade:0.00 call:0.96 put:0.04 | ATM:0.51 OTM:0.49 [seq] | lr: 2.37e-04 | left: 61s
step 17350 ( 74.6%) | loss: 0.738028 | trade:0.36 call:0.75 put:0.25 | ATM:0.51 OTM:0.49 [rnd] | lr: 2.36e-04 | left: 61s
step 17400 ( 74.8%) | loss: 0.662301 | trade:0.37 call:0.75 put:0.25 | ATM:0.50 OTM:0.50 [rnd] | lr: 2.34e-04 | left: 60s
step 17450 ( 75.0%) | loss: 0.581141 | trade:0.88 call:0.06 put:0.94 | ATM:0.69 OTM:0.31 [seq] | lr: 2.33e-04 | left: 60s
step 17500 ( 75.2%) | loss: 0.611996 | trade:0.00 call:0.84 put:0.16 | ATM:0.68 OTM:0.32 [seq] | lr: 2.32e-04 | left: 60s
step 17550 ( 75.5%) | loss: 0.791043 | trade:0.35 call:0.74 put:0.26 | ATM:0.48 OTM:0.52 [rnd] | lr: 2.30e-04 | left: 59s
step 17600 ( 75.8%) | loss: 0.446418 | trade:0.90 call:0.97 put:0.03 | ATM:0.33 OTM:0.67 [seq] | lr: 2.28e-04 | left: 58s
step 17650 ( 76.0%) | loss: 0.556555 | trade:0.36 call:0.73 put:0.27 | ATM:0.51 OTM:0.49 [rnd] | lr: 2.26e-04 | left: 58s
step 17700 ( 76.2%) | loss: 0.465928 | trade:0.92 call:1.00 put:0.00 | ATM:0.29 OTM:0.71 [seq] | lr: 2.25e-04 | left: 57s
step 17750 ( 76.3%) | loss: 0.404186 | trade:0.36 call:0.72 put:0.29 | ATM:0.51 OTM:0.49 [rnd] | lr: 2.24e-04 | left: 57s
step 17800 ( 76.6%) | loss: 0.470564 | trade:0.93 call:0.98 put:0.02 | ATM:0.97 OTM:0.03 [seq] | lr: 2.22e-04 | left: 56s
step 17850 ( 76.8%) | loss: 0.510901 | trade:0.94 call:1.00 put:0.00 | ATM:0.25 OTM:0.75 [seq] | lr: 2.20e-04 | left: 56s
step 17900 ( 77.0%) | loss: 0.484228 | trade:0.96 call:1.00 put:0.00 | ATM:0.21 OTM:0.79 [seq] | lr: 2.18e-04 | left: 55s
step 17950 ( 77.2%) | loss: 0.498922 | trade:0.96 call:1.00 put:0.00 | ATM:0.21 OTM:0.79 [seq] | lr: 2.16e-04 | left: 55s
step 18000 ( 77.4%) | loss: 0.708459 | trade:0.94 call:0.99 put:0.01 | ATM:0.22 OTM:0.78 [seq] | lr: 2.14e-04 | left: 54s
step 18050 ( 77.6%) | loss: 0.516584 | trade:0.38 call:0.79 put:0.21 | ATM:0.49 OTM:0.51 [rnd] | lr: 2.12e-04 | left: 54s
step 18100 ( 77.8%) | loss: 0.565595 | trade:0.37 call:0.77 put:0.23 | ATM:0.49 OTM:0.51 [rnd] | lr: 2.10e-04 | left: 53s
step 18150 ( 78.0%) | loss: 0.644033 | trade:0.88 call:0.95 put:0.05 | ATM:0.95 OTM:0.05 [seq] | lr: 2.08e-04 | left: 53s
step 18200 ( 78.2%) | loss: 0.789508 | trade:0.37 call:0.76 put:0.24 | ATM:0.49 OTM:0.51 [rnd] | lr: 2.07e-04 | left: 52s
step 18250 ( 78.4%) | loss: 0.358219 | trade:0.00 call:0.71 put:0.29 | ATM:0.38 OTM:0.62 [seq] | lr: 2.05e-04 | left: 52s
step 18300 ( 78.6%) | loss: 0.623011 | trade:0.32 call:0.75 put:0.25 | ATM:0.51 OTM:0.49 [rnd] | lr: 2.03e-04 | left: 51s
step 18350 ( 78.9%) | loss: 0.805699 | trade:0.92 call:1.00 put:0.00 | ATM:0.23 OTM:0.77 [seq] | lr: 2.00e-04 | left: 51s
step 18400 ( 79.0%) | loss: 0.367780 | trade:0.92 call:1.00 put:0.00 | ATM:0.23 OTM:0.77 [seq] | lr: 1.98e-04 | left: 50s
step 18450 ( 79.2%) | loss: 0.626252 | trade:0.93 call:0.99 put:0.01 | ATM:0.29 OTM:0.71 [seq] | lr: 1.96e-04 | left: 50s
step 18500 ( 79.4%) | loss: 0.426174 | trade:0.00 call:0.93 put:0.08 | ATM:0.50 OTM:0.50 [seq] | lr: 1.95e-04 | left: 50s
step 18550 ( 79.6%) | loss: 0.510603 | trade:0.00 call:0.77 put:0.23 | ATM:0.51 OTM:0.49 [seq] | lr: 1.92e-04 | left: 49s
step 18600 ( 79.8%) | loss: 0.811578 | trade:0.00 call:0.66 put:0.33 | ATM:0.41 OTM:0.59 [seq] | lr: 1.90e-04 | left: 48s
step 18650 ( 80.0%) | loss: 0.405889 | trade:0.34 call:0.74 put:0.26 | ATM:0.50 OTM:0.50 [rnd] | lr: 1.88e-04 | left: 48s
step 18700 ( 80.2%) | loss: 0.727506 | trade:0.00 call:0.79 put:0.21 | ATM:0.60 OTM:0.40 [seq] | lr: 1.85e-04 | left: 47s
step 18750 ( 80.4%) | loss: 0.492835 | trade:0.00 call:0.68 put:0.32 | ATM:0.33 OTM:0.67 [seq] | lr: 1.83e-04 | left: 47s
step 18800 ( 80.6%) | loss: 0.600547 | trade:0.00 call:0.76 put:0.24 | ATM:0.38 OTM:0.62 [seq] | lr: 1.81e-04 | left: 47s
step 18850 ( 80.8%) | loss: 0.615350 | trade:0.33 call:0.77 put:0.23 | ATM:0.49 OTM:0.51 [rnd] | lr: 1.79e-04 | left: 46s
step 18900 ( 80.9%) | loss: 0.869935 | trade:0.35 call:0.73 put:0.26 | ATM:0.49 OTM:0.51 [rnd] | lr: 1.76e-04 | left: 46s
step 18950 ( 81.2%) | loss: 0.600020 | trade:0.00 call:0.73 put:0.27 | ATM:0.56 OTM:0.44 [seq] | lr: 1.73e-04 | left: 45s
step 19000 ( 81.5%) | loss: 1.140674 | trade:0.95 call:0.99 put:0.01 | ATM:0.28 OTM:0.72 [seq] | lr: 1.70e-04 | left: 44s
step 19050 ( 81.8%) | loss: 0.565577 | trade:0.96 call:1.00 put:0.00 | ATM:0.17 OTM:0.83 [seq] | lr: 1.66e-04 | left: 44s
step 19100 ( 82.0%) | loss: 0.523064 | trade:0.95 call:1.00 put:0.00 | ATM:0.19 OTM:0.81 [seq] | lr: 1.63e-04 | left: 43s
step 19150 ( 82.2%) | loss: 0.523609 | trade:0.00 call:0.73 put:0.27 | ATM:0.42 OTM:0.58 [seq] | lr: 1.61e-04 | left: 43s
step 19200 ( 82.4%) | loss: 0.534083 | trade:0.34 call:0.78 put:0.22 | ATM:0.50 OTM:0.50 [rnd] | lr: 1.59e-04 | left: 42s
step 19250 ( 82.6%) | loss: 0.583540 | trade:0.00 call:0.93 put:0.07 | ATM:0.56 OTM:0.44 [seq] | lr: 1.57e-04 | left: 42s
step 19300 ( 82.7%) | loss: 0.594861 | trade:0.00 call:0.44 put:0.56 | ATM:0.67 OTM:0.33 [seq] | lr: 1.54e-04 | left: 41s
step 19350 ( 82.9%) | loss: 0.708013 | trade:0.37 call:0.75 put:0.25 | ATM:0.49 OTM:0.51 [rnd] | lr: 1.52e-04 | left: 41s
step 19400 ( 83.1%) | loss: 0.717711 | trade:0.90 call:0.00 put:1.00 | ATM:0.66 OTM:0.34 [seq] | lr: 1.50e-04 | left: 41s
step 19450 ( 83.3%) | loss: 0.416790 | trade:0.88 call:0.97 put:0.03 | ATM:0.53 OTM:0.47 [seq] | lr: 1.47e-04 | left: 40s
step 19500 ( 83.5%) | loss: 0.468062 | trade:0.93 call:0.96 put:0.04 | ATM:0.45 OTM:0.55 [seq] | lr: 1.45e-04 | left: 40s
step 19550 ( 83.6%) | loss: 0.264772 | trade:0.91 call:0.99 put:0.01 | ATM:0.35 OTM:0.65 [seq] | lr: 1.43e-04 | left: 39s
step 19600 ( 83.8%) | loss: 0.743397 | trade:0.88 call:0.87 put:0.13 | ATM:0.34 OTM:0.66 [seq] | lr: 1.41e-04 | left: 39s
step 19650 ( 84.0%) | loss: 0.845206 | trade:0.38 call:0.75 put:0.25 | ATM:0.50 OTM:0.50 [rnd] | lr: 1.38e-04 | left: 38s
step 19700 ( 84.2%) | loss: 0.501870 | trade:0.34 call:0.73 put:0.27 | ATM:0.51 OTM:0.49 [rnd] | lr: 1.35e-04 | left: 38s
step 19750 ( 84.4%) | loss: 0.502219 | trade:0.00 call:0.88 put:0.12 | ATM:0.50 OTM:0.50 [seq] | lr: 1.32e-04 | left: 37s
step 19800 ( 84.7%) | loss: 0.684962 | trade:0.00 call:0.73 put:0.26 | ATM:0.37 OTM:0.63 [seq] | lr: 1.29e-04 | left: 37s
step 19850 ( 84.8%) | loss: 0.619062 | trade:0.00 call:0.40 put:0.59 | ATM:0.46 OTM:0.54 [seq] | lr: 1.27e-04 | left: 36s
step 19900 ( 85.0%) | loss: 0.306568 | trade:0.00 call:0.21 put:0.79 | ATM:0.78 OTM:0.22 [seq] | lr: 1.25e-04 | left: 36s
step 19950 ( 85.2%) | loss: 0.418556 | trade:0.94 call:0.09 put:0.92 | ATM:0.60 OTM:0.40 [seq] | lr: 1.22e-04 | left: 35s
step 20000 ( 85.4%) | loss: 0.487765 | trade:0.93 call:0.02 put:0.97 | ATM:0.62 OTM:0.38 [seq] | lr: 1.20e-04 | left: 35s
step 20050 ( 85.6%) | loss: 0.317669 | trade:0.00 call:0.68 put:0.32 | ATM:0.41 OTM:0.59 [seq] | lr: 1.17e-04 | left: 35s
step 20100 ( 85.8%) | loss: 0.559119 | trade:0.00 call:0.77 put:0.23 | ATM:0.35 OTM:0.65 [seq] | lr: 1.15e-04 | left: 34s
step 20150 ( 86.1%) | loss: 0.644398 | trade:0.00 call:0.72 put:0.28 | ATM:0.34 OTM:0.66 [seq] | lr: 1.11e-04 | left: 33s
step 20200 ( 86.2%) | loss: 0.657536 | trade:0.37 call:0.73 put:0.27 | ATM:0.49 OTM:0.51 [rnd] | lr: 1.09e-04 | left: 33s
step 20250 ( 86.4%) | loss: 0.284931 | trade:0.35 call:0.73 put:0.27 | ATM:0.50 OTM:0.50 [rnd] | lr: 1.07e-04 | left: 33s
step 20300 ( 86.6%) | loss: 0.539650 | trade:0.90 call:0.97 put:0.03 | ATM:0.50 OTM:0.50 [seq] | lr: 1.04e-04 | left: 32s
step 20350 ( 86.8%) | loss: 0.553548 | trade:0.34 call:0.75 put:0.25 | ATM:0.49 OTM:0.51 [rnd] | lr: 1.02e-04 | left: 32s
step 20400 ( 87.0%) | loss: 0.589620 | trade:0.00 call:0.70 put:0.30 | ATM:0.38 OTM:0.62 [seq] | lr: 9.93e-05 | left: 31s
step 20450 ( 87.1%) | loss: 0.409168 | trade:0.00 call:0.74 put:0.26 | ATM:0.49 OTM:0.51 [seq] | lr: 9.72e-05 | left: 31s
step 20500 ( 87.4%) | loss: 0.336055 | trade:0.00 call:0.71 put:0.29 | ATM:0.41 OTM:0.59 [seq] | lr: 9.45e-05 | left: 30s
step 20550 ( 87.5%) | loss: 0.577096 | trade:0.00 call:0.89 put:0.11 | ATM:0.38 OTM:0.62 [seq] | lr: 9.23e-05 | left: 30s
step 20600 ( 87.7%) | loss: 0.747507 | trade:0.00 call:0.60 put:0.40 | ATM:0.32 OTM:0.68 [seq] | lr: 8.97e-05 | left: 29s
step 20650 ( 88.0%) | loss: 0.491144 | trade:0.00 call:0.73 put:0.27 | ATM:0.33 OTM:0.67 [seq] | lr: 8.67e-05 | left: 29s
step 20700 ( 88.2%) | loss: 0.621392 | trade:0.36 call:0.74 put:0.26 | ATM:0.50 OTM:0.50 [rnd] | lr: 8.38e-05 | left: 28s
step 20750 ( 88.4%) | loss: 0.593296 | trade:0.38 call:0.76 put:0.24 | ATM:0.49 OTM:0.51 [rnd] | lr: 8.15e-05 | left: 28s
step 20800 ( 88.6%) | loss: 0.489873 | trade:0.88 call:0.75 put:0.25 | ATM:0.60 OTM:0.40 [seq] | lr: 7.95e-05 | left: 27s
step 20850 ( 88.8%) | loss: 0.926922 | trade:0.36 call:0.73 put:0.27 | ATM:0.49 OTM:0.51 [rnd] | lr: 7.67e-05 | left: 27s
step 20900 ( 89.0%) | loss: 0.462702 | trade:0.89 call:0.74 put:0.26 | ATM:0.48 OTM:0.52 [seq] | lr: 7.46e-05 | left: 26s
step 20950 ( 89.2%) | loss: 0.651564 | trade:0.00 call:0.46 put:0.54 | ATM:0.67 OTM:0.33 [seq] | lr: 7.22e-05 | left: 26s
step 21000 ( 89.4%) | loss: 0.561144 | trade:0.00 call:0.82 put:0.17 | ATM:0.73 OTM:0.27 [seq] | lr: 7.00e-05 | left: 26s
step 21050 ( 89.5%) | loss: 0.653187 | trade:0.00 call:0.59 put:0.41 | ATM:0.67 OTM:0.33 [seq] | lr: 6.77e-05 | left: 25s
step 21100 ( 89.7%) | loss: 0.519285 | trade:0.00 call:0.85 put:0.15 | ATM:0.53 OTM:0.47 [seq] | lr: 6.54e-05 | left: 25s
step 21150 ( 89.9%) | loss: 0.339329 | trade:0.34 call:0.75 put:0.25 | ATM:0.48 OTM:0.52 [rnd] | lr: 6.35e-05 | left: 24s
step 21200 ( 90.1%) | loss: 0.544249 | trade:0.36 call:0.77 put:0.23 | ATM:0.48 OTM:0.52 [rnd] | lr: 6.17e-05 | left: 24s
step 21250 ( 90.3%) | loss: 0.759275 | trade:0.91 call:0.01 put:0.99 | ATM:0.63 OTM:0.37 [seq] | lr: 5.96e-05 | left: 23s
step 21300 ( 90.4%) | loss: 0.559318 | trade:0.00 call:0.75 put:0.25 | ATM:0.42 OTM:0.58 [seq] | lr: 5.76e-05 | left: 23s
step 21350 ( 90.6%) | loss: 0.572168 | trade:0.00 call:0.63 put:0.37 | ATM:0.59 OTM:0.41 [seq] | lr: 5.55e-05 | left: 22s
step 21400 ( 90.8%) | loss: 0.519405 | trade:0.00 call:0.50 put:0.50 | ATM:0.48 OTM:0.52 [seq] | lr: 5.34e-05 | left: 22s
step 21450 ( 91.0%) | loss: 0.765296 | trade:0.37 call:0.74 put:0.26 | ATM:0.49 OTM:0.51 [rnd] | lr: 5.12e-05 | left: 22s
step 21500 ( 91.2%) | loss: 0.410208 | trade:0.00 call:0.81 put:0.19 | ATM:0.40 OTM:0.60 [seq] | lr: 4.94e-05 | left: 21s
step 21550 ( 91.4%) | loss: 0.498302 | trade:0.00 call:0.84 put:0.16 | ATM:0.33 OTM:0.67 [seq] | lr: 4.76e-05 | left: 21s
step 21600 ( 91.6%) | loss: 0.489031 | trade:0.00 call:0.85 put:0.15 | ATM:0.35 OTM:0.65 [seq] | lr: 4.58e-05 | left: 20s
step 21650 ( 91.8%) | loss: 0.477226 | trade:0.00 call:0.85 put:0.15 | ATM:0.52 OTM:0.48 [seq] | lr: 4.34e-05 | left: 20s
step 21700 ( 92.0%) | loss: 0.498556 | trade:0.00 call:0.89 put:0.11 | ATM:0.83 OTM:0.17 [seq] | lr: 4.14e-05 | left: 19s
step 21750 ( 92.2%) | loss: 0.431860 | trade:0.88 call:0.03 put:0.97 | ATM:0.97 OTM:0.03 [seq] | lr: 3.97e-05 | left: 19s
step 21800 ( 92.3%) | loss: 0.493233 | trade:0.00 call:0.73 put:0.27 | ATM:0.41 OTM:0.59 [seq] | lr: 3.81e-05 | left: 18s
step 21850 ( 92.5%) | loss: 0.485452 | trade:0.35 call:0.75 put:0.25 | ATM:0.49 OTM:0.51 [rnd] | lr: 3.64e-05 | left: 18s
step 21900 ( 92.8%) | loss: 0.634213 | trade:0.37 call:0.75 put:0.25 | ATM:0.49 OTM:0.51 [rnd] | lr: 3.42e-05 | left: 17s
step 21950 ( 93.0%) | loss: 0.709743 | trade:0.42 call:0.79 put:0.21 | ATM:0.61 OTM:0.39 [seq] | lr: 3.24e-05 | left: 17s
step 22000 ( 93.1%) | loss: 0.524362 | trade:0.00 call:0.86 put:0.15 | ATM:0.68 OTM:0.32 [seq] | lr: 3.08e-05 | left: 16s
step 22050 ( 93.3%) | loss: 0.472782 | trade:0.36 call:0.76 put:0.24 | ATM:0.49 OTM:0.51 [rnd] | lr: 2.93e-05 | left: 16s
step 22100 ( 93.6%) | loss: 0.453046 | trade:0.37 call:0.75 put:0.26 | ATM:0.49 OTM:0.51 [rnd] | lr: 2.74e-05 | left: 15s
step 22150 ( 93.7%) | loss: 0.578042 | trade:0.00 call:0.76 put:0.24 | ATM:0.41 OTM:0.59 [seq] | lr: 2.60e-05 | left: 15s
step 22200 ( 93.9%) | loss: 0.564733 | trade:0.34 call:0.76 put:0.24 | ATM:0.49 OTM:0.51 [rnd] | lr: 2.44e-05 | left: 15s
step 22250 ( 94.2%) | loss: 0.623291 | trade:0.00 call:0.75 put:0.25 | ATM:0.43 OTM:0.57 [seq] | lr: 2.21e-05 | left: 14s
step 22300 ( 94.4%) | loss: 0.563777 | trade:0.00 call:0.53 put:0.46 | ATM:0.47 OTM:0.53 [seq] | lr: 2.07e-05 | left: 13s
step 22350 ( 94.6%) | loss: 0.441869 | trade:0.40 call:0.74 put:0.26 | ATM:0.50 OTM:0.50 [rnd] | lr: 1.96e-05 | left: 13s
step 22400 ( 94.8%) | loss: 0.567308 | trade:0.00 call:0.62 put:0.38 | ATM:0.41 OTM:0.59 [seq] | lr: 1.82e-05 | left: 13s
step 22450 ( 95.0%) | loss: 0.687001 | trade:0.00 call:0.65 put:0.35 | ATM:0.52 OTM:0.48 [seq] | lr: 1.69e-05 | left: 12s
step 22500 ( 95.2%) | loss: 0.661310 | trade:0.95 call:0.96 put:0.04 | ATM:0.44 OTM:0.56 [seq] | lr: 1.55e-05 | left: 12s
step 22550 ( 95.4%) | loss: 0.680797 | trade:0.00 call:0.92 put:0.08 | ATM:0.71 OTM:0.29 [seq] | lr: 1.43e-05 | left: 11s
step 22600 ( 95.6%) | loss: 0.748611 | trade:0.39 call:0.76 put:0.24 | ATM:0.49 OTM:0.51 [rnd] | lr: 1.31e-05 | left: 11s
step 22650 ( 95.8%) | loss: 0.308446 | trade:0.00 call:0.79 put:0.21 | ATM:0.40 OTM:0.60 [seq] | lr: 1.21e-05 | left: 10s
step 22700 ( 96.0%) | loss: 0.580318 | trade:0.00 call:0.76 put:0.24 | ATM:0.39 OTM:0.61 [seq] | lr: 1.09e-05 | left: 10s
step 22750 ( 96.2%) | loss: 0.272419 | trade:0.00 call:0.44 put:0.56 | ATM:0.64 OTM:0.36 [seq] | lr: 9.86e-06 | left: 9s
step 22800 ( 96.4%) | loss: 0.605457 | trade:0.00 call:0.84 put:0.16 | ATM:0.39 OTM:0.61 [seq] | lr: 8.91e-06 | left: 9s
step 22850 ( 96.6%) | loss: 0.725310 | trade:0.90 call:0.99 put:0.01 | ATM:0.30 OTM:0.70 [seq] | lr: 7.83e-06 | left: 8s
step 22900 ( 96.8%) | loss: 0.806885 | trade:0.83 call:0.79 put:0.22 | ATM:0.55 OTM:0.45 [seq] | lr: 6.93e-06 | left: 8s
step 22950 ( 97.0%) | loss: 0.578606 | trade:0.34 call:0.76 put:0.24 | ATM:0.49 OTM:0.51 [rnd] | lr: 6.05e-06 | left: 7s
step 23000 ( 97.2%) | loss: 0.652077 | trade:0.00 call:0.72 put:0.28 | ATM:0.32 OTM:0.68 [seq] | lr: 5.29e-06 | left: 7s
step 23050 ( 97.4%) | loss: 0.409641 | trade:0.91 call:0.02 put:0.98 | ATM:0.96 OTM:0.04 [seq] | lr: 4.60e-06 | left: 6s
step 23100 ( 97.6%) | loss: 0.678151 | trade:0.00 call:0.86 put:0.14 | ATM:0.46 OTM:0.54 [seq] | lr: 3.96e-06 | left: 6s
step 23150 ( 97.8%) | loss: 0.561181 | trade:0.00 call:0.58 put:0.42 | ATM:0.56 OTM:0.44 [seq] | lr: 3.34e-06 | left: 5s
step 23200 ( 98.0%) | loss: 0.586901 | trade:0.38 call:0.75 put:0.25 | ATM:0.50 OTM:0.50 [rnd] | lr: 2.74e-06 | left: 5s
step 23250 ( 98.2%) | loss: 0.577431 | trade:0.00 call:0.72 put:0.28 | ATM:0.41 OTM:0.59 [seq] | lr: 2.21e-06 | left: 4s
step 23300 ( 98.4%) | loss: 0.723627 | trade:0.37 call:0.74 put:0.26 | ATM:0.49 OTM:0.51 [rnd] | lr: 1.72e-06 | left: 4s
step 23350 ( 98.6%) | loss: 0.469335 | trade:0.00 call:0.74 put:0.26 | ATM:0.58 OTM:0.42 [seq] | lr: 1.36e-06 | left: 3s
step 23400 ( 98.8%) | loss: 0.524313 | trade:0.37 call:0.75 put:0.25 | ATM:0.49 OTM:0.51 [rnd] | lr: 1.03e-06 | left: 3s
step 23450 ( 99.0%) | loss: 0.543034 | trade:0.37 call:0.75 put:0.25 | ATM:0.50 OTM:0.50 [rnd] | lr: 7.25e-07 | left: 2s
step 23500 ( 99.2%) | loss: 0.506732 | trade:0.94 call:1.00 put:0.00 | ATM:0.24 OTM:0.76 [seq] | lr: 4.82e-07 | left: 2s
step 23550 ( 99.4%) | loss: 0.705044 | trade:0.59 call:0.64 put:0.36 | ATM:0.76 OTM:0.24 [seq] | lr: 2.69e-07 | left: 1s
step 23600 ( 99.6%) | loss: 0.539156 | trade:0.00 call:0.88 put:0.12 | ATM:0.43 OTM:0.57 [seq] | lr: 1.23e-07 | left: 1s
step 23650 ( 99.8%) | loss: 0.570349 | trade:0.94 call:1.00 put:0.00 | ATM:0.42 OTM:0.58 [seq] | lr: 4.00e-08 | left: 1s
step 23700 (100.0%) | loss: 0.830673 | trade:0.35 call:0.75 put:0.24 | ATM:0.48 OTM:0.52 [rnd] | lr: 1.01e-09 | left: 0s

Training done at 245s. Starting evaluation...
Evaluation done in 1s (total wall: 246s)
Model saved to /root/best_model.pt

---
score:              -10.000000
profit_factor:      0.000000
win_rate:           0.000000
avg_winner:         0.000000
avg_loser:          0.000000
trades_per_day:     0.000000
max_consec_loss:    0
num_trades:         4
trade_sharpe:       0.000000
sortino:            0.000000
max_drawdown:       0.000000
calmar:             0.000000
ev_per_trade:       0.000000
do_nothing_pct:     1.000000
exit_pct:           0.000000
model_exit_count:   0
cooldown_blocked:   0
pre_10am_blocked:   0
short_hold_pct:     0.000000
stop_loss_rate:     0.000000
direction_collapse_pct: 0.000000
avg_entry_cost_bps: 300.000000
avg_entry_quality:  0.000000
cost_realism_coverage: 0.000000
high_cost_entry_rate: 1.000000
low_quality_entry_rate: 1.000000
actionable_bar_rate: 0.000000
risk_off_bar_rate:  0.000000
final_capital:      10000.00
equity_sharpe:      0.000000
max_equity_dd:      0.000000
total_dollar_return:0.000000
val_sharpe:         -55.162364
total_return:       0.000000
num_val_bars:       260
num_val_days:       5
worst_chunk_pf:     1.00
rr_ratio:           0.0000
avg_hold_bars:      0.00
model_exit_rate:    0.0000
hit_ruin:           False
min_equity_frac:    1.0000
avg_risk_fraction:  0.0000
max_risk_fraction:  0.0000
trades_blocked_by_balance: 0
training_seconds:   240.0
total_seconds:      247.8
peak_vram_mb:       769.2
num_steps:          23708
num_params:         145,064
lookback:           120
depth:              3
d_model:            64
effective_lr:       0.00025
gate_label_smoothing:0.050000
dir_label_smoothing:0.050000
false_entry_penalty:1.500000
/opt/conda/lib/python3.11/site-packages/torch/nn/modules/transformer.py:379: UserWarning: enable_nested_tensor is True, but self.use_nested_tensor is False because encoder_layer.norm_first was True
  warnings.warn(
