Loading data from: /root/.cache/autoresearch-trading/features/data.pt
Loaded 384870 1-min bars, 32 features, 8 actions
  ~986 trading days
Training:   up to idx 269189
Validation: idx 269190-384869
  Option P&L coverage: 297877/384870 (77%)
Parameters: 146,265
Architecture: v4 simplified two-head (gate+dir) + balanced strike gating + VIX regime robustness + temporal chunking + stop prevention + FULL STOPPED P&L CONSISTENCY + feature noise injection + early validation consistency
Training from scratch (v4: no warm-start).

Budget: 240s | Batch: 128 | Lookback: 120
LR: 0.00015 | Depth: 3 | d_model: 64 | ff_mult: 3
Dropout: 0.15 | Weight decay: 0.05
False entry penalty: 2.5x
Label smoothing: gate=0.05 dir=0.05
Loss weights: gate=1.0, dir=1.0, pnl=0.3, exit=0.5
VIX regime weights: vix_regime=0.2, vix_consistency=0.1
Temporal robustness: temporal_chunk=0.25, early_val_consistency=0.15
Stop prevention: stop_prevention=0.3
Feature noise injection: std=0.05
CRITICAL: Training exclusively on STOPPED P&L to align with evaluation reality

step 00000 (  0.0%) | loss: 3.242336 | trade:0.16 call:0.45 put:0.55 | ATM:0.23 OTM:0.77 | lr: 0.00e+00 | left: 240s
step 00050 (  0.4%) | loss: 3.353000 | trade:0.17 call:0.46 put:0.54 | ATM:0.24 OTM:0.76 | lr: 6.04e-06 | left: 239s
step 00100 (  1.0%) | loss: 3.326472 | trade:0.18 call:0.46 put:0.54 | ATM:0.24 OTM:0.76 | lr: 1.45e-05 | left: 238s
step 00150 (  1.5%) | loss: 3.211362 | trade:0.21 call:0.46 put:0.54 | ATM:0.24 OTM:0.76 | lr: 2.28e-05 | left: 236s
step 00200 (  2.1%) | loss: 3.123271 | trade:0.25 call:0.49 put:0.51 | ATM:0.25 OTM:0.75 | lr: 3.11e-05 | left: 235s
step 00250 (  2.6%) | loss: 3.048078 | trade:0.28 call:0.50 put:0.50 | ATM:0.26 OTM:0.74 | lr: 3.93e-05 | left: 234s
step 00300 (  3.2%) | loss: 2.971127 | trade:0.33 call:0.51 put:0.49 | ATM:0.28 OTM:0.72 | lr: 4.77e-05 | left: 232s
step 00350 (  3.8%) | loss: 2.944178 | trade:0.34 call:0.52 put:0.48 | ATM:0.30 OTM:0.70 | lr: 5.63e-05 | left: 231s
step 00400 (  4.3%) | loss: 2.879460 | trade:0.35 call:0.53 put:0.47 | ATM:0.32 OTM:0.68 | lr: 6.48e-05 | left: 230s
step 00450 (  4.9%) | loss: 2.812334 | trade:0.34 call:0.53 put:0.47 | ATM:0.33 OTM:0.67 | lr: 7.34e-05 | left: 228s
step 00500 (  5.5%) | loss: 2.753249 | trade:0.34 call:0.54 put:0.46 | ATM:0.32 OTM:0.68 | lr: 8.20e-05 | left: 227s
step 00550 (  6.0%) | loss: 2.692278 | trade:0.34 call:0.54 put:0.46 | ATM:0.34 OTM:0.66 | lr: 9.06e-05 | left: 225s
step 00600 (  6.6%) | loss: 2.627304 | trade:0.37 call:0.54 put:0.46 | ATM:0.33 OTM:0.67 | lr: 9.92e-05 | left: 224s
step 00650 (  7.2%) | loss: 2.548130 | trade:0.38 call:0.53 put:0.47 | ATM:0.34 OTM:0.66 | lr: 1.08e-04 | left: 223s
step 00700 (  7.7%) | loss: 2.473878 | trade:0.36 call:0.54 put:0.46 | ATM:0.35 OTM:0.65 | lr: 1.16e-04 | left: 221s
step 00750 (  8.3%) | loss: 2.343761 | trade:0.37 call:0.54 put:0.46 | ATM:0.35 OTM:0.65 | lr: 1.24e-04 | left: 220s
step 00800 (  8.8%) | loss: 2.237091 | trade:0.35 call:0.56 put:0.44 | ATM:0.39 OTM:0.61 | lr: 1.33e-04 | left: 219s
step 00850 (  9.4%) | loss: 2.184518 | trade:0.37 call:0.59 put:0.41 | ATM:0.38 OTM:0.62 | lr: 1.41e-04 | left: 217s
step 00900 (  9.9%) | loss: 2.053186 | trade:0.36 call:0.58 put:0.42 | ATM:0.39 OTM:0.61 | lr: 1.49e-04 | left: 216s
step 00950 ( 10.5%) | loss: 1.930288 | trade:0.37 call:0.56 put:0.44 | ATM:0.37 OTM:0.63 | lr: 1.50e-04 | left: 215s
step 01000 ( 11.0%) | loss: 1.894424 | trade:0.33 call:0.60 put:0.40 | ATM:0.44 OTM:0.56 | lr: 1.50e-04 | left: 213s
step 01050 ( 11.6%) | loss: 1.746858 | trade:0.35 call:0.66 put:0.34 | ATM:0.47 OTM:0.53 | lr: 1.50e-04 | left: 212s
step 01100 ( 12.1%) | loss: 1.656226 | trade:0.36 call:0.62 put:0.38 | ATM:0.42 OTM:0.58 | lr: 1.50e-04 | left: 211s
step 01150 ( 12.7%) | loss: 1.628709 | trade:0.36 call:0.61 put:0.39 | ATM:0.47 OTM:0.53 | lr: 1.50e-04 | left: 210s
step 01200 ( 13.3%) | loss: 1.561239 | trade:0.35 call:0.63 put:0.37 | ATM:0.50 OTM:0.50 | lr: 1.50e-04 | left: 208s
step 01250 ( 13.8%) | loss: 1.509066 | trade:0.36 call:0.62 put:0.38 | ATM:0.46 OTM:0.54 | lr: 1.50e-04 | left: 207s
step 01300 ( 14.4%) | loss: 1.492781 | trade:0.36 call:0.66 put:0.34 | ATM:0.47 OTM:0.53 | lr: 1.50e-04 | left: 205s
step 01350 ( 15.0%) | loss: 1.434602 | trade:0.34 call:0.60 put:0.40 | ATM:0.46 OTM:0.54 | lr: 1.50e-04 | left: 204s
step 01400 ( 15.5%) | loss: 1.358917 | trade:0.38 call:0.60 put:0.40 | ATM:0.44 OTM:0.56 | lr: 1.50e-04 | left: 203s
step 01450 ( 15.9%) | loss: 1.351288 | trade:0.32 call:0.63 put:0.37 | ATM:0.46 OTM:0.54 | lr: 1.50e-04 | left: 202s
step 01500 ( 16.5%) | loss: 1.288622 | trade:0.33 call:0.63 put:0.37 | ATM:0.51 OTM:0.49 | lr: 1.50e-04 | left: 200s
step 01550 ( 17.0%) | loss: 1.343844 | trade:0.35 call:0.64 put:0.36 | ATM:0.44 OTM:0.56 | lr: 1.50e-04 | left: 199s
step 01600 ( 17.6%) | loss: 1.270779 | trade:0.37 call:0.62 put:0.38 | ATM:0.47 OTM:0.53 | lr: 1.50e-04 | left: 198s
step 01650 ( 18.1%) | loss: 1.231268 | trade:0.35 call:0.63 put:0.37 | ATM:0.46 OTM:0.54 | lr: 1.50e-04 | left: 196s
step 01700 ( 18.7%) | loss: 1.225574 | trade:0.30 call:0.62 put:0.38 | ATM:0.50 OTM:0.50 | lr: 1.50e-04 | left: 195s
step 01750 ( 19.2%) | loss: 1.209515 | trade:0.36 call:0.67 put:0.33 | ATM:0.45 OTM:0.55 | lr: 1.50e-04 | left: 194s
step 01800 ( 19.8%) | loss: 1.188087 | trade:0.32 call:0.68 put:0.32 | ATM:0.47 OTM:0.53 | lr: 1.50e-04 | left: 193s
step 01850 ( 20.3%) | loss: 1.179708 | trade:0.34 call:0.65 put:0.35 | ATM:0.49 OTM:0.51 | lr: 1.50e-04 | left: 191s
step 01900 ( 20.9%) | loss: 1.159784 | trade:0.38 call:0.58 put:0.42 | ATM:0.52 OTM:0.48 | lr: 1.50e-04 | left: 190s
step 01950 ( 21.4%) | loss: 1.143389 | trade:0.30 call:0.68 put:0.32 | ATM:0.54 OTM:0.46 | lr: 1.50e-04 | left: 189s
step 02000 ( 22.0%) | loss: 1.188372 | trade:0.41 call:0.59 put:0.41 | ATM:0.50 OTM:0.50 | lr: 1.50e-04 | left: 187s
step 02050 ( 22.5%) | loss: 1.161243 | trade:0.36 call:0.58 put:0.42 | ATM:0.49 OTM:0.51 | lr: 1.50e-04 | left: 186s
step 02100 ( 23.1%) | loss: 1.110461 | trade:0.36 call:0.64 put:0.36 | ATM:0.52 OTM:0.48 | lr: 1.50e-04 | left: 185s
step 02150 ( 23.6%) | loss: 1.093683 | trade:0.41 call:0.66 put:0.34 | ATM:0.50 OTM:0.50 | lr: 1.50e-04 | left: 183s
step 02200 ( 24.1%) | loss: 1.069998 | trade:0.35 call:0.67 put:0.33 | ATM:0.53 OTM:0.47 | lr: 1.50e-04 | left: 182s
step 02250 ( 24.7%) | loss: 1.074809 | trade:0.38 call:0.62 put:0.38 | ATM:0.52 OTM:0.48 | lr: 1.50e-04 | left: 181s
step 02300 ( 25.3%) | loss: 1.137701 | trade:0.31 call:0.64 put:0.36 | ATM:0.55 OTM:0.45 | lr: 1.50e-04 | left: 179s
step 02350 ( 25.8%) | loss: 1.100853 | trade:0.36 call:0.66 put:0.34 | ATM:0.51 OTM:0.49 | lr: 1.50e-04 | left: 178s
step 02400 ( 26.4%) | loss: 1.049114 | trade:0.32 call:0.69 put:0.31 | ATM:0.56 OTM:0.44 | lr: 1.50e-04 | left: 177s
step 02450 ( 27.0%) | loss: 1.041861 | trade:0.33 call:0.64 put:0.36 | ATM:0.53 OTM:0.47 | lr: 1.50e-04 | left: 175s
step 02500 ( 27.5%) | loss: 1.064869 | trade:0.29 call:0.73 put:0.27 | ATM:0.58 OTM:0.42 | lr: 1.50e-04 | left: 174s
step 02550 ( 28.1%) | loss: 1.078353 | trade:0.35 call:0.68 put:0.32 | ATM:0.58 OTM:0.42 | lr: 1.50e-04 | left: 172s
step 02600 ( 28.7%) | loss: 1.033259 | trade:0.32 call:0.63 put:0.37 | ATM:0.53 OTM:0.47 | lr: 1.50e-04 | left: 171s
step 02650 ( 29.2%) | loss: 1.035595 | trade:0.32 call:0.66 put:0.34 | ATM:0.56 OTM:0.44 | lr: 1.50e-04 | left: 170s
step 02700 ( 29.8%) | loss: 1.035616 | trade:0.35 call:0.64 put:0.36 | ATM:0.54 OTM:0.46 | lr: 1.50e-04 | left: 168s
step 02750 ( 30.4%) | loss: 1.011906 | trade:0.38 call:0.64 put:0.36 | ATM:0.52 OTM:0.48 | lr: 1.50e-04 | left: 167s
step 02800 ( 30.9%) | loss: 1.019472 | trade:0.36 call:0.59 put:0.41 | ATM:0.53 OTM:0.47 | lr: 1.50e-04 | left: 166s
step 02850 ( 31.3%) | loss: 0.999504 | trade:0.37 call:0.56 put:0.44 | ATM:0.55 OTM:0.45 | lr: 1.50e-04 | left: 165s
step 02900 ( 31.6%) | loss: 1.005139 | trade:0.36 call:0.67 put:0.33 | ATM:0.54 OTM:0.46 | lr: 1.50e-04 | left: 164s
step 02950 ( 32.2%) | loss: 1.003763 | trade:0.30 call:0.63 put:0.37 | ATM:0.54 OTM:0.46 | lr: 1.50e-04 | left: 163s
step 03000 ( 32.7%) | loss: 1.015111 | trade:0.36 call:0.64 put:0.36 | ATM:0.57 OTM:0.43 | lr: 1.50e-04 | left: 161s
step 03050 ( 33.3%) | loss: 0.973891 | trade:0.33 call:0.67 put:0.33 | ATM:0.54 OTM:0.46 | lr: 1.50e-04 | left: 160s
step 03100 ( 33.8%) | loss: 0.985978 | trade:0.32 call:0.69 put:0.31 | ATM:0.62 OTM:0.38 | lr: 1.50e-04 | left: 159s
step 03150 ( 34.4%) | loss: 0.983878 | trade:0.34 call:0.62 put:0.38 | ATM:0.50 OTM:0.50 | lr: 1.50e-04 | left: 158s
step 03200 ( 34.9%) | loss: 0.969388 | trade:0.37 call:0.62 put:0.38 | ATM:0.55 OTM:0.45 | lr: 1.50e-04 | left: 156s
step 03250 ( 35.5%) | loss: 0.992286 | trade:0.35 call:0.60 put:0.40 | ATM:0.60 OTM:0.40 | lr: 1.50e-04 | left: 155s
step 03300 ( 35.9%) | loss: 0.938371 | trade:0.31 call:0.61 put:0.39 | ATM:0.57 OTM:0.43 | lr: 1.50e-04 | left: 154s
step 03350 ( 36.5%) | loss: 0.939239 | trade:0.36 call:0.60 put:0.40 | ATM:0.59 OTM:0.41 | lr: 1.50e-04 | left: 152s
step 03400 ( 37.1%) | loss: 0.966574 | trade:0.28 call:0.59 put:0.41 | ATM:0.60 OTM:0.40 | lr: 1.50e-04 | left: 151s
step 03450 ( 37.6%) | loss: 0.988634 | trade:0.35 call:0.68 put:0.32 | ATM:0.59 OTM:0.41 | lr: 1.50e-04 | left: 150s
step 03500 ( 38.2%) | loss: 0.919639 | trade:0.34 call:0.62 put:0.38 | ATM:0.53 OTM:0.47 | lr: 1.50e-04 | left: 148s
step 03550 ( 38.8%) | loss: 0.955103 | trade:0.31 call:0.62 put:0.38 | ATM:0.57 OTM:0.43 | lr: 1.50e-04 | left: 147s
step 03600 ( 39.3%) | loss: 0.945727 | trade:0.30 call:0.65 put:0.35 | ATM:0.55 OTM:0.45 | lr: 1.50e-04 | left: 146s
step 03650 ( 39.9%) | loss: 0.951552 | trade:0.30 call:0.66 put:0.34 | ATM:0.57 OTM:0.43 | lr: 1.50e-04 | left: 144s
step 03700 ( 40.4%) | loss: 0.968655 | trade:0.39 call:0.61 put:0.39 | ATM:0.55 OTM:0.45 | lr: 1.50e-04 | left: 143s
step 03750 ( 40.9%) | loss: 0.965426 | trade:0.32 call:0.64 put:0.36 | ATM:0.61 OTM:0.39 | lr: 1.50e-04 | left: 142s
step 03800 ( 41.5%) | loss: 0.946035 | trade:0.37 call:0.64 put:0.36 | ATM:0.51 OTM:0.49 | lr: 1.50e-04 | left: 140s
step 03850 ( 42.1%) | loss: 0.929925 | trade:0.39 call:0.60 put:0.40 | ATM:0.53 OTM:0.47 | lr: 1.50e-04 | left: 139s
step 03900 ( 42.6%) | loss: 0.964294 | trade:0.38 call:0.65 put:0.35 | ATM:0.52 OTM:0.48 | lr: 1.50e-04 | left: 138s
step 03950 ( 43.2%) | loss: 0.926604 | trade:0.39 call:0.64 put:0.36 | ATM:0.57 OTM:0.43 | lr: 1.50e-04 | left: 136s
step 04000 ( 43.8%) | loss: 0.955145 | trade:0.29 call:0.65 put:0.35 | ATM:0.58 OTM:0.42 | lr: 1.50e-04 | left: 135s
step 04050 ( 44.3%) | loss: 0.931855 | trade:0.29 call:0.68 put:0.32 | ATM:0.59 OTM:0.41 | lr: 1.50e-04 | left: 134s
step 04100 ( 44.9%) | loss: 0.957527 | trade:0.27 call:0.66 put:0.34 | ATM:0.62 OTM:0.38 | lr: 1.50e-04 | left: 132s
step 04150 ( 45.5%) | loss: 0.936064 | trade:0.30 call:0.65 put:0.35 | ATM:0.54 OTM:0.46 | lr: 1.50e-04 | left: 131s
step 04200 ( 46.0%) | loss: 0.931218 | trade:0.32 call:0.63 put:0.37 | ATM:0.57 OTM:0.43 | lr: 1.50e-04 | left: 130s
step 04250 ( 46.6%) | loss: 0.901543 | trade:0.37 call:0.61 put:0.39 | ATM:0.53 OTM:0.47 | lr: 1.50e-04 | left: 128s
step 04300 ( 47.1%) | loss: 0.910715 | trade:0.33 call:0.58 put:0.42 | ATM:0.59 OTM:0.41 | lr: 1.50e-04 | left: 127s
step 04350 ( 47.7%) | loss: 0.926001 | trade:0.38 call:0.59 put:0.41 | ATM:0.59 OTM:0.41 | lr: 1.50e-04 | left: 126s
step 04400 ( 48.2%) | loss: 0.914595 | trade:0.28 call:0.62 put:0.38 | ATM:0.62 OTM:0.38 | lr: 1.50e-04 | left: 124s
step 04450 ( 48.8%) | loss: 0.909096 | trade:0.39 call:0.61 put:0.39 | ATM:0.53 OTM:0.47 | lr: 1.50e-04 | left: 123s
step 04500 ( 49.3%) | loss: 0.908682 | trade:0.29 call:0.63 put:0.37 | ATM:0.61 OTM:0.39 | lr: 1.50e-04 | left: 122s
step 04550 ( 49.9%) | loss: 0.914034 | trade:0.41 call:0.63 put:0.37 | ATM:0.54 OTM:0.46 | lr: 1.50e-04 | left: 120s
step 04600 ( 50.4%) | loss: 0.952852 | trade:0.34 call:0.64 put:0.36 | ATM:0.62 OTM:0.38 | lr: 1.50e-04 | left: 119s
step 04650 ( 51.0%) | loss: 0.927580 | trade:0.35 call:0.59 put:0.41 | ATM:0.63 OTM:0.37 | lr: 1.50e-04 | left: 118s
step 04700 ( 51.6%) | loss: 0.921048 | trade:0.41 call:0.61 put:0.39 | ATM:0.52 OTM:0.48 | lr: 1.50e-04 | left: 116s
step 04750 ( 52.2%) | loss: 0.921766 | trade:0.39 call:0.63 put:0.37 | ATM:0.53 OTM:0.47 | lr: 1.50e-04 | left: 115s
step 04800 ( 52.7%) | loss: 0.868961 | trade:0.37 call:0.65 put:0.35 | ATM:0.57 OTM:0.43 | lr: 1.50e-04 | left: 113s
step 04850 ( 53.2%) | loss: 0.905008 | trade:0.30 call:0.63 put:0.37 | ATM:0.60 OTM:0.40 | lr: 1.50e-04 | left: 112s
step 04900 ( 53.8%) | loss: 0.875511 | trade:0.32 call:0.65 put:0.35 | ATM:0.62 OTM:0.38 | lr: 1.50e-04 | left: 111s
step 04950 ( 54.3%) | loss: 0.905049 | trade:0.32 call:0.65 put:0.35 | ATM:0.55 OTM:0.45 | lr: 1.50e-04 | left: 110s
step 05000 ( 54.9%) | loss: 0.885653 | trade:0.34 call:0.62 put:0.38 | ATM:0.58 OTM:0.42 | lr: 1.50e-04 | left: 108s
step 05050 ( 55.5%) | loss: 0.895238 | trade:0.33 call:0.62 put:0.38 | ATM:0.57 OTM:0.43 | lr: 1.50e-04 | left: 107s
step 05100 ( 56.0%) | loss: 0.904957 | trade:0.38 call:0.62 put:0.38 | ATM:0.59 OTM:0.41 | lr: 1.50e-04 | left: 105s
step 05150 ( 56.5%) | loss: 0.898719 | trade:0.33 call:0.61 put:0.39 | ATM:0.64 OTM:0.36 | lr: 1.50e-04 | left: 104s
step 05200 ( 57.1%) | loss: 0.901470 | trade:0.41 call:0.63 put:0.37 | ATM:0.55 OTM:0.45 | lr: 1.50e-04 | left: 103s
step 05250 ( 57.6%) | loss: 0.893837 | trade:0.33 call:0.68 put:0.32 | ATM:0.60 OTM:0.40 | lr: 1.50e-04 | left: 102s
step 05300 ( 58.2%) | loss: 0.891814 | trade:0.38 call:0.64 put:0.36 | ATM:0.58 OTM:0.42 | lr: 1.50e-04 | left: 100s
step 05350 ( 58.7%) | loss: 0.903947 | trade:0.38 call:0.62 put:0.38 | ATM:0.60 OTM:0.40 | lr: 1.50e-04 | left: 99s
step 05400 ( 59.3%) | loss: 0.866231 | trade:0.34 call:0.61 put:0.39 | ATM:0.59 OTM:0.41 | lr: 1.50e-04 | left: 98s
step 05450 ( 59.8%) | loss: 0.866367 | trade:0.34 call:0.65 put:0.35 | ATM:0.61 OTM:0.39 | lr: 1.50e-04 | left: 96s
step 05500 ( 60.4%) | loss: 0.891872 | trade:0.34 call:0.62 put:0.38 | ATM:0.62 OTM:0.38 | lr: 1.50e-04 | left: 95s
step 05550 ( 60.9%) | loss: 0.896134 | trade:0.33 call:0.67 put:0.33 | ATM:0.59 OTM:0.41 | lr: 1.50e-04 | left: 94s
step 05600 ( 61.4%) | loss: 0.879613 | trade:0.35 call:0.59 put:0.41 | ATM:0.58 OTM:0.42 | lr: 1.50e-04 | left: 93s
step 05650 ( 62.0%) | loss: 0.877075 | trade:0.38 call:0.60 put:0.40 | ATM:0.56 OTM:0.44 | lr: 1.50e-04 | left: 91s
step 05700 ( 62.5%) | loss: 0.890308 | trade:0.33 call:0.62 put:0.38 | ATM:0.65 OTM:0.35 | lr: 1.50e-04 | left: 90s
step 05750 ( 63.1%) | loss: 0.882547 | trade:0.35 call:0.63 put:0.37 | ATM:0.66 OTM:0.34 | lr: 1.50e-04 | left: 89s
step 05800 ( 63.6%) | loss: 0.868227 | trade:0.31 call:0.57 put:0.43 | ATM:0.60 OTM:0.40 | lr: 1.50e-04 | left: 87s
step 05850 ( 64.2%) | loss: 0.835949 | trade:0.32 call:0.65 put:0.35 | ATM:0.64 OTM:0.36 | lr: 1.50e-04 | left: 86s
step 05900 ( 64.7%) | loss: 0.807800 | trade:0.35 call:0.65 put:0.35 | ATM:0.64 OTM:0.36 | lr: 1.50e-04 | left: 85s
step 05950 ( 65.3%) | loss: 0.913168 | trade:0.37 call:0.66 put:0.34 | ATM:0.61 OTM:0.39 | lr: 1.50e-04 | left: 83s
step 06000 ( 65.8%) | loss: 0.831500 | trade:0.34 call:0.65 put:0.35 | ATM:0.63 OTM:0.37 | lr: 1.50e-04 | left: 82s
step 06050 ( 66.4%) | loss: 0.868239 | trade:0.35 call:0.62 put:0.38 | ATM:0.59 OTM:0.41 | lr: 1.50e-04 | left: 81s
step 06100 ( 66.9%) | loss: 0.846062 | trade:0.34 call:0.54 put:0.46 | ATM:0.58 OTM:0.42 | lr: 1.50e-04 | left: 79s
step 06150 ( 67.5%) | loss: 0.829860 | trade:0.36 call:0.56 put:0.44 | ATM:0.62 OTM:0.38 | lr: 1.50e-04 | left: 78s
step 06200 ( 68.0%) | loss: 0.843719 | trade:0.33 call:0.58 put:0.42 | ATM:0.65 OTM:0.35 | lr: 1.50e-04 | left: 77s
step 06250 ( 68.6%) | loss: 0.820306 | trade:0.38 call:0.65 put:0.35 | ATM:0.58 OTM:0.42 | lr: 1.50e-04 | left: 75s
step 06300 ( 69.2%) | loss: 0.882759 | trade:0.31 call:0.66 put:0.34 | ATM:0.60 OTM:0.40 | lr: 1.50e-04 | left: 74s
step 06350 ( 69.7%) | loss: 0.832999 | trade:0.34 call:0.63 put:0.37 | ATM:0.61 OTM:0.39 | lr: 1.50e-04 | left: 73s
step 06400 ( 70.3%) | loss: 0.892050 | trade:0.34 call:0.65 put:0.35 | ATM:0.64 OTM:0.36 | lr: 1.50e-04 | left: 71s
step 06450 ( 70.8%) | loss: 0.842254 | trade:0.40 call:0.63 put:0.37 | ATM:0.60 OTM:0.40 | lr: 1.50e-04 | left: 70s
step 06500 ( 71.4%) | loss: 0.851069 | trade:0.28 call:0.62 put:0.38 | ATM:0.66 OTM:0.34 | lr: 1.49e-04 | left: 69s
step 06550 ( 71.9%) | loss: 0.884750 | trade:0.32 call:0.59 put:0.41 | ATM:0.65 OTM:0.35 | lr: 1.49e-04 | left: 67s
step 06600 ( 72.5%) | loss: 0.858803 | trade:0.31 call:0.63 put:0.37 | ATM:0.66 OTM:0.34 | lr: 1.48e-04 | left: 66s
step 06650 ( 73.0%) | loss: 0.820459 | trade:0.33 call:0.65 put:0.35 | ATM:0.64 OTM:0.36 | lr: 1.46e-04 | left: 65s
step 06700 ( 73.5%) | loss: 0.852428 | trade:0.34 call:0.59 put:0.41 | ATM:0.64 OTM:0.36 | lr: 1.45e-04 | left: 64s
step 06750 ( 74.1%) | loss: 0.857701 | trade:0.25 call:0.61 put:0.39 | ATM:0.65 OTM:0.35 | lr: 1.43e-04 | left: 62s
step 06800 ( 74.6%) | loss: 0.870838 | trade:0.36 call:0.56 put:0.44 | ATM:0.62 OTM:0.38 | lr: 1.41e-04 | left: 61s
step 06850 ( 75.2%) | loss: 0.825161 | trade:0.33 call:0.59 put:0.41 | ATM:0.66 OTM:0.34 | lr: 1.39e-04 | left: 60s
step 06900 ( 75.7%) | loss: 0.854934 | trade:0.29 call:0.60 put:0.40 | ATM:0.69 OTM:0.31 | lr: 1.37e-04 | left: 58s
step 06950 ( 76.3%) | loss: 0.849407 | trade:0.28 call:0.62 put:0.38 | ATM:0.64 OTM:0.36 | lr: 1.34e-04 | left: 57s
step 07000 ( 76.8%) | loss: 0.831281 | trade:0.35 call:0.61 put:0.39 | ATM:0.63 OTM:0.37 | lr: 1.32e-04 | left: 56s
step 07050 ( 77.3%) | loss: 0.856590 | trade:0.35 call:0.64 put:0.36 | ATM:0.59 OTM:0.41 | lr: 1.29e-04 | left: 54s
step 07100 ( 77.9%) | loss: 0.848772 | trade:0.33 call:0.67 put:0.33 | ATM:0.61 OTM:0.39 | lr: 1.26e-04 | left: 53s
step 07150 ( 78.5%) | loss: 0.838798 | trade:0.28 call:0.61 put:0.39 | ATM:0.62 OTM:0.38 | lr: 1.22e-04 | left: 52s
step 07200 ( 79.0%) | loss: 0.876866 | trade:0.29 call:0.63 put:0.37 | ATM:0.67 OTM:0.33 | lr: 1.19e-04 | left: 50s
step 07250 ( 79.3%) | loss: 0.809732 | trade:0.38 call:0.58 put:0.42 | ATM:0.62 OTM:0.38 | lr: 1.17e-04 | left: 50s
step 07300 ( 79.7%) | loss: 0.841982 | trade:0.27 call:0.66 put:0.34 | ATM:0.68 OTM:0.32 | lr: 1.14e-04 | left: 49s
step 07350 ( 80.1%) | loss: 0.868831 | trade:0.37 call:0.63 put:0.37 | ATM:0.57 OTM:0.43 | lr: 1.12e-04 | left: 48s
step 07400 ( 80.5%) | loss: 0.786422 | trade:0.35 call:0.63 put:0.37 | ATM:0.61 OTM:0.39 | lr: 1.09e-04 | left: 47s
step 07450 ( 80.9%) | loss: 0.824529 | trade:0.32 call:0.59 put:0.41 | ATM:0.63 OTM:0.37 | lr: 1.06e-04 | left: 46s
step 07500 ( 81.5%) | loss: 0.885725 | trade:0.39 call:0.58 put:0.42 | ATM:0.69 OTM:0.31 | lr: 1.02e-04 | left: 44s
step 07550 ( 82.0%) | loss: 0.799357 | trade:0.37 call:0.57 put:0.43 | ATM:0.59 OTM:0.41 | lr: 9.78e-05 | left: 43s
step 07600 ( 82.6%) | loss: 0.836460 | trade:0.31 call:0.54 put:0.46 | ATM:0.65 OTM:0.35 | lr: 9.37e-05 | left: 42s
step 07650 ( 83.1%) | loss: 0.841323 | trade:0.34 call:0.66 put:0.34 | ATM:0.59 OTM:0.41 | lr: 8.95e-05 | left: 40s
step 07700 ( 83.7%) | loss: 0.797923 | trade:0.30 call:0.62 put:0.38 | ATM:0.63 OTM:0.37 | lr: 8.52e-05 | left: 39s
step 07750 ( 84.3%) | loss: 0.860293 | trade:0.35 call:0.57 put:0.43 | ATM:0.63 OTM:0.37 | lr: 8.07e-05 | left: 38s
step 07800 ( 84.8%) | loss: 0.808266 | trade:0.33 call:0.62 put:0.38 | ATM:0.59 OTM:0.41 | lr: 7.63e-05 | left: 36s
step 07850 ( 85.4%) | loss: 0.806091 | trade:0.30 call:0.60 put:0.40 | ATM:0.69 OTM:0.31 | lr: 7.18e-05 | left: 35s
step 07900 ( 86.0%) | loss: 0.834103 | trade:0.36 call:0.61 put:0.39 | ATM:0.62 OTM:0.38 | lr: 6.73e-05 | left: 34s
step 07950 ( 86.5%) | loss: 0.813970 | trade:0.35 call:0.57 put:0.43 | ATM:0.57 OTM:0.43 | lr: 6.30e-05 | left: 32s
step 08000 ( 87.1%) | loss: 0.826475 | trade:0.36 call:0.61 put:0.39 | ATM:0.62 OTM:0.38 | lr: 5.88e-05 | left: 31s
step 08050 ( 87.6%) | loss: 0.783046 | trade:0.43 call:0.62 put:0.38 | ATM:0.56 OTM:0.44 | lr: 5.46e-05 | left: 30s
step 08100 ( 88.2%) | loss: 0.813487 | trade:0.33 call:0.59 put:0.41 | ATM:0.60 OTM:0.40 | lr: 5.05e-05 | left: 28s
step 08150 ( 88.7%) | loss: 0.780408 | trade:0.31 call:0.57 put:0.43 | ATM:0.67 OTM:0.33 | lr: 4.64e-05 | left: 27s
step 08200 ( 89.3%) | loss: 0.841522 | trade:0.31 call:0.55 put:0.45 | ATM:0.63 OTM:0.37 | lr: 4.23e-05 | left: 26s
step 08250 ( 89.9%) | loss: 0.784718 | trade:0.30 call:0.65 put:0.35 | ATM:0.66 OTM:0.34 | lr: 3.84e-05 | left: 24s
step 08300 ( 90.4%) | loss: 0.818344 | trade:0.39 call:0.60 put:0.40 | ATM:0.60 OTM:0.40 | lr: 3.46e-05 | left: 23s
step 08350 ( 91.0%) | loss: 0.815086 | trade:0.36 call:0.61 put:0.39 | ATM:0.69 OTM:0.31 | lr: 3.10e-05 | left: 22s
step 08400 ( 91.5%) | loss: 0.772165 | trade:0.35 call:0.57 put:0.43 | ATM:0.59 OTM:0.41 | lr: 2.76e-05 | left: 20s
step 08450 ( 92.1%) | loss: 0.804400 | trade:0.37 call:0.60 put:0.40 | ATM:0.61 OTM:0.39 | lr: 2.42e-05 | left: 19s
step 08500 ( 92.7%) | loss: 0.798729 | trade:0.34 call:0.59 put:0.41 | ATM:0.66 OTM:0.34 | lr: 2.10e-05 | left: 18s
step 08550 ( 93.2%) | loss: 0.789684 | trade:0.34 call:0.60 put:0.40 | ATM:0.62 OTM:0.38 | lr: 1.80e-05 | left: 16s
step 08600 ( 93.8%) | loss: 0.777213 | trade:0.36 call:0.62 put:0.38 | ATM:0.62 OTM:0.38 | lr: 1.53e-05 | left: 15s
step 08650 ( 94.3%) | loss: 0.807237 | trade:0.31 call:0.65 put:0.35 | ATM:0.67 OTM:0.33 | lr: 1.28e-05 | left: 14s
step 08700 ( 94.9%) | loss: 0.777497 | trade:0.43 call:0.60 put:0.40 | ATM:0.52 OTM:0.48 | lr: 1.04e-05 | left: 12s
step 08750 ( 95.4%) | loss: 0.791844 | trade:0.36 call:0.58 put:0.42 | ATM:0.58 OTM:0.42 | lr: 8.36e-06 | left: 11s
step 08800 ( 96.0%) | loss: 0.793001 | trade:0.33 call:0.60 put:0.40 | ATM:0.60 OTM:0.40 | lr: 6.47e-06 | left: 10s
step 08850 ( 96.5%) | loss: 0.770887 | trade:0.31 call:0.63 put:0.37 | ATM:0.59 OTM:0.41 | lr: 4.87e-06 | left: 8s
step 08900 ( 97.1%) | loss: 0.816095 | trade:0.35 call:0.56 put:0.44 | ATM:0.59 OTM:0.41 | lr: 3.46e-06 | left: 7s
step 08950 ( 97.6%) | loss: 0.791569 | trade:0.37 call:0.62 put:0.38 | ATM:0.58 OTM:0.42 | lr: 2.28e-06 | left: 6s
step 09000 ( 98.2%) | loss: 0.774883 | trade:0.31 call:0.64 put:0.36 | ATM:0.65 OTM:0.35 | lr: 1.34e-06 | left: 4s
step 09050 ( 98.7%) | loss: 0.786841 | trade:0.30 call:0.59 put:0.41 | ATM:0.68 OTM:0.32 | lr: 6.52e-07 | left: 3s
step 09100 ( 99.3%) | loss: 0.792808 | trade:0.37 call:0.63 put:0.37 | ATM:0.62 OTM:0.38 | lr: 2.08e-07 | left: 2s
step 09150 ( 99.8%) | loss: 0.783224 | trade:0.32 call:0.63 put:0.37 | ATM:0.66 OTM:0.34 | lr: 9.39e-09 | left: 0s

Training done at 244s. Starting evaluation...
Evaluation done in 7s (total wall: 251s)
Model saved to /root/best_model.pt
Trade log: 98 trades -> /root/trade_log.csv

---
score:              1.805035
profit_factor:      3.329791
win_rate:           0.367347
avg_winner:         1.219585
avg_loser:          -0.212670
trades_per_day:     1.462687
max_consec_loss:    7
num_trades:         98
trade_sharpe:       4.840724
sortino:            57.294260
max_drawdown:       -2.378358
calmar:             12.916272
ev_per_trade:       0.313464
do_nothing_pct:     0.575225
exit_pct:           0.013288
model_exit_count:   62
cooldown_blocked:   155
pre_10am_blocked:   724
short_hold_pct:     0.204000
stop_loss_rate:     0.367000
direction_collapse_pct: 0.500000
avg_entry_cost_bps: 495.455100
avg_entry_quality:  0.669500
cost_realism_coverage: 1.000000
high_cost_entry_rate: 0.632700
low_quality_entry_rate: 0.000000
actionable_bar_rate: 0.803300
risk_off_bar_rate:  0.000000
final_capital:      19755.86
equity_sharpe:      2.749000
max_equity_dd:      -0.325900
total_dollar_return:0.975600
val_sharpe:         -28.604875
total_return:       30.719521
num_val_bars:       4666
num_val_days:       67
worst_chunk_pf:     1.96
rr_ratio:           5.7346
avg_hold_bars:      11.26
model_exit_rate:    0.6327
hit_ruin:           False
min_equity_frac:    0.7359
avg_risk_fraction:  0.0792
max_risk_fraction:  0.3221
trades_blocked_by_balance: 0
  Chunk 1: 2025-02-18..2025-05-14 | 23 trades | PF=2.08 | WR=30.4%
  Chunk 2: 2025-05-28..2025-07-18 | 21 trades | PF=1.96 | WR=33.3%
  Chunk 3: 2025-08-01..2025-10-02 | 17 trades | PF=4.37 | WR=41.2%
  Chunk 4: 2025-10-09..2025-12-02 | 18 trades | PF=4.88 | WR=44.4%
  Chunk 5: 2025-12-04..2026-03-16 | 19 trades | PF=4.50 | WR=36.8%
training_seconds:   240.0
total_seconds:      253.5
peak_vram_mb:       366.9
num_steps:          9164
num_params:         146,265
lookback:           120
depth:              3
d_model:            64
effective_lr:       0.00015
gate_label_smoothing:0.050000
dir_label_smoothing:0.050000
false_entry_penalty:2.500000
feature_noise_std:  0.050000
early_val_consistency_weight:0.150000
/opt/conda/lib/python3.11/site-packages/torch/nn/modules/transformer.py:379: UserWarning: enable_nested_tensor is True, but self.use_nested_tensor is False because encoder_layer.norm_first was True
  warnings.warn(
