Loading data from: /root/.cache/autoresearch-trading/features/data.pt
Loaded 382920 1-min bars, 32 features, 8 actions
  ~981 trading days
Training:   up to idx 268019
Validation: idx 268020-382919
  Option P&L coverage: 296720/382920 (77%)
Parameters: 146,265
Architecture: v4 simplified two-head (gate+dir) + aggressive capital preservation
Training from scratch (v4: no warm-start).

Budget: 240s | Batch: 128 | Lookback: 120
LR: 0.00015 | Depth: 3 | d_model: 64 | ff_mult: 3
Dropout: 0.15 | Weight decay: 0.05
False entry penalty: 2.0x
Label smoothing: gate=0.05 dir=0.05

step 00000 (  0.0%) | loss: 3.079512 | trade:0.27 call:0.46 put:0.54 | ATM:0.25 OTM:0.75 | lr: 0.00e+00 | left: 240s
step 00050 (  0.2%) | loss: 3.192139 | trade:0.27 call:0.46 put:0.54 | ATM:0.26 OTM:0.74 | lr: 2.99e-06 | left: 240s
step 00100 (  0.4%) | loss: 3.157490 | trade:0.28 call:0.45 put:0.55 | ATM:0.26 OTM:0.74 | lr: 6.34e-06 | left: 239s
step 00150 (  0.7%) | loss: 3.137780 | trade:0.29 call:0.47 put:0.53 | ATM:0.26 OTM:0.74 | lr: 1.01e-05 | left: 238s
step 00200 (  0.9%) | loss: 3.108999 | trade:0.32 call:0.47 put:0.53 | ATM:0.27 OTM:0.73 | lr: 1.37e-05 | left: 238s
step 00250 (  1.2%) | loss: 3.039632 | trade:0.33 call:0.48 put:0.52 | ATM:0.27 OTM:0.73 | lr: 1.77e-05 | left: 237s
step 00300 (  1.4%) | loss: 2.995060 | trade:0.35 call:0.49 put:0.51 | ATM:0.28 OTM:0.72 | lr: 2.08e-05 | left: 237s
step 00350 (  1.6%) | loss: 2.986247 | trade:0.38 call:0.50 put:0.50 | ATM:0.30 OTM:0.70 | lr: 2.42e-05 | left: 236s
step 00400 (  1.8%) | loss: 2.916043 | trade:0.40 call:0.51 put:0.49 | ATM:0.30 OTM:0.70 | lr: 2.73e-05 | left: 236s
step 00450 (  2.0%) | loss: 2.877370 | trade:0.41 call:0.51 put:0.49 | ATM:0.32 OTM:0.68 | lr: 3.06e-05 | left: 235s
step 00500 (  2.3%) | loss: 2.877212 | trade:0.42 call:0.52 put:0.48 | ATM:0.33 OTM:0.67 | lr: 3.42e-05 | left: 235s
step 00550 (  2.5%) | loss: 2.860907 | trade:0.42 call:0.53 put:0.47 | ATM:0.34 OTM:0.66 | lr: 3.76e-05 | left: 234s
step 00600 (  2.7%) | loss: 2.836484 | trade:0.44 call:0.54 put:0.46 | ATM:0.35 OTM:0.65 | lr: 4.12e-05 | left: 233s
step 00650 (  3.0%) | loss: 2.804430 | trade:0.43 call:0.55 put:0.45 | ATM:0.36 OTM:0.64 | lr: 4.48e-05 | left: 233s
step 00700 (  3.2%) | loss: 2.759091 | trade:0.42 call:0.55 put:0.45 | ATM:0.36 OTM:0.64 | lr: 4.80e-05 | left: 232s
step 00750 (  3.4%) | loss: 2.734794 | trade:0.42 call:0.56 put:0.44 | ATM:0.38 OTM:0.62 | lr: 5.16e-05 | left: 232s
step 00800 (  3.7%) | loss: 2.696742 | trade:0.42 call:0.54 put:0.46 | ATM:0.37 OTM:0.63 | lr: 5.52e-05 | left: 231s
step 00850 (  4.0%) | loss: 2.671250 | trade:0.42 call:0.56 put:0.44 | ATM:0.38 OTM:0.62 | lr: 5.93e-05 | left: 230s
step 00900 (  4.3%) | loss: 2.627764 | trade:0.43 call:0.56 put:0.44 | ATM:0.37 OTM:0.63 | lr: 6.50e-05 | left: 230s
step 00950 (  4.5%) | loss: 2.589569 | trade:0.41 call:0.59 put:0.41 | ATM:0.38 OTM:0.62 | lr: 6.82e-05 | left: 229s
step 01000 (  4.8%) | loss: 2.529752 | trade:0.41 call:0.58 put:0.42 | ATM:0.38 OTM:0.62 | lr: 7.16e-05 | left: 229s
step 01050 (  5.0%) | loss: 2.466618 | trade:0.42 call:0.58 put:0.42 | ATM:0.39 OTM:0.61 | lr: 7.51e-05 | left: 228s
step 01100 (  5.2%) | loss: 2.424231 | trade:0.44 call:0.60 put:0.40 | ATM:0.40 OTM:0.60 | lr: 7.86e-05 | left: 227s
step 01150 (  5.5%) | loss: 2.363984 | trade:0.41 call:0.58 put:0.42 | ATM:0.39 OTM:0.61 | lr: 8.24e-05 | left: 227s
step 01200 (  5.7%) | loss: 2.326963 | trade:0.44 call:0.59 put:0.41 | ATM:0.38 OTM:0.62 | lr: 8.62e-05 | left: 226s
step 01250 (  6.1%) | loss: 2.234426 | trade:0.40 call:0.61 put:0.39 | ATM:0.41 OTM:0.59 | lr: 9.09e-05 | left: 225s
step 01300 (  6.4%) | loss: 2.178055 | trade:0.38 call:0.60 put:0.40 | ATM:0.39 OTM:0.61 | lr: 9.63e-05 | left: 225s
step 01350 (  6.7%) | loss: 2.097950 | trade:0.42 call:0.56 put:0.44 | ATM:0.40 OTM:0.60 | lr: 1.01e-04 | left: 224s
step 01400 (  7.0%) | loss: 2.034542 | trade:0.42 call:0.61 put:0.39 | ATM:0.43 OTM:0.57 | lr: 1.05e-04 | left: 223s
step 01450 (  7.2%) | loss: 2.003909 | trade:0.38 call:0.65 put:0.35 | ATM:0.42 OTM:0.58 | lr: 1.08e-04 | left: 223s
step 01500 (  7.4%) | loss: 1.936554 | trade:0.43 call:0.58 put:0.42 | ATM:0.43 OTM:0.57 | lr: 1.11e-04 | left: 222s
step 01550 (  7.6%) | loss: 1.856442 | trade:0.38 call:0.63 put:0.37 | ATM:0.41 OTM:0.59 | lr: 1.14e-04 | left: 222s
step 01600 (  7.9%) | loss: 1.806581 | trade:0.44 call:0.59 put:0.41 | ATM:0.39 OTM:0.61 | lr: 1.19e-04 | left: 221s
step 01650 (  8.5%) | loss: 1.761866 | trade:0.44 call:0.63 put:0.37 | ATM:0.44 OTM:0.56 | lr: 1.27e-04 | left: 220s
step 01700 (  9.0%) | loss: 1.692527 | trade:0.40 call:0.62 put:0.38 | ATM:0.43 OTM:0.57 | lr: 1.35e-04 | left: 218s
step 01750 (  9.5%) | loss: 1.602491 | trade:0.38 call:0.63 put:0.37 | ATM:0.47 OTM:0.53 | lr: 1.43e-04 | left: 217s
step 01800 ( 10.1%) | loss: 1.627160 | trade:0.38 call:0.58 put:0.42 | ATM:0.45 OTM:0.55 | lr: 1.50e-04 | left: 216s
step 01850 ( 10.6%) | loss: 1.556273 | trade:0.39 call:0.63 put:0.37 | ATM:0.47 OTM:0.53 | lr: 1.50e-04 | left: 215s
step 01900 ( 11.1%) | loss: 1.508748 | trade:0.40 call:0.62 put:0.38 | ATM:0.47 OTM:0.53 | lr: 1.50e-04 | left: 213s
step 01950 ( 11.7%) | loss: 1.499585 | trade:0.36 call:0.58 put:0.42 | ATM:0.44 OTM:0.56 | lr: 1.50e-04 | left: 212s
step 02000 ( 12.2%) | loss: 1.441383 | trade:0.34 call:0.66 put:0.34 | ATM:0.48 OTM:0.52 | lr: 1.50e-04 | left: 211s
step 02050 ( 12.7%) | loss: 1.478667 | trade:0.40 call:0.66 put:0.34 | ATM:0.47 OTM:0.53 | lr: 1.50e-04 | left: 209s
step 02100 ( 13.3%) | loss: 1.425786 | trade:0.38 call:0.63 put:0.37 | ATM:0.45 OTM:0.55 | lr: 1.50e-04 | left: 208s
step 02150 ( 13.8%) | loss: 1.424928 | trade:0.36 call:0.60 put:0.40 | ATM:0.46 OTM:0.54 | lr: 1.50e-04 | left: 207s
step 02200 ( 14.4%) | loss: 1.403989 | trade:0.40 call:0.63 put:0.37 | ATM:0.41 OTM:0.59 | lr: 1.50e-04 | left: 206s
step 02250 ( 14.9%) | loss: 1.376983 | trade:0.39 call:0.65 put:0.35 | ATM:0.53 OTM:0.47 | lr: 1.50e-04 | left: 204s
step 02300 ( 15.4%) | loss: 1.352218 | trade:0.38 call:0.60 put:0.40 | ATM:0.51 OTM:0.49 | lr: 1.50e-04 | left: 203s
step 02350 ( 16.0%) | loss: 1.340839 | trade:0.35 call:0.72 put:0.28 | ATM:0.53 OTM:0.47 | lr: 1.50e-04 | left: 202s
step 02400 ( 16.5%) | loss: 1.339131 | trade:0.34 call:0.71 put:0.29 | ATM:0.42 OTM:0.58 | lr: 1.50e-04 | left: 200s
step 02450 ( 17.0%) | loss: 1.352577 | trade:0.40 call:0.67 put:0.33 | ATM:0.46 OTM:0.54 | lr: 1.50e-04 | left: 199s
step 02500 ( 17.6%) | loss: 1.339597 | trade:0.40 call:0.58 put:0.42 | ATM:0.49 OTM:0.51 | lr: 1.50e-04 | left: 198s
step 02550 ( 18.1%) | loss: 1.324638 | trade:0.36 call:0.62 put:0.38 | ATM:0.50 OTM:0.50 | lr: 1.50e-04 | left: 197s
step 02600 ( 18.6%) | loss: 1.322984 | trade:0.34 call:0.56 put:0.44 | ATM:0.48 OTM:0.52 | lr: 1.50e-04 | left: 195s
step 02650 ( 19.2%) | loss: 1.300397 | trade:0.37 call:0.63 put:0.37 | ATM:0.52 OTM:0.48 | lr: 1.50e-04 | left: 194s
step 02700 ( 19.7%) | loss: 1.327162 | trade:0.34 call:0.63 put:0.37 | ATM:0.50 OTM:0.50 | lr: 1.50e-04 | left: 193s
step 02750 ( 20.2%) | loss: 1.316374 | trade:0.36 call:0.57 put:0.43 | ATM:0.50 OTM:0.50 | lr: 1.50e-04 | left: 191s
step 02800 ( 20.8%) | loss: 1.300338 | trade:0.38 call:0.61 put:0.39 | ATM:0.55 OTM:0.45 | lr: 1.50e-04 | left: 190s
step 02850 ( 21.3%) | loss: 1.245367 | trade:0.31 call:0.63 put:0.37 | ATM:0.57 OTM:0.43 | lr: 1.50e-04 | left: 189s
step 02900 ( 21.8%) | loss: 1.252449 | trade:0.40 call:0.63 put:0.37 | ATM:0.51 OTM:0.49 | lr: 1.50e-04 | left: 188s
step 02950 ( 22.4%) | loss: 1.267150 | trade:0.36 call:0.61 put:0.39 | ATM:0.54 OTM:0.46 | lr: 1.50e-04 | left: 186s
step 03000 ( 22.9%) | loss: 1.264974 | trade:0.38 call:0.58 put:0.42 | ATM:0.53 OTM:0.47 | lr: 1.50e-04 | left: 185s
step 03050 ( 23.5%) | loss: 1.231141 | trade:0.36 call:0.66 put:0.34 | ATM:0.55 OTM:0.45 | lr: 1.50e-04 | left: 184s
step 03100 ( 24.0%) | loss: 1.230962 | trade:0.39 call:0.67 put:0.33 | ATM:0.58 OTM:0.42 | lr: 1.50e-04 | left: 182s
step 03150 ( 24.5%) | loss: 1.224939 | trade:0.35 call:0.60 put:0.40 | ATM:0.50 OTM:0.50 | lr: 1.50e-04 | left: 181s
step 03200 ( 25.0%) | loss: 1.254691 | trade:0.36 call:0.63 put:0.37 | ATM:0.52 OTM:0.48 | lr: 1.50e-04 | left: 180s
step 03250 ( 25.6%) | loss: 1.248308 | trade:0.31 call:0.59 put:0.41 | ATM:0.58 OTM:0.42 | lr: 1.50e-04 | left: 179s
step 03300 ( 26.1%) | loss: 1.238416 | trade:0.37 call:0.65 put:0.35 | ATM:0.55 OTM:0.45 | lr: 1.50e-04 | left: 177s
step 03350 ( 26.7%) | loss: 1.229319 | trade:0.30 call:0.59 put:0.41 | ATM:0.58 OTM:0.42 | lr: 1.50e-04 | left: 176s
step 03400 ( 27.2%) | loss: 1.218908 | trade:0.37 call:0.60 put:0.40 | ATM:0.55 OTM:0.45 | lr: 1.50e-04 | left: 175s
step 03450 ( 27.7%) | loss: 1.187943 | trade:0.35 call:0.62 put:0.38 | ATM:0.49 OTM:0.51 | lr: 1.50e-04 | left: 173s
step 03500 ( 28.3%) | loss: 1.218355 | trade:0.33 call:0.62 put:0.38 | ATM:0.51 OTM:0.49 | lr: 1.50e-04 | left: 172s
step 03550 ( 28.8%) | loss: 1.212626 | trade:0.34 call:0.62 put:0.38 | ATM:0.56 OTM:0.44 | lr: 1.50e-04 | left: 171s
step 03600 ( 29.3%) | loss: 1.206115 | trade:0.33 call:0.60 put:0.40 | ATM:0.55 OTM:0.45 | lr: 1.50e-04 | left: 170s
step 03650 ( 29.9%) | loss: 1.204391 | trade:0.31 call:0.62 put:0.38 | ATM:0.56 OTM:0.44 | lr: 1.50e-04 | left: 168s
step 03700 ( 30.4%) | loss: 1.194590 | trade:0.34 call:0.65 put:0.35 | ATM:0.56 OTM:0.44 | lr: 1.50e-04 | left: 167s
step 03750 ( 30.9%) | loss: 1.246053 | trade:0.30 call:0.67 put:0.33 | ATM:0.63 OTM:0.37 | lr: 1.50e-04 | left: 166s
step 03800 ( 31.5%) | loss: 1.207996 | trade:0.39 call:0.57 put:0.43 | ATM:0.56 OTM:0.44 | lr: 1.50e-04 | left: 164s
step 03850 ( 32.0%) | loss: 1.185503 | trade:0.35 call:0.58 put:0.42 | ATM:0.55 OTM:0.45 | lr: 1.50e-04 | left: 163s
step 03900 ( 32.5%) | loss: 1.178101 | trade:0.40 call:0.56 put:0.44 | ATM:0.57 OTM:0.43 | lr: 1.50e-04 | left: 162s
step 03950 ( 33.1%) | loss: 1.153850 | trade:0.27 call:0.67 put:0.33 | ATM:0.60 OTM:0.40 | lr: 1.50e-04 | left: 161s
step 04000 ( 33.6%) | loss: 1.187960 | trade:0.35 call:0.64 put:0.36 | ATM:0.55 OTM:0.45 | lr: 1.50e-04 | left: 159s
step 04050 ( 34.2%) | loss: 1.180906 | trade:0.37 call:0.62 put:0.38 | ATM:0.56 OTM:0.44 | lr: 1.50e-04 | left: 158s
step 04100 ( 34.7%) | loss: 1.170068 | trade:0.31 call:0.64 put:0.36 | ATM:0.56 OTM:0.44 | lr: 1.50e-04 | left: 157s
step 04150 ( 35.2%) | loss: 1.136998 | trade:0.33 call:0.57 put:0.43 | ATM:0.64 OTM:0.36 | lr: 1.50e-04 | left: 155s
step 04200 ( 35.8%) | loss: 1.145510 | trade:0.31 call:0.61 put:0.39 | ATM:0.62 OTM:0.38 | lr: 1.50e-04 | left: 154s
step 04250 ( 36.3%) | loss: 1.158244 | trade:0.33 call:0.56 put:0.44 | ATM:0.59 OTM:0.41 | lr: 1.50e-04 | left: 153s
step 04300 ( 36.8%) | loss: 1.157434 | trade:0.40 call:0.60 put:0.40 | ATM:0.59 OTM:0.41 | lr: 1.50e-04 | left: 152s
step 04350 ( 37.4%) | loss: 1.144949 | trade:0.29 call:0.64 put:0.36 | ATM:0.62 OTM:0.38 | lr: 1.50e-04 | left: 150s
step 04400 ( 37.9%) | loss: 1.152932 | trade:0.33 call:0.63 put:0.37 | ATM:0.55 OTM:0.45 | lr: 1.50e-04 | left: 149s
step 04450 ( 38.4%) | loss: 1.132964 | trade:0.38 call:0.66 put:0.34 | ATM:0.61 OTM:0.39 | lr: 1.50e-04 | left: 148s
step 04500 ( 38.9%) | loss: 1.160803 | trade:0.36 call:0.59 put:0.41 | ATM:0.61 OTM:0.39 | lr: 1.50e-04 | left: 147s
step 04550 ( 39.5%) | loss: 1.138284 | trade:0.34 call:0.57 put:0.43 | ATM:0.56 OTM:0.44 | lr: 1.50e-04 | left: 145s
step 04600 ( 40.0%) | loss: 1.149914 | trade:0.35 call:0.62 put:0.38 | ATM:0.54 OTM:0.46 | lr: 1.50e-04 | left: 144s
step 04650 ( 40.5%) | loss: 1.123189 | trade:0.36 call:0.60 put:0.40 | ATM:0.56 OTM:0.44 | lr: 1.50e-04 | left: 143s
step 04700 ( 41.0%) | loss: 1.147131 | trade:0.39 call:0.64 put:0.36 | ATM:0.63 OTM:0.37 | lr: 1.50e-04 | left: 141s
step 04750 ( 41.6%) | loss: 1.158547 | trade:0.32 call:0.58 put:0.42 | ATM:0.62 OTM:0.38 | lr: 1.50e-04 | left: 140s
step 04800 ( 42.1%) | loss: 1.116888 | trade:0.40 call:0.59 put:0.41 | ATM:0.54 OTM:0.46 | lr: 1.50e-04 | left: 139s
step 04850 ( 42.7%) | loss: 1.123579 | trade:0.38 call:0.61 put:0.39 | ATM:0.59 OTM:0.41 | lr: 1.50e-04 | left: 138s
step 04900 ( 43.2%) | loss: 1.111149 | trade:0.30 call:0.61 put:0.39 | ATM:0.66 OTM:0.34 | lr: 1.50e-04 | left: 136s
step 04950 ( 43.7%) | loss: 1.150846 | trade:0.36 call:0.61 put:0.39 | ATM:0.60 OTM:0.40 | lr: 1.50e-04 | left: 135s
step 05000 ( 44.3%) | loss: 1.135810 | trade:0.36 call:0.57 put:0.43 | ATM:0.62 OTM:0.38 | lr: 1.50e-04 | left: 134s
step 05050 ( 44.8%) | loss: 1.119421 | trade:0.33 call:0.64 put:0.36 | ATM:0.53 OTM:0.47 | lr: 1.50e-04 | left: 132s
step 05100 ( 45.3%) | loss: 1.140954 | trade:0.33 call:0.60 put:0.40 | ATM:0.60 OTM:0.40 | lr: 1.50e-04 | left: 131s
step 05150 ( 45.9%) | loss: 1.117698 | trade:0.38 call:0.57 put:0.43 | ATM:0.62 OTM:0.38 | lr: 1.50e-04 | left: 130s
step 05200 ( 46.4%) | loss: 1.122660 | trade:0.31 call:0.62 put:0.38 | ATM:0.62 OTM:0.38 | lr: 1.50e-04 | left: 129s
step 05250 ( 46.9%) | loss: 1.114160 | trade:0.29 call:0.62 put:0.38 | ATM:0.65 OTM:0.35 | lr: 1.50e-04 | left: 127s
step 05300 ( 47.5%) | loss: 1.118538 | trade:0.30 call:0.67 put:0.33 | ATM:0.59 OTM:0.41 | lr: 1.50e-04 | left: 126s
step 05350 ( 48.0%) | loss: 1.129388 | trade:0.29 call:0.69 put:0.31 | ATM:0.66 OTM:0.34 | lr: 1.50e-04 | left: 125s
step 05400 ( 48.5%) | loss: 1.123102 | trade:0.39 call:0.55 put:0.45 | ATM:0.54 OTM:0.46 | lr: 1.50e-04 | left: 123s
step 05450 ( 49.1%) | loss: 1.093612 | trade:0.36 call:0.58 put:0.42 | ATM:0.59 OTM:0.41 | lr: 1.50e-04 | left: 122s
step 05500 ( 49.6%) | loss: 1.103762 | trade:0.33 call:0.56 put:0.44 | ATM:0.60 OTM:0.40 | lr: 1.50e-04 | left: 121s
step 05550 ( 50.2%) | loss: 1.115341 | trade:0.34 call:0.61 put:0.39 | ATM:0.67 OTM:0.33 | lr: 1.50e-04 | left: 120s
step 05600 ( 50.7%) | loss: 1.100200 | trade:0.35 call:0.66 put:0.34 | ATM:0.63 OTM:0.37 | lr: 1.50e-04 | left: 118s
step 05650 ( 51.2%) | loss: 1.096516 | trade:0.32 call:0.66 put:0.34 | ATM:0.67 OTM:0.33 | lr: 1.50e-04 | left: 117s
step 05700 ( 51.8%) | loss: 1.119589 | trade:0.40 call:0.63 put:0.37 | ATM:0.58 OTM:0.42 | lr: 1.50e-04 | left: 116s
step 05750 ( 52.3%) | loss: 1.080396 | trade:0.33 call:0.59 put:0.41 | ATM:0.59 OTM:0.41 | lr: 1.50e-04 | left: 114s
step 05800 ( 52.8%) | loss: 1.098600 | trade:0.34 call:0.66 put:0.34 | ATM:0.66 OTM:0.34 | lr: 1.50e-04 | left: 113s
step 05850 ( 53.4%) | loss: 1.095637 | trade:0.33 call:0.61 put:0.39 | ATM:0.60 OTM:0.40 | lr: 1.50e-04 | left: 112s
step 05900 ( 53.9%) | loss: 1.090884 | trade:0.36 call:0.62 put:0.38 | ATM:0.63 OTM:0.37 | lr: 1.50e-04 | left: 111s
step 05950 ( 54.5%) | loss: 1.069879 | trade:0.34 call:0.52 put:0.48 | ATM:0.64 OTM:0.36 | lr: 1.50e-04 | left: 109s
step 06000 ( 55.0%) | loss: 1.091424 | trade:0.36 call:0.63 put:0.37 | ATM:0.64 OTM:0.36 | lr: 1.50e-04 | left: 108s
step 06050 ( 55.5%) | loss: 1.117126 | trade:0.33 call:0.61 put:0.39 | ATM:0.63 OTM:0.37 | lr: 1.50e-04 | left: 107s
step 06100 ( 56.1%) | loss: 1.097506 | trade:0.30 call:0.58 put:0.42 | ATM:0.64 OTM:0.36 | lr: 1.50e-04 | left: 105s
step 06150 ( 56.6%) | loss: 1.095522 | trade:0.27 call:0.61 put:0.39 | ATM:0.62 OTM:0.38 | lr: 1.50e-04 | left: 104s
step 06200 ( 57.1%) | loss: 1.085580 | trade:0.34 call:0.56 put:0.44 | ATM:0.60 OTM:0.40 | lr: 1.50e-04 | left: 103s
step 06250 ( 57.7%) | loss: 1.072777 | trade:0.33 call:0.66 put:0.34 | ATM:0.66 OTM:0.34 | lr: 1.50e-04 | left: 102s
step 06300 ( 58.2%) | loss: 1.084683 | trade:0.35 call:0.59 put:0.41 | ATM:0.59 OTM:0.41 | lr: 1.50e-04 | left: 100s
step 06350 ( 58.7%) | loss: 1.081286 | trade:0.32 call:0.65 put:0.35 | ATM:0.66 OTM:0.34 | lr: 1.50e-04 | left: 99s
step 06400 ( 59.2%) | loss: 1.082459 | trade:0.34 call:0.60 put:0.40 | ATM:0.67 OTM:0.33 | lr: 1.50e-04 | left: 98s
step 06450 ( 59.8%) | loss: 1.061075 | trade:0.33 call:0.56 put:0.44 | ATM:0.59 OTM:0.41 | lr: 1.50e-04 | left: 96s
step 06500 ( 60.3%) | loss: 1.073150 | trade:0.31 call:0.56 put:0.44 | ATM:0.62 OTM:0.38 | lr: 1.50e-04 | left: 95s
step 06550 ( 60.8%) | loss: 1.078857 | trade:0.37 call:0.63 put:0.37 | ATM:0.56 OTM:0.44 | lr: 1.50e-04 | left: 94s
step 06600 ( 61.4%) | loss: 1.086172 | trade:0.38 call:0.63 put:0.37 | ATM:0.60 OTM:0.40 | lr: 1.50e-04 | left: 93s
step 06650 ( 61.9%) | loss: 1.077141 | trade:0.37 call:0.63 put:0.37 | ATM:0.65 OTM:0.35 | lr: 1.50e-04 | left: 91s
step 06700 ( 62.5%) | loss: 1.075207 | trade:0.35 call:0.67 put:0.33 | ATM:0.64 OTM:0.36 | lr: 1.50e-04 | left: 90s
step 06750 ( 63.0%) | loss: 1.076501 | trade:0.36 call:0.62 put:0.38 | ATM:0.59 OTM:0.41 | lr: 1.50e-04 | left: 89s
step 06800 ( 63.5%) | loss: 1.094369 | trade:0.33 call:0.55 put:0.45 | ATM:0.62 OTM:0.38 | lr: 1.50e-04 | left: 88s
step 06850 ( 64.0%) | loss: 1.066364 | trade:0.33 call:0.62 put:0.38 | ATM:0.66 OTM:0.34 | lr: 1.50e-04 | left: 86s
step 06900 ( 64.6%) | loss: 1.057639 | trade:0.35 call:0.58 put:0.42 | ATM:0.63 OTM:0.37 | lr: 1.50e-04 | left: 85s
step 06950 ( 65.1%) | loss: 1.056479 | trade:0.27 call:0.58 put:0.42 | ATM:0.70 OTM:0.30 | lr: 1.50e-04 | left: 84s
step 07000 ( 65.6%) | loss: 1.067266 | trade:0.34 call:0.58 put:0.42 | ATM:0.60 OTM:0.40 | lr: 1.50e-04 | left: 82s
step 07050 ( 66.2%) | loss: 1.067265 | trade:0.29 call:0.59 put:0.41 | ATM:0.66 OTM:0.34 | lr: 1.50e-04 | left: 81s
step 07100 ( 66.7%) | loss: 1.071552 | trade:0.30 call:0.60 put:0.40 | ATM:0.63 OTM:0.37 | lr: 1.50e-04 | left: 80s
step 07150 ( 67.2%) | loss: 1.054575 | trade:0.35 call:0.60 put:0.40 | ATM:0.60 OTM:0.40 | lr: 1.50e-04 | left: 79s
step 07200 ( 67.8%) | loss: 1.037992 | trade:0.32 call:0.57 put:0.43 | ATM:0.58 OTM:0.42 | lr: 1.50e-04 | left: 77s
step 07250 ( 68.3%) | loss: 1.052462 | trade:0.34 call:0.58 put:0.42 | ATM:0.60 OTM:0.40 | lr: 1.50e-04 | left: 76s
step 07300 ( 68.9%) | loss: 1.048278 | trade:0.39 call:0.60 put:0.40 | ATM:0.59 OTM:0.41 | lr: 1.50e-04 | left: 75s
step 07350 ( 69.4%) | loss: 1.035661 | trade:0.31 call:0.62 put:0.38 | ATM:0.64 OTM:0.36 | lr: 1.50e-04 | left: 73s
step 07400 ( 69.9%) | loss: 1.066518 | trade:0.31 call:0.61 put:0.39 | ATM:0.64 OTM:0.36 | lr: 1.50e-04 | left: 72s
step 07450 ( 70.5%) | loss: 1.072881 | trade:0.34 call:0.63 put:0.37 | ATM:0.67 OTM:0.33 | lr: 1.50e-04 | left: 71s
step 07500 ( 71.0%) | loss: 1.044676 | trade:0.32 call:0.58 put:0.42 | ATM:0.62 OTM:0.38 | lr: 1.50e-04 | left: 70s
step 07550 ( 71.5%) | loss: 1.047532 | trade:0.24 call:0.59 put:0.41 | ATM:0.69 OTM:0.31 | lr: 1.49e-04 | left: 68s
step 07600 ( 72.1%) | loss: 1.050470 | trade:0.32 call:0.57 put:0.43 | ATM:0.62 OTM:0.38 | lr: 1.48e-04 | left: 67s
step 07650 ( 72.6%) | loss: 1.061162 | trade:0.31 call:0.54 put:0.46 | ATM:0.59 OTM:0.41 | lr: 1.47e-04 | left: 66s
step 07700 ( 73.1%) | loss: 1.059519 | trade:0.33 call:0.64 put:0.36 | ATM:0.56 OTM:0.44 | lr: 1.46e-04 | left: 64s
step 07750 ( 73.7%) | loss: 1.049141 | trade:0.36 call:0.54 put:0.46 | ATM:0.64 OTM:0.36 | lr: 1.45e-04 | left: 63s
step 07800 ( 74.2%) | loss: 1.065320 | trade:0.32 call:0.55 put:0.45 | ATM:0.66 OTM:0.34 | lr: 1.43e-04 | left: 62s
step 07850 ( 74.7%) | loss: 1.064038 | trade:0.36 call:0.58 put:0.42 | ATM:0.65 OTM:0.35 | lr: 1.41e-04 | left: 61s
step 07900 ( 75.3%) | loss: 1.046431 | trade:0.35 call:0.64 put:0.36 | ATM:0.62 OTM:0.38 | lr: 1.39e-04 | left: 59s
step 07950 ( 75.8%) | loss: 1.032879 | trade:0.39 call:0.55 put:0.45 | ATM:0.56 OTM:0.44 | lr: 1.37e-04 | left: 58s
step 08000 ( 76.3%) | loss: 1.038508 | trade:0.33 call:0.52 put:0.48 | ATM:0.67 OTM:0.33 | lr: 1.34e-04 | left: 57s
step 08050 ( 76.9%) | loss: 1.059663 | trade:0.38 call:0.59 put:0.41 | ATM:0.62 OTM:0.38 | lr: 1.31e-04 | left: 55s
step 08100 ( 77.4%) | loss: 1.033549 | trade:0.32 call:0.59 put:0.41 | ATM:0.69 OTM:0.31 | lr: 1.28e-04 | left: 54s
step 08150 ( 78.0%) | loss: 1.050989 | trade:0.34 call:0.57 put:0.43 | ATM:0.62 OTM:0.38 | lr: 1.25e-04 | left: 53s
step 08200 ( 78.5%) | loss: 1.055322 | trade:0.36 call:0.60 put:0.40 | ATM:0.63 OTM:0.37 | lr: 1.22e-04 | left: 52s
step 08250 ( 79.0%) | loss: 1.040311 | trade:0.42 call:0.59 put:0.41 | ATM:0.55 OTM:0.45 | lr: 1.19e-04 | left: 50s
step 08300 ( 79.6%) | loss: 1.049569 | trade:0.27 call:0.61 put:0.39 | ATM:0.65 OTM:0.35 | lr: 1.15e-04 | left: 49s
step 08350 ( 80.1%) | loss: 1.060688 | trade:0.37 call:0.60 put:0.40 | ATM:0.63 OTM:0.37 | lr: 1.12e-04 | left: 48s
step 08400 ( 80.6%) | loss: 1.033925 | trade:0.34 call:0.59 put:0.41 | ATM:0.67 OTM:0.33 | lr: 1.08e-04 | left: 46s
step 08450 ( 81.2%) | loss: 1.044337 | trade:0.33 call:0.53 put:0.47 | ATM:0.62 OTM:0.38 | lr: 1.04e-04 | left: 45s
step 08500 ( 81.7%) | loss: 1.039847 | trade:0.36 call:0.56 put:0.44 | ATM:0.61 OTM:0.39 | lr: 1.00e-04 | left: 44s
step 08550 ( 82.2%) | loss: 1.010826 | trade:0.33 call:0.64 put:0.36 | ATM:0.67 OTM:0.33 | lr: 9.64e-05 | left: 43s
step 08600 ( 82.8%) | loss: 1.011909 | trade:0.32 call:0.57 put:0.43 | ATM:0.62 OTM:0.38 | lr: 9.23e-05 | left: 41s
step 08650 ( 83.3%) | loss: 1.007901 | trade:0.33 call:0.55 put:0.45 | ATM:0.60 OTM:0.40 | lr: 8.82e-05 | left: 40s
step 08700 ( 83.9%) | loss: 1.030997 | trade:0.36 call:0.54 put:0.46 | ATM:0.62 OTM:0.38 | lr: 8.40e-05 | left: 39s
step 08750 ( 84.4%) | loss: 1.046378 | trade:0.34 call:0.53 put:0.47 | ATM:0.63 OTM:0.37 | lr: 7.98e-05 | left: 37s
step 08800 ( 84.9%) | loss: 1.018376 | trade:0.36 call:0.60 put:0.40 | ATM:0.66 OTM:0.34 | lr: 7.55e-05 | left: 36s
step 08850 ( 85.5%) | loss: 1.013171 | trade:0.30 call:0.56 put:0.44 | ATM:0.71 OTM:0.29 | lr: 7.13e-05 | left: 35s
step 08900 ( 86.0%) | loss: 1.032561 | trade:0.32 call:0.63 put:0.37 | ATM:0.61 OTM:0.39 | lr: 6.71e-05 | left: 34s
step 08950 ( 86.5%) | loss: 1.033209 | trade:0.38 call:0.64 put:0.36 | ATM:0.60 OTM:0.40 | lr: 6.29e-05 | left: 32s
step 09000 ( 87.1%) | loss: 1.000842 | trade:0.30 call:0.63 put:0.37 | ATM:0.65 OTM:0.35 | lr: 5.88e-05 | left: 31s
step 09050 ( 87.6%) | loss: 1.035722 | trade:0.40 call:0.55 put:0.45 | ATM:0.58 OTM:0.42 | lr: 5.47e-05 | left: 30s
step 09100 ( 88.2%) | loss: 1.043129 | trade:0.34 call:0.59 put:0.41 | ATM:0.66 OTM:0.34 | lr: 5.06e-05 | left: 28s
step 09150 ( 88.7%) | loss: 1.008583 | trade:0.29 call:0.59 put:0.41 | ATM:0.70 OTM:0.30 | lr: 4.67e-05 | left: 27s
step 09200 ( 89.2%) | loss: 1.030310 | trade:0.32 call:0.58 put:0.42 | ATM:0.69 OTM:0.31 | lr: 4.28e-05 | left: 26s
step 09250 ( 89.8%) | loss: 0.994393 | trade:0.34 call:0.55 put:0.45 | ATM:0.71 OTM:0.29 | lr: 3.91e-05 | left: 25s
step 09300 ( 90.3%) | loss: 0.998117 | trade:0.31 call:0.61 put:0.39 | ATM:0.65 OTM:0.35 | lr: 3.55e-05 | left: 23s
step 09350 ( 90.6%) | loss: 1.008486 | trade:0.35 call:0.62 put:0.38 | ATM:0.69 OTM:0.31 | lr: 3.32e-05 | left: 22s
step 09400 ( 90.9%) | loss: 1.029398 | trade:0.32 call:0.64 put:0.36 | ATM:0.70 OTM:0.30 | lr: 3.19e-05 | left: 22s
step 09450 ( 91.1%) | loss: 1.000835 | trade:0.34 call:0.56 put:0.44 | ATM:0.65 OTM:0.35 | lr: 3.03e-05 | left: 21s
step 09500 ( 91.3%) | loss: 1.009899 | trade:0.36 call:0.58 put:0.42 | ATM:0.65 OTM:0.35 | lr: 2.89e-05 | left: 21s
step 09550 ( 91.5%) | loss: 0.987996 | trade:0.35 call:0.62 put:0.38 | ATM:0.64 OTM:0.36 | lr: 2.76e-05 | left: 20s
step 09600 ( 91.8%) | loss: 1.016529 | trade:0.34 call:0.57 put:0.43 | ATM:0.59 OTM:0.41 | lr: 2.62e-05 | left: 20s
step 09650 ( 92.0%) | loss: 1.012172 | trade:0.38 call:0.58 put:0.42 | ATM:0.64 OTM:0.36 | lr: 2.47e-05 | left: 19s
step 09700 ( 92.2%) | loss: 1.002131 | trade:0.35 call:0.58 put:0.42 | ATM:0.64 OTM:0.36 | lr: 2.34e-05 | left: 19s
step 09750 ( 92.5%) | loss: 1.005638 | trade:0.31 call:0.59 put:0.41 | ATM:0.71 OTM:0.29 | lr: 2.22e-05 | left: 18s
step 09800 ( 92.7%) | loss: 1.001152 | trade:0.31 call:0.62 put:0.38 | ATM:0.68 OTM:0.32 | lr: 2.11e-05 | left: 18s
step 09850 ( 92.9%) | loss: 1.008523 | trade:0.35 call:0.50 put:0.50 | ATM:0.62 OTM:0.38 | lr: 1.98e-05 | left: 17s
step 09900 ( 93.1%) | loss: 1.013287 | trade:0.29 call:0.59 put:0.41 | ATM:0.68 OTM:0.32 | lr: 1.87e-05 | left: 17s
step 09950 ( 93.3%) | loss: 1.001252 | trade:0.33 call:0.59 put:0.41 | ATM:0.69 OTM:0.31 | lr: 1.75e-05 | left: 16s
step 10000 ( 93.5%) | loss: 1.019236 | trade:0.36 call:0.54 put:0.46 | ATM:0.67 OTM:0.33 | lr: 1.65e-05 | left: 15s
step 10050 ( 93.8%) | loss: 1.004083 | trade:0.32 call:0.61 put:0.39 | ATM:0.62 OTM:0.38 | lr: 1.54e-05 | left: 15s
step 10100 ( 94.0%) | loss: 1.005305 | trade:0.33 call:0.54 put:0.46 | ATM:0.66 OTM:0.34 | lr: 1.43e-05 | left: 14s
step 10150 ( 94.2%) | loss: 1.006421 | trade:0.34 call:0.62 put:0.38 | ATM:0.66 OTM:0.34 | lr: 1.32e-05 | left: 14s
step 10200 ( 94.5%) | loss: 1.001243 | trade:0.35 call:0.61 put:0.39 | ATM:0.65 OTM:0.35 | lr: 1.23e-05 | left: 13s
step 10250 ( 94.7%) | loss: 0.980558 | trade:0.35 call:0.56 put:0.44 | ATM:0.63 OTM:0.37 | lr: 1.13e-05 | left: 13s
step 10300 ( 94.9%) | loss: 1.015104 | trade:0.29 call:0.58 put:0.42 | ATM:0.65 OTM:0.35 | lr: 1.03e-05 | left: 12s
step 10350 ( 95.2%) | loss: 0.998356 | trade:0.32 call:0.60 put:0.40 | ATM:0.66 OTM:0.34 | lr: 9.30e-06 | left: 12s
step 10400 ( 95.5%) | loss: 1.006291 | trade:0.33 call:0.62 put:0.38 | ATM:0.64 OTM:0.36 | lr: 8.11e-06 | left: 11s
step 10450 ( 96.0%) | loss: 0.983306 | trade:0.30 call:0.63 put:0.37 | ATM:0.71 OTM:0.29 | lr: 6.54e-06 | left: 10s
step 10500 ( 96.5%) | loss: 1.023970 | trade:0.30 call:0.63 put:0.37 | ATM:0.68 OTM:0.32 | lr: 4.91e-06 | left: 8s
step 10550 ( 97.1%) | loss: 1.004636 | trade:0.32 call:0.56 put:0.44 | ATM:0.58 OTM:0.42 | lr: 3.52e-06 | left: 7s
step 10600 ( 97.6%) | loss: 1.014344 | trade:0.30 call:0.61 put:0.39 | ATM:0.71 OTM:0.29 | lr: 2.35e-06 | left: 6s
step 10650 ( 98.1%) | loss: 1.013856 | trade:0.29 call:0.57 put:0.43 | ATM:0.67 OTM:0.33 | lr: 1.41e-06 | left: 4s
step 10700 ( 98.7%) | loss: 1.018973 | trade:0.37 call:0.61 put:0.39 | ATM:0.63 OTM:0.37 | lr: 7.13e-07 | left: 3s
step 10750 ( 98.9%) | loss: 1.006780 | trade:0.32 call:0.53 put:0.47 | ATM:0.63 OTM:0.37 | lr: 4.63e-07 | left: 3s
step 10800 ( 99.2%) | loss: 1.015424 | trade:0.36 call:0.60 put:0.40 | ATM:0.61 OTM:0.39 | lr: 2.32e-07 | left: 2s
step 10850 ( 99.5%) | loss: 0.997236 | trade:0.39 call:0.55 put:0.45 | ATM:0.62 OTM:0.38 | lr: 1.16e-07 | left: 1s
step 10900 ( 99.7%) | loss: 0.990045 | trade:0.35 call:0.58 put:0.42 | ATM:0.67 OTM:0.33 | lr: 3.77e-08 | left: 1s

Training done at 245s. Starting evaluation...
Evaluation done in 7s (total wall: 252s)
Model saved to /root/best_model.pt
Trade log: 87 trades -> /root/trade_log.csv

---
score:              0.737559
profit_factor:      2.305795
win_rate:           0.413793
avg_winner:         0.774551
avg_loser:          -0.237116
trades_per_day:     1.338462
max_consec_loss:    5
num_trades:         87
trade_sharpe:       3.531794
sortino:            34.068803
max_drawdown:       -3.088111
calmar:             5.113449
ev_per_trade:       0.181505
do_nothing_pct:     0.601570
exit_pct:           0.013004
model_exit_count:   58
cooldown_blocked:   129
pre_10am_blocked:   559
short_hold_pct:     0.149000
stop_loss_rate:     0.333000
direction_collapse_pct: 0.367800
avg_entry_cost_bps: 401.028900
avg_entry_quality:  0.720800
cost_realism_coverage: 1.011500
high_cost_entry_rate: 0.517200
low_quality_entry_rate: 0.000000
actionable_bar_rate: 0.829100
risk_off_bar_rate:  0.000000
final_capital:      9994.92
equity_sharpe:      0.468900
max_equity_dd:      -0.400400
total_dollar_return:-0.000500
val_sharpe:         7.197795
total_return:       15.790897
num_val_bars:       4460
num_val_days:       65
worst_chunk_pf:     0.41
rr_ratio:           3.2665
avg_hold_bars:      12.51
model_exit_rate:    0.6667
hit_ruin:           False
min_equity_frac:    0.7002
avg_risk_fraction:  0.0969
max_risk_fraction:  0.3868
trades_blocked_by_balance: 0
training_seconds:   240.0
total_seconds:      254.1
peak_vram_mb:       357.0
num_steps:          10946
num_params:         146,265
lookback:           120
depth:              3
d_model:            64
effective_lr:       0.00015
gate_label_smoothing:0.050000
dir_label_smoothing:0.050000
false_entry_penalty:2.000000
/opt/conda/lib/python3.11/site-packages/torch/nn/modules/transformer.py:379: UserWarning: enable_nested_tensor is True, but self.use_nested_tensor is False because encoder_layer.norm_first was True
  warnings.warn(
