Loading data from: /root/.cache/autoresearch-trading/features/data.pt
Loaded 382920 1-min bars, 32 features, 8 actions
  ~981 trading days
Training:   up to idx 268019
Validation: idx 268020-382919
  Option P&L coverage: 296720/382920 (77%)
Parameters: 146,298
Architecture: v4 simplified two-head (gate+dir) + balanced strike gating with adaptive position state injection
Training from scratch (v4: no warm-start).

Budget: 240s | Batch: 128 | Lookback: 120
LR: 0.00015 | Depth: 3 | d_model: 64 | ff_mult: 3
Dropout: 0.15 | Weight decay: 0.05
False entry penalty: 2.0x
Label smoothing: gate=0.05 dir=0.05
Loss weights: gate=1.0, dir=1.0, pnl=0.3, exit=0.5
Score tuning: R:R bonus=0.3, hold bonus=0.25, freq center=2.5, drawdown penalty=0.05

step 00000 (  0.0%) | loss: 2.679554 | trade:0.28 call:0.44 put:0.56 | ATM:0.22 OTM:0.78 | lr: 0.00e+00 | left: 240s
step 00050 (  0.4%) | loss: 2.777038 | trade:0.27 call:0.44 put:0.56 | ATM:0.22 OTM:0.78 | lr: 5.70e-06 | left: 239s
step 00100 (  0.9%) | loss: 2.751384 | trade:0.30 call:0.44 put:0.56 | ATM:0.23 OTM:0.77 | lr: 1.40e-05 | left: 238s
step 00150 (  1.5%) | loss: 2.678850 | trade:0.30 call:0.44 put:0.56 | ATM:0.25 OTM:0.75 | lr: 2.20e-05 | left: 236s
step 00200 (  2.0%) | loss: 2.613213 | trade:0.32 call:0.46 put:0.54 | ATM:0.28 OTM:0.72 | lr: 3.02e-05 | left: 235s
step 00250 (  2.6%) | loss: 2.533994 | trade:0.34 call:0.49 put:0.51 | ATM:0.34 OTM:0.66 | lr: 3.85e-05 | left: 234s
step 00300 (  3.1%) | loss: 2.463169 | trade:0.33 call:0.50 put:0.50 | ATM:0.37 OTM:0.63 | lr: 4.70e-05 | left: 232s
step 00350 (  3.7%) | loss: 2.412997 | trade:0.34 call:0.51 put:0.49 | ATM:0.38 OTM:0.62 | lr: 5.55e-05 | left: 231s
step 00400 (  4.2%) | loss: 2.351217 | trade:0.34 call:0.51 put:0.49 | ATM:0.39 OTM:0.61 | lr: 6.30e-05 | left: 230s
step 00450 (  4.8%) | loss: 2.307083 | trade:0.33 call:0.51 put:0.49 | ATM:0.38 OTM:0.62 | lr: 7.13e-05 | left: 229s
step 00500 (  5.3%) | loss: 2.262290 | trade:0.34 call:0.52 put:0.48 | ATM:0.40 OTM:0.60 | lr: 7.95e-05 | left: 227s
step 00550 (  5.8%) | loss: 2.215517 | trade:0.36 call:0.53 put:0.47 | ATM:0.40 OTM:0.60 | lr: 8.77e-05 | left: 226s
step 00600 (  6.4%) | loss: 2.133071 | trade:0.35 call:0.52 put:0.48 | ATM:0.41 OTM:0.59 | lr: 9.60e-05 | left: 225s
step 00650 (  6.9%) | loss: 2.098964 | trade:0.36 call:0.53 put:0.47 | ATM:0.40 OTM:0.60 | lr: 1.04e-04 | left: 223s
step 00700 (  7.5%) | loss: 2.003309 | trade:0.35 call:0.52 put:0.48 | ATM:0.39 OTM:0.61 | lr: 1.12e-04 | left: 222s
step 00750 (  8.0%) | loss: 1.899550 | trade:0.36 call:0.56 put:0.44 | ATM:0.50 OTM:0.50 | lr: 1.21e-04 | left: 221s
step 00800 (  8.6%) | loss: 1.844522 | trade:0.36 call:0.48 put:0.52 | ATM:0.45 OTM:0.55 | lr: 1.29e-04 | left: 219s
step 00850 (  9.1%) | loss: 1.719183 | trade:0.39 call:0.55 put:0.45 | ATM:0.44 OTM:0.56 | lr: 1.37e-04 | left: 218s
step 00900 (  9.7%) | loss: 1.627626 | trade:0.39 call:0.51 put:0.49 | ATM:0.39 OTM:0.61 | lr: 1.45e-04 | left: 217s
step 00950 ( 10.2%) | loss: 1.499196 | trade:0.36 call:0.55 put:0.45 | ATM:0.43 OTM:0.57 | lr: 1.50e-04 | left: 215s
step 01000 ( 10.8%) | loss: 1.421382 | trade:0.42 call:0.53 put:0.47 | ATM:0.44 OTM:0.56 | lr: 1.50e-04 | left: 214s
step 01050 ( 11.3%) | loss: 1.279199 | trade:0.42 call:0.56 put:0.44 | ATM:0.46 OTM:0.54 | lr: 1.50e-04 | left: 213s
step 01100 ( 11.9%) | loss: 1.206632 | trade:0.42 call:0.55 put:0.45 | ATM:0.46 OTM:0.54 | lr: 1.50e-04 | left: 212s
step 01150 ( 12.4%) | loss: 1.104489 | trade:0.43 call:0.53 put:0.47 | ATM:0.44 OTM:0.56 | lr: 1.50e-04 | left: 210s
step 01200 ( 13.0%) | loss: 1.068479 | trade:0.42 call:0.58 put:0.42 | ATM:0.42 OTM:0.58 | lr: 1.50e-04 | left: 209s
step 01250 ( 13.5%) | loss: 1.005877 | trade:0.42 call:0.53 put:0.47 | ATM:0.49 OTM:0.51 | lr: 1.50e-04 | left: 208s
step 01300 ( 14.0%) | loss: 0.992292 | trade:0.40 call:0.57 put:0.43 | ATM:0.46 OTM:0.54 | lr: 1.50e-04 | left: 206s
step 01350 ( 14.6%) | loss: 0.876203 | trade:0.39 call:0.49 put:0.51 | ATM:0.52 OTM:0.48 | lr: 1.50e-04 | left: 205s
step 01400 ( 15.1%) | loss: 0.889688 | trade:0.40 call:0.51 put:0.49 | ATM:0.51 OTM:0.49 | lr: 1.50e-04 | left: 204s
step 01450 ( 15.7%) | loss: 0.871794 | trade:0.37 call:0.65 put:0.35 | ATM:0.52 OTM:0.48 | lr: 1.50e-04 | left: 202s
step 01500 ( 16.2%) | loss: 0.870804 | trade:0.45 call:0.54 put:0.46 | ATM:0.45 OTM:0.55 | lr: 1.50e-04 | left: 201s
step 01550 ( 16.8%) | loss: 0.846156 | trade:0.40 call:0.56 put:0.44 | ATM:0.48 OTM:0.52 | lr: 1.50e-04 | left: 200s
step 01600 ( 17.3%) | loss: 0.779322 | trade:0.43 call:0.57 put:0.43 | ATM:0.51 OTM:0.49 | lr: 1.50e-04 | left: 198s
step 01650 ( 17.9%) | loss: 0.797950 | trade:0.38 call:0.57 put:0.43 | ATM:0.52 OTM:0.48 | lr: 1.50e-04 | left: 197s
step 01700 ( 18.4%) | loss: 0.771912 | trade:0.42 call:0.55 put:0.45 | ATM:0.50 OTM:0.50 | lr: 1.50e-04 | left: 196s
step 01750 ( 19.0%) | loss: 0.769598 | trade:0.43 call:0.55 put:0.45 | ATM:0.46 OTM:0.54 | lr: 1.50e-04 | left: 194s
step 01800 ( 19.5%) | loss: 0.757418 | trade:0.40 call:0.51 put:0.49 | ATM:0.56 OTM:0.44 | lr: 1.50e-04 | left: 193s
step 01850 ( 20.0%) | loss: 0.697996 | trade:0.46 call:0.59 put:0.41 | ATM:0.47 OTM:0.53 | lr: 1.50e-04 | left: 192s
step 01900 ( 20.6%) | loss: 0.723631 | trade:0.43 call:0.52 put:0.48 | ATM:0.54 OTM:0.46 | lr: 1.50e-04 | left: 191s
step 01950 ( 21.1%) | loss: 0.726786 | trade:0.37 call:0.51 put:0.49 | ATM:0.55 OTM:0.45 | lr: 1.50e-04 | left: 189s
step 02000 ( 21.7%) | loss: 0.658544 | trade:0.39 call:0.58 put:0.42 | ATM:0.50 OTM:0.50 | lr: 1.50e-04 | left: 188s
step 02050 ( 22.2%) | loss: 0.717195 | trade:0.38 call:0.59 put:0.41 | ATM:0.54 OTM:0.46 | lr: 1.50e-04 | left: 187s
step 02100 ( 22.8%) | loss: 0.702588 | trade:0.38 call:0.56 put:0.44 | ATM:0.55 OTM:0.45 | lr: 1.50e-04 | left: 185s
step 02150 ( 23.3%) | loss: 0.695772 | trade:0.42 call:0.57 put:0.43 | ATM:0.54 OTM:0.46 | lr: 1.50e-04 | left: 184s
step 02200 ( 23.9%) | loss: 0.695792 | trade:0.48 call:0.52 put:0.48 | ATM:0.46 OTM:0.54 | lr: 1.50e-04 | left: 183s
step 02250 ( 24.4%) | loss: 0.676327 | trade:0.38 call:0.62 put:0.38 | ATM:0.54 OTM:0.46 | lr: 1.50e-04 | left: 181s
step 02300 ( 25.0%) | loss: 0.647471 | trade:0.44 call:0.48 put:0.52 | ATM:0.53 OTM:0.47 | lr: 1.50e-04 | left: 180s
step 02350 ( 25.5%) | loss: 0.664650 | trade:0.40 call:0.62 put:0.38 | ATM:0.56 OTM:0.44 | lr: 1.50e-04 | left: 179s
step 02400 ( 26.1%) | loss: 0.689969 | trade:0.39 call:0.57 put:0.43 | ATM:0.51 OTM:0.49 | lr: 1.50e-04 | left: 177s
step 02450 ( 26.6%) | loss: 0.647886 | trade:0.43 call:0.63 put:0.37 | ATM:0.51 OTM:0.49 | lr: 1.50e-04 | left: 176s
step 02500 ( 27.2%) | loss: 0.643897 | trade:0.45 call:0.52 put:0.48 | ATM:0.49 OTM:0.51 | lr: 1.50e-04 | left: 175s
step 02550 ( 27.7%) | loss: 0.632289 | trade:0.41 call:0.51 put:0.49 | ATM:0.58 OTM:0.42 | lr: 1.50e-04 | left: 174s
step 02600 ( 28.2%) | loss: 0.665383 | trade:0.41 call:0.51 put:0.49 | ATM:0.56 OTM:0.44 | lr: 1.50e-04 | left: 172s
step 02650 ( 28.8%) | loss: 0.652185 | trade:0.43 call:0.59 put:0.41 | ATM:0.56 OTM:0.44 | lr: 1.50e-04 | left: 171s
step 02700 ( 29.3%) | loss: 0.661665 | trade:0.39 call:0.59 put:0.41 | ATM:0.60 OTM:0.40 | lr: 1.50e-04 | left: 170s
step 02750 ( 29.9%) | loss: 0.654823 | trade:0.42 call:0.52 put:0.48 | ATM:0.47 OTM:0.53 | lr: 1.50e-04 | left: 168s
step 02800 ( 30.4%) | loss: 0.640648 | trade:0.43 call:0.58 put:0.42 | ATM:0.57 OTM:0.43 | lr: 1.50e-04 | left: 167s
step 02850 ( 31.0%) | loss: 0.648962 | trade:0.40 call:0.61 put:0.39 | ATM:0.62 OTM:0.38 | lr: 1.50e-04 | left: 166s
step 02900 ( 31.5%) | loss: 0.604008 | trade:0.46 call:0.59 put:0.41 | ATM:0.50 OTM:0.50 | lr: 1.50e-04 | left: 164s
step 02950 ( 32.1%) | loss: 0.632479 | trade:0.41 call:0.57 put:0.43 | ATM:0.54 OTM:0.46 | lr: 1.50e-04 | left: 163s
step 03000 ( 32.6%) | loss: 0.601251 | trade:0.45 call:0.54 put:0.46 | ATM:0.49 OTM:0.51 | lr: 1.50e-04 | left: 162s
step 03050 ( 33.2%) | loss: 0.659124 | trade:0.43 call:0.55 put:0.45 | ATM:0.54 OTM:0.46 | lr: 1.50e-04 | left: 160s
step 03100 ( 33.7%) | loss: 0.598646 | trade:0.49 call:0.59 put:0.41 | ATM:0.53 OTM:0.47 | lr: 1.50e-04 | left: 159s
step 03150 ( 34.2%) | loss: 0.619165 | trade:0.42 call:0.57 put:0.43 | ATM:0.53 OTM:0.47 | lr: 1.50e-04 | left: 158s
step 03200 ( 34.8%) | loss: 0.627131 | trade:0.42 call:0.55 put:0.45 | ATM:0.52 OTM:0.48 | lr: 1.50e-04 | left: 156s
step 03250 ( 35.3%) | loss: 0.604686 | trade:0.38 call:0.54 put:0.46 | ATM:0.55 OTM:0.45 | lr: 1.50e-04 | left: 155s
step 03300 ( 35.9%) | loss: 0.613662 | trade:0.43 call:0.58 put:0.42 | ATM:0.55 OTM:0.45 | lr: 1.50e-04 | left: 154s
step 03350 ( 36.4%) | loss: 0.622635 | trade:0.43 call:0.57 put:0.43 | ATM:0.49 OTM:0.51 | lr: 1.50e-04 | left: 153s
step 03400 ( 37.0%) | loss: 0.635398 | trade:0.44 call:0.58 put:0.42 | ATM:0.56 OTM:0.44 | lr: 1.50e-04 | left: 151s
step 03450 ( 37.5%) | loss: 0.602452 | trade:0.43 call:0.57 put:0.43 | ATM:0.50 OTM:0.50 | lr: 1.50e-04 | left: 150s
step 03500 ( 38.1%) | loss: 0.623513 | trade:0.43 call:0.52 put:0.48 | ATM:0.52 OTM:0.48 | lr: 1.50e-04 | left: 149s
step 03550 ( 38.6%) | loss: 0.606682 | trade:0.39 call:0.55 put:0.45 | ATM:0.53 OTM:0.47 | lr: 1.50e-04 | left: 147s
step 03600 ( 39.2%) | loss: 0.614265 | trade:0.47 call:0.56 put:0.44 | ATM:0.49 OTM:0.51 | lr: 1.50e-04 | left: 146s
step 03650 ( 39.7%) | loss: 0.599897 | trade:0.43 call:0.54 put:0.46 | ATM:0.52 OTM:0.48 | lr: 1.50e-04 | left: 145s
step 03700 ( 40.3%) | loss: 0.622065 | trade:0.42 call:0.61 put:0.39 | ATM:0.51 OTM:0.49 | lr: 1.50e-04 | left: 143s
step 03750 ( 40.8%) | loss: 0.633432 | trade:0.33 call:0.67 put:0.33 | ATM:0.63 OTM:0.37 | lr: 1.50e-04 | left: 142s
step 03800 ( 41.4%) | loss: 0.601569 | trade:0.44 call:0.48 put:0.52 | ATM:0.54 OTM:0.46 | lr: 1.50e-04 | left: 141s
step 03850 ( 41.9%) | loss: 0.598387 | trade:0.45 call:0.56 put:0.44 | ATM:0.48 OTM:0.52 | lr: 1.50e-04 | left: 139s
step 03900 ( 42.5%) | loss: 0.597189 | trade:0.46 call:0.54 put:0.46 | ATM:0.49 OTM:0.51 | lr: 1.50e-04 | left: 138s
step 03950 ( 43.0%) | loss: 0.605318 | trade:0.38 call:0.55 put:0.45 | ATM:0.54 OTM:0.46 | lr: 1.50e-04 | left: 137s
step 04000 ( 43.6%) | loss: 0.603062 | trade:0.45 call:0.59 put:0.41 | ATM:0.49 OTM:0.51 | lr: 1.50e-04 | left: 135s
step 04050 ( 44.1%) | loss: 0.612952 | trade:0.40 call:0.54 put:0.46 | ATM:0.56 OTM:0.44 | lr: 1.50e-04 | left: 134s
step 04100 ( 44.6%) | loss: 0.607693 | trade:0.39 call:0.57 put:0.43 | ATM:0.51 OTM:0.49 | lr: 1.50e-04 | left: 133s
step 04150 ( 45.2%) | loss: 0.587404 | trade:0.43 call:0.58 put:0.42 | ATM:0.58 OTM:0.42 | lr: 1.50e-04 | left: 131s
step 04200 ( 45.7%) | loss: 0.589176 | trade:0.38 call:0.59 put:0.41 | ATM:0.52 OTM:0.48 | lr: 1.50e-04 | left: 130s
step 04250 ( 46.3%) | loss: 0.587851 | trade:0.43 call:0.57 put:0.43 | ATM:0.51 OTM:0.49 | lr: 1.50e-04 | left: 129s
step 04300 ( 46.8%) | loss: 0.608447 | trade:0.44 call:0.59 put:0.41 | ATM:0.52 OTM:0.48 | lr: 1.50e-04 | left: 128s
step 04350 ( 47.4%) | loss: 0.605012 | trade:0.44 call:0.56 put:0.44 | ATM:0.57 OTM:0.43 | lr: 1.50e-04 | left: 126s
step 04400 ( 47.9%) | loss: 0.604959 | trade:0.39 call:0.60 put:0.40 | ATM:0.52 OTM:0.48 | lr: 1.50e-04 | left: 125s
step 04450 ( 48.5%) | loss: 0.578958 | trade:0.43 call:0.57 put:0.43 | ATM:0.55 OTM:0.45 | lr: 1.50e-04 | left: 124s
step 04500 ( 49.0%) | loss: 0.603505 | trade:0.44 call:0.59 put:0.41 | ATM:0.53 OTM:0.47 | lr: 1.50e-04 | left: 122s
step 04550 ( 49.6%) | loss: 0.577037 | trade:0.39 call:0.53 put:0.47 | ATM:0.54 OTM:0.46 | lr: 1.50e-04 | left: 121s
step 04600 ( 50.1%) | loss: 0.567303 | trade:0.43 call:0.57 put:0.43 | ATM:0.51 OTM:0.49 | lr: 1.50e-04 | left: 120s
step 04650 ( 50.7%) | loss: 0.602446 | trade:0.45 call:0.53 put:0.47 | ATM:0.49 OTM:0.51 | lr: 1.50e-04 | left: 118s
step 04700 ( 51.2%) | loss: 0.612031 | trade:0.47 call:0.54 put:0.46 | ATM:0.53 OTM:0.47 | lr: 1.50e-04 | left: 117s
step 04750 ( 51.7%) | loss: 0.566664 | trade:0.42 call:0.52 put:0.48 | ATM:0.54 OTM:0.46 | lr: 1.50e-04 | left: 116s
step 04800 ( 52.3%) | loss: 0.592896 | trade:0.47 call:0.55 put:0.45 | ATM:0.49 OTM:0.51 | lr: 1.50e-04 | left: 114s
step 04850 ( 52.8%) | loss: 0.570295 | trade:0.43 call:0.56 put:0.44 | ATM:0.54 OTM:0.46 | lr: 1.50e-04 | left: 113s
step 04900 ( 53.3%) | loss: 0.611851 | trade:0.42 call:0.60 put:0.40 | ATM:0.52 OTM:0.48 | lr: 1.50e-04 | left: 112s
step 04950 ( 53.8%) | loss: 0.588055 | trade:0.39 call:0.53 put:0.47 | ATM:0.55 OTM:0.45 | lr: 1.50e-04 | left: 111s
step 05000 ( 54.4%) | loss: 0.605848 | trade:0.40 call:0.59 put:0.41 | ATM:0.57 OTM:0.43 | lr: 1.50e-04 | left: 110s
step 05050 ( 54.9%) | loss: 0.574442 | trade:0.41 call:0.58 put:0.42 | ATM:0.49 OTM:0.51 | lr: 1.50e-04 | left: 108s
step 05100 ( 55.5%) | loss: 0.608817 | trade:0.37 call:0.61 put:0.39 | ATM:0.62 OTM:0.38 | lr: 1.50e-04 | left: 107s
step 05150 ( 56.0%) | loss: 0.570994 | trade:0.44 call:0.57 put:0.43 | ATM:0.56 OTM:0.44 | lr: 1.50e-04 | left: 106s
step 05200 ( 56.5%) | loss: 0.582332 | trade:0.42 call:0.58 put:0.42 | ATM:0.57 OTM:0.43 | lr: 1.50e-04 | left: 104s
step 05250 ( 57.1%) | loss: 0.565400 | trade:0.41 call:0.59 put:0.41 | ATM:0.56 OTM:0.44 | lr: 1.50e-04 | left: 103s
step 05300 ( 57.6%) | loss: 0.586594 | trade:0.40 call:0.57 put:0.43 | ATM:0.53 OTM:0.47 | lr: 1.50e-04 | left: 102s
step 05350 ( 58.2%) | loss: 0.584905 | trade:0.40 call:0.57 put:0.43 | ATM:0.53 OTM:0.47 | lr: 1.50e-04 | left: 100s
step 05400 ( 58.7%) | loss: 0.591548 | trade:0.45 call:0.55 put:0.45 | ATM:0.42 OTM:0.58 | lr: 1.50e-04 | left: 99s
step 05450 ( 59.3%) | loss: 0.561724 | trade:0.43 call:0.50 put:0.50 | ATM:0.51 OTM:0.49 | lr: 1.50e-04 | left: 98s
step 05500 ( 59.8%) | loss: 0.542264 | trade:0.43 call:0.53 put:0.47 | ATM:0.49 OTM:0.51 | lr: 1.50e-04 | left: 96s
step 05550 ( 60.4%) | loss: 0.591139 | trade:0.45 call:0.53 put:0.47 | ATM:0.61 OTM:0.39 | lr: 1.50e-04 | left: 95s
step 05600 ( 60.9%) | loss: 0.560869 | trade:0.43 call:0.63 put:0.37 | ATM:0.59 OTM:0.41 | lr: 1.50e-04 | left: 94s
step 05650 ( 61.5%) | loss: 0.566987 | trade:0.38 call:0.60 put:0.40 | ATM:0.63 OTM:0.37 | lr: 1.50e-04 | left: 92s
step 05700 ( 62.0%) | loss: 0.589811 | trade:0.46 call:0.62 put:0.38 | ATM:0.50 OTM:0.50 | lr: 1.50e-04 | left: 91s
step 05750 ( 62.6%) | loss: 0.554532 | trade:0.43 call:0.57 put:0.43 | ATM:0.50 OTM:0.50 | lr: 1.50e-04 | left: 90s
step 05800 ( 63.1%) | loss: 0.588647 | trade:0.42 call:0.63 put:0.37 | ATM:0.54 OTM:0.46 | lr: 1.50e-04 | left: 88s
step 05850 ( 63.7%) | loss: 0.562150 | trade:0.43 call:0.60 put:0.40 | ATM:0.52 OTM:0.48 | lr: 1.50e-04 | left: 87s
step 05900 ( 64.2%) | loss: 0.574922 | trade:0.45 call:0.56 put:0.44 | ATM:0.53 OTM:0.47 | lr: 1.50e-04 | left: 86s
step 05950 ( 64.8%) | loss: 0.574416 | trade:0.38 call:0.51 put:0.49 | ATM:0.54 OTM:0.46 | lr: 1.50e-04 | left: 85s
step 06000 ( 65.3%) | loss: 0.551416 | trade:0.41 call:0.57 put:0.43 | ATM:0.55 OTM:0.45 | lr: 1.50e-04 | left: 83s
step 06050 ( 65.9%) | loss: 0.595123 | trade:0.43 call:0.56 put:0.44 | ATM:0.59 OTM:0.41 | lr: 1.50e-04 | left: 82s
step 06100 ( 66.4%) | loss: 0.551547 | trade:0.40 call:0.54 put:0.46 | ATM:0.56 OTM:0.44 | lr: 1.50e-04 | left: 81s
step 06150 ( 67.0%) | loss: 0.565591 | trade:0.42 call:0.57 put:0.43 | ATM:0.62 OTM:0.38 | lr: 1.50e-04 | left: 79s
step 06200 ( 67.5%) | loss: 0.567683 | trade:0.42 call:0.52 put:0.48 | ATM:0.54 OTM:0.46 | lr: 1.50e-04 | left: 78s
step 06250 ( 68.1%) | loss: 0.567034 | trade:0.41 call:0.60 put:0.40 | ATM:0.57 OTM:0.43 | lr: 1.50e-04 | left: 77s
step 06300 ( 68.6%) | loss: 0.564032 | trade:0.43 call:0.54 put:0.46 | ATM:0.52 OTM:0.48 | lr: 1.50e-04 | left: 75s
step 06350 ( 69.2%) | loss: 0.569625 | trade:0.39 call:0.59 put:0.41 | ATM:0.59 OTM:0.41 | lr: 1.50e-04 | left: 74s
step 06400 ( 69.7%) | loss: 0.564042 | trade:0.42 call:0.57 put:0.43 | ATM:0.58 OTM:0.42 | lr: 1.50e-04 | left: 73s
step 06450 ( 70.3%) | loss: 0.570045 | trade:0.41 call:0.52 put:0.48 | ATM:0.56 OTM:0.44 | lr: 1.50e-04 | left: 71s
step 06500 ( 70.8%) | loss: 0.559846 | trade:0.42 call:0.53 put:0.47 | ATM:0.57 OTM:0.43 | lr: 1.50e-04 | left: 70s
step 06550 ( 71.4%) | loss: 0.553706 | trade:0.45 call:0.52 put:0.48 | ATM:0.46 OTM:0.54 | lr: 1.49e-04 | left: 69s
step 06600 ( 71.9%) | loss: 0.569887 | trade:0.38 call:0.56 put:0.44 | ATM:0.56 OTM:0.44 | lr: 1.48e-04 | left: 67s
step 06650 ( 72.5%) | loss: 0.555343 | trade:0.44 call:0.58 put:0.42 | ATM:0.51 OTM:0.49 | lr: 1.48e-04 | left: 66s
step 06700 ( 73.0%) | loss: 0.573129 | trade:0.41 call:0.61 put:0.39 | ATM:0.55 OTM:0.45 | lr: 1.46e-04 | left: 65s
step 06750 ( 73.6%) | loss: 0.532774 | trade:0.44 call:0.58 put:0.42 | ATM:0.50 OTM:0.50 | lr: 1.45e-04 | left: 63s
step 06800 ( 74.1%) | loss: 0.573583 | trade:0.42 call:0.55 put:0.45 | ATM:0.52 OTM:0.48 | lr: 1.43e-04 | left: 62s
step 06850 ( 74.6%) | loss: 0.555837 | trade:0.43 call:0.61 put:0.39 | ATM:0.55 OTM:0.45 | lr: 1.41e-04 | left: 61s
step 06900 ( 75.1%) | loss: 0.550553 | trade:0.41 call:0.53 put:0.47 | ATM:0.58 OTM:0.42 | lr: 1.39e-04 | left: 60s
step 06950 ( 75.7%) | loss: 0.591083 | trade:0.39 call:0.56 put:0.44 | ATM:0.59 OTM:0.41 | lr: 1.37e-04 | left: 58s
step 07000 ( 76.3%) | loss: 0.558412 | trade:0.44 call:0.58 put:0.42 | ATM:0.52 OTM:0.48 | lr: 1.34e-04 | left: 57s
step 07050 ( 76.8%) | loss: 0.568293 | trade:0.41 call:0.55 put:0.45 | ATM:0.56 OTM:0.44 | lr: 1.32e-04 | left: 56s
step 07100 ( 77.4%) | loss: 0.571501 | trade:0.41 call:0.57 put:0.43 | ATM:0.50 OTM:0.50 | lr: 1.29e-04 | left: 54s
step 07150 ( 77.9%) | loss: 0.545238 | trade:0.42 call:0.59 put:0.41 | ATM:0.53 OTM:0.47 | lr: 1.26e-04 | left: 53s
step 07200 ( 78.5%) | loss: 0.526359 | trade:0.43 call:0.57 put:0.43 | ATM:0.55 OTM:0.45 | lr: 1.22e-04 | left: 52s
step 07250 ( 79.0%) | loss: 0.545525 | trade:0.40 call:0.53 put:0.47 | ATM:0.54 OTM:0.46 | lr: 1.19e-04 | left: 50s
step 07300 ( 79.6%) | loss: 0.533307 | trade:0.45 call:0.60 put:0.40 | ATM:0.49 OTM:0.51 | lr: 1.15e-04 | left: 49s
step 07350 ( 80.1%) | loss: 0.541877 | trade:0.42 call:0.55 put:0.45 | ATM:0.56 OTM:0.44 | lr: 1.12e-04 | left: 48s
step 07400 ( 80.7%) | loss: 0.580973 | trade:0.41 call:0.60 put:0.40 | ATM:0.54 OTM:0.46 | lr: 1.08e-04 | left: 46s
step 07450 ( 81.2%) | loss: 0.572404 | trade:0.41 call:0.59 put:0.41 | ATM:0.55 OTM:0.45 | lr: 1.04e-04 | left: 45s
step 07500 ( 81.8%) | loss: 0.538583 | trade:0.40 call:0.56 put:0.44 | ATM:0.59 OTM:0.41 | lr: 1.00e-04 | left: 44s
step 07550 ( 82.3%) | loss: 0.552383 | trade:0.39 call:0.59 put:0.41 | ATM:0.56 OTM:0.44 | lr: 9.59e-05 | left: 42s
step 07600 ( 82.9%) | loss: 0.545781 | trade:0.42 call:0.56 put:0.44 | ATM:0.56 OTM:0.44 | lr: 9.17e-05 | left: 41s
step 07650 ( 83.4%) | loss: 0.556641 | trade:0.41 call:0.50 put:0.50 | ATM:0.49 OTM:0.51 | lr: 8.75e-05 | left: 40s
step 07700 ( 84.0%) | loss: 0.573030 | trade:0.42 call:0.63 put:0.37 | ATM:0.48 OTM:0.52 | lr: 8.32e-05 | left: 38s
step 07750 ( 84.5%) | loss: 0.527683 | trade:0.42 call:0.58 put:0.42 | ATM:0.53 OTM:0.47 | lr: 7.89e-05 | left: 37s
step 07800 ( 85.1%) | loss: 0.543831 | trade:0.43 call:0.52 put:0.48 | ATM:0.56 OTM:0.44 | lr: 7.46e-05 | left: 36s
step 07850 ( 85.6%) | loss: 0.570060 | trade:0.43 call:0.56 put:0.44 | ATM:0.57 OTM:0.43 | lr: 7.02e-05 | left: 35s
step 07900 ( 86.2%) | loss: 0.543100 | trade:0.40 call:0.58 put:0.42 | ATM:0.53 OTM:0.47 | lr: 6.59e-05 | left: 33s
step 07950 ( 86.7%) | loss: 0.521021 | trade:0.46 call:0.52 put:0.48 | ATM:0.45 OTM:0.55 | lr: 6.16e-05 | left: 32s
step 08000 ( 87.3%) | loss: 0.540416 | trade:0.45 call:0.48 put:0.52 | ATM:0.51 OTM:0.49 | lr: 5.74e-05 | left: 31s
step 08050 ( 87.8%) | loss: 0.556906 | trade:0.43 call:0.56 put:0.44 | ATM:0.57 OTM:0.43 | lr: 5.32e-05 | left: 29s
step 08100 ( 88.4%) | loss: 0.544155 | trade:0.41 call:0.54 put:0.46 | ATM:0.56 OTM:0.44 | lr: 4.92e-05 | left: 28s
step 08150 ( 88.9%) | loss: 0.542908 | trade:0.43 call:0.48 put:0.52 | ATM:0.54 OTM:0.46 | lr: 4.51e-05 | left: 27s
step 08200 ( 89.5%) | loss: 0.549017 | trade:0.44 call:0.51 put:0.49 | ATM:0.52 OTM:0.48 | lr: 4.12e-05 | left: 25s
step 08250 ( 90.0%) | loss: 0.532782 | trade:0.45 call:0.54 put:0.46 | ATM:0.47 OTM:0.53 | lr: 3.74e-05 | left: 24s
step 08300 ( 90.6%) | loss: 0.556105 | trade:0.35 call:0.62 put:0.38 | ATM:0.53 OTM:0.47 | lr: 3.38e-05 | left: 23s
step 08350 ( 91.1%) | loss: 0.560671 | trade:0.42 call:0.60 put:0.40 | ATM:0.50 OTM:0.50 | lr: 3.03e-05 | left: 21s
step 08400 ( 91.6%) | loss: 0.525477 | trade:0.39 call:0.58 put:0.42 | ATM:0.61 OTM:0.39 | lr: 2.70e-05 | left: 20s
step 08450 ( 92.2%) | loss: 0.547086 | trade:0.43 call:0.49 put:0.51 | ATM:0.52 OTM:0.48 | lr: 2.37e-05 | left: 19s
step 08500 ( 92.7%) | loss: 0.549121 | trade:0.42 call:0.52 put:0.48 | ATM:0.53 OTM:0.47 | lr: 2.07e-05 | left: 17s
step 08550 ( 93.3%) | loss: 0.540106 | trade:0.39 call:0.58 put:0.42 | ATM:0.59 OTM:0.41 | lr: 1.78e-05 | left: 16s
step 08600 ( 93.8%) | loss: 0.526750 | trade:0.39 call:0.52 put:0.48 | ATM:0.57 OTM:0.43 | lr: 1.52e-05 | left: 15s
step 08650 ( 94.4%) | loss: 0.519971 | trade:0.44 call:0.54 put:0.46 | ATM:0.50 OTM:0.50 | lr: 1.27e-05 | left: 13s
step 08700 ( 94.9%) | loss: 0.533187 | trade:0.43 call:0.45 put:0.55 | ATM:0.53 OTM:0.47 | lr: 1.06e-05 | left: 12s
step 08750 ( 95.4%) | loss: 0.525817 | trade:0.42 call:0.53 put:0.47 | ATM:0.54 OTM:0.46 | lr: 8.51e-06 | left: 11s
step 08800 ( 95.9%) | loss: 0.543276 | trade:0.42 call:0.56 put:0.44 | ATM:0.52 OTM:0.48 | lr: 6.69e-06 | left: 10s
step 08850 ( 96.5%) | loss: 0.537764 | trade:0.40 call:0.50 put:0.50 | ATM:0.60 OTM:0.40 | lr: 5.01e-06 | left: 8s
step 08900 ( 97.0%) | loss: 0.550124 | trade:0.39 call:0.64 put:0.36 | ATM:0.54 OTM:0.46 | lr: 3.58e-06 | left: 7s
step 08950 ( 97.6%) | loss: 0.532383 | trade:0.47 call:0.60 put:0.40 | ATM:0.44 OTM:0.56 | lr: 2.39e-06 | left: 6s
step 09000 ( 98.1%) | loss: 0.546719 | trade:0.42 call:0.61 put:0.39 | ATM:0.55 OTM:0.45 | lr: 1.43e-06 | left: 4s
step 09050 ( 98.7%) | loss: 0.544618 | trade:0.47 call:0.52 put:0.48 | ATM:0.43 OTM:0.57 | lr: 7.16e-07 | left: 3s
step 09100 ( 99.2%) | loss: 0.549048 | trade:0.40 call:0.55 put:0.45 | ATM:0.56 OTM:0.44 | lr: 2.51e-07 | left: 2s
step 09150 ( 99.8%) | loss: 0.517638 | trade:0.40 call:0.53 put:0.47 | ATM:0.59 OTM:0.41 | lr: 2.25e-08 | left: 1s

Training done at 245s. Starting evaluation...
Evaluation done in 5s (total wall: 250s)
Model saved to /root/best_model.pt
Trade log: 82 trades -> /root/trade_log.csv

---
score:              0.291276
profit_factor:      1.452318
win_rate:           0.390244
avg_winner:         0.282365
avg_loser:          -0.124431
trades_per_day:     1.261538
max_consec_loss:    7
num_trades:         82
trade_sharpe:       1.056605
sortino:            6.823218
max_drawdown:       -1.631164
calmar:             1.725225
ev_per_trade:       0.034319
do_nothing_pct:     0.934081
exit_pct:           0.017713
model_exit_count:   79
cooldown_blocked:   8
pre_10am_blocked:   50
short_hold_pct:     0.549000
stop_loss_rate:     0.049000
direction_collapse_pct: 0.390200
avg_entry_cost_bps: 269.717300
avg_entry_quality:  0.798700
cost_realism_coverage: 1.000000
high_cost_entry_rate: 0.390200
low_quality_entry_rate: 0.000000
actionable_bar_rate: 0.829100
risk_off_bar_rate:  0.000000
final_capital:      11246.42
equity_sharpe:      1.135000
max_equity_dd:      -0.100200
total_dollar_return:0.124600
val_sharpe:         -28.815079
total_return:       2.814126
num_val_bars:       4460
num_val_days:       65
worst_chunk_pf:     0.00
rr_ratio:           2.2692
avg_hold_bars:      2.88
model_exit_rate:    0.9634
hit_ruin:           False
min_equity_frac:    0.9118
avg_risk_fraction:  0.0728
max_risk_fraction:  0.3571
trades_blocked_by_balance: 0
  Chunk 1: 2025-02-18..2025-05-14 | 12 trades | PF=0.19 | WR=16.7%
  Chunk 2: 2025-07-18..2025-07-29 | 14 trades | PF=0.34 | WR=35.7%
  Chunk 3: 2025-07-31..2025-08-15 | 26 trades | PF=2.25 | WR=57.7%
  Chunk 4: 2025-09-16..2025-10-31 | 23 trades | PF=3.08 | WR=43.5%
  Chunk 5: 2025-11-03..2026-03-05 | 7 trades | PF=0.00 | WR=0.0%
training_seconds:   240.0
total_seconds:      252.5
peak_vram_mb:       357.0
num_steps:          9172
num_params:         146,298
lookback:           120
depth:              3
d_model:            64
effective_lr:       0.00015
gate_label_smoothing:0.050000
dir_label_smoothing:0.050000
false_entry_penalty:2.000000
/opt/conda/lib/python3.11/site-packages/torch/nn/modules/transformer.py:379: UserWarning: enable_nested_tensor is True, but self.use_nested_tensor is False because encoder_layer.norm_first was True
  warnings.warn(
