Loading data from: /root/.cache/autoresearch-trading/features/data.pt
Loaded 382920 1-min bars, 32 features, 8 actions
  ~981 trading days
Training:   up to idx 268019
Validation: idx 268020-382919
  Option P&L coverage: 296720/382920 (77%)
Parameters: 145,064
Architecture: v4 simplified two-head (gate+dir) + dynamic capital preservation
Training from scratch (v4: no warm-start).

Budget: 240s | Batch: 128 | Lookback: 120
LR: 0.0003 | Depth: 3 | d_model: 64 | ff_mult: 3
Dropout: 0.15 | Weight decay: 0.05
False entry penalty: 2.0x
Label smoothing: gate=0.05 dir=0.05

step 00000 (  0.0%) | loss: 3.727853 | trade:0.11 call:0.45 put:0.55 | ATM:0.13 OTM:0.87 | lr: 0.00e+00 | left: 240s
step 00050 (  0.4%) | loss: 3.906495 | trade:0.11 call:0.45 put:0.55 | ATM:0.14 OTM:0.86 | lr: 1.05e-05 | left: 239s
step 00100 (  0.9%) | loss: 3.746490 | trade:0.15 call:0.45 put:0.55 | ATM:0.14 OTM:0.86 | lr: 2.58e-05 | left: 238s
step 00150 (  1.4%) | loss: 3.450777 | trade:0.27 call:0.46 put:0.54 | ATM:0.15 OTM:0.85 | lr: 4.13e-05 | left: 237s
step 00200 (  1.9%) | loss: 3.200981 | trade:0.42 call:0.50 put:0.50 | ATM:0.19 OTM:0.81 | lr: 5.69e-05 | left: 235s
step 00250 (  2.4%) | loss: 3.019245 | trade:0.44 call:0.55 put:0.45 | ATM:0.25 OTM:0.75 | lr: 7.23e-05 | left: 234s
step 00300 (  2.9%) | loss: 2.910607 | trade:0.43 call:0.57 put:0.43 | ATM:0.30 OTM:0.70 | lr: 8.77e-05 | left: 233s
step 00350 (  3.4%) | loss: 2.852450 | trade:0.43 call:0.57 put:0.43 | ATM:0.32 OTM:0.68 | lr: 1.03e-04 | left: 232s
step 00400 (  4.0%) | loss: 2.744199 | trade:0.43 call:0.59 put:0.41 | ATM:0.35 OTM:0.65 | lr: 1.19e-04 | left: 230s
step 00450 (  4.5%) | loss: 2.638114 | trade:0.42 call:0.57 put:0.43 | ATM:0.36 OTM:0.64 | lr: 1.34e-04 | left: 229s
step 00500 (  4.9%) | loss: 2.558831 | trade:0.42 call:0.59 put:0.41 | ATM:0.37 OTM:0.63 | lr: 1.47e-04 | left: 228s
step 00550 (  5.1%) | loss: 2.457347 | trade:0.44 call:0.61 put:0.39 | ATM:0.39 OTM:0.61 | lr: 1.53e-04 | left: 228s
step 00600 (  5.3%) | loss: 2.346911 | trade:0.43 call:0.59 put:0.41 | ATM:0.39 OTM:0.61 | lr: 1.59e-04 | left: 227s
step 00650 (  5.6%) | loss: 2.249263 | trade:0.42 call:0.61 put:0.39 | ATM:0.39 OTM:0.61 | lr: 1.67e-04 | left: 227s
step 00700 (  6.1%) | loss: 2.098046 | trade:0.39 call:0.61 put:0.39 | ATM:0.41 OTM:0.59 | lr: 1.83e-04 | left: 225s
step 00750 (  6.6%) | loss: 2.014282 | trade:0.39 call:0.65 put:0.35 | ATM:0.46 OTM:0.54 | lr: 1.98e-04 | left: 224s
step 00800 (  7.1%) | loss: 1.915951 | trade:0.41 call:0.56 put:0.44 | ATM:0.41 OTM:0.59 | lr: 2.14e-04 | left: 223s
step 00850 (  7.6%) | loss: 1.849631 | trade:0.37 call:0.66 put:0.34 | ATM:0.37 OTM:0.63 | lr: 2.29e-04 | left: 222s
step 00900 (  8.2%) | loss: 1.758661 | trade:0.38 call:0.65 put:0.35 | ATM:0.44 OTM:0.56 | lr: 2.45e-04 | left: 220s
step 00950 (  8.7%) | loss: 1.655546 | trade:0.40 call:0.65 put:0.35 | ATM:0.40 OTM:0.60 | lr: 2.60e-04 | left: 219s
step 01000 (  9.2%) | loss: 1.601900 | trade:0.38 call:0.69 put:0.31 | ATM:0.43 OTM:0.57 | lr: 2.75e-04 | left: 218s
step 01050 (  9.7%) | loss: 1.540528 | trade:0.38 call:0.72 put:0.28 | ATM:0.49 OTM:0.51 | lr: 2.91e-04 | left: 217s
step 01100 ( 10.2%) | loss: 1.491892 | trade:0.35 call:0.72 put:0.28 | ATM:0.49 OTM:0.51 | lr: 3.00e-04 | left: 215s
step 01150 ( 10.7%) | loss: 1.438334 | trade:0.37 call:0.65 put:0.35 | ATM:0.50 OTM:0.50 | lr: 3.00e-04 | left: 214s
step 01200 ( 11.3%) | loss: 1.426539 | trade:0.41 call:0.67 put:0.33 | ATM:0.45 OTM:0.55 | lr: 3.00e-04 | left: 213s
step 01250 ( 11.8%) | loss: 1.383609 | trade:0.34 call:0.66 put:0.34 | ATM:0.51 OTM:0.49 | lr: 3.00e-04 | left: 212s
step 01300 ( 12.3%) | loss: 1.384249 | trade:0.29 call:0.70 put:0.30 | ATM:0.51 OTM:0.49 | lr: 3.00e-04 | left: 210s
step 01350 ( 12.8%) | loss: 1.322150 | trade:0.35 call:0.61 put:0.39 | ATM:0.50 OTM:0.50 | lr: 3.00e-04 | left: 209s
step 01400 ( 13.3%) | loss: 1.344699 | trade:0.33 call:0.60 put:0.40 | ATM:0.57 OTM:0.43 | lr: 3.00e-04 | left: 208s
step 01450 ( 13.8%) | loss: 1.337566 | trade:0.31 call:0.71 put:0.29 | ATM:0.49 OTM:0.51 | lr: 3.00e-04 | left: 207s
step 01500 ( 14.3%) | loss: 1.332150 | trade:0.42 call:0.63 put:0.37 | ATM:0.53 OTM:0.47 | lr: 3.00e-04 | left: 206s
step 01550 ( 14.6%) | loss: 1.270658 | trade:0.38 call:0.67 put:0.33 | ATM:0.54 OTM:0.46 | lr: 3.00e-04 | left: 205s
step 01600 ( 14.9%) | loss: 1.267880 | trade:0.35 call:0.62 put:0.38 | ATM:0.51 OTM:0.49 | lr: 3.00e-04 | left: 204s
step 01650 ( 15.3%) | loss: 1.286968 | trade:0.36 call:0.65 put:0.35 | ATM:0.55 OTM:0.45 | lr: 3.00e-04 | left: 203s
step 01700 ( 15.8%) | loss: 1.256011 | trade:0.31 call:0.67 put:0.33 | ATM:0.58 OTM:0.42 | lr: 3.00e-04 | left: 202s
step 01750 ( 16.4%) | loss: 1.206418 | trade:0.34 call:0.68 put:0.32 | ATM:0.58 OTM:0.42 | lr: 3.00e-04 | left: 201s
step 01800 ( 16.9%) | loss: 1.246479 | trade:0.29 call:0.61 put:0.39 | ATM:0.57 OTM:0.43 | lr: 3.00e-04 | left: 199s
step 01850 ( 17.4%) | loss: 1.225596 | trade:0.37 call:0.62 put:0.38 | ATM:0.53 OTM:0.47 | lr: 3.00e-04 | left: 198s
step 01900 ( 17.9%) | loss: 1.206856 | trade:0.36 call:0.61 put:0.39 | ATM:0.54 OTM:0.46 | lr: 3.00e-04 | left: 197s
step 01950 ( 18.4%) | loss: 1.226524 | trade:0.32 call:0.58 put:0.42 | ATM:0.53 OTM:0.47 | lr: 3.00e-04 | left: 196s
step 02000 ( 18.9%) | loss: 1.175834 | trade:0.30 call:0.67 put:0.33 | ATM:0.58 OTM:0.42 | lr: 3.00e-04 | left: 195s
step 02050 ( 19.4%) | loss: 1.229515 | trade:0.34 call:0.66 put:0.34 | ATM:0.56 OTM:0.44 | lr: 3.00e-04 | left: 193s
step 02100 ( 19.8%) | loss: 1.192820 | trade:0.33 call:0.65 put:0.35 | ATM:0.55 OTM:0.45 | lr: 3.00e-04 | left: 192s
step 02150 ( 20.1%) | loss: 1.202804 | trade:0.36 call:0.65 put:0.35 | ATM:0.55 OTM:0.45 | lr: 3.00e-04 | left: 192s
step 02200 ( 20.6%) | loss: 1.189463 | trade:0.39 call:0.57 put:0.43 | ATM:0.50 OTM:0.50 | lr: 3.00e-04 | left: 191s
step 02250 ( 21.1%) | loss: 1.176396 | trade:0.34 call:0.64 put:0.36 | ATM:0.59 OTM:0.41 | lr: 3.00e-04 | left: 189s
step 02300 ( 21.6%) | loss: 1.160161 | trade:0.31 call:0.60 put:0.40 | ATM:0.53 OTM:0.47 | lr: 3.00e-04 | left: 188s
step 02350 ( 22.1%) | loss: 1.161686 | trade:0.34 call:0.67 put:0.33 | ATM:0.60 OTM:0.40 | lr: 3.00e-04 | left: 187s
step 02400 ( 22.6%) | loss: 1.144912 | trade:0.30 call:0.71 put:0.29 | ATM:0.52 OTM:0.48 | lr: 3.00e-04 | left: 186s
step 02450 ( 23.1%) | loss: 1.183876 | trade:0.38 call:0.66 put:0.34 | ATM:0.55 OTM:0.45 | lr: 3.00e-04 | left: 184s
step 02500 ( 23.7%) | loss: 1.174394 | trade:0.36 call:0.58 put:0.42 | ATM:0.56 OTM:0.44 | lr: 3.00e-04 | left: 183s
step 02550 ( 24.2%) | loss: 1.166926 | trade:0.32 call:0.61 put:0.39 | ATM:0.52 OTM:0.48 | lr: 3.00e-04 | left: 182s
step 02600 ( 24.7%) | loss: 1.157027 | trade:0.33 call:0.56 put:0.44 | ATM:0.54 OTM:0.46 | lr: 3.00e-04 | left: 181s
step 02650 ( 25.2%) | loss: 1.128358 | trade:0.36 call:0.63 put:0.37 | ATM:0.56 OTM:0.44 | lr: 3.00e-04 | left: 179s
step 02700 ( 25.7%) | loss: 1.153167 | trade:0.31 call:0.61 put:0.39 | ATM:0.56 OTM:0.44 | lr: 3.00e-04 | left: 178s
step 02750 ( 26.2%) | loss: 1.161721 | trade:0.35 call:0.53 put:0.47 | ATM:0.54 OTM:0.46 | lr: 3.00e-04 | left: 177s
step 02800 ( 26.5%) | loss: 1.153627 | trade:0.34 call:0.61 put:0.39 | ATM:0.55 OTM:0.45 | lr: 3.00e-04 | left: 176s
step 02850 ( 26.7%) | loss: 1.100208 | trade:0.27 call:0.66 put:0.34 | ATM:0.65 OTM:0.35 | lr: 3.00e-04 | left: 176s
step 02900 ( 27.0%) | loss: 1.111711 | trade:0.39 call:0.64 put:0.36 | ATM:0.57 OTM:0.43 | lr: 3.00e-04 | left: 175s
step 02950 ( 27.2%) | loss: 1.132649 | trade:0.36 call:0.64 put:0.36 | ATM:0.55 OTM:0.45 | lr: 3.00e-04 | left: 175s
step 03000 ( 27.4%) | loss: 1.120939 | trade:0.39 call:0.57 put:0.43 | ATM:0.55 OTM:0.45 | lr: 3.00e-04 | left: 174s
step 03050 ( 27.8%) | loss: 1.096515 | trade:0.35 call:0.64 put:0.36 | ATM:0.58 OTM:0.42 | lr: 3.00e-04 | left: 173s
step 03100 ( 28.1%) | loss: 1.125354 | trade:0.35 call:0.66 put:0.34 | ATM:0.61 OTM:0.39 | lr: 3.00e-04 | left: 173s
step 03150 ( 28.3%) | loss: 1.102363 | trade:0.37 call:0.63 put:0.37 | ATM:0.55 OTM:0.45 | lr: 3.00e-04 | left: 172s
step 03200 ( 28.6%) | loss: 1.116908 | trade:0.33 call:0.63 put:0.37 | ATM:0.53 OTM:0.47 | lr: 3.00e-04 | left: 171s
step 03250 ( 28.9%) | loss: 1.123959 | trade:0.28 call:0.65 put:0.35 | ATM:0.58 OTM:0.42 | lr: 3.00e-04 | left: 171s
step 03300 ( 29.1%) | loss: 1.110382 | trade:0.37 call:0.65 put:0.35 | ATM:0.61 OTM:0.39 | lr: 3.00e-04 | left: 170s
step 03350 ( 29.3%) | loss: 1.108983 | trade:0.31 call:0.61 put:0.39 | ATM:0.63 OTM:0.37 | lr: 3.00e-04 | left: 170s
step 03400 ( 29.5%) | loss: 1.086707 | trade:0.35 call:0.62 put:0.38 | ATM:0.59 OTM:0.41 | lr: 3.00e-04 | left: 169s
step 03450 ( 29.8%) | loss: 1.075394 | trade:0.33 call:0.64 put:0.36 | ATM:0.51 OTM:0.49 | lr: 3.00e-04 | left: 169s
step 03500 ( 30.0%) | loss: 1.106888 | trade:0.31 call:0.63 put:0.37 | ATM:0.52 OTM:0.48 | lr: 3.00e-04 | left: 168s
step 03550 ( 30.3%) | loss: 1.095987 | trade:0.32 call:0.63 put:0.37 | ATM:0.55 OTM:0.45 | lr: 3.00e-04 | left: 167s
step 03600 ( 30.5%) | loss: 1.106466 | trade:0.30 call:0.61 put:0.39 | ATM:0.58 OTM:0.42 | lr: 3.00e-04 | left: 167s
step 03650 ( 30.7%) | loss: 1.105164 | trade:0.33 call:0.66 put:0.34 | ATM:0.55 OTM:0.45 | lr: 3.00e-04 | left: 166s
step 03700 ( 31.0%) | loss: 1.091885 | trade:0.36 call:0.65 put:0.35 | ATM:0.55 OTM:0.45 | lr: 3.00e-04 | left: 166s
step 03750 ( 31.2%) | loss: 1.131401 | trade:0.28 call:0.64 put:0.36 | ATM:0.62 OTM:0.38 | lr: 3.00e-04 | left: 165s
step 03800 ( 31.4%) | loss: 1.101507 | trade:0.35 call:0.57 put:0.43 | ATM:0.57 OTM:0.43 | lr: 3.00e-04 | left: 165s
step 03850 ( 31.6%) | loss: 1.084156 | trade:0.34 call:0.62 put:0.38 | ATM:0.57 OTM:0.43 | lr: 3.00e-04 | left: 164s
step 03900 ( 31.9%) | loss: 1.082643 | trade:0.40 call:0.61 put:0.39 | ATM:0.56 OTM:0.44 | lr: 3.00e-04 | left: 163s
step 03950 ( 32.1%) | loss: 1.063175 | trade:0.27 call:0.67 put:0.33 | ATM:0.57 OTM:0.43 | lr: 3.00e-04 | left: 163s
step 04000 ( 32.4%) | loss: 1.071597 | trade:0.34 call:0.63 put:0.37 | ATM:0.56 OTM:0.44 | lr: 3.00e-04 | left: 162s
step 04050 ( 32.8%) | loss: 1.083835 | trade:0.38 call:0.64 put:0.36 | ATM:0.55 OTM:0.45 | lr: 3.00e-04 | left: 161s
step 04100 ( 33.0%) | loss: 1.057913 | trade:0.30 call:0.67 put:0.33 | ATM:0.57 OTM:0.43 | lr: 3.00e-04 | left: 161s
step 04150 ( 33.3%) | loss: 1.052609 | trade:0.31 call:0.56 put:0.44 | ATM:0.64 OTM:0.36 | lr: 3.00e-04 | left: 160s
step 04200 ( 33.6%) | loss: 1.055994 | trade:0.29 call:0.62 put:0.38 | ATM:0.63 OTM:0.37 | lr: 3.00e-04 | left: 159s
step 04250 ( 33.9%) | loss: 1.072481 | trade:0.32 call:0.60 put:0.40 | ATM:0.60 OTM:0.40 | lr: 3.00e-04 | left: 159s
step 04300 ( 34.1%) | loss: 1.077796 | trade:0.39 call:0.62 put:0.38 | ATM:0.55 OTM:0.45 | lr: 3.00e-04 | left: 158s
step 04350 ( 34.4%) | loss: 1.055838 | trade:0.30 call:0.65 put:0.35 | ATM:0.60 OTM:0.40 | lr: 3.00e-04 | left: 157s
step 04400 ( 34.7%) | loss: 1.067151 | trade:0.31 call:0.64 put:0.36 | ATM:0.56 OTM:0.44 | lr: 3.00e-04 | left: 157s
step 04450 ( 35.1%) | loss: 1.051077 | trade:0.37 call:0.63 put:0.37 | ATM:0.59 OTM:0.41 | lr: 3.00e-04 | left: 156s
step 04500 ( 35.6%) | loss: 1.056367 | trade:0.34 call:0.60 put:0.40 | ATM:0.61 OTM:0.39 | lr: 3.00e-04 | left: 154s
step 04550 ( 36.2%) | loss: 1.039326 | trade:0.32 call:0.58 put:0.42 | ATM:0.56 OTM:0.44 | lr: 3.00e-04 | left: 153s
step 04600 ( 36.7%) | loss: 1.057924 | trade:0.33 call:0.62 put:0.38 | ATM:0.54 OTM:0.46 | lr: 3.00e-04 | left: 152s
step 04650 ( 37.2%) | loss: 1.028779 | trade:0.35 call:0.60 put:0.40 | ATM:0.57 OTM:0.43 | lr: 3.00e-04 | left: 151s
step 04700 ( 37.7%) | loss: 1.048314 | trade:0.37 call:0.61 put:0.39 | ATM:0.60 OTM:0.40 | lr: 3.00e-04 | left: 149s
step 04750 ( 38.2%) | loss: 1.081822 | trade:0.32 call:0.62 put:0.38 | ATM:0.61 OTM:0.39 | lr: 3.00e-04 | left: 148s
step 04800 ( 38.6%) | loss: 1.045713 | trade:0.36 call:0.60 put:0.40 | ATM:0.55 OTM:0.45 | lr: 3.00e-04 | left: 147s
step 04850 ( 38.8%) | loss: 1.030177 | trade:0.36 call:0.61 put:0.39 | ATM:0.59 OTM:0.41 | lr: 3.00e-04 | left: 147s
step 04900 ( 39.0%) | loss: 1.029198 | trade:0.30 call:0.62 put:0.38 | ATM:0.64 OTM:0.36 | lr: 3.00e-04 | left: 146s
step 04950 ( 39.2%) | loss: 1.059916 | trade:0.34 call:0.62 put:0.38 | ATM:0.58 OTM:0.42 | lr: 3.00e-04 | left: 146s
step 05000 ( 39.5%) | loss: 1.045885 | trade:0.38 call:0.60 put:0.40 | ATM:0.57 OTM:0.43 | lr: 3.00e-04 | left: 145s
step 05050 ( 39.7%) | loss: 1.038984 | trade:0.33 call:0.64 put:0.36 | ATM:0.50 OTM:0.50 | lr: 3.00e-04 | left: 145s
step 05100 ( 39.9%) | loss: 1.058066 | trade:0.30 call:0.61 put:0.39 | ATM:0.60 OTM:0.40 | lr: 3.00e-04 | left: 144s
step 05150 ( 40.1%) | loss: 1.026266 | trade:0.38 call:0.60 put:0.40 | ATM:0.62 OTM:0.38 | lr: 3.00e-04 | left: 144s
step 05200 ( 40.3%) | loss: 1.041704 | trade:0.32 call:0.60 put:0.40 | ATM:0.60 OTM:0.40 | lr: 3.00e-04 | left: 143s
step 05250 ( 40.5%) | loss: 1.025715 | trade:0.29 call:0.64 put:0.36 | ATM:0.63 OTM:0.37 | lr: 3.00e-04 | left: 143s
step 05300 ( 40.8%) | loss: 1.029250 | trade:0.31 call:0.63 put:0.37 | ATM:0.58 OTM:0.42 | lr: 3.00e-04 | left: 142s
step 05350 ( 41.2%) | loss: 1.046838 | trade:0.29 call:0.66 put:0.34 | ATM:0.64 OTM:0.36 | lr: 3.00e-04 | left: 141s
step 05400 ( 41.5%) | loss: 1.047583 | trade:0.38 call:0.54 put:0.46 | ATM:0.53 OTM:0.47 | lr: 3.00e-04 | left: 140s
step 05450 ( 42.0%) | loss: 1.007957 | trade:0.36 call:0.57 put:0.43 | ATM:0.59 OTM:0.41 | lr: 3.00e-04 | left: 139s
step 05500 ( 42.5%) | loss: 1.018530 | trade:0.34 call:0.55 put:0.45 | ATM:0.61 OTM:0.39 | lr: 3.00e-04 | left: 138s
step 05550 ( 43.0%) | loss: 1.023226 | trade:0.32 call:0.59 put:0.41 | ATM:0.61 OTM:0.39 | lr: 3.00e-04 | left: 137s
step 05600 ( 43.5%) | loss: 1.020235 | trade:0.35 call:0.65 put:0.35 | ATM:0.63 OTM:0.37 | lr: 3.00e-04 | left: 136s
step 05650 ( 44.0%) | loss: 1.028301 | trade:0.32 call:0.64 put:0.36 | ATM:0.65 OTM:0.35 | lr: 3.00e-04 | left: 134s
step 05700 ( 44.4%) | loss: 1.021596 | trade:0.39 call:0.63 put:0.37 | ATM:0.59 OTM:0.41 | lr: 3.00e-04 | left: 133s
step 05750 ( 44.7%) | loss: 1.004233 | trade:0.31 call:0.59 put:0.41 | ATM:0.56 OTM:0.44 | lr: 3.00e-04 | left: 133s
step 05800 ( 44.9%) | loss: 1.024052 | trade:0.36 call:0.61 put:0.39 | ATM:0.61 OTM:0.39 | lr: 3.00e-04 | left: 132s
step 05850 ( 45.3%) | loss: 1.017032 | trade:0.33 call:0.58 put:0.42 | ATM:0.57 OTM:0.43 | lr: 3.00e-04 | left: 131s
step 05900 ( 45.8%) | loss: 1.010933 | trade:0.36 call:0.62 put:0.38 | ATM:0.60 OTM:0.40 | lr: 3.00e-04 | left: 130s
step 05950 ( 46.3%) | loss: 0.996506 | trade:0.33 call:0.51 put:0.49 | ATM:0.61 OTM:0.39 | lr: 3.00e-04 | left: 129s
step 06000 ( 46.8%) | loss: 1.021308 | trade:0.36 call:0.59 put:0.41 | ATM:0.59 OTM:0.41 | lr: 3.00e-04 | left: 128s
step 06050 ( 47.3%) | loss: 1.029645 | trade:0.32 call:0.58 put:0.42 | ATM:0.56 OTM:0.44 | lr: 3.00e-04 | left: 126s
step 06100 ( 47.8%) | loss: 1.013770 | trade:0.32 call:0.56 put:0.44 | ATM:0.60 OTM:0.40 | lr: 3.00e-04 | left: 125s
step 06150 ( 48.3%) | loss: 1.016228 | trade:0.29 call:0.58 put:0.42 | ATM:0.58 OTM:0.42 | lr: 3.00e-04 | left: 124s
step 06200 ( 48.8%) | loss: 1.009250 | trade:0.32 call:0.51 put:0.49 | ATM:0.59 OTM:0.41 | lr: 3.00e-04 | left: 123s
step 06250 ( 49.3%) | loss: 0.993988 | trade:0.33 call:0.61 put:0.39 | ATM:0.62 OTM:0.38 | lr: 3.00e-04 | left: 122s
step 06300 ( 49.8%) | loss: 1.005957 | trade:0.33 call:0.58 put:0.42 | ATM:0.59 OTM:0.41 | lr: 3.00e-04 | left: 120s
step 06350 ( 50.3%) | loss: 1.012215 | trade:0.32 call:0.62 put:0.38 | ATM:0.63 OTM:0.37 | lr: 3.00e-04 | left: 119s
step 06400 ( 50.9%) | loss: 1.035930 | trade:0.34 call:0.58 put:0.42 | ATM:0.65 OTM:0.35 | lr: 3.00e-04 | left: 118s
step 06450 ( 51.4%) | loss: 1.003637 | trade:0.30 call:0.48 put:0.52 | ATM:0.56 OTM:0.44 | lr: 3.00e-04 | left: 117s
step 06500 ( 51.9%) | loss: 1.000153 | trade:0.31 call:0.52 put:0.48 | ATM:0.58 OTM:0.42 | lr: 3.00e-04 | left: 115s
step 06550 ( 52.4%) | loss: 1.006479 | trade:0.35 call:0.56 put:0.44 | ATM:0.55 OTM:0.45 | lr: 3.00e-04 | left: 114s
step 06600 ( 52.9%) | loss: 0.997160 | trade:0.37 call:0.59 put:0.41 | ATM:0.59 OTM:0.41 | lr: 3.00e-04 | left: 113s
step 06650 ( 53.4%) | loss: 0.998662 | trade:0.36 call:0.60 put:0.40 | ATM:0.64 OTM:0.36 | lr: 3.00e-04 | left: 112s
step 06700 ( 53.9%) | loss: 0.996478 | trade:0.35 call:0.63 put:0.37 | ATM:0.59 OTM:0.41 | lr: 3.00e-04 | left: 111s
step 06750 ( 54.4%) | loss: 0.989912 | trade:0.36 call:0.63 put:0.37 | ATM:0.56 OTM:0.44 | lr: 3.00e-04 | left: 109s
step 06800 ( 54.7%) | loss: 1.003534 | trade:0.35 call:0.48 put:0.52 | ATM:0.53 OTM:0.47 | lr: 3.00e-04 | left: 109s
step 06850 ( 55.1%) | loss: 0.988214 | trade:0.32 call:0.61 put:0.39 | ATM:0.60 OTM:0.40 | lr: 3.00e-04 | left: 108s
step 06900 ( 55.6%) | loss: 0.991934 | trade:0.31 call:0.59 put:0.41 | ATM:0.56 OTM:0.44 | lr: 3.00e-04 | left: 106s
step 06950 ( 56.1%) | loss: 0.992376 | trade:0.29 call:0.58 put:0.42 | ATM:0.69 OTM:0.31 | lr: 3.00e-04 | left: 105s
step 07000 ( 56.7%) | loss: 0.987876 | trade:0.34 call:0.60 put:0.40 | ATM:0.54 OTM:0.46 | lr: 3.00e-04 | left: 104s
step 07050 ( 57.1%) | loss: 1.001300 | trade:0.28 call:0.56 put:0.44 | ATM:0.63 OTM:0.37 | lr: 3.00e-04 | left: 103s
step 07100 ( 57.6%) | loss: 0.990017 | trade:0.30 call:0.60 put:0.40 | ATM:0.65 OTM:0.35 | lr: 3.00e-04 | left: 102s
step 07150 ( 58.1%) | loss: 0.968015 | trade:0.33 call:0.59 put:0.41 | ATM:0.56 OTM:0.44 | lr: 3.00e-04 | left: 100s
step 07200 ( 58.6%) | loss: 0.973601 | trade:0.32 call:0.56 put:0.44 | ATM:0.57 OTM:0.43 | lr: 3.00e-04 | left: 99s
step 07250 ( 59.2%) | loss: 0.985584 | trade:0.33 call:0.59 put:0.41 | ATM:0.56 OTM:0.44 | lr: 3.00e-04 | left: 98s
step 07300 ( 59.7%) | loss: 0.985088 | trade:0.37 call:0.64 put:0.36 | ATM:0.60 OTM:0.40 | lr: 3.00e-04 | left: 97s
step 07350 ( 60.1%) | loss: 0.967966 | trade:0.28 call:0.59 put:0.41 | ATM:0.62 OTM:0.38 | lr: 3.00e-04 | left: 96s
step 07400 ( 60.7%) | loss: 0.988927 | trade:0.32 call:0.62 put:0.38 | ATM:0.61 OTM:0.39 | lr: 3.00e-04 | left: 94s
step 07450 ( 61.2%) | loss: 0.986028 | trade:0.34 call:0.62 put:0.38 | ATM:0.65 OTM:0.35 | lr: 3.00e-04 | left: 93s
step 07500 ( 61.7%) | loss: 0.959127 | trade:0.32 call:0.58 put:0.42 | ATM:0.59 OTM:0.41 | lr: 3.00e-04 | left: 92s
step 07550 ( 62.2%) | loss: 0.978030 | trade:0.26 call:0.60 put:0.40 | ATM:0.65 OTM:0.35 | lr: 3.00e-04 | left: 91s
step 07600 ( 62.7%) | loss: 0.976887 | trade:0.31 call:0.54 put:0.46 | ATM:0.57 OTM:0.43 | lr: 3.00e-04 | left: 90s
step 07650 ( 63.2%) | loss: 0.989575 | trade:0.31 call:0.50 put:0.50 | ATM:0.56 OTM:0.44 | lr: 3.00e-04 | left: 88s
step 07700 ( 63.7%) | loss: 0.994976 | trade:0.34 call:0.63 put:0.37 | ATM:0.55 OTM:0.45 | lr: 3.00e-04 | left: 87s
step 07750 ( 64.2%) | loss: 0.973694 | trade:0.35 call:0.59 put:0.41 | ATM:0.59 OTM:0.41 | lr: 3.00e-04 | left: 86s
step 07800 ( 64.7%) | loss: 0.971768 | trade:0.30 call:0.57 put:0.43 | ATM:0.64 OTM:0.36 | lr: 3.00e-04 | left: 85s
step 07850 ( 65.2%) | loss: 0.981705 | trade:0.35 call:0.59 put:0.41 | ATM:0.60 OTM:0.40 | lr: 3.00e-04 | left: 83s
step 07900 ( 65.7%) | loss: 0.970997 | trade:0.34 call:0.65 put:0.35 | ATM:0.59 OTM:0.41 | lr: 3.00e-04 | left: 82s
step 07950 ( 66.2%) | loss: 0.961403 | trade:0.40 call:0.55 put:0.45 | ATM:0.54 OTM:0.46 | lr: 3.00e-04 | left: 81s
step 08000 ( 66.8%) | loss: 0.969421 | trade:0.34 call:0.51 put:0.49 | ATM:0.63 OTM:0.37 | lr: 3.00e-04 | left: 80s
step 08050 ( 67.3%) | loss: 0.981870 | trade:0.38 call:0.61 put:0.39 | ATM:0.58 OTM:0.42 | lr: 3.00e-04 | left: 79s
step 08100 ( 67.8%) | loss: 0.953531 | trade:0.33 call:0.58 put:0.42 | ATM:0.65 OTM:0.35 | lr: 3.00e-04 | left: 77s
step 08150 ( 68.3%) | loss: 0.973639 | trade:0.33 call:0.52 put:0.48 | ATM:0.55 OTM:0.45 | lr: 3.00e-04 | left: 76s
step 08200 ( 68.8%) | loss: 0.987848 | trade:0.35 call:0.55 put:0.45 | ATM:0.57 OTM:0.43 | lr: 3.00e-04 | left: 75s
step 08250 ( 69.3%) | loss: 0.967965 | trade:0.41 call:0.55 put:0.45 | ATM:0.52 OTM:0.48 | lr: 3.00e-04 | left: 74s
step 08300 ( 69.8%) | loss: 0.981706 | trade:0.26 call:0.61 put:0.39 | ATM:0.58 OTM:0.42 | lr: 3.00e-04 | left: 72s
step 08350 ( 70.3%) | loss: 0.973067 | trade:0.36 call:0.59 put:0.41 | ATM:0.61 OTM:0.39 | lr: 3.00e-04 | left: 71s
step 08400 ( 70.8%) | loss: 0.965185 | trade:0.32 call:0.55 put:0.45 | ATM:0.64 OTM:0.36 | lr: 2.99e-04 | left: 70s
step 08450 ( 71.3%) | loss: 0.973703 | trade:0.30 call:0.52 put:0.48 | ATM:0.58 OTM:0.42 | lr: 2.99e-04 | left: 69s
step 08500 ( 71.6%) | loss: 0.966141 | trade:0.36 call:0.55 put:0.45 | ATM:0.58 OTM:0.42 | lr: 2.98e-04 | left: 68s
step 08550 ( 71.8%) | loss: 0.935292 | trade:0.33 call:0.62 put:0.38 | ATM:0.64 OTM:0.36 | lr: 2.97e-04 | left: 68s
step 08600 ( 72.0%) | loss: 0.956130 | trade:0.33 call:0.56 put:0.44 | ATM:0.55 OTM:0.45 | lr: 2.97e-04 | left: 67s
step 08650 ( 72.2%) | loss: 0.931067 | trade:0.32 call:0.51 put:0.49 | ATM:0.57 OTM:0.43 | lr: 2.96e-04 | left: 67s
step 08700 ( 72.4%) | loss: 0.958292 | trade:0.36 call:0.52 put:0.48 | ATM:0.59 OTM:0.41 | lr: 2.95e-04 | left: 66s
step 08750 ( 72.6%) | loss: 0.962652 | trade:0.35 call:0.52 put:0.48 | ATM:0.58 OTM:0.42 | lr: 2.94e-04 | left: 66s
step 08800 ( 72.8%) | loss: 0.945819 | trade:0.36 call:0.56 put:0.44 | ATM:0.60 OTM:0.40 | lr: 2.93e-04 | left: 65s
step 08850 ( 73.1%) | loss: 0.939084 | trade:0.30 call:0.56 put:0.44 | ATM:0.62 OTM:0.38 | lr: 2.92e-04 | left: 65s
step 08900 ( 73.3%) | loss: 0.961354 | trade:0.32 call:0.59 put:0.41 | ATM:0.54 OTM:0.46 | lr: 2.91e-04 | left: 64s
step 08950 ( 73.5%) | loss: 0.934407 | trade:0.39 call:0.63 put:0.37 | ATM:0.56 OTM:0.44 | lr: 2.90e-04 | left: 64s
step 09000 ( 74.0%) | loss: 0.945641 | trade:0.28 call:0.64 put:0.36 | ATM:0.62 OTM:0.38 | lr: 2.87e-04 | left: 62s
step 09050 ( 74.5%) | loss: 0.966064 | trade:0.37 call:0.52 put:0.48 | ATM:0.52 OTM:0.48 | lr: 2.84e-04 | left: 61s
step 09100 ( 75.0%) | loss: 0.955945 | trade:0.35 call:0.58 put:0.42 | ATM:0.61 OTM:0.39 | lr: 2.80e-04 | left: 60s
step 09150 ( 75.5%) | loss: 0.931288 | trade:0.31 call:0.55 put:0.45 | ATM:0.61 OTM:0.39 | lr: 2.76e-04 | left: 59s
step 09200 ( 76.0%) | loss: 0.955416 | trade:0.30 call:0.57 put:0.43 | ATM:0.64 OTM:0.36 | lr: 2.72e-04 | left: 58s
step 09250 ( 76.5%) | loss: 0.925712 | trade:0.34 call:0.54 put:0.46 | ATM:0.68 OTM:0.32 | lr: 2.67e-04 | left: 56s
step 09300 ( 77.0%) | loss: 0.935943 | trade:0.30 call:0.56 put:0.44 | ATM:0.57 OTM:0.43 | lr: 2.61e-04 | left: 55s
step 09350 ( 77.5%) | loss: 0.946062 | trade:0.34 call:0.60 put:0.40 | ATM:0.61 OTM:0.39 | lr: 2.56e-04 | left: 54s
step 09400 ( 77.8%) | loss: 0.940242 | trade:0.32 call:0.58 put:0.42 | ATM:0.63 OTM:0.37 | lr: 2.53e-04 | left: 53s
step 09450 ( 78.0%) | loss: 0.907579 | trade:0.34 call:0.57 put:0.43 | ATM:0.61 OTM:0.39 | lr: 2.51e-04 | left: 53s
step 09500 ( 78.2%) | loss: 0.938453 | trade:0.34 call:0.53 put:0.47 | ATM:0.60 OTM:0.40 | lr: 2.48e-04 | left: 52s
step 09550 ( 78.4%) | loss: 0.918648 | trade:0.37 call:0.59 put:0.41 | ATM:0.58 OTM:0.42 | lr: 2.45e-04 | left: 52s
step 09600 ( 78.6%) | loss: 0.936829 | trade:0.34 call:0.57 put:0.43 | ATM:0.53 OTM:0.47 | lr: 2.43e-04 | left: 51s
step 09650 ( 78.8%) | loss: 0.943327 | trade:0.36 call:0.57 put:0.43 | ATM:0.56 OTM:0.44 | lr: 2.40e-04 | left: 51s
step 09700 ( 79.1%) | loss: 0.932448 | trade:0.36 call:0.55 put:0.45 | ATM:0.57 OTM:0.43 | lr: 2.37e-04 | left: 50s
step 09750 ( 79.3%) | loss: 0.932189 | trade:0.29 call:0.60 put:0.40 | ATM:0.67 OTM:0.33 | lr: 2.35e-04 | left: 50s
step 09800 ( 79.5%) | loss: 0.918834 | trade:0.29 call:0.62 put:0.38 | ATM:0.62 OTM:0.38 | lr: 2.32e-04 | left: 49s
step 09850 ( 79.7%) | loss: 0.907472 | trade:0.33 call:0.51 put:0.49 | ATM:0.60 OTM:0.40 | lr: 2.29e-04 | left: 49s
step 09900 ( 79.9%) | loss: 0.941263 | trade:0.29 call:0.57 put:0.43 | ATM:0.61 OTM:0.39 | lr: 2.26e-04 | left: 48s
step 09950 ( 80.2%) | loss: 0.923671 | trade:0.33 call:0.62 put:0.38 | ATM:0.68 OTM:0.32 | lr: 2.22e-04 | left: 47s
step 10000 ( 80.5%) | loss: 0.929686 | trade:0.35 call:0.54 put:0.46 | ATM:0.64 OTM:0.36 | lr: 2.18e-04 | left: 47s
step 10050 ( 80.7%) | loss: 0.914650 | trade:0.32 call:0.56 put:0.44 | ATM:0.57 OTM:0.43 | lr: 2.15e-04 | left: 46s
step 10100 ( 81.1%) | loss: 0.926823 | trade:0.33 call:0.50 put:0.50 | ATM:0.63 OTM:0.37 | lr: 2.10e-04 | left: 45s
step 10150 ( 81.6%) | loss: 0.937799 | trade:0.34 call:0.58 put:0.42 | ATM:0.57 OTM:0.43 | lr: 2.03e-04 | left: 44s
step 10200 ( 82.1%) | loss: 0.915220 | trade:0.34 call:0.63 put:0.37 | ATM:0.59 OTM:0.41 | lr: 1.95e-04 | left: 43s
step 10250 ( 82.6%) | loss: 0.900585 | trade:0.34 call:0.56 put:0.44 | ATM:0.57 OTM:0.43 | lr: 1.87e-04 | left: 42s
step 10300 ( 83.1%) | loss: 0.911845 | trade:0.29 call:0.60 put:0.40 | ATM:0.61 OTM:0.39 | lr: 1.79e-04 | left: 40s
step 10350 ( 83.6%) | loss: 0.912645 | trade:0.31 call:0.59 put:0.41 | ATM:0.60 OTM:0.40 | lr: 1.71e-04 | left: 39s
step 10400 ( 84.0%) | loss: 0.907877 | trade:0.31 call:0.60 put:0.40 | ATM:0.62 OTM:0.38 | lr: 1.66e-04 | left: 38s
step 10450 ( 84.2%) | loss: 0.899188 | trade:0.31 call:0.60 put:0.40 | ATM:0.64 OTM:0.36 | lr: 1.62e-04 | left: 38s
step 10500 ( 84.4%) | loss: 0.923124 | trade:0.30 call:0.62 put:0.38 | ATM:0.64 OTM:0.36 | lr: 1.59e-04 | left: 37s
step 10550 ( 84.6%) | loss: 0.908767 | trade:0.31 call:0.51 put:0.49 | ATM:0.53 OTM:0.47 | lr: 1.56e-04 | left: 37s
step 10600 ( 85.0%) | loss: 0.910517 | trade:0.29 call:0.56 put:0.44 | ATM:0.66 OTM:0.34 | lr: 1.51e-04 | left: 36s
step 10650 ( 85.2%) | loss: 0.901555 | trade:0.29 call:0.54 put:0.46 | ATM:0.62 OTM:0.38 | lr: 1.46e-04 | left: 35s
step 10700 ( 85.5%) | loss: 0.914435 | trade:0.35 call:0.59 put:0.41 | ATM:0.60 OTM:0.40 | lr: 1.42e-04 | left: 35s
step 10750 ( 85.7%) | loss: 0.900948 | trade:0.31 call:0.53 put:0.47 | ATM:0.59 OTM:0.41 | lr: 1.39e-04 | left: 34s
step 10800 ( 86.0%) | loss: 0.906193 | trade:0.36 call:0.57 put:0.43 | ATM:0.56 OTM:0.44 | lr: 1.35e-04 | left: 34s
step 10850 ( 86.2%) | loss: 0.897055 | trade:0.37 call:0.55 put:0.45 | ATM:0.63 OTM:0.37 | lr: 1.31e-04 | left: 33s
step 10900 ( 86.4%) | loss: 0.891667 | trade:0.33 call:0.57 put:0.43 | ATM:0.63 OTM:0.37 | lr: 1.28e-04 | left: 33s
step 10950 ( 86.7%) | loss: 0.917396 | trade:0.36 call:0.60 put:0.40 | ATM:0.57 OTM:0.43 | lr: 1.24e-04 | left: 32s
step 11000 ( 86.9%) | loss: 0.887637 | trade:0.31 call:0.55 put:0.45 | ATM:0.59 OTM:0.41 | lr: 1.21e-04 | left: 31s
step 11050 ( 87.1%) | loss: 0.895444 | trade:0.28 call:0.63 put:0.37 | ATM:0.66 OTM:0.34 | lr: 1.17e-04 | left: 31s
step 11100 ( 87.3%) | loss: 0.907856 | trade:0.37 call:0.63 put:0.37 | ATM:0.60 OTM:0.40 | lr: 1.14e-04 | left: 30s
step 11150 ( 87.5%) | loss: 0.894077 | trade:0.33 call:0.53 put:0.47 | ATM:0.59 OTM:0.41 | lr: 1.11e-04 | left: 30s
step 11200 ( 87.7%) | loss: 0.896190 | trade:0.36 call:0.53 put:0.47 | ATM:0.59 OTM:0.41 | lr: 1.08e-04 | left: 29s
step 11250 ( 87.9%) | loss: 0.898023 | trade:0.29 call:0.59 put:0.41 | ATM:0.62 OTM:0.38 | lr: 1.05e-04 | left: 29s
step 11300 ( 88.1%) | loss: 0.891435 | trade:0.31 call:0.62 put:0.38 | ATM:0.63 OTM:0.37 | lr: 1.01e-04 | left: 28s
step 11350 ( 88.4%) | loss: 0.893279 | trade:0.38 call:0.55 put:0.45 | ATM:0.60 OTM:0.40 | lr: 9.81e-05 | left: 28s
step 11400 ( 88.6%) | loss: 0.903968 | trade:0.36 call:0.59 put:0.41 | ATM:0.58 OTM:0.42 | lr: 9.43e-05 | left: 27s
step 11450 ( 88.9%) | loss: 0.883653 | trade:0.31 call:0.61 put:0.39 | ATM:0.66 OTM:0.34 | lr: 9.10e-05 | left: 27s
step 11500 ( 89.1%) | loss: 0.895836 | trade:0.31 call:0.67 put:0.33 | ATM:0.63 OTM:0.37 | lr: 8.80e-05 | left: 26s
step 11550 ( 89.3%) | loss: 0.891004 | trade:0.32 call:0.57 put:0.43 | ATM:0.65 OTM:0.35 | lr: 8.51e-05 | left: 26s
step 11600 ( 89.5%) | loss: 0.889488 | trade:0.36 call:0.58 put:0.42 | ATM:0.65 OTM:0.35 | lr: 8.20e-05 | left: 25s
step 11650 ( 89.8%) | loss: 0.888339 | trade:0.33 call:0.54 put:0.46 | ATM:0.62 OTM:0.38 | lr: 7.84e-05 | left: 25s
step 11700 ( 90.0%) | loss: 0.895975 | trade:0.32 call:0.61 put:0.39 | ATM:0.67 OTM:0.33 | lr: 7.56e-05 | left: 24s
step 11750 ( 90.2%) | loss: 0.883507 | trade:0.33 call:0.59 put:0.41 | ATM:0.56 OTM:0.44 | lr: 7.24e-05 | left: 24s
step 11800 ( 90.4%) | loss: 0.869471 | trade:0.39 call:0.61 put:0.39 | ATM:0.64 OTM:0.36 | lr: 6.97e-05 | left: 23s
step 11850 ( 90.6%) | loss: 0.870361 | trade:0.36 call:0.62 put:0.38 | ATM:0.64 OTM:0.36 | lr: 6.64e-05 | left: 22s
step 11900 ( 90.9%) | loss: 0.896324 | trade:0.27 call:0.62 put:0.38 | ATM:0.64 OTM:0.36 | lr: 6.33e-05 | left: 22s
step 11950 ( 91.1%) | loss: 0.879512 | trade:0.32 call:0.55 put:0.45 | ATM:0.61 OTM:0.39 | lr: 6.01e-05 | left: 21s
step 12000 ( 91.4%) | loss: 0.878193 | trade:0.36 call:0.52 put:0.48 | ATM:0.58 OTM:0.42 | lr: 5.72e-05 | left: 21s
step 12050 ( 91.6%) | loss: 0.894482 | trade:0.35 call:0.56 put:0.44 | ATM:0.60 OTM:0.40 | lr: 5.42e-05 | left: 20s
step 12100 ( 91.9%) | loss: 0.859668 | trade:0.27 call:0.65 put:0.35 | ATM:0.63 OTM:0.37 | lr: 5.13e-05 | left: 20s
step 12150 ( 92.1%) | loss: 0.874547 | trade:0.29 call:0.60 put:0.40 | ATM:0.67 OTM:0.33 | lr: 4.85e-05 | left: 19s
step 12200 ( 92.4%) | loss: 0.892054 | trade:0.30 call:0.52 put:0.48 | ATM:0.63 OTM:0.37 | lr: 4.55e-05 | left: 18s
step 12250 ( 92.6%) | loss: 0.871848 | trade:0.32 call:0.58 put:0.42 | ATM:0.60 OTM:0.40 | lr: 4.29e-05 | left: 18s
step 12300 ( 93.0%) | loss: 0.875628 | trade:0.32 call:0.60 put:0.40 | ATM:0.64 OTM:0.36 | lr: 3.87e-05 | left: 17s
step 12350 ( 93.5%) | loss: 0.884852 | trade:0.29 call:0.59 put:0.41 | ATM:0.60 OTM:0.40 | lr: 3.35e-05 | left: 16s
step 12400 ( 94.0%) | loss: 0.869689 | trade:0.34 call:0.57 put:0.43 | ATM:0.61 OTM:0.39 | lr: 2.86e-05 | left: 14s
step 12450 ( 94.5%) | loss: 0.870115 | trade:0.34 call:0.60 put:0.40 | ATM:0.59 OTM:0.41 | lr: 2.40e-05 | left: 13s
step 12500 ( 95.0%) | loss: 0.891213 | trade:0.29 call:0.61 put:0.39 | ATM:0.65 OTM:0.35 | lr: 1.98e-05 | left: 12s
step 12550 ( 95.2%) | loss: 0.879371 | trade:0.34 call:0.54 put:0.46 | ATM:0.59 OTM:0.41 | lr: 1.82e-05 | left: 11s
step 12600 ( 95.7%) | loss: 0.869590 | trade:0.27 call:0.58 put:0.42 | ATM:0.57 OTM:0.43 | lr: 1.51e-05 | left: 10s
step 12650 ( 96.2%) | loss: 0.881138 | trade:0.30 call:0.59 put:0.41 | ATM:0.63 OTM:0.37 | lr: 1.18e-05 | left: 9s
step 12700 ( 96.7%) | loss: 0.883897 | trade:0.33 call:0.58 put:0.42 | ATM:0.62 OTM:0.38 | lr: 8.88e-06 | left: 8s
step 12750 ( 97.2%) | loss: 0.855455 | trade:0.34 call:0.61 put:0.39 | ATM:0.60 OTM:0.40 | lr: 6.37e-06 | left: 7s
step 12800 ( 97.7%) | loss: 0.884748 | trade:0.32 call:0.62 put:0.38 | ATM:0.60 OTM:0.40 | lr: 4.27e-06 | left: 5s
step 12850 ( 98.2%) | loss: 0.883814 | trade:0.31 call:0.57 put:0.43 | ATM:0.60 OTM:0.40 | lr: 2.58e-06 | left: 4s
step 12900 ( 98.7%) | loss: 0.860090 | trade:0.32 call:0.60 put:0.40 | ATM:0.59 OTM:0.41 | lr: 1.37e-06 | left: 3s
step 12950 ( 99.2%) | loss: 0.876078 | trade:0.38 call:0.58 put:0.42 | ATM:0.58 OTM:0.42 | lr: 5.17e-07 | left: 2s
step 13000 ( 99.7%) | loss: 0.867150 | trade:0.30 call:0.57 put:0.43 | ATM:0.64 OTM:0.36 | lr: 7.16e-08 | left: 1s

Training done at 245s. Starting evaluation...
Evaluation done in 7s (total wall: 251s)
Model saved to /root/best_model.pt
Trade log: 106 trades -> /root/trade_log.csv

---
score:              0.137152
profit_factor:      1.760325
win_rate:           0.358491
avg_winner:         0.636976
avg_loser:          -0.202211
trades_per_day:     1.630769
max_consec_loss:    11
num_trades:         106
trade_sharpe:       2.393359
sortino:            17.971565
max_drawdown:       -4.787965
calmar:             2.183544
ev_per_trade:       0.098630
do_nothing_pct:     0.592152
exit_pct:           0.015919
model_exit_count:   71
cooldown_blocked:   144
pre_10am_blocked:   658
short_hold_pct:     0.255000
stop_loss_rate:     0.302000
direction_collapse_pct: 0.434000
avg_entry_cost_bps: 409.013500
avg_entry_quality:  0.708900
cost_realism_coverage: 1.009400
high_cost_entry_rate: 0.556600
low_quality_entry_rate: 0.000000
actionable_bar_rate: 0.829100
risk_off_bar_rate:  0.000000
final_capital:      9976.62
equity_sharpe:      0.547500
max_equity_dd:      -0.440100
total_dollar_return:-0.002300
val_sharpe:         -24.047107
total_return:       10.454731
num_val_bars:       4460
num_val_days:       65
worst_chunk_pf:     0.24
rr_ratio:           3.1501
avg_hold_bars:      9.58
model_exit_rate:    0.6698
hit_ruin:           False
min_equity_frac:    0.5612
avg_risk_fraction:  0.1189
max_risk_fraction:  0.3946
trades_blocked_by_balance: 0
training_seconds:   240.0
total_seconds:      253.6
peak_vram_mb:       357.0
num_steps:          13029
num_params:         145,064
lookback:           120
depth:              3
d_model:            64
effective_lr:       0.0003
gate_label_smoothing:0.050000
dir_label_smoothing:0.050000
false_entry_penalty:2.000000
/opt/conda/lib/python3.11/site-packages/torch/nn/modules/transformer.py:379: UserWarning: enable_nested_tensor is True, but self.use_nested_tensor is False because encoder_layer.norm_first was True
  warnings.warn(
