Loading data from: /root/.cache/autoresearch-trading/features/data.pt
Loaded 382920 1-min bars, 32 features, 8 actions
  ~981 trading days
Training:   up to idx 268019
Validation: idx 268020-382919
  Option P&L coverage: 296720/382920 (77%)
Parameters: 146,729
Architecture: v4 simplified two-head (gate+dir) + enhanced position state
Training from scratch (v4: no warm-start).

Budget: 240s | Batch: 128 | Lookback: 120
LR: 0.0003 | Depth: 3 | d_model: 64 | ff_mult: 3
Dropout: 0.15 | Weight decay: 0.05
False entry penalty: 2.0x
Label smoothing: gate=0.05 dir=0.05

step 00000 (  0.0%) | loss: 3.065067 | trade:0.29 call:0.45 put:0.55 | ATM:0.22 OTM:0.78 | lr: 0.00e+00 | left: 240s
step 00050 (  0.4%) | loss: 3.208556 | trade:0.29 call:0.45 put:0.55 | ATM:0.22 OTM:0.78 | lr: 1.07e-05 | left: 239s
step 00100 (  0.9%) | loss: 3.152357 | trade:0.34 call:0.46 put:0.54 | ATM:0.23 OTM:0.77 | lr: 2.65e-05 | left: 238s
step 00150 (  1.3%) | loss: 3.057443 | trade:0.40 call:0.47 put:0.53 | ATM:0.24 OTM:0.76 | lr: 3.97e-05 | left: 237s
step 00200 (  1.8%) | loss: 2.974798 | trade:0.44 call:0.48 put:0.52 | ATM:0.27 OTM:0.73 | lr: 5.48e-05 | left: 236s
step 00250 (  2.4%) | loss: 2.896736 | trade:0.43 call:0.53 put:0.47 | ATM:0.31 OTM:0.69 | lr: 7.05e-05 | left: 234s
step 00300 (  2.9%) | loss: 2.827547 | trade:0.44 call:0.53 put:0.47 | ATM:0.32 OTM:0.68 | lr: 8.60e-05 | left: 233s
step 00350 (  3.4%) | loss: 2.788273 | trade:0.43 call:0.55 put:0.45 | ATM:0.34 OTM:0.66 | lr: 1.02e-04 | left: 232s
step 00400 (  3.9%) | loss: 2.678278 | trade:0.42 call:0.55 put:0.45 | ATM:0.34 OTM:0.66 | lr: 1.17e-04 | left: 231s
step 00450 (  4.2%) | loss: 2.573157 | trade:0.42 call:0.54 put:0.46 | ATM:0.34 OTM:0.66 | lr: 1.25e-04 | left: 230s
step 00500 (  4.4%) | loss: 2.526951 | trade:0.44 call:0.56 put:0.44 | ATM:0.36 OTM:0.64 | lr: 1.32e-04 | left: 229s
step 00550 (  4.8%) | loss: 2.397838 | trade:0.44 call:0.58 put:0.42 | ATM:0.37 OTM:0.63 | lr: 1.45e-04 | left: 228s
step 00600 (  5.3%) | loss: 2.297194 | trade:0.42 call:0.56 put:0.44 | ATM:0.38 OTM:0.62 | lr: 1.60e-04 | left: 227s
step 00650 (  5.8%) | loss: 2.229999 | trade:0.43 call:0.58 put:0.42 | ATM:0.38 OTM:0.62 | lr: 1.75e-04 | left: 226s
step 00700 (  6.3%) | loss: 2.096572 | trade:0.41 call:0.62 put:0.38 | ATM:0.41 OTM:0.59 | lr: 1.89e-04 | left: 225s
step 00750 (  6.8%) | loss: 1.972325 | trade:0.41 call:0.63 put:0.37 | ATM:0.43 OTM:0.57 | lr: 2.05e-04 | left: 224s
step 00800 (  7.3%) | loss: 1.879807 | trade:0.41 call:0.54 put:0.46 | ATM:0.40 OTM:0.60 | lr: 2.20e-04 | left: 222s
step 00850 (  7.9%) | loss: 1.796099 | trade:0.41 call:0.62 put:0.38 | ATM:0.43 OTM:0.57 | lr: 2.36e-04 | left: 221s
step 00900 (  8.4%) | loss: 1.715778 | trade:0.42 call:0.58 put:0.42 | ATM:0.40 OTM:0.60 | lr: 2.51e-04 | left: 220s
step 00950 (  8.9%) | loss: 1.650805 | trade:0.43 call:0.65 put:0.35 | ATM:0.46 OTM:0.54 | lr: 2.67e-04 | left: 219s
step 01000 (  9.4%) | loss: 1.578792 | trade:0.41 call:0.72 put:0.28 | ATM:0.47 OTM:0.53 | lr: 2.83e-04 | left: 217s
step 01050 ( 10.0%) | loss: 1.513689 | trade:0.38 call:0.68 put:0.32 | ATM:0.43 OTM:0.57 | lr: 2.99e-04 | left: 216s
step 01100 ( 10.5%) | loss: 1.471671 | trade:0.38 call:0.70 put:0.30 | ATM:0.49 OTM:0.51 | lr: 3.00e-04 | left: 215s
step 01150 ( 11.0%) | loss: 1.428345 | trade:0.37 call:0.66 put:0.34 | ATM:0.50 OTM:0.50 | lr: 3.00e-04 | left: 214s
step 01200 ( 11.5%) | loss: 1.418930 | trade:0.42 call:0.66 put:0.34 | ATM:0.42 OTM:0.58 | lr: 3.00e-04 | left: 212s
step 01250 ( 12.0%) | loss: 1.381662 | trade:0.36 call:0.65 put:0.35 | ATM:0.53 OTM:0.47 | lr: 3.00e-04 | left: 211s
step 01300 ( 12.6%) | loss: 1.351575 | trade:0.30 call:0.68 put:0.32 | ATM:0.51 OTM:0.49 | lr: 3.00e-04 | left: 210s
step 01350 ( 13.1%) | loss: 1.309760 | trade:0.32 call:0.60 put:0.40 | ATM:0.48 OTM:0.52 | lr: 3.00e-04 | left: 209s
step 01400 ( 13.6%) | loss: 1.315814 | trade:0.36 call:0.61 put:0.39 | ATM:0.55 OTM:0.45 | lr: 3.00e-04 | left: 207s
step 01450 ( 14.1%) | loss: 1.303393 | trade:0.31 call:0.72 put:0.28 | ATM:0.48 OTM:0.52 | lr: 3.00e-04 | left: 206s
step 01500 ( 14.4%) | loss: 1.315321 | trade:0.44 call:0.63 put:0.37 | ATM:0.50 OTM:0.50 | lr: 3.00e-04 | left: 205s
step 01550 ( 14.8%) | loss: 1.251936 | trade:0.35 call:0.66 put:0.34 | ATM:0.51 OTM:0.49 | lr: 3.00e-04 | left: 205s
step 01600 ( 15.3%) | loss: 1.253599 | trade:0.36 call:0.59 put:0.41 | ATM:0.47 OTM:0.53 | lr: 3.00e-04 | left: 203s
step 01650 ( 15.8%) | loss: 1.290529 | trade:0.39 call:0.63 put:0.37 | ATM:0.51 OTM:0.49 | lr: 3.00e-04 | left: 202s
step 01700 ( 16.3%) | loss: 1.254778 | trade:0.30 call:0.64 put:0.36 | ATM:0.53 OTM:0.47 | lr: 3.00e-04 | left: 201s
step 01750 ( 16.8%) | loss: 1.211639 | trade:0.35 call:0.62 put:0.38 | ATM:0.56 OTM:0.44 | lr: 3.00e-04 | left: 200s
step 01800 ( 17.3%) | loss: 1.233520 | trade:0.28 call:0.57 put:0.43 | ATM:0.57 OTM:0.43 | lr: 3.00e-04 | left: 198s
step 01850 ( 17.9%) | loss: 1.210306 | trade:0.38 call:0.59 put:0.41 | ATM:0.52 OTM:0.48 | lr: 3.00e-04 | left: 197s
step 01900 ( 18.4%) | loss: 1.183783 | trade:0.37 call:0.61 put:0.39 | ATM:0.53 OTM:0.47 | lr: 3.00e-04 | left: 196s
step 01950 ( 18.9%) | loss: 1.195371 | trade:0.31 call:0.60 put:0.40 | ATM:0.49 OTM:0.51 | lr: 3.00e-04 | left: 195s
step 02000 ( 19.4%) | loss: 1.167647 | trade:0.31 call:0.65 put:0.35 | ATM:0.53 OTM:0.47 | lr: 3.00e-04 | left: 193s
step 02050 ( 19.8%) | loss: 1.216389 | trade:0.35 call:0.63 put:0.37 | ATM:0.53 OTM:0.47 | lr: 3.00e-04 | left: 193s
step 02100 ( 20.3%) | loss: 1.179904 | trade:0.33 call:0.61 put:0.39 | ATM:0.51 OTM:0.49 | lr: 3.00e-04 | left: 191s
step 02150 ( 20.8%) | loss: 1.193654 | trade:0.34 call:0.59 put:0.41 | ATM:0.55 OTM:0.45 | lr: 3.00e-04 | left: 190s
step 02200 ( 21.3%) | loss: 1.174669 | trade:0.39 call:0.58 put:0.42 | ATM:0.49 OTM:0.51 | lr: 3.00e-04 | left: 189s
step 02250 ( 21.8%) | loss: 1.154557 | trade:0.36 call:0.58 put:0.42 | ATM:0.59 OTM:0.41 | lr: 3.00e-04 | left: 188s
step 02300 ( 22.3%) | loss: 1.164229 | trade:0.31 call:0.58 put:0.42 | ATM:0.53 OTM:0.47 | lr: 3.00e-04 | left: 186s
step 02350 ( 22.9%) | loss: 1.140572 | trade:0.34 call:0.66 put:0.34 | ATM:0.60 OTM:0.40 | lr: 3.00e-04 | left: 185s
step 02400 ( 23.4%) | loss: 1.141923 | trade:0.30 call:0.71 put:0.29 | ATM:0.48 OTM:0.52 | lr: 3.00e-04 | left: 184s
step 02450 ( 23.9%) | loss: 1.170894 | trade:0.39 call:0.64 put:0.36 | ATM:0.51 OTM:0.49 | lr: 3.00e-04 | left: 183s
step 02500 ( 24.4%) | loss: 1.140098 | trade:0.37 call:0.56 put:0.44 | ATM:0.53 OTM:0.47 | lr: 3.00e-04 | left: 181s
step 02550 ( 24.9%) | loss: 1.139734 | trade:0.34 call:0.58 put:0.42 | ATM:0.55 OTM:0.45 | lr: 3.00e-04 | left: 180s
step 02600 ( 25.4%) | loss: 1.144020 | trade:0.33 call:0.54 put:0.46 | ATM:0.52 OTM:0.48 | lr: 3.00e-04 | left: 179s
step 02650 ( 25.7%) | loss: 1.146064 | trade:0.35 call:0.60 put:0.40 | ATM:0.58 OTM:0.42 | lr: 3.00e-04 | left: 178s
step 02700 ( 26.0%) | loss: 1.137350 | trade:0.32 call:0.57 put:0.43 | ATM:0.57 OTM:0.43 | lr: 3.00e-04 | left: 178s
step 02750 ( 26.3%) | loss: 1.150767 | trade:0.34 call:0.53 put:0.47 | ATM:0.56 OTM:0.44 | lr: 3.00e-04 | left: 177s
step 02800 ( 26.5%) | loss: 1.125005 | trade:0.35 call:0.60 put:0.40 | ATM:0.61 OTM:0.39 | lr: 3.00e-04 | left: 176s
step 02850 ( 26.7%) | loss: 1.106665 | trade:0.28 call:0.62 put:0.38 | ATM:0.67 OTM:0.33 | lr: 3.00e-04 | left: 176s
step 02900 ( 27.0%) | loss: 1.098532 | trade:0.36 call:0.59 put:0.41 | ATM:0.58 OTM:0.42 | lr: 3.00e-04 | left: 175s
step 02950 ( 27.2%) | loss: 1.133539 | trade:0.38 call:0.59 put:0.41 | ATM:0.56 OTM:0.44 | lr: 3.00e-04 | left: 175s
step 03000 ( 27.4%) | loss: 1.107598 | trade:0.39 call:0.55 put:0.45 | ATM:0.58 OTM:0.42 | lr: 3.00e-04 | left: 174s
step 03050 ( 27.6%) | loss: 1.119120 | trade:0.37 call:0.62 put:0.38 | ATM:0.57 OTM:0.43 | lr: 3.00e-04 | left: 174s
step 03100 ( 27.8%) | loss: 1.097989 | trade:0.35 call:0.65 put:0.35 | ATM:0.63 OTM:0.37 | lr: 3.00e-04 | left: 173s
step 03150 ( 28.0%) | loss: 1.091571 | trade:0.34 call:0.58 put:0.42 | ATM:0.57 OTM:0.43 | lr: 3.00e-04 | left: 173s
step 03200 ( 28.2%) | loss: 1.097830 | trade:0.35 call:0.62 put:0.38 | ATM:0.54 OTM:0.46 | lr: 3.00e-04 | left: 172s
step 03250 ( 28.5%) | loss: 1.121059 | trade:0.28 call:0.62 put:0.38 | ATM:0.61 OTM:0.39 | lr: 3.00e-04 | left: 172s
step 03300 ( 28.8%) | loss: 1.086058 | trade:0.35 call:0.64 put:0.36 | ATM:0.60 OTM:0.40 | lr: 3.00e-04 | left: 171s
step 03350 ( 29.0%) | loss: 1.112574 | trade:0.29 call:0.55 put:0.45 | ATM:0.65 OTM:0.35 | lr: 3.00e-04 | left: 170s
step 03400 ( 29.2%) | loss: 1.088874 | trade:0.36 call:0.62 put:0.38 | ATM:0.59 OTM:0.41 | lr: 3.00e-04 | left: 170s
step 03450 ( 29.4%) | loss: 1.058869 | trade:0.34 call:0.64 put:0.36 | ATM:0.54 OTM:0.46 | lr: 3.00e-04 | left: 169s
step 03500 ( 29.6%) | loss: 1.089536 | trade:0.32 call:0.63 put:0.37 | ATM:0.57 OTM:0.43 | lr: 3.00e-04 | left: 169s
step 03550 ( 29.8%) | loss: 1.089438 | trade:0.35 call:0.62 put:0.38 | ATM:0.55 OTM:0.45 | lr: 3.00e-04 | left: 168s
step 03600 ( 30.0%) | loss: 1.084551 | trade:0.32 call:0.60 put:0.40 | ATM:0.61 OTM:0.39 | lr: 3.00e-04 | left: 168s
step 03650 ( 30.2%) | loss: 1.091649 | trade:0.30 call:0.61 put:0.39 | ATM:0.61 OTM:0.39 | lr: 3.00e-04 | left: 167s
step 03700 ( 30.4%) | loss: 1.068561 | trade:0.34 call:0.60 put:0.40 | ATM:0.63 OTM:0.37 | lr: 3.00e-04 | left: 167s
step 03750 ( 30.6%) | loss: 1.101314 | trade:0.28 call:0.61 put:0.39 | ATM:0.70 OTM:0.30 | lr: 3.00e-04 | left: 166s
step 03800 ( 30.9%) | loss: 1.072636 | trade:0.36 call:0.57 put:0.43 | ATM:0.64 OTM:0.36 | lr: 3.00e-04 | left: 166s
step 03850 ( 31.1%) | loss: 1.071103 | trade:0.33 call:0.56 put:0.44 | ATM:0.57 OTM:0.43 | lr: 3.00e-04 | left: 165s
step 03900 ( 31.3%) | loss: 1.079061 | trade:0.38 call:0.57 put:0.43 | ATM:0.58 OTM:0.42 | lr: 3.00e-04 | left: 165s
step 03950 ( 31.6%) | loss: 1.054123 | trade:0.26 call:0.67 put:0.33 | ATM:0.61 OTM:0.39 | lr: 3.00e-04 | left: 164s
step 04000 ( 31.8%) | loss: 1.074410 | trade:0.35 call:0.64 put:0.36 | ATM:0.58 OTM:0.42 | lr: 3.00e-04 | left: 164s
step 04050 ( 32.0%) | loss: 1.067834 | trade:0.36 call:0.62 put:0.38 | ATM:0.57 OTM:0.43 | lr: 3.00e-04 | left: 163s
step 04100 ( 32.2%) | loss: 1.054039 | trade:0.29 call:0.65 put:0.35 | ATM:0.64 OTM:0.36 | lr: 3.00e-04 | left: 163s
step 04150 ( 32.4%) | loss: 1.044729 | trade:0.31 call:0.56 put:0.44 | ATM:0.66 OTM:0.34 | lr: 3.00e-04 | left: 162s
step 04200 ( 32.6%) | loss: 1.047887 | trade:0.30 call:0.65 put:0.35 | ATM:0.62 OTM:0.38 | lr: 3.00e-04 | left: 162s
step 04250 ( 32.8%) | loss: 1.060424 | trade:0.32 call:0.59 put:0.41 | ATM:0.61 OTM:0.39 | lr: 3.00e-04 | left: 161s
step 04300 ( 33.0%) | loss: 1.056103 | trade:0.39 call:0.59 put:0.41 | ATM:0.59 OTM:0.41 | lr: 3.00e-04 | left: 161s
step 04350 ( 33.3%) | loss: 1.054645 | trade:0.32 call:0.64 put:0.36 | ATM:0.61 OTM:0.39 | lr: 3.00e-04 | left: 160s
step 04400 ( 33.5%) | loss: 1.053464 | trade:0.32 call:0.63 put:0.37 | ATM:0.60 OTM:0.40 | lr: 3.00e-04 | left: 160s
step 04450 ( 33.7%) | loss: 1.033784 | trade:0.37 call:0.62 put:0.38 | ATM:0.61 OTM:0.39 | lr: 3.00e-04 | left: 159s
step 04500 ( 33.9%) | loss: 1.043758 | trade:0.34 call:0.61 put:0.39 | ATM:0.62 OTM:0.38 | lr: 3.00e-04 | left: 159s
step 04550 ( 34.1%) | loss: 1.046143 | trade:0.36 call:0.58 put:0.42 | ATM:0.57 OTM:0.43 | lr: 3.00e-04 | left: 158s
step 04600 ( 34.4%) | loss: 1.042891 | trade:0.35 call:0.61 put:0.39 | ATM:0.58 OTM:0.42 | lr: 3.00e-04 | left: 158s
step 04650 ( 34.6%) | loss: 1.022362 | trade:0.34 call:0.60 put:0.40 | ATM:0.60 OTM:0.40 | lr: 3.00e-04 | left: 157s
step 04700 ( 34.8%) | loss: 1.040059 | trade:0.38 call:0.62 put:0.38 | ATM:0.62 OTM:0.38 | lr: 3.00e-04 | left: 156s
step 04750 ( 35.3%) | loss: 1.057913 | trade:0.31 call:0.59 put:0.41 | ATM:0.64 OTM:0.36 | lr: 3.00e-04 | left: 155s
step 04800 ( 35.8%) | loss: 1.030136 | trade:0.37 call:0.60 put:0.40 | ATM:0.57 OTM:0.43 | lr: 3.00e-04 | left: 154s
step 04850 ( 36.4%) | loss: 1.028117 | trade:0.36 call:0.60 put:0.40 | ATM:0.62 OTM:0.38 | lr: 3.00e-04 | left: 153s
step 04900 ( 36.9%) | loss: 1.023406 | trade:0.32 call:0.63 put:0.37 | ATM:0.66 OTM:0.34 | lr: 3.00e-04 | left: 151s
step 04950 ( 37.4%) | loss: 1.055776 | trade:0.34 call:0.59 put:0.41 | ATM:0.58 OTM:0.42 | lr: 3.00e-04 | left: 150s
step 05000 ( 37.9%) | loss: 1.042258 | trade:0.35 call:0.56 put:0.44 | ATM:0.66 OTM:0.34 | lr: 3.00e-04 | left: 149s
step 05050 ( 38.4%) | loss: 1.023148 | trade:0.33 call:0.61 put:0.39 | ATM:0.51 OTM:0.49 | lr: 3.00e-04 | left: 148s
step 05100 ( 39.0%) | loss: 1.046893 | trade:0.31 call:0.65 put:0.35 | ATM:0.63 OTM:0.37 | lr: 3.00e-04 | left: 146s
step 05150 ( 39.5%) | loss: 1.011786 | trade:0.38 call:0.54 put:0.46 | ATM:0.62 OTM:0.38 | lr: 3.00e-04 | left: 145s
step 05200 ( 40.0%) | loss: 1.032560 | trade:0.33 call:0.61 put:0.39 | ATM:0.60 OTM:0.40 | lr: 3.00e-04 | left: 144s
step 05250 ( 40.5%) | loss: 1.026575 | trade:0.30 call:0.63 put:0.37 | ATM:0.67 OTM:0.33 | lr: 3.00e-04 | left: 143s
step 05300 ( 41.1%) | loss: 1.017946 | trade:0.31 call:0.68 put:0.32 | ATM:0.62 OTM:0.38 | lr: 3.00e-04 | left: 141s
step 05350 ( 41.6%) | loss: 1.031190 | trade:0.29 call:0.63 put:0.37 | ATM:0.66 OTM:0.34 | lr: 3.00e-04 | left: 140s
step 05400 ( 42.1%) | loss: 1.039531 | trade:0.39 call:0.58 put:0.42 | ATM:0.57 OTM:0.43 | lr: 3.00e-04 | left: 139s
step 05450 ( 42.6%) | loss: 0.995376 | trade:0.36 call:0.56 put:0.44 | ATM:0.61 OTM:0.39 | lr: 3.00e-04 | left: 138s
step 05500 ( 43.2%) | loss: 1.014594 | trade:0.33 call:0.59 put:0.41 | ATM:0.64 OTM:0.36 | lr: 3.00e-04 | left: 136s
step 05550 ( 43.7%) | loss: 1.021809 | trade:0.34 call:0.59 put:0.41 | ATM:0.66 OTM:0.34 | lr: 3.00e-04 | left: 135s
step 05600 ( 44.2%) | loss: 1.016404 | trade:0.34 call:0.65 put:0.35 | ATM:0.63 OTM:0.37 | lr: 3.00e-04 | left: 134s
step 05650 ( 44.7%) | loss: 1.016769 | trade:0.31 call:0.61 put:0.39 | ATM:0.67 OTM:0.33 | lr: 3.00e-04 | left: 133s
step 05700 ( 45.2%) | loss: 1.019234 | trade:0.40 call:0.66 put:0.34 | ATM:0.60 OTM:0.40 | lr: 3.00e-04 | left: 131s
step 05750 ( 45.8%) | loss: 0.980243 | trade:0.34 call:0.61 put:0.39 | ATM:0.60 OTM:0.40 | lr: 3.00e-04 | left: 130s
step 05800 ( 46.3%) | loss: 1.012173 | trade:0.36 call:0.62 put:0.38 | ATM:0.66 OTM:0.34 | lr: 3.00e-04 | left: 129s
step 05850 ( 46.8%) | loss: 1.009778 | trade:0.32 call:0.61 put:0.39 | ATM:0.60 OTM:0.40 | lr: 3.00e-04 | left: 128s
step 05900 ( 47.3%) | loss: 1.012497 | trade:0.37 call:0.66 put:0.34 | ATM:0.65 OTM:0.35 | lr: 3.00e-04 | left: 126s
step 05950 ( 47.8%) | loss: 0.976912 | trade:0.33 call:0.51 put:0.49 | ATM:0.63 OTM:0.37 | lr: 3.00e-04 | left: 125s
step 06000 ( 48.4%) | loss: 0.996331 | trade:0.34 call:0.61 put:0.39 | ATM:0.65 OTM:0.35 | lr: 3.00e-04 | left: 124s
step 06050 ( 48.9%) | loss: 1.023771 | trade:0.33 call:0.59 put:0.41 | ATM:0.62 OTM:0.38 | lr: 3.00e-04 | left: 123s
step 06100 ( 49.4%) | loss: 0.999462 | trade:0.29 call:0.59 put:0.41 | ATM:0.64 OTM:0.36 | lr: 3.00e-04 | left: 121s
step 06150 ( 49.9%) | loss: 1.011532 | trade:0.27 call:0.64 put:0.36 | ATM:0.62 OTM:0.38 | lr: 3.00e-04 | left: 120s
step 06200 ( 50.4%) | loss: 0.998687 | trade:0.31 call:0.55 put:0.45 | ATM:0.59 OTM:0.41 | lr: 3.00e-04 | left: 119s
step 06250 ( 50.9%) | loss: 0.992285 | trade:0.35 call:0.67 put:0.33 | ATM:0.65 OTM:0.35 | lr: 3.00e-04 | left: 118s
step 06300 ( 51.5%) | loss: 0.984052 | trade:0.35 call:0.55 put:0.45 | ATM:0.60 OTM:0.40 | lr: 3.00e-04 | left: 116s
step 06350 ( 52.0%) | loss: 0.979217 | trade:0.32 call:0.62 put:0.38 | ATM:0.65 OTM:0.35 | lr: 3.00e-04 | left: 115s
step 06400 ( 52.5%) | loss: 1.012589 | trade:0.33 call:0.58 put:0.42 | ATM:0.64 OTM:0.36 | lr: 3.00e-04 | left: 114s
step 06450 ( 52.8%) | loss: 0.988690 | trade:0.34 call:0.52 put:0.48 | ATM:0.57 OTM:0.43 | lr: 3.00e-04 | left: 113s
step 06500 ( 53.0%) | loss: 1.008105 | trade:0.31 call:0.53 put:0.47 | ATM:0.61 OTM:0.39 | lr: 3.00e-04 | left: 113s
step 06550 ( 53.2%) | loss: 0.992503 | trade:0.36 call:0.60 put:0.40 | ATM:0.62 OTM:0.38 | lr: 3.00e-04 | left: 112s
step 06600 ( 53.5%) | loss: 0.987725 | trade:0.35 call:0.61 put:0.39 | ATM:0.60 OTM:0.40 | lr: 3.00e-04 | left: 112s
step 06650 ( 53.7%) | loss: 0.998087 | trade:0.34 call:0.61 put:0.39 | ATM:0.65 OTM:0.35 | lr: 3.00e-04 | left: 111s
step 06700 ( 53.9%) | loss: 0.987740 | trade:0.35 call:0.66 put:0.34 | ATM:0.65 OTM:0.35 | lr: 3.00e-04 | left: 111s
step 06750 ( 54.1%) | loss: 0.983417 | trade:0.36 call:0.62 put:0.38 | ATM:0.58 OTM:0.42 | lr: 3.00e-04 | left: 110s
step 06800 ( 54.4%) | loss: 1.015697 | trade:0.34 call:0.51 put:0.49 | ATM:0.59 OTM:0.41 | lr: 3.00e-04 | left: 109s
step 06850 ( 54.7%) | loss: 0.974839 | trade:0.34 call:0.64 put:0.36 | ATM:0.62 OTM:0.38 | lr: 3.00e-04 | left: 109s
step 06900 ( 55.1%) | loss: 0.980767 | trade:0.32 call:0.57 put:0.43 | ATM:0.60 OTM:0.40 | lr: 3.00e-04 | left: 108s
step 06950 ( 55.7%) | loss: 0.997622 | trade:0.28 call:0.60 put:0.40 | ATM:0.71 OTM:0.29 | lr: 3.00e-04 | left: 106s
step 07000 ( 56.2%) | loss: 0.986482 | trade:0.34 call:0.58 put:0.42 | ATM:0.57 OTM:0.43 | lr: 3.00e-04 | left: 105s
step 07050 ( 56.7%) | loss: 0.976304 | trade:0.28 call:0.57 put:0.43 | ATM:0.66 OTM:0.34 | lr: 3.00e-04 | left: 104s
step 07100 ( 57.2%) | loss: 0.995090 | trade:0.30 call:0.63 put:0.37 | ATM:0.66 OTM:0.34 | lr: 3.00e-04 | left: 103s
step 07150 ( 57.7%) | loss: 0.956554 | trade:0.33 call:0.61 put:0.39 | ATM:0.59 OTM:0.41 | lr: 3.00e-04 | left: 101s
step 07200 ( 58.3%) | loss: 0.966880 | trade:0.31 call:0.56 put:0.44 | ATM:0.60 OTM:0.40 | lr: 3.00e-04 | left: 100s
step 07250 ( 58.8%) | loss: 0.963210 | trade:0.33 call:0.62 put:0.38 | ATM:0.57 OTM:0.43 | lr: 3.00e-04 | left: 99s
step 07300 ( 59.3%) | loss: 0.987517 | trade:0.39 call:0.65 put:0.35 | ATM:0.60 OTM:0.40 | lr: 3.00e-04 | left: 98s
step 07350 ( 59.8%) | loss: 0.952366 | trade:0.29 call:0.58 put:0.42 | ATM:0.65 OTM:0.35 | lr: 3.00e-04 | left: 96s
step 07400 ( 60.3%) | loss: 0.971295 | trade:0.32 call:0.63 put:0.37 | ATM:0.66 OTM:0.34 | lr: 3.00e-04 | left: 95s
step 07450 ( 60.9%) | loss: 0.977473 | trade:0.32 call:0.65 put:0.35 | ATM:0.69 OTM:0.31 | lr: 3.00e-04 | left: 94s
step 07500 ( 61.4%) | loss: 0.966326 | trade:0.31 call:0.58 put:0.42 | ATM:0.60 OTM:0.40 | lr: 3.00e-04 | left: 93s
step 07550 ( 61.9%) | loss: 0.961513 | trade:0.24 call:0.62 put:0.38 | ATM:0.72 OTM:0.28 | lr: 3.00e-04 | left: 91s
step 07600 ( 62.4%) | loss: 0.973194 | trade:0.32 call:0.60 put:0.40 | ATM:0.58 OTM:0.42 | lr: 3.00e-04 | left: 90s
step 07650 ( 62.9%) | loss: 0.985749 | trade:0.30 call:0.54 put:0.46 | ATM:0.61 OTM:0.39 | lr: 3.00e-04 | left: 89s
step 07700 ( 63.4%) | loss: 0.967940 | trade:0.34 call:0.64 put:0.36 | ATM:0.57 OTM:0.43 | lr: 3.00e-04 | left: 88s
step 07750 ( 63.9%) | loss: 0.954576 | trade:0.36 call:0.51 put:0.49 | ATM:0.61 OTM:0.39 | lr: 3.00e-04 | left: 87s
step 07800 ( 64.5%) | loss: 0.973673 | trade:0.31 call:0.54 put:0.46 | ATM:0.62 OTM:0.38 | lr: 3.00e-04 | left: 85s
step 07850 ( 65.0%) | loss: 0.971080 | trade:0.36 call:0.57 put:0.43 | ATM:0.62 OTM:0.38 | lr: 3.00e-04 | left: 84s
step 07900 ( 65.5%) | loss: 0.955530 | trade:0.34 call:0.66 put:0.34 | ATM:0.64 OTM:0.36 | lr: 3.00e-04 | left: 83s
step 07950 ( 66.0%) | loss: 0.962051 | trade:0.39 call:0.57 put:0.43 | ATM:0.58 OTM:0.42 | lr: 3.00e-04 | left: 82s
step 08000 ( 66.5%) | loss: 0.954321 | trade:0.32 call:0.50 put:0.50 | ATM:0.64 OTM:0.36 | lr: 3.00e-04 | left: 80s
step 08050 ( 67.1%) | loss: 0.978668 | trade:0.38 call:0.61 put:0.39 | ATM:0.61 OTM:0.39 | lr: 3.00e-04 | left: 79s
step 08100 ( 67.6%) | loss: 0.950125 | trade:0.33 call:0.61 put:0.39 | ATM:0.68 OTM:0.32 | lr: 3.00e-04 | left: 78s
step 08150 ( 68.1%) | loss: 0.953063 | trade:0.33 call:0.52 put:0.48 | ATM:0.62 OTM:0.38 | lr: 3.00e-04 | left: 77s
step 08200 ( 68.6%) | loss: 0.959982 | trade:0.35 call:0.61 put:0.39 | ATM:0.62 OTM:0.38 | lr: 3.00e-04 | left: 75s
step 08250 ( 69.2%) | loss: 0.954239 | trade:0.42 call:0.59 put:0.41 | ATM:0.56 OTM:0.44 | lr: 3.00e-04 | left: 74s
step 08300 ( 69.7%) | loss: 0.964022 | trade:0.27 call:0.65 put:0.35 | ATM:0.63 OTM:0.37 | lr: 3.00e-04 | left: 73s
step 08350 ( 70.2%) | loss: 0.980853 | trade:0.38 call:0.62 put:0.38 | ATM:0.64 OTM:0.36 | lr: 3.00e-04 | left: 72s
step 08400 ( 70.7%) | loss: 0.952265 | trade:0.33 call:0.58 put:0.42 | ATM:0.70 OTM:0.30 | lr: 3.00e-04 | left: 70s
step 08450 ( 71.2%) | loss: 0.966944 | trade:0.32 call:0.56 put:0.44 | ATM:0.62 OTM:0.38 | lr: 2.99e-04 | left: 69s
step 08500 ( 71.8%) | loss: 0.964990 | trade:0.37 call:0.59 put:0.41 | ATM:0.62 OTM:0.38 | lr: 2.97e-04 | left: 68s
step 08550 ( 72.3%) | loss: 0.932422 | trade:0.34 call:0.62 put:0.38 | ATM:0.67 OTM:0.33 | lr: 2.96e-04 | left: 66s
step 08600 ( 72.8%) | loss: 0.951613 | trade:0.33 call:0.62 put:0.38 | ATM:0.64 OTM:0.36 | lr: 2.94e-04 | left: 65s
step 08650 ( 73.3%) | loss: 0.942430 | trade:0.33 call:0.57 put:0.43 | ATM:0.57 OTM:0.43 | lr: 2.91e-04 | left: 64s
step 08700 ( 73.8%) | loss: 0.942968 | trade:0.35 call:0.54 put:0.46 | ATM:0.63 OTM:0.37 | lr: 2.88e-04 | left: 63s
step 08750 ( 74.4%) | loss: 0.951991 | trade:0.36 call:0.55 put:0.45 | ATM:0.60 OTM:0.40 | lr: 2.85e-04 | left: 62s
step 08800 ( 74.9%) | loss: 0.940804 | trade:0.36 call:0.64 put:0.36 | ATM:0.67 OTM:0.33 | lr: 2.81e-04 | left: 60s
step 08850 ( 75.4%) | loss: 0.927681 | trade:0.30 call:0.59 put:0.41 | ATM:0.70 OTM:0.30 | lr: 2.77e-04 | left: 59s
step 08900 ( 75.9%) | loss: 0.937184 | trade:0.30 call:0.62 put:0.38 | ATM:0.60 OTM:0.40 | lr: 2.72e-04 | left: 58s
step 08950 ( 76.4%) | loss: 0.922437 | trade:0.36 call:0.66 put:0.34 | ATM:0.60 OTM:0.40 | lr: 2.67e-04 | left: 57s
step 09000 ( 76.9%) | loss: 0.927254 | trade:0.29 call:0.66 put:0.34 | ATM:0.67 OTM:0.33 | lr: 2.62e-04 | left: 55s
step 09050 ( 77.5%) | loss: 0.926419 | trade:0.40 call:0.57 put:0.43 | ATM:0.57 OTM:0.43 | lr: 2.56e-04 | left: 54s
step 09100 ( 78.0%) | loss: 0.948662 | trade:0.33 call:0.61 put:0.39 | ATM:0.67 OTM:0.33 | lr: 2.50e-04 | left: 53s
step 09150 ( 78.5%) | loss: 0.922223 | trade:0.29 call:0.60 put:0.40 | ATM:0.66 OTM:0.34 | lr: 2.44e-04 | left: 52s
step 09200 ( 79.0%) | loss: 0.929874 | trade:0.31 call:0.59 put:0.41 | ATM:0.69 OTM:0.31 | lr: 2.38e-04 | left: 50s
step 09250 ( 79.6%) | loss: 0.904518 | trade:0.33 call:0.61 put:0.39 | ATM:0.70 OTM:0.30 | lr: 2.31e-04 | left: 49s
step 09300 ( 80.1%) | loss: 0.928471 | trade:0.31 call:0.63 put:0.37 | ATM:0.63 OTM:0.37 | lr: 2.24e-04 | left: 48s
step 09350 ( 80.6%) | loss: 0.923854 | trade:0.36 call:0.60 put:0.40 | ATM:0.66 OTM:0.34 | lr: 2.17e-04 | left: 47s
step 09400 ( 81.1%) | loss: 0.929493 | trade:0.32 call:0.61 put:0.39 | ATM:0.68 OTM:0.32 | lr: 2.09e-04 | left: 45s
step 09450 ( 81.6%) | loss: 0.908923 | trade:0.36 call:0.60 put:0.40 | ATM:0.65 OTM:0.35 | lr: 2.02e-04 | left: 44s
step 09500 ( 82.2%) | loss: 0.916565 | trade:0.36 call:0.60 put:0.40 | ATM:0.65 OTM:0.35 | lr: 1.94e-04 | left: 43s
step 09550 ( 82.7%) | loss: 0.900804 | trade:0.36 call:0.64 put:0.36 | ATM:0.62 OTM:0.38 | lr: 1.86e-04 | left: 42s
step 09600 ( 83.2%) | loss: 0.922208 | trade:0.34 call:0.57 put:0.43 | ATM:0.61 OTM:0.39 | lr: 1.78e-04 | left: 40s
step 09650 ( 83.7%) | loss: 0.914113 | trade:0.37 call:0.59 put:0.41 | ATM:0.62 OTM:0.38 | lr: 1.70e-04 | left: 39s
step 09700 ( 84.2%) | loss: 0.913985 | trade:0.35 call:0.62 put:0.38 | ATM:0.60 OTM:0.40 | lr: 1.62e-04 | left: 38s
step 09750 ( 84.8%) | loss: 0.900754 | trade:0.30 call:0.63 put:0.37 | ATM:0.72 OTM:0.28 | lr: 1.54e-04 | left: 37s
step 09800 ( 85.3%) | loss: 0.893931 | trade:0.30 call:0.64 put:0.36 | ATM:0.67 OTM:0.33 | lr: 1.45e-04 | left: 35s
step 09850 ( 85.8%) | loss: 0.899152 | trade:0.33 call:0.50 put:0.50 | ATM:0.61 OTM:0.39 | lr: 1.37e-04 | left: 34s
step 09900 ( 86.3%) | loss: 0.920316 | trade:0.31 call:0.59 put:0.41 | ATM:0.69 OTM:0.31 | lr: 1.29e-04 | left: 33s
step 09950 ( 86.9%) | loss: 0.910181 | trade:0.32 call:0.63 put:0.37 | ATM:0.71 OTM:0.29 | lr: 1.21e-04 | left: 32s
step 10000 ( 87.4%) | loss: 0.922696 | trade:0.36 call:0.56 put:0.44 | ATM:0.66 OTM:0.34 | lr: 1.13e-04 | left: 30s
step 10050 ( 87.9%) | loss: 0.895792 | trade:0.32 call:0.59 put:0.41 | ATM:0.63 OTM:0.37 | lr: 1.05e-04 | left: 29s
step 10100 ( 88.4%) | loss: 0.895041 | trade:0.33 call:0.53 put:0.47 | ATM:0.65 OTM:0.35 | lr: 9.77e-05 | left: 28s
step 10150 ( 88.9%) | loss: 0.900058 | trade:0.34 call:0.63 put:0.37 | ATM:0.64 OTM:0.36 | lr: 9.02e-05 | left: 27s
step 10200 ( 89.4%) | loss: 0.890672 | trade:0.35 call:0.61 put:0.39 | ATM:0.62 OTM:0.38 | lr: 8.28e-05 | left: 25s
step 10250 ( 90.0%) | loss: 0.880487 | trade:0.34 call:0.61 put:0.39 | ATM:0.62 OTM:0.38 | lr: 7.56e-05 | left: 24s
step 10300 ( 90.5%) | loss: 0.898680 | trade:0.27 call:0.58 put:0.42 | ATM:0.64 OTM:0.36 | lr: 6.89e-05 | left: 23s
step 10350 ( 91.0%) | loss: 0.884235 | trade:0.31 call:0.61 put:0.39 | ATM:0.68 OTM:0.32 | lr: 6.21e-05 | left: 22s
step 10400 ( 91.5%) | loss: 0.889398 | trade:0.32 call:0.65 put:0.35 | ATM:0.66 OTM:0.34 | lr: 5.56e-05 | left: 20s
step 10450 ( 92.0%) | loss: 0.872314 | trade:0.31 call:0.64 put:0.36 | ATM:0.68 OTM:0.32 | lr: 4.94e-05 | left: 19s
step 10500 ( 92.5%) | loss: 0.907918 | trade:0.30 call:0.66 put:0.34 | ATM:0.68 OTM:0.32 | lr: 4.35e-05 | left: 18s
step 10550 ( 93.0%) | loss: 0.893584 | trade:0.31 call:0.59 put:0.41 | ATM:0.59 OTM:0.41 | lr: 3.80e-05 | left: 17s
step 10600 ( 93.6%) | loss: 0.876999 | trade:0.29 call:0.65 put:0.35 | ATM:0.74 OTM:0.26 | lr: 3.28e-05 | left: 15s
step 10650 ( 94.1%) | loss: 0.880141 | trade:0.29 call:0.60 put:0.40 | ATM:0.66 OTM:0.34 | lr: 2.79e-05 | left: 14s
step 10700 ( 94.6%) | loss: 0.888308 | trade:0.35 call:0.63 put:0.37 | ATM:0.63 OTM:0.37 | lr: 2.33e-05 | left: 13s
step 10750 ( 95.1%) | loss: 0.882113 | trade:0.31 call:0.54 put:0.46 | ATM:0.64 OTM:0.36 | lr: 1.91e-05 | left: 12s
step 10800 ( 95.6%) | loss: 0.887037 | trade:0.37 call:0.59 put:0.41 | ATM:0.59 OTM:0.41 | lr: 1.53e-05 | left: 10s
step 10850 ( 96.2%) | loss: 0.886275 | trade:0.38 call:0.59 put:0.41 | ATM:0.62 OTM:0.38 | lr: 1.19e-05 | left: 9s
step 10900 ( 96.7%) | loss: 0.876352 | trade:0.34 call:0.58 put:0.42 | ATM:0.66 OTM:0.34 | lr: 8.94e-06 | left: 8s
step 10950 ( 97.2%) | loss: 0.901647 | trade:0.37 call:0.66 put:0.34 | ATM:0.59 OTM:0.41 | lr: 6.36e-06 | left: 7s
step 11000 ( 97.7%) | loss: 0.880203 | trade:0.30 call:0.59 put:0.41 | ATM:0.64 OTM:0.36 | lr: 4.23e-06 | left: 5s
step 11050 ( 98.2%) | loss: 0.883681 | trade:0.29 call:0.65 put:0.35 | ATM:0.71 OTM:0.29 | lr: 2.52e-06 | left: 4s
step 11100 ( 98.8%) | loss: 0.885156 | trade:0.37 call:0.65 put:0.35 | ATM:0.65 OTM:0.35 | lr: 1.25e-06 | left: 3s
step 11150 ( 99.3%) | loss: 0.875992 | trade:0.34 call:0.57 put:0.43 | ATM:0.62 OTM:0.38 | lr: 4.17e-07 | left: 2s
step 11200 ( 99.8%) | loss: 0.891914 | trade:0.35 call:0.57 put:0.43 | ATM:0.64 OTM:0.36 | lr: 3.03e-08 | left: 0s

Training done at 245s. Starting evaluation...
Evaluation done in 6s (total wall: 251s)
Model saved to /root/best_model.pt
Trade log: 120 trades -> /root/trade_log.csv

---
score:              0.213766
profit_factor:      2.016497
win_rate:           0.383333
avg_winner:         0.626538
avg_loser:          -0.193142
trades_per_day:     1.846154
max_consec_loss:    17
num_trades:         120
trade_sharpe:       2.871065
sortino:            22.455850
max_drawdown:       -5.375123
calmar:             2.702868
ev_per_trade:       0.121069
do_nothing_pct:     0.605830
exit_pct:           0.018834
model_exit_count:   84
cooldown_blocked:   154
pre_10am_blocked:   676
short_hold_pct:     0.258000
stop_loss_rate:     0.292000
direction_collapse_pct: 0.316700
avg_entry_cost_bps: 223.036700
avg_entry_quality:  0.829900
cost_realism_coverage: 1.008300
high_cost_entry_rate: 0.308300
low_quality_entry_rate: 0.000000
actionable_bar_rate: 0.829100
risk_off_bar_rate:  0.000000
final_capital:      9321.56
equity_sharpe:      0.550500
max_equity_dd:      -0.601200
total_dollar_return:-0.067800
val_sharpe:         -54.767540
total_return:       14.528252
num_val_bars:       4460
num_val_days:       65
worst_chunk_pf:     0.50
rr_ratio:           3.2439
avg_hold_bars:      7.72
model_exit_rate:    0.7000
hit_ruin:           False
min_equity_frac:    0.4131
avg_risk_fraction:  0.1431
max_risk_fraction:  0.6477
trades_blocked_by_balance: 0
training_seconds:   240.0
total_seconds:      253.4
peak_vram_mb:       357.0
num_steps:          11219
num_params:         146,729
lookback:           120
depth:              3
d_model:            64
effective_lr:       0.0003
gate_label_smoothing:0.050000
dir_label_smoothing:0.050000
false_entry_penalty:2.000000
/opt/conda/lib/python3.11/site-packages/torch/nn/modules/transformer.py:379: UserWarning: enable_nested_tensor is True, but self.use_nested_tensor is False because encoder_layer.norm_first was True
  warnings.warn(
