Loading data from: /root/.cache/autoresearch-trading/features/data.pt
Loaded 384870 1-min bars, 32 features, 8 actions
  ~986 trading days
Training:   up to idx 269189
Validation: idx 269190-384869
  Option P&L coverage: 297877/384870 (77%)
Parameters: 146,265
Architecture: v4 simplified two-head (gate+dir) + balanced strike gating + VIX regime robustness + temporal chunking + stop prevention + FULL STOPPED P&L CONSISTENCY + feature noise injection + cross-temporal consistency + MAXIMUM CONSERVATIVE GATE BIAS + IMPROVED STRIKE BIAS
Training from scratch (v4: no warm-start).

Budget: 240s | Batch: 128 | Lookback: 120
LR: 0.00015 | Depth: 3 | d_model: 64 | ff_mult: 3
Dropout: 0.15 | Weight decay: 0.05
False entry penalty: 2.5x
Label smoothing: gate=0.05 dir=0.05
Loss weights: gate=1.0, dir=1.0, pnl=0.3, exit=0.5
VIX regime weights: vix_regime=0.2, vix_consistency=0.1
Temporal robustness: temporal_chunk=0.5, cross_temporal=0.3
Stop prevention: stop_prevention=0.3
Feature noise injection: std=0.05
CRITICAL: Training exclusively on STOPPED P&L to align with evaluation reality
MAXIMUM CONSERVATIVE GATE BIAS: NO_TRADE=+1.2, TRADE=-1.2 for ultra-selectivity
NEW: Cross-temporal consistency loss to address Chunk 1 (PF=0.22) weakness
NEW: IMPROVED STRIKE BIAS - reduced ATM penalties, increased OTM penalties for better direction accuracy

step 00000 (  0.0%) | loss: 3.568561 | trade:0.08 call:0.47 put:0.53 | ATM:0.21 OTM:0.79 | lr: 0.00e+00 | left: 240s
step 00050 (  0.3%) | loss: 3.664452 | trade:0.08 call:0.48 put:0.52 | ATM:0.22 OTM:0.78 | lr: 4.05e-06 | left: 239s
step 00100 (  0.6%) | loss: 3.647842 | trade:0.09 call:0.47 put:0.53 | ATM:0.22 OTM:0.78 | lr: 8.78e-06 | left: 239s
step 00150 (  0.9%) | loss: 3.534210 | trade:0.10 call:0.47 put:0.53 | ATM:0.21 OTM:0.79 | lr: 1.31e-05 | left: 238s
step 00200 (  1.2%) | loss: 3.448932 | trade:0.12 call:0.49 put:0.51 | ATM:0.22 OTM:0.78 | lr: 1.75e-05 | left: 237s
step 00250 (  1.5%) | loss: 3.373512 | trade:0.14 call:0.49 put:0.51 | ATM:0.22 OTM:0.78 | lr: 2.19e-05 | left: 236s
step 00300 (  1.8%) | loss: 3.273197 | trade:0.16 call:0.50 put:0.50 | ATM:0.24 OTM:0.76 | lr: 2.64e-05 | left: 236s
step 00350 (  2.1%) | loss: 3.205224 | trade:0.19 call:0.51 put:0.49 | ATM:0.25 OTM:0.75 | lr: 3.08e-05 | left: 235s
step 00400 (  2.3%) | loss: 3.099771 | trade:0.23 call:0.52 put:0.48 | ATM:0.26 OTM:0.74 | lr: 3.52e-05 | left: 234s
step 00450 (  2.7%) | loss: 2.999560 | trade:0.28 call:0.53 put:0.47 | ATM:0.29 OTM:0.71 | lr: 4.00e-05 | left: 234s
step 00500 (  3.0%) | loss: 2.941147 | trade:0.32 call:0.53 put:0.47 | ATM:0.30 OTM:0.70 | lr: 4.46e-05 | left: 233s
step 00550 (  3.3%) | loss: 2.893509 | trade:0.34 call:0.53 put:0.47 | ATM:0.32 OTM:0.68 | lr: 4.95e-05 | left: 232s
step 00600 (  3.6%) | loss: 2.856113 | trade:0.36 call:0.54 put:0.46 | ATM:0.32 OTM:0.68 | lr: 5.41e-05 | left: 231s
step 00650 (  3.9%) | loss: 2.812045 | trade:0.36 call:0.53 put:0.47 | ATM:0.32 OTM:0.68 | lr: 5.88e-05 | left: 231s
step 00700 (  4.2%) | loss: 2.773349 | trade:0.36 call:0.55 put:0.45 | ATM:0.33 OTM:0.67 | lr: 6.35e-05 | left: 230s
step 00750 (  4.5%) | loss: 2.705180 | trade:0.36 call:0.54 put:0.46 | ATM:0.33 OTM:0.67 | lr: 6.78e-05 | left: 229s
step 00800 (  4.8%) | loss: 2.637846 | trade:0.33 call:0.55 put:0.45 | ATM:0.34 OTM:0.66 | lr: 7.21e-05 | left: 228s
step 00850 (  5.1%) | loss: 2.617176 | trade:0.36 call:0.57 put:0.43 | ATM:0.34 OTM:0.66 | lr: 7.66e-05 | left: 228s
step 00900 (  5.4%) | loss: 2.530142 | trade:0.37 call:0.55 put:0.45 | ATM:0.34 OTM:0.66 | lr: 8.10e-05 | left: 227s
step 00950 (  5.7%) | loss: 2.464949 | trade:0.36 call:0.54 put:0.46 | ATM:0.34 OTM:0.66 | lr: 8.50e-05 | left: 226s
step 01000 (  5.9%) | loss: 2.434466 | trade:0.34 call:0.56 put:0.44 | ATM:0.37 OTM:0.63 | lr: 8.92e-05 | left: 226s
step 01050 (  6.2%) | loss: 2.312873 | trade:0.36 call:0.58 put:0.42 | ATM:0.39 OTM:0.61 | lr: 9.36e-05 | left: 225s
step 01100 (  6.5%) | loss: 2.214001 | trade:0.36 call:0.54 put:0.46 | ATM:0.34 OTM:0.66 | lr: 9.79e-05 | left: 224s
step 01150 (  6.8%) | loss: 2.178647 | trade:0.37 call:0.56 put:0.44 | ATM:0.38 OTM:0.62 | lr: 1.02e-04 | left: 224s
step 01200 (  7.1%) | loss: 2.118416 | trade:0.35 call:0.55 put:0.45 | ATM:0.40 OTM:0.60 | lr: 1.07e-04 | left: 223s
step 01250 (  7.4%) | loss: 2.002661 | trade:0.37 call:0.56 put:0.44 | ATM:0.38 OTM:0.62 | lr: 1.11e-04 | left: 222s
step 01300 (  7.7%) | loss: 1.965438 | trade:0.37 call:0.61 put:0.39 | ATM:0.42 OTM:0.58 | lr: 1.15e-04 | left: 222s
step 01350 (  7.9%) | loss: 1.879776 | trade:0.36 call:0.55 put:0.45 | ATM:0.40 OTM:0.60 | lr: 1.19e-04 | left: 221s
step 01400 (  8.2%) | loss: 1.771287 | trade:0.38 call:0.54 put:0.46 | ATM:0.39 OTM:0.61 | lr: 1.23e-04 | left: 220s
step 01450 (  8.5%) | loss: 1.750561 | trade:0.34 call:0.59 put:0.41 | ATM:0.41 OTM:0.59 | lr: 1.28e-04 | left: 220s
step 01500 (  8.8%) | loss: 1.650754 | trade:0.33 call:0.59 put:0.41 | ATM:0.46 OTM:0.54 | lr: 1.32e-04 | left: 219s
step 01550 (  9.0%) | loss: 1.667305 | trade:0.36 call:0.58 put:0.42 | ATM:0.42 OTM:0.58 | lr: 1.36e-04 | left: 218s
step 01600 (  9.3%) | loss: 1.567719 | trade:0.40 call:0.61 put:0.39 | ATM:0.42 OTM:0.58 | lr: 1.40e-04 | left: 218s
step 01650 (  9.6%) | loss: 1.520926 | trade:0.34 call:0.59 put:0.41 | ATM:0.42 OTM:0.58 | lr: 1.44e-04 | left: 217s
step 01700 (  9.8%) | loss: 1.479885 | trade:0.32 call:0.58 put:0.42 | ATM:0.44 OTM:0.56 | lr: 1.48e-04 | left: 216s
step 01750 ( 10.1%) | loss: 1.442681 | trade:0.37 call:0.65 put:0.35 | ATM:0.42 OTM:0.58 | lr: 1.50e-04 | left: 216s
step 01800 ( 10.4%) | loss: 1.406108 | trade:0.31 call:0.66 put:0.34 | ATM:0.40 OTM:0.60 | lr: 1.50e-04 | left: 215s
step 01850 ( 10.6%) | loss: 1.378909 | trade:0.35 call:0.66 put:0.34 | ATM:0.43 OTM:0.57 | lr: 1.50e-04 | left: 214s
step 01900 ( 10.9%) | loss: 1.347333 | trade:0.38 call:0.59 put:0.41 | ATM:0.46 OTM:0.54 | lr: 1.50e-04 | left: 214s
step 01950 ( 11.1%) | loss: 1.308201 | trade:0.30 call:0.70 put:0.30 | ATM:0.49 OTM:0.51 | lr: 1.50e-04 | left: 213s
step 02000 ( 11.5%) | loss: 1.339472 | trade:0.43 call:0.61 put:0.39 | ATM:0.46 OTM:0.54 | lr: 1.50e-04 | left: 212s
step 02050 ( 11.8%) | loss: 1.304521 | trade:0.36 call:0.58 put:0.42 | ATM:0.45 OTM:0.55 | lr: 1.50e-04 | left: 212s
step 02100 ( 12.2%) | loss: 1.244810 | trade:0.35 call:0.66 put:0.34 | ATM:0.47 OTM:0.53 | lr: 1.50e-04 | left: 211s
step 02150 ( 12.5%) | loss: 1.222487 | trade:0.42 call:0.65 put:0.35 | ATM:0.46 OTM:0.54 | lr: 1.50e-04 | left: 210s
step 02200 ( 12.8%) | loss: 1.187354 | trade:0.34 call:0.68 put:0.32 | ATM:0.49 OTM:0.51 | lr: 1.50e-04 | left: 209s
step 02250 ( 13.2%) | loss: 1.186495 | trade:0.38 call:0.64 put:0.36 | ATM:0.48 OTM:0.52 | lr: 1.50e-04 | left: 208s
step 02300 ( 13.8%) | loss: 1.237810 | trade:0.33 call:0.65 put:0.35 | ATM:0.51 OTM:0.49 | lr: 1.50e-04 | left: 207s
step 02350 ( 14.2%) | loss: 1.200954 | trade:0.36 call:0.67 put:0.33 | ATM:0.48 OTM:0.52 | lr: 1.50e-04 | left: 206s
step 02400 ( 14.8%) | loss: 1.145724 | trade:0.33 call:0.71 put:0.29 | ATM:0.51 OTM:0.49 | lr: 1.50e-04 | left: 204s
step 02450 ( 15.3%) | loss: 1.136963 | trade:0.33 call:0.65 put:0.35 | ATM:0.48 OTM:0.52 | lr: 1.50e-04 | left: 203s
step 02500 ( 15.9%) | loss: 1.149947 | trade:0.29 call:0.75 put:0.25 | ATM:0.54 OTM:0.46 | lr: 1.50e-04 | left: 202s
step 02550 ( 16.5%) | loss: 1.165964 | trade:0.36 call:0.69 put:0.31 | ATM:0.52 OTM:0.48 | lr: 1.50e-04 | left: 200s
step 02600 ( 17.1%) | loss: 1.111215 | trade:0.32 call:0.66 put:0.34 | ATM:0.49 OTM:0.51 | lr: 1.50e-04 | left: 199s
step 02650 ( 17.8%) | loss: 1.115772 | trade:0.31 call:0.66 put:0.34 | ATM:0.52 OTM:0.48 | lr: 1.50e-04 | left: 197s
step 02700 ( 18.4%) | loss: 1.108668 | trade:0.36 call:0.64 put:0.36 | ATM:0.50 OTM:0.50 | lr: 1.50e-04 | left: 196s
step 02750 ( 19.1%) | loss: 1.089801 | trade:0.38 call:0.66 put:0.34 | ATM:0.49 OTM:0.51 | lr: 1.50e-04 | left: 194s
step 02800 ( 19.7%) | loss: 1.084766 | trade:0.35 call:0.61 put:0.39 | ATM:0.50 OTM:0.50 | lr: 1.50e-04 | left: 193s
step 02850 ( 20.4%) | loss: 1.063953 | trade:0.36 call:0.58 put:0.42 | ATM:0.51 OTM:0.49 | lr: 1.50e-04 | left: 191s
step 02900 ( 21.0%) | loss: 1.073296 | trade:0.36 call:0.68 put:0.32 | ATM:0.49 OTM:0.51 | lr: 1.50e-04 | left: 190s
step 02950 ( 21.7%) | loss: 1.074425 | trade:0.29 call:0.66 put:0.34 | ATM:0.51 OTM:0.49 | lr: 1.50e-04 | left: 188s
step 03000 ( 22.3%) | loss: 1.085115 | trade:0.36 call:0.64 put:0.36 | ATM:0.53 OTM:0.47 | lr: 1.50e-04 | left: 186s
step 03050 ( 23.0%) | loss: 1.034832 | trade:0.33 call:0.67 put:0.33 | ATM:0.49 OTM:0.51 | lr: 1.50e-04 | left: 185s
step 03100 ( 23.7%) | loss: 1.048962 | trade:0.31 call:0.70 put:0.30 | ATM:0.58 OTM:0.42 | lr: 1.50e-04 | left: 183s
step 03150 ( 24.3%) | loss: 1.046014 | trade:0.34 call:0.64 put:0.36 | ATM:0.46 OTM:0.54 | lr: 1.50e-04 | left: 182s
step 03200 ( 25.0%) | loss: 1.035248 | trade:0.37 call:0.64 put:0.36 | ATM:0.52 OTM:0.48 | lr: 1.50e-04 | left: 180s
step 03250 ( 25.6%) | loss: 1.056445 | trade:0.34 call:0.63 put:0.37 | ATM:0.56 OTM:0.44 | lr: 1.50e-04 | left: 178s
step 03300 ( 26.3%) | loss: 1.000836 | trade:0.32 call:0.66 put:0.34 | ATM:0.52 OTM:0.48 | lr: 1.50e-04 | left: 177s
step 03350 ( 27.0%) | loss: 0.996561 | trade:0.35 call:0.61 put:0.39 | ATM:0.55 OTM:0.45 | lr: 1.50e-04 | left: 175s
step 03400 ( 27.6%) | loss: 1.027321 | trade:0.28 call:0.61 put:0.39 | ATM:0.55 OTM:0.45 | lr: 1.50e-04 | left: 174s
step 03450 ( 28.2%) | loss: 1.044407 | trade:0.34 call:0.71 put:0.29 | ATM:0.56 OTM:0.44 | lr: 1.50e-04 | left: 172s
step 03500 ( 28.9%) | loss: 0.971881 | trade:0.34 call:0.63 put:0.37 | ATM:0.48 OTM:0.52 | lr: 1.50e-04 | left: 171s
step 03550 ( 29.5%) | loss: 1.012563 | trade:0.32 call:0.65 put:0.35 | ATM:0.51 OTM:0.49 | lr: 1.50e-04 | left: 169s
step 03600 ( 30.1%) | loss: 1.005415 | trade:0.29 call:0.66 put:0.34 | ATM:0.52 OTM:0.48 | lr: 1.50e-04 | left: 168s
step 03650 ( 30.7%) | loss: 1.014591 | trade:0.31 call:0.67 put:0.33 | ATM:0.52 OTM:0.48 | lr: 1.50e-04 | left: 166s
step 03700 ( 31.3%) | loss: 1.023411 | trade:0.39 call:0.63 put:0.37 | ATM:0.53 OTM:0.47 | lr: 1.50e-04 | left: 165s
step 03750 ( 31.9%) | loss: 1.013497 | trade:0.31 call:0.65 put:0.35 | ATM:0.56 OTM:0.44 | lr: 1.50e-04 | left: 163s
step 03800 ( 32.5%) | loss: 0.993721 | trade:0.36 call:0.68 put:0.32 | ATM:0.48 OTM:0.52 | lr: 1.50e-04 | left: 162s
step 03850 ( 33.2%) | loss: 0.978489 | trade:0.40 call:0.60 put:0.40 | ATM:0.49 OTM:0.51 | lr: 1.50e-04 | left: 160s
step 03900 ( 33.8%) | loss: 1.019254 | trade:0.39 call:0.65 put:0.35 | ATM:0.49 OTM:0.51 | lr: 1.50e-04 | left: 159s
step 03950 ( 34.5%) | loss: 0.970147 | trade:0.39 call:0.65 put:0.35 | ATM:0.56 OTM:0.44 | lr: 1.50e-04 | left: 157s
step 04000 ( 35.1%) | loss: 1.006763 | trade:0.30 call:0.67 put:0.33 | ATM:0.55 OTM:0.45 | lr: 1.50e-04 | left: 156s
step 04050 ( 35.7%) | loss: 0.979959 | trade:0.30 call:0.70 put:0.30 | ATM:0.53 OTM:0.47 | lr: 1.50e-04 | left: 154s
step 04100 ( 36.4%) | loss: 1.001738 | trade:0.27 call:0.67 put:0.33 | ATM:0.59 OTM:0.41 | lr: 1.50e-04 | left: 153s
step 04150 ( 37.1%) | loss: 0.979643 | trade:0.29 call:0.68 put:0.32 | ATM:0.51 OTM:0.49 | lr: 1.50e-04 | left: 151s
step 04200 ( 37.7%) | loss: 0.986989 | trade:0.31 call:0.65 put:0.35 | ATM:0.55 OTM:0.45 | lr: 1.50e-04 | left: 149s
step 04250 ( 38.4%) | loss: 0.952683 | trade:0.37 call:0.64 put:0.36 | ATM:0.50 OTM:0.50 | lr: 1.50e-04 | left: 148s
step 04300 ( 39.1%) | loss: 0.959621 | trade:0.33 call:0.60 put:0.40 | ATM:0.57 OTM:0.43 | lr: 1.50e-04 | left: 146s
step 04350 ( 39.7%) | loss: 0.968195 | trade:0.38 call:0.58 put:0.42 | ATM:0.56 OTM:0.44 | lr: 1.50e-04 | left: 145s
step 04400 ( 40.4%) | loss: 0.955448 | trade:0.28 call:0.63 put:0.37 | ATM:0.59 OTM:0.41 | lr: 1.50e-04 | left: 143s
step 04450 ( 41.0%) | loss: 0.955064 | trade:0.38 call:0.65 put:0.35 | ATM:0.50 OTM:0.50 | lr: 1.50e-04 | left: 142s
step 04500 ( 41.6%) | loss: 0.952706 | trade:0.29 call:0.65 put:0.35 | ATM:0.58 OTM:0.42 | lr: 1.50e-04 | left: 140s
step 04550 ( 42.2%) | loss: 0.961898 | trade:0.40 call:0.65 put:0.35 | ATM:0.51 OTM:0.49 | lr: 1.50e-04 | left: 139s
step 04600 ( 42.7%) | loss: 0.986944 | trade:0.33 call:0.66 put:0.34 | ATM:0.60 OTM:0.40 | lr: 1.50e-04 | left: 137s
step 04650 ( 43.2%) | loss: 0.967399 | trade:0.35 call:0.60 put:0.40 | ATM:0.59 OTM:0.41 | lr: 1.50e-04 | left: 136s
step 04700 ( 43.8%) | loss: 0.958658 | trade:0.40 call:0.62 put:0.38 | ATM:0.51 OTM:0.49 | lr: 1.50e-04 | left: 135s
step 04750 ( 44.5%) | loss: 0.964768 | trade:0.39 call:0.65 put:0.35 | ATM:0.50 OTM:0.50 | lr: 1.50e-04 | left: 133s
step 04800 ( 45.1%) | loss: 0.905882 | trade:0.36 call:0.66 put:0.34 | ATM:0.55 OTM:0.45 | lr: 1.50e-04 | left: 132s
step 04850 ( 45.8%) | loss: 0.954147 | trade:0.31 call:0.65 put:0.35 | ATM:0.58 OTM:0.42 | lr: 1.50e-04 | left: 130s
step 04900 ( 46.4%) | loss: 0.909187 | trade:0.32 call:0.66 put:0.34 | ATM:0.60 OTM:0.40 | lr: 1.50e-04 | left: 129s
step 04950 ( 47.1%) | loss: 0.948979 | trade:0.32 call:0.65 put:0.35 | ATM:0.53 OTM:0.47 | lr: 1.50e-04 | left: 127s
step 05000 ( 47.7%) | loss: 0.927469 | trade:0.35 call:0.64 put:0.36 | ATM:0.56 OTM:0.44 | lr: 1.50e-04 | left: 125s
step 05050 ( 48.4%) | loss: 0.929237 | trade:0.34 call:0.65 put:0.35 | ATM:0.55 OTM:0.45 | lr: 1.50e-04 | left: 124s
step 05100 ( 49.0%) | loss: 0.947843 | trade:0.38 call:0.64 put:0.36 | ATM:0.57 OTM:0.43 | lr: 1.50e-04 | left: 122s
step 05150 ( 49.7%) | loss: 0.935963 | trade:0.32 call:0.60 put:0.40 | ATM:0.62 OTM:0.38 | lr: 1.50e-04 | left: 121s
step 05200 ( 50.3%) | loss: 0.937519 | trade:0.42 call:0.65 put:0.35 | ATM:0.53 OTM:0.47 | lr: 1.50e-04 | left: 119s
step 05250 ( 50.9%) | loss: 0.931120 | trade:0.33 call:0.68 put:0.32 | ATM:0.57 OTM:0.43 | lr: 1.50e-04 | left: 118s
step 05300 ( 51.6%) | loss: 0.929385 | trade:0.38 call:0.65 put:0.35 | ATM:0.56 OTM:0.44 | lr: 1.50e-04 | left: 116s
step 05350 ( 52.2%) | loss: 0.941514 | trade:0.38 call:0.63 put:0.37 | ATM:0.58 OTM:0.42 | lr: 1.50e-04 | left: 115s
step 05400 ( 52.9%) | loss: 0.904924 | trade:0.33 call:0.63 put:0.37 | ATM:0.57 OTM:0.43 | lr: 1.50e-04 | left: 113s
step 05450 ( 53.5%) | loss: 0.909308 | trade:0.35 call:0.65 put:0.35 | ATM:0.60 OTM:0.40 | lr: 1.50e-04 | left: 112s
step 05500 ( 54.1%) | loss: 0.926201 | trade:0.34 call:0.61 put:0.39 | ATM:0.60 OTM:0.40 | lr: 1.50e-04 | left: 110s
step 05550 ( 54.7%) | loss: 0.938841 | trade:0.32 call:0.67 put:0.33 | ATM:0.57 OTM:0.43 | lr: 1.50e-04 | left: 109s
step 05600 ( 55.2%) | loss: 0.911800 | trade:0.35 call:0.60 put:0.40 | ATM:0.57 OTM:0.43 | lr: 1.50e-04 | left: 108s
step 05650 ( 55.8%) | loss: 0.912949 | trade:0.38 call:0.62 put:0.38 | ATM:0.54 OTM:0.46 | lr: 1.50e-04 | left: 106s
step 05700 ( 56.4%) | loss: 0.925034 | trade:0.33 call:0.63 put:0.37 | ATM:0.62 OTM:0.38 | lr: 1.50e-04 | left: 105s
step 05750 ( 57.1%) | loss: 0.910967 | trade:0.34 call:0.64 put:0.36 | ATM:0.64 OTM:0.36 | lr: 1.50e-04 | left: 103s
step 05800 ( 57.7%) | loss: 0.904598 | trade:0.32 call:0.60 put:0.40 | ATM:0.58 OTM:0.42 | lr: 1.50e-04 | left: 101s
step 05850 ( 58.4%) | loss: 0.873167 | trade:0.32 call:0.65 put:0.35 | ATM:0.62 OTM:0.38 | lr: 1.50e-04 | left: 100s
step 05900 ( 59.1%) | loss: 0.852209 | trade:0.35 call:0.66 put:0.34 | ATM:0.63 OTM:0.37 | lr: 1.50e-04 | left: 98s
step 05950 ( 59.7%) | loss: 0.952698 | trade:0.36 call:0.66 put:0.34 | ATM:0.59 OTM:0.41 | lr: 1.50e-04 | left: 97s
step 06000 ( 60.4%) | loss: 0.867568 | trade:0.32 call:0.65 put:0.35 | ATM:0.62 OTM:0.38 | lr: 1.50e-04 | left: 95s
step 06050 ( 61.0%) | loss: 0.908964 | trade:0.35 call:0.62 put:0.38 | ATM:0.59 OTM:0.41 | lr: 1.50e-04 | left: 94s
step 06100 ( 61.7%) | loss: 0.880053 | trade:0.35 call:0.56 put:0.44 | ATM:0.55 OTM:0.45 | lr: 1.50e-04 | left: 92s
step 06150 ( 62.3%) | loss: 0.859647 | trade:0.36 call:0.58 put:0.42 | ATM:0.61 OTM:0.39 | lr: 1.50e-04 | left: 90s
step 06200 ( 63.0%) | loss: 0.873621 | trade:0.34 call:0.58 put:0.42 | ATM:0.62 OTM:0.38 | lr: 1.50e-04 | left: 89s
step 06250 ( 63.7%) | loss: 0.850571 | trade:0.38 call:0.66 put:0.34 | ATM:0.57 OTM:0.43 | lr: 1.50e-04 | left: 87s
step 06300 ( 64.3%) | loss: 0.913674 | trade:0.32 call:0.65 put:0.35 | ATM:0.58 OTM:0.42 | lr: 1.50e-04 | left: 86s
step 06350 ( 65.0%) | loss: 0.871913 | trade:0.34 call:0.62 put:0.38 | ATM:0.58 OTM:0.42 | lr: 1.50e-04 | left: 84s
step 06400 ( 65.6%) | loss: 0.928578 | trade:0.34 call:0.65 put:0.35 | ATM:0.63 OTM:0.37 | lr: 1.50e-04 | left: 82s
step 06450 ( 66.1%) | loss: 0.872514 | trade:0.40 call:0.63 put:0.37 | ATM:0.59 OTM:0.41 | lr: 1.50e-04 | left: 81s
step 06500 ( 66.8%) | loss: 0.887323 | trade:0.27 call:0.63 put:0.37 | ATM:0.64 OTM:0.36 | lr: 1.50e-04 | left: 80s
step 06550 ( 67.4%) | loss: 0.905638 | trade:0.32 call:0.60 put:0.40 | ATM:0.63 OTM:0.37 | lr: 1.50e-04 | left: 78s
step 06600 ( 68.1%) | loss: 0.893480 | trade:0.31 call:0.64 put:0.36 | ATM:0.66 OTM:0.34 | lr: 1.50e-04 | left: 77s
step 06650 ( 68.7%) | loss: 0.853064 | trade:0.33 call:0.66 put:0.34 | ATM:0.63 OTM:0.37 | lr: 1.50e-04 | left: 75s
step 06700 ( 69.3%) | loss: 0.882716 | trade:0.34 call:0.59 put:0.41 | ATM:0.61 OTM:0.39 | lr: 1.50e-04 | left: 74s
step 06750 ( 70.0%) | loss: 0.897070 | trade:0.25 call:0.62 put:0.38 | ATM:0.62 OTM:0.38 | lr: 1.50e-04 | left: 72s
step 06800 ( 70.6%) | loss: 0.902158 | trade:0.35 call:0.56 put:0.44 | ATM:0.60 OTM:0.40 | lr: 1.50e-04 | left: 70s
step 06850 ( 71.3%) | loss: 0.861668 | trade:0.32 call:0.60 put:0.40 | ATM:0.65 OTM:0.35 | lr: 1.49e-04 | left: 69s
step 06900 ( 72.0%) | loss: 0.890749 | trade:0.29 call:0.59 put:0.41 | ATM:0.68 OTM:0.32 | lr: 1.48e-04 | left: 67s
step 06950 ( 72.6%) | loss: 0.880615 | trade:0.28 call:0.63 put:0.37 | ATM:0.62 OTM:0.38 | lr: 1.47e-04 | left: 66s
step 07000 ( 73.3%) | loss: 0.867071 | trade:0.36 call:0.61 put:0.39 | ATM:0.62 OTM:0.38 | lr: 1.46e-04 | left: 64s
step 07050 ( 73.9%) | loss: 0.886154 | trade:0.34 call:0.64 put:0.36 | ATM:0.58 OTM:0.42 | lr: 1.44e-04 | left: 63s
step 07100 ( 74.6%) | loss: 0.878710 | trade:0.34 call:0.67 put:0.33 | ATM:0.60 OTM:0.40 | lr: 1.42e-04 | left: 61s
step 07150 ( 75.2%) | loss: 0.872687 | trade:0.29 call:0.62 put:0.38 | ATM:0.61 OTM:0.39 | lr: 1.39e-04 | left: 59s
step 07200 ( 75.9%) | loss: 0.911595 | trade:0.29 call:0.64 put:0.36 | ATM:0.66 OTM:0.34 | lr: 1.36e-04 | left: 58s
step 07250 ( 76.6%) | loss: 0.844086 | trade:0.38 call:0.58 put:0.42 | ATM:0.60 OTM:0.40 | lr: 1.33e-04 | left: 56s
step 07300 ( 77.2%) | loss: 0.874109 | trade:0.27 call:0.67 put:0.33 | ATM:0.66 OTM:0.34 | lr: 1.30e-04 | left: 55s
step 07350 ( 77.7%) | loss: 0.909943 | trade:0.37 call:0.64 put:0.36 | ATM:0.56 OTM:0.44 | lr: 1.27e-04 | left: 54s
step 07400 ( 78.1%) | loss: 0.814179 | trade:0.34 call:0.63 put:0.37 | ATM:0.60 OTM:0.40 | lr: 1.24e-04 | left: 52s
step 07450 ( 78.7%) | loss: 0.857114 | trade:0.32 call:0.62 put:0.38 | ATM:0.61 OTM:0.39 | lr: 1.21e-04 | left: 51s
step 07500 ( 79.3%) | loss: 0.918165 | trade:0.38 call:0.60 put:0.40 | ATM:0.68 OTM:0.32 | lr: 1.17e-04 | left: 50s
step 07550 ( 80.0%) | loss: 0.831808 | trade:0.38 call:0.58 put:0.42 | ATM:0.57 OTM:0.43 | lr: 1.13e-04 | left: 48s
step 07600 ( 80.6%) | loss: 0.863102 | trade:0.31 call:0.54 put:0.46 | ATM:0.63 OTM:0.37 | lr: 1.08e-04 | left: 47s
step 07650 ( 81.3%) | loss: 0.872341 | trade:0.35 call:0.66 put:0.34 | ATM:0.58 OTM:0.42 | lr: 1.04e-04 | left: 45s
step 07700 ( 81.9%) | loss: 0.827265 | trade:0.30 call:0.64 put:0.36 | ATM:0.63 OTM:0.37 | lr: 9.87e-05 | left: 43s
step 07750 ( 82.6%) | loss: 0.887114 | trade:0.35 call:0.57 put:0.43 | ATM:0.61 OTM:0.39 | lr: 9.37e-05 | left: 42s
step 07800 ( 83.2%) | loss: 0.831579 | trade:0.33 call:0.62 put:0.38 | ATM:0.56 OTM:0.44 | lr: 8.87e-05 | left: 40s
step 07850 ( 83.9%) | loss: 0.831548 | trade:0.30 call:0.60 put:0.40 | ATM:0.68 OTM:0.32 | lr: 8.36e-05 | left: 39s
step 07900 ( 84.6%) | loss: 0.864218 | trade:0.36 call:0.62 put:0.38 | ATM:0.62 OTM:0.38 | lr: 7.84e-05 | left: 37s
step 07950 ( 85.2%) | loss: 0.851556 | trade:0.36 call:0.57 put:0.43 | ATM:0.56 OTM:0.44 | lr: 7.32e-05 | left: 35s
step 08000 ( 85.9%) | loss: 0.856669 | trade:0.37 call:0.61 put:0.39 | ATM:0.61 OTM:0.39 | lr: 6.81e-05 | left: 34s
step 08050 ( 86.5%) | loss: 0.811830 | trade:0.42 call:0.62 put:0.38 | ATM:0.54 OTM:0.46 | lr: 6.30e-05 | left: 32s
step 08100 ( 87.2%) | loss: 0.849048 | trade:0.33 call:0.59 put:0.41 | ATM:0.60 OTM:0.40 | lr: 5.80e-05 | left: 31s
step 08150 ( 87.8%) | loss: 0.808104 | trade:0.30 call:0.59 put:0.41 | ATM:0.66 OTM:0.34 | lr: 5.32e-05 | left: 29s
step 08200 ( 88.5%) | loss: 0.865370 | trade:0.31 call:0.55 put:0.45 | ATM:0.63 OTM:0.37 | lr: 4.85e-05 | left: 28s
step 08250 ( 89.1%) | loss: 0.816385 | trade:0.30 call:0.66 put:0.34 | ATM:0.66 OTM:0.34 | lr: 4.41e-05 | left: 26s
step 08300 ( 89.6%) | loss: 0.848548 | trade:0.39 call:0.61 put:0.39 | ATM:0.58 OTM:0.42 | lr: 4.01e-05 | left: 25s
step 08350 ( 90.1%) | loss: 0.842944 | trade:0.36 call:0.62 put:0.38 | ATM:0.67 OTM:0.33 | lr: 3.71e-05 | left: 24s
step 08400 ( 90.7%) | loss: 0.792554 | trade:0.35 call:0.58 put:0.42 | ATM:0.58 OTM:0.42 | lr: 3.28e-05 | left: 22s
step 08450 ( 91.3%) | loss: 0.836011 | trade:0.37 call:0.60 put:0.40 | ATM:0.60 OTM:0.40 | lr: 2.88e-05 | left: 21s
step 08500 ( 92.0%) | loss: 0.826608 | trade:0.34 call:0.59 put:0.41 | ATM:0.65 OTM:0.35 | lr: 2.49e-05 | left: 19s
step 08550 ( 92.6%) | loss: 0.822385 | trade:0.33 call:0.61 put:0.39 | ATM:0.62 OTM:0.38 | lr: 2.12e-05 | left: 18s
step 08600 ( 93.3%) | loss: 0.804473 | trade:0.35 call:0.63 put:0.37 | ATM:0.61 OTM:0.39 | lr: 1.77e-05 | left: 16s
step 08650 ( 94.0%) | loss: 0.828125 | trade:0.32 call:0.66 put:0.34 | ATM:0.64 OTM:0.36 | lr: 1.45e-05 | left: 14s
step 08700 ( 94.6%) | loss: 0.809128 | trade:0.43 call:0.60 put:0.40 | ATM:0.52 OTM:0.48 | lr: 1.16e-05 | left: 13s
step 08750 ( 95.3%) | loss: 0.814192 | trade:0.37 call:0.59 put:0.41 | ATM:0.57 OTM:0.43 | lr: 8.96e-06 | left: 11s
step 08800 ( 95.9%) | loss: 0.816234 | trade:0.32 call:0.61 put:0.39 | ATM:0.57 OTM:0.43 | lr: 6.66e-06 | left: 10s
step 08850 ( 96.6%) | loss: 0.794269 | trade:0.32 call:0.64 put:0.36 | ATM:0.58 OTM:0.42 | lr: 4.69e-06 | left: 8s
step 08900 ( 97.2%) | loss: 0.841427 | trade:0.36 call:0.56 put:0.44 | ATM:0.57 OTM:0.43 | lr: 3.19e-06 | left: 7s
step 08950 ( 97.8%) | loss: 0.809819 | trade:0.38 call:0.64 put:0.36 | ATM:0.58 OTM:0.42 | lr: 2.02e-06 | left: 5s
step 09000 ( 98.4%) | loss: 0.795535 | trade:0.30 call:0.65 put:0.35 | ATM:0.63 OTM:0.37 | lr: 1.10e-06 | left: 4s
step 09050 ( 99.0%) | loss: 0.808546 | trade:0.31 call:0.60 put:0.40 | ATM:0.66 OTM:0.34 | lr: 4.14e-07 | left: 2s
step 09100 ( 99.6%) | loss: 0.822159 | trade:0.37 call:0.62 put:0.38 | ATM:0.60 OTM:0.40 | lr: 5.55e-08 | left: 1s

Training done at 244s. Starting evaluation...
Evaluation done in 7s (total wall: 251s)
Model saved to /root/best_model.pt
Trade log: 117 trades -> /root/trade_log.csv

---
score:              0.741655
profit_factor:      2.677959
win_rate:           0.341880
avg_winner:         0.995926
avg_loser:          -0.193194
trades_per_day:     1.746269
max_consec_loss:    10
num_trades:         117
trade_sharpe:       4.070873
sortino:            44.969341
max_drawdown:       -3.968456
calmar:             6.289890
ev_per_trade:       0.213343
do_nothing_pct:     0.584655
exit_pct:           0.017788
model_exit_count:   83
cooldown_blocked:   144
pre_10am_blocked:   710
short_hold_pct:     0.265000
stop_loss_rate:     0.291000
direction_collapse_pct: 0.512800
avg_entry_cost_bps: 497.435900
avg_entry_quality:  0.676000
cost_realism_coverage: 1.000000
high_cost_entry_rate: 0.589700
low_quality_entry_rate: 0.000000
actionable_bar_rate: 0.803300
risk_off_bar_rate:  0.000000
final_capital:      16363.15
equity_sharpe:      2.104400
max_equity_dd:      -0.459400
total_dollar_return:0.636300
val_sharpe:         -34.220676
total_return:       24.961153
num_val_bars:       4666
num_val_days:       67
worst_chunk_pf:     0.28
rr_ratio:           5.1551
avg_hold_bars:      9.26
model_exit_rate:    0.7094
hit_ruin:           False
min_equity_frac:    0.5406
avg_risk_fraction:  0.0822
max_risk_fraction:  0.3154
trades_blocked_by_balance: 0
  Chunk 1: 2025-02-18..2025-05-14 | 29 trades | PF=0.28 | WR=27.6%
  Chunk 2: 2025-05-28..2025-08-01 | 24 trades | PF=4.38 | WR=29.2%
  Chunk 3: 2025-08-29..2025-10-02 | 18 trades | PF=4.96 | WR=27.8%
  Chunk 4: 2025-10-09..2025-12-02 | 23 trades | PF=4.00 | WR=43.5%
  Chunk 5: 2025-12-04..2026-03-16 | 23 trades | PF=1.35 | WR=43.5%
training_seconds:   240.0
total_seconds:      253.8
peak_vram_mb:       366.9
num_steps:          9129
num_params:         146,265
lookback:           120
depth:              3
d_model:            64
effective_lr:       0.00015
gate_label_smoothing:0.050000
dir_label_smoothing:0.050000
false_entry_penalty:2.500000
feature_noise_std:  0.050000
/opt/conda/lib/python3.11/site-packages/torch/nn/modules/transformer.py:379: UserWarning: enable_nested_tensor is True, but self.use_nested_tensor is False because encoder_layer.norm_first was True
  warnings.warn(
