Loading data from: /root/.cache/autoresearch-trading/features/data.pt
Loaded 382920 1-min bars, 32 features, 8 actions
  ~981 trading days
Training:   up to idx 268019
Validation: idx 268020-382919
  Option P&L coverage: 296720/382920 (77%)
Parameters: 145,064
Architecture: v4 simplified two-head (gate+dir) + minimal emergency capital preservation
Training from scratch (v4: no warm-start).

Budget: 240s | Batch: 128 | Lookback: 120
LR: 0.00015 | Depth: 3 | d_model: 64 | ff_mult: 3
Dropout: 0.15 | Weight decay: 0.05
False entry penalty: 2.0x
Label smoothing: gate=0.05 dir=0.05

step 00000 (  0.0%) | loss: 3.085564 | trade:0.25 call:0.43 put:0.57 | ATM:0.28 OTM:0.72 | lr: 0.00e+00 | left: 240s
step 00050 (  0.2%) | loss: 3.251387 | trade:0.26 call:0.43 put:0.57 | ATM:0.28 OTM:0.72 | lr: 3.10e-06 | left: 239s
step 00100 (  0.4%) | loss: 3.209801 | trade:0.27 call:0.43 put:0.57 | ATM:0.28 OTM:0.72 | lr: 6.58e-06 | left: 239s
step 00150 (  0.6%) | loss: 3.190409 | trade:0.30 call:0.43 put:0.57 | ATM:0.28 OTM:0.72 | lr: 9.58e-06 | left: 238s
step 00200 (  0.9%) | loss: 3.139613 | trade:0.32 call:0.44 put:0.56 | ATM:0.29 OTM:0.71 | lr: 1.30e-05 | left: 238s
step 00250 (  1.1%) | loss: 3.070938 | trade:0.37 call:0.44 put:0.56 | ATM:0.30 OTM:0.70 | lr: 1.60e-05 | left: 237s
step 00300 (  1.3%) | loss: 3.014719 | trade:0.41 call:0.46 put:0.54 | ATM:0.31 OTM:0.69 | lr: 1.90e-05 | left: 237s
step 00350 (  1.5%) | loss: 2.992319 | trade:0.43 call:0.48 put:0.52 | ATM:0.32 OTM:0.68 | lr: 2.21e-05 | left: 236s
step 00400 (  1.7%) | loss: 2.936812 | trade:0.43 call:0.51 put:0.49 | ATM:0.33 OTM:0.67 | lr: 2.53e-05 | left: 236s
step 00450 (  1.9%) | loss: 2.887649 | trade:0.43 call:0.51 put:0.49 | ATM:0.34 OTM:0.66 | lr: 2.82e-05 | left: 235s
step 00500 (  2.1%) | loss: 2.879613 | trade:0.43 call:0.54 put:0.46 | ATM:0.35 OTM:0.65 | lr: 3.11e-05 | left: 235s
step 00550 (  2.3%) | loss: 2.856603 | trade:0.44 call:0.56 put:0.44 | ATM:0.36 OTM:0.64 | lr: 3.41e-05 | left: 235s
step 00600 (  2.5%) | loss: 2.816582 | trade:0.44 call:0.56 put:0.44 | ATM:0.37 OTM:0.63 | lr: 3.77e-05 | left: 234s
step 00650 (  2.7%) | loss: 2.790257 | trade:0.44 call:0.57 put:0.43 | ATM:0.38 OTM:0.62 | lr: 4.10e-05 | left: 233s
step 00700 (  3.0%) | loss: 2.724525 | trade:0.42 call:0.58 put:0.42 | ATM:0.39 OTM:0.61 | lr: 4.45e-05 | left: 233s
step 00750 (  3.2%) | loss: 2.704286 | trade:0.42 call:0.59 put:0.41 | ATM:0.40 OTM:0.60 | lr: 4.77e-05 | left: 232s
step 00800 (  3.4%) | loss: 2.668034 | trade:0.44 call:0.56 put:0.44 | ATM:0.40 OTM:0.60 | lr: 5.08e-05 | left: 232s
step 00850 (  3.6%) | loss: 2.618543 | trade:0.43 call:0.59 put:0.41 | ATM:0.40 OTM:0.60 | lr: 5.39e-05 | left: 231s
step 00900 (  3.8%) | loss: 2.580850 | trade:0.44 call:0.57 put:0.43 | ATM:0.40 OTM:0.60 | lr: 5.69e-05 | left: 231s
step 00950 (  4.0%) | loss: 2.530862 | trade:0.42 call:0.61 put:0.39 | ATM:0.41 OTM:0.59 | lr: 5.97e-05 | left: 230s
step 01000 (  4.2%) | loss: 2.499231 | trade:0.41 call:0.60 put:0.40 | ATM:0.42 OTM:0.58 | lr: 6.27e-05 | left: 230s
step 01050 (  4.4%) | loss: 2.424299 | trade:0.42 call:0.61 put:0.39 | ATM:0.43 OTM:0.57 | lr: 6.62e-05 | left: 229s
step 01100 (  4.6%) | loss: 2.389169 | trade:0.43 call:0.62 put:0.38 | ATM:0.43 OTM:0.57 | lr: 6.93e-05 | left: 229s
step 01150 (  4.9%) | loss: 2.343938 | trade:0.42 call:0.59 put:0.41 | ATM:0.42 OTM:0.58 | lr: 7.29e-05 | left: 228s
step 01200 (  5.1%) | loss: 2.320090 | trade:0.43 call:0.60 put:0.40 | ATM:0.42 OTM:0.58 | lr: 7.62e-05 | left: 228s
step 01250 (  5.3%) | loss: 2.239857 | trade:0.41 call:0.61 put:0.39 | ATM:0.43 OTM:0.57 | lr: 7.93e-05 | left: 227s
step 01300 (  5.5%) | loss: 2.192001 | trade:0.39 call:0.62 put:0.38 | ATM:0.44 OTM:0.56 | lr: 8.24e-05 | left: 227s
step 01350 (  5.7%) | loss: 2.144120 | trade:0.41 call:0.56 put:0.44 | ATM:0.41 OTM:0.59 | lr: 8.55e-05 | left: 226s
step 01400 (  5.9%) | loss: 2.078486 | trade:0.43 call:0.59 put:0.41 | ATM:0.44 OTM:0.56 | lr: 8.89e-05 | left: 226s
step 01450 (  6.1%) | loss: 2.033411 | trade:0.38 call:0.65 put:0.35 | ATM:0.45 OTM:0.55 | lr: 9.20e-05 | left: 225s
step 01500 (  6.3%) | loss: 1.993366 | trade:0.43 call:0.60 put:0.40 | ATM:0.44 OTM:0.56 | lr: 9.50e-05 | left: 225s
step 01550 (  6.6%) | loss: 1.944721 | trade:0.40 call:0.63 put:0.37 | ATM:0.47 OTM:0.53 | lr: 9.83e-05 | left: 224s
step 01600 (  6.8%) | loss: 1.909939 | trade:0.45 call:0.64 put:0.36 | ATM:0.44 OTM:0.56 | lr: 1.02e-04 | left: 224s
step 01650 (  7.0%) | loss: 1.857439 | trade:0.42 call:0.64 put:0.36 | ATM:0.47 OTM:0.53 | lr: 1.06e-04 | left: 223s
step 01700 (  7.3%) | loss: 1.796617 | trade:0.38 call:0.66 put:0.34 | ATM:0.47 OTM:0.53 | lr: 1.09e-04 | left: 223s
step 01750 (  7.5%) | loss: 1.712055 | trade:0.39 call:0.67 put:0.33 | ATM:0.50 OTM:0.50 | lr: 1.12e-04 | left: 222s
step 01800 (  7.7%) | loss: 1.727517 | trade:0.38 call:0.61 put:0.39 | ATM:0.45 OTM:0.55 | lr: 1.15e-04 | left: 222s
step 01850 (  7.9%) | loss: 1.656052 | trade:0.40 call:0.65 put:0.35 | ATM:0.46 OTM:0.54 | lr: 1.19e-04 | left: 221s
step 01900 (  8.1%) | loss: 1.623684 | trade:0.38 call:0.65 put:0.35 | ATM:0.47 OTM:0.53 | lr: 1.22e-04 | left: 220s
step 01950 (  8.4%) | loss: 1.606579 | trade:0.34 call:0.61 put:0.39 | ATM:0.45 OTM:0.55 | lr: 1.26e-04 | left: 220s
step 02000 (  8.6%) | loss: 1.527382 | trade:0.33 call:0.70 put:0.30 | ATM:0.46 OTM:0.54 | lr: 1.29e-04 | left: 219s
step 02050 (  8.8%) | loss: 1.557112 | trade:0.37 call:0.69 put:0.31 | ATM:0.49 OTM:0.51 | lr: 1.32e-04 | left: 219s
step 02100 (  9.0%) | loss: 1.497829 | trade:0.36 call:0.67 put:0.33 | ATM:0.47 OTM:0.53 | lr: 1.35e-04 | left: 218s
step 02150 (  9.2%) | loss: 1.492079 | trade:0.37 call:0.65 put:0.35 | ATM:0.48 OTM:0.52 | lr: 1.39e-04 | left: 218s
step 02200 (  9.5%) | loss: 1.470827 | trade:0.41 call:0.62 put:0.38 | ATM:0.42 OTM:0.58 | lr: 1.42e-04 | left: 217s
step 02250 (  9.7%) | loss: 1.434817 | trade:0.37 call:0.68 put:0.32 | ATM:0.52 OTM:0.48 | lr: 1.46e-04 | left: 217s
step 02300 (  9.9%) | loss: 1.397823 | trade:0.35 call:0.63 put:0.37 | ATM:0.49 OTM:0.51 | lr: 1.49e-04 | left: 216s
step 02350 ( 10.1%) | loss: 1.387802 | trade:0.38 call:0.71 put:0.29 | ATM:0.54 OTM:0.46 | lr: 1.50e-04 | left: 216s
step 02400 ( 10.4%) | loss: 1.366376 | trade:0.34 call:0.74 put:0.26 | ATM:0.48 OTM:0.52 | lr: 1.50e-04 | left: 215s
step 02450 ( 10.6%) | loss: 1.387493 | trade:0.41 call:0.65 put:0.35 | ATM:0.51 OTM:0.49 | lr: 1.50e-04 | left: 215s
step 02500 ( 10.8%) | loss: 1.361465 | trade:0.41 call:0.59 put:0.41 | ATM:0.50 OTM:0.50 | lr: 1.50e-04 | left: 214s
step 02550 ( 11.1%) | loss: 1.335995 | trade:0.34 call:0.62 put:0.38 | ATM:0.47 OTM:0.53 | lr: 1.50e-04 | left: 213s
step 02600 ( 11.3%) | loss: 1.333572 | trade:0.34 call:0.57 put:0.43 | ATM:0.50 OTM:0.50 | lr: 1.50e-04 | left: 213s
step 02650 ( 11.5%) | loss: 1.318200 | trade:0.35 call:0.66 put:0.34 | ATM:0.53 OTM:0.47 | lr: 1.50e-04 | left: 212s
step 02700 ( 11.8%) | loss: 1.322090 | trade:0.32 call:0.67 put:0.33 | ATM:0.53 OTM:0.47 | lr: 1.50e-04 | left: 212s
step 02750 ( 12.1%) | loss: 1.333451 | trade:0.37 call:0.56 put:0.44 | ATM:0.53 OTM:0.47 | lr: 1.50e-04 | left: 211s
step 02800 ( 12.6%) | loss: 1.322828 | trade:0.38 call:0.63 put:0.37 | ATM:0.54 OTM:0.46 | lr: 1.50e-04 | left: 210s
step 02850 ( 13.1%) | loss: 1.260387 | trade:0.30 call:0.67 put:0.33 | ATM:0.60 OTM:0.40 | lr: 1.50e-04 | left: 209s
step 02900 ( 13.6%) | loss: 1.266942 | trade:0.40 call:0.64 put:0.36 | ATM:0.51 OTM:0.49 | lr: 1.50e-04 | left: 207s
step 02950 ( 14.1%) | loss: 1.272016 | trade:0.36 call:0.63 put:0.37 | ATM:0.55 OTM:0.45 | lr: 1.50e-04 | left: 206s
step 03000 ( 14.6%) | loss: 1.275549 | trade:0.40 call:0.59 put:0.41 | ATM:0.52 OTM:0.48 | lr: 1.50e-04 | left: 205s
step 03050 ( 15.2%) | loss: 1.246877 | trade:0.37 call:0.67 put:0.33 | ATM:0.56 OTM:0.44 | lr: 1.50e-04 | left: 204s
step 03100 ( 15.7%) | loss: 1.247597 | trade:0.38 call:0.67 put:0.33 | ATM:0.59 OTM:0.41 | lr: 1.50e-04 | left: 202s
step 03150 ( 16.2%) | loss: 1.229228 | trade:0.35 call:0.63 put:0.37 | ATM:0.55 OTM:0.45 | lr: 1.50e-04 | left: 201s
step 03200 ( 16.7%) | loss: 1.257813 | trade:0.35 call:0.64 put:0.36 | ATM:0.52 OTM:0.48 | lr: 1.50e-04 | left: 200s
step 03250 ( 17.2%) | loss: 1.261106 | trade:0.29 call:0.64 put:0.36 | ATM:0.56 OTM:0.44 | lr: 1.50e-04 | left: 199s
step 03300 ( 17.7%) | loss: 1.237001 | trade:0.37 call:0.67 put:0.33 | ATM:0.61 OTM:0.39 | lr: 1.50e-04 | left: 197s
step 03350 ( 18.2%) | loss: 1.230784 | trade:0.32 call:0.63 put:0.37 | ATM:0.61 OTM:0.39 | lr: 1.50e-04 | left: 196s
step 03400 ( 18.8%) | loss: 1.212944 | trade:0.35 call:0.62 put:0.38 | ATM:0.58 OTM:0.42 | lr: 1.50e-04 | left: 195s
step 03450 ( 19.3%) | loss: 1.195878 | trade:0.33 call:0.65 put:0.35 | ATM:0.54 OTM:0.46 | lr: 1.50e-04 | left: 194s
step 03500 ( 19.8%) | loss: 1.203680 | trade:0.32 call:0.65 put:0.35 | ATM:0.53 OTM:0.47 | lr: 1.50e-04 | left: 192s
step 03550 ( 20.3%) | loss: 1.218357 | trade:0.34 call:0.65 put:0.35 | ATM:0.53 OTM:0.47 | lr: 1.50e-04 | left: 191s
step 03600 ( 20.8%) | loss: 1.220293 | trade:0.31 call:0.63 put:0.37 | ATM:0.58 OTM:0.42 | lr: 1.50e-04 | left: 190s
step 03650 ( 21.3%) | loss: 1.212573 | trade:0.32 call:0.67 put:0.33 | ATM:0.57 OTM:0.43 | lr: 1.50e-04 | left: 189s
step 03700 ( 21.8%) | loss: 1.201100 | trade:0.36 call:0.63 put:0.37 | ATM:0.56 OTM:0.44 | lr: 1.50e-04 | left: 188s
step 03750 ( 22.3%) | loss: 1.226770 | trade:0.28 call:0.67 put:0.33 | ATM:0.64 OTM:0.36 | lr: 1.50e-04 | left: 186s
step 03800 ( 22.8%) | loss: 1.193886 | trade:0.35 call:0.59 put:0.41 | ATM:0.58 OTM:0.42 | lr: 1.50e-04 | left: 185s
step 03850 ( 23.3%) | loss: 1.183632 | trade:0.34 call:0.60 put:0.40 | ATM:0.56 OTM:0.44 | lr: 1.50e-04 | left: 184s
step 03900 ( 23.9%) | loss: 1.189203 | trade:0.40 call:0.61 put:0.39 | ATM:0.58 OTM:0.42 | lr: 1.50e-04 | left: 183s
step 03950 ( 24.4%) | loss: 1.161874 | trade:0.28 call:0.68 put:0.32 | ATM:0.58 OTM:0.42 | lr: 1.50e-04 | left: 181s
step 04000 ( 24.9%) | loss: 1.168065 | trade:0.36 call:0.64 put:0.36 | ATM:0.56 OTM:0.44 | lr: 1.50e-04 | left: 180s
step 04050 ( 25.4%) | loss: 1.184489 | trade:0.38 call:0.62 put:0.38 | ATM:0.55 OTM:0.45 | lr: 1.50e-04 | left: 179s
step 04100 ( 25.9%) | loss: 1.161621 | trade:0.29 call:0.68 put:0.32 | ATM:0.59 OTM:0.41 | lr: 1.50e-04 | left: 178s
step 04150 ( 26.4%) | loss: 1.151418 | trade:0.33 call:0.58 put:0.42 | ATM:0.62 OTM:0.38 | lr: 1.50e-04 | left: 177s
step 04200 ( 27.0%) | loss: 1.140098 | trade:0.31 call:0.63 put:0.37 | ATM:0.61 OTM:0.39 | lr: 1.50e-04 | left: 175s
step 04250 ( 27.5%) | loss: 1.155450 | trade:0.32 call:0.60 put:0.40 | ATM:0.64 OTM:0.36 | lr: 1.50e-04 | left: 174s
step 04300 ( 28.0%) | loss: 1.165847 | trade:0.38 call:0.62 put:0.38 | ATM:0.56 OTM:0.44 | lr: 1.50e-04 | left: 173s
step 04350 ( 28.5%) | loss: 1.143494 | trade:0.31 call:0.66 put:0.34 | ATM:0.62 OTM:0.38 | lr: 1.50e-04 | left: 172s
step 04400 ( 29.0%) | loss: 1.155581 | trade:0.34 call:0.63 put:0.37 | ATM:0.57 OTM:0.43 | lr: 1.50e-04 | left: 170s
step 04450 ( 29.5%) | loss: 1.138460 | trade:0.38 call:0.63 put:0.37 | ATM:0.59 OTM:0.41 | lr: 1.50e-04 | left: 169s
step 04500 ( 30.0%) | loss: 1.148232 | trade:0.36 call:0.63 put:0.37 | ATM:0.62 OTM:0.38 | lr: 1.50e-04 | left: 168s
step 04550 ( 30.6%) | loss: 1.127004 | trade:0.35 call:0.59 put:0.41 | ATM:0.58 OTM:0.42 | lr: 1.50e-04 | left: 167s
step 04600 ( 31.1%) | loss: 1.137916 | trade:0.35 call:0.65 put:0.35 | ATM:0.54 OTM:0.46 | lr: 1.50e-04 | left: 165s
step 04650 ( 31.6%) | loss: 1.132379 | trade:0.34 call:0.60 put:0.40 | ATM:0.58 OTM:0.42 | lr: 1.50e-04 | left: 164s
step 04700 ( 32.1%) | loss: 1.136035 | trade:0.38 call:0.62 put:0.38 | ATM:0.60 OTM:0.40 | lr: 1.50e-04 | left: 163s
step 04750 ( 32.6%) | loss: 1.170620 | trade:0.32 call:0.62 put:0.38 | ATM:0.62 OTM:0.38 | lr: 1.50e-04 | left: 162s
step 04800 ( 33.1%) | loss: 1.113359 | trade:0.38 call:0.60 put:0.40 | ATM:0.57 OTM:0.43 | lr: 1.50e-04 | left: 160s
step 04850 ( 33.7%) | loss: 1.128013 | trade:0.39 call:0.60 put:0.40 | ATM:0.59 OTM:0.41 | lr: 1.50e-04 | left: 159s
step 04900 ( 34.2%) | loss: 1.112721 | trade:0.29 call:0.64 put:0.36 | ATM:0.66 OTM:0.34 | lr: 1.50e-04 | left: 158s
step 04950 ( 34.7%) | loss: 1.160753 | trade:0.35 call:0.61 put:0.39 | ATM:0.59 OTM:0.41 | lr: 1.50e-04 | left: 157s
step 05000 ( 35.2%) | loss: 1.135339 | trade:0.36 call:0.58 put:0.42 | ATM:0.62 OTM:0.38 | lr: 1.50e-04 | left: 155s
step 05050 ( 35.7%) | loss: 1.119260 | trade:0.34 call:0.63 put:0.37 | ATM:0.54 OTM:0.46 | lr: 1.50e-04 | left: 154s
step 05100 ( 36.2%) | loss: 1.135013 | trade:0.32 call:0.64 put:0.36 | ATM:0.63 OTM:0.37 | lr: 1.50e-04 | left: 153s
step 05150 ( 36.8%) | loss: 1.115257 | trade:0.39 call:0.56 put:0.44 | ATM:0.63 OTM:0.37 | lr: 1.50e-04 | left: 152s
step 05200 ( 37.3%) | loss: 1.109595 | trade:0.32 call:0.63 put:0.37 | ATM:0.62 OTM:0.38 | lr: 1.50e-04 | left: 151s
step 05250 ( 37.8%) | loss: 1.115043 | trade:0.30 call:0.66 put:0.34 | ATM:0.67 OTM:0.33 | lr: 1.50e-04 | left: 149s
step 05300 ( 38.3%) | loss: 1.124409 | trade:0.33 call:0.65 put:0.35 | ATM:0.62 OTM:0.38 | lr: 1.50e-04 | left: 148s
step 05350 ( 38.8%) | loss: 1.143016 | trade:0.29 call:0.65 put:0.35 | ATM:0.67 OTM:0.33 | lr: 1.50e-04 | left: 147s
step 05400 ( 39.3%) | loss: 1.105769 | trade:0.39 call:0.58 put:0.42 | ATM:0.52 OTM:0.48 | lr: 1.50e-04 | left: 146s
step 05450 ( 39.9%) | loss: 1.084157 | trade:0.37 call:0.57 put:0.43 | ATM:0.61 OTM:0.39 | lr: 1.50e-04 | left: 144s
step 05500 ( 40.4%) | loss: 1.099373 | trade:0.34 call:0.55 put:0.45 | ATM:0.61 OTM:0.39 | lr: 1.50e-04 | left: 143s
step 05550 ( 40.9%) | loss: 1.114113 | trade:0.33 call:0.60 put:0.40 | ATM:0.66 OTM:0.34 | lr: 1.50e-04 | left: 142s
step 05600 ( 41.4%) | loss: 1.106464 | trade:0.36 call:0.64 put:0.36 | ATM:0.63 OTM:0.37 | lr: 1.50e-04 | left: 141s
step 05650 ( 41.9%) | loss: 1.112134 | trade:0.32 call:0.67 put:0.33 | ATM:0.67 OTM:0.33 | lr: 1.50e-04 | left: 139s
step 05700 ( 42.4%) | loss: 1.109515 | trade:0.40 call:0.63 put:0.37 | ATM:0.61 OTM:0.39 | lr: 1.50e-04 | left: 138s
step 05750 ( 42.9%) | loss: 1.093685 | trade:0.35 call:0.61 put:0.39 | ATM:0.59 OTM:0.41 | lr: 1.50e-04 | left: 137s
step 05800 ( 43.4%) | loss: 1.098542 | trade:0.35 call:0.64 put:0.36 | ATM:0.65 OTM:0.35 | lr: 1.50e-04 | left: 136s
step 05850 ( 43.9%) | loss: 1.079403 | trade:0.34 call:0.60 put:0.40 | ATM:0.59 OTM:0.41 | lr: 1.50e-04 | left: 135s
step 05900 ( 44.4%) | loss: 1.112408 | trade:0.38 call:0.63 put:0.37 | ATM:0.62 OTM:0.38 | lr: 1.50e-04 | left: 133s
step 05950 ( 44.9%) | loss: 1.072451 | trade:0.33 call:0.55 put:0.45 | ATM:0.64 OTM:0.36 | lr: 1.50e-04 | left: 132s
step 06000 ( 45.4%) | loss: 1.095454 | trade:0.36 call:0.61 put:0.39 | ATM:0.63 OTM:0.37 | lr: 1.50e-04 | left: 131s
step 06050 ( 46.0%) | loss: 1.114978 | trade:0.34 call:0.60 put:0.40 | ATM:0.63 OTM:0.37 | lr: 1.50e-04 | left: 130s
step 06100 ( 46.5%) | loss: 1.104712 | trade:0.31 call:0.55 put:0.45 | ATM:0.62 OTM:0.38 | lr: 1.50e-04 | left: 128s
step 06150 ( 47.0%) | loss: 1.093724 | trade:0.28 call:0.61 put:0.39 | ATM:0.60 OTM:0.40 | lr: 1.50e-04 | left: 127s
step 06200 ( 47.5%) | loss: 1.086091 | trade:0.32 call:0.55 put:0.45 | ATM:0.64 OTM:0.36 | lr: 1.50e-04 | left: 126s
step 06250 ( 48.0%) | loss: 1.081076 | trade:0.35 call:0.67 put:0.33 | ATM:0.66 OTM:0.34 | lr: 1.50e-04 | left: 125s
step 06300 ( 48.5%) | loss: 1.088506 | trade:0.35 call:0.61 put:0.39 | ATM:0.58 OTM:0.42 | lr: 1.50e-04 | left: 124s
step 06350 ( 49.0%) | loss: 1.094691 | trade:0.32 call:0.64 put:0.36 | ATM:0.65 OTM:0.35 | lr: 1.50e-04 | left: 122s
step 06400 ( 49.6%) | loss: 1.106772 | trade:0.35 call:0.61 put:0.39 | ATM:0.68 OTM:0.32 | lr: 1.50e-04 | left: 121s
step 06450 ( 50.1%) | loss: 1.087791 | trade:0.32 call:0.53 put:0.47 | ATM:0.60 OTM:0.40 | lr: 1.50e-04 | left: 120s
step 06500 ( 50.6%) | loss: 1.086026 | trade:0.30 call:0.53 put:0.47 | ATM:0.62 OTM:0.38 | lr: 1.50e-04 | left: 119s
step 06550 ( 51.1%) | loss: 1.090298 | trade:0.36 call:0.61 put:0.39 | ATM:0.59 OTM:0.41 | lr: 1.50e-04 | left: 117s
step 06600 ( 51.6%) | loss: 1.079828 | trade:0.36 call:0.60 put:0.40 | ATM:0.62 OTM:0.38 | lr: 1.50e-04 | left: 116s
step 06650 ( 52.1%) | loss: 1.067761 | trade:0.38 call:0.64 put:0.36 | ATM:0.67 OTM:0.33 | lr: 1.50e-04 | left: 115s
step 06700 ( 52.6%) | loss: 1.080373 | trade:0.35 call:0.67 put:0.33 | ATM:0.63 OTM:0.37 | lr: 1.50e-04 | left: 114s
step 06750 ( 53.1%) | loss: 1.083321 | trade:0.38 call:0.64 put:0.36 | ATM:0.58 OTM:0.42 | lr: 1.50e-04 | left: 112s
step 06800 ( 53.6%) | loss: 1.095794 | trade:0.33 call:0.56 put:0.44 | ATM:0.61 OTM:0.39 | lr: 1.50e-04 | left: 111s
step 06850 ( 54.2%) | loss: 1.059704 | trade:0.34 call:0.61 put:0.39 | ATM:0.63 OTM:0.37 | lr: 1.50e-04 | left: 110s
step 06900 ( 54.7%) | loss: 1.061303 | trade:0.34 call:0.59 put:0.41 | ATM:0.62 OTM:0.38 | lr: 1.50e-04 | left: 109s
step 06950 ( 55.2%) | loss: 1.084285 | trade:0.30 call:0.59 put:0.41 | ATM:0.72 OTM:0.28 | lr: 1.50e-04 | left: 108s
step 07000 ( 55.7%) | loss: 1.074885 | trade:0.34 call:0.63 put:0.37 | ATM:0.55 OTM:0.45 | lr: 1.50e-04 | left: 106s
step 07050 ( 56.2%) | loss: 1.078772 | trade:0.29 call:0.59 put:0.41 | ATM:0.67 OTM:0.33 | lr: 1.50e-04 | left: 105s
step 07100 ( 56.7%) | loss: 1.075791 | trade:0.30 call:0.63 put:0.37 | ATM:0.66 OTM:0.34 | lr: 1.50e-04 | left: 104s
step 07150 ( 57.2%) | loss: 1.060850 | trade:0.33 call:0.61 put:0.39 | ATM:0.59 OTM:0.41 | lr: 1.50e-04 | left: 103s
step 07200 ( 57.8%) | loss: 1.051784 | trade:0.33 call:0.60 put:0.40 | ATM:0.59 OTM:0.41 | lr: 1.50e-04 | left: 101s
step 07250 ( 58.3%) | loss: 1.070893 | trade:0.34 call:0.60 put:0.40 | ATM:0.61 OTM:0.39 | lr: 1.50e-04 | left: 100s
step 07300 ( 58.8%) | loss: 1.060515 | trade:0.37 call:0.63 put:0.37 | ATM:0.61 OTM:0.39 | lr: 1.50e-04 | left: 99s
step 07350 ( 59.3%) | loss: 1.045099 | trade:0.30 call:0.58 put:0.42 | ATM:0.64 OTM:0.36 | lr: 1.50e-04 | left: 98s
step 07400 ( 59.8%) | loss: 1.066046 | trade:0.32 call:0.62 put:0.38 | ATM:0.63 OTM:0.37 | lr: 1.50e-04 | left: 96s
step 07450 ( 60.3%) | loss: 1.069029 | trade:0.34 call:0.64 put:0.36 | ATM:0.67 OTM:0.33 | lr: 1.50e-04 | left: 95s
step 07500 ( 60.9%) | loss: 1.049092 | trade:0.33 call:0.57 put:0.43 | ATM:0.62 OTM:0.38 | lr: 1.50e-04 | left: 94s
step 07550 ( 61.4%) | loss: 1.048753 | trade:0.25 call:0.62 put:0.38 | ATM:0.68 OTM:0.32 | lr: 1.50e-04 | left: 93s
step 07600 ( 61.9%) | loss: 1.052925 | trade:0.33 call:0.60 put:0.40 | ATM:0.63 OTM:0.37 | lr: 1.50e-04 | left: 91s
step 07650 ( 62.4%) | loss: 1.065540 | trade:0.31 call:0.53 put:0.47 | ATM:0.60 OTM:0.40 | lr: 1.50e-04 | left: 90s
step 07700 ( 62.9%) | loss: 1.059306 | trade:0.34 call:0.67 put:0.33 | ATM:0.60 OTM:0.40 | lr: 1.50e-04 | left: 89s
step 07750 ( 63.4%) | loss: 1.042417 | trade:0.35 call:0.59 put:0.41 | ATM:0.63 OTM:0.37 | lr: 1.50e-04 | left: 88s
step 07800 ( 63.9%) | loss: 1.049560 | trade:0.32 call:0.58 put:0.42 | ATM:0.65 OTM:0.35 | lr: 1.50e-04 | left: 87s
step 07850 ( 64.4%) | loss: 1.075480 | trade:0.36 call:0.58 put:0.42 | ATM:0.64 OTM:0.36 | lr: 1.50e-04 | left: 85s
step 07900 ( 64.9%) | loss: 1.064796 | trade:0.35 call:0.65 put:0.35 | ATM:0.62 OTM:0.38 | lr: 1.50e-04 | left: 84s
step 07950 ( 65.4%) | loss: 1.055502 | trade:0.39 call:0.56 put:0.44 | ATM:0.58 OTM:0.42 | lr: 1.50e-04 | left: 83s
step 08000 ( 66.0%) | loss: 1.051905 | trade:0.34 call:0.51 put:0.49 | ATM:0.67 OTM:0.33 | lr: 1.50e-04 | left: 82s
step 08050 ( 66.5%) | loss: 1.065004 | trade:0.39 call:0.59 put:0.41 | ATM:0.61 OTM:0.39 | lr: 1.50e-04 | left: 80s
step 08100 ( 67.0%) | loss: 1.036547 | trade:0.32 call:0.56 put:0.44 | ATM:0.66 OTM:0.34 | lr: 1.50e-04 | left: 79s
step 08150 ( 67.5%) | loss: 1.047452 | trade:0.35 call:0.53 put:0.47 | ATM:0.62 OTM:0.38 | lr: 1.50e-04 | left: 78s
step 08200 ( 68.0%) | loss: 1.070771 | trade:0.36 call:0.57 put:0.43 | ATM:0.61 OTM:0.39 | lr: 1.50e-04 | left: 77s
step 08250 ( 68.5%) | loss: 1.052815 | trade:0.41 call:0.58 put:0.42 | ATM:0.57 OTM:0.43 | lr: 1.50e-04 | left: 76s
step 08300 ( 69.0%) | loss: 1.069133 | trade:0.26 call:0.61 put:0.39 | ATM:0.62 OTM:0.38 | lr: 1.50e-04 | left: 74s
step 08350 ( 69.5%) | loss: 1.069384 | trade:0.37 call:0.61 put:0.39 | ATM:0.64 OTM:0.36 | lr: 1.50e-04 | left: 73s
step 08400 ( 70.1%) | loss: 1.046844 | trade:0.34 call:0.59 put:0.41 | ATM:0.66 OTM:0.34 | lr: 1.50e-04 | left: 72s
step 08450 ( 70.6%) | loss: 1.043297 | trade:0.30 call:0.56 put:0.44 | ATM:0.62 OTM:0.38 | lr: 1.50e-04 | left: 71s
step 08500 ( 71.1%) | loss: 1.056844 | trade:0.35 call:0.58 put:0.42 | ATM:0.63 OTM:0.37 | lr: 1.50e-04 | left: 69s
step 08550 ( 71.6%) | loss: 1.016521 | trade:0.34 call:0.63 put:0.37 | ATM:0.66 OTM:0.34 | lr: 1.49e-04 | left: 68s
step 08600 ( 72.1%) | loss: 1.031639 | trade:0.34 call:0.57 put:0.43 | ATM:0.60 OTM:0.40 | lr: 1.48e-04 | left: 67s
step 08650 ( 72.6%) | loss: 1.018917 | trade:0.31 call:0.52 put:0.48 | ATM:0.60 OTM:0.40 | lr: 1.47e-04 | left: 66s
step 08700 ( 73.1%) | loss: 1.036173 | trade:0.36 call:0.52 put:0.48 | ATM:0.60 OTM:0.40 | lr: 1.46e-04 | left: 64s
step 08750 ( 73.7%) | loss: 1.050583 | trade:0.36 call:0.54 put:0.46 | ATM:0.62 OTM:0.38 | lr: 1.45e-04 | left: 63s
step 08800 ( 74.2%) | loss: 1.036405 | trade:0.35 call:0.58 put:0.42 | ATM:0.66 OTM:0.34 | lr: 1.43e-04 | left: 62s
step 08850 ( 74.7%) | loss: 1.027679 | trade:0.30 call:0.55 put:0.45 | ATM:0.69 OTM:0.31 | lr: 1.41e-04 | left: 61s
step 08900 ( 75.2%) | loss: 1.051405 | trade:0.31 call:0.58 put:0.42 | ATM:0.60 OTM:0.40 | lr: 1.39e-04 | left: 59s
step 08950 ( 75.7%) | loss: 1.039962 | trade:0.38 call:0.62 put:0.38 | ATM:0.60 OTM:0.40 | lr: 1.37e-04 | left: 58s
step 09000 ( 76.2%) | loss: 1.017915 | trade:0.30 call:0.65 put:0.35 | ATM:0.67 OTM:0.33 | lr: 1.35e-04 | left: 57s
step 09050 ( 76.8%) | loss: 1.036698 | trade:0.39 call:0.56 put:0.44 | ATM:0.58 OTM:0.42 | lr: 1.32e-04 | left: 56s
step 09100 ( 77.3%) | loss: 1.052445 | trade:0.36 call:0.61 put:0.39 | ATM:0.65 OTM:0.35 | lr: 1.29e-04 | left: 55s
step 09150 ( 77.8%) | loss: 1.013052 | trade:0.31 call:0.58 put:0.42 | ATM:0.68 OTM:0.32 | lr: 1.26e-04 | left: 53s
step 09200 ( 78.3%) | loss: 1.042521 | trade:0.32 call:0.55 put:0.45 | ATM:0.66 OTM:0.34 | lr: 1.23e-04 | left: 52s
step 09250 ( 78.8%) | loss: 1.006204 | trade:0.33 call:0.57 put:0.43 | ATM:0.71 OTM:0.29 | lr: 1.20e-04 | left: 51s
step 09300 ( 79.3%) | loss: 1.028616 | trade:0.31 call:0.60 put:0.40 | ATM:0.63 OTM:0.37 | lr: 1.17e-04 | left: 50s
step 09350 ( 79.9%) | loss: 1.022881 | trade:0.36 call:0.61 put:0.39 | ATM:0.66 OTM:0.34 | lr: 1.13e-04 | left: 48s
step 09400 ( 80.4%) | loss: 1.053782 | trade:0.33 call:0.61 put:0.39 | ATM:0.69 OTM:0.31 | lr: 1.10e-04 | left: 47s
step 09450 ( 80.9%) | loss: 0.992136 | trade:0.36 call:0.57 put:0.43 | ATM:0.63 OTM:0.37 | lr: 1.06e-04 | left: 46s
step 09500 ( 81.4%) | loss: 1.027262 | trade:0.34 call:0.57 put:0.43 | ATM:0.67 OTM:0.33 | lr: 1.03e-04 | left: 45s
step 09550 ( 81.9%) | loss: 1.013581 | trade:0.36 call:0.59 put:0.41 | ATM:0.62 OTM:0.38 | lr: 9.87e-05 | left: 43s
step 09600 ( 82.4%) | loss: 1.027996 | trade:0.35 call:0.57 put:0.43 | ATM:0.60 OTM:0.40 | lr: 9.49e-05 | left: 42s
step 09650 ( 83.0%) | loss: 1.021815 | trade:0.36 call:0.57 put:0.43 | ATM:0.63 OTM:0.37 | lr: 9.09e-05 | left: 41s
step 09700 ( 83.5%) | loss: 1.021129 | trade:0.35 call:0.57 put:0.43 | ATM:0.62 OTM:0.38 | lr: 8.69e-05 | left: 40s
step 09750 ( 84.0%) | loss: 1.013586 | trade:0.29 call:0.60 put:0.40 | ATM:0.70 OTM:0.30 | lr: 8.30e-05 | left: 38s
step 09800 ( 84.5%) | loss: 0.995580 | trade:0.30 call:0.63 put:0.37 | ATM:0.65 OTM:0.35 | lr: 7.90e-05 | left: 37s
step 09850 ( 85.0%) | loss: 1.000520 | trade:0.34 call:0.50 put:0.50 | ATM:0.63 OTM:0.37 | lr: 7.50e-05 | left: 36s
step 09900 ( 85.5%) | loss: 1.014629 | trade:0.29 call:0.56 put:0.44 | ATM:0.66 OTM:0.34 | lr: 7.09e-05 | left: 35s
step 09950 ( 86.0%) | loss: 1.013853 | trade:0.33 call:0.60 put:0.40 | ATM:0.71 OTM:0.29 | lr: 6.69e-05 | left: 33s
step 10000 ( 86.5%) | loss: 1.022331 | trade:0.35 call:0.52 put:0.48 | ATM:0.67 OTM:0.33 | lr: 6.36e-05 | left: 33s
step 10050 ( 86.7%) | loss: 0.991239 | trade:0.33 call:0.62 put:0.38 | ATM:0.60 OTM:0.40 | lr: 6.20e-05 | left: 32s
step 10100 ( 86.9%) | loss: 1.004015 | trade:0.34 call:0.53 put:0.47 | ATM:0.67 OTM:0.33 | lr: 6.05e-05 | left: 32s
step 10150 ( 87.1%) | loss: 1.019367 | trade:0.33 call:0.58 put:0.42 | ATM:0.62 OTM:0.38 | lr: 5.90e-05 | left: 31s
step 10200 ( 87.3%) | loss: 1.007008 | trade:0.36 call:0.61 put:0.39 | ATM:0.65 OTM:0.35 | lr: 5.74e-05 | left: 31s
step 10250 ( 87.5%) | loss: 0.972857 | trade:0.35 call:0.57 put:0.43 | ATM:0.63 OTM:0.37 | lr: 5.57e-05 | left: 30s
step 10300 ( 87.7%) | loss: 1.010745 | trade:0.29 call:0.58 put:0.42 | ATM:0.64 OTM:0.36 | lr: 5.42e-05 | left: 30s
step 10350 ( 87.9%) | loss: 0.996007 | trade:0.32 call:0.61 put:0.39 | ATM:0.65 OTM:0.35 | lr: 5.25e-05 | left: 29s
step 10400 ( 88.1%) | loss: 1.000049 | trade:0.33 call:0.60 put:0.40 | ATM:0.65 OTM:0.35 | lr: 5.09e-05 | left: 28s
step 10450 ( 88.3%) | loss: 0.989252 | trade:0.30 call:0.61 put:0.39 | ATM:0.71 OTM:0.29 | lr: 4.92e-05 | left: 28s
step 10500 ( 88.6%) | loss: 1.007426 | trade:0.30 call:0.63 put:0.37 | ATM:0.67 OTM:0.33 | lr: 4.76e-05 | left: 27s
step 10550 ( 88.8%) | loss: 0.987609 | trade:0.32 call:0.54 put:0.46 | ATM:0.59 OTM:0.41 | lr: 4.59e-05 | left: 27s
step 10600 ( 89.0%) | loss: 1.006992 | trade:0.30 call:0.59 put:0.41 | ATM:0.71 OTM:0.29 | lr: 4.44e-05 | left: 26s
step 10650 ( 89.2%) | loss: 1.001149 | trade:0.29 call:0.55 put:0.45 | ATM:0.66 OTM:0.34 | lr: 4.29e-05 | left: 26s
step 10700 ( 89.4%) | loss: 1.012020 | trade:0.37 call:0.60 put:0.40 | ATM:0.64 OTM:0.36 | lr: 4.13e-05 | left: 25s
step 10750 ( 89.7%) | loss: 1.007394 | trade:0.30 call:0.51 put:0.49 | ATM:0.64 OTM:0.36 | lr: 3.98e-05 | left: 25s
step 10800 ( 89.9%) | loss: 1.005223 | trade:0.36 call:0.59 put:0.41 | ATM:0.63 OTM:0.37 | lr: 3.82e-05 | left: 24s
step 10850 ( 90.1%) | loss: 1.002165 | trade:0.39 call:0.53 put:0.47 | ATM:0.63 OTM:0.37 | lr: 3.67e-05 | left: 24s
step 10900 ( 90.3%) | loss: 0.979875 | trade:0.36 call:0.58 put:0.42 | ATM:0.68 OTM:0.32 | lr: 3.52e-05 | left: 23s
step 10950 ( 90.6%) | loss: 1.019235 | trade:0.37 call:0.63 put:0.37 | ATM:0.60 OTM:0.40 | lr: 3.37e-05 | left: 23s
step 11000 ( 91.0%) | loss: 0.992792 | trade:0.31 call:0.56 put:0.44 | ATM:0.66 OTM:0.34 | lr: 3.12e-05 | left: 22s
step 11050 ( 91.4%) | loss: 0.992882 | trade:0.28 call:0.61 put:0.39 | ATM:0.69 OTM:0.31 | lr: 2.83e-05 | left: 21s
step 11100 ( 91.9%) | loss: 0.998883 | trade:0.39 call:0.64 put:0.36 | ATM:0.63 OTM:0.37 | lr: 2.53e-05 | left: 19s
step 11150 ( 92.4%) | loss: 0.990632 | trade:0.35 call:0.54 put:0.46 | ATM:0.65 OTM:0.35 | lr: 2.23e-05 | left: 18s
step 11200 ( 92.9%) | loss: 0.995096 | trade:0.35 call:0.54 put:0.46 | ATM:0.66 OTM:0.34 | lr: 1.96e-05 | left: 17s
step 11250 ( 93.4%) | loss: 0.995925 | trade:0.30 call:0.56 put:0.44 | ATM:0.67 OTM:0.33 | lr: 1.72e-05 | left: 16s
step 11300 ( 93.6%) | loss: 0.981556 | trade:0.33 call:0.63 put:0.37 | ATM:0.65 OTM:0.35 | lr: 1.61e-05 | left: 15s
step 11350 ( 93.9%) | loss: 0.998812 | trade:0.38 call:0.55 put:0.45 | ATM:0.64 OTM:0.36 | lr: 1.49e-05 | left: 15s
step 11400 ( 94.1%) | loss: 0.994307 | trade:0.35 call:0.59 put:0.41 | ATM:0.64 OTM:0.36 | lr: 1.39e-05 | left: 14s
step 11450 ( 94.3%) | loss: 0.978085 | trade:0.31 call:0.60 put:0.40 | ATM:0.69 OTM:0.31 | lr: 1.29e-05 | left: 14s
step 11500 ( 94.6%) | loss: 0.991657 | trade:0.30 call:0.67 put:0.33 | ATM:0.68 OTM:0.32 | lr: 1.18e-05 | left: 13s
step 11550 ( 94.8%) | loss: 0.985397 | trade:0.29 call:0.58 put:0.42 | ATM:0.68 OTM:0.32 | lr: 1.08e-05 | left: 12s
step 11600 ( 95.1%) | loss: 0.999570 | trade:0.36 call:0.58 put:0.42 | ATM:0.67 OTM:0.33 | lr: 9.79e-06 | left: 12s
step 11650 ( 95.5%) | loss: 0.996797 | trade:0.33 call:0.54 put:0.46 | ATM:0.68 OTM:0.32 | lr: 8.13e-06 | left: 11s
step 11700 ( 96.0%) | loss: 0.987250 | trade:0.31 call:0.61 put:0.39 | ATM:0.72 OTM:0.28 | lr: 6.44e-06 | left: 10s
step 11750 ( 96.4%) | loss: 0.994703 | trade:0.34 call:0.59 put:0.41 | ATM:0.62 OTM:0.38 | lr: 5.23e-06 | left: 9s
step 11800 ( 96.8%) | loss: 0.977624 | trade:0.39 call:0.62 put:0.38 | ATM:0.67 OTM:0.33 | lr: 4.09e-06 | left: 8s
step 11850 ( 97.3%) | loss: 0.965653 | trade:0.36 call:0.62 put:0.38 | ATM:0.69 OTM:0.31 | lr: 2.91e-06 | left: 6s
step 11900 ( 97.8%) | loss: 0.991289 | trade:0.27 call:0.61 put:0.39 | ATM:0.71 OTM:0.29 | lr: 1.92e-06 | left: 5s
step 11950 ( 98.3%) | loss: 0.975755 | trade:0.34 call:0.57 put:0.43 | ATM:0.68 OTM:0.32 | lr: 1.14e-06 | left: 4s
step 12000 ( 98.8%) | loss: 0.973365 | trade:0.36 call:0.55 put:0.45 | ATM:0.62 OTM:0.38 | lr: 5.54e-07 | left: 3s
step 12050 ( 99.3%) | loss: 0.995966 | trade:0.36 call:0.58 put:0.42 | ATM:0.65 OTM:0.35 | lr: 1.79e-07 | left: 2s
step 12100 ( 99.8%) | loss: 0.967385 | trade:0.27 call:0.62 put:0.38 | ATM:0.67 OTM:0.33 | lr: 9.77e-09 | left: 0s

Training done at 245s. Starting evaluation...
Evaluation done in 6s (total wall: 251s)
Model saved to /root/best_model.pt
Trade log: 104 trades -> /root/trade_log.csv

---
score:              0.295464
profit_factor:      2.276599
win_rate:           0.413462
avg_winner:         0.649113
avg_loser:          -0.200989
trades_per_day:     1.600000
max_consec_loss:    8
num_trades:         104
trade_sharpe:       3.244576
sortino:            26.736399
max_drawdown:       -3.636608
calmar:             4.303879
ev_per_trade:       0.150495
do_nothing_pct:     0.605830
exit_pct:           0.016368
model_exit_count:   73
cooldown_blocked:   139
pre_10am_blocked:   635
short_hold_pct:     0.154000
stop_loss_rate:     0.288000
direction_collapse_pct: 0.375000
avg_entry_cost_bps: 373.821400
avg_entry_quality:  0.739700
cost_realism_coverage: 1.009600
high_cost_entry_rate: 0.461500
low_quality_entry_rate: 0.000000
actionable_bar_rate: 0.829100
risk_off_bar_rate:  0.000000
final_capital:      10920.82
equity_sharpe:      0.792000
max_equity_dd:      -0.428700
total_dollar_return:0.092100
val_sharpe:         -9.227297
total_return:       15.651519
num_val_bars:       4460
num_val_days:       65
worst_chunk_pf:     0.49
rr_ratio:           3.2296
avg_hold_bars:      9.45
model_exit_rate:    0.7019
hit_ruin:           False
min_equity_frac:    0.6008
avg_risk_fraction:  0.1247
max_risk_fraction:  0.4280
trades_blocked_by_balance: 0
training_seconds:   240.0
total_seconds:      252.9
peak_vram_mb:       357.0
num_steps:          12116
num_params:         145,064
lookback:           120
depth:              3
d_model:            64
effective_lr:       0.00015
gate_label_smoothing:0.050000
dir_label_smoothing:0.050000
false_entry_penalty:2.000000
/opt/conda/lib/python3.11/site-packages/torch/nn/modules/transformer.py:379: UserWarning: enable_nested_tensor is True, but self.use_nested_tensor is False because encoder_layer.norm_first was True
  warnings.warn(
