Loading data from: /root/.cache/autoresearch-trading/features/data.pt
Loaded 384870 1-min bars, 32 features, 8 actions
  ~986 trading days
Training:   up to idx 269189
Validation: idx 269190-384869
  Option P&L coverage: 297877/384870 (77%)
Parameters: 145,064
Architecture: v4 simplified two-head (gate+dir), ATM-biased, no ETV
Training from scratch (v4: no warm-start).
Day-sequential batching: 70% sequential, 30% random (batch=16)

Budget: 240s | Batch: 128 | Lookback: 120
LR: 0.00025 | Depth: 3 | d_model: 64 | ff_mult: 3
Dropout: 0.15 | Weight decay: 0.05
False entry penalty: 3.0x
Label smoothing: gate=0.05 dir=0.05
Loss weights: gate=2.0, dir=1.0, pnl=0.3, exit=1.0
EV gate scale: 10.0

step 00000 (  0.0%) | loss: 0.000000 | trade:0.39 call:0.53 put:0.47 | ATM:0.41 OTM:0.59 [seq] | lr: 0.00e+00 | left: 240s
step 00050 (  0.2%) | loss: 1.236641 | trade:0.33 call:0.49 put:0.51 | ATM:0.42 OTM:0.58 [seq] | lr: 4.09e-06 | left: 239s
step 00100 (  0.7%) | loss: 1.582747 | trade:0.47 call:0.48 put:0.52 | ATM:0.45 OTM:0.55 [seq] | lr: 1.11e-05 | left: 238s
step 00150 (  1.1%) | loss: 1.374685 | trade:0.46 call:0.44 put:0.56 | ATM:0.42 OTM:0.58 [seq] | lr: 1.77e-05 | left: 237s
step 00200 (  1.4%) | loss: 1.100031 | trade:0.46 call:0.51 put:0.49 | ATM:0.48 OTM:0.52 [seq] | lr: 2.39e-05 | left: 237s
step 00250 (  1.8%) | loss: 0.796854 | trade:0.47 call:0.51 put:0.49 | ATM:0.46 OTM:0.54 [seq] | lr: 3.04e-05 | left: 236s
step 00300 (  2.2%) | loss: 1.305297 | trade:0.48 call:0.58 put:0.42 | ATM:0.45 OTM:0.55 [seq] | lr: 3.66e-05 | left: 235s
step 00350 (  2.6%) | loss: 1.319916 | trade:0.47 call:0.57 put:0.43 | ATM:0.45 OTM:0.55 [rnd] | lr: 4.28e-05 | left: 234s
step 00400 (  3.0%) | loss: 1.313259 | trade:0.36 call:0.54 put:0.46 | ATM:0.46 OTM:0.54 [seq] | lr: 4.95e-05 | left: 233s
step 00450 (  3.4%) | loss: 1.674200 | trade:0.33 call:0.71 put:0.29 | ATM:0.48 OTM:0.52 [seq] | lr: 5.63e-05 | left: 232s
step 00500 (  3.8%) | loss: 0.904219 | trade:0.17 call:0.69 put:0.31 | ATM:0.51 OTM:0.49 [seq] | lr: 6.26e-05 | left: 231s
step 00550 (  4.1%) | loss: 1.094158 | trade:0.18 call:0.65 put:0.35 | ATM:0.51 OTM:0.49 [seq] | lr: 6.90e-05 | left: 230s
step 00600 (  4.5%) | loss: 0.793381 | trade:0.52 call:0.88 put:0.12 | ATM:0.56 OTM:0.44 [seq] | lr: 7.55e-05 | left: 229s
step 00650 (  4.9%) | loss: 1.046311 | trade:0.64 call:0.87 put:0.13 | ATM:0.51 OTM:0.49 [seq] | lr: 8.19e-05 | left: 228s
step 00700 (  5.3%) | loss: 1.170389 | trade:0.05 call:0.59 put:0.41 | ATM:0.46 OTM:0.54 [seq] | lr: 8.88e-05 | left: 227s
step 00750 (  5.8%) | loss: 2.638002 | trade:0.48 call:0.53 put:0.47 | ATM:0.46 OTM:0.54 [seq] | lr: 9.60e-05 | left: 226s
step 00800 (  6.1%) | loss: 1.010255 | trade:0.85 call:0.51 put:0.49 | ATM:0.45 OTM:0.55 [seq] | lr: 1.02e-04 | left: 225s
step 00850 (  6.5%) | loss: 0.408970 | trade:0.77 call:0.48 put:0.52 | ATM:0.38 OTM:0.62 [seq] | lr: 1.08e-04 | left: 224s
step 00900 (  6.9%) | loss: 0.736753 | trade:0.41 call:0.92 put:0.08 | ATM:0.59 OTM:0.41 [seq] | lr: 1.15e-04 | left: 223s
step 00950 (  7.2%) | loss: 0.480773 | trade:0.36 call:0.90 put:0.10 | ATM:0.54 OTM:0.46 [seq] | lr: 1.21e-04 | left: 223s
step 01000 (  7.6%) | loss: 0.821345 | trade:0.28 call:0.72 put:0.28 | ATM:0.52 OTM:0.48 [rnd] | lr: 1.27e-04 | left: 222s
step 01050 (  8.0%) | loss: 0.583336 | trade:0.08 call:0.83 put:0.17 | ATM:0.50 OTM:0.50 [seq] | lr: 1.33e-04 | left: 221s
step 01100 (  8.4%) | loss: 0.568478 | trade:0.04 call:0.80 put:0.20 | ATM:0.57 OTM:0.43 [seq] | lr: 1.39e-04 | left: 220s
step 01150 (  8.7%) | loss: 0.596027 | trade:0.10 call:0.97 put:0.03 | ATM:0.60 OTM:0.40 [seq] | lr: 1.46e-04 | left: 219s
step 01200 (  9.1%) | loss: 0.921396 | trade:0.25 call:0.73 put:0.27 | ATM:0.57 OTM:0.43 [rnd] | lr: 1.52e-04 | left: 218s
step 01250 (  9.5%) | loss: 0.880473 | trade:0.30 call:0.69 put:0.31 | ATM:0.59 OTM:0.41 [rnd] | lr: 1.58e-04 | left: 217s
step 01300 (  9.9%) | loss: 0.417416 | trade:0.04 call:0.72 put:0.28 | ATM:0.76 OTM:0.24 [seq] | lr: 1.64e-04 | left: 216s
step 01350 ( 10.2%) | loss: 0.588004 | trade:0.28 call:0.72 put:0.28 | ATM:0.61 OTM:0.39 [rnd] | lr: 1.70e-04 | left: 215s
step 01400 ( 10.6%) | loss: 0.660741 | trade:0.25 call:0.65 put:0.35 | ATM:0.64 OTM:0.36 [rnd] | lr: 1.77e-04 | left: 215s
step 01450 ( 11.0%) | loss: 0.910515 | trade:0.31 call:0.70 put:0.30 | ATM:0.62 OTM:0.38 [rnd] | lr: 1.83e-04 | left: 214s
step 01500 ( 11.4%) | loss: 0.591692 | trade:0.04 call:0.80 put:0.20 | ATM:0.67 OTM:0.33 [seq] | lr: 1.90e-04 | left: 213s
step 01550 ( 11.7%) | loss: 0.296051 | trade:0.05 call:0.51 put:0.49 | ATM:0.72 OTM:0.28 [seq] | lr: 1.95e-04 | left: 212s
step 01600 ( 12.1%) | loss: 0.878032 | trade:0.30 call:0.71 put:0.29 | ATM:0.61 OTM:0.39 [rnd] | lr: 2.02e-04 | left: 211s
step 01650 ( 12.5%) | loss: 0.629177 | trade:0.78 call:0.04 put:0.96 | ATM:0.75 OTM:0.25 [seq] | lr: 2.08e-04 | left: 210s
step 01700 ( 12.9%) | loss: 0.574838 | trade:0.01 call:0.90 put:0.10 | ATM:0.78 OTM:0.22 [seq] | lr: 2.15e-04 | left: 209s
step 01750 ( 13.2%) | loss: 0.283665 | trade:0.61 call:0.97 put:0.03 | ATM:0.72 OTM:0.28 [seq] | lr: 2.20e-04 | left: 208s
step 01800 ( 13.6%) | loss: 0.573647 | trade:0.01 call:0.74 put:0.26 | ATM:0.73 OTM:0.27 [seq] | lr: 2.27e-04 | left: 207s
step 01850 ( 14.0%) | loss: 0.681726 | trade:0.01 call:0.86 put:0.14 | ATM:0.76 OTM:0.24 [seq] | lr: 2.33e-04 | left: 206s
step 01900 ( 14.4%) | loss: 0.560563 | trade:0.08 call:0.93 put:0.07 | ATM:0.85 OTM:0.15 [seq] | lr: 2.39e-04 | left: 206s
step 01950 ( 14.7%) | loss: 0.313010 | trade:0.01 call:0.89 put:0.11 | ATM:0.83 OTM:0.17 [seq] | lr: 2.45e-04 | left: 205s
step 02000 ( 15.1%) | loss: 0.634248 | trade:0.33 call:0.84 put:0.16 | ATM:0.64 OTM:0.36 [seq] | lr: 2.50e-04 | left: 204s
step 02050 ( 15.5%) | loss: 1.390663 | trade:0.26 call:0.76 put:0.24 | ATM:0.65 OTM:0.35 [rnd] | lr: 2.50e-04 | left: 203s
step 02100 ( 15.9%) | loss: 0.864649 | trade:0.27 call:0.80 put:0.20 | ATM:0.63 OTM:0.37 [rnd] | lr: 2.50e-04 | left: 202s
step 02150 ( 16.3%) | loss: 0.679341 | trade:0.25 call:0.82 put:0.18 | ATM:0.65 OTM:0.35 [rnd] | lr: 2.50e-04 | left: 201s
step 02200 ( 16.7%) | loss: 0.538286 | trade:0.32 call:0.73 put:0.27 | ATM:0.62 OTM:0.38 [rnd] | lr: 2.50e-04 | left: 200s
step 02250 ( 17.1%) | loss: 0.440291 | trade:0.10 call:0.99 put:0.01 | ATM:0.75 OTM:0.25 [seq] | lr: 2.50e-04 | left: 199s
step 02300 ( 17.4%) | loss: 0.760130 | trade:0.26 call:0.76 put:0.24 | ATM:0.64 OTM:0.36 [rnd] | lr: 2.50e-04 | left: 198s
step 02350 ( 17.8%) | loss: 0.588072 | trade:0.83 call:0.01 put:0.99 | ATM:0.86 OTM:0.14 [seq] | lr: 2.50e-04 | left: 197s
step 02400 ( 18.2%) | loss: 0.681195 | trade:0.01 call:0.82 put:0.18 | ATM:0.79 OTM:0.21 [seq] | lr: 2.50e-04 | left: 196s
step 02450 ( 18.6%) | loss: 0.715589 | trade:0.29 call:0.76 put:0.24 | ATM:0.63 OTM:0.37 [rnd] | lr: 2.50e-04 | left: 195s
step 02500 ( 19.0%) | loss: 0.543371 | trade:0.02 call:0.95 put:0.05 | ATM:0.92 OTM:0.08 [seq] | lr: 2.50e-04 | left: 194s
step 02550 ( 19.3%) | loss: 0.379585 | trade:0.01 call:0.90 put:0.10 | ATM:0.83 OTM:0.17 [seq] | lr: 2.50e-04 | left: 194s
step 02600 ( 19.7%) | loss: 0.382003 | trade:0.01 call:0.64 put:0.36 | ATM:0.68 OTM:0.32 [seq] | lr: 2.50e-04 | left: 193s
step 02650 ( 20.0%) | loss: 0.366092 | trade:0.75 call:0.07 put:0.93 | ATM:0.59 OTM:0.41 [seq] | lr: 2.50e-04 | left: 192s
step 02700 ( 20.3%) | loss: 0.425154 | trade:0.27 call:0.72 put:0.28 | ATM:0.64 OTM:0.36 [rnd] | lr: 2.50e-04 | left: 191s
step 02750 ( 20.7%) | loss: 0.615648 | trade:0.60 call:0.98 put:0.02 | ATM:0.35 OTM:0.65 [seq] | lr: 2.50e-04 | left: 190s
step 02800 ( 21.2%) | loss: 1.279372 | trade:0.27 call:0.45 put:0.55 | ATM:0.87 OTM:0.13 [seq] | lr: 2.50e-04 | left: 189s
step 02850 ( 21.6%) | loss: 0.591933 | trade:0.02 call:0.36 put:0.64 | ATM:0.45 OTM:0.55 [seq] | lr: 2.50e-04 | left: 188s
step 02900 ( 21.9%) | loss: 0.472797 | trade:0.01 call:0.66 put:0.34 | ATM:0.68 OTM:0.32 [seq] | lr: 2.50e-04 | left: 187s
step 02950 ( 22.3%) | loss: 0.644283 | trade:0.26 call:0.72 put:0.28 | ATM:0.61 OTM:0.39 [rnd] | lr: 2.50e-04 | left: 186s
step 03000 ( 22.7%) | loss: 0.613822 | trade:0.03 call:0.51 put:0.49 | ATM:0.63 OTM:0.37 [seq] | lr: 2.50e-04 | left: 186s
step 03050 ( 23.1%) | loss: 0.612462 | trade:0.04 call:0.83 put:0.17 | ATM:0.67 OTM:0.33 [seq] | lr: 2.50e-04 | left: 184s
step 03100 ( 23.5%) | loss: 0.701264 | trade:0.49 call:0.67 put:0.33 | ATM:0.50 OTM:0.50 [seq] | lr: 2.50e-04 | left: 183s
step 03150 ( 24.0%) | loss: 0.605011 | trade:0.30 call:0.77 put:0.23 | ATM:0.60 OTM:0.40 [rnd] | lr: 2.50e-04 | left: 182s
step 03200 ( 24.3%) | loss: 0.533968 | trade:0.73 call:0.98 put:0.02 | ATM:0.40 OTM:0.60 [seq] | lr: 2.50e-04 | left: 182s
step 03250 ( 24.7%) | loss: 0.665267 | trade:0.14 call:0.02 put:0.98 | ATM:0.97 OTM:0.03 [seq] | lr: 2.50e-04 | left: 181s
step 03300 ( 25.1%) | loss: 0.711310 | trade:0.31 call:0.71 put:0.29 | ATM:0.59 OTM:0.41 [rnd] | lr: 2.50e-04 | left: 180s
step 03350 ( 25.4%) | loss: 0.485144 | trade:0.21 call:0.77 put:0.23 | ATM:0.64 OTM:0.36 [rnd] | lr: 2.50e-04 | left: 179s
step 03400 ( 25.8%) | loss: 0.517591 | trade:0.27 call:0.80 put:0.20 | ATM:0.64 OTM:0.36 [rnd] | lr: 2.50e-04 | left: 178s
step 03450 ( 26.2%) | loss: 0.493774 | trade:0.32 call:0.71 put:0.29 | ATM:0.64 OTM:0.36 [rnd] | lr: 2.50e-04 | left: 177s
step 03500 ( 26.5%) | loss: 0.386326 | trade:0.03 call:0.57 put:0.43 | ATM:0.84 OTM:0.16 [seq] | lr: 2.50e-04 | left: 176s
step 03550 ( 26.9%) | loss: 0.664793 | trade:0.02 call:0.76 put:0.24 | ATM:0.79 OTM:0.21 [seq] | lr: 2.50e-04 | left: 175s
step 03600 ( 27.3%) | loss: 1.008026 | trade:0.26 call:0.74 put:0.26 | ATM:0.66 OTM:0.34 [rnd] | lr: 2.50e-04 | left: 174s
step 03650 ( 27.7%) | loss: 0.726620 | trade:0.28 call:0.79 put:0.21 | ATM:0.61 OTM:0.39 [rnd] | lr: 2.50e-04 | left: 174s
step 03700 ( 28.1%) | loss: 0.632268 | trade:0.27 call:0.81 put:0.19 | ATM:0.62 OTM:0.38 [rnd] | lr: 2.50e-04 | left: 173s
step 03750 ( 28.5%) | loss: 0.541168 | trade:0.01 call:0.70 put:0.30 | ATM:0.61 OTM:0.39 [seq] | lr: 2.50e-04 | left: 172s
step 03800 ( 28.8%) | loss: 0.600801 | trade:0.26 call:0.74 put:0.26 | ATM:0.63 OTM:0.37 [rnd] | lr: 2.50e-04 | left: 171s
step 03850 ( 29.2%) | loss: 0.480192 | trade:0.00 call:0.88 put:0.12 | ATM:0.79 OTM:0.21 [seq] | lr: 2.50e-04 | left: 170s
step 03900 ( 29.6%) | loss: 0.479590 | trade:0.95 call:0.01 put:0.99 | ATM:0.30 OTM:0.70 [seq] | lr: 2.50e-04 | left: 169s
step 03950 ( 29.9%) | loss: 0.833532 | trade:0.24 call:0.69 put:0.31 | ATM:0.65 OTM:0.35 [rnd] | lr: 2.50e-04 | left: 168s
step 04000 ( 30.3%) | loss: 0.692813 | trade:0.32 call:0.75 put:0.25 | ATM:0.60 OTM:0.40 [rnd] | lr: 2.50e-04 | left: 167s
step 04050 ( 30.7%) | loss: 0.555111 | trade:0.29 call:0.92 put:0.08 | ATM:0.73 OTM:0.27 [seq] | lr: 2.50e-04 | left: 166s
step 04100 ( 31.1%) | loss: 0.528210 | trade:0.30 call:0.74 put:0.26 | ATM:0.61 OTM:0.39 [rnd] | lr: 2.50e-04 | left: 165s
step 04150 ( 31.5%) | loss: 0.447502 | trade:0.03 call:0.90 put:0.10 | ATM:0.67 OTM:0.33 [seq] | lr: 2.50e-04 | left: 164s
step 04200 ( 31.9%) | loss: 0.996191 | trade:0.29 call:0.76 put:0.24 | ATM:0.63 OTM:0.37 [rnd] | lr: 2.50e-04 | left: 163s
step 04250 ( 32.3%) | loss: 0.577760 | trade:0.29 call:0.76 put:0.24 | ATM:0.59 OTM:0.41 [rnd] | lr: 2.50e-04 | left: 163s
step 04300 ( 32.6%) | loss: 0.463532 | trade:0.76 call:0.99 put:0.01 | ATM:0.36 OTM:0.64 [seq] | lr: 2.50e-04 | left: 162s
step 04350 ( 33.0%) | loss: 0.386433 | trade:0.03 call:0.67 put:0.33 | ATM:0.45 OTM:0.55 [seq] | lr: 2.50e-04 | left: 161s
step 04400 ( 33.4%) | loss: 0.358195 | trade:0.02 call:0.79 put:0.21 | ATM:0.56 OTM:0.44 [seq] | lr: 2.50e-04 | left: 160s
step 04450 ( 33.7%) | loss: 0.458256 | trade:0.01 call:0.68 put:0.32 | ATM:0.49 OTM:0.51 [seq] | lr: 2.50e-04 | left: 159s
step 04500 ( 34.2%) | loss: 0.700325 | trade:0.33 call:0.77 put:0.23 | ATM:0.59 OTM:0.41 [rnd] | lr: 2.50e-04 | left: 158s
step 04550 ( 34.5%) | loss: 0.759449 | trade:0.31 call:0.77 put:0.23 | ATM:0.61 OTM:0.39 [rnd] | lr: 2.50e-04 | left: 157s
step 04600 ( 34.9%) | loss: 0.691636 | trade:0.78 call:0.01 put:0.99 | ATM:0.63 OTM:0.37 [seq] | lr: 2.50e-04 | left: 156s
step 04650 ( 35.3%) | loss: 0.639593 | trade:0.27 call:0.80 put:0.20 | ATM:0.59 OTM:0.41 [rnd] | lr: 2.50e-04 | left: 155s
step 04700 ( 35.7%) | loss: 0.719040 | trade:0.03 call:0.90 put:0.10 | ATM:0.89 OTM:0.11 [seq] | lr: 2.50e-04 | left: 154s
step 04750 ( 36.1%) | loss: 0.800832 | trade:0.28 call:0.83 put:0.17 | ATM:0.58 OTM:0.42 [rnd] | lr: 2.50e-04 | left: 153s
step 04800 ( 36.4%) | loss: 0.521022 | trade:0.46 call:0.82 put:0.18 | ATM:0.35 OTM:0.65 [seq] | lr: 2.50e-04 | left: 153s
step 04850 ( 36.8%) | loss: 0.758240 | trade:0.47 call:0.95 put:0.05 | ATM:0.58 OTM:0.42 [seq] | lr: 2.50e-04 | left: 152s
step 04900 ( 37.2%) | loss: 0.644832 | trade:0.48 call:0.95 put:0.05 | ATM:0.64 OTM:0.36 [seq] | lr: 2.50e-04 | left: 151s
step 04950 ( 37.6%) | loss: 0.350551 | trade:0.05 call:0.91 put:0.09 | ATM:0.85 OTM:0.15 [seq] | lr: 2.50e-04 | left: 150s
step 05000 ( 38.0%) | loss: 0.536561 | trade:0.14 call:0.77 put:0.23 | ATM:0.50 OTM:0.50 [seq] | lr: 2.50e-04 | left: 149s
step 05050 ( 38.3%) | loss: 0.574284 | trade:0.23 call:0.96 put:0.04 | ATM:0.90 OTM:0.10 [seq] | lr: 2.50e-04 | left: 148s
step 05100 ( 38.7%) | loss: 0.419983 | trade:0.04 call:0.84 put:0.16 | ATM:0.79 OTM:0.21 [seq] | lr: 2.50e-04 | left: 147s
step 05150 ( 39.1%) | loss: 0.579813 | trade:0.59 call:0.64 put:0.36 | ATM:0.42 OTM:0.58 [seq] | lr: 2.50e-04 | left: 146s
step 05200 ( 39.5%) | loss: 0.523664 | trade:0.02 call:0.79 put:0.21 | ATM:0.73 OTM:0.27 [seq] | lr: 2.50e-04 | left: 145s
step 05250 ( 39.8%) | loss: 0.575430 | trade:0.01 call:0.88 put:0.12 | ATM:0.83 OTM:0.17 [seq] | lr: 2.50e-04 | left: 144s
step 05300 ( 40.2%) | loss: 0.512735 | trade:0.01 call:0.97 put:0.03 | ATM:0.93 OTM:0.07 [seq] | lr: 2.50e-04 | left: 143s
step 05350 ( 40.6%) | loss: 0.532126 | trade:0.82 call:1.00 put:0.00 | ATM:0.31 OTM:0.69 [seq] | lr: 2.50e-04 | left: 143s
step 05400 ( 41.0%) | loss: 0.714673 | trade:0.29 call:0.74 put:0.26 | ATM:0.61 OTM:0.39 [rnd] | lr: 2.50e-04 | left: 142s
step 05450 ( 41.3%) | loss: 0.541494 | trade:0.93 call:1.00 put:0.00 | ATM:0.22 OTM:0.78 [seq] | lr: 2.50e-04 | left: 141s
step 05500 ( 41.7%) | loss: 0.636927 | trade:0.29 call:0.81 put:0.19 | ATM:0.60 OTM:0.40 [rnd] | lr: 2.50e-04 | left: 140s
step 05550 ( 42.1%) | loss: 0.699618 | trade:0.87 call:0.99 put:0.01 | ATM:0.23 OTM:0.77 [seq] | lr: 2.50e-04 | left: 139s
step 05600 ( 42.5%) | loss: 0.282936 | trade:0.71 call:1.00 put:0.00 | ATM:0.30 OTM:0.70 [seq] | lr: 2.50e-04 | left: 138s
step 05650 ( 42.8%) | loss: 0.375257 | trade:0.02 call:0.75 put:0.25 | ATM:0.38 OTM:0.62 [seq] | lr: 2.50e-04 | left: 137s
step 05700 ( 43.3%) | loss: 1.695077 | trade:0.24 call:0.73 put:0.27 | ATM:0.56 OTM:0.44 [rnd] | lr: 2.50e-04 | left: 136s
step 05750 ( 43.7%) | loss: 1.826046 | trade:0.88 call:0.97 put:0.03 | ATM:0.47 OTM:0.53 [seq] | lr: 2.50e-04 | left: 135s
step 05800 ( 44.1%) | loss: 0.760206 | trade:0.32 call:0.77 put:0.23 | ATM:0.58 OTM:0.42 [rnd] | lr: 2.50e-04 | left: 134s
step 05850 ( 44.5%) | loss: 0.648729 | trade:0.02 call:0.90 put:0.10 | ATM:0.86 OTM:0.14 [seq] | lr: 2.50e-04 | left: 133s
step 05900 ( 44.9%) | loss: 2.626730 | trade:0.71 call:0.95 put:0.05 | ATM:0.38 OTM:0.62 [seq] | lr: 2.50e-04 | left: 132s
step 05950 ( 45.3%) | loss: 1.210970 | trade:0.95 call:1.00 put:0.00 | ATM:0.13 OTM:0.87 [seq] | lr: 2.50e-04 | left: 131s
step 06000 ( 45.8%) | loss: 0.687267 | trade:0.21 call:0.77 put:0.23 | ATM:0.64 OTM:0.36 [rnd] | lr: 2.50e-04 | left: 130s
step 06050 ( 46.2%) | loss: 0.838417 | trade:0.49 call:0.87 put:0.13 | ATM:0.84 OTM:0.16 [seq] | lr: 2.50e-04 | left: 129s
step 06100 ( 46.6%) | loss: 0.956914 | trade:0.49 call:0.83 put:0.17 | ATM:0.64 OTM:0.36 [seq] | lr: 2.50e-04 | left: 128s
step 06150 ( 47.0%) | loss: 0.836897 | trade:0.24 call:0.77 put:0.23 | ATM:0.62 OTM:0.38 [rnd] | lr: 2.50e-04 | left: 127s
step 06200 ( 47.4%) | loss: 0.785988 | trade:0.89 call:0.01 put:0.99 | ATM:0.73 OTM:0.27 [seq] | lr: 2.50e-04 | left: 126s
step 06250 ( 47.8%) | loss: 0.630200 | trade:0.87 call:0.03 put:0.97 | ATM:0.71 OTM:0.29 [seq] | lr: 2.50e-04 | left: 125s
step 06300 ( 48.2%) | loss: 0.519022 | trade:0.01 call:0.91 put:0.09 | ATM:0.83 OTM:0.17 [seq] | lr: 2.50e-04 | left: 124s
step 06350 ( 48.6%) | loss: 2.303747 | trade:0.84 call:1.00 put:0.00 | ATM:0.22 OTM:0.78 [seq] | lr: 2.50e-04 | left: 123s
step 06400 ( 49.0%) | loss: 2.512527 | trade:0.87 call:1.00 put:0.00 | ATM:0.19 OTM:0.81 [seq] | lr: 2.50e-04 | left: 122s
step 06450 ( 49.5%) | loss: 2.914515 | trade:0.72 call:0.98 put:0.02 | ATM:0.28 OTM:0.72 [seq] | lr: 2.50e-04 | left: 121s
step 06500 ( 49.9%) | loss: 0.745841 | trade:0.02 call:0.74 put:0.26 | ATM:0.38 OTM:0.62 [seq] | lr: 2.50e-04 | left: 120s
step 06550 ( 50.3%) | loss: 0.725899 | trade:0.44 call:0.88 put:0.12 | ATM:0.68 OTM:0.32 [seq] | lr: 2.50e-04 | left: 119s
step 06600 ( 50.8%) | loss: 0.579208 | trade:0.98 call:0.01 put:0.99 | ATM:0.71 OTM:0.29 [seq] | lr: 2.50e-04 | left: 118s
step 06650 ( 51.1%) | loss: 0.471365 | trade:0.65 call:0.07 put:0.93 | ATM:0.59 OTM:0.41 [seq] | lr: 2.50e-04 | left: 117s
step 06700 ( 51.5%) | loss: 0.452389 | trade:0.47 call:0.97 put:0.03 | ATM:0.85 OTM:0.15 [seq] | lr: 2.50e-04 | left: 116s
step 06750 ( 51.9%) | loss: 0.571501 | trade:0.16 call:0.97 put:0.03 | ATM:0.94 OTM:0.06 [seq] | lr: 2.50e-04 | left: 115s
step 06800 ( 52.3%) | loss: 0.664622 | trade:0.01 call:0.71 put:0.29 | ATM:0.64 OTM:0.36 [seq] | lr: 2.50e-04 | left: 115s
step 06850 ( 52.6%) | loss: 0.563677 | trade:0.01 call:0.41 put:0.59 | ATM:0.64 OTM:0.36 [seq] | lr: 2.50e-04 | left: 114s
step 06900 ( 53.0%) | loss: 0.253025 | trade:0.79 call:0.03 put:0.97 | ATM:0.74 OTM:0.26 [seq] | lr: 2.50e-04 | left: 113s
step 06950 ( 53.4%) | loss: 0.606082 | trade:0.28 call:0.77 put:0.23 | ATM:0.62 OTM:0.38 [rnd] | lr: 2.50e-04 | left: 112s
step 07000 ( 53.7%) | loss: 0.311722 | trade:0.94 call:0.99 put:0.01 | ATM:0.38 OTM:0.62 [seq] | lr: 2.50e-04 | left: 111s
step 07050 ( 54.1%) | loss: 0.487857 | trade:0.92 call:1.00 put:0.00 | ATM:0.21 OTM:0.79 [seq] | lr: 2.50e-04 | left: 110s
step 07100 ( 54.5%) | loss: 0.468934 | trade:0.94 call:1.00 put:0.00 | ATM:0.24 OTM:0.76 [seq] | lr: 2.50e-04 | left: 109s
step 07150 ( 54.9%) | loss: 1.770044 | trade:0.27 call:0.80 put:0.20 | ATM:0.57 OTM:0.43 [rnd] | lr: 2.50e-04 | left: 108s
step 07200 ( 55.3%) | loss: 0.603415 | trade:0.79 call:0.99 put:0.01 | ATM:0.29 OTM:0.71 [seq] | lr: 2.50e-04 | left: 107s
step 07250 ( 55.7%) | loss: 0.479086 | trade:0.23 call:0.82 put:0.18 | ATM:0.59 OTM:0.41 [rnd] | lr: 2.50e-04 | left: 106s
step 07300 ( 56.1%) | loss: 0.481056 | trade:0.01 call:0.97 put:0.03 | ATM:0.95 OTM:0.05 [seq] | lr: 2.50e-04 | left: 105s
step 07350 ( 56.4%) | loss: 0.495112 | trade:0.00 call:0.75 put:0.25 | ATM:0.61 OTM:0.39 [seq] | lr: 2.50e-04 | left: 105s
step 07400 ( 56.8%) | loss: 0.562841 | trade:0.24 call:0.76 put:0.24 | ATM:0.58 OTM:0.42 [rnd] | lr: 2.50e-04 | left: 104s
step 07450 ( 57.2%) | loss: 0.509939 | trade:0.25 call:0.75 put:0.25 | ATM:0.59 OTM:0.41 [rnd] | lr: 2.50e-04 | left: 103s
step 07500 ( 57.5%) | loss: 0.437129 | trade:0.01 call:0.89 put:0.11 | ATM:0.66 OTM:0.34 [seq] | lr: 2.50e-04 | left: 102s
step 07550 ( 57.9%) | loss: 0.510871 | trade:0.01 call:0.74 put:0.26 | ATM:0.62 OTM:0.38 [seq] | lr: 2.50e-04 | left: 101s
step 07600 ( 58.2%) | loss: 0.351614 | trade:0.01 call:0.90 put:0.10 | ATM:0.63 OTM:0.37 [seq] | lr: 2.50e-04 | left: 100s
step 07650 ( 58.6%) | loss: 0.599293 | trade:0.30 call:0.77 put:0.23 | ATM:0.60 OTM:0.40 [rnd] | lr: 2.50e-04 | left: 99s
step 07700 ( 59.0%) | loss: 0.441747 | trade:0.32 call:0.77 put:0.23 | ATM:0.56 OTM:0.44 [rnd] | lr: 2.50e-04 | left: 98s
step 07750 ( 59.3%) | loss: 0.445844 | trade:0.02 call:0.51 put:0.49 | ATM:0.67 OTM:0.33 [seq] | lr: 2.50e-04 | left: 98s
step 07800 ( 59.7%) | loss: 0.448961 | trade:0.35 call:0.77 put:0.23 | ATM:0.58 OTM:0.42 [rnd] | lr: 2.50e-04 | left: 97s
step 07850 ( 60.1%) | loss: 0.525925 | trade:0.01 call:0.68 put:0.32 | ATM:0.46 OTM:0.54 [seq] | lr: 2.50e-04 | left: 96s
step 07900 ( 60.4%) | loss: 0.650736 | trade:0.01 call:0.91 put:0.09 | ATM:0.86 OTM:0.14 [seq] | lr: 2.50e-04 | left: 95s
step 07950 ( 60.8%) | loss: 0.362976 | trade:0.31 call:0.75 put:0.25 | ATM:0.55 OTM:0.45 [rnd] | lr: 2.50e-04 | left: 94s
step 08000 ( 61.2%) | loss: 0.438392 | trade:0.83 call:0.01 put:0.99 | ATM:0.69 OTM:0.31 [seq] | lr: 2.50e-04 | left: 93s
step 08050 ( 61.6%) | loss: 0.611281 | trade:0.24 call:0.86 put:0.14 | ATM:0.69 OTM:0.31 [seq] | lr: 2.50e-04 | left: 92s
step 08100 ( 62.0%) | loss: 0.769877 | trade:0.29 call:0.82 put:0.18 | ATM:0.59 OTM:0.41 [rnd] | lr: 2.50e-04 | left: 91s
step 08150 ( 62.4%) | loss: 0.669133 | trade:0.33 call:0.72 put:0.28 | ATM:0.58 OTM:0.42 [seq] | lr: 2.50e-04 | left: 90s
step 08200 ( 62.8%) | loss: 0.799247 | trade:0.06 call:0.73 put:0.27 | ATM:0.53 OTM:0.47 [seq] | lr: 2.50e-04 | left: 89s
step 08250 ( 63.3%) | loss: 0.514825 | trade:0.01 call:0.73 put:0.27 | ATM:0.48 OTM:0.52 [seq] | lr: 2.50e-04 | left: 88s
step 08300 ( 63.7%) | loss: 0.711832 | trade:0.24 call:0.79 put:0.21 | ATM:0.58 OTM:0.42 [rnd] | lr: 2.50e-04 | left: 87s
step 08350 ( 64.0%) | loss: 0.804416 | trade:0.31 call:0.82 put:0.18 | ATM:0.57 OTM:0.43 [rnd] | lr: 2.50e-04 | left: 86s
step 08400 ( 64.4%) | loss: 1.647154 | trade:0.67 call:0.98 put:0.02 | ATM:0.53 OTM:0.47 [seq] | lr: 2.50e-04 | left: 85s
step 08450 ( 64.8%) | loss: 0.815772 | trade:0.23 call:0.80 put:0.20 | ATM:0.62 OTM:0.38 [rnd] | lr: 2.50e-04 | left: 84s
step 08500 ( 65.2%) | loss: 0.323734 | trade:0.02 call:0.84 put:0.16 | ATM:0.74 OTM:0.26 [seq] | lr: 2.50e-04 | left: 83s
step 08550 ( 65.6%) | loss: 0.310383 | trade:0.02 call:0.91 put:0.09 | ATM:0.84 OTM:0.16 [seq] | lr: 2.50e-04 | left: 83s
step 08600 ( 65.9%) | loss: 0.385560 | trade:0.01 call:0.49 put:0.51 | ATM:0.81 OTM:0.19 [seq] | lr: 2.50e-04 | left: 82s
step 08650 ( 66.3%) | loss: 0.589310 | trade:0.00 call:0.84 put:0.16 | ATM:0.76 OTM:0.24 [seq] | lr: 2.50e-04 | left: 81s
step 08700 ( 66.7%) | loss: 0.608331 | trade:0.52 call:0.68 put:0.32 | ATM:0.47 OTM:0.53 [seq] | lr: 2.50e-04 | left: 80s
step 08750 ( 67.1%) | loss: 0.560314 | trade:0.25 call:0.83 put:0.17 | ATM:0.56 OTM:0.44 [rnd] | lr: 2.50e-04 | left: 79s
step 08800 ( 67.5%) | loss: 0.717537 | trade:0.22 call:0.77 put:0.23 | ATM:0.62 OTM:0.38 [rnd] | lr: 2.50e-04 | left: 78s
step 08850 ( 67.9%) | loss: 0.534463 | trade:0.02 call:0.74 put:0.26 | ATM:0.54 OTM:0.46 [seq] | lr: 2.50e-04 | left: 77s
step 08900 ( 68.2%) | loss: 0.522324 | trade:0.42 call:0.98 put:0.02 | ATM:0.83 OTM:0.17 [seq] | lr: 2.50e-04 | left: 76s
step 08950 ( 68.6%) | loss: 0.730661 | trade:0.11 call:0.87 put:0.13 | ATM:0.82 OTM:0.18 [seq] | lr: 2.50e-04 | left: 75s
step 09000 ( 69.0%) | loss: 0.750820 | trade:0.02 call:0.86 put:0.14 | ATM:0.78 OTM:0.22 [seq] | lr: 2.50e-04 | left: 74s
step 09050 ( 69.3%) | loss: 0.316208 | trade:0.27 call:0.79 put:0.21 | ATM:0.59 OTM:0.41 [rnd] | lr: 2.50e-04 | left: 74s
step 09100 ( 69.7%) | loss: 0.687232 | trade:0.25 call:0.74 put:0.26 | ATM:0.60 OTM:0.40 [rnd] | lr: 2.50e-04 | left: 73s
step 09150 ( 70.1%) | loss: 0.292384 | trade:0.52 call:0.98 put:0.02 | ATM:0.49 OTM:0.51 [seq] | lr: 2.50e-04 | left: 72s
step 09200 ( 70.4%) | loss: 0.639474 | trade:0.02 call:0.91 put:0.09 | ATM:0.85 OTM:0.15 [seq] | lr: 2.50e-04 | left: 71s
step 09250 ( 70.9%) | loss: 0.858437 | trade:0.28 call:0.79 put:0.21 | ATM:0.58 OTM:0.42 [rnd] | lr: 2.49e-04 | left: 70s
step 09300 ( 71.3%) | loss: 0.448221 | trade:0.03 call:0.90 put:0.10 | ATM:0.93 OTM:0.07 [seq] | lr: 2.49e-04 | left: 69s
step 09350 ( 71.7%) | loss: 0.866691 | trade:0.01 call:0.77 put:0.23 | ATM:0.62 OTM:0.38 [seq] | lr: 2.48e-04 | left: 68s
step 09400 ( 72.0%) | loss: 0.669484 | trade:0.94 call:0.01 put:0.99 | ATM:0.73 OTM:0.27 [seq] | lr: 2.47e-04 | left: 67s
step 09450 ( 72.4%) | loss: 0.251349 | trade:0.80 call:0.00 put:1.00 | ATM:0.65 OTM:0.35 [seq] | lr: 2.46e-04 | left: 66s
step 09500 ( 72.8%) | loss: 0.521353 | trade:0.01 call:0.82 put:0.18 | ATM:0.46 OTM:0.54 [seq] | lr: 2.45e-04 | left: 65s
step 09550 ( 73.1%) | loss: 0.714379 | trade:0.28 call:0.77 put:0.23 | ATM:0.57 OTM:0.43 [rnd] | lr: 2.43e-04 | left: 64s
step 09600 ( 73.5%) | loss: 0.752627 | trade:0.01 call:0.90 put:0.10 | ATM:0.81 OTM:0.19 [seq] | lr: 2.42e-04 | left: 64s
step 09650 ( 73.9%) | loss: 0.559088 | trade:0.02 call:0.91 put:0.09 | ATM:0.86 OTM:0.14 [seq] | lr: 2.40e-04 | left: 63s
step 09700 ( 74.3%) | loss: 0.276786 | trade:0.04 call:0.94 put:0.06 | ATM:0.91 OTM:0.09 [seq] | lr: 2.38e-04 | left: 62s
step 09750 ( 74.7%) | loss: 0.457950 | trade:0.22 call:0.80 put:0.20 | ATM:0.40 OTM:0.60 [seq] | lr: 2.35e-04 | left: 61s
step 09800 ( 75.0%) | loss: 0.493054 | trade:0.86 call:0.99 put:0.01 | ATM:0.35 OTM:0.65 [seq] | lr: 2.33e-04 | left: 60s
step 09850 ( 75.4%) | loss: 0.398243 | trade:0.08 call:0.84 put:0.16 | ATM:0.36 OTM:0.64 [seq] | lr: 2.31e-04 | left: 59s
step 09900 ( 75.8%) | loss: 0.542426 | trade:0.27 call:0.84 put:0.16 | ATM:0.56 OTM:0.44 [rnd] | lr: 2.28e-04 | left: 58s
step 09950 ( 76.2%) | loss: 0.749930 | trade:0.24 call:0.77 put:0.23 | ATM:0.57 OTM:0.43 [rnd] | lr: 2.25e-04 | left: 57s
step 10000 ( 76.5%) | loss: 0.620630 | trade:0.01 call:0.90 put:0.10 | ATM:0.83 OTM:0.17 [seq] | lr: 2.22e-04 | left: 56s
step 10050 ( 76.9%) | loss: 0.643820 | trade:0.29 call:0.79 put:0.21 | ATM:0.55 OTM:0.45 [rnd] | lr: 2.19e-04 | left: 55s
step 10100 ( 77.3%) | loss: 0.537869 | trade:0.02 call:0.87 put:0.13 | ATM:0.85 OTM:0.15 [seq] | lr: 2.15e-04 | left: 55s
step 10150 ( 77.7%) | loss: 0.617902 | trade:0.33 call:0.78 put:0.22 | ATM:0.51 OTM:0.49 [rnd] | lr: 2.12e-04 | left: 54s
step 10200 ( 78.1%) | loss: 0.534893 | trade:0.27 call:0.74 put:0.26 | ATM:0.56 OTM:0.44 [rnd] | lr: 2.08e-04 | left: 53s
step 10250 ( 78.4%) | loss: 0.454282 | trade:0.23 call:0.79 put:0.21 | ATM:0.59 OTM:0.41 [rnd] | lr: 2.05e-04 | left: 52s
step 10300 ( 78.8%) | loss: 0.313978 | trade:0.00 call:0.81 put:0.19 | ATM:0.37 OTM:0.63 [seq] | lr: 2.01e-04 | left: 51s
step 10350 ( 79.1%) | loss: 0.608080 | trade:0.01 call:0.63 put:0.37 | ATM:0.45 OTM:0.55 [seq] | lr: 1.97e-04 | left: 50s
step 10400 ( 79.4%) | loss: 0.499698 | trade:0.01 call:0.96 put:0.04 | ATM:0.48 OTM:0.52 [seq] | lr: 1.94e-04 | left: 49s
step 10450 ( 79.8%) | loss: 0.652046 | trade:0.90 call:0.97 put:0.03 | ATM:0.36 OTM:0.64 [seq] | lr: 1.89e-04 | left: 48s
step 10500 ( 80.2%) | loss: 0.506130 | trade:0.29 call:0.81 put:0.19 | ATM:0.53 OTM:0.47 [rnd] | lr: 1.85e-04 | left: 48s
step 10550 ( 80.6%) | loss: 0.501458 | trade:0.02 call:0.80 put:0.20 | ATM:0.64 OTM:0.36 [seq] | lr: 1.81e-04 | left: 47s
step 10600 ( 81.0%) | loss: 0.723709 | trade:0.49 call:0.72 put:0.28 | ATM:0.40 OTM:0.60 [seq] | lr: 1.76e-04 | left: 46s
step 10650 ( 81.4%) | loss: 0.548801 | trade:0.96 call:0.03 put:0.97 | ATM:0.67 OTM:0.33 [seq] | lr: 1.72e-04 | left: 45s
step 10700 ( 81.7%) | loss: 0.487118 | trade:0.71 call:0.01 put:0.99 | ATM:0.73 OTM:0.27 [seq] | lr: 1.67e-04 | left: 44s
step 10750 ( 82.1%) | loss: 0.533307 | trade:0.30 call:0.78 put:0.22 | ATM:0.54 OTM:0.46 [rnd] | lr: 1.62e-04 | left: 43s
step 10800 ( 82.5%) | loss: 0.556821 | trade:0.32 call:0.79 put:0.21 | ATM:0.54 OTM:0.46 [rnd] | lr: 1.58e-04 | left: 42s
step 10850 ( 82.9%) | loss: 0.762684 | trade:0.22 call:0.77 put:0.23 | ATM:0.54 OTM:0.46 [rnd] | lr: 1.53e-04 | left: 41s
step 10900 ( 83.2%) | loss: 0.702767 | trade:0.06 call:0.97 put:0.03 | ATM:0.47 OTM:0.53 [seq] | lr: 1.48e-04 | left: 40s
step 10950 ( 83.6%) | loss: 0.712424 | trade:0.28 call:0.78 put:0.22 | ATM:0.58 OTM:0.42 [rnd] | lr: 1.43e-04 | left: 39s
step 11000 ( 84.0%) | loss: 0.678386 | trade:0.25 call:0.79 put:0.21 | ATM:0.57 OTM:0.43 [rnd] | lr: 1.38e-04 | left: 38s
step 11050 ( 84.4%) | loss: 0.504718 | trade:0.27 call:0.80 put:0.20 | ATM:0.58 OTM:0.42 [rnd] | lr: 1.33e-04 | left: 37s
step 11100 ( 84.8%) | loss: 0.735649 | trade:0.88 call:0.98 put:0.02 | ATM:0.63 OTM:0.37 [seq] | lr: 1.28e-04 | left: 37s
step 11150 ( 85.1%) | loss: 0.541879 | trade:0.41 call:0.03 put:0.97 | ATM:0.96 OTM:0.04 [seq] | lr: 1.23e-04 | left: 36s
step 11200 ( 85.5%) | loss: 0.669405 | trade:0.04 call:0.86 put:0.14 | ATM:0.75 OTM:0.25 [seq] | lr: 1.18e-04 | left: 35s
step 11250 ( 85.9%) | loss: 1.003131 | trade:0.48 call:0.61 put:0.39 | ATM:0.57 OTM:0.43 [seq] | lr: 1.13e-04 | left: 34s
step 11300 ( 86.4%) | loss: 1.122636 | trade:0.32 call:0.84 put:0.16 | ATM:0.54 OTM:0.46 [seq] | lr: 1.07e-04 | left: 33s
step 11350 ( 86.8%) | loss: 0.826141 | trade:0.97 call:1.00 put:0.00 | ATM:0.16 OTM:0.84 [seq] | lr: 1.02e-04 | left: 32s
step 11400 ( 87.2%) | loss: 0.655187 | trade:0.93 call:1.00 put:0.00 | ATM:0.22 OTM:0.78 [seq] | lr: 9.69e-05 | left: 31s
step 11450 ( 87.6%) | loss: 0.745193 | trade:0.03 call:0.95 put:0.05 | ATM:0.47 OTM:0.53 [seq] | lr: 9.19e-05 | left: 30s
step 11500 ( 87.9%) | loss: 0.538310 | trade:0.01 call:0.63 put:0.37 | ATM:0.36 OTM:0.64 [seq] | lr: 8.72e-05 | left: 29s
step 11550 ( 88.3%) | loss: 0.442703 | trade:0.26 call:0.74 put:0.26 | ATM:0.55 OTM:0.45 [rnd] | lr: 8.29e-05 | left: 28s
step 11600 ( 88.7%) | loss: 0.662651 | trade:0.86 call:1.00 put:0.00 | ATM:0.27 OTM:0.73 [seq] | lr: 7.82e-05 | left: 27s
step 11650 ( 89.0%) | loss: 0.645232 | trade:0.31 call:0.74 put:0.26 | ATM:0.58 OTM:0.42 [rnd] | lr: 7.37e-05 | left: 26s
step 11700 ( 89.4%) | loss: 0.604604 | trade:0.01 call:0.75 put:0.25 | ATM:0.45 OTM:0.55 [seq] | lr: 6.93e-05 | left: 25s
step 11750 ( 89.8%) | loss: 0.626433 | trade:0.26 call:0.81 put:0.19 | ATM:0.55 OTM:0.45 [rnd] | lr: 6.49e-05 | left: 24s
step 11800 ( 90.2%) | loss: 0.517059 | trade:0.89 call:0.99 put:0.01 | ATM:0.43 OTM:0.57 [seq] | lr: 6.07e-05 | left: 24s
step 11850 ( 90.5%) | loss: 0.388485 | trade:0.84 call:0.99 put:0.01 | ATM:0.35 OTM:0.65 [seq] | lr: 5.67e-05 | left: 23s
step 11900 ( 90.9%) | loss: 0.282552 | trade:0.01 call:0.75 put:0.25 | ATM:0.34 OTM:0.66 [seq] | lr: 5.27e-05 | left: 22s
step 11950 ( 91.3%) | loss: 0.993762 | trade:0.01 call:0.85 put:0.15 | ATM:0.84 OTM:0.16 [seq] | lr: 4.83e-05 | left: 21s
step 12000 ( 91.7%) | loss: 0.717377 | trade:0.07 call:0.92 put:0.08 | ATM:0.92 OTM:0.08 [seq] | lr: 4.44e-05 | left: 20s
step 12050 ( 92.1%) | loss: 0.507992 | trade:0.34 call:0.41 put:0.59 | ATM:0.85 OTM:0.15 [seq] | lr: 4.06e-05 | left: 19s
step 12100 ( 92.5%) | loss: 0.778322 | trade:0.38 call:0.90 put:0.10 | ATM:0.50 OTM:0.50 [seq] | lr: 3.66e-05 | left: 18s
step 12150 ( 92.9%) | loss: 0.440993 | trade:0.01 call:0.79 put:0.21 | ATM:0.50 OTM:0.50 [seq] | lr: 3.30e-05 | left: 17s
step 12200 ( 93.3%) | loss: 0.533021 | trade:0.01 call:0.92 put:0.08 | ATM:0.39 OTM:0.61 [seq] | lr: 2.99e-05 | left: 16s
step 12250 ( 93.6%) | loss: 0.652747 | trade:0.01 call:0.86 put:0.14 | ATM:0.46 OTM:0.54 [seq] | lr: 2.67e-05 | left: 15s
step 12300 ( 94.0%) | loss: 0.581093 | trade:0.01 call:0.74 put:0.26 | ATM:0.48 OTM:0.52 [seq] | lr: 2.36e-05 | left: 14s
step 12350 ( 94.4%) | loss: 0.369867 | trade:0.02 call:0.61 put:0.39 | ATM:0.52 OTM:0.48 [seq] | lr: 2.09e-05 | left: 13s
step 12400 ( 94.8%) | loss: 0.518818 | trade:0.01 call:0.84 put:0.16 | ATM:0.68 OTM:0.32 [seq] | lr: 1.84e-05 | left: 13s
step 12450 ( 95.1%) | loss: 0.405564 | trade:0.57 call:0.98 put:0.02 | ATM:0.33 OTM:0.67 [seq] | lr: 1.59e-05 | left: 12s
step 12500 ( 95.5%) | loss: 0.528481 | trade:0.01 call:0.71 put:0.29 | ATM:0.57 OTM:0.43 [seq] | lr: 1.35e-05 | left: 11s
step 12550 ( 95.9%) | loss: 0.527445 | trade:0.03 call:0.80 put:0.20 | ATM:0.60 OTM:0.40 [seq] | lr: 1.13e-05 | left: 10s
step 12600 ( 96.3%) | loss: 0.724529 | trade:0.97 call:0.01 put:0.99 | ATM:0.78 OTM:0.22 [seq] | lr: 9.23e-06 | left: 9s
step 12650 ( 96.7%) | loss: 0.558451 | trade:0.83 call:0.01 put:0.99 | ATM:0.65 OTM:0.35 [seq] | lr: 7.47e-06 | left: 8s
step 12700 ( 97.1%) | loss: 0.560246 | trade:0.01 call:0.54 put:0.46 | ATM:0.49 OTM:0.51 [seq] | lr: 5.87e-06 | left: 7s
step 12750 ( 97.4%) | loss: 0.575203 | trade:0.33 call:0.81 put:0.19 | ATM:0.55 OTM:0.45 [rnd] | lr: 4.47e-06 | left: 6s
step 12800 ( 97.8%) | loss: 0.559597 | trade:0.05 call:0.93 put:0.07 | ATM:0.46 OTM:0.54 [seq] | lr: 3.24e-06 | left: 5s
step 12850 ( 98.2%) | loss: 0.610942 | trade:0.29 call:0.77 put:0.23 | ATM:0.56 OTM:0.44 [rnd] | lr: 2.26e-06 | left: 4s
step 12900 ( 98.6%) | loss: 0.408089 | trade:0.01 call:0.82 put:0.18 | ATM:0.78 OTM:0.22 [seq] | lr: 1.36e-06 | left: 3s
step 12950 ( 99.0%) | loss: 0.654358 | trade:0.29 call:0.73 put:0.27 | ATM:0.57 OTM:0.43 [rnd] | lr: 6.55e-07 | left: 2s
step 13000 ( 99.5%) | loss: 1.266183 | trade:0.47 call:0.47 put:0.53 | ATM:0.73 OTM:0.27 [seq] | lr: 1.88e-07 | left: 1s
step 13050 ( 99.9%) | loss: 0.984068 | trade:0.42 call:0.32 put:0.68 | ATM:0.50 OTM:0.50 [seq] | lr: 4.98e-09 | left: 0s

Training done at 245s. Starting evaluation...
Evaluation done in 1s (total wall: 246s)
Model saved to /root/best_model.pt

---
score:              -10.000000
profit_factor:      0.000000
win_rate:           0.000000
avg_winner:         0.000000
avg_loser:          0.000000
trades_per_day:     0.000000
max_consec_loss:    0
num_trades:         1
trade_sharpe:       0.000000
sortino:            0.000000
max_drawdown:       0.000000
calmar:             0.000000
ev_per_trade:       0.000000
do_nothing_pct:     1.000000
exit_pct:           0.000000
model_exit_count:   0
cooldown_blocked:   0
pre_10am_blocked:   0
short_hold_pct:     0.000000
stop_loss_rate:     0.000000
direction_collapse_pct: 0.000000
avg_entry_cost_bps: 300.000000
avg_entry_quality:  0.000000
cost_realism_coverage: 0.000000
high_cost_entry_rate: 1.000000
low_quality_entry_rate: 1.000000
actionable_bar_rate: 0.000000
risk_off_bar_rate:  0.000000
final_capital:      10000.00
equity_sharpe:      0.000000
max_equity_dd:      0.000000
total_dollar_return:0.000000
val_sharpe:         114.251466
total_return:       0.000000
num_val_bars:       260
num_val_days:       5
worst_chunk_pf:     1.00
rr_ratio:           0.0000
avg_hold_bars:      0.00
model_exit_rate:    0.0000
hit_ruin:           False
min_equity_frac:    1.0000
avg_risk_fraction:  0.0000
max_risk_fraction:  0.0000
trades_blocked_by_balance: 0
training_seconds:   240.0
total_seconds:      248.3
peak_vram_mb:       453.1
num_steps:          13060
num_params:         145,064
lookback:           120
depth:              3
d_model:            64
effective_lr:       0.00025
gate_label_smoothing:0.050000
dir_label_smoothing:0.050000
false_entry_penalty:3.000000
/opt/conda/lib/python3.11/site-packages/torch/nn/modules/transformer.py:379: UserWarning: enable_nested_tensor is True, but self.use_nested_tensor is False because encoder_layer.norm_first was True
  warnings.warn(
