Loading data from: /root/.cache/autoresearch-trading/features/data.pt
Loaded 382920 1-min bars, 32 features, 8 actions
  ~981 trading days
Training:   up to idx 268019
Validation: idx 268020-382919
  Option P&L coverage: 296720/382920 (77%)
Parameters: 146,425
Architecture: v4 simplified two-head (gate+dir) + position-aware balanced strike gating
Training from scratch (v4: no warm-start).

Budget: 240s | Batch: 128 | Lookback: 120
LR: 0.00015 | Depth: 3 | d_model: 64 | ff_mult: 3
Dropout: 0.15 | Weight decay: 0.05
False entry penalty: 2.0x
Label smoothing: gate=0.05 dir=0.05

step 00000 (  0.0%) | loss: 3.179677 | trade:0.22 call:0.47 put:0.53 | ATM:0.24 OTM:0.76 | lr: 0.00e+00 | left: 240s
step 00050 (  0.4%) | loss: 3.320872 | trade:0.22 call:0.46 put:0.54 | ATM:0.24 OTM:0.76 | lr: 5.60e-06 | left: 239s
step 00100 (  0.9%) | loss: 3.271216 | trade:0.24 call:0.48 put:0.52 | ATM:0.25 OTM:0.75 | lr: 1.38e-05 | left: 238s
step 00150 (  1.2%) | loss: 3.198210 | trade:0.28 call:0.47 put:0.53 | ATM:0.25 OTM:0.75 | lr: 1.82e-05 | left: 237s
step 00200 (  1.5%) | loss: 3.130767 | trade:0.31 call:0.48 put:0.52 | ATM:0.27 OTM:0.73 | lr: 2.22e-05 | left: 236s
step 00250 (  2.0%) | loss: 3.030740 | trade:0.35 call:0.51 put:0.49 | ATM:0.29 OTM:0.71 | lr: 2.95e-05 | left: 235s
step 00300 (  2.3%) | loss: 2.964914 | trade:0.37 call:0.51 put:0.49 | ATM:0.31 OTM:0.69 | lr: 3.43e-05 | left: 235s
step 00350 (  2.5%) | loss: 2.940876 | trade:0.41 call:0.53 put:0.47 | ATM:0.34 OTM:0.66 | lr: 3.80e-05 | left: 234s
step 00400 (  3.0%) | loss: 2.867135 | trade:0.42 call:0.55 put:0.45 | ATM:0.36 OTM:0.64 | lr: 4.55e-05 | left: 233s
step 00450 (  3.6%) | loss: 2.813123 | trade:0.43 call:0.54 put:0.46 | ATM:0.36 OTM:0.64 | lr: 5.37e-05 | left: 231s
step 00500 (  4.1%) | loss: 2.795478 | trade:0.43 call:0.57 put:0.43 | ATM:0.39 OTM:0.61 | lr: 6.15e-05 | left: 230s
step 00550 (  4.6%) | loss: 2.755504 | trade:0.43 call:0.56 put:0.44 | ATM:0.38 OTM:0.62 | lr: 6.97e-05 | left: 229s
step 00600 (  5.2%) | loss: 2.697471 | trade:0.44 call:0.56 put:0.44 | ATM:0.39 OTM:0.61 | lr: 7.79e-05 | left: 228s
step 00650 (  5.7%) | loss: 2.638884 | trade:0.44 call:0.57 put:0.43 | ATM:0.40 OTM:0.60 | lr: 8.60e-05 | left: 226s
step 00700 (  6.3%) | loss: 2.542367 | trade:0.42 call:0.58 put:0.42 | ATM:0.40 OTM:0.60 | lr: 9.42e-05 | left: 225s
step 00750 (  6.7%) | loss: 2.486199 | trade:0.42 call:0.62 put:0.38 | ATM:0.44 OTM:0.56 | lr: 1.01e-04 | left: 224s
step 00800 (  7.1%) | loss: 2.407177 | trade:0.43 call:0.53 put:0.47 | ATM:0.40 OTM:0.60 | lr: 1.06e-04 | left: 223s
step 00850 (  7.5%) | loss: 2.324616 | trade:0.43 call:0.61 put:0.39 | ATM:0.40 OTM:0.60 | lr: 1.13e-04 | left: 222s
step 00900 (  7.9%) | loss: 2.237678 | trade:0.45 call:0.55 put:0.45 | ATM:0.37 OTM:0.63 | lr: 1.18e-04 | left: 221s
step 00950 (  8.4%) | loss: 2.154977 | trade:0.42 call:0.63 put:0.37 | ATM:0.44 OTM:0.56 | lr: 1.26e-04 | left: 220s
step 01000 (  9.0%) | loss: 2.090525 | trade:0.44 call:0.62 put:0.38 | ATM:0.44 OTM:0.56 | lr: 1.34e-04 | left: 218s
step 01050 (  9.5%) | loss: 2.009909 | trade:0.42 call:0.66 put:0.34 | ATM:0.48 OTM:0.52 | lr: 1.43e-04 | left: 217s
step 01100 ( 10.1%) | loss: 1.951716 | trade:0.42 call:0.68 put:0.32 | ATM:0.49 OTM:0.51 | lr: 1.50e-04 | left: 216s
step 01150 ( 10.6%) | loss: 1.874020 | trade:0.43 call:0.65 put:0.35 | ATM:0.46 OTM:0.54 | lr: 1.50e-04 | left: 215s
step 01200 ( 11.1%) | loss: 1.833612 | trade:0.44 call:0.66 put:0.34 | ATM:0.43 OTM:0.57 | lr: 1.50e-04 | left: 213s
step 01250 ( 11.7%) | loss: 1.752498 | trade:0.42 call:0.66 put:0.34 | ATM:0.48 OTM:0.52 | lr: 1.50e-04 | left: 212s
step 01300 ( 12.0%) | loss: 1.721556 | trade:0.36 call:0.69 put:0.31 | ATM:0.47 OTM:0.53 | lr: 1.50e-04 | left: 211s
step 01350 ( 12.2%) | loss: 1.664879 | trade:0.40 call:0.58 put:0.42 | ATM:0.47 OTM:0.53 | lr: 1.50e-04 | left: 211s
step 01400 ( 12.5%) | loss: 1.629243 | trade:0.42 call:0.61 put:0.39 | ATM:0.48 OTM:0.52 | lr: 1.50e-04 | left: 210s
step 01450 ( 13.0%) | loss: 1.613998 | trade:0.34 call:0.74 put:0.26 | ATM:0.48 OTM:0.52 | lr: 1.50e-04 | left: 209s
step 01500 ( 13.5%) | loss: 1.602302 | trade:0.38 call:0.68 put:0.32 | ATM:0.50 OTM:0.50 | lr: 1.50e-04 | left: 208s
step 01550 ( 14.1%) | loss: 1.525939 | trade:0.38 call:0.70 put:0.30 | ATM:0.50 OTM:0.50 | lr: 1.50e-04 | left: 206s
step 01600 ( 14.6%) | loss: 1.499430 | trade:0.41 call:0.62 put:0.38 | ATM:0.47 OTM:0.53 | lr: 1.50e-04 | left: 205s
step 01650 ( 15.2%) | loss: 1.496181 | trade:0.39 call:0.69 put:0.31 | ATM:0.53 OTM:0.47 | lr: 1.50e-04 | left: 204s
step 01700 ( 15.7%) | loss: 1.464807 | trade:0.38 call:0.68 put:0.32 | ATM:0.51 OTM:0.49 | lr: 1.50e-04 | left: 202s
step 01750 ( 16.3%) | loss: 1.384635 | trade:0.36 call:0.70 put:0.30 | ATM:0.54 OTM:0.46 | lr: 1.50e-04 | left: 201s
step 01800 ( 16.8%) | loss: 1.417033 | trade:0.34 call:0.70 put:0.30 | ATM:0.53 OTM:0.47 | lr: 1.50e-04 | left: 200s
step 01850 ( 17.3%) | loss: 1.396609 | trade:0.40 call:0.66 put:0.34 | ATM:0.51 OTM:0.49 | lr: 1.50e-04 | left: 199s
step 01900 ( 17.6%) | loss: 1.367490 | trade:0.37 call:0.67 put:0.33 | ATM:0.50 OTM:0.50 | lr: 1.50e-04 | left: 198s
step 01950 ( 18.2%) | loss: 1.382231 | trade:0.34 call:0.64 put:0.36 | ATM:0.51 OTM:0.49 | lr: 1.50e-04 | left: 196s
step 02000 ( 18.7%) | loss: 1.330531 | trade:0.32 call:0.72 put:0.28 | ATM:0.52 OTM:0.48 | lr: 1.50e-04 | left: 195s
step 02050 ( 19.3%) | loss: 1.366421 | trade:0.37 call:0.70 put:0.30 | ATM:0.54 OTM:0.46 | lr: 1.50e-04 | left: 194s
step 02100 ( 19.8%) | loss: 1.318519 | trade:0.36 call:0.71 put:0.29 | ATM:0.51 OTM:0.49 | lr: 1.50e-04 | left: 192s
step 02150 ( 20.4%) | loss: 1.323387 | trade:0.35 call:0.68 put:0.32 | ATM:0.52 OTM:0.48 | lr: 1.50e-04 | left: 191s
step 02200 ( 20.9%) | loss: 1.317551 | trade:0.41 call:0.64 put:0.36 | ATM:0.46 OTM:0.54 | lr: 1.50e-04 | left: 190s
step 02250 ( 21.4%) | loss: 1.306404 | trade:0.35 call:0.71 put:0.29 | ATM:0.58 OTM:0.42 | lr: 1.50e-04 | left: 189s
step 02300 ( 21.8%) | loss: 1.281850 | trade:0.34 call:0.66 put:0.34 | ATM:0.54 OTM:0.46 | lr: 1.50e-04 | left: 188s
step 02350 ( 22.1%) | loss: 1.278227 | trade:0.34 call:0.75 put:0.25 | ATM:0.58 OTM:0.42 | lr: 1.50e-04 | left: 187s
step 02400 ( 22.5%) | loss: 1.267641 | trade:0.34 call:0.75 put:0.25 | ATM:0.49 OTM:0.51 | lr: 1.50e-04 | left: 186s
step 02450 ( 22.9%) | loss: 1.284528 | trade:0.38 call:0.72 put:0.28 | ATM:0.51 OTM:0.49 | lr: 1.50e-04 | left: 185s
step 02500 ( 23.4%) | loss: 1.253001 | trade:0.41 call:0.65 put:0.35 | ATM:0.53 OTM:0.47 | lr: 1.50e-04 | left: 184s
step 02550 ( 23.9%) | loss: 1.271697 | trade:0.35 call:0.68 put:0.32 | ATM:0.52 OTM:0.48 | lr: 1.50e-04 | left: 183s
step 02600 ( 24.4%) | loss: 1.254385 | trade:0.33 call:0.64 put:0.36 | ATM:0.52 OTM:0.48 | lr: 1.50e-04 | left: 181s
step 02650 ( 25.0%) | loss: 1.250123 | trade:0.35 call:0.69 put:0.31 | ATM:0.53 OTM:0.47 | lr: 1.50e-04 | left: 180s
step 02700 ( 25.5%) | loss: 1.269991 | trade:0.32 call:0.69 put:0.31 | ATM:0.55 OTM:0.45 | lr: 1.50e-04 | left: 179s
step 02750 ( 26.0%) | loss: 1.274512 | trade:0.36 call:0.62 put:0.38 | ATM:0.53 OTM:0.47 | lr: 1.50e-04 | left: 177s
step 02800 ( 26.6%) | loss: 1.230157 | trade:0.35 call:0.68 put:0.32 | ATM:0.58 OTM:0.42 | lr: 1.50e-04 | left: 176s
step 02850 ( 27.1%) | loss: 1.194736 | trade:0.28 call:0.73 put:0.27 | ATM:0.63 OTM:0.37 | lr: 1.50e-04 | left: 175s
step 02900 ( 27.4%) | loss: 1.201098 | trade:0.40 call:0.68 put:0.32 | ATM:0.57 OTM:0.43 | lr: 1.50e-04 | left: 174s
step 02950 ( 27.9%) | loss: 1.225198 | trade:0.37 call:0.66 put:0.34 | ATM:0.55 OTM:0.45 | lr: 1.50e-04 | left: 173s
step 03000 ( 28.4%) | loss: 1.207342 | trade:0.39 call:0.65 put:0.35 | ATM:0.54 OTM:0.46 | lr: 1.50e-04 | left: 172s
step 03050 ( 29.0%) | loss: 1.186214 | trade:0.37 call:0.70 put:0.30 | ATM:0.59 OTM:0.41 | lr: 1.50e-04 | left: 170s
step 03100 ( 29.4%) | loss: 1.199371 | trade:0.36 call:0.72 put:0.28 | ATM:0.61 OTM:0.39 | lr: 1.50e-04 | left: 169s
step 03150 ( 29.7%) | loss: 1.184656 | trade:0.35 call:0.67 put:0.33 | ATM:0.56 OTM:0.44 | lr: 1.50e-04 | left: 169s
step 03200 ( 29.9%) | loss: 1.203835 | trade:0.36 call:0.69 put:0.31 | ATM:0.53 OTM:0.47 | lr: 1.50e-04 | left: 168s
step 03250 ( 30.2%) | loss: 1.221982 | trade:0.29 call:0.71 put:0.29 | ATM:0.59 OTM:0.41 | lr: 1.50e-04 | left: 168s
step 03300 ( 30.4%) | loss: 1.193279 | trade:0.35 call:0.70 put:0.30 | ATM:0.59 OTM:0.41 | lr: 1.50e-04 | left: 167s
step 03350 ( 30.7%) | loss: 1.183344 | trade:0.31 call:0.66 put:0.34 | ATM:0.60 OTM:0.40 | lr: 1.50e-04 | left: 166s
step 03400 ( 30.9%) | loss: 1.178719 | trade:0.33 call:0.69 put:0.31 | ATM:0.63 OTM:0.37 | lr: 1.50e-04 | left: 166s
step 03450 ( 31.1%) | loss: 1.159461 | trade:0.33 call:0.73 put:0.27 | ATM:0.52 OTM:0.48 | lr: 1.50e-04 | left: 165s
step 03500 ( 31.4%) | loss: 1.183915 | trade:0.32 call:0.72 put:0.28 | ATM:0.55 OTM:0.45 | lr: 1.50e-04 | left: 165s
step 03550 ( 31.6%) | loss: 1.188428 | trade:0.34 call:0.68 put:0.32 | ATM:0.56 OTM:0.44 | lr: 1.50e-04 | left: 164s
step 03600 ( 31.8%) | loss: 1.169796 | trade:0.32 call:0.69 put:0.31 | ATM:0.59 OTM:0.41 | lr: 1.50e-04 | left: 164s
step 03650 ( 32.0%) | loss: 1.179960 | trade:0.31 call:0.72 put:0.28 | ATM:0.58 OTM:0.42 | lr: 1.50e-04 | left: 163s
step 03700 ( 32.3%) | loss: 1.171659 | trade:0.32 call:0.70 put:0.30 | ATM:0.58 OTM:0.42 | lr: 1.50e-04 | left: 163s
step 03750 ( 32.5%) | loss: 1.189394 | trade:0.29 call:0.70 put:0.30 | ATM:0.65 OTM:0.35 | lr: 1.50e-04 | left: 162s
step 03800 ( 32.7%) | loss: 1.151597 | trade:0.35 call:0.67 put:0.33 | ATM:0.59 OTM:0.41 | lr: 1.50e-04 | left: 161s
step 03850 ( 32.9%) | loss: 1.155183 | trade:0.35 call:0.68 put:0.32 | ATM:0.59 OTM:0.41 | lr: 1.50e-04 | left: 161s
step 03900 ( 33.2%) | loss: 1.146401 | trade:0.40 call:0.64 put:0.36 | ATM:0.59 OTM:0.41 | lr: 1.50e-04 | left: 160s
step 03950 ( 33.4%) | loss: 1.146308 | trade:0.28 call:0.74 put:0.26 | ATM:0.60 OTM:0.40 | lr: 1.50e-04 | left: 160s
step 04000 ( 33.6%) | loss: 1.153624 | trade:0.37 call:0.69 put:0.31 | ATM:0.55 OTM:0.45 | lr: 1.50e-04 | left: 159s
step 04050 ( 33.9%) | loss: 1.130878 | trade:0.35 call:0.72 put:0.28 | ATM:0.57 OTM:0.43 | lr: 1.50e-04 | left: 159s
step 04100 ( 34.1%) | loss: 1.126627 | trade:0.29 call:0.74 put:0.26 | ATM:0.57 OTM:0.43 | lr: 1.50e-04 | left: 158s
step 04150 ( 34.3%) | loss: 1.122239 | trade:0.31 call:0.64 put:0.36 | ATM:0.64 OTM:0.36 | lr: 1.50e-04 | left: 158s
step 04200 ( 34.5%) | loss: 1.133260 | trade:0.29 call:0.71 put:0.29 | ATM:0.62 OTM:0.38 | lr: 1.50e-04 | left: 157s
step 04250 ( 34.7%) | loss: 1.137677 | trade:0.32 call:0.67 put:0.33 | ATM:0.60 OTM:0.40 | lr: 1.50e-04 | left: 157s
step 04300 ( 35.0%) | loss: 1.138457 | trade:0.40 call:0.67 put:0.33 | ATM:0.59 OTM:0.41 | lr: 1.50e-04 | left: 156s
step 04350 ( 35.2%) | loss: 1.135450 | trade:0.32 call:0.71 put:0.29 | ATM:0.63 OTM:0.37 | lr: 1.50e-04 | left: 156s
step 04400 ( 35.4%) | loss: 1.135070 | trade:0.34 call:0.72 put:0.28 | ATM:0.55 OTM:0.45 | lr: 1.50e-04 | left: 155s
step 04450 ( 35.6%) | loss: 1.114520 | trade:0.37 call:0.73 put:0.27 | ATM:0.61 OTM:0.39 | lr: 1.50e-04 | left: 155s
step 04500 ( 35.8%) | loss: 1.124787 | trade:0.35 call:0.67 put:0.33 | ATM:0.61 OTM:0.39 | lr: 1.50e-04 | left: 154s
step 04550 ( 36.1%) | loss: 1.117503 | trade:0.35 call:0.62 put:0.38 | ATM:0.55 OTM:0.45 | lr: 1.50e-04 | left: 153s
step 04600 ( 36.3%) | loss: 1.131552 | trade:0.35 call:0.69 put:0.31 | ATM:0.56 OTM:0.44 | lr: 1.50e-04 | left: 153s
step 04650 ( 36.5%) | loss: 1.106936 | trade:0.34 call:0.66 put:0.34 | ATM:0.57 OTM:0.43 | lr: 1.50e-04 | left: 152s
step 04700 ( 36.7%) | loss: 1.123303 | trade:0.39 call:0.71 put:0.29 | ATM:0.61 OTM:0.39 | lr: 1.50e-04 | left: 152s
step 04750 ( 37.0%) | loss: 1.155195 | trade:0.32 call:0.65 put:0.35 | ATM:0.64 OTM:0.36 | lr: 1.50e-04 | left: 151s
step 04800 ( 37.2%) | loss: 1.104807 | trade:0.36 call:0.69 put:0.31 | ATM:0.57 OTM:0.43 | lr: 1.50e-04 | left: 151s
step 04850 ( 37.4%) | loss: 1.110702 | trade:0.39 call:0.65 put:0.35 | ATM:0.58 OTM:0.42 | lr: 1.50e-04 | left: 150s
step 04900 ( 37.7%) | loss: 1.112114 | trade:0.30 call:0.67 put:0.33 | ATM:0.66 OTM:0.34 | lr: 1.50e-04 | left: 150s
step 04950 ( 37.9%) | loss: 1.131493 | trade:0.34 call:0.64 put:0.36 | ATM:0.57 OTM:0.43 | lr: 1.50e-04 | left: 149s
step 05000 ( 38.1%) | loss: 1.120803 | trade:0.37 call:0.64 put:0.36 | ATM:0.62 OTM:0.38 | lr: 1.50e-04 | left: 148s
step 05050 ( 38.4%) | loss: 1.101288 | trade:0.34 call:0.69 put:0.31 | ATM:0.53 OTM:0.47 | lr: 1.50e-04 | left: 148s
step 05100 ( 38.6%) | loss: 1.103964 | trade:0.32 call:0.69 put:0.31 | ATM:0.62 OTM:0.38 | lr: 1.50e-04 | left: 147s
step 05150 ( 38.8%) | loss: 1.093555 | trade:0.38 call:0.63 put:0.37 | ATM:0.64 OTM:0.36 | lr: 1.50e-04 | left: 147s
step 05200 ( 39.1%) | loss: 1.100653 | trade:0.33 call:0.72 put:0.28 | ATM:0.59 OTM:0.41 | lr: 1.50e-04 | left: 146s
step 05250 ( 39.3%) | loss: 1.093822 | trade:0.30 call:0.72 put:0.28 | ATM:0.67 OTM:0.33 | lr: 1.50e-04 | left: 146s
step 05300 ( 39.5%) | loss: 1.097287 | trade:0.30 call:0.73 put:0.27 | ATM:0.60 OTM:0.40 | lr: 1.50e-04 | left: 145s
step 05350 ( 39.7%) | loss: 1.131422 | trade:0.30 call:0.72 put:0.28 | ATM:0.63 OTM:0.37 | lr: 1.50e-04 | left: 145s
step 05400 ( 40.0%) | loss: 1.132116 | trade:0.41 call:0.62 put:0.38 | ATM:0.53 OTM:0.47 | lr: 1.50e-04 | left: 144s
step 05450 ( 40.2%) | loss: 1.077995 | trade:0.36 call:0.64 put:0.36 | ATM:0.58 OTM:0.42 | lr: 1.50e-04 | left: 143s
step 05500 ( 40.5%) | loss: 1.095312 | trade:0.32 call:0.63 put:0.37 | ATM:0.61 OTM:0.39 | lr: 1.50e-04 | left: 143s
step 05550 ( 40.7%) | loss: 1.099662 | trade:0.33 call:0.67 put:0.33 | ATM:0.68 OTM:0.32 | lr: 1.50e-04 | left: 142s
step 05600 ( 41.0%) | loss: 1.084645 | trade:0.34 call:0.71 put:0.29 | ATM:0.63 OTM:0.37 | lr: 1.50e-04 | left: 142s
step 05650 ( 41.2%) | loss: 1.100662 | trade:0.31 call:0.70 put:0.30 | ATM:0.65 OTM:0.35 | lr: 1.50e-04 | left: 141s
step 05700 ( 41.5%) | loss: 1.101489 | trade:0.39 call:0.67 put:0.33 | ATM:0.59 OTM:0.41 | lr: 1.50e-04 | left: 140s
step 05750 ( 41.7%) | loss: 1.080888 | trade:0.34 call:0.67 put:0.33 | ATM:0.58 OTM:0.42 | lr: 1.50e-04 | left: 140s
step 05800 ( 42.0%) | loss: 1.088665 | trade:0.35 call:0.70 put:0.30 | ATM:0.65 OTM:0.35 | lr: 1.50e-04 | left: 139s
step 05850 ( 42.4%) | loss: 1.081917 | trade:0.34 call:0.66 put:0.34 | ATM:0.58 OTM:0.42 | lr: 1.50e-04 | left: 138s
step 05900 ( 43.0%) | loss: 1.088450 | trade:0.37 call:0.67 put:0.33 | ATM:0.62 OTM:0.38 | lr: 1.50e-04 | left: 137s
step 05950 ( 43.5%) | loss: 1.060710 | trade:0.33 call:0.58 put:0.42 | ATM:0.64 OTM:0.36 | lr: 1.50e-04 | left: 136s
step 06000 ( 44.0%) | loss: 1.087184 | trade:0.35 call:0.68 put:0.32 | ATM:0.63 OTM:0.37 | lr: 1.50e-04 | left: 134s
step 06050 ( 44.6%) | loss: 1.111475 | trade:0.34 call:0.66 put:0.34 | ATM:0.59 OTM:0.41 | lr: 1.50e-04 | left: 133s
step 06100 ( 45.1%) | loss: 1.096637 | trade:0.30 call:0.65 put:0.35 | ATM:0.64 OTM:0.36 | lr: 1.50e-04 | left: 132s
step 06150 ( 45.7%) | loss: 1.079685 | trade:0.27 call:0.68 put:0.32 | ATM:0.63 OTM:0.37 | lr: 1.50e-04 | left: 130s
step 06200 ( 46.2%) | loss: 1.077756 | trade:0.31 call:0.60 put:0.40 | ATM:0.62 OTM:0.38 | lr: 1.50e-04 | left: 129s
step 06250 ( 46.8%) | loss: 1.064254 | trade:0.33 call:0.72 put:0.28 | ATM:0.66 OTM:0.34 | lr: 1.50e-04 | left: 128s
step 06300 ( 47.3%) | loss: 1.079460 | trade:0.34 call:0.60 put:0.40 | ATM:0.58 OTM:0.42 | lr: 1.50e-04 | left: 126s
step 06350 ( 47.8%) | loss: 1.086961 | trade:0.32 call:0.69 put:0.31 | ATM:0.64 OTM:0.36 | lr: 1.50e-04 | left: 125s
step 06400 ( 48.4%) | loss: 1.091848 | trade:0.35 call:0.67 put:0.33 | ATM:0.71 OTM:0.29 | lr: 1.50e-04 | left: 124s
step 06450 ( 48.9%) | loss: 1.064880 | trade:0.34 call:0.60 put:0.40 | ATM:0.57 OTM:0.43 | lr: 1.50e-04 | left: 123s
step 06500 ( 49.5%) | loss: 1.075757 | trade:0.31 call:0.62 put:0.38 | ATM:0.62 OTM:0.38 | lr: 1.50e-04 | left: 121s
step 06550 ( 50.0%) | loss: 1.066266 | trade:0.36 call:0.66 put:0.34 | ATM:0.57 OTM:0.43 | lr: 1.50e-04 | left: 120s
step 06600 ( 50.6%) | loss: 1.075133 | trade:0.36 call:0.67 put:0.33 | ATM:0.62 OTM:0.38 | lr: 1.50e-04 | left: 119s
step 06650 ( 51.1%) | loss: 1.072311 | trade:0.38 call:0.67 put:0.33 | ATM:0.64 OTM:0.36 | lr: 1.50e-04 | left: 117s
step 06700 ( 51.7%) | loss: 1.068435 | trade:0.35 call:0.70 put:0.30 | ATM:0.64 OTM:0.36 | lr: 1.50e-04 | left: 116s
step 06750 ( 52.2%) | loss: 1.071175 | trade:0.38 call:0.68 put:0.32 | ATM:0.59 OTM:0.41 | lr: 1.50e-04 | left: 115s
step 06800 ( 52.7%) | loss: 1.086041 | trade:0.34 call:0.62 put:0.38 | ATM:0.58 OTM:0.42 | lr: 1.50e-04 | left: 113s
step 06850 ( 53.3%) | loss: 1.057538 | trade:0.35 call:0.68 put:0.32 | ATM:0.63 OTM:0.37 | lr: 1.50e-04 | left: 112s
step 06900 ( 53.8%) | loss: 1.055942 | trade:0.33 call:0.62 put:0.38 | ATM:0.60 OTM:0.40 | lr: 1.50e-04 | left: 111s
step 06950 ( 54.4%) | loss: 1.064177 | trade:0.29 call:0.65 put:0.35 | ATM:0.72 OTM:0.28 | lr: 1.50e-04 | left: 109s
step 07000 ( 54.9%) | loss: 1.073711 | trade:0.34 call:0.63 put:0.37 | ATM:0.57 OTM:0.43 | lr: 1.50e-04 | left: 108s
step 07050 ( 55.5%) | loss: 1.078734 | trade:0.29 call:0.62 put:0.38 | ATM:0.64 OTM:0.36 | lr: 1.50e-04 | left: 107s
step 07100 ( 56.0%) | loss: 1.063757 | trade:0.29 call:0.68 put:0.32 | ATM:0.64 OTM:0.36 | lr: 1.50e-04 | left: 106s
step 07150 ( 56.5%) | loss: 1.052523 | trade:0.32 call:0.67 put:0.33 | ATM:0.59 OTM:0.41 | lr: 1.50e-04 | left: 104s
step 07200 ( 57.1%) | loss: 1.048847 | trade:0.31 call:0.64 put:0.36 | ATM:0.59 OTM:0.41 | lr: 1.50e-04 | left: 103s
step 07250 ( 57.6%) | loss: 1.059244 | trade:0.33 call:0.65 put:0.35 | ATM:0.58 OTM:0.42 | lr: 1.50e-04 | left: 102s
step 07300 ( 58.2%) | loss: 1.055952 | trade:0.38 call:0.66 put:0.34 | ATM:0.57 OTM:0.43 | lr: 1.50e-04 | left: 100s
step 07350 ( 58.7%) | loss: 1.031478 | trade:0.30 call:0.66 put:0.34 | ATM:0.66 OTM:0.34 | lr: 1.50e-04 | left: 99s
step 07400 ( 59.3%) | loss: 1.062812 | trade:0.31 call:0.67 put:0.33 | ATM:0.67 OTM:0.33 | lr: 1.50e-04 | left: 98s
step 07450 ( 59.8%) | loss: 1.059678 | trade:0.34 call:0.71 put:0.29 | ATM:0.68 OTM:0.32 | lr: 1.50e-04 | left: 96s
step 07500 ( 60.3%) | loss: 1.046096 | trade:0.32 call:0.66 put:0.34 | ATM:0.60 OTM:0.40 | lr: 1.50e-04 | left: 95s
step 07550 ( 60.9%) | loss: 1.048119 | trade:0.26 call:0.66 put:0.34 | ATM:0.68 OTM:0.32 | lr: 1.50e-04 | left: 94s
step 07600 ( 61.4%) | loss: 1.051119 | trade:0.31 call:0.64 put:0.36 | ATM:0.59 OTM:0.41 | lr: 1.50e-04 | left: 93s
step 07650 ( 62.0%) | loss: 1.065489 | trade:0.29 call:0.57 put:0.43 | ATM:0.60 OTM:0.40 | lr: 1.50e-04 | left: 91s
step 07700 ( 62.5%) | loss: 1.056854 | trade:0.34 call:0.69 put:0.31 | ATM:0.59 OTM:0.41 | lr: 1.50e-04 | left: 90s
step 07750 ( 63.1%) | loss: 1.031519 | trade:0.36 call:0.61 put:0.39 | ATM:0.63 OTM:0.37 | lr: 1.50e-04 | left: 89s
step 07800 ( 63.6%) | loss: 1.030914 | trade:0.32 call:0.61 put:0.39 | ATM:0.63 OTM:0.37 | lr: 1.50e-04 | left: 87s
step 07850 ( 64.1%) | loss: 1.071244 | trade:0.34 call:0.63 put:0.37 | ATM:0.65 OTM:0.35 | lr: 1.50e-04 | left: 86s
step 07900 ( 64.7%) | loss: 1.059117 | trade:0.35 call:0.68 put:0.32 | ATM:0.61 OTM:0.39 | lr: 1.50e-04 | left: 85s
step 07950 ( 65.2%) | loss: 1.028046 | trade:0.39 call:0.60 put:0.40 | ATM:0.60 OTM:0.40 | lr: 1.50e-04 | left: 83s
step 08000 ( 65.8%) | loss: 1.049634 | trade:0.34 call:0.57 put:0.43 | ATM:0.66 OTM:0.34 | lr: 1.50e-04 | left: 82s
step 08050 ( 66.3%) | loss: 1.053191 | trade:0.38 call:0.64 put:0.36 | ATM:0.59 OTM:0.41 | lr: 1.50e-04 | left: 81s
step 08100 ( 66.8%) | loss: 1.030362 | trade:0.32 call:0.65 put:0.35 | ATM:0.69 OTM:0.31 | lr: 1.50e-04 | left: 80s
step 08150 ( 67.4%) | loss: 1.044897 | trade:0.34 call:0.60 put:0.40 | ATM:0.62 OTM:0.38 | lr: 1.50e-04 | left: 78s
step 08200 ( 67.9%) | loss: 1.059369 | trade:0.36 call:0.63 put:0.37 | ATM:0.59 OTM:0.41 | lr: 1.50e-04 | left: 77s
step 08250 ( 68.4%) | loss: 1.062366 | trade:0.42 call:0.63 put:0.37 | ATM:0.53 OTM:0.47 | lr: 1.50e-04 | left: 76s
step 08300 ( 69.0%) | loss: 1.043009 | trade:0.27 call:0.70 put:0.30 | ATM:0.63 OTM:0.37 | lr: 1.50e-04 | left: 74s
step 08350 ( 69.5%) | loss: 1.060029 | trade:0.37 call:0.62 put:0.38 | ATM:0.63 OTM:0.37 | lr: 1.50e-04 | left: 73s
step 08400 ( 70.1%) | loss: 1.030291 | trade:0.34 call:0.63 put:0.37 | ATM:0.66 OTM:0.34 | lr: 1.50e-04 | left: 72s
step 08450 ( 70.6%) | loss: 1.044428 | trade:0.32 call:0.59 put:0.41 | ATM:0.56 OTM:0.44 | lr: 1.50e-04 | left: 71s
step 08500 ( 71.1%) | loss: 1.046023 | trade:0.37 call:0.61 put:0.39 | ATM:0.63 OTM:0.37 | lr: 1.49e-04 | left: 69s
step 08550 ( 71.7%) | loss: 1.012358 | trade:0.34 call:0.67 put:0.33 | ATM:0.64 OTM:0.36 | lr: 1.49e-04 | left: 68s
step 08600 ( 72.2%) | loss: 1.030932 | trade:0.32 call:0.64 put:0.36 | ATM:0.62 OTM:0.38 | lr: 1.48e-04 | left: 67s
step 08650 ( 72.8%) | loss: 1.014126 | trade:0.31 call:0.61 put:0.39 | ATM:0.56 OTM:0.44 | lr: 1.47e-04 | left: 65s
step 08700 ( 73.3%) | loss: 1.026609 | trade:0.35 call:0.60 put:0.40 | ATM:0.60 OTM:0.40 | lr: 1.46e-04 | left: 64s
step 08750 ( 73.9%) | loss: 1.030853 | trade:0.35 call:0.61 put:0.39 | ATM:0.61 OTM:0.39 | lr: 1.44e-04 | left: 63s
step 08800 ( 74.4%) | loss: 1.034219 | trade:0.36 call:0.65 put:0.35 | ATM:0.63 OTM:0.37 | lr: 1.42e-04 | left: 61s
step 08850 ( 74.9%) | loss: 1.036293 | trade:0.29 call:0.62 put:0.38 | ATM:0.69 OTM:0.31 | lr: 1.40e-04 | left: 60s
step 08900 ( 75.5%) | loss: 1.031915 | trade:0.32 call:0.67 put:0.33 | ATM:0.58 OTM:0.42 | lr: 1.38e-04 | left: 59s
step 08950 ( 76.0%) | loss: 1.028476 | trade:0.38 call:0.67 put:0.33 | ATM:0.61 OTM:0.39 | lr: 1.36e-04 | left: 58s
step 09000 ( 76.6%) | loss: 0.996322 | trade:0.30 call:0.68 put:0.32 | ATM:0.67 OTM:0.33 | lr: 1.33e-04 | left: 56s
step 09050 ( 77.1%) | loss: 1.023888 | trade:0.40 call:0.60 put:0.40 | ATM:0.58 OTM:0.42 | lr: 1.30e-04 | left: 55s
step 09100 ( 77.6%) | loss: 1.038997 | trade:0.34 call:0.66 put:0.34 | ATM:0.65 OTM:0.35 | lr: 1.27e-04 | left: 54s
step 09150 ( 78.2%) | loss: 1.029988 | trade:0.30 call:0.64 put:0.36 | ATM:0.68 OTM:0.32 | lr: 1.24e-04 | left: 52s
step 09200 ( 78.7%) | loss: 1.021782 | trade:0.33 call:0.64 put:0.36 | ATM:0.70 OTM:0.30 | lr: 1.21e-04 | left: 51s
step 09250 ( 79.3%) | loss: 1.002774 | trade:0.34 call:0.60 put:0.40 | ATM:0.72 OTM:0.28 | lr: 1.17e-04 | left: 50s
step 09300 ( 79.8%) | loss: 1.004959 | trade:0.31 call:0.64 put:0.36 | ATM:0.64 OTM:0.36 | lr: 1.14e-04 | left: 48s
step 09350 ( 80.4%) | loss: 1.021150 | trade:0.36 call:0.65 put:0.35 | ATM:0.67 OTM:0.33 | lr: 1.10e-04 | left: 47s
step 09400 ( 80.9%) | loss: 1.039244 | trade:0.33 call:0.68 put:0.32 | ATM:0.70 OTM:0.30 | lr: 1.06e-04 | left: 46s
step 09450 ( 81.4%) | loss: 0.996696 | trade:0.37 call:0.62 put:0.38 | ATM:0.63 OTM:0.37 | lr: 1.02e-04 | left: 45s
step 09500 ( 82.0%) | loss: 1.013410 | trade:0.35 call:0.60 put:0.40 | ATM:0.65 OTM:0.35 | lr: 9.84e-05 | left: 43s
step 09550 ( 82.5%) | loss: 1.001846 | trade:0.37 call:0.64 put:0.36 | ATM:0.65 OTM:0.35 | lr: 9.43e-05 | left: 42s
step 09600 ( 83.0%) | loss: 1.011790 | trade:0.35 call:0.62 put:0.38 | ATM:0.57 OTM:0.43 | lr: 9.03e-05 | left: 41s
step 09650 ( 83.6%) | loss: 1.015747 | trade:0.37 call:0.62 put:0.38 | ATM:0.63 OTM:0.37 | lr: 8.61e-05 | left: 39s
step 09700 ( 84.1%) | loss: 1.005124 | trade:0.35 call:0.62 put:0.38 | ATM:0.65 OTM:0.35 | lr: 8.19e-05 | left: 38s
step 09750 ( 84.7%) | loss: 1.007627 | trade:0.30 call:0.65 put:0.35 | ATM:0.71 OTM:0.29 | lr: 7.76e-05 | left: 37s
step 09800 ( 85.2%) | loss: 1.002132 | trade:0.30 call:0.67 put:0.33 | ATM:0.65 OTM:0.35 | lr: 7.33e-05 | left: 35s
step 09850 ( 85.8%) | loss: 1.000202 | trade:0.34 call:0.56 put:0.44 | ATM:0.63 OTM:0.37 | lr: 6.91e-05 | left: 34s
step 09900 ( 86.3%) | loss: 1.006492 | trade:0.30 call:0.63 put:0.37 | ATM:0.67 OTM:0.33 | lr: 6.49e-05 | left: 33s
step 09950 ( 86.8%) | loss: 0.993991 | trade:0.33 call:0.63 put:0.37 | ATM:0.70 OTM:0.30 | lr: 6.08e-05 | left: 32s
step 10000 ( 87.4%) | loss: 1.023627 | trade:0.35 call:0.57 put:0.43 | ATM:0.67 OTM:0.33 | lr: 5.67e-05 | left: 30s
step 10050 ( 87.9%) | loss: 0.992159 | trade:0.33 call:0.65 put:0.35 | ATM:0.63 OTM:0.37 | lr: 5.26e-05 | left: 29s
step 10100 ( 88.4%) | loss: 0.994550 | trade:0.33 call:0.58 put:0.42 | ATM:0.67 OTM:0.33 | lr: 4.85e-05 | left: 28s
step 10150 ( 89.0%) | loss: 1.001683 | trade:0.33 call:0.65 put:0.35 | ATM:0.64 OTM:0.36 | lr: 4.46e-05 | left: 26s
step 10200 ( 89.5%) | loss: 0.995593 | trade:0.35 call:0.66 put:0.34 | ATM:0.65 OTM:0.35 | lr: 4.07e-05 | left: 25s
step 10250 ( 90.1%) | loss: 0.984682 | trade:0.34 call:0.62 put:0.38 | ATM:0.63 OTM:0.37 | lr: 3.70e-05 | left: 24s
step 10300 ( 90.6%) | loss: 1.003947 | trade:0.29 call:0.65 put:0.35 | ATM:0.65 OTM:0.35 | lr: 3.34e-05 | left: 22s
step 10350 ( 91.2%) | loss: 0.985953 | trade:0.32 call:0.64 put:0.36 | ATM:0.66 OTM:0.34 | lr: 2.99e-05 | left: 21s
step 10400 ( 91.7%) | loss: 0.997962 | trade:0.33 call:0.64 put:0.36 | ATM:0.65 OTM:0.35 | lr: 2.66e-05 | left: 20s
step 10450 ( 92.2%) | loss: 0.993164 | trade:0.30 call:0.66 put:0.34 | ATM:0.70 OTM:0.30 | lr: 2.34e-05 | left: 19s
step 10500 ( 92.8%) | loss: 1.020927 | trade:0.30 call:0.69 put:0.31 | ATM:0.66 OTM:0.34 | lr: 2.04e-05 | left: 17s
step 10550 ( 93.3%) | loss: 0.989018 | trade:0.31 call:0.60 put:0.40 | ATM:0.59 OTM:0.41 | lr: 1.75e-05 | left: 16s
step 10600 ( 93.9%) | loss: 1.012133 | trade:0.30 call:0.65 put:0.35 | ATM:0.70 OTM:0.30 | lr: 1.49e-05 | left: 15s
step 10650 ( 94.4%) | loss: 0.978718 | trade:0.30 call:0.63 put:0.37 | ATM:0.70 OTM:0.30 | lr: 1.25e-05 | left: 13s
step 10700 ( 95.0%) | loss: 1.005297 | trade:0.35 call:0.65 put:0.35 | ATM:0.62 OTM:0.38 | lr: 1.02e-05 | left: 12s
step 10750 ( 95.5%) | loss: 0.997339 | trade:0.30 call:0.57 put:0.43 | ATM:0.62 OTM:0.38 | lr: 8.17e-06 | left: 11s
step 10800 ( 96.0%) | loss: 0.995478 | trade:0.36 call:0.64 put:0.36 | ATM:0.62 OTM:0.38 | lr: 6.34e-06 | left: 9s
step 10850 ( 96.6%) | loss: 0.990722 | trade:0.39 call:0.58 put:0.42 | ATM:0.63 OTM:0.37 | lr: 4.74e-06 | left: 8s
step 10900 ( 97.1%) | loss: 0.966857 | trade:0.35 call:0.60 put:0.40 | ATM:0.66 OTM:0.34 | lr: 3.36e-06 | left: 7s
step 10950 ( 97.7%) | loss: 1.005040 | trade:0.36 call:0.67 put:0.33 | ATM:0.60 OTM:0.40 | lr: 2.21e-06 | left: 6s
step 11000 ( 98.2%) | loss: 0.991182 | trade:0.30 call:0.62 put:0.38 | ATM:0.65 OTM:0.35 | lr: 1.32e-06 | left: 4s
step 11050 ( 98.7%) | loss: 0.996895 | trade:0.29 call:0.68 put:0.32 | ATM:0.70 OTM:0.30 | lr: 6.42e-07 | left: 3s
step 11100 ( 99.3%) | loss: 0.977525 | trade:0.37 call:0.66 put:0.34 | ATM:0.62 OTM:0.38 | lr: 2.09e-07 | left: 2s
step 11150 ( 99.8%) | loss: 0.957213 | trade:0.34 call:0.60 put:0.40 | ATM:0.64 OTM:0.36 | lr: 1.17e-08 | left: 0s

Training done at 245s. Starting evaluation...
Evaluation done in 7s (total wall: 252s)
Model saved to /root/best_model.pt
Trade log: 101 trades -> /root/trade_log.csv

---
score:              0.806633
profit_factor:      2.544218
win_rate:           0.336634
avg_winner:         1.077664
avg_loser:          -0.214948
trades_per_day:     1.553846
max_consec_loss:    6
num_trades:         101
trade_sharpe:       4.015971
sortino:            39.952334
max_drawdown:       -2.964897
calmar:             7.500786
ev_per_trade:       0.220189
do_nothing_pct:     0.541704
exit_pct:           0.013229
model_exit_count:   59
cooldown_blocked:   182
pre_10am_blocked:   680
short_hold_pct:     0.119000
stop_loss_rate:     0.376000
direction_collapse_pct: 0.386100
avg_entry_cost_bps: 293.233900
avg_entry_quality:  0.758100
cost_realism_coverage: 1.009900
high_cost_entry_rate: 0.455400
low_quality_entry_rate: 0.000000
actionable_bar_rate: 0.829100
risk_off_bar_rate:  0.000000
final_capital:      11523.80
equity_sharpe:      0.980600
max_equity_dd:      -0.405800
total_dollar_return:0.152400
val_sharpe:         -18.751520
total_return:       22.239057
num_val_bars:       4460
num_val_days:       65
worst_chunk_pf:     1.64
rr_ratio:           5.0136
avg_hold_bars:      11.69
model_exit_rate:    0.5842
hit_ruin:           False
min_equity_frac:    0.5985
avg_risk_fraction:  0.1028
max_risk_fraction:  0.3974
trades_blocked_by_balance: 0
training_seconds:   240.0
total_seconds:      254.2
peak_vram_mb:       357.0
num_steps:          11166
num_params:         146,425
lookback:           120
depth:              3
d_model:            64
effective_lr:       0.00015
gate_label_smoothing:0.050000
dir_label_smoothing:0.050000
false_entry_penalty:2.000000
/opt/conda/lib/python3.11/site-packages/torch/nn/modules/transformer.py:379: UserWarning: enable_nested_tensor is True, but self.use_nested_tensor is False because encoder_layer.norm_first was True
  warnings.warn(
