Loading data from: /root/.cache/autoresearch-trading/features/data.pt
Loaded 382920 1-min bars, 32 features, 8 actions
  ~981 trading days
Training:   up to idx 268019
Validation: idx 268020-382919
  Option P&L coverage: 296720/382920 (77%)
Parameters: 146,265
Architecture: v4 simplified two-head (gate+dir) + balanced strike gating
Training from scratch (v4: no warm-start).

Budget: 240s | Batch: 128 | Lookback: 120
LR: 0.00015 | Depth: 3 | d_model: 64 | ff_mult: 3
Dropout: 0.15 | Weight decay: 0.05
False entry penalty: 2.0x
Label smoothing: gate=0.05 dir=0.05

step 00000 (  0.0%) | loss: 3.100066 | trade:0.27 call:0.45 put:0.55 | ATM:0.23 OTM:0.77 | lr: 0.00e+00 | left: 240s
step 00050 (  0.3%) | loss: 3.227014 | trade:0.27 call:0.46 put:0.54 | ATM:0.23 OTM:0.77 | lr: 4.49e-06 | left: 239s
step 00100 (  0.8%) | loss: 3.177610 | trade:0.28 call:0.45 put:0.55 | ATM:0.23 OTM:0.77 | lr: 1.22e-05 | left: 238s
step 00150 (  1.4%) | loss: 3.123729 | trade:0.32 call:0.47 put:0.53 | ATM:0.24 OTM:0.76 | lr: 2.03e-05 | left: 237s
step 00200 (  1.9%) | loss: 3.063503 | trade:0.36 call:0.48 put:0.52 | ATM:0.25 OTM:0.75 | lr: 2.83e-05 | left: 235s
step 00250 (  2.4%) | loss: 2.978110 | trade:0.39 call:0.49 put:0.51 | ATM:0.27 OTM:0.73 | lr: 3.60e-05 | left: 234s
step 00300 (  2.9%) | loss: 2.920792 | trade:0.42 call:0.50 put:0.50 | ATM:0.29 OTM:0.71 | lr: 4.37e-05 | left: 233s
step 00350 (  3.4%) | loss: 2.906929 | trade:0.44 call:0.52 put:0.48 | ATM:0.31 OTM:0.69 | lr: 5.14e-05 | left: 232s
step 00400 (  4.0%) | loss: 2.836525 | trade:0.45 call:0.53 put:0.47 | ATM:0.33 OTM:0.67 | lr: 5.93e-05 | left: 230s
step 00450 (  4.5%) | loss: 2.784812 | trade:0.42 call:0.54 put:0.46 | ATM:0.34 OTM:0.66 | lr: 6.73e-05 | left: 229s
step 00500 (  5.0%) | loss: 2.766411 | trade:0.44 call:0.55 put:0.45 | ATM:0.35 OTM:0.65 | lr: 7.53e-05 | left: 228s
step 00550 (  5.6%) | loss: 2.723141 | trade:0.43 call:0.55 put:0.45 | ATM:0.36 OTM:0.64 | lr: 8.33e-05 | left: 227s
step 00600 (  6.1%) | loss: 2.662186 | trade:0.43 call:0.56 put:0.44 | ATM:0.37 OTM:0.63 | lr: 9.13e-05 | left: 225s
step 00650 (  6.6%) | loss: 2.600200 | trade:0.45 call:0.58 put:0.42 | ATM:0.37 OTM:0.63 | lr: 9.88e-05 | left: 224s
step 00700 (  7.1%) | loss: 2.503711 | trade:0.41 call:0.58 put:0.42 | ATM:0.37 OTM:0.63 | lr: 1.07e-04 | left: 223s
step 00750 (  7.7%) | loss: 2.438003 | trade:0.41 call:0.60 put:0.40 | ATM:0.40 OTM:0.60 | lr: 1.15e-04 | left: 222s
step 00800 (  8.2%) | loss: 2.349009 | trade:0.43 call:0.55 put:0.45 | ATM:0.39 OTM:0.61 | lr: 1.23e-04 | left: 220s
step 00850 (  8.7%) | loss: 2.287667 | trade:0.43 call:0.61 put:0.39 | ATM:0.38 OTM:0.62 | lr: 1.31e-04 | left: 219s
step 00900 (  9.3%) | loss: 2.187799 | trade:0.43 call:0.59 put:0.41 | ATM:0.37 OTM:0.63 | lr: 1.39e-04 | left: 218s
step 00950 (  9.8%) | loss: 2.085737 | trade:0.40 call:0.62 put:0.38 | ATM:0.41 OTM:0.59 | lr: 1.47e-04 | left: 216s
step 01000 ( 10.3%) | loss: 1.982413 | trade:0.41 call:0.65 put:0.35 | ATM:0.42 OTM:0.58 | lr: 1.50e-04 | left: 215s
step 01050 ( 10.9%) | loss: 1.890373 | trade:0.40 call:0.66 put:0.34 | ATM:0.44 OTM:0.56 | lr: 1.50e-04 | left: 214s
step 01100 ( 11.4%) | loss: 1.823870 | trade:0.42 call:0.63 put:0.37 | ATM:0.44 OTM:0.56 | lr: 1.50e-04 | left: 213s
step 01150 ( 11.9%) | loss: 1.722826 | trade:0.39 call:0.62 put:0.38 | ATM:0.45 OTM:0.55 | lr: 1.50e-04 | left: 211s
step 01200 ( 12.5%) | loss: 1.695119 | trade:0.42 call:0.64 put:0.36 | ATM:0.39 OTM:0.61 | lr: 1.50e-04 | left: 210s
step 01250 ( 13.0%) | loss: 1.599909 | trade:0.40 call:0.64 put:0.36 | ATM:0.46 OTM:0.54 | lr: 1.50e-04 | left: 209s
step 01300 ( 13.5%) | loss: 1.568627 | trade:0.33 call:0.67 put:0.33 | ATM:0.44 OTM:0.56 | lr: 1.50e-04 | left: 208s
step 01350 ( 14.1%) | loss: 1.505590 | trade:0.37 call:0.56 put:0.44 | ATM:0.45 OTM:0.55 | lr: 1.50e-04 | left: 206s
step 01400 ( 14.6%) | loss: 1.500763 | trade:0.42 call:0.61 put:0.39 | ATM:0.48 OTM:0.52 | lr: 1.50e-04 | left: 205s
step 01450 ( 15.1%) | loss: 1.506073 | trade:0.35 call:0.70 put:0.30 | ATM:0.48 OTM:0.52 | lr: 1.50e-04 | left: 204s
step 01500 ( 15.6%) | loss: 1.483016 | trade:0.42 call:0.61 put:0.39 | ATM:0.48 OTM:0.52 | lr: 1.50e-04 | left: 202s
step 01550 ( 16.2%) | loss: 1.415942 | trade:0.36 call:0.67 put:0.33 | ATM:0.47 OTM:0.53 | lr: 1.50e-04 | left: 201s
step 01600 ( 16.7%) | loss: 1.409669 | trade:0.40 call:0.60 put:0.40 | ATM:0.45 OTM:0.55 | lr: 1.50e-04 | left: 200s
step 01650 ( 17.2%) | loss: 1.412924 | trade:0.42 call:0.63 put:0.37 | ATM:0.49 OTM:0.51 | lr: 1.50e-04 | left: 199s
step 01700 ( 17.8%) | loss: 1.376667 | trade:0.33 call:0.64 put:0.36 | ATM:0.50 OTM:0.50 | lr: 1.50e-04 | left: 197s
step 01750 ( 18.3%) | loss: 1.329892 | trade:0.36 call:0.63 put:0.37 | ATM:0.53 OTM:0.47 | lr: 1.50e-04 | left: 196s
step 01800 ( 18.8%) | loss: 1.370735 | trade:0.33 call:0.61 put:0.39 | ATM:0.50 OTM:0.50 | lr: 1.50e-04 | left: 195s
step 01850 ( 19.3%) | loss: 1.350098 | trade:0.40 call:0.63 put:0.37 | ATM:0.50 OTM:0.50 | lr: 1.50e-04 | left: 194s
step 01900 ( 19.9%) | loss: 1.318909 | trade:0.39 call:0.60 put:0.40 | ATM:0.52 OTM:0.48 | lr: 1.50e-04 | left: 192s
step 01950 ( 20.4%) | loss: 1.324559 | trade:0.33 call:0.57 put:0.43 | ATM:0.49 OTM:0.51 | lr: 1.50e-04 | left: 191s
step 02000 ( 20.9%) | loss: 1.284055 | trade:0.32 call:0.65 put:0.35 | ATM:0.53 OTM:0.47 | lr: 1.50e-04 | left: 190s
step 02050 ( 21.5%) | loss: 1.329615 | trade:0.37 call:0.66 put:0.34 | ATM:0.50 OTM:0.50 | lr: 1.50e-04 | left: 188s
step 02100 ( 22.0%) | loss: 1.289467 | trade:0.35 call:0.62 put:0.38 | ATM:0.49 OTM:0.51 | lr: 1.50e-04 | left: 187s
step 02150 ( 22.5%) | loss: 1.299252 | trade:0.36 call:0.60 put:0.40 | ATM:0.49 OTM:0.51 | lr: 1.50e-04 | left: 186s
step 02200 ( 23.1%) | loss: 1.283582 | trade:0.39 call:0.61 put:0.39 | ATM:0.45 OTM:0.55 | lr: 1.50e-04 | left: 185s
step 02250 ( 23.6%) | loss: 1.257482 | trade:0.37 call:0.64 put:0.36 | ATM:0.57 OTM:0.43 | lr: 1.50e-04 | left: 183s
step 02300 ( 24.1%) | loss: 1.251264 | trade:0.35 call:0.58 put:0.42 | ATM:0.52 OTM:0.48 | lr: 1.50e-04 | left: 182s
step 02350 ( 24.7%) | loss: 1.246943 | trade:0.34 call:0.71 put:0.29 | ATM:0.56 OTM:0.44 | lr: 1.50e-04 | left: 181s
step 02400 ( 25.2%) | loss: 1.244666 | trade:0.32 call:0.70 put:0.30 | ATM:0.43 OTM:0.57 | lr: 1.50e-04 | left: 179s
step 02450 ( 25.7%) | loss: 1.263257 | trade:0.40 call:0.66 put:0.34 | ATM:0.49 OTM:0.51 | lr: 1.50e-04 | left: 178s
step 02500 ( 26.3%) | loss: 1.251390 | trade:0.38 call:0.57 put:0.43 | ATM:0.51 OTM:0.49 | lr: 1.50e-04 | left: 177s
step 02550 ( 26.8%) | loss: 1.245495 | trade:0.34 call:0.61 put:0.39 | ATM:0.52 OTM:0.48 | lr: 1.50e-04 | left: 176s
step 02600 ( 27.3%) | loss: 1.243174 | trade:0.34 call:0.55 put:0.45 | ATM:0.51 OTM:0.49 | lr: 1.50e-04 | left: 174s
step 02650 ( 27.9%) | loss: 1.222086 | trade:0.37 call:0.62 put:0.38 | ATM:0.54 OTM:0.46 | lr: 1.50e-04 | left: 173s
step 02700 ( 28.4%) | loss: 1.250816 | trade:0.32 call:0.62 put:0.38 | ATM:0.53 OTM:0.47 | lr: 1.50e-04 | left: 172s
step 02750 ( 28.9%) | loss: 1.241097 | trade:0.36 call:0.56 put:0.44 | ATM:0.52 OTM:0.48 | lr: 1.50e-04 | left: 171s
step 02800 ( 29.4%) | loss: 1.230189 | trade:0.36 call:0.60 put:0.40 | ATM:0.56 OTM:0.44 | lr: 1.50e-04 | left: 169s
step 02850 ( 30.0%) | loss: 1.180634 | trade:0.30 call:0.63 put:0.37 | ATM:0.60 OTM:0.40 | lr: 1.50e-04 | left: 168s
step 02900 ( 30.5%) | loss: 1.191169 | trade:0.38 call:0.62 put:0.38 | ATM:0.53 OTM:0.47 | lr: 1.50e-04 | left: 167s
step 02950 ( 31.0%) | loss: 1.205300 | trade:0.36 call:0.60 put:0.40 | ATM:0.55 OTM:0.45 | lr: 1.50e-04 | left: 166s
step 03000 ( 31.5%) | loss: 1.201554 | trade:0.38 call:0.57 put:0.43 | ATM:0.55 OTM:0.45 | lr: 1.50e-04 | left: 164s
step 03050 ( 32.1%) | loss: 1.176091 | trade:0.37 call:0.66 put:0.34 | ATM:0.56 OTM:0.44 | lr: 1.50e-04 | left: 163s
step 03100 ( 32.6%) | loss: 1.179971 | trade:0.38 call:0.67 put:0.33 | ATM:0.59 OTM:0.41 | lr: 1.50e-04 | left: 162s
step 03150 ( 33.1%) | loss: 1.176348 | trade:0.36 call:0.59 put:0.41 | ATM:0.52 OTM:0.48 | lr: 1.50e-04 | left: 161s
step 03200 ( 33.6%) | loss: 1.199422 | trade:0.35 call:0.63 put:0.37 | ATM:0.53 OTM:0.47 | lr: 1.50e-04 | left: 159s
step 03250 ( 34.2%) | loss: 1.191136 | trade:0.29 call:0.59 put:0.41 | ATM:0.60 OTM:0.40 | lr: 1.50e-04 | left: 158s
step 03300 ( 34.7%) | loss: 1.187934 | trade:0.36 call:0.65 put:0.35 | ATM:0.57 OTM:0.43 | lr: 1.50e-04 | left: 157s
step 03350 ( 35.2%) | loss: 1.178697 | trade:0.30 call:0.58 put:0.42 | ATM:0.60 OTM:0.40 | lr: 1.50e-04 | left: 155s
step 03400 ( 35.8%) | loss: 1.168101 | trade:0.37 call:0.60 put:0.40 | ATM:0.56 OTM:0.44 | lr: 1.50e-04 | left: 154s
step 03450 ( 36.3%) | loss: 1.138529 | trade:0.34 call:0.61 put:0.39 | ATM:0.51 OTM:0.49 | lr: 1.50e-04 | left: 153s
step 03500 ( 36.8%) | loss: 1.173686 | trade:0.33 call:0.63 put:0.37 | ATM:0.52 OTM:0.48 | lr: 1.50e-04 | left: 152s
step 03550 ( 37.3%) | loss: 1.166013 | trade:0.33 call:0.63 put:0.37 | ATM:0.57 OTM:0.43 | lr: 1.50e-04 | left: 150s
step 03600 ( 37.9%) | loss: 1.158131 | trade:0.32 call:0.61 put:0.39 | ATM:0.57 OTM:0.43 | lr: 1.50e-04 | left: 149s
step 03650 ( 38.4%) | loss: 1.157845 | trade:0.30 call:0.62 put:0.38 | ATM:0.57 OTM:0.43 | lr: 1.50e-04 | left: 148s
step 03700 ( 38.9%) | loss: 1.149464 | trade:0.34 call:0.65 put:0.35 | ATM:0.57 OTM:0.43 | lr: 1.50e-04 | left: 147s
step 03750 ( 39.5%) | loss: 1.198996 | trade:0.29 call:0.67 put:0.33 | ATM:0.66 OTM:0.34 | lr: 1.50e-04 | left: 145s
step 03800 ( 40.0%) | loss: 1.162842 | trade:0.39 call:0.58 put:0.42 | ATM:0.57 OTM:0.43 | lr: 1.50e-04 | left: 144s
step 03850 ( 40.5%) | loss: 1.143147 | trade:0.35 call:0.59 put:0.41 | ATM:0.56 OTM:0.44 | lr: 1.50e-04 | left: 143s
step 03900 ( 41.0%) | loss: 1.134961 | trade:0.38 call:0.56 put:0.44 | ATM:0.59 OTM:0.41 | lr: 1.50e-04 | left: 142s
step 03950 ( 41.5%) | loss: 1.110842 | trade:0.26 call:0.67 put:0.33 | ATM:0.60 OTM:0.40 | lr: 1.50e-04 | left: 140s
step 04000 ( 42.1%) | loss: 1.148750 | trade:0.36 call:0.65 put:0.35 | ATM:0.56 OTM:0.44 | lr: 1.50e-04 | left: 139s
step 04050 ( 42.6%) | loss: 1.143352 | trade:0.36 call:0.63 put:0.37 | ATM:0.57 OTM:0.43 | lr: 1.50e-04 | left: 138s
step 04100 ( 43.1%) | loss: 1.133613 | trade:0.30 call:0.64 put:0.36 | ATM:0.57 OTM:0.43 | lr: 1.50e-04 | left: 136s
step 04150 ( 43.6%) | loss: 1.104068 | trade:0.33 call:0.57 put:0.43 | ATM:0.65 OTM:0.35 | lr: 1.50e-04 | left: 135s
step 04200 ( 44.2%) | loss: 1.112788 | trade:0.30 call:0.62 put:0.38 | ATM:0.62 OTM:0.38 | lr: 1.50e-04 | left: 134s
step 04250 ( 44.7%) | loss: 1.122694 | trade:0.33 call:0.57 put:0.43 | ATM:0.60 OTM:0.40 | lr: 1.50e-04 | left: 133s
step 04300 ( 45.2%) | loss: 1.123729 | trade:0.40 call:0.60 put:0.40 | ATM:0.60 OTM:0.40 | lr: 1.50e-04 | left: 132s
step 04350 ( 45.7%) | loss: 1.117152 | trade:0.29 call:0.65 put:0.35 | ATM:0.62 OTM:0.38 | lr: 1.50e-04 | left: 130s
step 04400 ( 46.3%) | loss: 1.119525 | trade:0.34 call:0.64 put:0.36 | ATM:0.54 OTM:0.46 | lr: 1.50e-04 | left: 129s
step 04450 ( 46.8%) | loss: 1.099934 | trade:0.37 call:0.66 put:0.34 | ATM:0.62 OTM:0.38 | lr: 1.50e-04 | left: 128s
step 04500 ( 47.3%) | loss: 1.132946 | trade:0.36 call:0.60 put:0.40 | ATM:0.62 OTM:0.38 | lr: 1.50e-04 | left: 126s
step 04550 ( 47.8%) | loss: 1.107029 | trade:0.34 call:0.58 put:0.42 | ATM:0.56 OTM:0.44 | lr: 1.50e-04 | left: 125s
step 04600 ( 48.4%) | loss: 1.119547 | trade:0.35 call:0.63 put:0.37 | ATM:0.55 OTM:0.45 | lr: 1.50e-04 | left: 124s
step 04650 ( 48.9%) | loss: 1.096437 | trade:0.35 call:0.60 put:0.40 | ATM:0.56 OTM:0.44 | lr: 1.50e-04 | left: 123s
step 04700 ( 49.4%) | loss: 1.120435 | trade:0.38 call:0.64 put:0.36 | ATM:0.63 OTM:0.37 | lr: 1.50e-04 | left: 121s
step 04750 ( 50.0%) | loss: 1.133145 | trade:0.31 call:0.59 put:0.41 | ATM:0.63 OTM:0.37 | lr: 1.50e-04 | left: 120s
step 04800 ( 50.5%) | loss: 1.089610 | trade:0.39 call:0.59 put:0.41 | ATM:0.54 OTM:0.46 | lr: 1.50e-04 | left: 119s
step 04850 ( 51.0%) | loss: 1.100641 | trade:0.38 call:0.61 put:0.39 | ATM:0.59 OTM:0.41 | lr: 1.50e-04 | left: 118s
step 04900 ( 51.5%) | loss: 1.091949 | trade:0.30 call:0.62 put:0.38 | ATM:0.66 OTM:0.34 | lr: 1.50e-04 | left: 116s
step 04950 ( 52.0%) | loss: 1.122481 | trade:0.35 call:0.61 put:0.39 | ATM:0.60 OTM:0.40 | lr: 1.50e-04 | left: 115s
step 05000 ( 52.6%) | loss: 1.110371 | trade:0.36 call:0.58 put:0.42 | ATM:0.62 OTM:0.38 | lr: 1.50e-04 | left: 114s
step 05050 ( 53.1%) | loss: 1.097030 | trade:0.34 call:0.64 put:0.36 | ATM:0.53 OTM:0.47 | lr: 1.50e-04 | left: 113s
step 05100 ( 53.6%) | loss: 1.112268 | trade:0.33 call:0.62 put:0.38 | ATM:0.60 OTM:0.40 | lr: 1.50e-04 | left: 111s
step 05150 ( 54.1%) | loss: 1.092633 | trade:0.38 call:0.58 put:0.42 | ATM:0.62 OTM:0.38 | lr: 1.50e-04 | left: 110s
step 05200 ( 54.7%) | loss: 1.098642 | trade:0.30 call:0.63 put:0.37 | ATM:0.62 OTM:0.38 | lr: 1.50e-04 | left: 109s
step 05250 ( 55.2%) | loss: 1.090629 | trade:0.29 call:0.63 put:0.37 | ATM:0.65 OTM:0.35 | lr: 1.50e-04 | left: 107s
step 05300 ( 55.7%) | loss: 1.094910 | trade:0.30 call:0.68 put:0.32 | ATM:0.60 OTM:0.40 | lr: 1.50e-04 | left: 106s
step 05350 ( 56.3%) | loss: 1.106052 | trade:0.29 call:0.69 put:0.31 | ATM:0.67 OTM:0.33 | lr: 1.50e-04 | left: 105s
step 05400 ( 56.8%) | loss: 1.101262 | trade:0.39 call:0.55 put:0.45 | ATM:0.54 OTM:0.46 | lr: 1.50e-04 | left: 104s
step 05450 ( 57.3%) | loss: 1.069274 | trade:0.37 call:0.58 put:0.42 | ATM:0.58 OTM:0.42 | lr: 1.50e-04 | left: 102s
step 05500 ( 57.9%) | loss: 1.081042 | trade:0.33 call:0.56 put:0.44 | ATM:0.61 OTM:0.39 | lr: 1.50e-04 | left: 101s
step 05550 ( 58.4%) | loss: 1.093517 | trade:0.35 call:0.61 put:0.39 | ATM:0.68 OTM:0.32 | lr: 1.50e-04 | left: 100s
step 05600 ( 58.9%) | loss: 1.080402 | trade:0.35 call:0.67 put:0.33 | ATM:0.63 OTM:0.37 | lr: 1.50e-04 | left: 99s
step 05650 ( 59.4%) | loss: 1.073259 | trade:0.32 call:0.67 put:0.33 | ATM:0.66 OTM:0.34 | lr: 1.50e-04 | left: 97s
step 05700 ( 60.0%) | loss: 1.097443 | trade:0.40 call:0.63 put:0.37 | ATM:0.58 OTM:0.42 | lr: 1.50e-04 | left: 96s
step 05750 ( 60.5%) | loss: 1.057470 | trade:0.33 call:0.59 put:0.41 | ATM:0.58 OTM:0.42 | lr: 1.50e-04 | left: 95s
step 05800 ( 61.0%) | loss: 1.077155 | trade:0.34 call:0.67 put:0.33 | ATM:0.67 OTM:0.33 | lr: 1.50e-04 | left: 94s
step 05850 ( 61.5%) | loss: 1.076052 | trade:0.33 call:0.61 put:0.39 | ATM:0.60 OTM:0.40 | lr: 1.50e-04 | left: 92s
step 05900 ( 62.1%) | loss: 1.072826 | trade:0.35 call:0.62 put:0.38 | ATM:0.63 OTM:0.37 | lr: 1.50e-04 | left: 91s
step 05950 ( 62.6%) | loss: 1.051457 | trade:0.34 call:0.53 put:0.47 | ATM:0.65 OTM:0.35 | lr: 1.50e-04 | left: 90s
step 06000 ( 63.1%) | loss: 1.069755 | trade:0.36 call:0.64 put:0.36 | ATM:0.64 OTM:0.36 | lr: 1.50e-04 | left: 88s
step 06050 ( 63.7%) | loss: 1.093599 | trade:0.33 call:0.62 put:0.38 | ATM:0.62 OTM:0.38 | lr: 1.50e-04 | left: 87s
step 06100 ( 64.2%) | loss: 1.077289 | trade:0.30 call:0.58 put:0.42 | ATM:0.64 OTM:0.36 | lr: 1.50e-04 | left: 86s
step 06150 ( 64.8%) | loss: 1.073661 | trade:0.27 call:0.62 put:0.38 | ATM:0.61 OTM:0.39 | lr: 1.50e-04 | left: 85s
step 06200 ( 65.3%) | loss: 1.064958 | trade:0.34 call:0.57 put:0.43 | ATM:0.60 OTM:0.40 | lr: 1.50e-04 | left: 83s
step 06250 ( 65.8%) | loss: 1.054584 | trade:0.33 call:0.68 put:0.32 | ATM:0.66 OTM:0.34 | lr: 1.50e-04 | left: 82s
step 06300 ( 66.4%) | loss: 1.065224 | trade:0.34 call:0.60 put:0.40 | ATM:0.59 OTM:0.41 | lr: 1.50e-04 | left: 81s
step 06350 ( 66.9%) | loss: 1.059761 | trade:0.31 call:0.65 put:0.35 | ATM:0.67 OTM:0.33 | lr: 1.50e-04 | left: 79s
step 06400 ( 67.4%) | loss: 1.061371 | trade:0.34 call:0.61 put:0.39 | ATM:0.67 OTM:0.33 | lr: 1.50e-04 | left: 78s
step 06450 ( 68.0%) | loss: 1.047445 | trade:0.34 call:0.56 put:0.44 | ATM:0.58 OTM:0.42 | lr: 1.50e-04 | left: 77s
step 06500 ( 68.5%) | loss: 1.058577 | trade:0.32 call:0.57 put:0.43 | ATM:0.62 OTM:0.38 | lr: 1.50e-04 | left: 76s
step 06550 ( 69.0%) | loss: 1.059061 | trade:0.37 call:0.64 put:0.36 | ATM:0.55 OTM:0.45 | lr: 1.50e-04 | left: 74s
step 06600 ( 69.3%) | loss: 1.069070 | trade:0.38 call:0.63 put:0.37 | ATM:0.60 OTM:0.40 | lr: 1.50e-04 | left: 74s
step 06650 ( 69.6%) | loss: 1.060312 | trade:0.36 call:0.63 put:0.37 | ATM:0.65 OTM:0.35 | lr: 1.50e-04 | left: 73s
step 06700 ( 69.8%) | loss: 1.061019 | trade:0.35 call:0.68 put:0.32 | ATM:0.64 OTM:0.36 | lr: 1.50e-04 | left: 73s
step 06750 ( 70.0%) | loss: 1.060599 | trade:0.36 call:0.63 put:0.37 | ATM:0.59 OTM:0.41 | lr: 1.50e-04 | left: 72s
step 06800 ( 70.2%) | loss: 1.079588 | trade:0.33 call:0.55 put:0.45 | ATM:0.62 OTM:0.38 | lr: 1.50e-04 | left: 71s
step 06850 ( 70.5%) | loss: 1.050796 | trade:0.33 call:0.62 put:0.38 | ATM:0.65 OTM:0.35 | lr: 1.50e-04 | left: 71s
step 06900 ( 70.7%) | loss: 1.046161 | trade:0.34 call:0.59 put:0.41 | ATM:0.62 OTM:0.38 | lr: 1.50e-04 | left: 70s
step 06950 ( 70.9%) | loss: 1.043306 | trade:0.28 call:0.59 put:0.41 | ATM:0.70 OTM:0.30 | lr: 1.50e-04 | left: 70s
step 07000 ( 71.1%) | loss: 1.047961 | trade:0.34 call:0.59 put:0.41 | ATM:0.59 OTM:0.41 | lr: 1.49e-04 | left: 69s
step 07050 ( 71.3%) | loss: 1.050179 | trade:0.29 call:0.60 put:0.40 | ATM:0.66 OTM:0.34 | lr: 1.49e-04 | left: 69s
step 07100 ( 71.5%) | loss: 1.056721 | trade:0.30 call:0.61 put:0.39 | ATM:0.63 OTM:0.37 | lr: 1.49e-04 | left: 68s
step 07150 ( 71.7%) | loss: 1.038368 | trade:0.35 call:0.61 put:0.39 | ATM:0.60 OTM:0.40 | lr: 1.49e-04 | left: 68s
step 07200 ( 72.0%) | loss: 1.024321 | trade:0.32 call:0.59 put:0.41 | ATM:0.59 OTM:0.41 | lr: 1.48e-04 | left: 67s
step 07250 ( 72.2%) | loss: 1.037573 | trade:0.34 call:0.60 put:0.40 | ATM:0.60 OTM:0.40 | lr: 1.48e-04 | left: 67s
step 07300 ( 72.4%) | loss: 1.033457 | trade:0.39 call:0.61 put:0.39 | ATM:0.59 OTM:0.41 | lr: 1.48e-04 | left: 66s
step 07350 ( 72.6%) | loss: 1.022251 | trade:0.30 call:0.61 put:0.39 | ATM:0.64 OTM:0.36 | lr: 1.47e-04 | left: 66s
step 07400 ( 72.9%) | loss: 1.049170 | trade:0.31 call:0.62 put:0.38 | ATM:0.64 OTM:0.36 | lr: 1.47e-04 | left: 65s
step 07450 ( 73.1%) | loss: 1.057850 | trade:0.33 call:0.64 put:0.36 | ATM:0.67 OTM:0.33 | lr: 1.46e-04 | left: 64s
step 07500 ( 73.4%) | loss: 1.028740 | trade:0.31 call:0.59 put:0.41 | ATM:0.61 OTM:0.39 | lr: 1.45e-04 | left: 64s
step 07550 ( 73.7%) | loss: 1.033948 | trade:0.24 call:0.60 put:0.40 | ATM:0.69 OTM:0.31 | lr: 1.44e-04 | left: 63s
step 07600 ( 73.9%) | loss: 1.037881 | trade:0.32 call:0.59 put:0.41 | ATM:0.61 OTM:0.39 | lr: 1.44e-04 | left: 63s
step 07650 ( 74.2%) | loss: 1.045615 | trade:0.30 call:0.55 put:0.45 | ATM:0.58 OTM:0.42 | lr: 1.43e-04 | left: 62s
step 07700 ( 74.4%) | loss: 1.043982 | trade:0.33 call:0.64 put:0.36 | ATM:0.56 OTM:0.44 | lr: 1.42e-04 | left: 61s
step 07750 ( 74.8%) | loss: 1.032366 | trade:0.35 call:0.54 put:0.46 | ATM:0.63 OTM:0.37 | lr: 1.41e-04 | left: 60s
step 07800 ( 75.1%) | loss: 1.049847 | trade:0.31 call:0.56 put:0.44 | ATM:0.66 OTM:0.34 | lr: 1.39e-04 | left: 60s
step 07850 ( 75.4%) | loss: 1.050614 | trade:0.35 call:0.58 put:0.42 | ATM:0.65 OTM:0.35 | lr: 1.38e-04 | left: 59s
step 07900 ( 75.6%) | loss: 1.033121 | trade:0.35 call:0.64 put:0.36 | ATM:0.60 OTM:0.40 | lr: 1.37e-04 | left: 58s
step 07950 ( 75.9%) | loss: 1.018498 | trade:0.39 call:0.55 put:0.45 | ATM:0.55 OTM:0.45 | lr: 1.36e-04 | left: 58s
step 08000 ( 76.3%) | loss: 1.025586 | trade:0.33 call:0.52 put:0.48 | ATM:0.67 OTM:0.33 | lr: 1.34e-04 | left: 57s
step 08050 ( 76.8%) | loss: 1.045537 | trade:0.38 call:0.61 put:0.39 | ATM:0.61 OTM:0.39 | lr: 1.32e-04 | left: 56s
step 08100 ( 77.4%) | loss: 1.021307 | trade:0.32 call:0.61 put:0.39 | ATM:0.69 OTM:0.31 | lr: 1.29e-04 | left: 54s
step 08150 ( 77.7%) | loss: 1.038428 | trade:0.34 call:0.58 put:0.42 | ATM:0.61 OTM:0.39 | lr: 1.27e-04 | left: 53s
step 08200 ( 78.0%) | loss: 1.046077 | trade:0.36 call:0.60 put:0.40 | ATM:0.62 OTM:0.38 | lr: 1.25e-04 | left: 53s
step 08250 ( 78.3%) | loss: 1.032077 | trade:0.42 call:0.60 put:0.40 | ATM:0.54 OTM:0.46 | lr: 1.23e-04 | left: 52s
step 08300 ( 78.6%) | loss: 1.040486 | trade:0.26 call:0.61 put:0.39 | ATM:0.64 OTM:0.36 | lr: 1.21e-04 | left: 51s
step 08350 ( 78.9%) | loss: 1.049577 | trade:0.36 call:0.61 put:0.39 | ATM:0.62 OTM:0.38 | lr: 1.20e-04 | left: 51s
step 08400 ( 79.1%) | loss: 1.022934 | trade:0.34 call:0.59 put:0.41 | ATM:0.67 OTM:0.33 | lr: 1.18e-04 | left: 50s
step 08450 ( 79.6%) | loss: 1.033224 | trade:0.33 call:0.54 put:0.46 | ATM:0.60 OTM:0.40 | lr: 1.15e-04 | left: 49s
step 08500 ( 80.2%) | loss: 1.028235 | trade:0.36 call:0.57 put:0.43 | ATM:0.62 OTM:0.38 | lr: 1.11e-04 | left: 48s
step 08550 ( 80.7%) | loss: 1.000608 | trade:0.33 call:0.65 put:0.35 | ATM:0.67 OTM:0.33 | lr: 1.08e-04 | left: 46s
step 08600 ( 81.2%) | loss: 1.003212 | trade:0.32 call:0.59 put:0.41 | ATM:0.62 OTM:0.38 | lr: 1.04e-04 | left: 45s
step 08650 ( 81.8%) | loss: 1.000496 | trade:0.32 call:0.56 put:0.44 | ATM:0.59 OTM:0.41 | lr: 9.99e-05 | left: 44s
step 08700 ( 82.3%) | loss: 1.016197 | trade:0.36 call:0.54 put:0.46 | ATM:0.62 OTM:0.38 | lr: 9.59e-05 | left: 42s
step 08750 ( 82.7%) | loss: 1.031692 | trade:0.34 call:0.55 put:0.45 | ATM:0.61 OTM:0.39 | lr: 9.29e-05 | left: 42s
step 08800 ( 83.0%) | loss: 1.010235 | trade:0.36 call:0.61 put:0.39 | ATM:0.65 OTM:0.35 | lr: 9.09e-05 | left: 41s
step 08850 ( 83.4%) | loss: 1.003214 | trade:0.30 call:0.57 put:0.43 | ATM:0.70 OTM:0.30 | lr: 8.76e-05 | left: 40s
step 08900 ( 83.9%) | loss: 1.020541 | trade:0.32 call:0.64 put:0.36 | ATM:0.61 OTM:0.39 | lr: 8.34e-05 | left: 39s
step 08950 ( 84.3%) | loss: 1.022990 | trade:0.38 call:0.65 put:0.35 | ATM:0.61 OTM:0.39 | lr: 8.05e-05 | left: 38s
step 09000 ( 84.6%) | loss: 0.989809 | trade:0.30 call:0.64 put:0.36 | ATM:0.65 OTM:0.35 | lr: 7.78e-05 | left: 37s
step 09050 ( 85.2%) | loss: 1.026047 | trade:0.40 call:0.56 put:0.44 | ATM:0.58 OTM:0.42 | lr: 7.37e-05 | left: 36s
step 09100 ( 85.7%) | loss: 1.034142 | trade:0.33 call:0.60 put:0.40 | ATM:0.66 OTM:0.34 | lr: 6.95e-05 | left: 34s
step 09150 ( 86.2%) | loss: 0.996731 | trade:0.29 call:0.60 put:0.40 | ATM:0.69 OTM:0.31 | lr: 6.54e-05 | left: 33s
step 09200 ( 86.7%) | loss: 1.021980 | trade:0.32 call:0.59 put:0.41 | ATM:0.69 OTM:0.31 | lr: 6.19e-05 | left: 32s
step 09250 ( 87.1%) | loss: 0.984704 | trade:0.33 call:0.57 put:0.43 | ATM:0.71 OTM:0.29 | lr: 5.84e-05 | left: 31s
step 09300 ( 87.7%) | loss: 0.989325 | trade:0.31 call:0.63 put:0.37 | ATM:0.65 OTM:0.35 | lr: 5.43e-05 | left: 30s
step 09350 ( 88.2%) | loss: 1.003644 | trade:0.35 call:0.62 put:0.38 | ATM:0.68 OTM:0.32 | lr: 5.03e-05 | left: 28s
step 09400 ( 88.7%) | loss: 1.021567 | trade:0.32 call:0.65 put:0.35 | ATM:0.70 OTM:0.30 | lr: 4.64e-05 | left: 27s
step 09450 ( 89.0%) | loss: 0.989601 | trade:0.34 call:0.57 put:0.43 | ATM:0.63 OTM:0.37 | lr: 4.47e-05 | left: 26s
step 09500 ( 89.2%) | loss: 1.002721 | trade:0.36 call:0.59 put:0.41 | ATM:0.65 OTM:0.35 | lr: 4.30e-05 | left: 26s
step 09550 ( 89.5%) | loss: 0.978158 | trade:0.35 call:0.63 put:0.37 | ATM:0.63 OTM:0.37 | lr: 4.11e-05 | left: 25s
step 09600 ( 90.0%) | loss: 1.005541 | trade:0.34 call:0.58 put:0.42 | ATM:0.58 OTM:0.42 | lr: 3.76e-05 | left: 24s
step 09650 ( 90.5%) | loss: 1.001280 | trade:0.37 call:0.59 put:0.41 | ATM:0.63 OTM:0.37 | lr: 3.41e-05 | left: 23s
step 09700 ( 91.0%) | loss: 0.990259 | trade:0.35 call:0.59 put:0.41 | ATM:0.64 OTM:0.36 | lr: 3.06e-05 | left: 21s
step 09750 ( 91.5%) | loss: 0.990620 | trade:0.31 call:0.60 put:0.40 | ATM:0.70 OTM:0.30 | lr: 2.80e-05 | left: 20s
step 09800 ( 92.0%) | loss: 0.984530 | trade:0.31 call:0.63 put:0.37 | ATM:0.67 OTM:0.33 | lr: 2.48e-05 | left: 19s
step 09850 ( 92.5%) | loss: 0.995853 | trade:0.35 call:0.50 put:0.50 | ATM:0.61 OTM:0.39 | lr: 2.18e-05 | left: 18s
step 09900 ( 93.0%) | loss: 1.001511 | trade:0.29 call:0.60 put:0.40 | ATM:0.68 OTM:0.32 | lr: 1.90e-05 | left: 17s
step 09950 ( 93.5%) | loss: 0.986953 | trade:0.33 call:0.60 put:0.40 | ATM:0.69 OTM:0.31 | lr: 1.67e-05 | left: 16s
step 10000 ( 93.7%) | loss: 1.003352 | trade:0.36 call:0.54 put:0.46 | ATM:0.67 OTM:0.33 | lr: 1.56e-05 | left: 15s
step 10050 ( 94.1%) | loss: 0.991573 | trade:0.33 call:0.62 put:0.38 | ATM:0.62 OTM:0.38 | lr: 1.39e-05 | left: 14s
step 10100 ( 94.6%) | loss: 0.991218 | trade:0.33 call:0.54 put:0.46 | ATM:0.66 OTM:0.34 | lr: 1.17e-05 | left: 13s
step 10150 ( 95.1%) | loss: 0.995127 | trade:0.34 call:0.63 put:0.37 | ATM:0.66 OTM:0.34 | lr: 9.57e-06 | left: 12s
step 10200 ( 95.7%) | loss: 0.986438 | trade:0.35 call:0.62 put:0.38 | ATM:0.65 OTM:0.35 | lr: 7.61e-06 | left: 10s
step 10250 ( 96.2%) | loss: 0.967369 | trade:0.35 call:0.57 put:0.43 | ATM:0.64 OTM:0.36 | lr: 5.88e-06 | left: 9s
step 10300 ( 96.7%) | loss: 1.004129 | trade:0.29 call:0.59 put:0.41 | ATM:0.65 OTM:0.35 | lr: 4.40e-06 | left: 8s
step 10350 ( 97.2%) | loss: 0.981998 | trade:0.32 call:0.61 put:0.39 | ATM:0.66 OTM:0.34 | lr: 3.09e-06 | left: 7s
step 10400 ( 97.8%) | loss: 0.991842 | trade:0.33 call:0.63 put:0.37 | ATM:0.65 OTM:0.35 | lr: 2.01e-06 | left: 5s
step 10450 ( 98.0%) | loss: 0.968105 | trade:0.30 call:0.64 put:0.36 | ATM:0.70 OTM:0.30 | lr: 1.56e-06 | left: 5s
step 10500 ( 98.3%) | loss: 1.010026 | trade:0.30 call:0.64 put:0.36 | ATM:0.67 OTM:0.33 | lr: 1.24e-06 | left: 4s
step 10550 ( 98.6%) | loss: 0.992914 | trade:0.31 call:0.57 put:0.43 | ATM:0.57 OTM:0.43 | lr: 7.63e-07 | left: 3s
step 10600 ( 99.2%) | loss: 0.999811 | trade:0.30 call:0.61 put:0.39 | ATM:0.70 OTM:0.30 | lr: 2.83e-07 | left: 2s
step 10650 ( 99.7%) | loss: 0.999619 | trade:0.29 call:0.58 put:0.42 | ATM:0.67 OTM:0.33 | lr: 4.06e-08 | left: 1s

Training done at 245s. Starting evaluation...
Evaluation done in 7s (total wall: 251s)
Model saved to /root/best_model.pt
Trade log: 91 trades -> /root/trade_log.csv

---
score:              1.245109
profit_factor:      3.001852
win_rate:           0.472527
avg_winner:         0.746884
avg_loser:          -0.222890
trades_per_day:     1.400000
max_consec_loss:    5
num_trades:         91
trade_sharpe:       4.232451
sortino:            42.519178
max_drawdown:       -1.798834
calmar:             11.906210
ev_per_trade:       0.235355
do_nothing_pct:     0.594843
exit_pct:           0.013901
model_exit_count:   62
cooldown_blocked:   126
pre_10am_blocked:   590
short_hold_pct:     0.242000
stop_loss_rate:     0.297000
direction_collapse_pct: 0.373600
avg_entry_cost_bps: 410.339600
avg_entry_quality:  0.711600
cost_realism_coverage: 1.011000
high_cost_entry_rate: 0.527500
low_quality_entry_rate: 0.000000
actionable_bar_rate: 0.829100
risk_off_bar_rate:  0.000000
final_capital:      15379.42
equity_sharpe:      2.130100
max_equity_dd:      -0.211000
total_dollar_return:0.537900
val_sharpe:         5.792829
total_return:       21.417292
num_val_bars:       4460
num_val_days:       65
worst_chunk_pf:     0.66
rr_ratio:           3.3509
avg_hold_bars:      11.98
model_exit_rate:    0.6813
hit_ruin:           False
min_equity_frac:    0.9206
avg_risk_fraction:  0.0866
max_risk_fraction:  0.2617
trades_blocked_by_balance: 0
training_seconds:   240.0
total_seconds:      253.6
peak_vram_mb:       357.0
num_steps:          10680
num_params:         146,265
lookback:           120
depth:              3
d_model:            64
effective_lr:       0.00015
gate_label_smoothing:0.050000
dir_label_smoothing:0.050000
false_entry_penalty:2.000000
/opt/conda/lib/python3.11/site-packages/torch/nn/modules/transformer.py:379: UserWarning: enable_nested_tensor is True, but self.use_nested_tensor is False because encoder_layer.norm_first was True
  warnings.warn(
