Mixed precision: bf16 enabled (Ampere+ GPU detected)
Loading data from: /root/.cache/autoresearch-trading/features/data.pt
Loaded 384870 1-min bars, 32 features, 8 actions
  ~986 trading days
Training:   up to idx 269189
Validation: idx 269190-384869
  Option P&L coverage: 297877/384870 (77%)
Parameters: 145,064
Architecture: v4 simplified two-head (gate+dir), ATM-biased, no ETV
Training from scratch (v4: no warm-start).
Day-sequential batching: 70% sequential, 30% random (batch=16)

Budget: 240s | Batch: 512 | Lookback: 120
LR: 0.00025 | Depth: 3 | d_model: 64 | ff_mult: 3
Dropout: 0.15 | Weight decay: 0.05
Label smoothing: gate=0.05 dir=0.05
Loss weights: gate=0.5, dir=2.0, pnl=0.3
Exit override strength: 0.15 (gate targets flipped on exit bars)
Position state: flat for random batches, tracked for day-sequential

step 00000 (  0.0%) | loss: 0.000000 | trade:0.55 call:0.47 put:0.53 | ATM:0.43 OTM:0.57 [seq] | lr: 2.50e-05 | left: 240s
step 00050 (  0.2%) | loss: 1.161887 | trade:0.51 call:0.58 put:0.42 | ATM:0.42 OTM:0.58 [seq] | lr: 2.62e-05 | left: 240s
step 00100 (  0.4%) | loss: 1.419886 | trade:0.55 call:0.52 put:0.48 | ATM:0.46 OTM:0.54 [seq] | lr: 2.78e-05 | left: 239s
step 00150 (  0.6%) | loss: 1.234307 | trade:0.53 call:0.59 put:0.41 | ATM:0.51 OTM:0.49 [seq] | lr: 2.95e-05 | left: 239s
step 00200 (  0.9%) | loss: 0.956526 | trade:0.54 call:0.62 put:0.38 | ATM:0.51 OTM:0.49 [seq] | lr: 3.14e-05 | left: 238s
step 00250 (  1.1%) | loss: 0.715979 | trade:0.38 call:0.62 put:0.37 | ATM:0.47 OTM:0.53 [seq] | lr: 3.31e-05 | left: 237s
step 00300 (  1.3%) | loss: 1.153547 | trade:0.40 call:0.73 put:0.26 | ATM:0.49 OTM:0.51 [seq] | lr: 3.45e-05 | left: 237s
step 00350 (  1.5%) | loss: 1.200686 | trade:0.41 call:0.71 put:0.29 | ATM:0.48 OTM:0.52 [rnd] | lr: 3.60e-05 | left: 236s
step 00400 (  1.7%) | loss: 1.083808 | trade:0.49 call:0.71 put:0.29 | ATM:0.47 OTM:0.53 [seq] | lr: 3.76e-05 | left: 236s
step 00450 (  1.9%) | loss: 1.238802 | trade:0.18 call:0.70 put:0.30 | ATM:0.49 OTM:0.51 [seq] | lr: 3.96e-05 | left: 235s
step 00500 (  2.1%) | loss: 0.860711 | trade:0.30 call:0.83 put:0.17 | ATM:0.56 OTM:0.44 [seq] | lr: 4.10e-05 | left: 235s
step 00550 (  2.3%) | loss: 1.104341 | trade:0.24 call:0.77 put:0.23 | ATM:0.49 OTM:0.51 [seq] | lr: 4.26e-05 | left: 234s
step 00600 (  2.5%) | loss: 0.831636 | trade:0.33 call:0.90 put:0.10 | ATM:0.57 OTM:0.43 [seq] | lr: 4.41e-05 | left: 234s
step 00650 (  2.8%) | loss: 1.126782 | trade:0.26 call:0.89 put:0.11 | ATM:0.55 OTM:0.45 [seq] | lr: 4.58e-05 | left: 233s
step 00700 (  3.0%) | loss: 1.307104 | trade:0.23 call:0.52 put:0.48 | ATM:0.44 OTM:0.56 [seq] | lr: 4.79e-05 | left: 233s
step 00750 (  3.3%) | loss: 1.507467 | trade:0.12 call:0.47 put:0.53 | ATM:0.46 OTM:0.54 [seq] | lr: 4.97e-05 | left: 232s
step 00800 (  3.5%) | loss: 1.009905 | trade:0.61 call:0.41 put:0.59 | ATM:0.47 OTM:0.53 [seq] | lr: 5.11e-05 | left: 232s
step 00850 (  3.7%) | loss: 0.457197 | trade:0.61 call:0.45 put:0.55 | ATM:0.45 OTM:0.55 [seq] | lr: 5.25e-05 | left: 231s
step 00900 (  3.9%) | loss: 0.823474 | trade:0.83 call:0.93 put:0.07 | ATM:0.55 OTM:0.45 [seq] | lr: 5.42e-05 | left: 231s
step 00950 (  4.1%) | loss: 0.558547 | trade:0.57 call:0.85 put:0.15 | ATM:0.46 OTM:0.54 [seq] | lr: 5.56e-05 | left: 230s
step 01000 (  4.4%) | loss: 0.868069 | trade:0.31 call:0.70 put:0.30 | ATM:0.53 OTM:0.47 [rnd] | lr: 5.76e-05 | left: 230s
step 01050 (  4.5%) | loss: 0.631880 | trade:0.12 call:0.75 put:0.25 | ATM:0.47 OTM:0.53 [seq] | lr: 5.91e-05 | left: 229s
step 01100 (  4.8%) | loss: 0.627119 | trade:0.46 call:0.84 put:0.16 | ATM:0.61 OTM:0.39 [seq] | lr: 6.10e-05 | left: 228s
step 01150 (  5.1%) | loss: 0.661595 | trade:0.69 call:0.96 put:0.04 | ATM:0.58 OTM:0.42 [seq] | lr: 6.36e-05 | left: 228s
step 01200 (  5.4%) | loss: 1.039782 | trade:0.34 call:0.68 put:0.32 | ATM:0.55 OTM:0.45 [rnd] | lr: 6.54e-05 | left: 227s
step 01250 (  5.6%) | loss: 0.997549 | trade:0.32 call:0.68 put:0.32 | ATM:0.57 OTM:0.43 [rnd] | lr: 6.71e-05 | left: 227s
step 01300 (  5.9%) | loss: 0.475365 | trade:0.85 call:0.96 put:0.04 | ATM:0.76 OTM:0.24 [seq] | lr: 6.96e-05 | left: 226s
step 01350 (  6.2%) | loss: 0.657443 | trade:0.35 call:0.68 put:0.32 | ATM:0.57 OTM:0.43 [rnd] | lr: 7.14e-05 | left: 225s
step 01400 (  6.5%) | loss: 0.751982 | trade:0.38 call:0.71 put:0.29 | ATM:0.57 OTM:0.43 [rnd] | lr: 7.38e-05 | left: 224s
step 01450 (  6.8%) | loss: 1.013880 | trade:0.34 call:0.67 put:0.33 | ATM:0.60 OTM:0.40 [rnd] | lr: 7.58e-05 | left: 224s
step 01500 (  7.0%) | loss: 0.671331 | trade:0.02 call:0.61 put:0.39 | ATM:0.58 OTM:0.42 [seq] | lr: 7.72e-05 | left: 223s
step 01550 (  7.1%) | loss: 0.331875 | trade:0.07 call:0.36 put:0.64 | ATM:0.75 OTM:0.25 [seq] | lr: 7.84e-05 | left: 223s
step 01600 (  7.3%) | loss: 0.970291 | trade:0.35 call:0.68 put:0.32 | ATM:0.61 OTM:0.39 [rnd] | lr: 7.98e-05 | left: 222s
step 01650 (  7.5%) | loss: 0.684189 | trade:0.94 call:0.05 put:0.95 | ATM:0.78 OTM:0.22 [seq] | lr: 8.12e-05 | left: 222s
step 01700 (  7.7%) | loss: 0.649181 | trade:0.01 call:0.91 put:0.09 | ATM:0.60 OTM:0.40 [seq] | lr: 8.26e-05 | left: 222s
step 01750 (  7.9%) | loss: 0.318205 | trade:0.19 call:0.93 put:0.08 | ATM:0.81 OTM:0.19 [seq] | lr: 8.41e-05 | left: 221s
step 01800 (  8.1%) | loss: 0.646662 | trade:0.02 call:0.87 put:0.13 | ATM:0.75 OTM:0.25 [seq] | lr: 8.56e-05 | left: 221s
step 01850 (  8.4%) | loss: 0.775464 | trade:0.01 call:0.71 put:0.29 | ATM:0.71 OTM:0.29 [seq] | lr: 8.77e-05 | left: 220s
step 01900 (  8.6%) | loss: 0.629395 | trade:0.01 call:0.97 put:0.03 | ATM:0.84 OTM:0.16 [seq] | lr: 8.98e-05 | left: 219s
step 01950 (  8.9%) | loss: 0.350303 | trade:0.00 call:0.75 put:0.25 | ATM:0.65 OTM:0.35 [seq] | lr: 9.15e-05 | left: 219s
step 02000 (  9.1%) | loss: 0.672391 | trade:0.32 call:0.82 put:0.18 | ATM:0.59 OTM:0.41 [seq] | lr: 9.34e-05 | left: 218s
step 02050 (  9.4%) | loss: 1.287856 | trade:0.38 call:0.69 put:0.31 | ATM:0.61 OTM:0.39 [rnd] | lr: 9.52e-05 | left: 218s
step 02100 (  9.6%) | loss: 0.906673 | trade:0.34 call:0.70 put:0.30 | ATM:0.63 OTM:0.37 [rnd] | lr: 9.70e-05 | left: 217s
step 02150 (  9.8%) | loss: 0.745347 | trade:0.36 call:0.71 put:0.29 | ATM:0.61 OTM:0.39 [rnd] | lr: 9.84e-05 | left: 217s
step 02200 ( 10.0%) | loss: 0.600191 | trade:0.36 call:0.73 put:0.27 | ATM:0.60 OTM:0.40 [rnd] | lr: 9.99e-05 | left: 216s
step 02250 ( 10.3%) | loss: 0.479621 | trade:0.01 call:0.98 put:0.02 | ATM:0.84 OTM:0.16 [seq] | lr: 1.02e-04 | left: 215s
step 02300 ( 10.6%) | loss: 0.835854 | trade:0.37 call:0.72 put:0.28 | ATM:0.62 OTM:0.38 [rnd] | lr: 1.05e-04 | left: 215s
step 02350 ( 10.8%) | loss: 0.654533 | trade:0.89 call:0.02 put:0.98 | ATM:0.93 OTM:0.07 [seq] | lr: 1.06e-04 | left: 214s
step 02400 ( 11.2%) | loss: 0.760194 | trade:0.05 call:0.31 put:0.69 | ATM:0.77 OTM:0.23 [seq] | lr: 1.09e-04 | left: 213s
step 02450 ( 11.4%) | loss: 0.784799 | trade:0.34 call:0.70 put:0.30 | ATM:0.61 OTM:0.39 [rnd] | lr: 1.11e-04 | left: 213s
step 02500 ( 11.6%) | loss: 0.594888 | trade:0.00 call:0.79 put:0.21 | ATM:0.77 OTM:0.23 [seq] | lr: 1.12e-04 | left: 212s
step 02550 ( 11.9%) | loss: 0.421500 | trade:0.00 call:0.73 put:0.27 | ATM:0.63 OTM:0.37 [seq] | lr: 1.14e-04 | left: 211s
step 02600 ( 12.1%) | loss: 0.418434 | trade:0.06 call:0.03 put:0.97 | ATM:0.90 OTM:0.10 [seq] | lr: 1.16e-04 | left: 211s
step 02650 ( 12.4%) | loss: 0.410228 | trade:0.95 call:0.02 put:0.98 | ATM:0.71 OTM:0.29 [seq] | lr: 1.18e-04 | left: 210s
step 02700 ( 12.6%) | loss: 0.467223 | trade:0.36 call:0.75 put:0.25 | ATM:0.60 OTM:0.40 [rnd] | lr: 1.20e-04 | left: 210s
step 02750 ( 13.0%) | loss: 0.672889 | trade:0.92 call:0.99 put:0.01 | ATM:0.27 OTM:0.73 [seq] | lr: 1.23e-04 | left: 209s
step 02800 ( 13.3%) | loss: 1.050222 | trade:0.84 call:0.50 put:0.50 | ATM:0.88 OTM:0.12 [seq] | lr: 1.25e-04 | left: 208s
step 02850 ( 13.6%) | loss: 0.615103 | trade:0.00 call:0.82 put:0.18 | ATM:0.72 OTM:0.28 [seq] | lr: 1.27e-04 | left: 207s
step 02900 ( 13.8%) | loss: 0.510174 | trade:0.00 call:0.87 put:0.13 | ATM:0.45 OTM:0.55 [seq] | lr: 1.29e-04 | left: 207s
step 02950 ( 14.1%) | loss: 0.707271 | trade:0.37 call:0.76 put:0.24 | ATM:0.60 OTM:0.40 [rnd] | lr: 1.31e-04 | left: 206s
step 03000 ( 14.3%) | loss: 0.622277 | trade:0.00 call:0.54 put:0.46 | ATM:0.55 OTM:0.45 [seq] | lr: 1.32e-04 | left: 206s
step 03050 ( 14.6%) | loss: 0.573336 | trade:0.00 call:0.78 put:0.22 | ATM:0.38 OTM:0.62 [seq] | lr: 1.34e-04 | left: 205s
step 03100 ( 14.9%) | loss: 0.822970 | trade:0.47 call:0.72 put:0.28 | ATM:0.47 OTM:0.53 [seq] | lr: 1.37e-04 | left: 204s
step 03150 ( 15.1%) | loss: 0.635980 | trade:0.36 call:0.75 put:0.26 | ATM:0.58 OTM:0.42 [rnd] | lr: 1.38e-04 | left: 204s
step 03200 ( 15.3%) | loss: 0.582695 | trade:0.97 call:0.97 put:0.03 | ATM:0.29 OTM:0.71 [seq] | lr: 1.40e-04 | left: 203s
step 03250 ( 15.6%) | loss: 0.734188 | trade:0.79 call:0.04 put:0.95 | ATM:0.94 OTM:0.06 [seq] | lr: 1.42e-04 | left: 203s
step 03300 ( 15.9%) | loss: 0.772529 | trade:0.38 call:0.75 put:0.24 | ATM:0.57 OTM:0.43 [rnd] | lr: 1.44e-04 | left: 202s
step 03350 ( 16.1%) | loss: 0.529117 | trade:0.37 call:0.71 put:0.29 | ATM:0.59 OTM:0.41 [rnd] | lr: 1.46e-04 | left: 201s
step 03400 ( 16.3%) | loss: 0.551016 | trade:0.38 call:0.73 put:0.27 | ATM:0.59 OTM:0.41 [rnd] | lr: 1.47e-04 | left: 201s
step 03450 ( 16.5%) | loss: 0.532755 | trade:0.37 call:0.73 put:0.27 | ATM:0.57 OTM:0.43 [rnd] | lr: 1.49e-04 | left: 200s
step 03500 ( 16.8%) | loss: 0.414902 | trade:0.00 call:0.05 put:0.95 | ATM:0.95 OTM:0.05 [seq] | lr: 1.51e-04 | left: 200s
step 03550 ( 16.9%) | loss: 0.722950 | trade:0.00 call:0.09 put:0.91 | ATM:0.82 OTM:0.18 [seq] | lr: 1.52e-04 | left: 199s
step 03600 ( 17.1%) | loss: 1.109735 | trade:0.34 call:0.73 put:0.26 | ATM:0.58 OTM:0.42 [rnd] | lr: 1.54e-04 | left: 199s
step 03650 ( 17.3%) | loss: 0.789783 | trade:0.36 call:0.75 put:0.25 | ATM:0.57 OTM:0.43 [rnd] | lr: 1.55e-04 | left: 198s
step 03700 ( 17.5%) | loss: 0.679735 | trade:0.36 call:0.74 put:0.26 | ATM:0.57 OTM:0.43 [rnd] | lr: 1.56e-04 | left: 198s
step 03750 ( 17.7%) | loss: 0.593295 | trade:0.00 call:0.84 put:0.16 | ATM:0.40 OTM:0.60 [seq] | lr: 1.58e-04 | left: 198s
step 03800 ( 17.9%) | loss: 0.651678 | trade:0.34 call:0.74 put:0.26 | ATM:0.57 OTM:0.43 [rnd] | lr: 1.59e-04 | left: 197s
step 03850 ( 18.2%) | loss: 0.438750 | trade:0.00 call:0.89 put:0.11 | ATM:0.83 OTM:0.17 [seq] | lr: 1.62e-04 | left: 196s
step 03900 ( 18.4%) | loss: 0.509740 | trade:0.94 call:0.01 put:0.99 | ATM:0.19 OTM:0.81 [seq] | lr: 1.63e-04 | left: 196s
step 03950 ( 18.6%) | loss: 0.918846 | trade:0.37 call:0.73 put:0.26 | ATM:0.56 OTM:0.44 [rnd] | lr: 1.65e-04 | left: 195s
step 04000 ( 19.0%) | loss: 0.753807 | trade:0.37 call:0.73 put:0.26 | ATM:0.57 OTM:0.43 [rnd] | lr: 1.67e-04 | left: 194s
step 04050 ( 19.3%) | loss: 0.583282 | trade:0.28 call:0.78 put:0.22 | ATM:0.68 OTM:0.32 [seq] | lr: 1.70e-04 | left: 194s
step 04100 ( 19.5%) | loss: 0.561410 | trade:0.38 call:0.71 put:0.29 | ATM:0.58 OTM:0.42 [rnd] | lr: 1.71e-04 | left: 193s
step 04150 ( 19.7%) | loss: 0.482705 | trade:0.00 call:0.76 put:0.24 | ATM:0.45 OTM:0.55 [seq] | lr: 1.73e-04 | left: 193s
step 04200 ( 19.9%) | loss: 1.087218 | trade:0.34 call:0.73 put:0.27 | ATM:0.56 OTM:0.44 [rnd] | lr: 1.75e-04 | left: 192s
step 04250 ( 20.2%) | loss: 0.632020 | trade:0.39 call:0.76 put:0.24 | ATM:0.56 OTM:0.44 [rnd] | lr: 1.76e-04 | left: 192s
step 04300 ( 20.4%) | loss: 0.520830 | trade:0.91 call:0.99 put:0.01 | ATM:0.33 OTM:0.67 [seq] | lr: 1.78e-04 | left: 191s
step 04350 ( 20.6%) | loss: 0.427781 | trade:0.11 call:0.77 put:0.23 | ATM:0.39 OTM:0.61 [seq] | lr: 1.79e-04 | left: 191s
step 04400 ( 20.8%) | loss: 0.392038 | trade:0.00 call:0.67 put:0.33 | ATM:0.53 OTM:0.47 [seq] | lr: 1.81e-04 | left: 190s
step 04450 ( 21.0%) | loss: 0.496037 | trade:0.00 call:0.61 put:0.38 | ATM:0.44 OTM:0.56 [seq] | lr: 1.82e-04 | left: 190s
step 04500 ( 21.3%) | loss: 0.804081 | trade:0.37 call:0.75 put:0.25 | ATM:0.58 OTM:0.42 [rnd] | lr: 1.84e-04 | left: 189s
step 04550 ( 21.4%) | loss: 0.804562 | trade:0.34 call:0.73 put:0.27 | ATM:0.57 OTM:0.43 [rnd] | lr: 1.86e-04 | left: 189s
step 04600 ( 21.6%) | loss: 0.741033 | trade:0.86 call:0.01 put:0.99 | ATM:0.69 OTM:0.31 [seq] | lr: 1.87e-04 | left: 188s
step 04650 ( 21.8%) | loss: 0.690035 | trade:0.36 call:0.74 put:0.26 | ATM:0.57 OTM:0.43 [rnd] | lr: 1.89e-04 | left: 188s
step 04700 ( 22.0%) | loss: 0.767507 | trade:0.00 call:0.98 put:0.02 | ATM:0.93 OTM:0.07 [seq] | lr: 1.90e-04 | left: 187s
step 04750 ( 22.2%) | loss: 0.869298 | trade:0.37 call:0.72 put:0.28 | ATM:0.56 OTM:0.44 [rnd] | lr: 1.92e-04 | left: 187s
step 04800 ( 22.4%) | loss: 0.561961 | trade:0.91 call:0.95 put:0.05 | ATM:0.31 OTM:0.69 [seq] | lr: 1.93e-04 | left: 186s
step 04850 ( 22.7%) | loss: 0.763612 | trade:0.45 call:0.86 put:0.14 | ATM:0.41 OTM:0.59 [seq] | lr: 1.95e-04 | left: 186s
step 04900 ( 23.0%) | loss: 0.637690 | trade:0.46 call:0.83 put:0.17 | ATM:0.60 OTM:0.40 [seq] | lr: 1.98e-04 | left: 185s
step 04950 ( 23.2%) | loss: 0.372817 | trade:0.16 call:0.96 put:0.04 | ATM:0.94 OTM:0.06 [seq] | lr: 1.99e-04 | left: 184s
step 05000 ( 23.5%) | loss: 0.584954 | trade:0.83 call:0.74 put:0.26 | ATM:0.51 OTM:0.49 [seq] | lr: 2.01e-04 | left: 184s
step 05050 ( 23.8%) | loss: 0.626907 | trade:0.74 call:0.98 put:0.02 | ATM:0.97 OTM:0.03 [seq] | lr: 2.04e-04 | left: 183s
step 05100 ( 24.1%) | loss: 0.415235 | trade:0.00 call:0.81 put:0.19 | ATM:0.75 OTM:0.25 [seq] | lr: 2.06e-04 | left: 182s
step 05150 ( 24.4%) | loss: 0.625331 | trade:0.73 call:0.82 put:0.18 | ATM:0.54 OTM:0.46 [seq] | lr: 2.08e-04 | left: 181s
step 05200 ( 24.6%) | loss: 0.568278 | trade:0.00 call:0.88 put:0.12 | ATM:0.76 OTM:0.24 [seq] | lr: 2.10e-04 | left: 181s
step 05250 ( 24.8%) | loss: 0.626425 | trade:0.00 call:0.72 put:0.28 | ATM:0.51 OTM:0.49 [seq] | lr: 2.11e-04 | left: 180s
step 05300 ( 25.1%) | loss: 0.548850 | trade:0.01 call:0.99 put:0.01 | ATM:0.97 OTM:0.03 [seq] | lr: 2.13e-04 | left: 180s
step 05350 ( 25.3%) | loss: 0.579069 | trade:0.93 call:0.99 put:0.01 | ATM:0.34 OTM:0.66 [seq] | lr: 2.15e-04 | left: 179s
step 05400 ( 25.6%) | loss: 0.777481 | trade:0.36 call:0.76 put:0.24 | ATM:0.53 OTM:0.47 [rnd] | lr: 2.17e-04 | left: 179s
step 05450 ( 25.8%) | loss: 0.584638 | trade:0.94 call:1.00 put:0.00 | ATM:0.24 OTM:0.76 [seq] | lr: 2.18e-04 | left: 178s
step 05500 ( 26.0%) | loss: 0.690580 | trade:0.36 call:0.74 put:0.26 | ATM:0.57 OTM:0.43 [rnd] | lr: 2.20e-04 | left: 178s
step 05550 ( 26.2%) | loss: 0.764146 | trade:0.89 call:0.99 put:0.00 | ATM:0.24 OTM:0.76 [seq] | lr: 2.21e-04 | left: 177s
step 05600 ( 26.3%) | loss: 0.300518 | trade:0.95 call:1.00 put:0.00 | ATM:0.26 OTM:0.74 [seq] | lr: 2.22e-04 | left: 177s
step 05650 ( 26.5%) | loss: 0.413957 | trade:0.01 call:0.76 put:0.24 | ATM:0.35 OTM:0.65 [seq] | lr: 2.24e-04 | left: 176s
step 05700 ( 26.7%) | loss: 1.564779 | trade:0.38 call:0.72 put:0.28 | ATM:0.56 OTM:0.44 [rnd] | lr: 2.25e-04 | left: 176s
step 05750 ( 26.9%) | loss: 1.415483 | trade:0.93 call:0.99 put:0.01 | ATM:0.56 OTM:0.44 [seq] | lr: 2.27e-04 | left: 175s
step 05800 ( 27.1%) | loss: 0.769957 | trade:0.38 call:0.73 put:0.27 | ATM:0.54 OTM:0.46 [rnd] | lr: 2.28e-04 | left: 175s
step 05850 ( 27.3%) | loss: 0.711096 | trade:0.73 call:0.77 put:0.23 | ATM:0.66 OTM:0.34 [seq] | lr: 2.30e-04 | left: 174s
step 05900 ( 27.6%) | loss: 1.508916 | trade:0.84 call:0.92 put:0.08 | ATM:0.39 OTM:0.61 [seq] | lr: 2.32e-04 | left: 174s
step 05950 ( 27.8%) | loss: 0.949590 | trade:0.95 call:1.00 put:0.00 | ATM:0.18 OTM:0.82 [seq] | lr: 2.34e-04 | left: 173s
step 06000 ( 28.1%) | loss: 0.667036 | trade:0.35 call:0.77 put:0.23 | ATM:0.54 OTM:0.46 [rnd] | lr: 2.36e-04 | left: 173s
step 06050 ( 28.3%) | loss: 0.713011 | trade:0.88 call:0.95 put:0.05 | ATM:0.91 OTM:0.09 [seq] | lr: 2.37e-04 | left: 172s
step 06100 ( 28.6%) | loss: 0.991728 | trade:0.48 call:0.75 put:0.25 | ATM:0.53 OTM:0.47 [seq] | lr: 2.39e-04 | left: 171s
step 06150 ( 28.9%) | loss: 0.871739 | trade:0.37 call:0.75 put:0.25 | ATM:0.54 OTM:0.46 [rnd] | lr: 2.41e-04 | left: 171s
step 06200 ( 29.1%) | loss: 0.842110 | trade:0.97 call:0.01 put:0.99 | ATM:0.64 OTM:0.36 [seq] | lr: 2.43e-04 | left: 170s
step 06250 ( 29.2%) | loss: 0.668455 | trade:0.94 call:0.01 put:0.99 | ATM:0.68 OTM:0.32 [seq] | lr: 2.44e-04 | left: 170s
step 06300 ( 29.4%) | loss: 0.561575 | trade:0.00 call:0.73 put:0.27 | ATM:0.66 OTM:0.34 [seq] | lr: 2.46e-04 | left: 169s
step 06350 ( 29.7%) | loss: 1.223490 | trade:0.97 call:0.99 put:0.00 | ATM:0.24 OTM:0.76 [seq] | lr: 2.47e-04 | left: 169s
step 06400 ( 29.9%) | loss: 2.059262 | trade:0.94 call:0.99 put:0.01 | ATM:0.26 OTM:0.74 [seq] | lr: 2.49e-04 | left: 168s
step 06450 ( 30.3%) | loss: 2.196857 | trade:0.89 call:0.98 put:0.03 | ATM:0.31 OTM:0.69 [seq] | lr: 2.49e-04 | left: 167s
step 06500 ( 30.5%) | loss: 0.692047 | trade:0.00 call:0.76 put:0.24 | ATM:0.33 OTM:0.67 [seq] | lr: 2.48e-04 | left: 167s
step 06550 ( 30.7%) | loss: 0.709427 | trade:0.45 call:0.68 put:0.32 | ATM:0.81 OTM:0.19 [seq] | lr: 2.48e-04 | left: 166s
step 06600 ( 30.9%) | loss: 0.571670 | trade:0.93 call:0.02 put:0.98 | ATM:0.63 OTM:0.37 [seq] | lr: 2.47e-04 | left: 166s
step 06650 ( 31.1%) | loss: 0.494623 | trade:0.89 call:0.01 put:0.99 | ATM:0.69 OTM:0.31 [seq] | lr: 2.46e-04 | left: 165s
step 06700 ( 31.3%) | loss: 0.490827 | trade:0.95 call:0.98 put:0.02 | ATM:0.63 OTM:0.37 [seq] | lr: 2.46e-04 | left: 165s
step 06750 ( 31.5%) | loss: 0.612485 | trade:0.93 call:0.98 put:0.02 | ATM:0.94 OTM:0.06 [seq] | lr: 2.45e-04 | left: 164s
step 06800 ( 31.7%) | loss: 0.713947 | trade:0.00 call:0.20 put:0.80 | ATM:0.68 OTM:0.32 [seq] | lr: 2.45e-04 | left: 164s
step 06850 ( 31.9%) | loss: 0.602727 | trade:0.00 call:0.16 put:0.84 | ATM:0.66 OTM:0.34 [seq] | lr: 2.44e-04 | left: 163s
step 06900 ( 32.1%) | loss: 0.276909 | trade:0.91 call:0.02 put:0.98 | ATM:0.69 OTM:0.31 [seq] | lr: 2.43e-04 | left: 163s
step 06950 ( 32.4%) | loss: 0.647878 | trade:0.36 call:0.73 put:0.27 | ATM:0.54 OTM:0.46 [rnd] | lr: 2.42e-04 | left: 162s
step 07000 ( 32.6%) | loss: 0.336786 | trade:0.95 call:1.00 put:0.00 | ATM:0.43 OTM:0.57 [seq] | lr: 2.42e-04 | left: 162s
step 07050 ( 32.8%) | loss: 0.520988 | trade:0.96 call:1.00 put:0.00 | ATM:0.21 OTM:0.79 [seq] | lr: 2.41e-04 | left: 161s
step 07100 ( 33.0%) | loss: 0.483345 | trade:0.95 call:1.00 put:0.00 | ATM:0.19 OTM:0.81 [seq] | lr: 2.40e-04 | left: 161s
step 07150 ( 33.3%) | loss: 1.456518 | trade:0.36 call:0.73 put:0.27 | ATM:0.52 OTM:0.48 [rnd] | lr: 2.40e-04 | left: 160s
step 07200 ( 33.5%) | loss: 0.637228 | trade:0.91 call:0.95 put:0.05 | ATM:0.31 OTM:0.69 [seq] | lr: 2.39e-04 | left: 160s
step 07250 ( 33.8%) | loss: 0.514684 | trade:0.34 call:0.73 put:0.26 | ATM:0.53 OTM:0.47 [rnd] | lr: 2.38e-04 | left: 159s
step 07300 ( 34.0%) | loss: 0.528774 | trade:0.01 call:0.98 put:0.02 | ATM:0.97 OTM:0.03 [seq] | lr: 2.37e-04 | left: 158s
step 07350 ( 34.3%) | loss: 0.530261 | trade:0.00 call:0.75 put:0.26 | ATM:0.57 OTM:0.43 [seq] | lr: 2.36e-04 | left: 158s
step 07400 ( 34.6%) | loss: 0.600325 | trade:0.37 call:0.74 put:0.26 | ATM:0.54 OTM:0.46 [rnd] | lr: 2.35e-04 | left: 157s
step 07450 ( 34.8%) | loss: 0.547093 | trade:0.36 call:0.73 put:0.27 | ATM:0.54 OTM:0.46 [rnd] | lr: 2.35e-04 | left: 157s
step 07500 ( 34.9%) | loss: 0.478306 | trade:0.00 call:0.39 put:0.61 | ATM:0.69 OTM:0.31 [seq] | lr: 2.34e-04 | left: 156s
step 07550 ( 35.1%) | loss: 0.536101 | trade:0.00 call:0.49 put:0.51 | ATM:0.68 OTM:0.32 [seq] | lr: 2.34e-04 | left: 156s
step 07600 ( 35.3%) | loss: 0.378454 | trade:0.00 call:0.98 put:0.02 | ATM:0.30 OTM:0.70 [seq] | lr: 2.33e-04 | left: 155s
step 07650 ( 35.5%) | loss: 0.631820 | trade:0.36 call:0.75 put:0.25 | ATM:0.52 OTM:0.48 [rnd] | lr: 2.32e-04 | left: 155s
step 07700 ( 35.7%) | loss: 0.465080 | trade:0.37 call:0.74 put:0.26 | ATM:0.52 OTM:0.48 [rnd] | lr: 2.32e-04 | left: 154s
step 07750 ( 35.9%) | loss: 0.485852 | trade:0.00 call:0.67 put:0.33 | ATM:0.53 OTM:0.47 [seq] | lr: 2.31e-04 | left: 154s
step 07800 ( 36.1%) | loss: 0.469421 | trade:0.34 call:0.74 put:0.26 | ATM:0.55 OTM:0.45 [rnd] | lr: 2.30e-04 | left: 153s
step 07850 ( 36.4%) | loss: 0.560757 | trade:0.00 call:0.89 put:0.11 | ATM:0.29 OTM:0.71 [seq] | lr: 2.29e-04 | left: 153s
step 07900 ( 36.7%) | loss: 0.697301 | trade:0.00 call:0.76 put:0.24 | ATM:0.69 OTM:0.31 [seq] | lr: 2.28e-04 | left: 152s
step 07950 ( 36.9%) | loss: 0.381786 | trade:0.35 call:0.73 put:0.27 | ATM:0.54 OTM:0.46 [rnd] | lr: 2.28e-04 | left: 151s
step 08000 ( 37.1%) | loss: 0.482026 | trade:0.93 call:0.00 put:1.00 | ATM:0.63 OTM:0.37 [seq] | lr: 2.27e-04 | left: 151s
step 08050 ( 37.3%) | loss: 0.780284 | trade:0.00 call:0.61 put:0.39 | ATM:0.46 OTM:0.54 [seq] | lr: 2.26e-04 | left: 150s
step 08100 ( 37.6%) | loss: 0.769906 | trade:0.37 call:0.71 put:0.29 | ATM:0.53 OTM:0.47 [rnd] | lr: 2.26e-04 | left: 150s
step 08150 ( 37.8%) | loss: 0.636844 | trade:0.31 call:0.85 put:0.15 | ATM:0.51 OTM:0.49 [seq] | lr: 2.25e-04 | left: 149s
step 08200 ( 38.1%) | loss: 0.703903 | trade:0.21 call:0.81 put:0.19 | ATM:0.52 OTM:0.48 [seq] | lr: 2.24e-04 | left: 149s
step 08250 ( 38.3%) | loss: 0.484044 | trade:0.00 call:0.69 put:0.31 | ATM:0.41 OTM:0.59 [seq] | lr: 2.23e-04 | left: 148s
step 08300 ( 38.6%) | loss: 0.684998 | trade:0.38 call:0.73 put:0.27 | ATM:0.53 OTM:0.47 [rnd] | lr: 2.22e-04 | left: 147s
step 08350 ( 38.8%) | loss: 0.837505 | trade:0.37 call:0.73 put:0.27 | ATM:0.54 OTM:0.46 [rnd] | lr: 2.22e-04 | left: 147s
step 08400 ( 39.0%) | loss: 1.090432 | trade:0.93 call:0.96 put:0.05 | ATM:0.44 OTM:0.56 [seq] | lr: 2.21e-04 | left: 146s
step 08450 ( 39.2%) | loss: 0.691672 | trade:0.33 call:0.76 put:0.24 | ATM:0.55 OTM:0.45 [rnd] | lr: 2.20e-04 | left: 146s
step 08500 ( 39.4%) | loss: 0.327265 | trade:0.00 call:0.74 put:0.26 | ATM:0.37 OTM:0.63 [seq] | lr: 2.20e-04 | left: 145s
step 08550 ( 39.6%) | loss: 0.328203 | trade:0.00 call:0.90 put:0.10 | ATM:0.81 OTM:0.19 [seq] | lr: 2.19e-04 | left: 145s
step 08600 ( 39.8%) | loss: 0.411143 | trade:0.00 call:0.34 put:0.66 | ATM:0.80 OTM:0.20 [seq] | lr: 2.19e-04 | left: 145s
step 08650 ( 40.0%) | loss: 0.621543 | trade:0.00 call:0.38 put:0.62 | ATM:0.70 OTM:0.30 [seq] | lr: 2.18e-04 | left: 144s
step 08700 ( 40.2%) | loss: 0.608503 | trade:0.46 call:0.92 put:0.08 | ATM:0.33 OTM:0.67 [seq] | lr: 2.17e-04 | left: 144s
step 08750 ( 40.4%) | loss: 0.577255 | trade:0.39 call:0.71 put:0.29 | ATM:0.55 OTM:0.45 [rnd] | lr: 2.17e-04 | left: 143s
step 08800 ( 40.6%) | loss: 0.767327 | trade:0.36 call:0.75 put:0.25 | ATM:0.51 OTM:0.49 [rnd] | lr: 2.16e-04 | left: 143s
step 08850 ( 40.8%) | loss: 0.557772 | trade:0.02 call:0.02 put:0.98 | ATM:0.91 OTM:0.09 [seq] | lr: 2.15e-04 | left: 142s
step 08900 ( 41.0%) | loss: 0.558482 | trade:0.89 call:0.95 put:0.05 | ATM:0.88 OTM:0.12 [seq] | lr: 2.15e-04 | left: 142s
step 08950 ( 41.2%) | loss: 0.788172 | trade:0.59 call:0.95 put:0.05 | ATM:0.95 OTM:0.05 [seq] | lr: 2.14e-04 | left: 141s
step 09000 ( 41.5%) | loss: 0.798120 | trade:0.00 call:0.84 put:0.16 | ATM:0.71 OTM:0.29 [seq] | lr: 2.13e-04 | left: 140s
step 09050 ( 41.6%) | loss: 0.338713 | trade:0.34 call:0.76 put:0.25 | ATM:0.54 OTM:0.46 [rnd] | lr: 2.13e-04 | left: 140s
step 09100 ( 41.8%) | loss: 0.733834 | trade:0.36 call:0.75 put:0.25 | ATM:0.53 OTM:0.47 [rnd] | lr: 2.12e-04 | left: 140s
step 09150 ( 42.0%) | loss: 0.310674 | trade:0.88 call:0.99 put:0.01 | ATM:0.46 OTM:0.54 [seq] | lr: 2.11e-04 | left: 139s
step 09200 ( 42.2%) | loss: 0.702407 | trade:0.00 call:0.67 put:0.33 | ATM:0.68 OTM:0.32 [seq] | lr: 2.11e-04 | left: 139s
step 09250 ( 42.4%) | loss: 0.942790 | trade:0.41 call:0.71 put:0.29 | ATM:0.51 OTM:0.49 [rnd] | lr: 2.10e-04 | left: 138s
step 09300 ( 42.6%) | loss: 0.446113 | trade:0.00 call:0.79 put:0.21 | ATM:0.65 OTM:0.35 [seq] | lr: 2.09e-04 | left: 138s
step 09350 ( 42.9%) | loss: 0.930275 | trade:0.00 call:0.24 put:0.76 | ATM:0.49 OTM:0.51 [seq] | lr: 2.09e-04 | left: 137s
step 09400 ( 43.1%) | loss: 0.715977 | trade:0.96 call:0.01 put:0.99 | ATM:0.68 OTM:0.32 [seq] | lr: 2.08e-04 | left: 137s
step 09450 ( 43.3%) | loss: 0.269601 | trade:0.89 call:0.00 put:1.00 | ATM:0.67 OTM:0.33 [seq] | lr: 2.07e-04 | left: 136s
step 09500 ( 43.5%) | loss: 0.560289 | trade:0.00 call:0.56 put:0.44 | ATM:0.43 OTM:0.57 [seq] | lr: 2.07e-04 | left: 136s
step 09550 ( 43.7%) | loss: 0.758537 | trade:0.36 call:0.75 put:0.25 | ATM:0.52 OTM:0.48 [rnd] | lr: 2.06e-04 | left: 135s
step 09600 ( 43.9%) | loss: 0.791280 | trade:0.00 call:0.58 put:0.42 | ATM:0.44 OTM:0.56 [seq] | lr: 2.05e-04 | left: 135s
step 09650 ( 44.0%) | loss: 0.593153 | trade:0.00 call:0.89 put:0.10 | ATM:0.85 OTM:0.15 [seq] | lr: 2.05e-04 | left: 134s
step 09700 ( 44.2%) | loss: 0.297343 | trade:0.00 call:0.81 put:0.19 | ATM:0.57 OTM:0.43 [seq] | lr: 2.04e-04 | left: 134s
step 09750 ( 44.4%) | loss: 0.417574 | trade:0.93 call:0.79 put:0.21 | ATM:0.55 OTM:0.45 [seq] | lr: 2.04e-04 | left: 133s
step 09800 ( 44.6%) | loss: 0.497053 | trade:0.92 call:1.00 put:0.00 | ATM:0.33 OTM:0.67 [seq] | lr: 2.03e-04 | left: 133s
step 09850 ( 44.9%) | loss: 0.422675 | trade:0.02 call:0.83 put:0.17 | ATM:0.35 OTM:0.65 [seq] | lr: 2.02e-04 | left: 132s
step 09900 ( 45.1%) | loss: 0.563476 | trade:0.32 call:0.73 put:0.27 | ATM:0.55 OTM:0.45 [rnd] | lr: 2.01e-04 | left: 132s
step 09950 ( 45.3%) | loss: 0.811998 | trade:0.36 call:0.75 put:0.25 | ATM:0.52 OTM:0.48 [rnd] | lr: 2.01e-04 | left: 131s
step 10000 ( 45.5%) | loss: 0.664434 | trade:0.00 call:0.52 put:0.48 | ATM:0.69 OTM:0.31 [seq] | lr: 2.00e-04 | left: 131s
step 10050 ( 45.7%) | loss: 0.694044 | trade:0.35 call:0.74 put:0.26 | ATM:0.53 OTM:0.47 [rnd] | lr: 1.99e-04 | left: 130s
step 10100 ( 45.9%) | loss: 0.585297 | trade:0.00 call:0.91 put:0.09 | ATM:0.65 OTM:0.35 [seq] | lr: 1.99e-04 | left: 130s
step 10150 ( 46.2%) | loss: 0.634869 | trade:0.38 call:0.73 put:0.27 | ATM:0.53 OTM:0.47 [rnd] | lr: 1.98e-04 | left: 129s
step 10200 ( 46.4%) | loss: 0.565100 | trade:0.38 call:0.72 put:0.28 | ATM:0.53 OTM:0.47 [rnd] | lr: 1.97e-04 | left: 129s
step 10250 ( 46.5%) | loss: 0.492156 | trade:0.35 call:0.75 put:0.26 | ATM:0.52 OTM:0.48 [rnd] | lr: 1.97e-04 | left: 128s
step 10300 ( 46.8%) | loss: 0.351911 | trade:0.00 call:0.81 put:0.19 | ATM:0.48 OTM:0.52 [seq] | lr: 1.96e-04 | left: 128s
step 10350 ( 47.1%) | loss: 0.654989 | trade:0.00 call:0.48 put:0.52 | ATM:0.44 OTM:0.56 [seq] | lr: 1.95e-04 | left: 127s
step 10400 ( 47.4%) | loss: 0.544970 | trade:0.01 call:0.84 put:0.16 | ATM:0.36 OTM:0.64 [seq] | lr: 1.94e-04 | left: 126s
step 10450 ( 47.7%) | loss: 0.700346 | trade:0.93 call:0.96 put:0.03 | ATM:0.42 OTM:0.58 [seq] | lr: 1.93e-04 | left: 126s
step 10500 ( 47.9%) | loss: 0.530483 | trade:0.39 call:0.73 put:0.27 | ATM:0.52 OTM:0.48 [rnd] | lr: 1.93e-04 | left: 125s
step 10550 ( 48.1%) | loss: 0.539759 | trade:0.00 call:0.84 put:0.17 | ATM:0.54 OTM:0.46 [seq] | lr: 1.92e-04 | left: 125s
step 10600 ( 48.3%) | loss: 0.715545 | trade:0.47 call:0.91 put:0.09 | ATM:0.48 OTM:0.52 [seq] | lr: 1.91e-04 | left: 124s
step 10650 ( 48.4%) | loss: 0.557629 | trade:0.97 call:0.02 put:0.98 | ATM:0.75 OTM:0.25 [seq] | lr: 1.91e-04 | left: 124s
step 10700 ( 48.6%) | loss: 0.515737 | trade:0.94 call:0.01 put:0.99 | ATM:0.63 OTM:0.37 [seq] | lr: 1.90e-04 | left: 123s
step 10750 ( 48.9%) | loss: 0.567532 | trade:0.34 call:0.77 put:0.23 | ATM:0.53 OTM:0.47 [rnd] | lr: 1.89e-04 | left: 123s
step 10800 ( 49.1%) | loss: 0.598575 | trade:0.37 call:0.77 put:0.23 | ATM:0.51 OTM:0.49 [rnd] | lr: 1.89e-04 | left: 122s
step 10850 ( 49.3%) | loss: 0.733060 | trade:0.37 call:0.75 put:0.25 | ATM:0.52 OTM:0.48 [rnd] | lr: 1.88e-04 | left: 122s
step 10900 ( 49.5%) | loss: 0.742254 | trade:0.92 call:0.99 put:0.01 | ATM:0.52 OTM:0.48 [seq] | lr: 1.87e-04 | left: 121s
step 10950 ( 49.8%) | loss: 0.767781 | trade:0.35 call:0.73 put:0.27 | ATM:0.52 OTM:0.48 [rnd] | lr: 1.87e-04 | left: 121s
step 11000 ( 50.0%) | loss: 0.728266 | trade:0.35 call:0.73 put:0.26 | ATM:0.52 OTM:0.48 [rnd] | lr: 1.86e-04 | left: 120s
step 11050 ( 50.2%) | loss: 0.541889 | trade:0.35 call:0.72 put:0.28 | ATM:0.52 OTM:0.48 [rnd] | lr: 1.85e-04 | left: 120s
step 11100 ( 50.4%) | loss: 0.766946 | trade:0.95 call:1.00 put:0.00 | ATM:0.39 OTM:0.61 [seq] | lr: 1.84e-04 | left: 119s
step 11150 ( 50.7%) | loss: 0.568085 | trade:0.80 call:0.02 put:0.98 | ATM:0.98 OTM:0.02 [seq] | lr: 1.84e-04 | left: 118s
step 11200 ( 51.0%) | loss: 0.707364 | trade:0.00 call:0.81 put:0.19 | ATM:0.76 OTM:0.24 [seq] | lr: 1.83e-04 | left: 118s
step 11250 ( 51.4%) | loss: 0.758845 | trade:0.62 call:0.40 put:0.61 | ATM:0.64 OTM:0.36 [seq] | lr: 1.81e-04 | left: 117s
step 11300 ( 51.9%) | loss: 0.875971 | trade:0.32 call:0.57 put:0.43 | ATM:0.58 OTM:0.42 [seq] | lr: 1.80e-04 | left: 116s
step 11350 ( 52.1%) | loss: 0.811237 | trade:0.96 call:1.00 put:0.00 | ATM:0.17 OTM:0.83 [seq] | lr: 1.79e-04 | left: 115s
step 11400 ( 52.4%) | loss: 0.681615 | trade:0.94 call:1.00 put:0.00 | ATM:0.19 OTM:0.81 [seq] | lr: 1.78e-04 | left: 114s
step 11450 ( 52.6%) | loss: 0.787343 | trade:0.93 call:0.99 put:0.01 | ATM:0.47 OTM:0.53 [seq] | lr: 1.77e-04 | left: 114s
step 11500 ( 52.8%) | loss: 0.570403 | trade:0.00 call:0.62 put:0.38 | ATM:0.31 OTM:0.69 [seq] | lr: 1.77e-04 | left: 113s
step 11550 ( 52.9%) | loss: 0.465792 | trade:0.36 call:0.74 put:0.26 | ATM:0.53 OTM:0.47 [rnd] | lr: 1.76e-04 | left: 113s
step 11600 ( 53.1%) | loss: 0.710223 | trade:0.92 call:1.00 put:0.00 | ATM:0.28 OTM:0.72 [seq] | lr: 1.76e-04 | left: 112s
step 11650 ( 53.3%) | loss: 0.691312 | trade:0.35 call:0.77 put:0.23 | ATM:0.52 OTM:0.48 [rnd] | lr: 1.75e-04 | left: 112s
step 11700 ( 53.6%) | loss: 0.653277 | trade:0.00 call:0.75 put:0.25 | ATM:0.48 OTM:0.52 [seq] | lr: 1.74e-04 | left: 111s
step 11750 ( 53.8%) | loss: 0.671811 | trade:0.35 call:0.73 put:0.27 | ATM:0.53 OTM:0.47 [rnd] | lr: 1.74e-04 | left: 111s
step 11800 ( 54.1%) | loss: 0.551908 | trade:0.93 call:0.96 put:0.04 | ATM:0.42 OTM:0.58 [seq] | lr: 1.73e-04 | left: 110s
step 11850 ( 54.3%) | loss: 0.414332 | trade:0.92 call:0.99 put:0.00 | ATM:0.31 OTM:0.69 [seq] | lr: 1.72e-04 | left: 110s
step 11900 ( 54.6%) | loss: 0.301719 | trade:0.00 call:0.81 put:0.19 | ATM:0.31 OTM:0.69 [seq] | lr: 1.71e-04 | left: 109s
step 11950 ( 54.8%) | loss: 0.822724 | trade:0.00 call:0.70 put:0.30 | ATM:0.67 OTM:0.33 [seq] | lr: 1.70e-04 | left: 109s
step 12000 ( 54.9%) | loss: 0.757417 | trade:0.80 call:0.95 put:0.05 | ATM:0.94 OTM:0.06 [seq] | lr: 1.70e-04 | left: 108s
step 12050 ( 55.1%) | loss: 0.381588 | trade:0.48 call:0.21 put:0.79 | ATM:0.72 OTM:0.28 [seq] | lr: 1.69e-04 | left: 108s
step 12100 ( 55.4%) | loss: 0.744938 | trade:0.45 call:0.56 put:0.44 | ATM:0.61 OTM:0.39 [seq] | lr: 1.69e-04 | left: 107s
step 12150 ( 55.5%) | loss: 0.455985 | trade:0.00 call:0.72 put:0.28 | ATM:0.44 OTM:0.56 [seq] | lr: 1.68e-04 | left: 107s
step 12200 ( 55.7%) | loss: 0.566333 | trade:0.00 call:0.98 put:0.02 | ATM:0.34 OTM:0.66 [seq] | lr: 1.67e-04 | left: 106s
step 12250 ( 55.9%) | loss: 0.687259 | trade:0.00 call:0.79 put:0.21 | ATM:0.51 OTM:0.49 [seq] | lr: 1.67e-04 | left: 106s
step 12300 ( 56.1%) | loss: 0.617797 | trade:0.00 call:0.46 put:0.54 | ATM:0.51 OTM:0.49 [seq] | lr: 1.66e-04 | left: 105s
step 12350 ( 56.2%) | loss: 0.394562 | trade:0.00 call:0.46 put:0.54 | ATM:0.55 OTM:0.45 [seq] | lr: 1.66e-04 | left: 105s
step 12400 ( 56.4%) | loss: 0.550777 | trade:0.00 call:0.81 put:0.18 | ATM:0.45 OTM:0.55 [seq] | lr: 1.65e-04 | left: 105s
step 12450 ( 56.6%) | loss: 0.432236 | trade:0.93 call:0.99 put:0.01 | ATM:0.32 OTM:0.68 [seq] | lr: 1.65e-04 | left: 104s
step 12500 ( 56.8%) | loss: 0.558878 | trade:0.00 call:0.61 put:0.39 | ATM:0.45 OTM:0.55 [seq] | lr: 1.64e-04 | left: 104s
step 12550 ( 57.0%) | loss: 0.474380 | trade:0.00 call:0.62 put:0.37 | ATM:0.46 OTM:0.54 [seq] | lr: 1.63e-04 | left: 103s
step 12600 ( 57.2%) | loss: 0.764258 | trade:0.97 call:0.01 put:1.00 | ATM:0.68 OTM:0.32 [seq] | lr: 1.63e-04 | left: 103s
step 12650 ( 57.4%) | loss: 0.577704 | trade:0.95 call:0.00 put:1.00 | ATM:0.58 OTM:0.42 [seq] | lr: 1.62e-04 | left: 102s
step 12700 ( 57.6%) | loss: 0.601473 | trade:0.00 call:0.43 put:0.57 | ATM:0.44 OTM:0.56 [seq] | lr: 1.61e-04 | left: 102s
step 12750 ( 57.8%) | loss: 0.603195 | trade:0.33 call:0.71 put:0.29 | ATM:0.55 OTM:0.45 [rnd] | lr: 1.61e-04 | left: 101s
step 12800 ( 58.1%) | loss: 0.602609 | trade:0.00 call:0.81 put:0.19 | ATM:0.40 OTM:0.60 [seq] | lr: 1.60e-04 | left: 101s
step 12850 ( 58.3%) | loss: 0.642332 | trade:0.35 call:0.74 put:0.26 | ATM:0.53 OTM:0.47 [rnd] | lr: 1.59e-04 | left: 100s
step 12900 ( 58.5%) | loss: 0.386664 | trade:0.00 call:0.47 put:0.54 | ATM:0.54 OTM:0.46 [seq] | lr: 1.58e-04 | left: 100s
step 12950 ( 58.8%) | loss: 0.623531 | trade:0.35 call:0.70 put:0.30 | ATM:0.55 OTM:0.45 [rnd] | lr: 1.57e-04 | left: 99s
step 13000 ( 59.0%) | loss: 1.081128 | trade:0.67 call:0.45 put:0.55 | ATM:0.70 OTM:0.30 [seq] | lr: 1.57e-04 | left: 98s
step 13050 ( 59.2%) | loss: 0.844933 | trade:0.46 call:0.34 put:0.66 | ATM:0.48 OTM:0.52 [seq] | lr: 1.56e-04 | left: 98s
step 13100 ( 59.4%) | loss: 0.809864 | trade:0.33 call:0.75 put:0.25 | ATM:0.52 OTM:0.48 [rnd] | lr: 1.55e-04 | left: 97s
step 13150 ( 59.6%) | loss: 0.935465 | trade:0.91 call:0.98 put:0.02 | ATM:0.46 OTM:0.54 [seq] | lr: 1.55e-04 | left: 97s
step 13200 ( 59.8%) | loss: 0.731879 | trade:0.91 call:0.93 put:0.08 | ATM:0.45 OTM:0.55 [seq] | lr: 1.54e-04 | left: 96s
step 13250 ( 60.0%) | loss: 0.511573 | trade:0.88 call:0.94 put:0.06 | ATM:0.91 OTM:0.09 [seq] | lr: 1.53e-04 | left: 96s
step 13300 ( 60.2%) | loss: 0.541631 | trade:0.93 call:0.01 put:0.99 | ATM:0.96 OTM:0.04 [seq] | lr: 1.53e-04 | left: 95s
step 13350 ( 60.4%) | loss: 0.558782 | trade:0.90 call:0.93 put:0.07 | ATM:0.88 OTM:0.12 [seq] | lr: 1.52e-04 | left: 95s
step 13400 ( 60.6%) | loss: 0.457546 | trade:0.92 call:0.98 put:0.02 | ATM:0.50 OTM:0.50 [seq] | lr: 1.52e-04 | left: 95s
step 13450 ( 60.8%) | loss: 0.651964 | trade:0.00 call:0.82 put:0.18 | ATM:0.65 OTM:0.35 [seq] | lr: 1.51e-04 | left: 94s
step 13500 ( 61.0%) | loss: 0.427896 | trade:0.00 call:0.98 put:0.02 | ATM:0.96 OTM:0.04 [seq] | lr: 1.50e-04 | left: 93s
step 13550 ( 61.3%) | loss: 0.512442 | trade:0.00 call:0.87 put:0.13 | ATM:0.67 OTM:0.33 [seq] | lr: 1.49e-04 | left: 93s
step 13600 ( 61.5%) | loss: 0.358892 | trade:0.01 call:0.97 put:0.03 | ATM:0.93 OTM:0.07 [seq] | lr: 1.49e-04 | left: 92s
step 13650 ( 61.7%) | loss: 0.483996 | trade:0.00 call:0.74 put:0.26 | ATM:0.42 OTM:0.58 [seq] | lr: 1.48e-04 | left: 92s
step 13700 ( 61.9%) | loss: 0.469207 | trade:0.00 call:0.78 put:0.22 | ATM:0.39 OTM:0.61 [seq] | lr: 1.47e-04 | left: 91s
step 13750 ( 62.1%) | loss: 0.552292 | trade:0.37 call:0.74 put:0.26 | ATM:0.52 OTM:0.48 [rnd] | lr: 1.47e-04 | left: 91s
step 13800 ( 62.5%) | loss: 0.614904 | trade:0.35 call:0.72 put:0.28 | ATM:0.51 OTM:0.49 [rnd] | lr: 1.45e-04 | left: 90s
step 13850 ( 63.0%) | loss: 0.363225 | trade:0.00 call:0.90 put:0.10 | ATM:0.30 OTM:0.70 [seq] | lr: 1.44e-04 | left: 89s
step 13900 ( 63.4%) | loss: 0.494963 | trade:0.00 call:0.92 put:0.08 | ATM:0.39 OTM:0.61 [seq] | lr: 1.43e-04 | left: 88s
step 13950 ( 63.8%) | loss: 0.624953 | trade:0.35 call:0.73 put:0.27 | ATM:0.51 OTM:0.49 [rnd] | lr: 1.41e-04 | left: 87s
step 14000 ( 64.2%) | loss: 0.686922 | trade:0.00 call:0.71 put:0.29 | ATM:0.36 OTM:0.64 [seq] | lr: 1.40e-04 | left: 86s
step 14050 ( 64.5%) | loss: 0.457655 | trade:0.00 call:0.80 put:0.19 | ATM:0.74 OTM:0.26 [seq] | lr: 1.39e-04 | left: 85s
step 14100 ( 64.8%) | loss: 0.425565 | trade:0.00 call:0.50 put:0.50 | ATM:0.51 OTM:0.49 [seq] | lr: 1.38e-04 | left: 85s
step 14150 ( 65.0%) | loss: 0.666459 | trade:0.35 call:0.74 put:0.26 | ATM:0.51 OTM:0.49 [rnd] | lr: 1.38e-04 | left: 84s
step 14200 ( 65.3%) | loss: 0.560317 | trade:0.00 call:0.13 put:0.87 | ATM:0.85 OTM:0.15 [seq] | lr: 1.36e-04 | left: 83s
step 14250 ( 65.6%) | loss: 0.494169 | trade:0.00 call:0.70 put:0.30 | ATM:0.55 OTM:0.45 [seq] | lr: 1.36e-04 | left: 83s
step 14300 ( 65.8%) | loss: 0.562160 | trade:0.38 call:0.73 put:0.27 | ATM:0.52 OTM:0.48 [rnd] | lr: 1.35e-04 | left: 82s
step 14350 ( 66.0%) | loss: 0.588976 | trade:0.00 call:0.71 put:0.29 | ATM:0.33 OTM:0.67 [seq] | lr: 1.34e-04 | left: 82s
step 14400 ( 66.2%) | loss: 0.688058 | trade:0.00 call:0.91 put:0.09 | ATM:0.88 OTM:0.12 [seq] | lr: 1.34e-04 | left: 81s
step 14450 ( 66.4%) | loss: 0.470931 | trade:0.44 call:0.08 put:0.93 | ATM:0.90 OTM:0.10 [seq] | lr: 1.33e-04 | left: 81s
step 14500 ( 66.6%) | loss: 0.392629 | trade:0.00 call:0.74 put:0.26 | ATM:0.63 OTM:0.37 [seq] | lr: 1.32e-04 | left: 80s
step 14550 ( 67.0%) | loss: 0.638328 | trade:0.93 call:0.99 put:0.01 | ATM:0.36 OTM:0.64 [seq] | lr: 1.31e-04 | left: 79s
step 14600 ( 67.4%) | loss: 0.559876 | trade:0.00 call:0.75 put:0.25 | ATM:0.31 OTM:0.69 [seq] | lr: 1.30e-04 | left: 78s
step 14650 ( 67.8%) | loss: 0.578092 | trade:0.00 call:0.71 put:0.29 | ATM:0.43 OTM:0.57 [seq] | lr: 1.28e-04 | left: 77s
step 14700 ( 68.3%) | loss: 0.430362 | trade:0.00 call:0.70 put:0.30 | ATM:0.33 OTM:0.67 [seq] | lr: 1.27e-04 | left: 76s
step 14750 ( 68.8%) | loss: 0.601697 | trade:0.00 call:0.71 put:0.29 | ATM:0.38 OTM:0.62 [seq] | lr: 1.25e-04 | left: 75s
step 14800 ( 69.1%) | loss: 0.536168 | trade:0.00 call:0.59 put:0.41 | ATM:0.46 OTM:0.54 [seq] | lr: 1.24e-04 | left: 74s
step 14850 ( 69.5%) | loss: 0.542398 | trade:0.38 call:0.74 put:0.26 | ATM:0.50 OTM:0.50 [rnd] | lr: 1.23e-04 | left: 73s
step 14900 ( 69.9%) | loss: 0.354983 | trade:0.00 call:0.82 put:0.18 | ATM:0.39 OTM:0.61 [seq] | lr: 1.22e-04 | left: 72s
step 14950 ( 70.3%) | loss: 0.449899 | trade:0.00 call:0.71 put:0.29 | ATM:0.39 OTM:0.61 [seq] | lr: 1.20e-04 | left: 71s
step 15000 ( 70.5%) | loss: 0.612091 | trade:0.47 call:0.49 put:0.51 | ATM:0.43 OTM:0.57 [seq] | lr: 1.20e-04 | left: 71s
step 15050 ( 70.7%) | loss: 0.463315 | trade:0.00 call:0.75 put:0.25 | ATM:0.40 OTM:0.60 [seq] | lr: 1.19e-04 | left: 70s
step 15100 ( 70.9%) | loss: 0.398303 | trade:0.00 call:0.84 put:0.15 | ATM:0.46 OTM:0.54 [seq] | lr: 1.18e-04 | left: 70s
step 15150 ( 71.1%) | loss: 0.510904 | trade:0.00 call:0.70 put:0.30 | ATM:0.39 OTM:0.61 [seq] | lr: 1.18e-04 | left: 69s
step 15200 ( 71.4%) | loss: 0.332206 | trade:0.95 call:0.93 put:0.07 | ATM:0.41 OTM:0.59 [seq] | lr: 1.17e-04 | left: 69s
step 15250 ( 71.7%) | loss: 0.620120 | trade:0.00 call:0.82 put:0.18 | ATM:0.41 OTM:0.59 [seq] | lr: 1.16e-04 | left: 68s
step 15300 ( 72.1%) | loss: 0.777764 | trade:0.35 call:0.76 put:0.24 | ATM:0.51 OTM:0.49 [rnd] | lr: 1.15e-04 | left: 67s
step 15350 ( 72.5%) | loss: 0.419452 | trade:0.00 call:0.96 put:0.04 | ATM:0.95 OTM:0.05 [seq] | lr: 1.13e-04 | left: 66s
step 15400 ( 72.9%) | loss: 0.467483 | trade:0.00 call:0.18 put:0.82 | ATM:0.81 OTM:0.19 [seq] | lr: 1.12e-04 | left: 65s
step 15450 ( 73.4%) | loss: 0.637419 | trade:0.00 call:0.75 put:0.25 | ATM:0.47 OTM:0.53 [seq] | lr: 1.11e-04 | left: 64s
step 15500 ( 73.7%) | loss: 0.639061 | trade:0.00 call:0.21 put:0.79 | ATM:0.35 OTM:0.65 [seq] | lr: 1.10e-04 | left: 63s
step 15550 ( 74.1%) | loss: 0.344198 | trade:0.00 call:0.96 put:0.04 | ATM:0.29 OTM:0.71 [seq] | lr: 1.08e-04 | left: 62s
step 15600 ( 74.5%) | loss: 0.494231 | trade:0.00 call:0.60 put:0.40 | ATM:0.51 OTM:0.49 [seq] | lr: 1.07e-04 | left: 61s
step 15650 ( 74.9%) | loss: 0.558575 | trade:0.00 call:0.88 put:0.12 | ATM:0.36 OTM:0.64 [seq] | lr: 1.06e-04 | left: 60s
step 15700 ( 75.2%) | loss: 0.590898 | trade:0.39 call:0.75 put:0.25 | ATM:0.53 OTM:0.47 [rnd] | lr: 1.05e-04 | left: 60s
step 15750 ( 75.5%) | loss: 0.640865 | trade:0.36 call:0.73 put:0.27 | ATM:0.51 OTM:0.49 [rnd] | lr: 1.04e-04 | left: 59s
step 15800 ( 75.7%) | loss: 0.555451 | trade:0.34 call:0.75 put:0.25 | ATM:0.50 OTM:0.50 [rnd] | lr: 1.03e-04 | left: 58s
step 15850 ( 76.0%) | loss: 0.462526 | trade:0.34 call:0.73 put:0.27 | ATM:0.52 OTM:0.48 [rnd] | lr: 1.02e-04 | left: 58s
step 15900 ( 76.2%) | loss: 0.736109 | trade:0.35 call:0.75 put:0.25 | ATM:0.49 OTM:0.51 [rnd] | lr: 1.01e-04 | left: 57s
step 15950 ( 76.6%) | loss: 0.541375 | trade:0.00 call:0.82 put:0.18 | ATM:0.66 OTM:0.34 [seq] | lr: 1.00e-04 | left: 56s
step 16000 ( 77.1%) | loss: 0.620270 | trade:0.00 call:0.70 put:0.30 | ATM:0.47 OTM:0.53 [seq] | lr: 9.87e-05 | left: 55s
step 16050 ( 77.5%) | loss: 0.522424 | trade:0.00 call:0.89 put:0.11 | ATM:0.63 OTM:0.37 [seq] | lr: 9.73e-05 | left: 54s
step 16100 ( 78.0%) | loss: 0.518706 | trade:0.00 call:0.93 put:0.07 | ATM:0.92 OTM:0.08 [seq] | lr: 9.59e-05 | left: 53s
step 16150 ( 78.3%) | loss: 0.419601 | trade:0.00 call:0.70 put:0.30 | ATM:0.54 OTM:0.46 [seq] | lr: 9.48e-05 | left: 52s
step 16200 ( 78.6%) | loss: 0.840901 | trade:0.36 call:0.73 put:0.27 | ATM:0.52 OTM:0.48 [rnd] | lr: 9.37e-05 | left: 51s
step 16250 ( 79.0%) | loss: 0.707632 | trade:0.36 call:0.74 put:0.26 | ATM:0.52 OTM:0.48 [rnd] | lr: 9.24e-05 | left: 50s
step 16300 ( 79.5%) | loss: 0.536823 | trade:0.36 call:0.76 put:0.25 | ATM:0.52 OTM:0.48 [rnd] | lr: 9.10e-05 | left: 49s
step 16350 ( 79.7%) | loss: 0.684448 | trade:0.34 call:0.71 put:0.29 | ATM:0.52 OTM:0.48 [rnd] | lr: 9.02e-05 | left: 49s
step 16400 ( 80.0%) | loss: 0.821528 | trade:0.00 call:0.84 put:0.16 | ATM:0.45 OTM:0.55 [seq] | lr: 8.94e-05 | left: 48s
step 16450 ( 80.3%) | loss: 0.551959 | trade:0.91 call:0.95 put:0.05 | ATM:0.94 OTM:0.06 [seq] | lr: 8.83e-05 | left: 47s
step 16500 ( 80.7%) | loss: 0.623039 | trade:0.00 call:0.86 put:0.13 | ATM:0.74 OTM:0.26 [seq] | lr: 8.72e-05 | left: 46s
step 16550 ( 80.9%) | loss: 0.710084 | trade:0.33 call:0.75 put:0.25 | ATM:0.52 OTM:0.48 [rnd] | lr: 8.64e-05 | left: 46s
step 16600 ( 81.3%) | loss: 0.710310 | trade:0.00 call:0.64 put:0.36 | ATM:0.38 OTM:0.62 [seq] | lr: 8.50e-05 | left: 45s
step 16650 ( 81.7%) | loss: 0.456396 | trade:0.00 call:0.56 put:0.44 | ATM:0.80 OTM:0.20 [seq] | lr: 8.37e-05 | left: 44s
step 16700 ( 82.2%) | loss: 0.796809 | trade:0.39 call:0.75 put:0.25 | ATM:0.51 OTM:0.49 [rnd] | lr: 8.22e-05 | left: 43s
step 16750 ( 82.6%) | loss: 0.565305 | trade:0.00 call:0.80 put:0.21 | ATM:0.52 OTM:0.48 [seq] | lr: 8.08e-05 | left: 42s
step 16800 ( 83.0%) | loss: 0.695666 | trade:0.36 call:0.74 put:0.26 | ATM:0.52 OTM:0.48 [rnd] | lr: 7.97e-05 | left: 41s
step 16850 ( 83.4%) | loss: 0.878377 | trade:0.35 call:0.75 put:0.25 | ATM:0.52 OTM:0.48 [rnd] | lr: 7.84e-05 | left: 40s
step 16900 ( 83.8%) | loss: 0.622484 | trade:0.91 call:0.99 put:0.01 | ATM:0.37 OTM:0.63 [seq] | lr: 7.71e-05 | left: 39s
step 16950 ( 84.2%) | loss: 0.663019 | trade:0.39 call:0.75 put:0.25 | ATM:0.52 OTM:0.48 [rnd] | lr: 7.58e-05 | left: 38s
step 17000 ( 84.4%) | loss: 0.535641 | trade:0.00 call:0.65 put:0.35 | ATM:0.43 OTM:0.57 [seq] | lr: 7.51e-05 | left: 37s
step 17050 ( 84.6%) | loss: 0.974240 | trade:0.36 call:0.74 put:0.26 | ATM:0.50 OTM:0.50 [rnd] | lr: 7.44e-05 | left: 37s
step 17100 ( 84.8%) | loss: 0.627575 | trade:0.36 call:0.77 put:0.24 | ATM:0.51 OTM:0.49 [rnd] | lr: 7.37e-05 | left: 36s
step 17150 ( 85.1%) | loss: 0.685295 | trade:0.00 call:0.42 put:0.58 | ATM:0.39 OTM:0.61 [seq] | lr: 7.29e-05 | left: 36s
step 17200 ( 85.3%) | loss: 0.549649 | trade:0.00 call:0.86 put:0.14 | ATM:0.38 OTM:0.62 [seq] | lr: 7.23e-05 | left: 35s
step 17250 ( 85.5%) | loss: 0.411109 | trade:0.00 call:0.68 put:0.32 | ATM:0.50 OTM:0.50 [seq] | lr: 7.17e-05 | left: 35s
step 17300 ( 85.8%) | loss: 0.510375 | trade:0.00 call:0.97 put:0.03 | ATM:0.50 OTM:0.50 [seq] | lr: 7.06e-05 | left: 34s
step 17350 ( 86.2%) | loss: 0.740163 | trade:0.37 call:0.74 put:0.26 | ATM:0.51 OTM:0.49 [rnd] | lr: 6.92e-05 | left: 33s
step 17400 ( 86.7%) | loss: 0.663391 | trade:0.37 call:0.75 put:0.25 | ATM:0.51 OTM:0.49 [rnd] | lr: 6.78e-05 | left: 32s
step 17450 ( 87.1%) | loss: 0.581938 | trade:0.89 call:0.05 put:0.95 | ATM:0.64 OTM:0.36 [seq] | lr: 6.64e-05 | left: 31s
step 17500 ( 87.5%) | loss: 0.613549 | trade:0.00 call:0.86 put:0.14 | ATM:0.80 OTM:0.20 [seq] | lr: 6.51e-05 | left: 30s
step 17550 ( 87.8%) | loss: 0.793037 | trade:0.35 call:0.75 put:0.25 | ATM:0.50 OTM:0.50 [rnd] | lr: 6.42e-05 | left: 29s
step 17600 ( 88.2%) | loss: 0.447298 | trade:0.91 call:0.97 put:0.03 | ATM:0.34 OTM:0.66 [seq] | lr: 6.31e-05 | left: 28s
step 17650 ( 88.6%) | loss: 0.557808 | trade:0.36 call:0.73 put:0.27 | ATM:0.52 OTM:0.48 [rnd] | lr: 6.17e-05 | left: 27s
step 17700 ( 88.9%) | loss: 0.466524 | trade:0.92 call:1.00 put:0.00 | ATM:0.28 OTM:0.72 [seq] | lr: 6.05e-05 | left: 27s
step 17750 ( 89.2%) | loss: 0.404082 | trade:0.35 call:0.73 put:0.27 | ATM:0.52 OTM:0.48 [rnd] | lr: 5.98e-05 | left: 26s
step 17800 ( 89.5%) | loss: 0.471482 | trade:0.93 call:0.98 put:0.02 | ATM:0.97 OTM:0.03 [seq] | lr: 5.89e-05 | left: 25s
step 17850 ( 89.7%) | loss: 0.512030 | trade:0.93 call:1.00 put:0.00 | ATM:0.24 OTM:0.76 [seq] | lr: 5.80e-05 | left: 25s
step 17900 ( 90.0%) | loss: 0.484667 | trade:0.96 call:1.00 put:0.00 | ATM:0.21 OTM:0.79 [seq] | lr: 5.73e-05 | left: 24s
step 17950 ( 90.2%) | loss: 0.499798 | trade:0.96 call:1.00 put:0.00 | ATM:0.21 OTM:0.79 [seq] | lr: 5.66e-05 | left: 24s
step 18000 ( 90.6%) | loss: 0.709808 | trade:0.94 call:1.00 put:0.01 | ATM:0.22 OTM:0.78 [seq] | lr: 5.53e-05 | left: 23s
step 18050 ( 91.0%) | loss: 0.516991 | trade:0.38 call:0.76 put:0.24 | ATM:0.51 OTM:0.49 [rnd] | lr: 5.39e-05 | left: 22s
step 18100 ( 91.4%) | loss: 0.566391 | trade:0.37 call:0.75 put:0.25 | ATM:0.52 OTM:0.48 [rnd] | lr: 5.26e-05 | left: 21s
step 18150 ( 91.9%) | loss: 0.645449 | trade:0.87 call:0.95 put:0.05 | ATM:0.94 OTM:0.06 [seq] | lr: 5.11e-05 | left: 19s
step 18200 ( 92.2%) | loss: 0.790509 | trade:0.36 call:0.75 put:0.25 | ATM:0.50 OTM:0.50 [rnd] | lr: 5.00e-05 | left: 19s
step 18250 ( 92.5%) | loss: 0.358755 | trade:0.00 call:0.70 put:0.30 | ATM:0.43 OTM:0.57 [seq] | lr: 4.90e-05 | left: 18s
step 18300 ( 93.0%) | loss: 0.624245 | trade:0.32 call:0.73 put:0.27 | ATM:0.52 OTM:0.48 [rnd] | lr: 4.76e-05 | left: 17s
step 18350 ( 93.4%) | loss: 0.806898 | trade:0.93 call:1.00 put:0.00 | ATM:0.22 OTM:0.78 [seq] | lr: 4.61e-05 | left: 16s
step 18400 ( 93.7%) | loss: 0.368495 | trade:0.93 call:1.00 put:0.00 | ATM:0.24 OTM:0.76 [seq] | lr: 4.54e-05 | left: 15s
step 18450 ( 93.9%) | loss: 0.628091 | trade:0.94 call:0.99 put:0.01 | ATM:0.28 OTM:0.72 [seq] | lr: 4.46e-05 | left: 15s
step 18500 ( 94.1%) | loss: 0.427010 | trade:0.00 call:0.95 put:0.05 | ATM:0.59 OTM:0.41 [seq] | lr: 4.39e-05 | left: 14s
step 18550 ( 94.3%) | loss: 0.511659 | trade:0.00 call:0.78 put:0.22 | ATM:0.58 OTM:0.42 [seq] | lr: 4.32e-05 | left: 14s
step 18600 ( 94.5%) | loss: 0.813436 | trade:0.00 call:0.61 put:0.39 | ATM:0.44 OTM:0.56 [seq] | lr: 4.26e-05 | left: 13s
step 18650 ( 94.7%) | loss: 0.406280 | trade:0.34 call:0.74 put:0.26 | ATM:0.50 OTM:0.50 [rnd] | lr: 4.20e-05 | left: 13s
step 18700 ( 95.1%) | loss: 0.735814 | trade:0.00 call:0.79 put:0.21 | ATM:0.59 OTM:0.41 [seq] | lr: 4.07e-05 | left: 12s
step 18750 ( 95.5%) | loss: 0.494697 | trade:0.00 call:0.62 put:0.38 | ATM:0.35 OTM:0.65 [seq] | lr: 3.94e-05 | left: 11s
step 18800 ( 96.0%) | loss: 0.601891 | trade:0.00 call:0.69 put:0.31 | ATM:0.36 OTM:0.64 [seq] | lr: 3.80e-05 | left: 10s
step 18850 ( 96.4%) | loss: 0.616358 | trade:0.34 call:0.76 put:0.24 | ATM:0.50 OTM:0.50 [rnd] | lr: 3.66e-05 | left: 9s
step 18900 ( 96.8%) | loss: 0.871682 | trade:0.36 call:0.75 put:0.25 | ATM:0.51 OTM:0.49 [rnd] | lr: 3.53e-05 | left: 8s
step 18950 ( 97.1%) | loss: 0.600215 | trade:0.00 call:0.73 put:0.27 | ATM:0.53 OTM:0.47 [seq] | lr: 3.42e-05 | left: 7s
step 19000 ( 97.6%) | loss: 1.145579 | trade:0.95 call:0.99 put:0.01 | ATM:0.32 OTM:0.68 [seq] | lr: 3.27e-05 | left: 6s
step 19050 ( 98.0%) | loss: 0.566512 | trade:0.96 call:1.00 put:0.00 | ATM:0.17 OTM:0.83 [seq] | lr: 3.13e-05 | left: 5s
step 19100 ( 98.2%) | loss: 0.524371 | trade:0.95 call:1.00 put:0.00 | ATM:0.19 OTM:0.81 [seq] | lr: 3.06e-05 | left: 4s
step 19150 ( 98.5%) | loss: 0.525199 | trade:0.00 call:0.80 put:0.20 | ATM:0.40 OTM:0.60 [seq] | lr: 2.99e-05 | left: 4s
step 19200 ( 98.7%) | loss: 0.534996 | trade:0.34 call:0.76 put:0.24 | ATM:0.51 OTM:0.49 [rnd] | lr: 2.91e-05 | left: 3s
step 19250 ( 99.0%) | loss: 0.584574 | trade:0.00 call:0.86 put:0.14 | ATM:0.54 OTM:0.46 [seq] | lr: 2.82e-05 | left: 2s
step 19300 ( 99.4%) | loss: 0.596267 | trade:0.00 call:0.31 put:0.69 | ATM:0.71 OTM:0.29 [seq] | lr: 2.71e-05 | left: 2s
step 19350 ( 99.8%) | loss: 0.709703 | trade:0.37 call:0.75 put:0.25 | ATM:0.51 OTM:0.49 [rnd] | lr: 2.57e-05 | left: 1s

Training done at 245s. Starting evaluation...
Evaluation done in 1s (total wall: 246s)
Model saved to /root/best_model.pt
Trade log: 8 trades -> /root/trade_log.csv

=== TRADE DIAGNOSTICS ===

Worst 5 trades:
  2025-09-17 2025-09-17 14:00 CALL_ATM 6600.0 PnL=-3862.92% hold=3bars exit=model_exit
  2025-09-17 2025-09-17 13:10 CALL_ATM 6600.0 PnL=-393.59% hold=2bars exit=model_exit
  2025-09-17 2025-09-17 13:45 CALL_ATM 6600.0 PnL=-331.77% hold=1bars exit=model_exit
  2025-09-17 2025-09-17 13:49 CALL_ATM 6600.0 PnL=-241.47% hold=1bars exit=model_exit
  2025-09-17 2025-09-17 13:13 CALL_ATM 6600.0 PnL=-63.39% hold=2bars exit=model_exit
Best 5 trades:
  2025-09-17 2025-09-17 13:49 CALL_ATM 6600.0 PnL=-241.47% hold=1bars exit=model_exit
  2025-09-17 2025-09-17 13:13 CALL_ATM 6600.0 PnL=-63.39% hold=2bars exit=model_exit
  2025-09-17 2025-09-17 13:41 CALL_ATM 6600.0 PnL=-29.34% hold=1bars exit=model_exit
  2025-09-17 2025-09-17 13:00 CALL_ATM 6600.0 PnL=+122.11% hold=9bars exit=model_exit
  2025-09-17 2025-09-17 13:17 CALL_ATM 6600.0 PnL=+355.92% hold=15bars exit=model_exit

Time-of-day breakdown:
  Lunch(11:30-13:30): 8 trades, WR=25.0%, avg=-555.56%

Direction breakdown:
  CALL: 8 trades, WR=25.0%, avg=-555.56%

Exit reasons:
  model_exit: 8 (100.0%)

Stop-loss alignment: MULTI-LEVEL (tight/med/wide selected by IV+VIX)
=== END DIAGNOSTICS ===

---
score:              -0.510279
profit_factor:      0.097111
win_rate:           0.250000
avg_winner:         0.023901
avg_loser:          -0.082041
trades_per_day:     1.600000
max_consec_loss:    4
num_trades:         8
trade_sharpe:       -8.210298
sortino:            -7.449615
max_drawdown:       -0.456655
calmar:             -0.973261
ev_per_trade:       -0.055556
do_nothing_pct:     0.773077
exit_pct:           0.030769
model_exit_count:   8
cooldown_blocked:   0
pre_10am_blocked:   25
short_hold_pct:     0.000000
stop_loss_rate:     0.000000
direction_collapse_pct: 1.000000
avg_entry_cost_bps: 462.878700
avg_entry_quality:  0.706100
cost_realism_coverage: 1.000000
high_cost_entry_rate: 0.125000
low_quality_entry_rate: 0.000000
actionable_bar_rate: 0.969200
risk_off_bar_rate:  0.000000
final_capital:      8817.74
equity_sharpe:      -8.009100
max_equity_dd:      -0.120400
total_dollar_return:-0.118200
val_sharpe:         18.096714
total_return:       -0.444445
num_val_bars:       260
num_val_days:       5
worst_chunk_pf:     1.00
rr_ratio:           0.2913
avg_hold_bars:      4.25
model_exit_rate:    1.0000
hit_ruin:           False
min_equity_frac:    0.8818
avg_risk_fraction:  0.2188
max_risk_fraction:  0.2765
trades_blocked_by_balance: 0
training_seconds:   240.0
total_seconds:      247.9
peak_vram_mb:       769.2
num_steps:          19375
num_params:         145,064
lookback:           120
depth:              3
d_model:            64
effective_lr:       0.00025
gate_label_smoothing:0.050000
dir_label_smoothing:0.050000
false_entry_penalty:1.500000
/opt/conda/lib/python3.11/site-packages/torch/nn/modules/transformer.py:379: UserWarning: enable_nested_tensor is True, but self.use_nested_tensor is False because encoder_layer.norm_first was True
  warnings.warn(
