Mixed precision: bf16 enabled (Ampere+ GPU detected)
Loading data from: /root/.cache/autoresearch-trading/features/data.pt
Loaded 384870 1-min bars, 32 features, 8 actions
  ~986 trading days
Training:   up to idx 269189
Validation: idx 269190-384869
  Option P&L coverage: 297877/384870 (77%)
Parameters: 145,064
Architecture: v4 simplified two-head (gate+dir), ATM-biased, no ETV
Training from scratch (v4: no warm-start).
Day-sequential batching: 70% sequential, 30% random (batch=16)

Budget: 240s | Batch: 512 | Lookback: 120
LR: 0.00025 | Depth: 3 | d_model: 64 | ff_mult: 3
Dropout: 0.15 | Weight decay: 0.08
Label smoothing: gate=0.05 dir=0.05
Loss weights: gate=0.3, dir=2.0, pnl=0.3
Exit override strength: 0.15 (gate targets flipped on exit bars)
Position state: flat for random batches, tracked for day-sequential

step 00000 (  0.0%) | loss: 0.000000 | trade:0.58 call:0.47 put:0.53 | ATM:0.43 OTM:0.57 [seq] | lr: 0.00e+00 | left: 240s
step 00050 (  0.3%) | loss: 1.146670 | trade:0.56 call:0.55 put:0.45 | ATM:0.42 OTM:0.58 [seq] | lr: 4.36e-06 | left: 239s
step 00100 (  0.7%) | loss: 1.362469 | trade:0.66 call:0.47 put:0.53 | ATM:0.44 OTM:0.56 [seq] | lr: 1.21e-05 | left: 238s
step 00150 (  1.2%) | loss: 1.254773 | trade:0.61 call:0.51 put:0.49 | ATM:0.48 OTM:0.52 [seq] | lr: 1.94e-05 | left: 237s
step 00200 (  1.6%) | loss: 0.991215 | trade:0.65 call:0.49 put:0.51 | ATM:0.47 OTM:0.53 [seq] | lr: 2.66e-05 | left: 236s
step 00250 (  2.0%) | loss: 0.739229 | trade:0.55 call:0.56 put:0.44 | ATM:0.47 OTM:0.53 [seq] | lr: 3.39e-05 | left: 235s
step 00300 (  2.5%) | loss: 1.167425 | trade:0.54 call:0.70 put:0.30 | ATM:0.48 OTM:0.52 [seq] | lr: 4.09e-05 | left: 234s
step 00350 (  2.9%) | loss: 1.194461 | trade:0.48 call:0.69 put:0.31 | ATM:0.48 OTM:0.52 [rnd] | lr: 4.81e-05 | left: 233s
step 00400 (  3.3%) | loss: 1.038594 | trade:0.54 call:0.70 put:0.29 | ATM:0.46 OTM:0.54 [seq] | lr: 5.58e-05 | left: 232s
step 00450 (  3.8%) | loss: 1.173701 | trade:0.18 call:0.70 put:0.29 | ATM:0.48 OTM:0.52 [seq] | lr: 6.33e-05 | left: 231s
step 00500 (  4.2%) | loss: 0.823665 | trade:0.33 call:0.84 put:0.16 | ATM:0.56 OTM:0.44 [seq] | lr: 7.05e-05 | left: 230s
step 00550 (  4.7%) | loss: 1.041138 | trade:0.27 call:0.80 put:0.20 | ATM:0.49 OTM:0.51 [seq] | lr: 7.79e-05 | left: 229s
step 00600 (  5.1%) | loss: 0.770115 | trade:0.30 call:0.91 put:0.09 | ATM:0.58 OTM:0.42 [seq] | lr: 8.53e-05 | left: 228s
step 00650 (  5.6%) | loss: 1.019908 | trade:0.15 call:0.91 put:0.09 | ATM:0.59 OTM:0.41 [seq] | lr: 9.26e-05 | left: 227s
step 00700 (  6.0%) | loss: 1.128820 | trade:0.14 call:0.47 put:0.53 | ATM:0.51 OTM:0.49 [seq] | lr: 1.00e-04 | left: 226s
step 00750 (  6.5%) | loss: 1.181529 | trade:0.23 call:0.47 put:0.53 | ATM:0.52 OTM:0.48 [seq] | lr: 1.08e-04 | left: 224s
step 00800 (  6.9%) | loss: 0.855975 | trade:0.77 call:0.24 put:0.77 | ATM:0.59 OTM:0.41 [seq] | lr: 1.15e-04 | left: 223s
step 00850 (  7.3%) | loss: 0.389184 | trade:0.79 call:0.23 put:0.77 | ATM:0.50 OTM:0.50 [seq] | lr: 1.22e-04 | left: 222s
step 00900 (  7.7%) | loss: 0.694814 | trade:0.71 call:0.96 put:0.04 | ATM:0.69 OTM:0.31 [seq] | lr: 1.29e-04 | left: 221s
step 00950 (  8.2%) | loss: 0.472658 | trade:0.89 call:0.91 put:0.09 | ATM:0.30 OTM:0.70 [seq] | lr: 1.36e-04 | left: 220s
step 01000 (  8.6%) | loss: 0.708420 | trade:0.31 call:0.68 put:0.32 | ATM:0.59 OTM:0.41 [rnd] | lr: 1.43e-04 | left: 219s
step 01050 (  9.0%) | loss: 0.527655 | trade:0.06 call:0.72 put:0.28 | ATM:0.72 OTM:0.28 [seq] | lr: 1.50e-04 | left: 218s
step 01100 (  9.5%) | loss: 0.528280 | trade:0.70 call:0.86 put:0.14 | ATM:0.75 OTM:0.25 [seq] | lr: 1.58e-04 | left: 217s
step 01150 (  9.9%) | loss: 0.566380 | trade:0.82 call:0.98 put:0.02 | ATM:0.64 OTM:0.36 [seq] | lr: 1.65e-04 | left: 216s
step 01200 ( 10.3%) | loss: 0.903929 | trade:0.34 call:0.68 put:0.32 | ATM:0.60 OTM:0.40 [rnd] | lr: 1.72e-04 | left: 215s
step 01250 ( 10.8%) | loss: 0.875243 | trade:0.35 call:0.68 put:0.33 | ATM:0.62 OTM:0.38 [rnd] | lr: 1.79e-04 | left: 214s
step 01300 ( 11.2%) | loss: 0.420024 | trade:0.89 call:0.97 put:0.03 | ATM:0.85 OTM:0.15 [seq] | lr: 1.86e-04 | left: 213s
step 01350 ( 11.6%) | loss: 0.585240 | trade:0.37 call:0.70 put:0.31 | ATM:0.61 OTM:0.39 [rnd] | lr: 1.93e-04 | left: 212s
step 01400 ( 12.0%) | loss: 0.673816 | trade:0.39 call:0.73 put:0.27 | ATM:0.60 OTM:0.40 [rnd] | lr: 2.00e-04 | left: 211s
step 01450 ( 12.4%) | loss: 0.917201 | trade:0.38 call:0.70 put:0.30 | ATM:0.63 OTM:0.37 [rnd] | lr: 2.07e-04 | left: 210s
step 01500 ( 12.9%) | loss: 0.608960 | trade:0.00 call:0.66 put:0.34 | ATM:0.54 OTM:0.46 [seq] | lr: 2.15e-04 | left: 209s
step 01550 ( 13.3%) | loss: 0.302576 | trade:0.01 call:0.47 put:0.53 | ATM:0.78 OTM:0.22 [seq] | lr: 2.21e-04 | left: 208s
step 01600 ( 13.7%) | loss: 0.885924 | trade:0.36 call:0.73 put:0.27 | ATM:0.59 OTM:0.41 [rnd] | lr: 2.29e-04 | left: 207s
step 01650 ( 14.2%) | loss: 0.633822 | trade:0.97 call:0.01 put:0.99 | ATM:0.82 OTM:0.18 [seq] | lr: 2.36e-04 | left: 206s
step 01700 ( 14.6%) | loss: 0.602352 | trade:0.00 call:0.89 put:0.11 | ATM:0.60 OTM:0.40 [seq] | lr: 2.43e-04 | left: 205s
step 01750 ( 15.0%) | loss: 0.295864 | trade:0.57 call:0.92 put:0.08 | ATM:0.87 OTM:0.13 [seq] | lr: 2.50e-04 | left: 204s
step 01800 ( 15.4%) | loss: 0.599981 | trade:0.00 call:0.82 put:0.18 | ATM:0.74 OTM:0.26 [seq] | lr: 2.50e-04 | left: 203s
step 01850 ( 15.9%) | loss: 0.721670 | trade:0.00 call:0.74 put:0.26 | ATM:0.61 OTM:0.39 [seq] | lr: 2.50e-04 | left: 202s
step 01900 ( 16.3%) | loss: 0.586555 | trade:0.00 call:0.96 put:0.04 | ATM:0.76 OTM:0.24 [seq] | lr: 2.50e-04 | left: 201s
step 01950 ( 16.7%) | loss: 0.327922 | trade:0.00 call:0.66 put:0.34 | ATM:0.55 OTM:0.45 [seq] | lr: 2.50e-04 | left: 200s
step 02000 ( 17.2%) | loss: 0.616509 | trade:0.31 call:0.80 put:0.20 | ATM:0.58 OTM:0.42 [seq] | lr: 2.50e-04 | left: 199s
step 02050 ( 17.6%) | loss: 1.131339 | trade:0.36 call:0.73 put:0.27 | ATM:0.57 OTM:0.43 [rnd] | lr: 2.50e-04 | left: 198s
step 02100 ( 18.1%) | loss: 0.839290 | trade:0.33 call:0.74 put:0.26 | ATM:0.57 OTM:0.43 [rnd] | lr: 2.50e-04 | left: 197s
step 02150 ( 18.5%) | loss: 0.698205 | trade:0.37 call:0.74 put:0.26 | ATM:0.56 OTM:0.44 [rnd] | lr: 2.50e-04 | left: 196s
step 02200 ( 18.9%) | loss: 0.564139 | trade:0.36 call:0.77 put:0.23 | ATM:0.55 OTM:0.45 [rnd] | lr: 2.50e-04 | left: 195s
step 02250 ( 19.3%) | loss: 0.451843 | trade:0.00 call:0.99 put:0.01 | ATM:0.86 OTM:0.14 [seq] | lr: 2.50e-04 | left: 194s
step 02300 ( 19.8%) | loss: 0.785391 | trade:0.38 call:0.74 put:0.26 | ATM:0.57 OTM:0.43 [rnd] | lr: 2.50e-04 | left: 193s
step 02350 ( 20.2%) | loss: 0.615689 | trade:0.91 call:0.01 put:0.99 | ATM:0.97 OTM:0.03 [seq] | lr: 2.50e-04 | left: 191s
step 02400 ( 20.6%) | loss: 0.718018 | trade:0.01 call:0.30 put:0.70 | ATM:0.73 OTM:0.27 [seq] | lr: 2.50e-04 | left: 190s
step 02450 ( 21.1%) | loss: 0.740225 | trade:0.36 call:0.72 put:0.28 | ATM:0.56 OTM:0.44 [rnd] | lr: 2.50e-04 | left: 189s
step 02500 ( 21.5%) | loss: 0.562612 | trade:0.00 call:0.88 put:0.12 | ATM:0.79 OTM:0.21 [seq] | lr: 2.50e-04 | left: 188s
step 02550 ( 21.9%) | loss: 0.397423 | trade:0.00 call:0.70 put:0.30 | ATM:0.58 OTM:0.42 [seq] | lr: 2.50e-04 | left: 187s
step 02600 ( 22.4%) | loss: 0.395487 | trade:0.08 call:0.01 put:0.98 | ATM:0.92 OTM:0.08 [seq] | lr: 2.50e-04 | left: 186s
step 02650 ( 22.8%) | loss: 0.388338 | trade:0.96 call:0.03 put:0.97 | ATM:0.66 OTM:0.34 [seq] | lr: 2.50e-04 | left: 185s
step 02700 ( 23.2%) | loss: 0.441341 | trade:0.36 call:0.76 put:0.24 | ATM:0.56 OTM:0.44 [rnd] | lr: 2.50e-04 | left: 184s
step 02750 ( 23.6%) | loss: 0.637407 | trade:0.93 call:0.99 put:0.01 | ATM:0.30 OTM:0.70 [seq] | lr: 2.50e-04 | left: 183s
step 02800 ( 24.1%) | loss: 0.970677 | trade:0.90 call:0.51 put:0.49 | ATM:0.91 OTM:0.09 [seq] | lr: 2.50e-04 | left: 182s
step 02850 ( 24.5%) | loss: 0.573292 | trade:0.00 call:0.40 put:0.59 | ATM:0.47 OTM:0.53 [seq] | lr: 2.50e-04 | left: 181s
step 02900 ( 25.0%) | loss: 0.482156 | trade:0.00 call:0.93 put:0.07 | ATM:0.33 OTM:0.67 [seq] | lr: 2.50e-04 | left: 180s
step 02950 ( 25.4%) | loss: 0.669511 | trade:0.37 call:0.75 put:0.25 | ATM:0.56 OTM:0.44 [rnd] | lr: 2.50e-04 | left: 179s
step 03000 ( 25.9%) | loss: 0.589105 | trade:0.00 call:0.62 put:0.38 | ATM:0.46 OTM:0.54 [seq] | lr: 2.50e-04 | left: 178s
step 03050 ( 26.3%) | loss: 0.543033 | trade:0.00 call:0.76 put:0.24 | ATM:0.32 OTM:0.68 [seq] | lr: 2.50e-04 | left: 177s
step 03100 ( 26.8%) | loss: 0.722202 | trade:0.45 call:0.68 put:0.32 | ATM:0.49 OTM:0.51 [seq] | lr: 2.50e-04 | left: 176s
step 03150 ( 27.2%) | loss: 0.595786 | trade:0.36 call:0.75 put:0.25 | ATM:0.54 OTM:0.46 [rnd] | lr: 2.50e-04 | left: 175s
step 03200 ( 27.7%) | loss: 0.551193 | trade:0.98 call:0.98 put:0.02 | ATM:0.29 OTM:0.71 [seq] | lr: 2.50e-04 | left: 174s
step 03250 ( 28.1%) | loss: 0.695728 | trade:0.68 call:0.06 put:0.94 | ATM:0.94 OTM:0.06 [seq] | lr: 2.50e-04 | left: 173s
step 03300 ( 28.5%) | loss: 0.732860 | trade:0.38 call:0.73 put:0.27 | ATM:0.55 OTM:0.45 [rnd] | lr: 2.50e-04 | left: 172s
step 03350 ( 29.0%) | loss: 0.504740 | trade:0.36 call:0.71 put:0.29 | ATM:0.58 OTM:0.42 [rnd] | lr: 2.50e-04 | left: 170s
step 03400 ( 29.4%) | loss: 0.523325 | trade:0.38 call:0.73 put:0.28 | ATM:0.56 OTM:0.44 [rnd] | lr: 2.50e-04 | left: 169s
step 03450 ( 29.8%) | loss: 0.504638 | trade:0.37 call:0.74 put:0.26 | ATM:0.57 OTM:0.43 [rnd] | lr: 2.50e-04 | left: 168s
step 03500 ( 30.2%) | loss: 0.393064 | trade:0.00 call:0.04 put:0.96 | ATM:0.95 OTM:0.05 [seq] | lr: 2.50e-04 | left: 167s
step 03550 ( 30.7%) | loss: 0.681596 | trade:0.00 call:0.07 put:0.93 | ATM:0.82 OTM:0.18 [seq] | lr: 2.50e-04 | left: 166s
step 03600 ( 31.1%) | loss: 1.051356 | trade:0.34 call:0.73 put:0.27 | ATM:0.56 OTM:0.44 [rnd] | lr: 2.50e-04 | left: 165s
step 03650 ( 31.6%) | loss: 0.745818 | trade:0.36 call:0.76 put:0.24 | ATM:0.54 OTM:0.46 [rnd] | lr: 2.50e-04 | left: 164s
step 03700 ( 32.0%) | loss: 0.641997 | trade:0.37 call:0.75 put:0.25 | ATM:0.56 OTM:0.44 [rnd] | lr: 2.50e-04 | left: 163s
step 03750 ( 32.4%) | loss: 0.559649 | trade:0.00 call:0.96 put:0.04 | ATM:0.30 OTM:0.70 [seq] | lr: 2.50e-04 | left: 162s
step 03800 ( 32.8%) | loss: 0.614416 | trade:0.35 call:0.76 put:0.24 | ATM:0.55 OTM:0.45 [rnd] | lr: 2.50e-04 | left: 161s
step 03850 ( 33.3%) | loss: 0.398254 | trade:0.00 call:0.94 put:0.06 | ATM:0.78 OTM:0.22 [seq] | lr: 2.50e-04 | left: 160s
step 03900 ( 33.7%) | loss: 0.481307 | trade:0.96 call:0.01 put:0.99 | ATM:0.18 OTM:0.82 [seq] | lr: 2.50e-04 | left: 159s
step 03950 ( 34.1%) | loss: 0.865892 | trade:0.38 call:0.75 put:0.25 | ATM:0.55 OTM:0.45 [rnd] | lr: 2.50e-04 | left: 158s
step 04000 ( 34.6%) | loss: 0.710238 | trade:0.38 call:0.75 put:0.25 | ATM:0.55 OTM:0.45 [rnd] | lr: 2.50e-04 | left: 157s
step 04050 ( 35.0%) | loss: 0.520199 | trade:0.26 call:0.82 put:0.18 | ATM:0.77 OTM:0.23 [seq] | lr: 2.50e-04 | left: 156s
step 04100 ( 35.5%) | loss: 0.515021 | trade:0.39 call:0.74 put:0.26 | ATM:0.54 OTM:0.46 [rnd] | lr: 2.50e-04 | left: 155s
step 04150 ( 35.9%) | loss: 0.454141 | trade:0.00 call:0.86 put:0.14 | ATM:0.51 OTM:0.49 [seq] | lr: 2.50e-04 | left: 154s
step 04200 ( 36.3%) | loss: 1.020739 | trade:0.35 call:0.75 put:0.25 | ATM:0.55 OTM:0.45 [rnd] | lr: 2.50e-04 | left: 153s
step 04250 ( 36.8%) | loss: 0.594925 | trade:0.39 call:0.78 put:0.22 | ATM:0.56 OTM:0.44 [rnd] | lr: 2.50e-04 | left: 152s
step 04300 ( 37.2%) | loss: 0.490173 | trade:0.91 call:0.99 put:0.01 | ATM:0.32 OTM:0.68 [seq] | lr: 2.50e-04 | left: 151s
step 04350 ( 37.6%) | loss: 0.402641 | trade:0.01 call:0.80 put:0.20 | ATM:0.34 OTM:0.66 [seq] | lr: 2.50e-04 | left: 150s
step 04400 ( 38.0%) | loss: 0.367451 | trade:0.00 call:0.67 put:0.33 | ATM:0.50 OTM:0.50 [seq] | lr: 2.50e-04 | left: 149s
step 04450 ( 38.4%) | loss: 0.467363 | trade:0.00 call:0.61 put:0.39 | ATM:0.39 OTM:0.61 [seq] | lr: 2.50e-04 | left: 148s
step 04500 ( 38.9%) | loss: 0.706826 | trade:0.36 call:0.73 put:0.27 | ATM:0.55 OTM:0.45 [rnd] | lr: 2.50e-04 | left: 147s
step 04550 ( 39.3%) | loss: 0.753488 | trade:0.35 call:0.72 put:0.28 | ATM:0.54 OTM:0.46 [rnd] | lr: 2.50e-04 | left: 146s
step 04600 ( 39.7%) | loss: 0.697911 | trade:0.87 call:0.01 put:0.99 | ATM:0.71 OTM:0.29 [seq] | lr: 2.50e-04 | left: 145s
step 04650 ( 40.2%) | loss: 0.634197 | trade:0.36 call:0.73 put:0.26 | ATM:0.55 OTM:0.45 [rnd] | lr: 2.50e-04 | left: 144s
step 04700 ( 40.6%) | loss: 0.720438 | trade:0.00 call:0.97 put:0.03 | ATM:0.86 OTM:0.14 [seq] | lr: 2.50e-04 | left: 142s
step 04750 ( 41.1%) | loss: 0.817507 | trade:0.38 call:0.71 put:0.29 | ATM:0.55 OTM:0.45 [rnd] | lr: 2.50e-04 | left: 141s
step 04800 ( 41.5%) | loss: 0.528977 | trade:0.93 call:0.95 put:0.05 | ATM:0.31 OTM:0.69 [seq] | lr: 2.50e-04 | left: 140s
step 04850 ( 42.0%) | loss: 0.716850 | trade:0.46 call:0.89 put:0.11 | ATM:0.39 OTM:0.61 [seq] | lr: 2.50e-04 | left: 139s
step 04900 ( 42.4%) | loss: 0.571895 | trade:0.44 call:0.84 put:0.16 | ATM:0.64 OTM:0.36 [seq] | lr: 2.50e-04 | left: 138s
step 04950 ( 42.8%) | loss: 0.347723 | trade:0.23 call:0.95 put:0.04 | ATM:0.93 OTM:0.07 [seq] | lr: 2.50e-04 | left: 137s
step 05000 ( 43.3%) | loss: 0.548152 | trade:0.86 call:0.78 put:0.22 | ATM:0.58 OTM:0.42 [seq] | lr: 2.50e-04 | left: 136s
step 05050 ( 43.7%) | loss: 0.591218 | trade:0.81 call:0.98 put:0.01 | ATM:0.97 OTM:0.03 [seq] | lr: 2.50e-04 | left: 135s
step 05100 ( 44.1%) | loss: 0.375429 | trade:0.00 call:0.78 put:0.22 | ATM:0.68 OTM:0.32 [seq] | lr: 2.50e-04 | left: 134s
step 05150 ( 44.6%) | loss: 0.587320 | trade:0.86 call:0.83 put:0.17 | ATM:0.59 OTM:0.41 [seq] | lr: 2.50e-04 | left: 133s
step 05200 ( 45.0%) | loss: 0.537990 | trade:0.00 call:0.81 put:0.19 | ATM:0.45 OTM:0.55 [seq] | lr: 2.50e-04 | left: 132s
step 05250 ( 45.4%) | loss: 0.588406 | trade:0.00 call:0.70 put:0.30 | ATM:0.37 OTM:0.63 [seq] | lr: 2.50e-04 | left: 131s
step 05300 ( 45.9%) | loss: 0.518532 | trade:0.00 call:0.99 put:0.01 | ATM:0.98 OTM:0.02 [seq] | lr: 2.50e-04 | left: 130s
step 05350 ( 46.3%) | loss: 0.547226 | trade:0.95 call:1.00 put:0.00 | ATM:0.31 OTM:0.69 [seq] | lr: 2.50e-04 | left: 129s
step 05400 ( 46.7%) | loss: 0.738076 | trade:0.36 call:0.74 put:0.26 | ATM:0.52 OTM:0.48 [rnd] | lr: 2.50e-04 | left: 128s
step 05450 ( 47.1%) | loss: 0.552943 | trade:0.97 call:1.00 put:0.00 | ATM:0.23 OTM:0.77 [seq] | lr: 2.50e-04 | left: 127s
step 05500 ( 47.6%) | loss: 0.653526 | trade:0.37 call:0.71 put:0.29 | ATM:0.54 OTM:0.46 [rnd] | lr: 2.50e-04 | left: 126s
step 05550 ( 48.0%) | loss: 0.722798 | trade:0.93 call:1.00 put:0.00 | ATM:0.22 OTM:0.78 [seq] | lr: 2.50e-04 | left: 125s
step 05600 ( 48.4%) | loss: 0.285359 | trade:0.95 call:1.00 put:0.00 | ATM:0.26 OTM:0.74 [seq] | lr: 2.50e-04 | left: 124s
step 05650 ( 48.8%) | loss: 0.391321 | trade:0.01 call:0.77 put:0.23 | ATM:0.35 OTM:0.65 [seq] | lr: 2.50e-04 | left: 123s
step 05700 ( 49.3%) | loss: 1.439936 | trade:0.38 call:0.72 put:0.28 | ATM:0.52 OTM:0.48 [rnd] | lr: 2.50e-04 | left: 122s
step 05750 ( 49.8%) | loss: 1.272254 | trade:0.95 call:0.98 put:0.01 | ATM:0.46 OTM:0.54 [seq] | lr: 2.50e-04 | left: 121s
step 05800 ( 50.2%) | loss: 0.727999 | trade:0.39 call:0.71 put:0.29 | ATM:0.52 OTM:0.48 [rnd] | lr: 2.50e-04 | left: 119s
step 05850 ( 50.6%) | loss: 0.675568 | trade:0.74 call:0.75 put:0.25 | ATM:0.43 OTM:0.57 [seq] | lr: 2.50e-04 | left: 118s
step 05900 ( 51.1%) | loss: 1.278525 | trade:0.86 call:0.91 put:0.08 | ATM:0.35 OTM:0.65 [seq] | lr: 2.50e-04 | left: 117s
step 05950 ( 51.6%) | loss: 0.877846 | trade:0.96 call:1.00 put:0.00 | ATM:0.18 OTM:0.82 [seq] | lr: 2.50e-04 | left: 116s
step 06000 ( 52.0%) | loss: 0.605217 | trade:0.35 call:0.75 put:0.25 | ATM:0.54 OTM:0.46 [rnd] | lr: 2.50e-04 | left: 115s
step 06050 ( 52.5%) | loss: 0.662840 | trade:0.89 call:0.95 put:0.05 | ATM:0.60 OTM:0.40 [seq] | lr: 2.50e-04 | left: 114s
step 06100 ( 53.0%) | loss: 0.915895 | trade:0.47 call:0.74 put:0.26 | ATM:0.52 OTM:0.48 [seq] | lr: 2.50e-04 | left: 113s
step 06150 ( 53.4%) | loss: 0.827863 | trade:0.37 call:0.72 put:0.28 | ATM:0.53 OTM:0.47 [rnd] | lr: 2.50e-04 | left: 112s
step 06200 ( 53.8%) | loss: 0.804146 | trade:0.97 call:0.01 put:0.99 | ATM:0.63 OTM:0.37 [seq] | lr: 2.50e-04 | left: 111s
step 06250 ( 54.3%) | loss: 0.639919 | trade:0.94 call:0.01 put:0.99 | ATM:0.66 OTM:0.34 [seq] | lr: 2.50e-04 | left: 110s
step 06300 ( 54.7%) | loss: 0.537748 | trade:0.00 call:0.70 put:0.30 | ATM:0.64 OTM:0.36 [seq] | lr: 2.50e-04 | left: 109s
step 06350 ( 55.2%) | loss: 1.156055 | trade:0.98 call:0.99 put:0.00 | ATM:0.26 OTM:0.74 [seq] | lr: 2.50e-04 | left: 108s
step 06400 ( 55.7%) | loss: 1.568337 | trade:0.96 call:0.99 put:0.01 | ATM:0.27 OTM:0.73 [seq] | lr: 2.50e-04 | left: 106s
step 06450 ( 56.2%) | loss: 2.048056 | trade:0.90 call:0.98 put:0.01 | ATM:0.29 OTM:0.71 [seq] | lr: 2.50e-04 | left: 105s
step 06500 ( 56.6%) | loss: 0.657008 | trade:0.00 call:0.79 put:0.21 | ATM:0.33 OTM:0.67 [seq] | lr: 2.50e-04 | left: 104s
step 06550 ( 57.1%) | loss: 0.659188 | trade:0.43 call:0.74 put:0.26 | ATM:0.78 OTM:0.22 [seq] | lr: 2.50e-04 | left: 103s
step 06600 ( 57.5%) | loss: 0.482613 | trade:0.93 call:0.03 put:0.97 | ATM:0.63 OTM:0.37 [seq] | lr: 2.50e-04 | left: 102s
step 06650 ( 57.9%) | loss: 0.469173 | trade:0.91 call:0.01 put:1.00 | ATM:0.68 OTM:0.32 [seq] | lr: 2.50e-04 | left: 101s
step 06700 ( 58.4%) | loss: 0.470623 | trade:0.95 call:0.99 put:0.01 | ATM:0.44 OTM:0.56 [seq] | lr: 2.50e-04 | left: 100s
step 06750 ( 58.8%) | loss: 0.587689 | trade:0.93 call:0.97 put:0.03 | ATM:0.96 OTM:0.04 [seq] | lr: 2.50e-04 | left: 99s
step 06800 ( 59.2%) | loss: 0.686537 | trade:0.00 call:0.27 put:0.73 | ATM:0.59 OTM:0.41 [seq] | lr: 2.50e-04 | left: 98s
step 06850 ( 59.6%) | loss: 0.578789 | trade:0.00 call:0.21 put:0.79 | ATM:0.60 OTM:0.40 [seq] | lr: 2.50e-04 | left: 97s
step 06900 ( 60.1%) | loss: 0.266001 | trade:0.93 call:0.02 put:0.98 | ATM:0.66 OTM:0.34 [seq] | lr: 2.50e-04 | left: 96s
step 06950 ( 60.5%) | loss: 0.622751 | trade:0.36 call:0.72 put:0.28 | ATM:0.53 OTM:0.47 [rnd] | lr: 2.50e-04 | left: 95s
step 07000 ( 60.9%) | loss: 0.323685 | trade:0.97 call:1.00 put:0.00 | ATM:0.41 OTM:0.59 [seq] | lr: 2.50e-04 | left: 94s
step 07050 ( 61.4%) | loss: 0.501320 | trade:0.98 call:1.00 put:0.00 | ATM:0.21 OTM:0.79 [seq] | lr: 2.50e-04 | left: 93s
step 07100 ( 61.8%) | loss: 0.463546 | trade:0.96 call:1.00 put:0.00 | ATM:0.19 OTM:0.81 [seq] | lr: 2.50e-04 | left: 92s
step 07150 ( 62.3%) | loss: 1.352119 | trade:0.36 call:0.72 put:0.28 | ATM:0.54 OTM:0.46 [rnd] | lr: 2.50e-04 | left: 91s
step 07200 ( 62.7%) | loss: 0.604569 | trade:0.93 call:0.95 put:0.04 | ATM:0.31 OTM:0.69 [seq] | lr: 2.50e-04 | left: 89s
step 07250 ( 63.1%) | loss: 0.494786 | trade:0.35 call:0.74 put:0.26 | ATM:0.54 OTM:0.46 [rnd] | lr: 2.50e-04 | left: 88s
step 07300 ( 63.6%) | loss: 0.510458 | trade:0.00 call:0.99 put:0.01 | ATM:0.97 OTM:0.03 [seq] | lr: 2.50e-04 | left: 87s
step 07350 ( 64.0%) | loss: 0.511071 | trade:0.00 call:0.74 put:0.26 | ATM:0.47 OTM:0.53 [seq] | lr: 2.50e-04 | left: 86s
step 07400 ( 64.4%) | loss: 0.577871 | trade:0.38 call:0.73 put:0.27 | ATM:0.54 OTM:0.46 [rnd] | lr: 2.50e-04 | left: 85s
step 07450 ( 64.8%) | loss: 0.527852 | trade:0.36 call:0.73 put:0.27 | ATM:0.54 OTM:0.46 [rnd] | lr: 2.50e-04 | left: 84s
step 07500 ( 65.3%) | loss: 0.461778 | trade:0.00 call:0.62 put:0.38 | ATM:0.61 OTM:0.39 [seq] | lr: 2.50e-04 | left: 83s
step 07550 ( 65.7%) | loss: 0.518241 | trade:0.00 call:0.50 put:0.50 | ATM:0.65 OTM:0.35 [seq] | lr: 2.50e-04 | left: 82s
step 07600 ( 66.1%) | loss: 0.365348 | trade:0.00 call:0.96 put:0.03 | ATM:0.33 OTM:0.67 [seq] | lr: 2.50e-04 | left: 81s
step 07650 ( 66.5%) | loss: 0.611281 | trade:0.35 call:0.73 put:0.26 | ATM:0.52 OTM:0.48 [rnd] | lr: 2.50e-04 | left: 80s
step 07700 ( 67.0%) | loss: 0.448100 | trade:0.37 call:0.75 put:0.26 | ATM:0.51 OTM:0.49 [rnd] | lr: 2.50e-04 | left: 79s
step 07750 ( 67.4%) | loss: 0.467556 | trade:0.00 call:0.75 put:0.25 | ATM:0.48 OTM:0.52 [seq] | lr: 2.50e-04 | left: 78s
step 07800 ( 67.8%) | loss: 0.453474 | trade:0.35 call:0.74 put:0.26 | ATM:0.53 OTM:0.47 [rnd] | lr: 2.50e-04 | left: 77s
step 07850 ( 68.2%) | loss: 0.543605 | trade:0.00 call:0.93 put:0.07 | ATM:0.28 OTM:0.72 [seq] | lr: 2.50e-04 | left: 76s
step 07900 ( 68.7%) | loss: 0.674167 | trade:0.00 call:0.75 put:0.25 | ATM:0.68 OTM:0.32 [seq] | lr: 2.50e-04 | left: 75s
step 07950 ( 69.1%) | loss: 0.368298 | trade:0.36 call:0.72 put:0.28 | ATM:0.53 OTM:0.47 [rnd] | lr: 2.50e-04 | left: 74s
step 08000 ( 69.5%) | loss: 0.465166 | trade:0.96 call:0.00 put:1.00 | ATM:0.66 OTM:0.34 [seq] | lr: 2.50e-04 | left: 73s
step 08050 ( 70.0%) | loss: 0.722405 | trade:0.00 call:0.64 put:0.36 | ATM:0.43 OTM:0.57 [seq] | lr: 2.50e-04 | left: 72s
step 08100 ( 70.4%) | loss: 0.735428 | trade:0.38 call:0.72 put:0.28 | ATM:0.53 OTM:0.47 [rnd] | lr: 2.50e-04 | left: 71s
step 08150 ( 70.9%) | loss: 0.602694 | trade:0.31 call:0.85 put:0.15 | ATM:0.47 OTM:0.53 [seq] | lr: 2.49e-04 | left: 70s
step 08200 ( 71.4%) | loss: 0.666431 | trade:0.22 call:0.77 put:0.23 | ATM:0.53 OTM:0.47 [seq] | lr: 2.49e-04 | left: 69s
step 08250 ( 71.8%) | loss: 0.459775 | trade:0.00 call:0.77 put:0.23 | ATM:0.46 OTM:0.54 [seq] | lr: 2.48e-04 | left: 68s
step 08300 ( 72.3%) | loss: 0.623654 | trade:0.38 call:0.73 put:0.27 | ATM:0.54 OTM:0.46 [rnd] | lr: 2.46e-04 | left: 66s
step 08350 ( 72.7%) | loss: 0.806089 | trade:0.37 call:0.73 put:0.27 | ATM:0.53 OTM:0.47 [rnd] | lr: 2.45e-04 | left: 65s
step 08400 ( 73.2%) | loss: 1.030381 | trade:0.95 call:0.96 put:0.04 | ATM:0.45 OTM:0.55 [seq] | lr: 2.43e-04 | left: 64s
step 08450 ( 73.6%) | loss: 0.660342 | trade:0.33 call:0.76 put:0.24 | ATM:0.54 OTM:0.46 [rnd] | lr: 2.41e-04 | left: 63s
step 08500 ( 74.0%) | loss: 0.315936 | trade:0.00 call:0.77 put:0.22 | ATM:0.38 OTM:0.62 [seq] | lr: 2.39e-04 | left: 62s
step 08550 ( 74.4%) | loss: 0.317918 | trade:0.01 call:0.91 put:0.09 | ATM:0.86 OTM:0.14 [seq] | lr: 2.37e-04 | left: 61s
step 08600 ( 74.9%) | loss: 0.400133 | trade:0.00 call:0.27 put:0.73 | ATM:0.80 OTM:0.20 [seq] | lr: 2.34e-04 | left: 60s
step 08650 ( 75.3%) | loss: 0.601258 | trade:0.00 call:0.21 put:0.78 | ATM:0.76 OTM:0.24 [seq] | lr: 2.31e-04 | left: 59s
step 08700 ( 75.8%) | loss: 0.565208 | trade:0.43 call:0.93 put:0.07 | ATM:0.37 OTM:0.63 [seq] | lr: 2.28e-04 | left: 58s
step 08750 ( 76.2%) | loss: 0.552184 | trade:0.39 call:0.71 put:0.29 | ATM:0.55 OTM:0.45 [rnd] | lr: 2.25e-04 | left: 57s
step 08800 ( 76.6%) | loss: 0.743301 | trade:0.36 call:0.75 put:0.26 | ATM:0.51 OTM:0.49 [rnd] | lr: 2.21e-04 | left: 56s
step 08850 ( 77.0%) | loss: 0.540943 | trade:0.00 call:0.04 put:0.96 | ATM:0.92 OTM:0.08 [seq] | lr: 2.17e-04 | left: 55s
step 08900 ( 77.5%) | loss: 0.539850 | trade:0.91 call:0.96 put:0.04 | ATM:0.93 OTM:0.07 [seq] | lr: 2.14e-04 | left: 54s
step 08950 ( 77.9%) | loss: 0.765356 | trade:0.59 call:0.94 put:0.06 | ATM:0.93 OTM:0.07 [seq] | lr: 2.09e-04 | left: 53s
step 09000 ( 78.4%) | loss: 0.775181 | trade:0.00 call:0.84 put:0.16 | ATM:0.65 OTM:0.35 [seq] | lr: 2.05e-04 | left: 52s
step 09050 ( 78.8%) | loss: 0.328281 | trade:0.34 call:0.73 put:0.26 | ATM:0.52 OTM:0.48 [rnd] | lr: 2.01e-04 | left: 51s
step 09100 ( 79.2%) | loss: 0.712542 | trade:0.36 call:0.74 put:0.26 | ATM:0.52 OTM:0.48 [rnd] | lr: 1.96e-04 | left: 50s
step 09150 ( 79.6%) | loss: 0.301667 | trade:0.90 call:0.99 put:0.01 | ATM:0.47 OTM:0.53 [seq] | lr: 1.92e-04 | left: 49s
step 09200 ( 80.0%) | loss: 0.682999 | trade:0.00 call:0.70 put:0.30 | ATM:0.59 OTM:0.41 [seq] | lr: 1.87e-04 | left: 48s
step 09250 ( 80.5%) | loss: 0.879528 | trade:0.41 call:0.72 put:0.29 | ATM:0.52 OTM:0.48 [rnd] | lr: 1.82e-04 | left: 47s
step 09300 ( 80.9%) | loss: 0.430263 | trade:0.00 call:0.76 put:0.24 | ATM:0.61 OTM:0.39 [seq] | lr: 1.77e-04 | left: 46s
step 09350 ( 81.3%) | loss: 0.902441 | trade:0.00 call:0.21 put:0.79 | ATM:0.50 OTM:0.50 [seq] | lr: 1.72e-04 | left: 45s
step 09400 ( 81.8%) | loss: 0.693880 | trade:0.98 call:0.01 put:0.99 | ATM:0.68 OTM:0.32 [seq] | lr: 1.67e-04 | left: 44s
step 09450 ( 82.2%) | loss: 0.261060 | trade:0.91 call:0.00 put:1.00 | ATM:0.67 OTM:0.33 [seq] | lr: 1.61e-04 | left: 43s
step 09500 ( 82.6%) | loss: 0.542991 | trade:0.00 call:0.43 put:0.57 | ATM:0.50 OTM:0.50 [seq] | lr: 1.56e-04 | left: 42s
step 09550 ( 83.0%) | loss: 0.736063 | trade:0.35 call:0.75 put:0.25 | ATM:0.51 OTM:0.49 [rnd] | lr: 1.51e-04 | left: 41s
step 09600 ( 83.5%) | loss: 0.768563 | trade:0.00 call:0.45 put:0.55 | ATM:0.49 OTM:0.51 [seq] | lr: 1.45e-04 | left: 40s
step 09650 ( 83.9%) | loss: 0.575229 | trade:0.00 call:0.88 put:0.12 | ATM:0.82 OTM:0.18 [seq] | lr: 1.39e-04 | left: 39s
step 09700 ( 84.3%) | loss: 0.288939 | trade:0.00 call:0.80 put:0.20 | ATM:0.53 OTM:0.47 [seq] | lr: 1.34e-04 | left: 38s
step 09750 ( 84.8%) | loss: 0.396608 | trade:0.88 call:0.77 put:0.23 | ATM:0.52 OTM:0.48 [seq] | lr: 1.28e-04 | left: 37s
step 09800 ( 85.2%) | loss: 0.482999 | trade:0.93 call:1.00 put:0.00 | ATM:0.34 OTM:0.66 [seq] | lr: 1.22e-04 | left: 35s
step 09850 ( 85.6%) | loss: 0.410752 | trade:0.00 call:0.83 put:0.17 | ATM:0.34 OTM:0.66 [seq] | lr: 1.17e-04 | left: 35s
step 09900 ( 86.0%) | loss: 0.547457 | trade:0.32 call:0.73 put:0.27 | ATM:0.53 OTM:0.47 [rnd] | lr: 1.11e-04 | left: 33s
step 09950 ( 86.5%) | loss: 0.788918 | trade:0.37 call:0.73 put:0.26 | ATM:0.51 OTM:0.49 [rnd] | lr: 1.06e-04 | left: 32s
step 10000 ( 86.9%) | loss: 0.645080 | trade:0.00 call:0.62 put:0.38 | ATM:0.78 OTM:0.22 [seq] | lr: 9.98e-05 | left: 31s
step 10050 ( 87.3%) | loss: 0.674406 | trade:0.35 call:0.73 put:0.27 | ATM:0.52 OTM:0.48 [rnd] | lr: 9.46e-05 | left: 30s
step 10100 ( 87.8%) | loss: 0.568782 | trade:0.00 call:0.90 put:0.10 | ATM:0.79 OTM:0.21 [seq] | lr: 8.92e-05 | left: 29s
step 10150 ( 88.2%) | loss: 0.616569 | trade:0.38 call:0.72 put:0.28 | ATM:0.54 OTM:0.46 [rnd] | lr: 8.38e-05 | left: 28s
step 10200 ( 88.7%) | loss: 0.549851 | trade:0.38 call:0.73 put:0.27 | ATM:0.52 OTM:0.48 [rnd] | lr: 7.83e-05 | left: 27s
step 10250 ( 89.1%) | loss: 0.478703 | trade:0.35 call:0.74 put:0.26 | ATM:0.52 OTM:0.48 [rnd] | lr: 7.34e-05 | left: 26s
step 10300 ( 89.5%) | loss: 0.342253 | trade:0.00 call:0.89 put:0.11 | ATM:0.41 OTM:0.59 [seq] | lr: 6.84e-05 | left: 25s
step 10350 ( 89.9%) | loss: 0.635448 | trade:0.00 call:0.60 put:0.40 | ATM:0.39 OTM:0.61 [seq] | lr: 6.34e-05 | left: 24s
step 10400 ( 90.4%) | loss: 0.529318 | trade:0.01 call:0.92 put:0.08 | ATM:0.35 OTM:0.65 [seq] | lr: 5.85e-05 | left: 23s
step 10450 ( 90.8%) | loss: 0.682127 | trade:0.95 call:0.96 put:0.04 | ATM:0.40 OTM:0.60 [seq] | lr: 5.36e-05 | left: 22s
step 10500 ( 91.2%) | loss: 0.516147 | trade:0.39 call:0.72 put:0.28 | ATM:0.52 OTM:0.48 [rnd] | lr: 4.92e-05 | left: 21s
step 10550 ( 91.7%) | loss: 0.525396 | trade:0.00 call:0.82 put:0.18 | ATM:0.53 OTM:0.47 [seq] | lr: 4.48e-05 | left: 20s
step 10600 ( 92.1%) | loss: 0.672286 | trade:0.45 call:0.88 put:0.13 | ATM:0.46 OTM:0.54 [seq] | lr: 4.03e-05 | left: 19s
step 10650 ( 92.5%) | loss: 0.539693 | trade:0.98 call:0.02 put:0.98 | ATM:0.74 OTM:0.26 [seq] | lr: 3.62e-05 | left: 18s
step 10700 ( 92.9%) | loss: 0.501170 | trade:0.96 call:0.01 put:0.99 | ATM:0.62 OTM:0.38 [seq] | lr: 3.27e-05 | left: 17s
step 10750 ( 93.4%) | loss: 0.552320 | trade:0.35 call:0.75 put:0.25 | ATM:0.52 OTM:0.48 [rnd] | lr: 2.90e-05 | left: 16s
step 10800 ( 93.8%) | loss: 0.581966 | trade:0.38 call:0.75 put:0.25 | ATM:0.52 OTM:0.48 [rnd] | lr: 2.56e-05 | left: 15s
step 10850 ( 94.2%) | loss: 0.683765 | trade:0.38 call:0.73 put:0.27 | ATM:0.52 OTM:0.48 [rnd] | lr: 2.21e-05 | left: 14s
step 10900 ( 94.7%) | loss: 0.720231 | trade:0.93 call:0.99 put:0.01 | ATM:0.50 OTM:0.50 [seq] | lr: 1.90e-05 | left: 13s
step 10950 ( 95.1%) | loss: 0.746716 | trade:0.36 call:0.73 put:0.27 | ATM:0.51 OTM:0.49 [rnd] | lr: 1.60e-05 | left: 12s
step 11000 ( 95.5%) | loss: 0.709732 | trade:0.36 call:0.72 put:0.28 | ATM:0.51 OTM:0.49 [rnd] | lr: 1.35e-05 | left: 11s
step 11050 ( 96.0%) | loss: 0.527255 | trade:0.36 call:0.73 put:0.26 | ATM:0.51 OTM:0.49 [rnd] | lr: 1.10e-05 | left: 10s
step 11100 ( 96.4%) | loss: 0.747293 | trade:0.97 call:1.00 put:0.00 | ATM:0.38 OTM:0.62 [seq] | lr: 8.79e-06 | left: 9s
step 11150 ( 96.8%) | loss: 0.552824 | trade:0.71 call:0.02 put:0.98 | ATM:0.98 OTM:0.02 [seq] | lr: 6.80e-06 | left: 8s
step 11200 ( 97.3%) | loss: 0.689532 | trade:0.00 call:0.70 put:0.30 | ATM:0.74 OTM:0.26 [seq] | lr: 5.08e-06 | left: 7s
step 11250 ( 97.7%) | loss: 0.727609 | trade:0.63 call:0.39 put:0.61 | ATM:0.65 OTM:0.35 [seq] | lr: 3.57e-06 | left: 5s
step 11300 ( 98.2%) | loss: 0.832483 | trade:0.33 call:0.51 put:0.49 | ATM:0.61 OTM:0.39 [seq] | lr: 2.23e-06 | left: 4s
step 11350 ( 98.7%) | loss: 0.781297 | trade:0.97 call:1.00 put:0.00 | ATM:0.17 OTM:0.83 [seq] | lr: 1.25e-06 | left: 3s
step 11400 ( 99.1%) | loss: 0.663165 | trade:0.96 call:1.00 put:0.00 | ATM:0.19 OTM:0.81 [seq] | lr: 5.70e-07 | left: 2s
step 11450 ( 99.5%) | loss: 0.768121 | trade:0.90 call:0.99 put:0.01 | ATM:0.49 OTM:0.51 [seq] | lr: 1.48e-07 | left: 1s
step 11500 (100.0%) | loss: 0.555895 | trade:0.00 call:0.62 put:0.38 | ATM:0.31 OTM:0.69 [seq] | lr: 7.71e-10 | left: 0s

Training done at 245s. Starting evaluation...
Evaluation done in 1s (total wall: 246s)
Model saved to /root/best_model.pt
Trade log: 5 trades -> /root/trade_log.csv

=== TRADE DIAGNOSTICS ===

Worst 5 trades:
  2025-09-17 2025-09-17 14:00 CALL_ATM 6600.0 PnL=-4285.41% hold=3bars exit=end_of_day
  2025-09-17 2025-09-17 13:17 CALL_ATM 6600.0 PnL=-479.46% hold=4bars exit=model_exit
  2025-09-17 2025-09-17 13:00 CALL_ATM 6600.0 PnL=-392.89% hold=12bars exit=model_exit
  2025-09-17 2025-09-17 13:13 CALL_ATM 6600.0 PnL=-63.39% hold=2bars exit=model_exit
  2025-09-17 2025-09-17 13:22 CALL_ATM 6600.0 PnL=-30.21% hold=5bars exit=model_exit
Best 5 trades:
  2025-09-17 2025-09-17 14:00 CALL_ATM 6600.0 PnL=-4285.41% hold=3bars exit=end_of_day
  2025-09-17 2025-09-17 13:17 CALL_ATM 6600.0 PnL=-479.46% hold=4bars exit=model_exit
  2025-09-17 2025-09-17 13:00 CALL_ATM 6600.0 PnL=-392.89% hold=12bars exit=model_exit
  2025-09-17 2025-09-17 13:13 CALL_ATM 6600.0 PnL=-63.39% hold=2bars exit=model_exit
  2025-09-17 2025-09-17 13:22 CALL_ATM 6600.0 PnL=-30.21% hold=5bars exit=model_exit

Time-of-day breakdown:
  Lunch(11:30-13:30): 5 trades, WR=0.0%, avg=-1050.27%

Direction breakdown:
  CALL: 5 trades, WR=0.0%, avg=-1050.27%

Exit reasons:
  model_exit: 4 (80.0%)
  end_of_day: 1 (20.0%)

Stop-loss alignment: MULTI-LEVEL (tight/med/wide selected by IV+VIX)
=== END DIAGNOSTICS ===

---
score:              -0.000000
profit_factor:      0.000000
win_rate:           0.000000
avg_winner:         0.000000
avg_loser:          -0.105027
trades_per_day:     1.000000
max_consec_loss:    5
num_trades:         5
trade_sharpe:       -9.164586
sortino:            -9.164586
max_drawdown:       -0.485848
calmar:             -1.080868
ev_per_trade:       -0.105027
do_nothing_pct:     0.796154
exit_pct:           0.015385
model_exit_count:   4
cooldown_blocked:   0
pre_10am_blocked:   27
short_hold_pct:     0.000000
stop_loss_rate:     0.000000
direction_collapse_pct: 1.000000
avg_entry_cost_bps: 617.811300
avg_entry_quality:  0.697400
cost_realism_coverage: 1.000000
high_cost_entry_rate: 0.200000
low_quality_entry_rate: 0.000000
actionable_bar_rate: 0.969200
risk_off_bar_rate:  0.000000
final_capital:      8635.18
equity_sharpe:      -8.593100
max_equity_dd:      -0.136500
total_dollar_return:-0.136500
val_sharpe:         13.856195
total_return:       -0.525137
num_val_bars:       260
num_val_days:       5
worst_chunk_pf:     1.00
rr_ratio:           0.0000
avg_hold_bars:      5.20
model_exit_rate:    0.8000
hit_ruin:           False
min_equity_frac:    0.8635
avg_risk_fraction:  0.2181
max_risk_fraction:  0.2784
trades_blocked_by_balance: 0
training_seconds:   240.0
total_seconds:      247.9
peak_vram_mb:       769.2
num_steps:          11505
num_params:         145,064
lookback:           120
depth:              3
d_model:            64
effective_lr:       0.00025
gate_label_smoothing:0.050000
dir_label_smoothing:0.050000
false_entry_penalty:1.500000
/opt/conda/lib/python3.11/site-packages/torch/nn/modules/transformer.py:379: UserWarning: enable_nested_tensor is True, but self.use_nested_tensor is False because encoder_layer.norm_first was True
  warnings.warn(
