Loading data from: /root/.cache/autoresearch-trading/features/data.pt
Loaded 384870 1-min bars, 32 features, 8 actions
  ~986 trading days
Training:   up to idx 269189
Validation: idx 269190-384869
  Option P&L coverage: 297877/384870 (77%)
Parameters: 145,064
Architecture: v4 simplified two-head (gate+dir), ATM-biased, no ETV
Training from scratch (v4: no warm-start).
Day-sequential batching: 70% sequential, 30% random (batch=16)

Budget: 240s | Batch: 128 | Lookback: 120
LR: 0.00025 | Depth: 3 | d_model: 64 | ff_mult: 3
Dropout: 0.2 | Weight decay: 0.05
Label smoothing: gate=0.05 dir=0.05
Loss weights: gate=0.5, dir=2.0, pnl=0.3
Exit override strength: 0.5 (gate targets flipped on exit bars)
Position state: flat for random batches, tracked for day-sequential

step 00000 (  0.0%) | loss: 0.000000 | trade:0.57 call:0.55 put:0.45 | ATM:0.42 OTM:0.58 [seq] | lr: 0.00e+00 wd: 0.025 | left: 240s
step 00050 (  0.2%) | loss: 1.194042 | trade:0.59 call:0.46 put:0.54 | ATM:0.42 OTM:0.58 [seq] | lr: 2.64e-06 wd: 0.025 | left: 240s
step 00100 (  0.4%) | loss: 1.567064 | trade:0.60 call:0.49 put:0.51 | ATM:0.47 OTM:0.53 [seq] | lr: 5.95e-06 wd: 0.025 | left: 239s
step 00150 (  0.5%) | loss: 1.361782 | trade:0.63 call:0.47 put:0.53 | ATM:0.44 OTM:0.56 [seq] | lr: 8.98e-06 wd: 0.025 | left: 239s
step 00200 (  0.8%) | loss: 1.074384 | trade:0.63 call:0.44 put:0.56 | ATM:0.46 OTM:0.54 [seq] | lr: 1.26e-05 wd: 0.025 | left: 238s
step 00250 (  1.0%) | loss: 0.820361 | trade:0.54 call:0.47 put:0.53 | ATM:0.46 OTM:0.54 [seq] | lr: 1.64e-05 wd: 0.025 | left: 238s
step 00300 (  1.2%) | loss: 1.328972 | trade:0.59 call:0.62 put:0.38 | ATM:0.47 OTM:0.53 [seq] | lr: 2.01e-05 wd: 0.025 | left: 237s
step 00350 (  1.4%) | loss: 1.370813 | trade:0.54 call:0.55 put:0.45 | ATM:0.44 OTM:0.56 [rnd] | lr: 2.31e-05 wd: 0.025 | left: 237s
step 00400 (  1.6%) | loss: 1.239610 | trade:0.56 call:0.58 put:0.42 | ATM:0.42 OTM:0.58 [seq] | lr: 2.64e-05 wd: 0.025 | left: 236s
step 00450 (  1.8%) | loss: 1.407878 | trade:0.44 call:0.56 put:0.44 | ATM:0.47 OTM:0.53 [seq] | lr: 2.98e-05 wd: 0.025 | left: 236s
step 00500 (  2.0%) | loss: 0.973799 | trade:0.33 call:0.55 put:0.45 | ATM:0.46 OTM:0.54 [seq] | lr: 3.34e-05 wd: 0.026 | left: 235s
step 00550 (  2.4%) | loss: 1.264425 | trade:0.48 call:0.66 put:0.34 | ATM:0.50 OTM:0.50 [seq] | lr: 3.95e-05 wd: 0.026 | left: 234s
step 00600 (  2.6%) | loss: 0.942388 | trade:0.30 call:0.86 put:0.14 | ATM:0.55 OTM:0.45 [seq] | lr: 4.35e-05 wd: 0.026 | left: 234s
step 00650 (  2.8%) | loss: 1.288730 | trade:0.21 call:0.66 put:0.34 | ATM:0.48 OTM:0.52 [seq] | lr: 4.60e-05 wd: 0.026 | left: 233s
step 00700 (  3.0%) | loss: 1.489242 | trade:0.30 call:0.66 put:0.34 | ATM:0.45 OTM:0.55 [seq] | lr: 4.94e-05 wd: 0.026 | left: 233s
step 00750 (  3.2%) | loss: 1.273644 | trade:0.16 call:0.69 put:0.31 | ATM:0.45 OTM:0.55 [seq] | lr: 5.31e-05 wd: 0.026 | left: 232s
step 00800 (  3.4%) | loss: 1.140436 | trade:0.26 call:0.62 put:0.38 | ATM:0.48 OTM:0.52 [seq] | lr: 5.59e-05 wd: 0.026 | left: 232s
step 00850 (  3.5%) | loss: 0.531085 | trade:0.40 call:0.50 put:0.50 | ATM:0.37 OTM:0.63 [seq] | lr: 5.84e-05 wd: 0.026 | left: 232s
step 00900 (  3.7%) | loss: 0.962427 | trade:0.49 call:0.83 put:0.17 | ATM:0.59 OTM:0.41 [seq] | lr: 6.12e-05 wd: 0.026 | left: 231s
step 00950 (  3.8%) | loss: 0.671418 | trade:0.15 call:0.90 put:0.10 | ATM:0.52 OTM:0.48 [seq] | lr: 6.37e-05 wd: 0.026 | left: 231s
step 01000 (  4.0%) | loss: 1.060103 | trade:0.23 call:0.74 put:0.26 | ATM:0.48 OTM:0.52 [rnd] | lr: 6.74e-05 wd: 0.026 | left: 230s
step 01050 (  4.2%) | loss: 0.778808 | trade:0.13 call:0.76 put:0.24 | ATM:0.40 OTM:0.60 [seq] | lr: 7.04e-05 wd: 0.026 | left: 230s
step 01100 (  4.4%) | loss: 0.754900 | trade:0.28 call:0.90 put:0.10 | ATM:0.52 OTM:0.48 [seq] | lr: 7.40e-05 wd: 0.026 | left: 229s
step 01150 (  4.7%) | loss: 0.804035 | trade:0.24 call:0.91 put:0.09 | ATM:0.53 OTM:0.47 [seq] | lr: 7.85e-05 wd: 0.026 | left: 229s
step 01200 (  4.9%) | loss: 1.242339 | trade:0.26 call:0.78 put:0.22 | ATM:0.49 OTM:0.51 [rnd] | lr: 8.18e-05 wd: 0.026 | left: 228s
step 01250 (  5.1%) | loss: 1.213670 | trade:0.26 call:0.77 put:0.23 | ATM:0.49 OTM:0.51 [rnd] | lr: 8.46e-05 wd: 0.026 | left: 228s
step 01300 (  5.3%) | loss: 0.562487 | trade:0.25 call:0.94 put:0.06 | ATM:0.64 OTM:0.36 [seq] | lr: 8.76e-05 wd: 0.026 | left: 227s
step 01350 (  5.4%) | loss: 0.770687 | trade:0.24 call:0.78 put:0.22 | ATM:0.52 OTM:0.48 [rnd] | lr: 9.04e-05 wd: 0.026 | left: 227s
step 01400 (  5.6%) | loss: 0.875171 | trade:0.27 call:0.75 put:0.25 | ATM:0.51 OTM:0.49 [rnd] | lr: 9.38e-05 wd: 0.026 | left: 226s
step 01450 (  5.8%) | loss: 1.169509 | trade:0.22 call:0.74 put:0.26 | ATM:0.52 OTM:0.48 [rnd] | lr: 9.72e-05 wd: 0.026 | left: 226s
step 01500 (  6.1%) | loss: 0.777474 | trade:0.04 call:0.86 put:0.14 | ATM:0.56 OTM:0.44 [seq] | lr: 1.02e-04 wd: 0.027 | left: 225s
step 01550 (  6.3%) | loss: 0.390926 | trade:0.33 call:0.31 put:0.69 | ATM:0.57 OTM:0.43 [seq] | lr: 1.05e-04 wd: 0.027 | left: 225s
step 01600 (  6.6%) | loss: 1.105746 | trade:0.27 call:0.71 put:0.29 | ATM:0.52 OTM:0.48 [rnd] | lr: 1.10e-04 wd: 0.027 | left: 224s
step 01650 (  6.8%) | loss: 0.778852 | trade:0.85 call:0.20 put:0.80 | ATM:0.52 OTM:0.48 [seq] | lr: 1.13e-04 wd: 0.027 | left: 224s
step 01700 (  7.0%) | loss: 0.725909 | trade:0.12 call:0.88 put:0.12 | ATM:0.56 OTM:0.44 [seq] | lr: 1.16e-04 wd: 0.027 | left: 223s
step 01750 (  7.1%) | loss: 0.356571 | trade:0.09 call:0.75 put:0.25 | ATM:0.67 OTM:0.33 [seq] | lr: 1.18e-04 wd: 0.027 | left: 223s
step 01800 (  7.3%) | loss: 0.718858 | trade:0.05 call:0.95 put:0.05 | ATM:0.54 OTM:0.46 [seq] | lr: 1.21e-04 wd: 0.027 | left: 223s
step 01850 (  7.4%) | loss: 0.834332 | trade:0.03 call:0.83 put:0.17 | ATM:0.62 OTM:0.38 [seq] | lr: 1.24e-04 wd: 0.027 | left: 222s
step 01900 (  7.6%) | loss: 0.695349 | trade:0.04 call:0.95 put:0.05 | ATM:0.67 OTM:0.33 [seq] | lr: 1.27e-04 wd: 0.027 | left: 222s
step 01950 (  7.8%) | loss: 0.385747 | trade:0.01 call:0.89 put:0.11 | ATM:0.69 OTM:0.31 [seq] | lr: 1.31e-04 wd: 0.027 | left: 221s
step 02000 (  8.1%) | loss: 0.857689 | trade:0.05 call:0.70 put:0.30 | ATM:0.66 OTM:0.34 [seq] | lr: 1.35e-04 wd: 0.027 | left: 221s
step 02050 (  8.3%) | loss: 1.094116 | trade:0.31 call:0.69 put:0.31 | ATM:0.56 OTM:0.44 [rnd] | lr: 1.38e-04 wd: 0.027 | left: 220s
step 02100 (  8.4%) | loss: 0.950397 | trade:0.27 call:0.72 put:0.28 | ATM:0.57 OTM:0.43 [rnd] | lr: 1.40e-04 wd: 0.027 | left: 220s
step 02150 (  8.6%) | loss: 0.798391 | trade:0.22 call:0.74 put:0.26 | ATM:0.56 OTM:0.44 [rnd] | lr: 1.44e-04 wd: 0.027 | left: 219s
step 02200 (  8.9%) | loss: 0.641160 | trade:0.23 call:0.69 put:0.31 | ATM:0.61 OTM:0.39 [rnd] | lr: 1.48e-04 wd: 0.027 | left: 219s
step 02250 (  9.0%) | loss: 0.543973 | trade:0.14 call:0.98 put:0.02 | ATM:0.84 OTM:0.16 [seq] | lr: 1.51e-04 wd: 0.027 | left: 218s
step 02300 (  9.3%) | loss: 0.898645 | trade:0.23 call:0.69 put:0.31 | ATM:0.57 OTM:0.43 [rnd] | lr: 1.54e-04 wd: 0.027 | left: 218s
step 02350 (  9.6%) | loss: 0.715313 | trade:0.26 call:0.13 put:0.87 | ATM:0.80 OTM:0.20 [seq] | lr: 1.60e-04 wd: 0.027 | left: 217s
step 02400 (  9.8%) | loss: 0.831328 | trade:0.00 call:0.31 put:0.69 | ATM:0.66 OTM:0.34 [seq] | lr: 1.64e-04 wd: 0.027 | left: 216s
step 02450 ( 10.1%) | loss: 0.853707 | trade:0.22 call:0.67 put:0.33 | ATM:0.60 OTM:0.40 [rnd] | lr: 1.68e-04 wd: 0.028 | left: 216s
step 02500 ( 10.3%) | loss: 0.628472 | trade:0.00 call:0.82 put:0.18 | ATM:0.68 OTM:0.32 [seq] | lr: 1.71e-04 wd: 0.028 | left: 215s
step 02550 ( 10.4%) | loss: 0.459255 | trade:0.05 call:0.95 put:0.05 | ATM:0.57 OTM:0.43 [seq] | lr: 1.74e-04 wd: 0.028 | left: 215s
step 02600 ( 10.6%) | loss: 0.443974 | trade:0.01 call:0.20 put:0.80 | ATM:0.83 OTM:0.17 [seq] | lr: 1.77e-04 wd: 0.028 | left: 215s
step 02650 ( 10.8%) | loss: 0.438959 | trade:0.83 call:0.04 put:0.96 | ATM:0.51 OTM:0.49 [seq] | lr: 1.79e-04 wd: 0.028 | left: 214s
step 02700 ( 10.9%) | loss: 0.498324 | trade:0.25 call:0.74 put:0.26 | ATM:0.55 OTM:0.45 [rnd] | lr: 1.82e-04 wd: 0.028 | left: 214s
step 02750 ( 11.1%) | loss: 0.732868 | trade:0.63 call:0.93 put:0.07 | ATM:0.34 OTM:0.66 [seq] | lr: 1.85e-04 wd: 0.028 | left: 213s
step 02800 ( 11.3%) | loss: 0.902666 | trade:0.46 call:0.50 put:0.50 | ATM:0.81 OTM:0.19 [seq] | lr: 1.88e-04 wd: 0.028 | left: 213s
step 02850 ( 11.4%) | loss: 0.648028 | trade:0.00 call:0.21 put:0.79 | ATM:0.72 OTM:0.28 [seq] | lr: 1.91e-04 wd: 0.028 | left: 212s
step 02900 ( 11.7%) | loss: 0.545195 | trade:0.01 call:0.98 put:0.02 | ATM:0.34 OTM:0.66 [seq] | lr: 1.94e-04 wd: 0.028 | left: 212s
step 02950 ( 11.8%) | loss: 0.759505 | trade:0.28 call:0.72 put:0.28 | ATM:0.58 OTM:0.42 [rnd] | lr: 1.97e-04 wd: 0.028 | left: 212s
step 03000 ( 12.0%) | loss: 0.688567 | trade:0.02 call:0.74 put:0.26 | ATM:0.45 OTM:0.55 [seq] | lr: 1.99e-04 wd: 0.028 | left: 211s
step 03050 ( 12.1%) | loss: 0.634040 | trade:0.00 call:0.79 put:0.21 | ATM:0.49 OTM:0.51 [seq] | lr: 2.02e-04 wd: 0.028 | left: 211s
step 03100 ( 12.3%) | loss: 0.797644 | trade:0.35 call:0.87 put:0.13 | ATM:0.55 OTM:0.45 [seq] | lr: 2.05e-04 wd: 0.028 | left: 210s
step 03150 ( 12.5%) | loss: 0.695405 | trade:0.28 call:0.77 put:0.23 | ATM:0.58 OTM:0.42 [rnd] | lr: 2.09e-04 wd: 0.028 | left: 210s
step 03200 ( 12.8%) | loss: 0.635590 | trade:0.70 call:0.99 put:0.01 | ATM:0.27 OTM:0.73 [seq] | lr: 2.13e-04 wd: 0.028 | left: 209s
step 03250 ( 13.0%) | loss: 0.801001 | trade:0.05 call:0.02 put:0.98 | ATM:0.96 OTM:0.04 [seq] | lr: 2.16e-04 wd: 0.028 | left: 209s
step 03300 ( 13.2%) | loss: 0.845099 | trade:0.31 call:0.71 put:0.29 | ATM:0.59 OTM:0.41 [rnd] | lr: 2.19e-04 wd: 0.028 | left: 208s
step 03350 ( 13.3%) | loss: 0.590310 | trade:0.34 call:0.78 put:0.22 | ATM:0.57 OTM:0.43 [rnd] | lr: 2.22e-04 wd: 0.028 | left: 208s
step 03400 ( 13.5%) | loss: 0.608969 | trade:0.30 call:0.75 put:0.25 | ATM:0.61 OTM:0.39 [rnd] | lr: 2.25e-04 wd: 0.028 | left: 208s
step 03450 ( 13.6%) | loss: 0.568941 | trade:0.24 call:0.71 put:0.29 | ATM:0.60 OTM:0.40 [rnd] | lr: 2.27e-04 wd: 0.028 | left: 207s
step 03500 ( 13.8%) | loss: 0.442236 | trade:0.07 call:0.04 put:0.96 | ATM:0.95 OTM:0.05 [seq] | lr: 2.30e-04 wd: 0.028 | left: 207s
step 03550 ( 14.0%) | loss: 0.792179 | trade:0.00 call:0.23 put:0.77 | ATM:0.75 OTM:0.25 [seq] | lr: 2.33e-04 wd: 0.028 | left: 207s
step 03600 ( 14.1%) | loss: 1.210765 | trade:0.25 call:0.72 put:0.28 | ATM:0.62 OTM:0.38 [rnd] | lr: 2.35e-04 wd: 0.029 | left: 206s
step 03650 ( 14.3%) | loss: 0.846245 | trade:0.26 call:0.73 put:0.27 | ATM:0.58 OTM:0.42 [rnd] | lr: 2.38e-04 wd: 0.029 | left: 206s
step 03700 ( 14.4%) | loss: 0.742064 | trade:0.28 call:0.75 put:0.25 | ATM:0.54 OTM:0.46 [rnd] | lr: 2.40e-04 wd: 0.029 | left: 205s
step 03750 ( 14.6%) | loss: 0.655278 | trade:0.00 call:0.99 put:0.01 | ATM:0.33 OTM:0.67 [seq] | lr: 2.43e-04 wd: 0.029 | left: 205s
step 03800 ( 14.7%) | loss: 0.695978 | trade:0.24 call:0.75 put:0.25 | ATM:0.58 OTM:0.42 [rnd] | lr: 2.45e-04 wd: 0.029 | left: 205s
step 03850 ( 14.9%) | loss: 0.508324 | trade:0.02 call:0.81 put:0.19 | ATM:0.79 OTM:0.21 [seq] | lr: 2.48e-04 wd: 0.029 | left: 204s
step 03900 ( 15.0%) | loss: 0.546084 | trade:0.82 call:0.12 put:0.88 | ATM:0.28 OTM:0.72 [seq] | lr: 2.50e-04 wd: 0.029 | left: 204s
step 03950 ( 15.2%) | loss: 0.990577 | trade:0.28 call:0.77 put:0.23 | ATM:0.53 OTM:0.47 [rnd] | lr: 2.50e-04 wd: 0.029 | left: 204s
step 04000 ( 15.3%) | loss: 0.831070 | trade:0.22 call:0.72 put:0.28 | ATM:0.57 OTM:0.43 [rnd] | lr: 2.50e-04 wd: 0.029 | left: 203s
step 04050 ( 15.5%) | loss: 0.649327 | trade:0.10 call:0.75 put:0.25 | ATM:0.74 OTM:0.26 [seq] | lr: 2.50e-04 wd: 0.029 | left: 203s
step 04100 ( 15.7%) | loss: 0.608285 | trade:0.31 call:0.74 put:0.26 | ATM:0.55 OTM:0.45 [rnd] | lr: 2.50e-04 wd: 0.029 | left: 202s
step 04150 ( 15.8%) | loss: 0.511789 | trade:0.25 call:0.95 put:0.05 | ATM:0.49 OTM:0.51 [seq] | lr: 2.50e-04 wd: 0.029 | left: 202s
step 04200 ( 16.0%) | loss: 1.153760 | trade:0.24 call:0.73 put:0.27 | ATM:0.56 OTM:0.44 [rnd] | lr: 2.50e-04 wd: 0.029 | left: 202s
step 04250 ( 16.2%) | loss: 0.691626 | trade:0.21 call:0.73 put:0.27 | ATM:0.53 OTM:0.47 [rnd] | lr: 2.50e-04 wd: 0.029 | left: 201s
step 04300 ( 16.4%) | loss: 0.546517 | trade:0.67 call:0.99 put:0.01 | ATM:0.33 OTM:0.67 [seq] | lr: 2.50e-04 wd: 0.029 | left: 201s
step 04350 ( 16.5%) | loss: 0.467367 | trade:0.06 call:0.75 put:0.25 | ATM:0.39 OTM:0.61 [seq] | lr: 2.50e-04 wd: 0.029 | left: 200s
step 04400 ( 16.7%) | loss: 0.441685 | trade:0.00 call:0.80 put:0.20 | ATM:0.68 OTM:0.32 [seq] | lr: 2.50e-04 wd: 0.029 | left: 200s
step 04450 ( 16.9%) | loss: 0.552895 | trade:0.00 call:0.69 put:0.31 | ATM:0.49 OTM:0.51 [seq] | lr: 2.50e-04 wd: 0.029 | left: 200s
step 04500 ( 17.0%) | loss: 0.849931 | trade:0.32 call:0.74 put:0.26 | ATM:0.57 OTM:0.43 [rnd] | lr: 2.50e-04 wd: 0.029 | left: 199s
step 04550 ( 17.2%) | loss: 0.909976 | trade:0.24 call:0.66 put:0.34 | ATM:0.58 OTM:0.42 [rnd] | lr: 2.50e-04 wd: 0.029 | left: 199s
step 04600 ( 17.4%) | loss: 0.802549 | trade:0.67 call:0.02 put:0.98 | ATM:0.53 OTM:0.47 [seq] | lr: 2.50e-04 wd: 0.029 | left: 198s
step 04650 ( 17.6%) | loss: 0.741480 | trade:0.22 call:0.77 put:0.23 | ATM:0.60 OTM:0.40 [rnd] | lr: 2.50e-04 wd: 0.029 | left: 198s
step 04700 ( 17.8%) | loss: 0.835802 | trade:0.01 call:0.95 put:0.05 | ATM:0.87 OTM:0.13 [seq] | lr: 2.50e-04 wd: 0.029 | left: 197s
step 04750 ( 18.0%) | loss: 0.956328 | trade:0.22 call:0.76 put:0.24 | ATM:0.60 OTM:0.40 [rnd] | lr: 2.50e-04 wd: 0.030 | left: 197s
step 04800 ( 18.2%) | loss: 0.604387 | trade:0.32 call:0.78 put:0.22 | ATM:0.40 OTM:0.60 [seq] | lr: 2.50e-04 wd: 0.030 | left: 196s
step 04850 ( 18.4%) | loss: 0.903558 | trade:0.32 call:0.49 put:0.51 | ATM:0.64 OTM:0.36 [seq] | lr: 2.50e-04 wd: 0.030 | left: 196s
step 04900 ( 18.6%) | loss: 0.758031 | trade:0.29 call:0.78 put:0.22 | ATM:0.67 OTM:0.33 [seq] | lr: 2.50e-04 wd: 0.030 | left: 195s
step 04950 ( 18.8%) | loss: 0.372511 | trade:0.08 call:0.95 put:0.05 | ATM:0.93 OTM:0.07 [seq] | lr: 2.50e-04 wd: 0.030 | left: 195s
step 05000 ( 18.9%) | loss: 0.613791 | trade:0.58 call:0.81 put:0.19 | ATM:0.64 OTM:0.36 [seq] | lr: 2.50e-04 wd: 0.030 | left: 195s
step 05050 ( 19.1%) | loss: 0.697343 | trade:0.52 call:0.94 put:0.06 | ATM:0.92 OTM:0.08 [seq] | lr: 2.50e-04 wd: 0.030 | left: 194s
step 05100 ( 19.3%) | loss: 0.492660 | trade:0.00 call:0.56 put:0.44 | ATM:0.51 OTM:0.49 [seq] | lr: 2.50e-04 wd: 0.030 | left: 194s
step 05150 ( 19.5%) | loss: 0.666055 | trade:0.13 call:0.59 put:0.41 | ATM:0.40 OTM:0.60 [seq] | lr: 2.50e-04 wd: 0.030 | left: 193s
step 05200 ( 19.6%) | loss: 0.613401 | trade:0.00 call:0.76 put:0.24 | ATM:0.60 OTM:0.40 [seq] | lr: 2.50e-04 wd: 0.030 | left: 193s
step 05250 ( 19.9%) | loss: 0.669641 | trade:0.00 call:0.88 put:0.12 | ATM:0.80 OTM:0.20 [seq] | lr: 2.50e-04 wd: 0.030 | left: 192s
step 05300 ( 20.0%) | loss: 0.584143 | trade:0.18 call:0.99 put:0.01 | ATM:0.91 OTM:0.09 [seq] | lr: 2.50e-04 wd: 0.030 | left: 192s
step 05350 ( 20.2%) | loss: 0.643138 | trade:0.66 call:0.99 put:0.01 | ATM:0.38 OTM:0.62 [seq] | lr: 2.50e-04 wd: 0.030 | left: 191s
step 05400 ( 20.4%) | loss: 0.832765 | trade:0.27 call:0.71 put:0.29 | ATM:0.59 OTM:0.41 [rnd] | lr: 2.50e-04 wd: 0.030 | left: 191s
step 05450 ( 20.6%) | loss: 0.628815 | trade:0.70 call:1.00 put:0.00 | ATM:0.22 OTM:0.78 [seq] | lr: 2.50e-04 wd: 0.030 | left: 190s
step 05500 ( 20.8%) | loss: 0.743021 | trade:0.29 call:0.69 put:0.31 | ATM:0.58 OTM:0.42 [rnd] | lr: 2.50e-04 wd: 0.030 | left: 190s
step 05550 ( 21.0%) | loss: 0.823076 | trade:0.60 call:0.99 put:0.01 | ATM:0.29 OTM:0.71 [seq] | lr: 2.50e-04 wd: 0.030 | left: 190s
step 05600 ( 21.2%) | loss: 0.325190 | trade:0.65 call:0.99 put:0.01 | ATM:0.36 OTM:0.64 [seq] | lr: 2.50e-04 wd: 0.030 | left: 189s
step 05650 ( 21.4%) | loss: 0.437709 | trade:0.02 call:0.75 put:0.25 | ATM:0.31 OTM:0.69 [seq] | lr: 2.50e-04 wd: 0.030 | left: 189s
step 05700 ( 21.7%) | loss: 1.250961 | trade:0.23 call:0.77 put:0.23 | ATM:0.55 OTM:0.45 [rnd] | lr: 2.50e-04 wd: 0.030 | left: 188s
step 05750 ( 21.9%) | loss: 1.449600 | trade:0.22 call:0.98 put:0.02 | ATM:0.66 OTM:0.34 [seq] | lr: 2.50e-04 wd: 0.030 | left: 187s
step 05800 ( 22.1%) | loss: 0.822666 | trade:0.25 call:0.75 put:0.25 | ATM:0.55 OTM:0.45 [rnd] | lr: 2.50e-04 wd: 0.031 | left: 187s
step 05850 ( 22.3%) | loss: 0.779601 | trade:0.39 call:0.81 put:0.19 | ATM:0.73 OTM:0.27 [seq] | lr: 2.50e-04 wd: 0.031 | left: 186s
step 05900 ( 22.5%) | loss: 1.097604 | trade:0.60 call:0.94 put:0.06 | ATM:0.37 OTM:0.63 [seq] | lr: 2.50e-04 wd: 0.031 | left: 186s
step 05950 ( 22.7%) | loss: 0.843405 | trade:0.61 call:1.00 put:0.00 | ATM:0.21 OTM:0.79 [seq] | lr: 2.50e-04 wd: 0.031 | left: 186s
step 06000 ( 22.8%) | loss: 0.860236 | trade:0.20 call:0.77 put:0.23 | ATM:0.53 OTM:0.47 [rnd] | lr: 2.50e-04 wd: 0.031 | left: 185s
step 06050 ( 23.1%) | loss: 0.813121 | trade:0.50 call:0.96 put:0.04 | ATM:0.89 OTM:0.11 [seq] | lr: 2.50e-04 wd: 0.031 | left: 185s
step 06100 ( 23.3%) | loss: 1.117337 | trade:0.27 call:0.77 put:0.23 | ATM:0.56 OTM:0.44 [seq] | lr: 2.50e-04 wd: 0.031 | left: 184s
step 06150 ( 23.5%) | loss: 0.962554 | trade:0.24 call:0.70 put:0.30 | ATM:0.56 OTM:0.44 [rnd] | lr: 2.50e-04 wd: 0.031 | left: 184s
step 06200 ( 23.6%) | loss: 0.912528 | trade:0.85 call:0.02 put:0.98 | ATM:0.66 OTM:0.34 [seq] | lr: 2.50e-04 wd: 0.031 | left: 183s
step 06250 ( 23.8%) | loss: 0.734505 | trade:0.73 call:0.01 put:0.99 | ATM:0.69 OTM:0.31 [seq] | lr: 2.50e-04 wd: 0.031 | left: 183s
step 06300 ( 24.0%) | loss: 0.620636 | trade:0.00 call:0.77 put:0.23 | ATM:0.72 OTM:0.28 [seq] | lr: 2.50e-04 wd: 0.031 | left: 182s
step 06350 ( 24.1%) | loss: 1.065105 | trade:0.35 call:0.98 put:0.02 | ATM:0.31 OTM:0.69 [seq] | lr: 2.50e-04 wd: 0.031 | left: 182s
step 06400 ( 24.3%) | loss: 1.173493 | trade:0.41 call:0.99 put:0.01 | ATM:0.32 OTM:0.68 [seq] | lr: 2.50e-04 wd: 0.031 | left: 182s
step 06450 ( 24.5%) | loss: 1.617301 | trade:0.47 call:0.93 put:0.07 | ATM:0.29 OTM:0.71 [seq] | lr: 2.50e-04 wd: 0.031 | left: 181s
step 06500 ( 24.7%) | loss: 0.696394 | trade:0.01 call:0.76 put:0.24 | ATM:0.41 OTM:0.59 [seq] | lr: 2.50e-04 wd: 0.031 | left: 181s
step 06550 ( 25.1%) | loss: 0.795718 | trade:0.29 call:0.86 put:0.14 | ATM:0.76 OTM:0.24 [seq] | lr: 2.50e-04 wd: 0.031 | left: 180s
step 06600 ( 25.2%) | loss: 0.603025 | trade:0.47 call:0.02 put:0.98 | ATM:0.63 OTM:0.37 [seq] | lr: 2.50e-04 wd: 0.031 | left: 179s
step 06650 ( 25.4%) | loss: 0.541629 | trade:0.53 call:0.01 put:0.99 | ATM:0.69 OTM:0.31 [seq] | lr: 2.50e-04 wd: 0.031 | left: 179s
step 06700 ( 25.7%) | loss: 0.547905 | trade:0.58 call:0.98 put:0.02 | ATM:0.74 OTM:0.26 [seq] | lr: 2.50e-04 wd: 0.031 | left: 178s
step 06750 ( 25.9%) | loss: 0.676199 | trade:0.51 call:0.96 put:0.04 | ATM:0.89 OTM:0.11 [seq] | lr: 2.50e-04 wd: 0.031 | left: 178s
step 06800 ( 26.1%) | loss: 0.803722 | trade:0.00 call:0.57 put:0.43 | ATM:0.55 OTM:0.45 [seq] | lr: 2.50e-04 wd: 0.032 | left: 177s
step 06850 ( 26.3%) | loss: 0.675547 | trade:0.00 call:0.16 put:0.84 | ATM:0.72 OTM:0.28 [seq] | lr: 2.50e-04 wd: 0.032 | left: 177s
step 06900 ( 26.5%) | loss: 0.305107 | trade:0.64 call:0.04 put:0.96 | ATM:0.76 OTM:0.24 [seq] | lr: 2.50e-04 wd: 0.032 | left: 176s
step 06950 ( 26.7%) | loss: 0.704589 | trade:0.26 call:0.73 put:0.27 | ATM:0.58 OTM:0.42 [rnd] | lr: 2.50e-04 wd: 0.032 | left: 176s
step 07000 ( 26.9%) | loss: 0.364621 | trade:0.72 call:1.00 put:0.00 | ATM:0.40 OTM:0.60 [seq] | lr: 2.50e-04 wd: 0.032 | left: 175s
step 07050 ( 27.1%) | loss: 0.574997 | trade:0.88 call:0.90 put:0.10 | ATM:0.26 OTM:0.74 [seq] | lr: 2.50e-04 wd: 0.032 | left: 175s
step 07100 ( 27.3%) | loss: 0.532319 | trade:0.84 call:1.00 put:0.00 | ATM:0.15 OTM:0.85 [seq] | lr: 2.50e-04 wd: 0.032 | left: 175s
step 07150 ( 27.7%) | loss: 1.117113 | trade:0.28 call:0.74 put:0.26 | ATM:0.58 OTM:0.42 [rnd] | lr: 2.50e-04 wd: 0.032 | left: 174s
step 07200 ( 27.9%) | loss: 0.573125 | trade:0.70 call:0.99 put:0.01 | ATM:0.28 OTM:0.72 [seq] | lr: 2.50e-04 wd: 0.032 | left: 173s
step 07250 ( 28.2%) | loss: 0.546529 | trade:0.27 call:0.76 put:0.24 | ATM:0.54 OTM:0.46 [rnd] | lr: 2.50e-04 wd: 0.032 | left: 172s
step 07300 ( 28.4%) | loss: 0.602459 | trade:0.01 call:0.97 put:0.03 | ATM:0.94 OTM:0.06 [seq] | lr: 2.50e-04 wd: 0.032 | left: 172s
step 07350 ( 28.5%) | loss: 0.599505 | trade:0.00 call:0.65 put:0.35 | ATM:0.41 OTM:0.59 [seq] | lr: 2.50e-04 wd: 0.032 | left: 172s
step 07400 ( 28.6%) | loss: 0.676384 | trade:0.23 call:0.74 put:0.26 | ATM:0.57 OTM:0.43 [rnd] | lr: 2.50e-04 wd: 0.032 | left: 171s
step 07450 ( 28.8%) | loss: 0.616805 | trade:0.23 call:0.77 put:0.23 | ATM:0.58 OTM:0.42 [rnd] | lr: 2.50e-04 wd: 0.032 | left: 171s
step 07500 ( 28.9%) | loss: 0.511543 | trade:0.00 call:0.89 put:0.11 | ATM:0.55 OTM:0.45 [seq] | lr: 2.50e-04 wd: 0.032 | left: 171s
step 07550 ( 29.1%) | loss: 0.594025 | trade:0.00 call:0.54 put:0.46 | ATM:0.61 OTM:0.39 [seq] | lr: 2.50e-04 wd: 0.032 | left: 170s
step 07600 ( 29.3%) | loss: 0.423923 | trade:0.00 call:0.45 put:0.55 | ATM:0.66 OTM:0.34 [seq] | lr: 2.50e-04 wd: 0.032 | left: 170s
step 07650 ( 29.5%) | loss: 0.707185 | trade:0.32 call:0.69 put:0.31 | ATM:0.56 OTM:0.44 [rnd] | lr: 2.50e-04 wd: 0.032 | left: 169s
step 07700 ( 29.7%) | loss: 0.522686 | trade:0.27 call:0.74 put:0.26 | ATM:0.52 OTM:0.48 [rnd] | lr: 2.50e-04 wd: 0.032 | left: 169s
step 07750 ( 29.8%) | loss: 0.519229 | trade:0.00 call:0.48 put:0.52 | ATM:0.56 OTM:0.44 [seq] | lr: 2.50e-04 wd: 0.032 | left: 168s
step 07800 ( 29.9%) | loss: 0.518221 | trade:0.26 call:0.74 put:0.26 | ATM:0.62 OTM:0.38 [rnd] | lr: 2.50e-04 wd: 0.032 | left: 168s
step 07850 ( 30.1%) | loss: 0.621947 | trade:0.00 call:0.53 put:0.47 | ATM:0.42 OTM:0.58 [seq] | lr: 2.50e-04 wd: 0.033 | left: 168s
step 07900 ( 30.3%) | loss: 0.764387 | trade:0.00 call:0.92 put:0.08 | ATM:0.48 OTM:0.52 [seq] | lr: 2.50e-04 wd: 0.033 | left: 167s
step 07950 ( 30.5%) | loss: 0.423904 | trade:0.26 call:0.75 put:0.25 | ATM:0.58 OTM:0.42 [rnd] | lr: 2.50e-04 wd: 0.033 | left: 167s
step 08000 ( 30.6%) | loss: 0.540400 | trade:0.73 call:0.01 put:0.99 | ATM:0.62 OTM:0.38 [seq] | lr: 2.50e-04 wd: 0.033 | left: 166s
step 08050 ( 30.8%) | loss: 0.755845 | trade:0.00 call:0.87 put:0.13 | ATM:0.55 OTM:0.45 [seq] | lr: 2.50e-04 wd: 0.033 | left: 166s
step 08100 ( 31.1%) | loss: 0.852265 | trade:0.23 call:0.74 put:0.26 | ATM:0.54 OTM:0.46 [rnd] | lr: 2.50e-04 wd: 0.033 | left: 165s
step 08150 ( 31.2%) | loss: 0.780505 | trade:0.21 call:0.84 put:0.16 | ATM:0.61 OTM:0.39 [seq] | lr: 2.50e-04 wd: 0.033 | left: 165s
step 08200 ( 31.6%) | loss: 0.492657 | trade:0.02 call:0.72 put:0.28 | ATM:0.46 OTM:0.54 [seq] | lr: 2.50e-04 wd: 0.033 | left: 164s
step 08250 ( 31.7%) | loss: 0.541249 | trade:0.00 call:0.71 put:0.29 | ATM:0.41 OTM:0.59 [seq] | lr: 2.50e-04 wd: 0.033 | left: 164s
step 08300 ( 31.9%) | loss: 0.707161 | trade:0.31 call:0.77 put:0.23 | ATM:0.51 OTM:0.49 [rnd] | lr: 2.50e-04 wd: 0.033 | left: 163s
step 08350 ( 32.1%) | loss: 0.934451 | trade:0.26 call:0.76 put:0.24 | ATM:0.56 OTM:0.44 [rnd] | lr: 2.50e-04 wd: 0.033 | left: 163s
step 08400 ( 32.3%) | loss: 0.895758 | trade:0.59 call:0.93 put:0.07 | ATM:0.48 OTM:0.52 [seq] | lr: 2.50e-04 wd: 0.033 | left: 163s
step 08450 ( 32.4%) | loss: 0.734616 | trade:0.29 call:0.75 put:0.25 | ATM:0.58 OTM:0.42 [rnd] | lr: 2.50e-04 wd: 0.033 | left: 162s
step 08500 ( 32.6%) | loss: 0.343064 | trade:0.00 call:0.85 put:0.15 | ATM:0.46 OTM:0.54 [seq] | lr: 2.50e-04 wd: 0.033 | left: 162s
step 08550 ( 32.7%) | loss: 0.369601 | trade:0.00 call:0.89 put:0.11 | ATM:0.75 OTM:0.25 [seq] | lr: 2.50e-04 wd: 0.033 | left: 162s
step 08600 ( 32.9%) | loss: 0.440251 | trade:0.00 call:0.28 put:0.72 | ATM:0.88 OTM:0.12 [seq] | lr: 2.50e-04 wd: 0.033 | left: 161s
step 08650 ( 33.1%) | loss: 0.677903 | trade:0.00 call:0.21 put:0.79 | ATM:0.83 OTM:0.17 [seq] | lr: 2.50e-04 wd: 0.033 | left: 161s
step 08700 ( 33.3%) | loss: 0.721341 | trade:0.25 call:0.82 put:0.18 | ATM:0.43 OTM:0.57 [seq] | lr: 2.50e-04 wd: 0.033 | left: 160s
step 08750 ( 33.4%) | loss: 0.641436 | trade:0.21 call:0.73 put:0.27 | ATM:0.57 OTM:0.43 [rnd] | lr: 2.50e-04 wd: 0.033 | left: 160s
step 08800 ( 33.6%) | loss: 0.870023 | trade:0.19 call:0.78 put:0.22 | ATM:0.59 OTM:0.41 [rnd] | lr: 2.50e-04 wd: 0.033 | left: 159s
step 08850 ( 33.7%) | loss: 0.640018 | trade:0.00 call:0.03 put:0.97 | ATM:0.93 OTM:0.07 [seq] | lr: 2.50e-04 wd: 0.033 | left: 159s
step 08900 ( 33.9%) | loss: 0.624916 | trade:0.59 call:0.98 put:0.02 | ATM:0.78 OTM:0.22 [seq] | lr: 2.50e-04 wd: 0.033 | left: 159s
step 08950 ( 34.1%) | loss: 0.851801 | trade:0.18 call:0.96 put:0.04 | ATM:0.96 OTM:0.04 [seq] | lr: 2.50e-04 wd: 0.034 | left: 158s
step 09000 ( 34.2%) | loss: 0.880639 | trade:0.00 call:0.96 put:0.04 | ATM:0.76 OTM:0.24 [seq] | lr: 2.50e-04 wd: 0.034 | left: 158s
step 09050 ( 34.4%) | loss: 0.373821 | trade:0.24 call:0.74 put:0.26 | ATM:0.55 OTM:0.45 [rnd] | lr: 2.50e-04 wd: 0.034 | left: 157s
step 09100 ( 34.6%) | loss: 0.815966 | trade:0.31 call:0.78 put:0.22 | ATM:0.53 OTM:0.47 [rnd] | lr: 2.50e-04 wd: 0.034 | left: 157s
step 09150 ( 34.7%) | loss: 0.336973 | trade:0.55 call:0.95 put:0.05 | ATM:0.75 OTM:0.25 [seq] | lr: 2.50e-04 wd: 0.034 | left: 157s
step 09200 ( 34.9%) | loss: 0.780892 | trade:0.13 call:0.92 put:0.08 | ATM:0.81 OTM:0.19 [seq] | lr: 2.50e-04 wd: 0.034 | left: 156s
step 09250 ( 35.1%) | loss: 1.002921 | trade:0.29 call:0.70 put:0.30 | ATM:0.58 OTM:0.42 [rnd] | lr: 2.50e-04 wd: 0.034 | left: 156s
step 09300 ( 35.3%) | loss: 0.498542 | trade:0.00 call:0.52 put:0.48 | ATM:0.63 OTM:0.37 [seq] | lr: 2.50e-04 wd: 0.034 | left: 155s
step 09350 ( 35.4%) | loss: 1.026802 | trade:0.04 call:0.17 put:0.83 | ATM:0.64 OTM:0.36 [seq] | lr: 2.50e-04 wd: 0.034 | left: 155s
step 09400 ( 35.6%) | loss: 0.793914 | trade:0.86 call:0.02 put:0.98 | ATM:0.67 OTM:0.33 [seq] | lr: 2.50e-04 wd: 0.034 | left: 155s
step 09450 ( 35.8%) | loss: 0.300203 | trade:0.64 call:0.01 put:0.99 | ATM:0.62 OTM:0.38 [seq] | lr: 2.50e-04 wd: 0.034 | left: 154s
step 09500 ( 36.0%) | loss: 0.621760 | trade:0.00 call:0.38 put:0.62 | ATM:0.75 OTM:0.25 [seq] | lr: 2.50e-04 wd: 0.034 | left: 154s
step 09550 ( 36.2%) | loss: 0.831898 | trade:0.26 call:0.78 put:0.22 | ATM:0.53 OTM:0.47 [rnd] | lr: 2.50e-04 wd: 0.034 | left: 153s
step 09600 ( 36.4%) | loss: 0.868855 | trade:0.00 call:0.81 put:0.19 | ATM:0.42 OTM:0.58 [seq] | lr: 2.50e-04 wd: 0.034 | left: 153s
step 09650 ( 36.6%) | loss: 0.635576 | trade:0.01 call:0.90 put:0.10 | ATM:0.89 OTM:0.11 [seq] | lr: 2.50e-04 wd: 0.034 | left: 152s
step 09700 ( 36.7%) | loss: 0.332351 | trade:0.01 call:0.90 put:0.10 | ATM:0.80 OTM:0.20 [seq] | lr: 2.50e-04 wd: 0.034 | left: 152s
step 09750 ( 37.0%) | loss: 0.505145 | trade:0.50 call:0.74 put:0.26 | ATM:0.50 OTM:0.50 [seq] | lr: 2.50e-04 wd: 0.034 | left: 151s
step 09800 ( 37.1%) | loss: 0.555562 | trade:0.70 call:0.99 put:0.01 | ATM:0.30 OTM:0.70 [seq] | lr: 2.50e-04 wd: 0.034 | left: 151s
step 09850 ( 37.3%) | loss: 0.475949 | trade:0.29 call:0.80 put:0.20 | ATM:0.33 OTM:0.67 [seq] | lr: 2.50e-04 wd: 0.034 | left: 150s
step 09900 ( 37.5%) | loss: 0.631009 | trade:0.27 call:0.74 put:0.26 | ATM:0.55 OTM:0.45 [rnd] | lr: 2.50e-04 wd: 0.034 | left: 150s
step 09950 ( 37.7%) | loss: 0.909794 | trade:0.27 call:0.73 put:0.27 | ATM:0.52 OTM:0.48 [rnd] | lr: 2.50e-04 wd: 0.034 | left: 150s
step 10000 ( 37.9%) | loss: 0.737238 | trade:0.00 call:0.66 put:0.34 | ATM:0.48 OTM:0.52 [seq] | lr: 2.50e-04 wd: 0.034 | left: 149s
step 10050 ( 38.0%) | loss: 0.773242 | trade:0.23 call:0.72 put:0.28 | ATM:0.57 OTM:0.43 [rnd] | lr: 2.50e-04 wd: 0.035 | left: 149s
step 10100 ( 38.2%) | loss: 0.646115 | trade:0.00 call:0.83 put:0.17 | ATM:0.73 OTM:0.27 [seq] | lr: 2.50e-04 wd: 0.035 | left: 148s
step 10150 ( 38.3%) | loss: 0.694911 | trade:0.25 call:0.72 put:0.28 | ATM:0.55 OTM:0.45 [rnd] | lr: 2.50e-04 wd: 0.035 | left: 148s
step 10200 ( 38.5%) | loss: 0.636950 | trade:0.26 call:0.76 put:0.24 | ATM:0.53 OTM:0.47 [rnd] | lr: 2.50e-04 wd: 0.035 | left: 148s
step 10250 ( 38.7%) | loss: 0.529428 | trade:0.24 call:0.75 put:0.25 | ATM:0.54 OTM:0.46 [rnd] | lr: 2.50e-04 wd: 0.035 | left: 147s
step 10300 ( 38.9%) | loss: 0.368717 | trade:0.00 call:0.63 put:0.37 | ATM:0.52 OTM:0.48 [seq] | lr: 2.50e-04 wd: 0.035 | left: 147s
step 10350 ( 39.1%) | loss: 0.731348 | trade:0.00 call:0.55 put:0.45 | ATM:0.47 OTM:0.53 [seq] | lr: 2.50e-04 wd: 0.035 | left: 146s
step 10400 ( 39.2%) | loss: 0.589924 | trade:0.00 call:0.97 put:0.03 | ATM:0.24 OTM:0.76 [seq] | lr: 2.50e-04 wd: 0.035 | left: 146s
step 10450 ( 39.4%) | loss: 0.747545 | trade:0.67 call:0.96 put:0.04 | ATM:0.46 OTM:0.54 [seq] | lr: 2.50e-04 wd: 0.035 | left: 145s
step 10500 ( 39.5%) | loss: 0.600851 | trade:0.26 call:0.75 put:0.25 | ATM:0.53 OTM:0.47 [rnd] | lr: 2.50e-04 wd: 0.035 | left: 145s
step 10550 ( 39.7%) | loss: 0.584531 | trade:0.00 call:0.71 put:0.29 | ATM:0.53 OTM:0.47 [seq] | lr: 2.50e-04 wd: 0.035 | left: 145s
step 10600 ( 39.9%) | loss: 0.845705 | trade:0.23 call:0.88 put:0.12 | ATM:0.41 OTM:0.59 [seq] | lr: 2.50e-04 wd: 0.035 | left: 144s
step 10650 ( 40.1%) | loss: 0.632825 | trade:0.90 call:0.01 put:0.99 | ATM:0.72 OTM:0.28 [seq] | lr: 2.50e-04 wd: 0.035 | left: 144s
step 10700 ( 40.3%) | loss: 0.566004 | trade:0.66 call:0.01 put:0.99 | ATM:0.72 OTM:0.28 [seq] | lr: 2.50e-04 wd: 0.035 | left: 143s
step 10750 ( 40.4%) | loss: 0.621978 | trade:0.24 call:0.71 put:0.29 | ATM:0.56 OTM:0.44 [rnd] | lr: 2.50e-04 wd: 0.035 | left: 143s
step 10800 ( 40.6%) | loss: 0.650914 | trade:0.30 call:0.71 put:0.29 | ATM:0.52 OTM:0.48 [rnd] | lr: 2.50e-04 wd: 0.035 | left: 143s
step 10850 ( 40.8%) | loss: 0.879407 | trade:0.23 call:0.75 put:0.25 | ATM:0.58 OTM:0.42 [rnd] | lr: 2.50e-04 wd: 0.035 | left: 142s
step 10900 ( 40.9%) | loss: 0.824336 | trade:0.07 call:0.95 put:0.05 | ATM:0.55 OTM:0.45 [seq] | lr: 2.50e-04 wd: 0.035 | left: 142s
step 10950 ( 41.1%) | loss: 0.836938 | trade:0.21 call:0.79 put:0.21 | ATM:0.51 OTM:0.49 [rnd] | lr: 2.50e-04 wd: 0.035 | left: 141s
step 11000 ( 41.3%) | loss: 0.786046 | trade:0.21 call:0.75 put:0.25 | ATM:0.56 OTM:0.44 [rnd] | lr: 2.50e-04 wd: 0.035 | left: 141s
step 11050 ( 41.4%) | loss: 0.577927 | trade:0.24 call:0.74 put:0.26 | ATM:0.50 OTM:0.50 [rnd] | lr: 2.50e-04 wd: 0.035 | left: 141s
step 11100 ( 41.6%) | loss: 0.834451 | trade:0.77 call:0.99 put:0.01 | ATM:0.39 OTM:0.61 [seq] | lr: 2.50e-04 wd: 0.035 | left: 140s
step 11150 ( 41.8%) | loss: 0.599859 | trade:0.40 call:0.03 put:0.97 | ATM:0.98 OTM:0.02 [seq] | lr: 2.50e-04 wd: 0.035 | left: 140s
step 11200 ( 42.0%) | loss: 0.773088 | trade:0.00 call:0.29 put:0.71 | ATM:0.87 OTM:0.13 [seq] | lr: 2.50e-04 wd: 0.035 | left: 139s
step 11250 ( 42.2%) | loss: 0.736792 | trade:0.31 call:0.58 put:0.42 | ATM:0.57 OTM:0.43 [seq] | lr: 2.50e-04 wd: 0.036 | left: 139s
step 11300 ( 42.3%) | loss: 0.904253 | trade:0.23 call:0.69 put:0.31 | ATM:0.57 OTM:0.43 [seq] | lr: 2.50e-04 wd: 0.036 | left: 138s
step 11350 ( 42.6%) | loss: 0.901738 | trade:0.69 call:1.00 put:0.00 | ATM:0.21 OTM:0.79 [seq] | lr: 2.50e-04 wd: 0.036 | left: 138s
step 11400 ( 42.9%) | loss: 0.760645 | trade:0.74 call:0.99 put:0.01 | ATM:0.18 OTM:0.82 [seq] | lr: 2.50e-04 wd: 0.036 | left: 137s
step 11450 ( 43.2%) | loss: 0.873956 | trade:0.13 call:0.96 put:0.04 | ATM:0.47 OTM:0.53 [seq] | lr: 2.50e-04 wd: 0.036 | left: 136s
step 11500 ( 43.4%) | loss: 0.617844 | trade:0.01 call:0.67 put:0.33 | ATM:0.33 OTM:0.67 [seq] | lr: 2.50e-04 wd: 0.036 | left: 136s
step 11550 ( 43.6%) | loss: 0.486557 | trade:0.24 call:0.73 put:0.27 | ATM:0.57 OTM:0.43 [rnd] | lr: 2.50e-04 wd: 0.036 | left: 135s
step 11600 ( 43.7%) | loss: 0.801883 | trade:0.64 call:0.99 put:0.01 | ATM:0.29 OTM:0.71 [seq] | lr: 2.50e-04 wd: 0.036 | left: 135s
step 11650 ( 43.9%) | loss: 0.755585 | trade:0.22 call:0.69 put:0.31 | ATM:0.54 OTM:0.46 [rnd] | lr: 2.50e-04 wd: 0.036 | left: 135s
step 11700 ( 44.0%) | loss: 0.710254 | trade:0.00 call:0.63 put:0.37 | ATM:0.41 OTM:0.59 [seq] | lr: 2.50e-04 wd: 0.036 | left: 134s
step 11750 ( 44.2%) | loss: 0.743330 | trade:0.28 call:0.79 put:0.21 | ATM:0.53 OTM:0.47 [rnd] | lr: 2.50e-04 wd: 0.036 | left: 134s
step 11800 ( 44.4%) | loss: 0.608769 | trade:0.73 call:0.98 put:0.02 | ATM:0.55 OTM:0.45 [seq] | lr: 2.50e-04 wd: 0.036 | left: 134s
step 11850 ( 44.5%) | loss: 0.464633 | trade:0.66 call:1.00 put:0.00 | ATM:0.27 OTM:0.73 [seq] | lr: 2.50e-04 wd: 0.036 | left: 133s
step 11900 ( 44.7%) | loss: 0.328518 | trade:0.00 call:0.78 put:0.22 | ATM:0.33 OTM:0.67 [seq] | lr: 2.50e-04 wd: 0.036 | left: 133s
step 11950 ( 44.9%) | loss: 0.939367 | trade:0.00 call:0.73 put:0.27 | ATM:0.64 OTM:0.36 [seq] | lr: 2.50e-04 wd: 0.036 | left: 132s
step 12000 ( 45.0%) | loss: 0.836913 | trade:0.34 call:0.96 put:0.04 | ATM:0.93 OTM:0.07 [seq] | lr: 2.50e-04 wd: 0.036 | left: 132s
step 12050 ( 45.3%) | loss: 0.514152 | trade:0.32 call:0.33 put:0.67 | ATM:0.81 OTM:0.19 [seq] | lr: 2.50e-04 wd: 0.036 | left: 131s
step 12100 ( 45.5%) | loss: 0.836137 | trade:0.32 call:0.77 put:0.23 | ATM:0.63 OTM:0.37 [seq] | lr: 2.50e-04 wd: 0.036 | left: 131s
step 12150 ( 45.6%) | loss: 0.509658 | trade:0.00 call:0.81 put:0.19 | ATM:0.55 OTM:0.45 [seq] | lr: 2.50e-04 wd: 0.036 | left: 131s
step 12200 ( 45.8%) | loss: 0.616124 | trade:0.00 call:0.99 put:0.01 | ATM:0.27 OTM:0.73 [seq] | lr: 2.50e-04 wd: 0.036 | left: 130s
step 12250 ( 45.9%) | loss: 0.766312 | trade:0.00 call:0.70 put:0.30 | ATM:0.43 OTM:0.57 [seq] | lr: 2.50e-04 wd: 0.036 | left: 130s
step 12300 ( 46.1%) | loss: 0.657245 | trade:0.00 call:0.72 put:0.28 | ATM:0.34 OTM:0.66 [seq] | lr: 2.50e-04 wd: 0.037 | left: 129s
step 12350 ( 46.2%) | loss: 0.414337 | trade:0.00 call:0.67 put:0.33 | ATM:0.49 OTM:0.51 [seq] | lr: 2.50e-04 wd: 0.037 | left: 129s
step 12400 ( 46.4%) | loss: 0.606838 | trade:0.00 call:0.83 put:0.17 | ATM:0.41 OTM:0.59 [seq] | lr: 2.50e-04 wd: 0.037 | left: 129s
step 12450 ( 46.6%) | loss: 0.477954 | trade:0.59 call:0.99 put:0.01 | ATM:0.32 OTM:0.68 [seq] | lr: 2.50e-04 wd: 0.037 | left: 128s
step 12500 ( 46.8%) | loss: 0.624234 | trade:0.00 call:0.34 put:0.66 | ATM:0.57 OTM:0.43 [seq] | lr: 2.50e-04 wd: 0.037 | left: 128s
step 12550 ( 47.0%) | loss: 0.627203 | trade:0.00 call:0.70 put:0.30 | ATM:0.43 OTM:0.57 [seq] | lr: 2.50e-04 wd: 0.037 | left: 127s
step 12600 ( 47.2%) | loss: 0.831326 | trade:0.86 call:0.07 put:0.93 | ATM:0.53 OTM:0.47 [seq] | lr: 2.50e-04 wd: 0.037 | left: 127s
step 12650 ( 47.3%) | loss: 0.642173 | trade:0.73 call:0.00 put:1.00 | ATM:0.71 OTM:0.29 [seq] | lr: 2.50e-04 wd: 0.037 | left: 126s
step 12700 ( 47.5%) | loss: 0.651964 | trade:0.00 call:0.55 put:0.45 | ATM:0.53 OTM:0.47 [seq] | lr: 2.50e-04 wd: 0.037 | left: 126s
step 12750 ( 47.6%) | loss: 0.682376 | trade:0.26 call:0.75 put:0.25 | ATM:0.54 OTM:0.46 [rnd] | lr: 2.50e-04 wd: 0.037 | left: 126s
step 12800 ( 47.8%) | loss: 0.675823 | trade:0.04 call:0.90 put:0.10 | ATM:0.46 OTM:0.54 [seq] | lr: 2.50e-04 wd: 0.037 | left: 125s
step 12850 ( 47.9%) | loss: 0.699426 | trade:0.25 call:0.74 put:0.26 | ATM:0.56 OTM:0.44 [rnd] | lr: 2.50e-04 wd: 0.037 | left: 125s
step 12900 ( 48.1%) | loss: 0.417360 | trade:0.00 call:0.66 put:0.34 | ATM:0.59 OTM:0.41 [seq] | lr: 2.50e-04 wd: 0.037 | left: 125s
step 12950 ( 48.4%) | loss: 0.780787 | trade:0.25 call:0.76 put:0.24 | ATM:0.55 OTM:0.45 [rnd] | lr: 2.50e-04 wd: 0.037 | left: 124s
step 13000 ( 48.6%) | loss: 1.141515 | trade:0.30 call:0.47 put:0.53 | ATM:0.73 OTM:0.27 [seq] | lr: 2.50e-04 wd: 0.037 | left: 123s
step 13050 ( 48.8%) | loss: 0.927520 | trade:0.24 call:0.31 put:0.69 | ATM:0.48 OTM:0.52 [seq] | lr: 2.50e-04 wd: 0.037 | left: 123s
step 13100 ( 48.9%) | loss: 0.977184 | trade:0.25 call:0.65 put:0.35 | ATM:0.61 OTM:0.39 [rnd] | lr: 2.50e-04 wd: 0.037 | left: 123s
step 13150 ( 49.1%) | loss: 1.038275 | trade:0.50 call:0.91 put:0.09 | ATM:0.85 OTM:0.15 [seq] | lr: 2.50e-04 wd: 0.037 | left: 122s
step 13200 ( 49.2%) | loss: 0.795595 | trade:0.52 call:0.81 put:0.19 | ATM:0.51 OTM:0.49 [seq] | lr: 2.50e-04 wd: 0.037 | left: 122s
step 13250 ( 49.4%) | loss: 0.543685 | trade:0.50 call:0.91 put:0.09 | ATM:0.89 OTM:0.11 [seq] | lr: 2.50e-04 wd: 0.037 | left: 121s
step 13300 ( 49.6%) | loss: 0.598857 | trade:0.58 call:0.01 put:0.99 | ATM:0.98 OTM:0.02 [seq] | lr: 2.50e-04 wd: 0.037 | left: 121s
step 13350 ( 49.8%) | loss: 0.606005 | trade:0.55 call:0.90 put:0.10 | ATM:0.85 OTM:0.15 [seq] | lr: 2.50e-04 wd: 0.037 | left: 120s
step 13400 ( 50.0%) | loss: 0.504188 | trade:0.48 call:0.99 put:0.01 | ATM:0.53 OTM:0.47 [seq] | lr: 2.50e-04 wd: 0.037 | left: 120s
step 13450 ( 50.1%) | loss: 0.738293 | trade:0.00 call:0.82 put:0.18 | ATM:0.67 OTM:0.33 [seq] | lr: 2.50e-04 wd: 0.038 | left: 120s
step 13500 ( 50.3%) | loss: 0.487298 | trade:0.01 call:0.94 put:0.06 | ATM:0.94 OTM:0.06 [seq] | lr: 2.50e-04 wd: 0.038 | left: 119s
step 13550 ( 50.5%) | loss: 0.569741 | trade:0.01 call:0.94 put:0.06 | ATM:0.86 OTM:0.14 [seq] | lr: 2.50e-04 wd: 0.038 | left: 119s
step 13600 ( 50.6%) | loss: 0.387597 | trade:0.00 call:0.91 put:0.09 | ATM:0.78 OTM:0.22 [seq] | lr: 2.50e-04 wd: 0.038 | left: 119s
step 13650 ( 50.8%) | loss: 0.532534 | trade:0.00 call:0.71 put:0.29 | ATM:0.37 OTM:0.63 [seq] | lr: 2.50e-04 wd: 0.038 | left: 118s
step 13700 ( 50.9%) | loss: 0.506983 | trade:0.00 call:0.67 put:0.33 | ATM:0.41 OTM:0.59 [seq] | lr: 2.50e-04 wd: 0.038 | left: 118s
step 13750 ( 51.1%) | loss: 0.601606 | trade:0.24 call:0.66 put:0.34 | ATM:0.56 OTM:0.44 [rnd] | lr: 2.50e-04 wd: 0.038 | left: 117s
step 13800 ( 51.2%) | loss: 0.667773 | trade:0.27 call:0.75 put:0.25 | ATM:0.51 OTM:0.49 [rnd] | lr: 2.50e-04 wd: 0.038 | left: 117s
step 13850 ( 51.3%) | loss: 0.408081 | trade:0.00 call:0.20 put:0.80 | ATM:0.72 OTM:0.28 [seq] | lr: 2.50e-04 wd: 0.038 | left: 117s
step 13900 ( 51.5%) | loss: 0.551833 | trade:0.00 call:0.30 put:0.70 | ATM:0.78 OTM:0.22 [seq] | lr: 2.50e-04 wd: 0.038 | left: 116s
step 13950 ( 51.7%) | loss: 0.699795 | trade:0.23 call:0.73 put:0.27 | ATM:0.52 OTM:0.48 [rnd] | lr: 2.50e-04 wd: 0.038 | left: 116s
step 14000 ( 51.8%) | loss: 0.750351 | trade:0.00 call:0.68 put:0.32 | ATM:0.34 OTM:0.66 [seq] | lr: 2.50e-04 wd: 0.038 | left: 116s
step 14050 ( 52.0%) | loss: 0.478867 | trade:0.01 call:0.68 put:0.32 | ATM:0.36 OTM:0.64 [seq] | lr: 2.50e-04 wd: 0.038 | left: 115s
step 14100 ( 52.1%) | loss: 0.472546 | trade:0.00 call:0.70 put:0.30 | ATM:0.45 OTM:0.55 [seq] | lr: 2.50e-04 wd: 0.038 | left: 115s
step 14150 ( 52.3%) | loss: 0.735335 | trade:0.23 call:0.72 put:0.28 | ATM:0.52 OTM:0.48 [rnd] | lr: 2.50e-04 wd: 0.038 | left: 115s
step 14200 ( 52.4%) | loss: 0.608271 | trade:0.10 call:0.94 put:0.06 | ATM:0.90 OTM:0.10 [seq] | lr: 2.50e-04 wd: 0.038 | left: 114s
step 14250 ( 52.6%) | loss: 0.535352 | trade:0.00 call:0.38 put:0.62 | ATM:0.39 OTM:0.61 [seq] | lr: 2.50e-04 wd: 0.038 | left: 114s
step 14300 ( 52.7%) | loss: 0.622486 | trade:0.31 call:0.76 put:0.24 | ATM:0.52 OTM:0.48 [rnd] | lr: 2.50e-04 wd: 0.038 | left: 114s
step 14350 ( 52.8%) | loss: 0.644898 | trade:0.00 call:0.55 put:0.45 | ATM:0.38 OTM:0.62 [seq] | lr: 2.50e-04 wd: 0.038 | left: 113s
step 14400 ( 53.0%) | loss: 0.733736 | trade:0.35 call:0.97 put:0.03 | ATM:0.97 OTM:0.03 [seq] | lr: 2.50e-04 wd: 0.038 | left: 113s
step 14450 ( 53.2%) | loss: 0.527841 | trade:0.31 call:0.09 put:0.91 | ATM:0.90 OTM:0.10 [seq] | lr: 2.50e-04 wd: 0.038 | left: 112s
step 14500 ( 53.3%) | loss: 0.438401 | trade:0.00 call:0.87 put:0.13 | ATM:0.72 OTM:0.28 [seq] | lr: 2.50e-04 wd: 0.038 | left: 112s
step 14550 ( 53.5%) | loss: 0.697065 | trade:0.71 call:0.99 put:0.01 | ATM:0.31 OTM:0.69 [seq] | lr: 2.50e-04 wd: 0.038 | left: 112s
step 14600 ( 53.6%) | loss: 0.614130 | trade:0.55 call:0.83 put:0.17 | ATM:0.35 OTM:0.65 [seq] | lr: 2.50e-04 wd: 0.038 | left: 111s
step 14650 ( 53.8%) | loss: 0.616648 | trade:0.00 call:0.79 put:0.21 | ATM:0.51 OTM:0.49 [seq] | lr: 2.50e-04 wd: 0.038 | left: 111s
step 14700 ( 54.0%) | loss: 0.479460 | trade:0.00 call:0.58 put:0.42 | ATM:0.35 OTM:0.65 [seq] | lr: 2.50e-04 wd: 0.039 | left: 110s
step 14750 ( 54.2%) | loss: 0.674709 | trade:0.00 call:0.72 put:0.28 | ATM:0.43 OTM:0.57 [seq] | lr: 2.50e-04 wd: 0.039 | left: 110s
step 14800 ( 54.3%) | loss: 0.584353 | trade:0.00 call:0.67 put:0.33 | ATM:0.44 OTM:0.56 [seq] | lr: 2.50e-04 wd: 0.039 | left: 110s
step 14850 ( 54.5%) | loss: 0.579952 | trade:0.28 call:0.78 put:0.22 | ATM:0.52 OTM:0.48 [rnd] | lr: 2.50e-04 wd: 0.039 | left: 109s
step 14900 ( 54.7%) | loss: 0.378871 | trade:0.00 call:0.65 put:0.35 | ATM:0.59 OTM:0.41 [seq] | lr: 2.50e-04 wd: 0.039 | left: 109s
step 14950 ( 54.9%) | loss: 0.481916 | trade:0.00 call:0.95 put:0.05 | ATM:0.33 OTM:0.67 [seq] | lr: 2.50e-04 wd: 0.039 | left: 108s
step 15000 ( 55.1%) | loss: 0.654368 | trade:0.35 call:0.37 put:0.63 | ATM:0.51 OTM:0.49 [seq] | lr: 2.50e-04 wd: 0.039 | left: 108s
step 15050 ( 55.2%) | loss: 0.504235 | trade:0.00 call:0.80 put:0.20 | ATM:0.33 OTM:0.67 [seq] | lr: 2.50e-04 wd: 0.039 | left: 107s
step 15100 ( 55.4%) | loss: 0.433045 | trade:0.00 call:0.75 put:0.25 | ATM:0.39 OTM:0.61 [seq] | lr: 2.50e-04 wd: 0.039 | left: 107s
step 15150 ( 55.5%) | loss: 0.551395 | trade:0.00 call:0.76 put:0.24 | ATM:0.47 OTM:0.53 [seq] | lr: 2.50e-04 wd: 0.039 | left: 107s
step 15200 ( 55.7%) | loss: 0.376273 | trade:0.75 call:0.97 put:0.03 | ATM:0.39 OTM:0.61 [seq] | lr: 2.50e-04 wd: 0.039 | left: 106s
step 15250 ( 55.9%) | loss: 0.674623 | trade:0.00 call:0.73 put:0.27 | ATM:0.38 OTM:0.62 [seq] | lr: 2.50e-04 wd: 0.039 | left: 106s
step 15300 ( 56.1%) | loss: 0.831232 | trade:0.24 call:0.76 put:0.24 | ATM:0.54 OTM:0.46 [rnd] | lr: 2.50e-04 wd: 0.039 | left: 105s
step 15350 ( 56.4%) | loss: 0.479263 | trade:0.01 call:0.46 put:0.54 | ATM:0.87 OTM:0.13 [seq] | lr: 2.50e-04 wd: 0.039 | left: 105s
step 15400 ( 56.5%) | loss: 0.518794 | trade:0.09 call:0.23 put:0.77 | ATM:0.73 OTM:0.27 [seq] | lr: 2.50e-04 wd: 0.039 | left: 104s
step 15450 ( 56.7%) | loss: 0.686200 | trade:0.00 call:0.93 put:0.07 | ATM:0.83 OTM:0.17 [seq] | lr: 2.50e-04 wd: 0.039 | left: 104s
step 15500 ( 56.9%) | loss: 0.712573 | trade:0.01 call:0.52 put:0.48 | ATM:0.49 OTM:0.51 [seq] | lr: 2.50e-04 wd: 0.039 | left: 103s
step 15550 ( 57.0%) | loss: 0.378570 | trade:0.00 call:0.57 put:0.43 | ATM:0.57 OTM:0.43 [seq] | lr: 2.50e-04 wd: 0.039 | left: 103s
step 15600 ( 57.2%) | loss: 0.547701 | trade:0.00 call:0.19 put:0.81 | ATM:0.76 OTM:0.24 [seq] | lr: 2.50e-04 wd: 0.039 | left: 103s
step 15650 ( 57.4%) | loss: 0.619398 | trade:0.00 call:0.51 put:0.49 | ATM:0.73 OTM:0.27 [seq] | lr: 2.50e-04 wd: 0.039 | left: 102s
step 15700 ( 57.6%) | loss: 0.649699 | trade:0.29 call:0.78 put:0.22 | ATM:0.55 OTM:0.45 [rnd] | lr: 2.50e-04 wd: 0.039 | left: 102s
step 15750 ( 57.8%) | loss: 0.690514 | trade:0.25 call:0.68 put:0.32 | ATM:0.53 OTM:0.47 [rnd] | lr: 2.50e-04 wd: 0.039 | left: 101s
step 15800 ( 58.0%) | loss: 0.485192 | trade:0.16 call:0.76 put:0.24 | ATM:0.59 OTM:0.41 [rnd] | lr: 2.50e-04 wd: 0.039 | left: 101s
step 15850 ( 58.1%) | loss: 0.512515 | trade:0.26 call:0.74 put:0.26 | ATM:0.59 OTM:0.41 [rnd] | lr: 2.50e-04 wd: 0.040 | left: 100s
step 15900 ( 58.3%) | loss: 0.807738 | trade:0.27 call:0.75 put:0.25 | ATM:0.52 OTM:0.48 [rnd] | lr: 2.50e-04 wd: 0.040 | left: 100s
step 15950 ( 58.5%) | loss: 0.579341 | trade:0.00 call:0.11 put:0.89 | ATM:0.86 OTM:0.14 [seq] | lr: 2.50e-04 wd: 0.040 | left: 100s
step 16000 ( 58.6%) | loss: 0.691939 | trade:0.00 call:0.78 put:0.22 | ATM:0.47 OTM:0.53 [seq] | lr: 2.50e-04 wd: 0.040 | left: 99s
step 16050 ( 58.8%) | loss: 0.571103 | trade:0.00 call:0.69 put:0.31 | ATM:0.42 OTM:0.58 [seq] | lr: 2.50e-04 wd: 0.040 | left: 99s
step 16100 ( 59.0%) | loss: 0.559700 | trade:0.50 call:0.97 put:0.03 | ATM:0.96 OTM:0.04 [seq] | lr: 2.50e-04 wd: 0.040 | left: 98s
step 16150 ( 59.1%) | loss: 0.468825 | trade:0.00 call:0.82 put:0.18 | ATM:0.50 OTM:0.50 [seq] | lr: 2.50e-04 wd: 0.040 | left: 98s
step 16200 ( 59.3%) | loss: 0.925029 | trade:0.30 call:0.72 put:0.28 | ATM:0.58 OTM:0.42 [rnd] | lr: 2.50e-04 wd: 0.040 | left: 98s
step 16250 ( 59.4%) | loss: 0.774831 | trade:0.23 call:0.67 put:0.33 | ATM:0.56 OTM:0.44 [rnd] | lr: 2.50e-04 wd: 0.040 | left: 97s
step 16300 ( 59.6%) | loss: 0.598786 | trade:0.23 call:0.72 put:0.28 | ATM:0.55 OTM:0.45 [rnd] | lr: 2.50e-04 wd: 0.040 | left: 97s
step 16350 ( 59.8%) | loss: 0.742568 | trade:0.23 call:0.70 put:0.30 | ATM:0.56 OTM:0.44 [rnd] | lr: 2.50e-04 wd: 0.040 | left: 96s
step 16400 ( 60.0%) | loss: 0.929988 | trade:0.00 call:0.82 put:0.18 | ATM:0.46 OTM:0.54 [seq] | lr: 2.50e-04 wd: 0.040 | left: 96s
step 16450 ( 60.1%) | loss: 0.586112 | trade:0.14 call:0.97 put:0.03 | ATM:0.96 OTM:0.04 [seq] | lr: 2.50e-04 wd: 0.040 | left: 96s
step 16500 ( 60.3%) | loss: 0.685326 | trade:0.00 call:0.80 put:0.20 | ATM:0.43 OTM:0.57 [seq] | lr: 2.50e-04 wd: 0.040 | left: 95s
step 16550 ( 60.6%) | loss: 0.790129 | trade:0.28 call:0.74 put:0.26 | ATM:0.52 OTM:0.48 [rnd] | lr: 2.50e-04 wd: 0.040 | left: 95s
step 16600 ( 60.7%) | loss: 0.794083 | trade:0.00 call:0.60 put:0.40 | ATM:0.33 OTM:0.67 [seq] | lr: 2.50e-04 wd: 0.040 | left: 94s
step 16650 ( 60.9%) | loss: 0.507502 | trade:0.00 call:0.73 put:0.27 | ATM:0.94 OTM:0.06 [seq] | lr: 2.50e-04 wd: 0.040 | left: 94s
step 16700 ( 61.1%) | loss: 0.875585 | trade:0.21 call:0.71 put:0.29 | ATM:0.54 OTM:0.46 [rnd] | lr: 2.50e-04 wd: 0.040 | left: 93s
step 16750 ( 61.3%) | loss: 0.624758 | trade:0.00 call:0.70 put:0.30 | ATM:0.39 OTM:0.61 [seq] | lr: 2.50e-04 wd: 0.040 | left: 93s
step 16800 ( 61.4%) | loss: 0.770768 | trade:0.26 call:0.74 put:0.26 | ATM:0.55 OTM:0.45 [rnd] | lr: 2.50e-04 wd: 0.040 | left: 93s
step 16850 ( 61.6%) | loss: 0.939620 | trade:0.25 call:0.69 put:0.31 | ATM:0.56 OTM:0.44 [rnd] | lr: 2.50e-04 wd: 0.040 | left: 92s
step 16900 ( 61.7%) | loss: 0.658829 | trade:0.55 call:0.97 put:0.03 | ATM:0.49 OTM:0.51 [seq] | lr: 2.50e-04 wd: 0.040 | left: 92s
step 16950 ( 61.9%) | loss: 0.722555 | trade:0.32 call:0.70 put:0.30 | ATM:0.53 OTM:0.47 [rnd] | lr: 2.50e-04 wd: 0.040 | left: 91s
step 17000 ( 62.2%) | loss: 0.568822 | trade:0.00 call:0.21 put:0.79 | ATM:0.44 OTM:0.56 [seq] | lr: 2.50e-04 wd: 0.041 | left: 91s
step 17050 ( 62.4%) | loss: 1.060164 | trade:0.29 call:0.77 put:0.23 | ATM:0.50 OTM:0.50 [rnd] | lr: 2.50e-04 wd: 0.041 | left: 90s
step 17100 ( 62.6%) | loss: 0.675374 | trade:0.27 call:0.70 put:0.30 | ATM:0.53 OTM:0.47 [rnd] | lr: 2.50e-04 wd: 0.041 | left: 90s
step 17150 ( 62.7%) | loss: 0.748378 | trade:0.00 call:0.40 put:0.60 | ATM:0.57 OTM:0.43 [seq] | lr: 2.50e-04 wd: 0.041 | left: 89s
step 17200 ( 62.9%) | loss: 0.618618 | trade:0.00 call:0.64 put:0.36 | ATM:0.40 OTM:0.60 [seq] | lr: 2.50e-04 wd: 0.041 | left: 89s
step 17250 ( 63.1%) | loss: 0.441415 | trade:0.00 call:0.49 put:0.51 | ATM:0.71 OTM:0.29 [seq] | lr: 2.50e-04 wd: 0.041 | left: 89s
step 17300 ( 63.3%) | loss: 0.560968 | trade:0.01 call:0.93 put:0.07 | ATM:0.47 OTM:0.53 [seq] | lr: 2.50e-04 wd: 0.041 | left: 88s
step 17350 ( 63.4%) | loss: 0.818909 | trade:0.23 call:0.68 put:0.32 | ATM:0.54 OTM:0.46 [rnd] | lr: 2.50e-04 wd: 0.041 | left: 88s
step 17400 ( 63.6%) | loss: 0.726016 | trade:0.23 call:0.75 put:0.25 | ATM:0.53 OTM:0.47 [rnd] | lr: 2.50e-04 wd: 0.041 | left: 87s
step 17450 ( 63.7%) | loss: 0.623762 | trade:0.69 call:0.06 put:0.94 | ATM:0.61 OTM:0.39 [seq] | lr: 2.50e-04 wd: 0.041 | left: 87s
step 17500 ( 63.9%) | loss: 0.662726 | trade:0.00 call:0.69 put:0.31 | ATM:0.34 OTM:0.66 [seq] | lr: 2.50e-04 wd: 0.041 | left: 87s
step 17550 ( 64.1%) | loss: 0.844002 | trade:0.21 call:0.70 put:0.30 | ATM:0.56 OTM:0.44 [rnd] | lr: 2.50e-04 wd: 0.041 | left: 86s
step 17600 ( 64.3%) | loss: 0.471834 | trade:0.65 call:0.99 put:0.01 | ATM:0.29 OTM:0.71 [seq] | lr: 2.50e-04 wd: 0.041 | left: 86s
step 17650 ( 64.5%) | loss: 0.576965 | trade:0.33 call:0.70 put:0.30 | ATM:0.57 OTM:0.43 [rnd] | lr: 2.50e-04 wd: 0.041 | left: 85s
step 17700 ( 64.6%) | loss: 0.495500 | trade:0.63 call:0.99 put:0.01 | ATM:0.31 OTM:0.69 [seq] | lr: 2.50e-04 wd: 0.041 | left: 85s
step 17750 ( 64.8%) | loss: 0.452801 | trade:0.29 call:0.80 put:0.20 | ATM:0.53 OTM:0.47 [rnd] | lr: 2.50e-04 wd: 0.041 | left: 85s
step 17800 ( 64.9%) | loss: 0.557364 | trade:0.42 call:0.87 put:0.13 | ATM:0.49 OTM:0.51 [seq] | lr: 2.50e-04 wd: 0.041 | left: 84s
step 17850 ( 65.1%) | loss: 0.581319 | trade:0.53 call:1.00 put:0.00 | ATM:0.24 OTM:0.76 [seq] | lr: 2.50e-04 wd: 0.041 | left: 84s
step 17900 ( 65.3%) | loss: 0.515991 | trade:0.72 call:1.00 put:0.00 | ATM:0.18 OTM:0.82 [seq] | lr: 2.50e-04 wd: 0.041 | left: 83s
step 17950 ( 65.5%) | loss: 0.550137 | trade:0.81 call:1.00 put:0.00 | ATM:0.19 OTM:0.81 [seq] | lr: 2.50e-04 wd: 0.041 | left: 83s
step 18000 ( 65.7%) | loss: 0.765027 | trade:0.71 call:1.00 put:0.00 | ATM:0.18 OTM:0.82 [seq] | lr: 2.50e-04 wd: 0.041 | left: 82s
step 18050 ( 65.8%) | loss: 0.558346 | trade:0.24 call:0.73 put:0.27 | ATM:0.57 OTM:0.43 [rnd] | lr: 2.50e-04 wd: 0.041 | left: 82s
step 18100 ( 66.0%) | loss: 0.608965 | trade:0.30 call:0.78 put:0.22 | ATM:0.53 OTM:0.47 [rnd] | lr: 2.50e-04 wd: 0.042 | left: 81s
step 18150 ( 66.3%) | loss: 0.711896 | trade:0.49 call:0.93 put:0.07 | ATM:0.92 OTM:0.08 [seq] | lr: 2.50e-04 wd: 0.042 | left: 81s
step 18200 ( 66.4%) | loss: 0.859359 | trade:0.26 call:0.76 put:0.24 | ATM:0.53 OTM:0.47 [rnd] | lr: 2.50e-04 wd: 0.042 | left: 81s
step 18250 ( 66.6%) | loss: 0.390231 | trade:0.00 call:0.85 put:0.15 | ATM:0.73 OTM:0.27 [seq] | lr: 2.50e-04 wd: 0.042 | left: 80s
step 18300 ( 66.8%) | loss: 0.677982 | trade:0.26 call:0.73 put:0.27 | ATM:0.54 OTM:0.46 [rnd] | lr: 2.50e-04 wd: 0.042 | left: 80s
step 18350 ( 67.0%) | loss: 0.871872 | trade:0.72 call:1.00 put:0.00 | ATM:0.20 OTM:0.80 [seq] | lr: 2.50e-04 wd: 0.042 | left: 79s
step 18400 ( 67.1%) | loss: 0.408034 | trade:0.81 call:0.99 put:0.01 | ATM:0.26 OTM:0.74 [seq] | lr: 2.50e-04 wd: 0.042 | left: 79s
step 18450 ( 67.3%) | loss: 0.690434 | trade:0.70 call:1.00 put:0.00 | ATM:0.24 OTM:0.76 [seq] | lr: 2.50e-04 wd: 0.042 | left: 78s
step 18500 ( 67.5%) | loss: 0.476483 | trade:0.00 call:0.98 put:0.02 | ATM:0.51 OTM:0.49 [seq] | lr: 2.50e-04 wd: 0.042 | left: 78s
step 18550 ( 67.6%) | loss: 0.561986 | trade:0.01 call:0.88 put:0.12 | ATM:0.85 OTM:0.15 [seq] | lr: 2.50e-04 wd: 0.042 | left: 78s
step 18600 ( 67.8%) | loss: 0.877256 | trade:0.00 call:0.62 put:0.38 | ATM:0.57 OTM:0.43 [seq] | lr: 2.50e-04 wd: 0.042 | left: 77s
step 18650 ( 67.9%) | loss: 0.441403 | trade:0.23 call:0.77 put:0.23 | ATM:0.54 OTM:0.46 [rnd] | lr: 2.50e-04 wd: 0.042 | left: 77s
step 18700 ( 68.2%) | loss: 0.876792 | trade:0.00 call:0.88 put:0.12 | ATM:0.66 OTM:0.34 [seq] | lr: 2.50e-04 wd: 0.042 | left: 76s
step 18750 ( 68.4%) | loss: 0.528999 | trade:0.00 call:0.55 put:0.45 | ATM:0.35 OTM:0.65 [seq] | lr: 2.50e-04 wd: 0.042 | left: 76s
step 18800 ( 68.5%) | loss: 0.649999 | trade:0.00 call:0.72 put:0.28 | ATM:0.53 OTM:0.47 [seq] | lr: 2.50e-04 wd: 0.042 | left: 76s
step 18850 ( 68.7%) | loss: 0.666584 | trade:0.30 call:0.73 put:0.27 | ATM:0.53 OTM:0.47 [rnd] | lr: 2.50e-04 wd: 0.042 | left: 75s
step 18900 ( 68.9%) | loss: 0.946043 | trade:0.29 call:0.72 put:0.28 | ATM:0.56 OTM:0.44 [rnd] | lr: 2.50e-04 wd: 0.042 | left: 75s
step 18950 ( 69.2%) | loss: 0.750459 | trade:0.01 call:0.64 put:0.36 | ATM:0.64 OTM:0.36 [seq] | lr: 2.50e-04 wd: 0.042 | left: 74s
step 19000 ( 69.4%) | loss: 1.258098 | trade:0.69 call:0.99 put:0.01 | ATM:0.24 OTM:0.76 [seq] | lr: 2.50e-04 wd: 0.042 | left: 74s
step 19050 ( 69.5%) | loss: 0.604711 | trade:0.80 call:1.00 put:0.00 | ATM:0.26 OTM:0.74 [seq] | lr: 2.50e-04 wd: 0.042 | left: 73s
step 19100 ( 69.7%) | loss: 0.591088 | trade:0.80 call:1.00 put:0.00 | ATM:0.25 OTM:0.75 [seq] | lr: 2.50e-04 wd: 0.042 | left: 73s
step 19150 ( 69.9%) | loss: 0.570530 | trade:0.00 call:0.74 put:0.26 | ATM:0.68 OTM:0.32 [seq] | lr: 2.50e-04 wd: 0.042 | left: 72s
step 19200 ( 70.0%) | loss: 0.593000 | trade:0.28 call:0.74 put:0.26 | ATM:0.58 OTM:0.42 [rnd] | lr: 2.50e-04 wd: 0.043 | left: 72s
step 19250 ( 70.2%) | loss: 0.643196 | trade:0.00 call:0.63 put:0.37 | ATM:0.50 OTM:0.50 [seq] | lr: 2.50e-04 wd: 0.043 | left: 71s
step 19300 ( 70.4%) | loss: 0.657070 | trade:0.00 call:0.52 put:0.48 | ATM:0.78 OTM:0.22 [seq] | lr: 2.50e-04 wd: 0.043 | left: 71s
step 19350 ( 70.6%) | loss: 0.778572 | trade:0.30 call:0.75 put:0.25 | ATM:0.56 OTM:0.44 [rnd] | lr: 2.50e-04 wd: 0.043 | left: 71s
step 19400 ( 70.8%) | loss: 0.776271 | trade:0.80 call:0.09 put:0.91 | ATM:0.64 OTM:0.36 [seq] | lr: 2.50e-04 wd: 0.043 | left: 70s
step 19450 ( 70.9%) | loss: 0.439880 | trade:0.04 call:0.94 put:0.06 | ATM:0.46 OTM:0.54 [seq] | lr: 2.49e-04 wd: 0.043 | left: 70s
step 19500 ( 71.1%) | loss: 0.511876 | trade:0.72 call:0.94 put:0.06 | ATM:0.42 OTM:0.58 [seq] | lr: 2.49e-04 wd: 0.043 | left: 69s
step 19550 ( 71.3%) | loss: 0.281538 | trade:0.64 call:1.00 put:0.00 | ATM:0.31 OTM:0.69 [seq] | lr: 2.49e-04 wd: 0.043 | left: 69s
step 19600 ( 71.6%) | loss: 0.818570 | trade:0.50 call:0.88 put:0.12 | ATM:0.37 OTM:0.63 [seq] | lr: 2.48e-04 wd: 0.043 | left: 68s
step 19650 ( 71.7%) | loss: 0.917609 | trade:0.24 call:0.70 put:0.30 | ATM:0.54 OTM:0.46 [rnd] | lr: 2.48e-04 wd: 0.043 | left: 68s
step 19700 ( 71.9%) | loss: 0.553808 | trade:0.24 call:0.75 put:0.25 | ATM:0.55 OTM:0.45 [rnd] | lr: 2.48e-04 wd: 0.043 | left: 67s
step 19750 ( 72.1%) | loss: 0.536307 | trade:0.00 call:0.65 put:0.35 | ATM:0.40 OTM:0.60 [seq] | lr: 2.47e-04 wd: 0.043 | left: 67s
step 19800 ( 72.3%) | loss: 0.743448 | trade:0.00 call:0.66 put:0.34 | ATM:0.40 OTM:0.60 [seq] | lr: 2.46e-04 wd: 0.043 | left: 66s
step 19850 ( 72.5%) | loss: 0.671673 | trade:0.00 call:0.72 put:0.28 | ATM:0.71 OTM:0.29 [seq] | lr: 2.46e-04 wd: 0.043 | left: 66s
step 19900 ( 72.6%) | loss: 0.339301 | trade:0.00 call:0.22 put:0.78 | ATM:0.72 OTM:0.28 [seq] | lr: 2.45e-04 wd: 0.043 | left: 66s
step 19950 ( 72.8%) | loss: 0.469082 | trade:0.58 call:0.10 put:0.90 | ATM:0.79 OTM:0.21 [seq] | lr: 2.45e-04 wd: 0.043 | left: 65s
step 20000 ( 73.0%) | loss: 0.530911 | trade:0.62 call:0.01 put:0.99 | ATM:0.68 OTM:0.32 [seq] | lr: 2.44e-04 wd: 0.043 | left: 65s
step 20050 ( 73.2%) | loss: 0.376512 | trade:0.00 call:0.39 put:0.61 | ATM:0.49 OTM:0.51 [seq] | lr: 2.43e-04 wd: 0.043 | left: 64s
step 20100 ( 73.5%) | loss: 0.595537 | trade:0.00 call:0.60 put:0.40 | ATM:0.34 OTM:0.66 [seq] | lr: 2.42e-04 wd: 0.043 | left: 64s
step 20150 ( 73.7%) | loss: 0.694712 | trade:0.00 call:0.69 put:0.31 | ATM:0.36 OTM:0.64 [seq] | lr: 2.41e-04 wd: 0.043 | left: 63s
step 20200 ( 74.0%) | loss: 0.729663 | trade:0.22 call:0.72 put:0.28 | ATM:0.58 OTM:0.42 [rnd] | lr: 2.39e-04 wd: 0.043 | left: 62s
step 20250 ( 74.2%) | loss: 0.334739 | trade:0.27 call:0.72 put:0.28 | ATM:0.56 OTM:0.44 [rnd] | lr: 2.38e-04 wd: 0.044 | left: 62s
step 20300 ( 74.5%) | loss: 0.590192 | trade:0.55 call:0.99 put:0.01 | ATM:0.49 OTM:0.51 [seq] | lr: 2.37e-04 wd: 0.044 | left: 61s
step 20350 ( 74.6%) | loss: 0.592098 | trade:0.24 call:0.77 put:0.23 | ATM:0.56 OTM:0.44 [rnd] | lr: 2.36e-04 wd: 0.044 | left: 61s
step 20400 ( 74.8%) | loss: 0.631398 | trade:0.01 call:0.72 put:0.28 | ATM:0.46 OTM:0.54 [seq] | lr: 2.34e-04 wd: 0.044 | left: 60s
step 20450 ( 75.1%) | loss: 0.453696 | trade:0.00 call:0.88 put:0.12 | ATM:0.76 OTM:0.24 [seq] | lr: 2.33e-04 wd: 0.044 | left: 60s
step 20500 ( 75.2%) | loss: 0.363424 | trade:0.30 call:0.83 put:0.17 | ATM:0.44 OTM:0.56 [seq] | lr: 2.32e-04 wd: 0.044 | left: 59s
step 20550 ( 75.4%) | loss: 0.649330 | trade:0.00 call:0.88 put:0.12 | ATM:0.41 OTM:0.59 [seq] | lr: 2.31e-04 wd: 0.044 | left: 59s
step 20600 ( 75.6%) | loss: 0.831338 | trade:0.00 call:0.54 put:0.46 | ATM:0.38 OTM:0.62 [seq] | lr: 2.29e-04 wd: 0.044 | left: 59s
step 20650 ( 75.7%) | loss: 0.530118 | trade:0.00 call:0.56 put:0.44 | ATM:0.47 OTM:0.53 [seq] | lr: 2.28e-04 wd: 0.044 | left: 58s
step 20700 ( 75.9%) | loss: 0.725011 | trade:0.23 call:0.71 put:0.29 | ATM:0.53 OTM:0.47 [rnd] | lr: 2.27e-04 wd: 0.044 | left: 58s
step 20750 ( 76.0%) | loss: 0.668897 | trade:0.28 call:0.78 put:0.22 | ATM:0.52 OTM:0.48 [rnd] | lr: 2.26e-04 wd: 0.044 | left: 58s
step 20800 ( 76.2%) | loss: 0.539738 | trade:0.47 call:0.79 put:0.21 | ATM:0.45 OTM:0.55 [seq] | lr: 2.25e-04 wd: 0.044 | left: 57s
step 20850 ( 76.4%) | loss: 0.973552 | trade:0.27 call:0.71 put:0.29 | ATM:0.51 OTM:0.49 [rnd] | lr: 2.23e-04 wd: 0.044 | left: 57s
step 20900 ( 76.5%) | loss: 0.499197 | trade:0.57 call:0.76 put:0.24 | ATM:0.35 OTM:0.65 [seq] | lr: 2.22e-04 wd: 0.044 | left: 56s
step 20950 ( 76.7%) | loss: 0.730363 | trade:0.00 call:0.22 put:0.78 | ATM:0.86 OTM:0.14 [seq] | lr: 2.21e-04 wd: 0.044 | left: 56s
step 21000 ( 76.8%) | loss: 0.597685 | trade:0.00 call:0.91 put:0.09 | ATM:0.82 OTM:0.18 [seq] | lr: 2.19e-04 wd: 0.044 | left: 56s
step 21050 ( 77.0%) | loss: 0.686770 | trade:0.44 call:0.85 put:0.15 | ATM:0.78 OTM:0.22 [seq] | lr: 2.18e-04 wd: 0.044 | left: 55s
step 21100 ( 77.2%) | loss: 0.572835 | trade:0.00 call:0.61 put:0.39 | ATM:0.77 OTM:0.23 [seq] | lr: 2.17e-04 wd: 0.044 | left: 55s
step 21150 ( 77.3%) | loss: 0.366618 | trade:0.23 call:0.73 put:0.27 | ATM:0.54 OTM:0.46 [rnd] | lr: 2.15e-04 wd: 0.044 | left: 54s
step 21200 ( 77.5%) | loss: 0.590176 | trade:0.30 call:0.76 put:0.24 | ATM:0.57 OTM:0.43 [rnd] | lr: 2.14e-04 wd: 0.044 | left: 54s
step 21250 ( 77.6%) | loss: 0.832315 | trade:0.66 call:0.01 put:0.99 | ATM:0.68 OTM:0.32 [seq] | lr: 2.12e-04 wd: 0.044 | left: 54s
step 21300 ( 77.8%) | loss: 0.602806 | trade:0.00 call:0.64 put:0.36 | ATM:0.44 OTM:0.56 [seq] | lr: 2.10e-04 wd: 0.044 | left: 53s
step 21350 ( 78.1%) | loss: 0.620264 | trade:0.00 call:0.43 put:0.57 | ATM:0.86 OTM:0.14 [seq] | lr: 2.08e-04 wd: 0.045 | left: 53s
step 21400 ( 78.2%) | loss: 0.560482 | trade:0.00 call:0.48 put:0.52 | ATM:0.62 OTM:0.38 [seq] | lr: 2.06e-04 wd: 0.045 | left: 52s
step 21450 ( 78.4%) | loss: 0.844143 | trade:0.28 call:0.77 put:0.23 | ATM:0.52 OTM:0.48 [rnd] | lr: 2.05e-04 wd: 0.045 | left: 52s
step 21500 ( 78.5%) | loss: 0.465775 | trade:0.00 call:0.91 put:0.09 | ATM:0.46 OTM:0.54 [seq] | lr: 2.03e-04 wd: 0.045 | left: 52s
step 21550 ( 78.7%) | loss: 0.545728 | trade:0.00 call:0.72 put:0.28 | ATM:0.56 OTM:0.44 [seq] | lr: 2.02e-04 wd: 0.045 | left: 51s
step 21600 ( 78.9%) | loss: 0.529868 | trade:0.00 call:0.65 put:0.35 | ATM:0.48 OTM:0.52 [seq] | lr: 2.00e-04 wd: 0.045 | left: 51s
step 21650 ( 79.1%) | loss: 0.540612 | trade:0.00 call:0.87 put:0.13 | ATM:0.53 OTM:0.47 [seq] | lr: 1.97e-04 wd: 0.045 | left: 50s
step 21700 ( 79.3%) | loss: 0.546827 | trade:0.07 call:0.96 put:0.04 | ATM:0.88 OTM:0.12 [seq] | lr: 1.95e-04 wd: 0.045 | left: 50s
step 21750 ( 79.5%) | loss: 0.462867 | trade:0.52 call:0.04 put:0.96 | ATM:0.95 OTM:0.05 [seq] | lr: 1.93e-04 wd: 0.045 | left: 49s
step 21800 ( 79.6%) | loss: 0.544437 | trade:0.00 call:0.45 put:0.55 | ATM:0.89 OTM:0.11 [seq] | lr: 1.92e-04 wd: 0.045 | left: 49s
step 21850 ( 79.9%) | loss: 0.524618 | trade:0.25 call:0.76 put:0.24 | ATM:0.55 OTM:0.45 [rnd] | lr: 1.89e-04 wd: 0.045 | left: 48s
step 21900 ( 80.1%) | loss: 0.705988 | trade:0.26 call:0.77 put:0.23 | ATM:0.57 OTM:0.43 [rnd] | lr: 1.86e-04 wd: 0.045 | left: 48s
step 21950 ( 80.3%) | loss: 0.787801 | trade:0.26 call:0.84 put:0.16 | ATM:0.60 OTM:0.40 [seq] | lr: 1.84e-04 wd: 0.045 | left: 47s
step 22000 ( 80.4%) | loss: 0.556079 | trade:0.00 call:0.51 put:0.49 | ATM:0.39 OTM:0.61 [seq] | lr: 1.82e-04 wd: 0.045 | left: 47s
step 22050 ( 80.6%) | loss: 0.521436 | trade:0.29 call:0.76 put:0.24 | ATM:0.53 OTM:0.47 [rnd] | lr: 1.81e-04 wd: 0.045 | left: 47s
step 22100 ( 80.8%) | loss: 0.489501 | trade:0.30 call:0.76 put:0.24 | ATM:0.56 OTM:0.44 [rnd] | lr: 1.78e-04 wd: 0.045 | left: 46s
step 22150 ( 81.0%) | loss: 0.612466 | trade:0.00 call:0.64 put:0.36 | ATM:0.44 OTM:0.56 [seq] | lr: 1.76e-04 wd: 0.045 | left: 46s
step 22200 ( 81.3%) | loss: 0.607925 | trade:0.23 call:0.76 put:0.24 | ATM:0.51 OTM:0.49 [rnd] | lr: 1.73e-04 wd: 0.045 | left: 45s
step 22250 ( 81.4%) | loss: 0.603443 | trade:0.01 call:0.73 put:0.27 | ATM:0.46 OTM:0.54 [seq] | lr: 1.71e-04 wd: 0.045 | left: 45s
step 22300 ( 81.6%) | loss: 0.598845 | trade:0.00 call:0.90 put:0.10 | ATM:0.36 OTM:0.64 [seq] | lr: 1.69e-04 wd: 0.045 | left: 44s
step 22350 ( 81.7%) | loss: 0.498171 | trade:0.24 call:0.78 put:0.22 | ATM:0.54 OTM:0.46 [rnd] | lr: 1.67e-04 wd: 0.045 | left: 44s
step 22400 ( 81.9%) | loss: 0.606738 | trade:0.00 call:0.86 put:0.14 | ATM:0.73 OTM:0.27 [seq] | lr: 1.65e-04 wd: 0.045 | left: 43s
step 22450 ( 82.1%) | loss: 0.744883 | trade:0.00 call:0.79 put:0.21 | ATM:0.56 OTM:0.44 [seq] | lr: 1.62e-04 wd: 0.046 | left: 43s
step 22500 ( 82.3%) | loss: 0.711630 | trade:0.67 call:0.97 put:0.03 | ATM:0.42 OTM:0.58 [seq] | lr: 1.60e-04 wd: 0.046 | left: 42s
step 22550 ( 82.5%) | loss: 0.718551 | trade:0.00 call:0.83 put:0.17 | ATM:0.61 OTM:0.39 [seq] | lr: 1.57e-04 wd: 0.046 | left: 42s
step 22600 ( 82.7%) | loss: 0.795671 | trade:0.26 call:0.69 put:0.31 | ATM:0.56 OTM:0.44 [rnd] | lr: 1.55e-04 wd: 0.046 | left: 42s
step 22650 ( 82.8%) | loss: 0.326415 | trade:0.00 call:0.93 put:0.07 | ATM:0.56 OTM:0.44 [seq] | lr: 1.54e-04 wd: 0.046 | left: 41s
step 22700 ( 83.0%) | loss: 0.636403 | trade:0.00 call:0.77 put:0.23 | ATM:0.58 OTM:0.42 [seq] | lr: 1.51e-04 wd: 0.046 | left: 41s
step 22750 ( 83.2%) | loss: 0.299784 | trade:0.00 call:0.45 put:0.55 | ATM:0.70 OTM:0.30 [seq] | lr: 1.49e-04 wd: 0.046 | left: 40s
step 22800 ( 83.3%) | loss: 0.655248 | trade:0.00 call:0.95 put:0.05 | ATM:0.55 OTM:0.45 [seq] | lr: 1.47e-04 wd: 0.046 | left: 40s
step 22850 ( 83.6%) | loss: 0.743269 | trade:0.61 call:1.00 put:0.00 | ATM:0.32 OTM:0.68 [seq] | lr: 1.44e-04 wd: 0.046 | left: 39s
step 22900 ( 83.8%) | loss: 0.854095 | trade:0.44 call:0.76 put:0.24 | ATM:0.55 OTM:0.45 [seq] | lr: 1.41e-04 wd: 0.046 | left: 39s
step 22950 ( 84.0%) | loss: 0.625536 | trade:0.25 call:0.70 put:0.30 | ATM:0.53 OTM:0.47 [rnd] | lr: 1.39e-04 wd: 0.046 | left: 38s
step 23000 ( 84.1%) | loss: 0.717466 | trade:0.00 call:0.56 put:0.44 | ATM:0.35 OTM:0.65 [seq] | lr: 1.36e-04 wd: 0.046 | left: 38s
step 23050 ( 84.3%) | loss: 0.446554 | trade:0.59 call:0.07 put:0.93 | ATM:0.90 OTM:0.10 [seq] | lr: 1.34e-04 wd: 0.046 | left: 38s
step 23100 ( 84.4%) | loss: 0.715010 | trade:0.00 call:0.77 put:0.23 | ATM:0.62 OTM:0.38 [seq] | lr: 1.32e-04 wd: 0.046 | left: 37s
step 23150 ( 84.7%) | loss: 0.609718 | trade:0.00 call:0.82 put:0.18 | ATM:0.75 OTM:0.25 [seq] | lr: 1.30e-04 wd: 0.046 | left: 37s
step 23200 ( 84.8%) | loss: 0.637695 | trade:0.22 call:0.68 put:0.32 | ATM:0.54 OTM:0.46 [rnd] | lr: 1.27e-04 wd: 0.046 | left: 36s
step 23250 ( 85.0%) | loss: 0.630808 | trade:0.00 call:0.76 put:0.24 | ATM:0.47 OTM:0.53 [seq] | lr: 1.25e-04 wd: 0.046 | left: 36s
step 23300 ( 85.1%) | loss: 0.811104 | trade:0.25 call:0.78 put:0.22 | ATM:0.50 OTM:0.50 [rnd] | lr: 1.23e-04 wd: 0.046 | left: 36s
step 23350 ( 85.3%) | loss: 0.496767 | trade:0.00 call:0.70 put:0.30 | ATM:0.67 OTM:0.33 [seq] | lr: 1.21e-04 wd: 0.046 | left: 35s
step 23400 ( 85.4%) | loss: 0.552814 | trade:0.32 call:0.78 put:0.22 | ATM:0.51 OTM:0.49 [rnd] | lr: 1.19e-04 wd: 0.046 | left: 35s
step 23450 ( 85.6%) | loss: 0.581221 | trade:0.33 call:0.75 put:0.25 | ATM:0.56 OTM:0.44 [rnd] | lr: 1.17e-04 wd: 0.046 | left: 35s
step 23500 ( 85.8%) | loss: 0.558293 | trade:0.81 call:1.00 put:0.00 | ATM:0.27 OTM:0.73 [seq] | lr: 1.15e-04 wd: 0.046 | left: 34s
step 23550 ( 86.0%) | loss: 0.685834 | trade:0.31 call:0.50 put:0.50 | ATM:0.82 OTM:0.18 [seq] | lr: 1.12e-04 wd: 0.046 | left: 34s
step 23600 ( 86.1%) | loss: 0.579268 | trade:0.00 call:0.76 put:0.24 | ATM:0.42 OTM:0.58 [seq] | lr: 1.10e-04 wd: 0.047 | left: 33s
step 23650 ( 86.3%) | loss: 0.619640 | trade:0.81 call:1.00 put:0.00 | ATM:0.41 OTM:0.59 [seq] | lr: 1.08e-04 wd: 0.047 | left: 33s
step 23700 ( 86.5%) | loss: 0.766261 | trade:0.25 call:0.74 put:0.26 | ATM:0.56 OTM:0.44 [rnd] | lr: 1.06e-04 wd: 0.047 | left: 32s
step 23750 ( 86.7%) | loss: 1.348536 | trade:0.33 call:0.73 put:0.27 | ATM:0.51 OTM:0.49 [rnd] | lr: 1.03e-04 wd: 0.047 | left: 32s
step 23800 ( 86.9%) | loss: 0.563259 | trade:0.00 call:0.71 put:0.29 | ATM:0.46 OTM:0.54 [seq] | lr: 1.01e-04 wd: 0.047 | left: 32s
step 23850 ( 87.0%) | loss: 0.552393 | trade:0.34 call:0.83 put:0.17 | ATM:0.43 OTM:0.57 [seq] | lr: 9.85e-05 wd: 0.047 | left: 31s
step 23900 ( 87.2%) | loss: 0.706134 | trade:0.07 call:0.80 put:0.20 | ATM:0.56 OTM:0.44 [seq] | lr: 9.63e-05 wd: 0.047 | left: 31s
step 23950 ( 87.4%) | loss: 0.831290 | trade:0.43 call:0.19 put:0.81 | ATM:0.64 OTM:0.36 [seq] | lr: 9.40e-05 wd: 0.047 | left: 30s
step 24000 ( 87.5%) | loss: 0.482126 | trade:0.64 call:0.01 put:0.99 | ATM:0.67 OTM:0.33 [seq] | lr: 9.23e-05 wd: 0.047 | left: 30s
step 24050 ( 87.7%) | loss: 0.655564 | trade:0.52 call:0.99 put:0.01 | ATM:0.32 OTM:0.68 [seq] | lr: 9.03e-05 wd: 0.047 | left: 30s
step 24100 ( 87.8%) | loss: 0.718012 | trade:0.00 call:0.57 put:0.43 | ATM:0.71 OTM:0.29 [seq] | lr: 8.84e-05 wd: 0.047 | left: 29s
step 24150 ( 88.0%) | loss: 0.363742 | trade:0.00 call:0.10 put:0.90 | ATM:0.94 OTM:0.06 [seq] | lr: 8.66e-05 wd: 0.047 | left: 29s
step 24200 ( 88.1%) | loss: 0.347482 | trade:0.00 call:0.51 put:0.49 | ATM:0.61 OTM:0.39 [seq] | lr: 8.48e-05 wd: 0.047 | left: 28s
step 24250 ( 88.3%) | loss: 0.717992 | trade:0.27 call:0.74 put:0.26 | ATM:0.54 OTM:0.46 [rnd] | lr: 8.28e-05 wd: 0.047 | left: 28s
step 24300 ( 88.4%) | loss: 0.571809 | trade:0.50 call:0.96 put:0.04 | ATM:0.96 OTM:0.04 [seq] | lr: 8.10e-05 wd: 0.047 | left: 28s
step 24350 ( 88.6%) | loss: 0.779246 | trade:0.22 call:0.74 put:0.26 | ATM:0.54 OTM:0.46 [rnd] | lr: 7.89e-05 wd: 0.047 | left: 27s
step 24400 ( 88.7%) | loss: 0.835234 | trade:0.28 call:0.78 put:0.22 | ATM:0.53 OTM:0.47 [rnd] | lr: 7.72e-05 wd: 0.047 | left: 27s
step 24450 ( 89.0%) | loss: 0.511298 | trade:0.00 call:0.74 put:0.26 | ATM:0.65 OTM:0.35 [seq] | lr: 7.42e-05 wd: 0.047 | left: 26s
step 24500 ( 89.2%) | loss: 0.894979 | trade:0.30 call:0.53 put:0.47 | ATM:0.58 OTM:0.42 [seq] | lr: 7.16e-05 wd: 0.047 | left: 26s
step 24550 ( 89.4%) | loss: 0.852971 | trade:0.19 call:0.40 put:0.60 | ATM:0.58 OTM:0.42 [seq] | lr: 6.95e-05 wd: 0.047 | left: 25s
step 24600 ( 89.6%) | loss: 0.586665 | trade:0.21 call:0.53 put:0.47 | ATM:0.62 OTM:0.38 [seq] | lr: 6.74e-05 wd: 0.047 | left: 25s
step 24650 ( 89.7%) | loss: 0.715569 | trade:0.00 call:0.53 put:0.47 | ATM:0.55 OTM:0.45 [seq] | lr: 6.54e-05 wd: 0.047 | left: 25s
step 24700 ( 89.9%) | loss: 0.592478 | trade:0.00 call:0.82 put:0.18 | ATM:0.50 OTM:0.50 [seq] | lr: 6.37e-05 wd: 0.047 | left: 24s
step 24750 ( 90.1%) | loss: 0.376723 | trade:0.00 call:0.47 put:0.53 | ATM:0.73 OTM:0.27 [seq] | lr: 6.19e-05 wd: 0.048 | left: 24s
step 24800 ( 90.2%) | loss: 0.520340 | trade:0.00 call:0.59 put:0.41 | ATM:0.56 OTM:0.44 [seq] | lr: 6.03e-05 wd: 0.048 | left: 24s
step 24850 ( 90.3%) | loss: 0.553657 | trade:0.00 call:0.48 put:0.52 | ATM:0.43 OTM:0.57 [seq] | lr: 5.87e-05 wd: 0.048 | left: 23s
step 24900 ( 90.6%) | loss: 1.142289 | trade:0.28 call:0.69 put:0.31 | ATM:0.54 OTM:0.46 [rnd] | lr: 5.59e-05 wd: 0.048 | left: 23s
step 24950 ( 90.8%) | loss: 0.716957 | trade:0.00 call:0.29 put:0.71 | ATM:0.56 OTM:0.44 [seq] | lr: 5.40e-05 wd: 0.048 | left: 22s
step 25000 ( 90.9%) | loss: 0.695079 | trade:0.00 call:0.77 put:0.23 | ATM:0.40 OTM:0.60 [seq] | lr: 5.23e-05 wd: 0.048 | left: 22s
step 25050 ( 91.1%) | loss: 0.668005 | trade:0.55 call:0.99 put:0.01 | ATM:0.32 OTM:0.68 [seq] | lr: 5.05e-05 wd: 0.048 | left: 21s
step 25100 ( 91.3%) | loss: 0.815012 | trade:0.00 call:0.61 put:0.39 | ATM:0.33 OTM:0.67 [seq] | lr: 4.86e-05 wd: 0.048 | left: 21s
step 25150 ( 91.4%) | loss: 0.651939 | trade:0.00 call:0.62 put:0.38 | ATM:0.51 OTM:0.49 [seq] | lr: 4.71e-05 wd: 0.048 | left: 21s
step 25200 ( 91.6%) | loss: 0.532696 | trade:0.89 call:0.03 put:0.97 | ATM:0.65 OTM:0.35 [seq] | lr: 4.54e-05 wd: 0.048 | left: 20s
step 25250 ( 91.7%) | loss: 0.639592 | trade:0.27 call:0.74 put:0.26 | ATM:0.54 OTM:0.46 [rnd] | lr: 4.39e-05 wd: 0.048 | left: 20s
step 25300 ( 92.0%) | loss: 0.468267 | trade:0.54 call:0.99 put:0.01 | ATM:0.47 OTM:0.53 [seq] | lr: 4.18e-05 wd: 0.048 | left: 19s
step 25350 ( 92.1%) | loss: 0.274288 | trade:0.46 call:0.93 put:0.07 | ATM:0.90 OTM:0.10 [seq] | lr: 4.03e-05 wd: 0.048 | left: 19s
step 25400 ( 92.3%) | loss: 0.353057 | trade:0.00 call:0.85 put:0.15 | ATM:0.53 OTM:0.47 [seq] | lr: 3.85e-05 wd: 0.048 | left: 18s
step 25450 ( 92.5%) | loss: 0.463129 | trade:0.00 call:0.86 put:0.14 | ATM:0.38 OTM:0.62 [seq] | lr: 3.68e-05 wd: 0.048 | left: 18s
step 25500 ( 92.7%) | loss: 0.511670 | trade:0.00 call:0.23 put:0.77 | ATM:0.63 OTM:0.37 [seq] | lr: 3.50e-05 wd: 0.048 | left: 18s
step 25550 ( 92.9%) | loss: 0.545492 | trade:0.00 call:0.65 put:0.35 | ATM:0.39 OTM:0.61 [seq] | lr: 3.33e-05 wd: 0.048 | left: 17s
step 25600 ( 93.0%) | loss: 0.755022 | trade:0.30 call:0.73 put:0.27 | ATM:0.53 OTM:0.47 [rnd] | lr: 3.20e-05 wd: 0.048 | left: 17s
step 25650 ( 93.2%) | loss: 0.462179 | trade:0.00 call:0.91 put:0.09 | ATM:0.82 OTM:0.18 [seq] | lr: 3.03e-05 wd: 0.048 | left: 16s
step 25700 ( 93.4%) | loss: 1.622574 | trade:0.53 call:0.91 put:0.09 | ATM:0.38 OTM:0.62 [seq] | lr: 2.83e-05 wd: 0.048 | left: 16s
step 25750 ( 93.6%) | loss: 1.026302 | trade:0.28 call:0.78 put:0.22 | ATM:0.53 OTM:0.47 [rnd] | lr: 2.70e-05 wd: 0.048 | left: 15s
step 25800 ( 93.8%) | loss: 0.633778 | trade:0.00 call:0.54 put:0.46 | ATM:0.69 OTM:0.31 [seq] | lr: 2.57e-05 wd: 0.048 | left: 15s
step 25850 ( 94.0%) | loss: 1.041128 | trade:0.38 call:0.86 put:0.14 | ATM:0.46 OTM:0.54 [seq] | lr: 2.41e-05 wd: 0.048 | left: 14s
step 25900 ( 94.2%) | loss: 0.628071 | trade:0.80 call:1.00 put:0.00 | ATM:0.17 OTM:0.83 [seq] | lr: 2.27e-05 wd: 0.049 | left: 14s
step 25950 ( 94.3%) | loss: 0.431874 | trade:0.76 call:1.00 put:0.00 | ATM:0.20 OTM:0.80 [seq] | lr: 2.16e-05 wd: 0.049 | left: 14s
step 26000 ( 94.5%) | loss: 0.769662 | trade:0.28 call:0.75 put:0.25 | ATM:0.54 OTM:0.46 [rnd] | lr: 2.02e-05 wd: 0.049 | left: 13s
step 26050 ( 94.7%) | loss: 0.680979 | trade:0.25 call:0.76 put:0.24 | ATM:0.52 OTM:0.48 [rnd] | lr: 1.90e-05 wd: 0.049 | left: 13s
step 26100 ( 94.9%) | loss: 0.657244 | trade:0.00 call:0.89 put:0.11 | ATM:0.77 OTM:0.23 [seq] | lr: 1.77e-05 wd: 0.049 | left: 12s
step 26150 ( 95.0%) | loss: 0.583315 | trade:0.00 call:0.62 put:0.38 | ATM:0.58 OTM:0.42 [seq] | lr: 1.66e-05 wd: 0.049 | left: 12s
step 26200 ( 95.2%) | loss: 0.589749 | trade:0.24 call:0.74 put:0.26 | ATM:0.58 OTM:0.42 [rnd] | lr: 1.57e-05 wd: 0.049 | left: 12s
step 26250 ( 95.4%) | loss: 0.756771 | trade:0.21 call:0.73 put:0.27 | ATM:0.56 OTM:0.44 [rnd] | lr: 1.45e-05 wd: 0.049 | left: 11s
step 26300 ( 95.5%) | loss: 0.637200 | trade:0.00 call:0.68 put:0.32 | ATM:0.40 OTM:0.60 [seq] | lr: 1.37e-05 wd: 0.049 | left: 11s
step 26350 ( 95.6%) | loss: 0.623133 | trade:0.27 call:0.74 put:0.26 | ATM:0.51 OTM:0.49 [rnd] | lr: 1.28e-05 wd: 0.049 | left: 10s
step 26400 ( 95.8%) | loss: 0.642981 | trade:0.00 call:0.18 put:0.82 | ATM:0.50 OTM:0.50 [seq] | lr: 1.20e-05 wd: 0.049 | left: 10s
step 26450 ( 95.9%) | loss: 0.534575 | trade:0.79 call:0.02 put:0.98 | ATM:0.62 OTM:0.38 [seq] | lr: 1.12e-05 wd: 0.049 | left: 10s
step 26500 ( 96.1%) | loss: 0.694378 | trade:0.62 call:0.02 put:0.98 | ATM:0.68 OTM:0.32 [seq] | lr: 1.03e-05 wd: 0.049 | left: 9s
step 26550 ( 96.3%) | loss: 0.670627 | trade:0.00 call:0.87 put:0.13 | ATM:0.52 OTM:0.48 [seq] | lr: 9.44e-06 wd: 0.049 | left: 9s
step 26600 ( 96.4%) | loss: 0.671752 | trade:0.00 call:0.81 put:0.19 | ATM:0.85 OTM:0.15 [seq] | lr: 8.72e-06 wd: 0.049 | left: 9s
step 26650 ( 96.6%) | loss: 0.454709 | trade:0.86 call:0.01 put:0.99 | ATM:0.67 OTM:0.33 [seq] | lr: 8.02e-06 wd: 0.049 | left: 8s
step 26700 ( 96.8%) | loss: 0.697986 | trade:0.36 call:0.48 put:0.52 | ATM:0.74 OTM:0.26 [seq] | lr: 6.96e-06 wd: 0.049 | left: 8s
step 26750 ( 97.0%) | loss: 0.910816 | trade:0.00 call:0.38 put:0.62 | ATM:0.79 OTM:0.21 [seq] | lr: 6.18e-06 wd: 0.049 | left: 7s
step 26800 ( 97.2%) | loss: 0.653282 | trade:0.25 call:0.72 put:0.28 | ATM:0.55 OTM:0.45 [rnd] | lr: 5.48e-06 wd: 0.049 | left: 7s
step 26850 ( 97.3%) | loss: 0.772045 | trade:0.26 call:0.75 put:0.25 | ATM:0.55 OTM:0.45 [rnd] | lr: 4.89e-06 wd: 0.049 | left: 6s
step 26900 ( 97.5%) | loss: 0.431504 | trade:0.62 call:0.01 put:0.99 | ATM:0.97 OTM:0.03 [seq] | lr: 4.27e-06 wd: 0.049 | left: 6s
step 26950 ( 97.7%) | loss: 0.536545 | trade:0.53 call:0.96 put:0.04 | ATM:0.95 OTM:0.05 [seq] | lr: 3.65e-06 wd: 0.049 | left: 6s
step 27000 ( 97.9%) | loss: 0.538902 | trade:0.30 call:0.74 put:0.26 | ATM:0.51 OTM:0.49 [rnd] | lr: 3.14e-06 wd: 0.049 | left: 5s
step 27050 ( 98.0%) | loss: 0.606949 | trade:0.00 call:0.66 put:0.34 | ATM:0.42 OTM:0.58 [seq] | lr: 2.69e-06 wd: 0.050 | left: 5s
step 27100 ( 98.2%) | loss: 0.554823 | trade:0.21 call:0.74 put:0.26 | ATM:0.54 OTM:0.46 [rnd] | lr: 2.29e-06 wd: 0.050 | left: 4s
step 27150 ( 98.3%) | loss: 0.484280 | trade:0.64 call:0.01 put:0.99 | ATM:0.69 OTM:0.31 [seq] | lr: 1.89e-06 wd: 0.050 | left: 4s
step 27200 ( 98.5%) | loss: 0.302812 | trade:0.49 call:0.96 put:0.04 | ATM:0.96 OTM:0.04 [seq] | lr: 1.56e-06 wd: 0.050 | left: 4s
step 27250 ( 98.7%) | loss: 0.522298 | trade:0.21 call:0.72 put:0.28 | ATM:0.54 OTM:0.46 [rnd] | lr: 1.24e-06 wd: 0.050 | left: 3s
step 27300 ( 98.8%) | loss: 0.534888 | trade:0.00 call:0.60 put:0.40 | ATM:0.45 OTM:0.55 [seq] | lr: 9.60e-07 wd: 0.050 | left: 3s
step 27350 ( 99.0%) | loss: 0.620608 | trade:0.38 call:0.85 put:0.15 | ATM:0.40 OTM:0.60 [seq] | lr: 6.93e-07 wd: 0.050 | left: 2s
step 27400 ( 99.2%) | loss: 0.724880 | trade:0.27 call:0.73 put:0.27 | ATM:0.52 OTM:0.48 [rnd] | lr: 4.69e-07 wd: 0.050 | left: 2s
step 27450 ( 99.4%) | loss: 0.546347 | trade:0.00 call:0.29 put:0.71 | ATM:0.77 OTM:0.23 [seq] | lr: 2.43e-07 wd: 0.050 | left: 1s
step 27500 ( 99.6%) | loss: 0.711422 | trade:0.00 call:0.80 put:0.20 | ATM:0.60 OTM:0.40 [seq] | lr: 1.33e-07 wd: 0.050 | left: 1s
step 27550 ( 99.7%) | loss: 0.485364 | trade:0.00 call:0.96 put:0.04 | ATM:0.93 OTM:0.07 [seq] | lr: 5.73e-08 wd: 0.050 | left: 1s
step 27600 ( 99.9%) | loss: 0.433721 | trade:0.00 call:0.73 put:0.27 | ATM:0.48 OTM:0.52 [seq] | lr: 1.07e-08 wd: 0.050 | left: 0s

Training done at 246s. Starting evaluation...
Evaluation done in 1s (total wall: 246s)
Model saved to /root/best_model.pt

---
score:              -10.000000
profit_factor:      0.000000
win_rate:           0.000000
avg_winner:         0.000000
avg_loser:          0.000000
trades_per_day:     0.000000
max_consec_loss:    0
num_trades:         4
trade_sharpe:       0.000000
sortino:            0.000000
max_drawdown:       0.000000
calmar:             0.000000
ev_per_trade:       0.000000
do_nothing_pct:     1.000000
exit_pct:           0.000000
model_exit_count:   0
cooldown_blocked:   0
pre_10am_blocked:   0
short_hold_pct:     0.000000
stop_loss_rate:     0.000000
direction_collapse_pct: 0.000000
avg_entry_cost_bps: 300.000000
avg_entry_quality:  0.000000
cost_realism_coverage: 0.000000
high_cost_entry_rate: 1.000000
low_quality_entry_rate: 1.000000
actionable_bar_rate: 0.000000
risk_off_bar_rate:  0.000000
final_capital:      10000.00
equity_sharpe:      0.000000
max_equity_dd:      0.000000
total_dollar_return:0.000000
val_sharpe:         44.693316
total_return:       0.000000
num_val_bars:       260
num_val_days:       5
worst_chunk_pf:     1.00
rr_ratio:           0.0000
avg_hold_bars:      0.00
model_exit_rate:    0.0000
hit_ruin:           False
min_equity_frac:    1.0000
avg_risk_fraction:  0.0000
max_risk_fraction:  0.0000
trades_blocked_by_balance: 0
training_seconds:   240.0
total_seconds:      248.4
peak_vram_mb:       452.7
num_steps:          27643
num_params:         145,064
lookback:           120
depth:              3
d_model:            64
effective_lr:       0.00025
gate_label_smoothing:0.050000
dir_label_smoothing:0.050000
false_entry_penalty:1.500000
/opt/conda/lib/python3.11/site-packages/torch/nn/modules/transformer.py:379: UserWarning: enable_nested_tensor is True, but self.use_nested_tensor is False because encoder_layer.norm_first was True
  warnings.warn(
