Loading data from: /root/.cache/autoresearch-trading/features/data.pt
Loaded 382920 1-min bars, 32 features, 8 actions
  ~981 trading days
Training:   up to idx 268019
Validation: idx 268020-382919
  Option P&L coverage: 296720/382920 (77%)
Parameters: 145,064
Architecture: v4 simplified two-head (gate+dir) + position state
Training from scratch (v4: no warm-start).

Budget: 240s | Batch: 128 | Lookback: 120
LR: 0.0003 | Depth: 3 | d_model: 64 | ff_mult: 3
Dropout: 0.15 | Weight decay: 0.05
False entry penalty: 2.0x
Label smoothing: gate=0.05 dir=0.05

step 00000 (  0.0%) | loss: 3.108321 | trade:0.25 call:0.45 put:0.55 | ATM:0.24 OTM:0.76 | lr: 0.00e+00 | left: 240s
step 00050 (  0.2%) | loss: 3.240836 | trade:0.26 call:0.45 put:0.55 | ATM:0.24 OTM:0.76 | lr: 5.58e-06 | left: 240s
step 00100 (  0.4%) | loss: 3.189920 | trade:0.28 call:0.45 put:0.55 | ATM:0.24 OTM:0.76 | lr: 1.11e-05 | left: 239s
step 00150 (  0.6%) | loss: 3.132461 | trade:0.33 call:0.45 put:0.55 | ATM:0.25 OTM:0.75 | lr: 1.71e-05 | left: 239s
step 00200 (  0.8%) | loss: 3.063726 | trade:0.38 call:0.46 put:0.54 | ATM:0.26 OTM:0.74 | lr: 2.37e-05 | left: 238s
step 00250 (  1.0%) | loss: 2.988720 | trade:0.43 call:0.49 put:0.51 | ATM:0.27 OTM:0.73 | lr: 2.97e-05 | left: 238s
step 00300 (  1.2%) | loss: 2.928183 | trade:0.44 call:0.52 put:0.48 | ATM:0.29 OTM:0.71 | lr: 3.70e-05 | left: 237s
step 00350 (  1.4%) | loss: 2.898767 | trade:0.44 call:0.54 put:0.46 | ATM:0.31 OTM:0.69 | lr: 4.28e-05 | left: 237s
step 00400 (  1.7%) | loss: 2.828332 | trade:0.44 call:0.57 put:0.43 | ATM:0.33 OTM:0.67 | lr: 5.12e-05 | left: 236s
step 00450 (  1.9%) | loss: 2.774028 | trade:0.43 call:0.56 put:0.44 | ATM:0.34 OTM:0.66 | lr: 5.77e-05 | left: 235s
step 00500 (  2.2%) | loss: 2.750504 | trade:0.42 call:0.58 put:0.42 | ATM:0.36 OTM:0.64 | lr: 6.47e-05 | left: 235s
step 00550 (  2.4%) | loss: 2.709839 | trade:0.43 call:0.58 put:0.42 | ATM:0.37 OTM:0.63 | lr: 7.09e-05 | left: 234s
step 00600 (  2.6%) | loss: 2.638914 | trade:0.44 call:0.58 put:0.42 | ATM:0.37 OTM:0.63 | lr: 7.70e-05 | left: 234s
step 00650 (  2.8%) | loss: 2.596923 | trade:0.45 call:0.58 put:0.42 | ATM:0.39 OTM:0.61 | lr: 8.29e-05 | left: 233s
step 00700 (  3.0%) | loss: 2.490066 | trade:0.42 call:0.60 put:0.40 | ATM:0.40 OTM:0.60 | lr: 8.85e-05 | left: 233s
step 00750 (  3.1%) | loss: 2.442449 | trade:0.41 call:0.62 put:0.38 | ATM:0.44 OTM:0.56 | lr: 9.42e-05 | left: 232s
step 00800 (  3.4%) | loss: 2.381287 | trade:0.44 call:0.55 put:0.45 | ATM:0.40 OTM:0.60 | lr: 1.01e-04 | left: 232s
step 00850 (  3.6%) | loss: 2.303697 | trade:0.43 call:0.63 put:0.37 | ATM:0.42 OTM:0.58 | lr: 1.07e-04 | left: 231s
step 00900 (  3.8%) | loss: 2.235267 | trade:0.42 call:0.59 put:0.41 | ATM:0.41 OTM:0.59 | lr: 1.14e-04 | left: 231s
step 00950 (  4.0%) | loss: 2.154026 | trade:0.40 call:0.65 put:0.35 | ATM:0.43 OTM:0.57 | lr: 1.21e-04 | left: 230s
step 01000 (  4.3%) | loss: 2.095717 | trade:0.40 call:0.65 put:0.35 | ATM:0.46 OTM:0.54 | lr: 1.28e-04 | left: 230s
step 01050 (  4.5%) | loss: 1.995395 | trade:0.39 call:0.67 put:0.33 | ATM:0.45 OTM:0.55 | lr: 1.35e-04 | left: 229s
step 01100 (  4.7%) | loss: 1.938054 | trade:0.41 call:0.66 put:0.34 | ATM:0.46 OTM:0.54 | lr: 1.42e-04 | left: 229s
step 01150 (  4.9%) | loss: 1.872528 | trade:0.39 call:0.65 put:0.35 | ATM:0.45 OTM:0.55 | lr: 1.48e-04 | left: 228s
step 01200 (  5.2%) | loss: 1.846901 | trade:0.40 call:0.66 put:0.34 | ATM:0.42 OTM:0.58 | lr: 1.55e-04 | left: 228s
step 01250 (  5.3%) | loss: 1.749220 | trade:0.38 call:0.63 put:0.37 | ATM:0.47 OTM:0.53 | lr: 1.60e-04 | left: 227s
step 01300 (  5.5%) | loss: 1.698407 | trade:0.34 call:0.69 put:0.31 | ATM:0.47 OTM:0.53 | lr: 1.66e-04 | left: 227s
step 01350 (  5.7%) | loss: 1.639578 | trade:0.41 call:0.57 put:0.43 | ATM:0.43 OTM:0.57 | lr: 1.72e-04 | left: 226s
step 01400 (  5.9%) | loss: 1.593584 | trade:0.39 call:0.60 put:0.40 | ATM:0.48 OTM:0.52 | lr: 1.78e-04 | left: 226s
step 01450 (  6.2%) | loss: 1.561226 | trade:0.33 call:0.72 put:0.28 | ATM:0.48 OTM:0.52 | lr: 1.85e-04 | left: 225s
step 01500 (  6.4%) | loss: 1.539181 | trade:0.42 call:0.63 put:0.37 | ATM:0.49 OTM:0.51 | lr: 1.92e-04 | left: 225s
step 01550 (  6.6%) | loss: 1.481943 | trade:0.38 call:0.65 put:0.35 | ATM:0.49 OTM:0.51 | lr: 1.99e-04 | left: 224s
step 01600 (  6.9%) | loss: 1.466808 | trade:0.41 call:0.65 put:0.35 | ATM:0.45 OTM:0.55 | lr: 2.06e-04 | left: 224s
step 01650 (  7.1%) | loss: 1.445670 | trade:0.39 call:0.68 put:0.32 | ATM:0.53 OTM:0.47 | lr: 2.13e-04 | left: 223s
step 01700 (  7.3%) | loss: 1.405049 | trade:0.35 call:0.67 put:0.33 | ATM:0.51 OTM:0.49 | lr: 2.19e-04 | left: 223s
step 01750 (  7.5%) | loss: 1.347907 | trade:0.37 call:0.69 put:0.31 | ATM:0.55 OTM:0.45 | lr: 2.25e-04 | left: 222s
step 01800 (  7.7%) | loss: 1.375271 | trade:0.31 call:0.63 put:0.37 | ATM:0.53 OTM:0.47 | lr: 2.32e-04 | left: 221s
step 01850 (  7.9%) | loss: 1.349561 | trade:0.39 call:0.64 put:0.36 | ATM:0.52 OTM:0.48 | lr: 2.38e-04 | left: 221s
step 01900 (  8.1%) | loss: 1.318390 | trade:0.36 call:0.62 put:0.38 | ATM:0.54 OTM:0.46 | lr: 2.44e-04 | left: 220s
step 01950 (  8.3%) | loss: 1.338459 | trade:0.35 call:0.59 put:0.41 | ATM:0.50 OTM:0.50 | lr: 2.49e-04 | left: 220s
step 02000 (  8.6%) | loss: 1.283281 | trade:0.32 call:0.67 put:0.33 | ATM:0.53 OTM:0.47 | lr: 2.57e-04 | left: 219s
step 02050 (  8.8%) | loss: 1.318378 | trade:0.36 call:0.66 put:0.34 | ATM:0.54 OTM:0.46 | lr: 2.63e-04 | left: 219s
step 02100 (  9.0%) | loss: 1.273100 | trade:0.33 call:0.66 put:0.34 | ATM:0.54 OTM:0.46 | lr: 2.69e-04 | left: 218s
step 02150 (  9.2%) | loss: 1.278968 | trade:0.35 call:0.63 put:0.37 | ATM:0.53 OTM:0.47 | lr: 2.75e-04 | left: 218s
step 02200 (  9.4%) | loss: 1.277773 | trade:0.38 call:0.58 put:0.42 | ATM:0.48 OTM:0.52 | lr: 2.81e-04 | left: 217s
step 02250 (  9.6%) | loss: 1.244424 | trade:0.33 call:0.66 put:0.34 | ATM:0.61 OTM:0.39 | lr: 2.88e-04 | left: 217s
step 02300 (  9.8%) | loss: 1.227324 | trade:0.32 call:0.60 put:0.40 | ATM:0.53 OTM:0.47 | lr: 2.95e-04 | left: 216s
step 02350 ( 10.0%) | loss: 1.233532 | trade:0.35 call:0.67 put:0.33 | ATM:0.61 OTM:0.39 | lr: 3.00e-04 | left: 216s
step 02400 ( 10.2%) | loss: 1.211509 | trade:0.34 call:0.69 put:0.31 | ATM:0.50 OTM:0.50 | lr: 3.00e-04 | left: 215s
step 02450 ( 10.4%) | loss: 1.252280 | trade:0.41 call:0.65 put:0.35 | ATM:0.52 OTM:0.48 | lr: 3.00e-04 | left: 215s
step 02500 ( 10.7%) | loss: 1.227677 | trade:0.39 call:0.58 put:0.42 | ATM:0.55 OTM:0.45 | lr: 3.00e-04 | left: 214s
step 02550 ( 11.1%) | loss: 1.216361 | trade:0.33 call:0.59 put:0.41 | ATM:0.51 OTM:0.49 | lr: 3.00e-04 | left: 213s
step 02600 ( 11.6%) | loss: 1.220908 | trade:0.34 call:0.55 put:0.45 | ATM:0.55 OTM:0.45 | lr: 3.00e-04 | left: 212s
step 02650 ( 12.1%) | loss: 1.194872 | trade:0.34 call:0.63 put:0.37 | ATM:0.55 OTM:0.45 | lr: 3.00e-04 | left: 211s
step 02700 ( 12.6%) | loss: 1.216449 | trade:0.31 call:0.63 put:0.37 | ATM:0.57 OTM:0.43 | lr: 3.00e-04 | left: 210s
step 02750 ( 13.1%) | loss: 1.213385 | trade:0.34 call:0.53 put:0.47 | ATM:0.57 OTM:0.43 | lr: 3.00e-04 | left: 208s
step 02800 ( 13.6%) | loss: 1.205210 | trade:0.35 call:0.61 put:0.39 | ATM:0.56 OTM:0.44 | lr: 3.00e-04 | left: 207s
step 02850 ( 14.0%) | loss: 1.157989 | trade:0.29 call:0.65 put:0.35 | ATM:0.65 OTM:0.35 | lr: 3.00e-04 | left: 206s
step 02900 ( 14.5%) | loss: 1.160142 | trade:0.38 call:0.62 put:0.38 | ATM:0.58 OTM:0.42 | lr: 3.00e-04 | left: 205s
step 02950 ( 15.1%) | loss: 1.169898 | trade:0.37 call:0.62 put:0.38 | ATM:0.57 OTM:0.43 | lr: 3.00e-04 | left: 204s
step 03000 ( 15.6%) | loss: 1.166442 | trade:0.41 call:0.55 put:0.45 | ATM:0.57 OTM:0.43 | lr: 3.00e-04 | left: 203s
step 03050 ( 16.0%) | loss: 1.151552 | trade:0.37 call:0.65 put:0.35 | ATM:0.60 OTM:0.40 | lr: 3.00e-04 | left: 201s
step 03100 ( 16.5%) | loss: 1.155817 | trade:0.36 call:0.65 put:0.35 | ATM:0.62 OTM:0.38 | lr: 3.00e-04 | left: 200s
step 03150 ( 17.0%) | loss: 1.131180 | trade:0.35 call:0.62 put:0.38 | ATM:0.57 OTM:0.43 | lr: 3.00e-04 | left: 199s
step 03200 ( 17.5%) | loss: 1.152248 | trade:0.34 call:0.62 put:0.38 | ATM:0.55 OTM:0.45 | lr: 3.00e-04 | left: 198s
step 03250 ( 18.0%) | loss: 1.152564 | trade:0.29 call:0.61 put:0.39 | ATM:0.61 OTM:0.39 | lr: 3.00e-04 | left: 197s
step 03300 ( 18.5%) | loss: 1.139247 | trade:0.36 call:0.64 put:0.36 | ATM:0.62 OTM:0.38 | lr: 3.00e-04 | left: 195s
step 03350 ( 19.0%) | loss: 1.135534 | trade:0.32 call:0.62 put:0.38 | ATM:0.65 OTM:0.35 | lr: 3.00e-04 | left: 194s
step 03400 ( 19.5%) | loss: 1.114668 | trade:0.35 call:0.61 put:0.39 | ATM:0.62 OTM:0.38 | lr: 3.00e-04 | left: 193s
step 03450 ( 20.0%) | loss: 1.106271 | trade:0.33 call:0.63 put:0.37 | ATM:0.55 OTM:0.45 | lr: 3.00e-04 | left: 192s
step 03500 ( 20.5%) | loss: 1.124935 | trade:0.32 call:0.62 put:0.38 | ATM:0.55 OTM:0.45 | lr: 3.00e-04 | left: 191s
step 03550 ( 21.0%) | loss: 1.129678 | trade:0.33 call:0.64 put:0.36 | ATM:0.57 OTM:0.43 | lr: 3.00e-04 | left: 190s
step 03600 ( 21.5%) | loss: 1.135394 | trade:0.31 call:0.62 put:0.38 | ATM:0.61 OTM:0.39 | lr: 3.00e-04 | left: 188s
step 03650 ( 22.0%) | loss: 1.126517 | trade:0.33 call:0.66 put:0.34 | ATM:0.61 OTM:0.39 | lr: 3.00e-04 | left: 187s
step 03700 ( 22.5%) | loss: 1.120796 | trade:0.33 call:0.62 put:0.38 | ATM:0.57 OTM:0.43 | lr: 3.00e-04 | left: 186s
step 03750 ( 23.0%) | loss: 1.149939 | trade:0.28 call:0.63 put:0.37 | ATM:0.67 OTM:0.33 | lr: 3.00e-04 | left: 185s
step 03800 ( 23.5%) | loss: 1.116492 | trade:0.35 call:0.57 put:0.43 | ATM:0.61 OTM:0.39 | lr: 3.00e-04 | left: 184s
step 03850 ( 24.0%) | loss: 1.099842 | trade:0.34 call:0.59 put:0.41 | ATM:0.58 OTM:0.42 | lr: 3.00e-04 | left: 182s
step 03900 ( 24.5%) | loss: 1.114568 | trade:0.39 call:0.61 put:0.39 | ATM:0.60 OTM:0.40 | lr: 3.00e-04 | left: 181s
step 03950 ( 25.0%) | loss: 1.082754 | trade:0.27 call:0.65 put:0.35 | ATM:0.60 OTM:0.40 | lr: 3.00e-04 | left: 180s
step 04000 ( 25.5%) | loss: 1.095521 | trade:0.33 call:0.62 put:0.38 | ATM:0.60 OTM:0.40 | lr: 3.00e-04 | left: 179s
step 04050 ( 26.0%) | loss: 1.111902 | trade:0.37 call:0.62 put:0.38 | ATM:0.55 OTM:0.45 | lr: 3.00e-04 | left: 178s
step 04100 ( 26.5%) | loss: 1.081498 | trade:0.30 call:0.65 put:0.35 | ATM:0.62 OTM:0.38 | lr: 3.00e-04 | left: 177s
step 04150 ( 26.7%) | loss: 1.079545 | trade:0.32 call:0.54 put:0.46 | ATM:0.65 OTM:0.35 | lr: 3.00e-04 | left: 176s
step 04200 ( 26.9%) | loss: 1.074906 | trade:0.31 call:0.60 put:0.40 | ATM:0.63 OTM:0.37 | lr: 3.00e-04 | left: 175s
step 04250 ( 27.1%) | loss: 1.088975 | trade:0.32 call:0.59 put:0.41 | ATM:0.64 OTM:0.36 | lr: 3.00e-04 | left: 175s
step 04300 ( 27.3%) | loss: 1.092979 | trade:0.38 call:0.61 put:0.39 | ATM:0.58 OTM:0.42 | lr: 3.00e-04 | left: 175s
step 04350 ( 27.5%) | loss: 1.070592 | trade:0.30 call:0.64 put:0.36 | ATM:0.64 OTM:0.36 | lr: 3.00e-04 | left: 174s
step 04400 ( 27.7%) | loss: 1.083256 | trade:0.33 call:0.63 put:0.37 | ATM:0.57 OTM:0.43 | lr: 3.00e-04 | left: 173s
step 04450 ( 27.9%) | loss: 1.070664 | trade:0.37 call:0.61 put:0.39 | ATM:0.63 OTM:0.37 | lr: 3.00e-04 | left: 173s
step 04500 ( 28.1%) | loss: 1.080610 | trade:0.35 call:0.62 put:0.38 | ATM:0.64 OTM:0.36 | lr: 3.00e-04 | left: 173s
step 04550 ( 28.3%) | loss: 1.059553 | trade:0.33 call:0.57 put:0.43 | ATM:0.59 OTM:0.41 | lr: 3.00e-04 | left: 172s
step 04600 ( 28.5%) | loss: 1.070916 | trade:0.34 call:0.63 put:0.37 | ATM:0.56 OTM:0.44 | lr: 3.00e-04 | left: 172s
step 04650 ( 28.7%) | loss: 1.056621 | trade:0.34 call:0.58 put:0.42 | ATM:0.59 OTM:0.41 | lr: 3.00e-04 | left: 171s
step 04700 ( 28.9%) | loss: 1.066553 | trade:0.37 call:0.60 put:0.40 | ATM:0.63 OTM:0.37 | lr: 3.00e-04 | left: 171s
step 04750 ( 29.1%) | loss: 1.102364 | trade:0.31 call:0.62 put:0.38 | ATM:0.63 OTM:0.37 | lr: 3.00e-04 | left: 170s
step 04800 ( 29.3%) | loss: 1.050689 | trade:0.38 call:0.59 put:0.41 | ATM:0.57 OTM:0.43 | lr: 3.00e-04 | left: 170s
step 04850 ( 29.5%) | loss: 1.053600 | trade:0.38 call:0.59 put:0.41 | ATM:0.61 OTM:0.39 | lr: 3.00e-04 | left: 169s
step 04900 ( 29.7%) | loss: 1.042763 | trade:0.28 call:0.62 put:0.38 | ATM:0.66 OTM:0.34 | lr: 3.00e-04 | left: 169s
step 04950 ( 29.9%) | loss: 1.086387 | trade:0.35 call:0.60 put:0.40 | ATM:0.61 OTM:0.39 | lr: 3.00e-04 | left: 168s
step 05000 ( 30.1%) | loss: 1.062335 | trade:0.36 call:0.56 put:0.44 | ATM:0.61 OTM:0.39 | lr: 3.00e-04 | left: 168s
step 05050 ( 30.3%) | loss: 1.053329 | trade:0.33 call:0.62 put:0.38 | ATM:0.55 OTM:0.45 | lr: 3.00e-04 | left: 167s
step 05100 ( 30.5%) | loss: 1.060943 | trade:0.32 call:0.61 put:0.39 | ATM:0.63 OTM:0.37 | lr: 3.00e-04 | left: 167s
step 05150 ( 30.7%) | loss: 1.034744 | trade:0.37 call:0.55 put:0.45 | ATM:0.65 OTM:0.35 | lr: 3.00e-04 | left: 166s
step 05200 ( 30.9%) | loss: 1.054299 | trade:0.31 call:0.62 put:0.38 | ATM:0.65 OTM:0.35 | lr: 3.00e-04 | left: 166s
step 05250 ( 31.1%) | loss: 1.044577 | trade:0.29 call:0.65 put:0.35 | ATM:0.68 OTM:0.32 | lr: 3.00e-04 | left: 165s
step 05300 ( 31.3%) | loss: 1.055396 | trade:0.32 call:0.64 put:0.36 | ATM:0.62 OTM:0.38 | lr: 3.00e-04 | left: 165s
step 05350 ( 31.5%) | loss: 1.059519 | trade:0.30 call:0.63 put:0.37 | ATM:0.67 OTM:0.33 | lr: 3.00e-04 | left: 164s
step 05400 ( 31.7%) | loss: 1.055175 | trade:0.39 call:0.56 put:0.44 | ATM:0.53 OTM:0.47 | lr: 3.00e-04 | left: 164s
step 05450 ( 31.9%) | loss: 1.025735 | trade:0.36 call:0.56 put:0.44 | ATM:0.62 OTM:0.38 | lr: 3.00e-04 | left: 163s
step 05500 ( 32.1%) | loss: 1.031105 | trade:0.32 call:0.53 put:0.47 | ATM:0.64 OTM:0.36 | lr: 3.00e-04 | left: 163s
step 05550 ( 32.3%) | loss: 1.050355 | trade:0.34 call:0.59 put:0.41 | ATM:0.66 OTM:0.34 | lr: 3.00e-04 | left: 163s
step 05600 ( 32.5%) | loss: 1.039515 | trade:0.35 call:0.65 put:0.35 | ATM:0.66 OTM:0.34 | lr: 3.00e-04 | left: 162s
step 05650 ( 33.0%) | loss: 1.038553 | trade:0.32 call:0.63 put:0.37 | ATM:0.69 OTM:0.31 | lr: 3.00e-04 | left: 161s
step 05700 ( 33.5%) | loss: 1.038648 | trade:0.39 call:0.63 put:0.37 | ATM:0.62 OTM:0.38 | lr: 3.00e-04 | left: 160s
step 05750 ( 33.7%) | loss: 1.024235 | trade:0.34 call:0.59 put:0.41 | ATM:0.59 OTM:0.41 | lr: 3.00e-04 | left: 159s
step 05800 ( 34.2%) | loss: 1.035458 | trade:0.35 call:0.62 put:0.38 | ATM:0.65 OTM:0.35 | lr: 3.00e-04 | left: 158s
step 05850 ( 34.7%) | loss: 1.011842 | trade:0.34 call:0.60 put:0.40 | ATM:0.59 OTM:0.41 | lr: 3.00e-04 | left: 157s
step 05900 ( 35.2%) | loss: 1.043913 | trade:0.37 call:0.63 put:0.37 | ATM:0.64 OTM:0.36 | lr: 3.00e-04 | left: 156s
step 05950 ( 35.4%) | loss: 1.007452 | trade:0.34 call:0.53 put:0.47 | ATM:0.65 OTM:0.35 | lr: 3.00e-04 | left: 155s
step 06000 ( 35.7%) | loss: 1.031997 | trade:0.36 call:0.57 put:0.43 | ATM:0.64 OTM:0.36 | lr: 3.00e-04 | left: 154s
step 06050 ( 35.9%) | loss: 1.036428 | trade:0.33 call:0.59 put:0.41 | ATM:0.63 OTM:0.37 | lr: 3.00e-04 | left: 154s
step 06100 ( 36.1%) | loss: 1.020535 | trade:0.30 call:0.55 put:0.45 | ATM:0.63 OTM:0.37 | lr: 3.00e-04 | left: 153s
step 06150 ( 36.3%) | loss: 1.020599 | trade:0.29 call:0.59 put:0.41 | ATM:0.61 OTM:0.39 | lr: 3.00e-04 | left: 153s
step 06200 ( 36.5%) | loss: 1.019741 | trade:0.32 call:0.52 put:0.48 | ATM:0.64 OTM:0.36 | lr: 3.00e-04 | left: 152s
step 06250 ( 36.7%) | loss: 1.008482 | trade:0.34 call:0.64 put:0.36 | ATM:0.66 OTM:0.34 | lr: 3.00e-04 | left: 152s
step 06300 ( 36.9%) | loss: 1.010033 | trade:0.34 call:0.56 put:0.44 | ATM:0.58 OTM:0.42 | lr: 3.00e-04 | left: 151s
step 06350 ( 37.1%) | loss: 1.035033 | trade:0.32 call:0.62 put:0.38 | ATM:0.65 OTM:0.35 | lr: 3.00e-04 | left: 151s
step 06400 ( 37.4%) | loss: 1.046071 | trade:0.33 call:0.58 put:0.42 | ATM:0.69 OTM:0.31 | lr: 3.00e-04 | left: 150s
step 06450 ( 37.6%) | loss: 1.016117 | trade:0.33 call:0.51 put:0.49 | ATM:0.60 OTM:0.40 | lr: 3.00e-04 | left: 150s
step 06500 ( 37.8%) | loss: 1.030631 | trade:0.32 call:0.50 put:0.50 | ATM:0.63 OTM:0.37 | lr: 3.00e-04 | left: 149s
step 06550 ( 38.0%) | loss: 1.025688 | trade:0.35 call:0.58 put:0.42 | ATM:0.61 OTM:0.39 | lr: 3.00e-04 | left: 149s
step 06600 ( 38.2%) | loss: 1.020332 | trade:0.36 call:0.58 put:0.42 | ATM:0.61 OTM:0.39 | lr: 3.00e-04 | left: 148s
step 06650 ( 38.4%) | loss: 1.011946 | trade:0.36 call:0.61 put:0.39 | ATM:0.68 OTM:0.32 | lr: 3.00e-04 | left: 148s
step 06700 ( 38.6%) | loss: 1.012885 | trade:0.34 call:0.64 put:0.36 | ATM:0.63 OTM:0.37 | lr: 3.00e-04 | left: 147s
step 06750 ( 38.9%) | loss: 1.004194 | trade:0.38 call:0.62 put:0.38 | ATM:0.58 OTM:0.42 | lr: 3.00e-04 | left: 147s
step 06800 ( 39.1%) | loss: 1.023399 | trade:0.34 call:0.53 put:0.47 | ATM:0.61 OTM:0.39 | lr: 3.00e-04 | left: 146s
step 06850 ( 39.4%) | loss: 1.002345 | trade:0.33 call:0.60 put:0.40 | ATM:0.66 OTM:0.34 | lr: 3.00e-04 | left: 145s
step 06900 ( 39.7%) | loss: 1.000298 | trade:0.31 call:0.58 put:0.42 | ATM:0.63 OTM:0.37 | lr: 3.00e-04 | left: 145s
step 06950 ( 39.9%) | loss: 1.015360 | trade:0.29 call:0.57 put:0.43 | ATM:0.73 OTM:0.27 | lr: 3.00e-04 | left: 144s
step 07000 ( 40.2%) | loss: 0.995308 | trade:0.35 call:0.58 put:0.42 | ATM:0.59 OTM:0.41 | lr: 3.00e-04 | left: 144s
step 07050 ( 40.4%) | loss: 1.007272 | trade:0.29 call:0.56 put:0.44 | ATM:0.66 OTM:0.34 | lr: 3.00e-04 | left: 143s
step 07100 ( 40.7%) | loss: 1.010105 | trade:0.30 call:0.61 put:0.39 | ATM:0.67 OTM:0.33 | lr: 3.00e-04 | left: 142s
step 07150 ( 40.9%) | loss: 0.979057 | trade:0.33 call:0.59 put:0.41 | ATM:0.59 OTM:0.41 | lr: 3.00e-04 | left: 142s
step 07200 ( 41.1%) | loss: 0.980223 | trade:0.33 call:0.59 put:0.41 | ATM:0.60 OTM:0.40 | lr: 3.00e-04 | left: 141s
step 07250 ( 41.3%) | loss: 1.008149 | trade:0.33 call:0.59 put:0.41 | ATM:0.61 OTM:0.39 | lr: 3.00e-04 | left: 141s
step 07300 ( 41.5%) | loss: 0.994194 | trade:0.37 call:0.64 put:0.36 | ATM:0.63 OTM:0.37 | lr: 3.00e-04 | left: 140s
step 07350 ( 41.8%) | loss: 0.972702 | trade:0.29 call:0.59 put:0.41 | ATM:0.64 OTM:0.36 | lr: 3.00e-04 | left: 140s
step 07400 ( 42.0%) | loss: 0.994243 | trade:0.31 call:0.61 put:0.39 | ATM:0.65 OTM:0.35 | lr: 3.00e-04 | left: 139s
step 07450 ( 42.2%) | loss: 1.001973 | trade:0.33 call:0.62 put:0.38 | ATM:0.67 OTM:0.33 | lr: 3.00e-04 | left: 139s
step 07500 ( 42.4%) | loss: 0.974934 | trade:0.33 call:0.56 put:0.44 | ATM:0.63 OTM:0.37 | lr: 3.00e-04 | left: 138s
step 07550 ( 42.6%) | loss: 0.979371 | trade:0.25 call:0.59 put:0.41 | ATM:0.69 OTM:0.31 | lr: 3.00e-04 | left: 138s
step 07600 ( 42.8%) | loss: 0.997388 | trade:0.33 call:0.58 put:0.42 | ATM:0.61 OTM:0.39 | lr: 3.00e-04 | left: 137s
step 07650 ( 43.0%) | loss: 0.999497 | trade:0.30 call:0.50 put:0.50 | ATM:0.61 OTM:0.39 | lr: 3.00e-04 | left: 137s
step 07700 ( 43.2%) | loss: 0.998185 | trade:0.36 call:0.64 put:0.36 | ATM:0.58 OTM:0.42 | lr: 3.00e-04 | left: 136s
step 07750 ( 43.4%) | loss: 0.979609 | trade:0.36 call:0.56 put:0.44 | ATM:0.62 OTM:0.38 | lr: 3.00e-04 | left: 136s
step 07800 ( 43.6%) | loss: 0.980997 | trade:0.32 call:0.54 put:0.46 | ATM:0.65 OTM:0.35 | lr: 3.00e-04 | left: 135s
step 07850 ( 43.8%) | loss: 1.002572 | trade:0.37 call:0.57 put:0.43 | ATM:0.63 OTM:0.37 | lr: 3.00e-04 | left: 135s
step 07900 ( 44.0%) | loss: 0.975710 | trade:0.34 call:0.63 put:0.37 | ATM:0.63 OTM:0.37 | lr: 3.00e-04 | left: 134s
step 07950 ( 44.3%) | loss: 0.987693 | trade:0.40 call:0.55 put:0.45 | ATM:0.58 OTM:0.42 | lr: 3.00e-04 | left: 134s
step 08000 ( 44.6%) | loss: 0.976601 | trade:0.34 call:0.52 put:0.48 | ATM:0.66 OTM:0.34 | lr: 3.00e-04 | left: 133s
step 08050 ( 44.9%) | loss: 1.003957 | trade:0.38 call:0.58 put:0.42 | ATM:0.62 OTM:0.38 | lr: 3.00e-04 | left: 132s
step 08100 ( 45.4%) | loss: 0.973341 | trade:0.33 call:0.58 put:0.42 | ATM:0.67 OTM:0.33 | lr: 3.00e-04 | left: 131s
step 08150 ( 45.9%) | loss: 0.977463 | trade:0.34 call:0.49 put:0.51 | ATM:0.59 OTM:0.41 | lr: 3.00e-04 | left: 130s
step 08200 ( 46.4%) | loss: 0.995308 | trade:0.36 call:0.51 put:0.49 | ATM:0.59 OTM:0.41 | lr: 3.00e-04 | left: 129s
step 08250 ( 46.9%) | loss: 0.981583 | trade:0.40 call:0.57 put:0.43 | ATM:0.56 OTM:0.44 | lr: 3.00e-04 | left: 127s
step 08300 ( 47.4%) | loss: 0.991825 | trade:0.25 call:0.59 put:0.41 | ATM:0.62 OTM:0.38 | lr: 3.00e-04 | left: 126s
step 08350 ( 47.9%) | loss: 0.997581 | trade:0.37 call:0.59 put:0.41 | ATM:0.65 OTM:0.35 | lr: 3.00e-04 | left: 125s
step 08400 ( 48.4%) | loss: 0.979569 | trade:0.33 call:0.55 put:0.45 | ATM:0.66 OTM:0.34 | lr: 3.00e-04 | left: 124s
step 08450 ( 48.9%) | loss: 0.979440 | trade:0.30 call:0.53 put:0.47 | ATM:0.59 OTM:0.41 | lr: 3.00e-04 | left: 123s
step 08500 ( 49.4%) | loss: 0.977300 | trade:0.36 call:0.56 put:0.44 | ATM:0.62 OTM:0.38 | lr: 3.00e-04 | left: 121s
step 08550 ( 49.9%) | loss: 0.943848 | trade:0.34 call:0.64 put:0.36 | ATM:0.68 OTM:0.32 | lr: 3.00e-04 | left: 120s
step 08600 ( 50.4%) | loss: 0.961742 | trade:0.32 call:0.56 put:0.44 | ATM:0.60 OTM:0.40 | lr: 3.00e-04 | left: 119s
step 08650 ( 50.9%) | loss: 0.950295 | trade:0.31 call:0.48 put:0.52 | ATM:0.59 OTM:0.41 | lr: 3.00e-04 | left: 118s
step 08700 ( 51.4%) | loss: 0.963744 | trade:0.36 call:0.51 put:0.49 | ATM:0.62 OTM:0.38 | lr: 3.00e-04 | left: 117s
step 08750 ( 51.9%) | loss: 0.979532 | trade:0.35 call:0.52 put:0.48 | ATM:0.59 OTM:0.41 | lr: 3.00e-04 | left: 115s
step 08800 ( 52.4%) | loss: 0.966030 | trade:0.37 call:0.56 put:0.44 | ATM:0.64 OTM:0.36 | lr: 3.00e-04 | left: 114s
step 08850 ( 52.9%) | loss: 0.949027 | trade:0.30 call:0.54 put:0.46 | ATM:0.66 OTM:0.34 | lr: 3.00e-04 | left: 113s
step 08900 ( 53.4%) | loss: 0.979298 | trade:0.31 call:0.56 put:0.44 | ATM:0.58 OTM:0.42 | lr: 3.00e-04 | left: 112s
step 08950 ( 53.9%) | loss: 0.951825 | trade:0.38 call:0.59 put:0.41 | ATM:0.57 OTM:0.43 | lr: 3.00e-04 | left: 111s
step 09000 ( 54.4%) | loss: 0.947421 | trade:0.29 call:0.60 put:0.40 | ATM:0.64 OTM:0.36 | lr: 3.00e-04 | left: 109s
step 09050 ( 54.9%) | loss: 0.977882 | trade:0.37 call:0.53 put:0.47 | ATM:0.57 OTM:0.43 | lr: 3.00e-04 | left: 108s
step 09100 ( 55.4%) | loss: 0.974676 | trade:0.35 call:0.58 put:0.42 | ATM:0.63 OTM:0.37 | lr: 3.00e-04 | left: 107s
step 09150 ( 55.9%) | loss: 0.936851 | trade:0.31 call:0.54 put:0.46 | ATM:0.66 OTM:0.34 | lr: 3.00e-04 | left: 106s
step 09200 ( 56.4%) | loss: 0.967301 | trade:0.32 call:0.55 put:0.45 | ATM:0.66 OTM:0.34 | lr: 3.00e-04 | left: 105s
step 09250 ( 56.9%) | loss: 0.937083 | trade:0.35 call:0.56 put:0.44 | ATM:0.71 OTM:0.29 | lr: 3.00e-04 | left: 103s
step 09300 ( 57.4%) | loss: 0.961702 | trade:0.30 call:0.56 put:0.44 | ATM:0.60 OTM:0.40 | lr: 3.00e-04 | left: 102s
step 09350 ( 57.9%) | loss: 0.944425 | trade:0.33 call:0.60 put:0.40 | ATM:0.63 OTM:0.37 | lr: 3.00e-04 | left: 101s
step 09400 ( 58.4%) | loss: 0.975141 | trade:0.33 call:0.59 put:0.41 | ATM:0.66 OTM:0.34 | lr: 3.00e-04 | left: 100s
step 09450 ( 58.9%) | loss: 0.929509 | trade:0.35 call:0.55 put:0.45 | ATM:0.61 OTM:0.39 | lr: 3.00e-04 | left: 99s
step 09500 ( 59.4%) | loss: 0.970542 | trade:0.34 call:0.55 put:0.45 | ATM:0.64 OTM:0.36 | lr: 3.00e-04 | left: 97s
step 09550 ( 59.9%) | loss: 0.952826 | trade:0.36 call:0.57 put:0.43 | ATM:0.60 OTM:0.40 | lr: 3.00e-04 | left: 96s
step 09600 ( 60.4%) | loss: 0.955066 | trade:0.34 call:0.55 put:0.45 | ATM:0.56 OTM:0.44 | lr: 3.00e-04 | left: 95s
step 09650 ( 60.9%) | loss: 0.949470 | trade:0.38 call:0.57 put:0.43 | ATM:0.58 OTM:0.42 | lr: 3.00e-04 | left: 94s
step 09700 ( 61.4%) | loss: 0.954853 | trade:0.36 call:0.56 put:0.44 | ATM:0.59 OTM:0.41 | lr: 3.00e-04 | left: 93s
step 09750 ( 61.9%) | loss: 0.954593 | trade:0.29 call:0.59 put:0.41 | ATM:0.69 OTM:0.31 | lr: 3.00e-04 | left: 91s
step 09800 ( 62.4%) | loss: 0.932667 | trade:0.29 call:0.60 put:0.40 | ATM:0.62 OTM:0.38 | lr: 3.00e-04 | left: 90s
step 09850 ( 62.9%) | loss: 0.920038 | trade:0.33 call:0.50 put:0.50 | ATM:0.62 OTM:0.38 | lr: 3.00e-04 | left: 89s
step 09900 ( 63.4%) | loss: 0.960997 | trade:0.30 call:0.53 put:0.47 | ATM:0.63 OTM:0.37 | lr: 3.00e-04 | left: 88s
step 09950 ( 63.9%) | loss: 0.957650 | trade:0.33 call:0.59 put:0.41 | ATM:0.69 OTM:0.31 | lr: 3.00e-04 | left: 87s
step 10000 ( 64.4%) | loss: 0.952969 | trade:0.36 call:0.51 put:0.49 | ATM:0.64 OTM:0.36 | lr: 3.00e-04 | left: 85s
step 10050 ( 64.9%) | loss: 0.927064 | trade:0.32 call:0.59 put:0.41 | ATM:0.60 OTM:0.40 | lr: 3.00e-04 | left: 84s
step 10100 ( 65.4%) | loss: 0.941475 | trade:0.33 call:0.52 put:0.48 | ATM:0.66 OTM:0.34 | lr: 3.00e-04 | left: 83s
step 10150 ( 65.9%) | loss: 0.953900 | trade:0.35 call:0.57 put:0.43 | ATM:0.57 OTM:0.43 | lr: 3.00e-04 | left: 82s
step 10200 ( 66.4%) | loss: 0.931115 | trade:0.35 call:0.59 put:0.41 | ATM:0.63 OTM:0.37 | lr: 3.00e-04 | left: 81s
step 10250 ( 66.9%) | loss: 0.914556 | trade:0.34 call:0.54 put:0.46 | ATM:0.59 OTM:0.41 | lr: 3.00e-04 | left: 80s
step 10300 ( 67.4%) | loss: 0.933391 | trade:0.27 call:0.58 put:0.42 | ATM:0.63 OTM:0.37 | lr: 3.00e-04 | left: 78s
step 10350 ( 67.9%) | loss: 0.931264 | trade:0.31 call:0.60 put:0.40 | ATM:0.62 OTM:0.38 | lr: 3.00e-04 | left: 77s
step 10400 ( 68.4%) | loss: 0.927713 | trade:0.32 call:0.58 put:0.42 | ATM:0.63 OTM:0.37 | lr: 3.00e-04 | left: 76s
step 10450 ( 68.9%) | loss: 0.930921 | trade:0.31 call:0.61 put:0.39 | ATM:0.69 OTM:0.31 | lr: 3.00e-04 | left: 75s
step 10500 ( 69.4%) | loss: 0.946264 | trade:0.31 call:0.58 put:0.42 | ATM:0.64 OTM:0.36 | lr: 3.00e-04 | left: 74s
step 10550 ( 69.9%) | loss: 0.929135 | trade:0.32 call:0.52 put:0.48 | ATM:0.57 OTM:0.43 | lr: 3.00e-04 | left: 72s
step 10600 ( 70.4%) | loss: 0.944131 | trade:0.30 call:0.53 put:0.47 | ATM:0.67 OTM:0.33 | lr: 3.00e-04 | left: 71s
step 10650 ( 70.8%) | loss: 0.940396 | trade:0.30 call:0.55 put:0.45 | ATM:0.65 OTM:0.35 | lr: 2.99e-04 | left: 70s
step 10700 ( 71.3%) | loss: 0.947084 | trade:0.34 call:0.57 put:0.43 | ATM:0.63 OTM:0.37 | lr: 2.99e-04 | left: 69s
step 10750 ( 71.6%) | loss: 0.926808 | trade:0.31 call:0.48 put:0.52 | ATM:0.58 OTM:0.42 | lr: 2.98e-04 | left: 68s
step 10800 ( 71.8%) | loss: 0.929775 | trade:0.37 call:0.55 put:0.45 | ATM:0.59 OTM:0.41 | lr: 2.97e-04 | left: 68s
step 10850 ( 72.0%) | loss: 0.937439 | trade:0.37 call:0.53 put:0.47 | ATM:0.64 OTM:0.36 | lr: 2.97e-04 | left: 67s
step 10900 ( 72.2%) | loss: 0.912134 | trade:0.34 call:0.55 put:0.45 | ATM:0.64 OTM:0.36 | lr: 2.96e-04 | left: 67s
step 10950 ( 72.4%) | loss: 0.953863 | trade:0.35 call:0.60 put:0.40 | ATM:0.58 OTM:0.42 | lr: 2.95e-04 | left: 66s
step 11000 ( 72.6%) | loss: 0.924400 | trade:0.31 call:0.51 put:0.49 | ATM:0.62 OTM:0.38 | lr: 2.94e-04 | left: 66s
step 11050 ( 72.8%) | loss: 0.912715 | trade:0.29 call:0.60 put:0.40 | ATM:0.69 OTM:0.31 | lr: 2.94e-04 | left: 65s
step 11100 ( 73.0%) | loss: 0.929876 | trade:0.37 call:0.62 put:0.38 | ATM:0.62 OTM:0.38 | lr: 2.93e-04 | left: 65s
step 11150 ( 73.2%) | loss: 0.927983 | trade:0.33 call:0.51 put:0.49 | ATM:0.62 OTM:0.38 | lr: 2.92e-04 | left: 64s
step 11200 ( 73.4%) | loss: 0.917696 | trade:0.35 call:0.50 put:0.50 | ATM:0.62 OTM:0.38 | lr: 2.91e-04 | left: 64s
step 11250 ( 73.6%) | loss: 0.919198 | trade:0.31 call:0.55 put:0.45 | ATM:0.68 OTM:0.32 | lr: 2.90e-04 | left: 63s
step 11300 ( 73.8%) | loss: 0.907343 | trade:0.32 call:0.61 put:0.39 | ATM:0.62 OTM:0.38 | lr: 2.88e-04 | left: 63s
step 11350 ( 74.0%) | loss: 0.921819 | trade:0.39 call:0.52 put:0.48 | ATM:0.58 OTM:0.42 | lr: 2.87e-04 | left: 62s
step 11400 ( 74.1%) | loss: 0.925740 | trade:0.36 call:0.60 put:0.40 | ATM:0.61 OTM:0.39 | lr: 2.86e-04 | left: 62s
step 11450 ( 74.3%) | loss: 0.903641 | trade:0.30 call:0.60 put:0.40 | ATM:0.65 OTM:0.35 | lr: 2.85e-04 | left: 62s
step 11500 ( 74.5%) | loss: 0.921697 | trade:0.33 call:0.65 put:0.35 | ATM:0.66 OTM:0.34 | lr: 2.83e-04 | left: 61s
step 11550 ( 74.7%) | loss: 0.916982 | trade:0.31 call:0.54 put:0.46 | ATM:0.66 OTM:0.34 | lr: 2.82e-04 | left: 61s
step 11600 ( 74.9%) | loss: 0.906650 | trade:0.35 call:0.55 put:0.45 | ATM:0.67 OTM:0.33 | lr: 2.81e-04 | left: 60s
step 11650 ( 75.1%) | loss: 0.904589 | trade:0.33 call:0.54 put:0.46 | ATM:0.65 OTM:0.35 | lr: 2.79e-04 | left: 60s
step 11700 ( 75.3%) | loss: 0.922654 | trade:0.32 call:0.61 put:0.39 | ATM:0.70 OTM:0.30 | lr: 2.78e-04 | left: 59s
step 11750 ( 75.5%) | loss: 0.913017 | trade:0.33 call:0.57 put:0.43 | ATM:0.60 OTM:0.40 | lr: 2.76e-04 | left: 59s
step 11800 ( 75.7%) | loss: 0.894143 | trade:0.39 call:0.59 put:0.41 | ATM:0.62 OTM:0.38 | lr: 2.74e-04 | left: 58s
step 11850 ( 75.9%) | loss: 0.892733 | trade:0.37 call:0.62 put:0.38 | ATM:0.62 OTM:0.38 | lr: 2.72e-04 | left: 58s
step 11900 ( 76.1%) | loss: 0.906404 | trade:0.28 call:0.58 put:0.42 | ATM:0.64 OTM:0.36 | lr: 2.70e-04 | left: 57s
step 11950 ( 76.3%) | loss: 0.906731 | trade:0.35 call:0.54 put:0.46 | ATM:0.63 OTM:0.37 | lr: 2.69e-04 | left: 57s
step 12000 ( 76.5%) | loss: 0.898795 | trade:0.37 call:0.54 put:0.46 | ATM:0.60 OTM:0.40 | lr: 2.66e-04 | left: 56s
step 12050 ( 76.7%) | loss: 0.910950 | trade:0.36 call:0.57 put:0.43 | ATM:0.64 OTM:0.36 | lr: 2.64e-04 | left: 56s
step 12100 ( 76.9%) | loss: 0.872997 | trade:0.27 call:0.57 put:0.43 | ATM:0.66 OTM:0.34 | lr: 2.62e-04 | left: 55s
step 12150 ( 77.1%) | loss: 0.902102 | trade:0.30 call:0.56 put:0.44 | ATM:0.66 OTM:0.34 | lr: 2.60e-04 | left: 55s
step 12200 ( 77.3%) | loss: 0.917154 | trade:0.31 call:0.48 put:0.52 | ATM:0.65 OTM:0.35 | lr: 2.58e-04 | left: 54s
step 12250 ( 77.5%) | loss: 0.905450 | trade:0.32 call:0.57 put:0.43 | ATM:0.61 OTM:0.39 | lr: 2.56e-04 | left: 54s
step 12300 ( 77.7%) | loss: 0.898402 | trade:0.34 call:0.61 put:0.39 | ATM:0.65 OTM:0.35 | lr: 2.53e-04 | left: 53s
step 12350 ( 77.9%) | loss: 0.908977 | trade:0.30 call:0.58 put:0.42 | ATM:0.63 OTM:0.37 | lr: 2.51e-04 | left: 53s
step 12400 ( 78.1%) | loss: 0.882503 | trade:0.34 call:0.57 put:0.43 | ATM:0.61 OTM:0.39 | lr: 2.49e-04 | left: 52s
step 12450 ( 78.3%) | loss: 0.903574 | trade:0.35 call:0.55 put:0.45 | ATM:0.58 OTM:0.42 | lr: 2.46e-04 | left: 52s
step 12500 ( 78.5%) | loss: 0.909958 | trade:0.30 call:0.57 put:0.43 | ATM:0.69 OTM:0.31 | lr: 2.44e-04 | left: 51s
step 12550 ( 78.7%) | loss: 0.904484 | trade:0.34 call:0.52 put:0.48 | ATM:0.62 OTM:0.38 | lr: 2.41e-04 | left: 51s
step 12600 ( 79.0%) | loss: 0.896547 | trade:0.27 call:0.60 put:0.40 | ATM:0.61 OTM:0.39 | lr: 2.39e-04 | left: 50s
step 12650 ( 79.2%) | loss: 0.900384 | trade:0.29 call:0.56 put:0.44 | ATM:0.64 OTM:0.36 | lr: 2.36e-04 | left: 50s
step 12700 ( 79.4%) | loss: 0.912443 | trade:0.33 call:0.55 put:0.45 | ATM:0.64 OTM:0.36 | lr: 2.33e-04 | left: 50s
step 12750 ( 79.6%) | loss: 0.873268 | trade:0.35 call:0.59 put:0.41 | ATM:0.59 OTM:0.41 | lr: 2.31e-04 | left: 49s
step 12800 ( 79.8%) | loss: 0.897745 | trade:0.33 call:0.61 put:0.39 | ATM:0.61 OTM:0.39 | lr: 2.28e-04 | left: 49s
step 12850 ( 80.0%) | loss: 0.896271 | trade:0.32 call:0.54 put:0.46 | ATM:0.63 OTM:0.37 | lr: 2.25e-04 | left: 48s
step 12900 ( 80.2%) | loss: 0.874306 | trade:0.33 call:0.62 put:0.38 | ATM:0.62 OTM:0.38 | lr: 2.23e-04 | left: 48s
step 12950 ( 80.4%) | loss: 0.884387 | trade:0.38 call:0.55 put:0.45 | ATM:0.61 OTM:0.39 | lr: 2.19e-04 | left: 47s
step 13000 ( 80.6%) | loss: 0.878639 | trade:0.30 call:0.51 put:0.49 | ATM:0.62 OTM:0.38 | lr: 2.16e-04 | left: 46s
step 13050 ( 80.8%) | loss: 0.898764 | trade:0.31 call:0.52 put:0.48 | ATM:0.63 OTM:0.37 | lr: 2.13e-04 | left: 46s
step 13100 ( 81.1%) | loss: 0.881312 | trade:0.35 call:0.57 put:0.43 | ATM:0.59 OTM:0.41 | lr: 2.10e-04 | left: 45s
step 13150 ( 81.2%) | loss: 0.872015 | trade:0.35 call:0.54 put:0.46 | ATM:0.61 OTM:0.39 | lr: 2.07e-04 | left: 45s
step 13200 ( 81.4%) | loss: 0.870981 | trade:0.35 call:0.55 put:0.45 | ATM:0.64 OTM:0.36 | lr: 2.05e-04 | left: 45s
step 13250 ( 81.6%) | loss: 0.869183 | trade:0.36 call:0.59 put:0.41 | ATM:0.58 OTM:0.42 | lr: 2.02e-04 | left: 44s
step 13300 ( 81.8%) | loss: 0.872566 | trade:0.41 call:0.57 put:0.43 | ATM:0.62 OTM:0.38 | lr: 1.99e-04 | left: 44s
step 13350 ( 82.0%) | loss: 0.884578 | trade:0.38 call:0.60 put:0.40 | ATM:0.57 OTM:0.43 | lr: 1.96e-04 | left: 43s
step 13400 ( 82.2%) | loss: 0.857567 | trade:0.33 call:0.55 put:0.45 | ATM:0.63 OTM:0.37 | lr: 1.93e-04 | left: 43s
step 13450 ( 82.4%) | loss: 0.866825 | trade:0.34 call:0.55 put:0.45 | ATM:0.61 OTM:0.39 | lr: 1.90e-04 | left: 42s
step 13500 ( 82.6%) | loss: 0.874802 | trade:0.33 call:0.58 put:0.42 | ATM:0.60 OTM:0.40 | lr: 1.87e-04 | left: 42s
step 13550 ( 82.8%) | loss: 0.879937 | trade:0.34 call:0.60 put:0.40 | ATM:0.60 OTM:0.40 | lr: 1.84e-04 | left: 41s
step 13600 ( 83.0%) | loss: 0.862311 | trade:0.34 call:0.56 put:0.44 | ATM:0.62 OTM:0.38 | lr: 1.81e-04 | left: 41s
step 13650 ( 83.2%) | loss: 0.880059 | trade:0.31 call:0.49 put:0.51 | ATM:0.60 OTM:0.40 | lr: 1.78e-04 | left: 40s
step 13700 ( 83.4%) | loss: 0.892219 | trade:0.28 call:0.56 put:0.44 | ATM:0.63 OTM:0.37 | lr: 1.76e-04 | left: 40s
step 13750 ( 83.6%) | loss: 0.871257 | trade:0.30 call:0.54 put:0.46 | ATM:0.56 OTM:0.44 | lr: 1.72e-04 | left: 39s
step 13800 ( 83.8%) | loss: 0.879514 | trade:0.33 call:0.52 put:0.48 | ATM:0.58 OTM:0.42 | lr: 1.69e-04 | left: 39s
step 13850 ( 83.9%) | loss: 0.883493 | trade:0.34 call:0.48 put:0.52 | ATM:0.61 OTM:0.39 | lr: 1.67e-04 | left: 39s
step 13900 ( 84.1%) | loss: 0.867606 | trade:0.34 call:0.57 put:0.43 | ATM:0.62 OTM:0.38 | lr: 1.64e-04 | left: 38s
step 13950 ( 84.3%) | loss: 0.872944 | trade:0.30 call:0.62 put:0.38 | ATM:0.61 OTM:0.39 | lr: 1.61e-04 | left: 38s
step 14000 ( 84.5%) | loss: 0.868937 | trade:0.31 call:0.59 put:0.41 | ATM:0.61 OTM:0.39 | lr: 1.58e-04 | left: 37s
step 14050 ( 84.7%) | loss: 0.878959 | trade:0.32 call:0.53 put:0.47 | ATM:0.63 OTM:0.37 | lr: 1.55e-04 | left: 37s
step 14100 ( 84.9%) | loss: 0.849831 | trade:0.30 call:0.56 put:0.44 | ATM:0.61 OTM:0.39 | lr: 1.51e-04 | left: 36s
step 14150 ( 85.2%) | loss: 0.862448 | trade:0.35 call:0.61 put:0.39 | ATM:0.67 OTM:0.33 | lr: 1.47e-04 | left: 36s
step 14200 ( 85.4%) | loss: 0.866794 | trade:0.29 call:0.56 put:0.44 | ATM:0.65 OTM:0.35 | lr: 1.44e-04 | left: 35s
step 14250 ( 85.6%) | loss: 0.852257 | trade:0.37 call:0.49 put:0.51 | ATM:0.62 OTM:0.38 | lr: 1.41e-04 | left: 35s
step 14300 ( 85.8%) | loss: 0.864841 | trade:0.29 call:0.62 put:0.38 | ATM:0.65 OTM:0.35 | lr: 1.38e-04 | left: 34s
step 14350 ( 85.9%) | loss: 0.874926 | trade:0.26 call:0.55 put:0.45 | ATM:0.62 OTM:0.38 | lr: 1.35e-04 | left: 34s
step 14400 ( 86.1%) | loss: 0.854438 | trade:0.38 call:0.57 put:0.43 | ATM:0.56 OTM:0.44 | lr: 1.32e-04 | left: 33s
step 14450 ( 86.3%) | loss: 0.858124 | trade:0.33 call:0.59 put:0.41 | ATM:0.64 OTM:0.36 | lr: 1.29e-04 | left: 33s
step 14500 ( 86.5%) | loss: 0.866512 | trade:0.31 call:0.54 put:0.46 | ATM:0.58 OTM:0.42 | lr: 1.26e-04 | left: 32s
step 14550 ( 86.7%) | loss: 0.865530 | trade:0.31 call:0.53 put:0.47 | ATM:0.62 OTM:0.38 | lr: 1.23e-04 | left: 32s
step 14600 ( 86.9%) | loss: 0.847381 | trade:0.37 call:0.60 put:0.40 | ATM:0.60 OTM:0.40 | lr: 1.20e-04 | left: 31s
step 14650 ( 87.1%) | loss: 0.866799 | trade:0.35 call:0.58 put:0.42 | ATM:0.65 OTM:0.35 | lr: 1.17e-04 | left: 31s
step 14700 ( 87.3%) | loss: 0.857762 | trade:0.30 call:0.59 put:0.41 | ATM:0.66 OTM:0.34 | lr: 1.14e-04 | left: 30s
step 14750 ( 87.5%) | loss: 0.853273 | trade:0.35 call:0.60 put:0.40 | ATM:0.60 OTM:0.40 | lr: 1.11e-04 | left: 30s
step 14800 ( 87.7%) | loss: 0.849038 | trade:0.33 call:0.49 put:0.51 | ATM:0.62 OTM:0.38 | lr: 1.08e-04 | left: 30s
step 14850 ( 87.9%) | loss: 0.850435 | trade:0.32 call:0.62 put:0.38 | ATM:0.65 OTM:0.35 | lr: 1.05e-04 | left: 29s
step 14900 ( 88.1%) | loss: 0.857226 | trade:0.35 call:0.58 put:0.42 | ATM:0.62 OTM:0.38 | lr: 1.02e-04 | left: 29s
step 14950 ( 88.3%) | loss: 0.872772 | trade:0.26 call:0.58 put:0.42 | ATM:0.62 OTM:0.38 | lr: 9.95e-05 | left: 28s
step 15000 ( 88.5%) | loss: 0.851381 | trade:0.31 call:0.51 put:0.49 | ATM:0.62 OTM:0.38 | lr: 9.67e-05 | left: 28s
step 15050 ( 88.7%) | loss: 0.857783 | trade:0.36 call:0.60 put:0.40 | ATM:0.60 OTM:0.40 | lr: 9.33e-05 | left: 27s
step 15100 ( 88.9%) | loss: 0.856831 | trade:0.30 call:0.56 put:0.44 | ATM:0.64 OTM:0.36 | lr: 8.97e-05 | left: 27s
step 15150 ( 89.2%) | loss: 0.849808 | trade:0.28 call:0.61 put:0.39 | ATM:0.69 OTM:0.31 | lr: 8.65e-05 | left: 26s
step 15200 ( 89.4%) | loss: 0.840524 | trade:0.37 call:0.60 put:0.40 | ATM:0.59 OTM:0.41 | lr: 8.38e-05 | left: 26s
step 15250 ( 89.6%) | loss: 0.856438 | trade:0.30 call:0.58 put:0.42 | ATM:0.67 OTM:0.33 | lr: 8.11e-05 | left: 25s
step 15300 ( 89.8%) | loss: 0.840968 | trade:0.39 call:0.56 put:0.44 | ATM:0.56 OTM:0.44 | lr: 7.82e-05 | left: 25s
step 15350 ( 90.0%) | loss: 0.850568 | trade:0.31 call:0.62 put:0.38 | ATM:0.62 OTM:0.38 | lr: 7.56e-05 | left: 24s
step 15400 ( 90.2%) | loss: 0.840548 | trade:0.29 call:0.56 put:0.44 | ATM:0.64 OTM:0.36 | lr: 7.26e-05 | left: 24s
step 15450 ( 90.6%) | loss: 0.836263 | trade:0.31 call:0.57 put:0.43 | ATM:0.63 OTM:0.37 | lr: 6.64e-05 | left: 22s
step 15500 ( 91.1%) | loss: 0.851812 | trade:0.35 call:0.61 put:0.39 | ATM:0.67 OTM:0.33 | lr: 6.02e-05 | left: 21s
step 15550 ( 91.6%) | loss: 0.856151 | trade:0.30 call:0.48 put:0.52 | ATM:0.63 OTM:0.37 | lr: 5.45e-05 | left: 20s
step 15600 ( 92.1%) | loss: 0.866139 | trade:0.33 call:0.60 put:0.40 | ATM:0.58 OTM:0.42 | lr: 4.85e-05 | left: 19s
step 15650 ( 92.6%) | loss: 0.836006 | trade:0.35 call:0.52 put:0.48 | ATM:0.60 OTM:0.40 | lr: 4.28e-05 | left: 18s
step 15700 ( 93.1%) | loss: 0.843140 | trade:0.28 call:0.58 put:0.42 | ATM:0.66 OTM:0.34 | lr: 3.73e-05 | left: 16s
step 15750 ( 93.6%) | loss: 0.847987 | trade:0.26 call:0.56 put:0.44 | ATM:0.64 OTM:0.36 | lr: 3.22e-05 | left: 15s
step 15800 ( 94.1%) | loss: 0.843683 | trade:0.31 call:0.60 put:0.40 | ATM:0.68 OTM:0.32 | lr: 2.75e-05 | left: 14s
step 15850 ( 94.6%) | loss: 0.849732 | trade:0.38 call:0.57 put:0.43 | ATM:0.59 OTM:0.41 | lr: 2.32e-05 | left: 13s
step 15900 ( 95.1%) | loss: 0.840309 | trade:0.25 call:0.57 put:0.43 | ATM:0.64 OTM:0.36 | lr: 1.92e-05 | left: 12s
step 15950 ( 95.6%) | loss: 0.848958 | trade:0.31 call:0.62 put:0.38 | ATM:0.68 OTM:0.32 | lr: 1.55e-05 | left: 10s
step 16000 ( 96.1%) | loss: 0.853299 | trade:0.32 call:0.56 put:0.44 | ATM:0.64 OTM:0.36 | lr: 1.22e-05 | left: 9s
step 16050 ( 96.6%) | loss: 0.838313 | trade:0.29 call:0.56 put:0.44 | ATM:0.64 OTM:0.36 | lr: 9.18e-06 | left: 8s
step 16100 ( 97.1%) | loss: 0.836278 | trade:0.36 call:0.65 put:0.35 | ATM:0.61 OTM:0.39 | lr: 6.64e-06 | left: 7s
step 16150 ( 97.6%) | loss: 0.836624 | trade:0.31 call:0.58 put:0.42 | ATM:0.65 OTM:0.35 | lr: 4.52e-06 | left: 6s
step 16200 ( 98.0%) | loss: 0.838206 | trade:0.30 call:0.60 put:0.40 | ATM:0.65 OTM:0.35 | lr: 3.33e-06 | left: 5s
step 16250 ( 98.3%) | loss: 0.837956 | trade:0.34 call:0.52 put:0.48 | ATM:0.63 OTM:0.37 | lr: 2.38e-06 | left: 4s
step 16300 ( 98.8%) | loss: 0.833232 | trade:0.35 call:0.61 put:0.39 | ATM:0.57 OTM:0.43 | lr: 1.24e-06 | left: 3s
step 16350 ( 99.3%) | loss: 0.809747 | trade:0.36 call:0.51 put:0.49 | ATM:0.58 OTM:0.42 | lr: 4.41e-07 | left: 2s
step 16400 ( 99.8%) | loss: 0.851744 | trade:0.43 call:0.51 put:0.49 | ATM:0.58 OTM:0.42 | lr: 4.45e-08 | left: 1s

Training done at 245s. Starting evaluation...
Evaluation done in 6s (total wall: 251s)
Model saved to /root/best_model.pt
Trade log: 135 trades -> /root/trade_log.csv

---
score:              0.421055
profit_factor:      2.605542
win_rate:           0.392593
avg_winner:         0.673834
avg_loser:          -0.167154
trades_per_day:     2.076923
max_consec_loss:    10
num_trades:         135
trade_sharpe:       3.890369
sortino:            32.544931
max_drawdown:       -2.917618
calmar:             7.542646
ev_per_trade:       0.163012
do_nothing_pct:     0.619955
exit_pct:           0.023318
model_exit_count:   104
cooldown_blocked:   123
pre_10am_blocked:   566
short_hold_pct:     0.274000
stop_loss_rate:     0.200000
direction_collapse_pct: 0.363000
avg_entry_cost_bps: 337.859300
avg_entry_quality:  0.748900
cost_realism_coverage: 1.007400
high_cost_entry_rate: 0.459300
low_quality_entry_rate: 0.000000
actionable_bar_rate: 0.829100
risk_off_bar_rate:  0.000000
final_capital:      12426.45
equity_sharpe:      1.246500
max_equity_dd:      -0.306500
total_dollar_return:0.242600
val_sharpe:         -17.327811
total_return:       22.006556
num_val_bars:       4460
num_val_days:       65
worst_chunk_pf:     0.94
rr_ratio:           4.0312
avg_hold_bars:      7.44
model_exit_rate:    0.7704
hit_ruin:           False
min_equity_frac:    0.7245
avg_risk_fraction:  0.0890
max_risk_fraction:  0.3541
trades_blocked_by_balance: 0
training_seconds:   240.0
total_seconds:      252.7
peak_vram_mb:       357.0
num_steps:          16424
num_params:         145,064
lookback:           120
depth:              3
d_model:            64
effective_lr:       0.0003
gate_label_smoothing:0.050000
dir_label_smoothing:0.050000
false_entry_penalty:2.000000
/opt/conda/lib/python3.11/site-packages/torch/nn/modules/transformer.py:379: UserWarning: enable_nested_tensor is True, but self.use_nested_tensor is False because encoder_layer.norm_first was True
  warnings.warn(
