Loading data from: /root/.cache/autoresearch-trading/features/data.pt
Loaded 384870 1-min bars, 32 features, 8 actions
  ~986 trading days
Training:   up to idx 269189
Validation: idx 269190-384869
  Option P&L coverage: 297877/384870 (77%)
Parameters: 146,265
Architecture: v4 simplified two-head (gate+dir) + balanced strike gating with stopped P&L alignment
Training from scratch (v4: no warm-start).

Budget: 240s | Batch: 128 | Lookback: 120
LR: 0.00015 | Depth: 3 | d_model: 64 | ff_mult: 3
Dropout: 0.15 | Weight decay: 0.05
False entry penalty: 2.0x
Label smoothing: gate=0.05 dir=0.05
Loss weights: gate=1.0, dir=1.0, pnl=0.3, exit=0.5, stopped_pnl=0.2
Score tuning: R:R bonus=0.3, hold bonus=0.0, freq center=2.5, drawdown penalty=0.5

step 00000 (  0.0%) | loss: 2.648441 | trade:0.27 call:0.45 put:0.55 | ATM:0.23 OTM:0.77 | lr: 0.00e+00 | left: 240s
step 00050 (  0.4%) | loss: 2.733596 | trade:0.27 call:0.46 put:0.54 | ATM:0.24 OTM:0.76 | lr: 5.59e-06 | left: 239s
step 00100 (  0.9%) | loss: 2.692073 | trade:0.28 call:0.45 put:0.55 | ATM:0.24 OTM:0.76 | lr: 1.38e-05 | left: 238s
step 00150 (  1.5%) | loss: 2.629616 | trade:0.30 call:0.47 put:0.53 | ATM:0.25 OTM:0.75 | lr: 2.19e-05 | left: 236s
step 00200 (  2.0%) | loss: 2.578311 | trade:0.32 call:0.48 put:0.52 | ATM:0.26 OTM:0.74 | lr: 3.01e-05 | left: 235s
step 00250 (  2.5%) | loss: 2.517472 | trade:0.33 call:0.49 put:0.51 | ATM:0.29 OTM:0.71 | lr: 3.82e-05 | left: 234s
step 00300 (  3.1%) | loss: 2.452911 | trade:0.34 call:0.50 put:0.50 | ATM:0.31 OTM:0.69 | lr: 4.64e-05 | left: 233s
step 00350 (  3.6%) | loss: 2.414628 | trade:0.34 call:0.51 put:0.49 | ATM:0.33 OTM:0.67 | lr: 5.45e-05 | left: 231s
step 00400 (  4.2%) | loss: 2.361172 | trade:0.34 call:0.53 put:0.47 | ATM:0.33 OTM:0.67 | lr: 6.27e-05 | left: 230s
step 00450 (  4.7%) | loss: 2.300359 | trade:0.33 call:0.52 put:0.48 | ATM:0.35 OTM:0.65 | lr: 7.09e-05 | left: 229s
step 00500 (  5.3%) | loss: 2.264038 | trade:0.33 call:0.53 put:0.47 | ATM:0.36 OTM:0.64 | lr: 7.90e-05 | left: 227s
step 00550 (  5.8%) | loss: 2.213775 | trade:0.35 call:0.55 put:0.45 | ATM:0.35 OTM:0.65 | lr: 8.71e-05 | left: 226s
step 00600 (  6.4%) | loss: 2.131474 | trade:0.34 call:0.55 put:0.45 | ATM:0.36 OTM:0.64 | lr: 9.53e-05 | left: 225s
step 00650 (  6.9%) | loss: 2.060988 | trade:0.36 call:0.57 put:0.43 | ATM:0.36 OTM:0.64 | lr: 1.04e-04 | left: 223s
step 00700 (  7.4%) | loss: 1.959544 | trade:0.36 call:0.56 put:0.44 | ATM:0.35 OTM:0.65 | lr: 1.12e-04 | left: 222s
step 00750 (  8.0%) | loss: 1.832475 | trade:0.37 call:0.55 put:0.45 | ATM:0.44 OTM:0.56 | lr: 1.20e-04 | left: 221s
step 00800 (  8.5%) | loss: 1.757305 | trade:0.36 call:0.48 put:0.52 | ATM:0.42 OTM:0.58 | lr: 1.28e-04 | left: 219s
step 00850 (  9.1%) | loss: 1.612498 | trade:0.39 call:0.54 put:0.46 | ATM:0.40 OTM:0.60 | lr: 1.36e-04 | left: 218s
step 00900 (  9.6%) | loss: 1.512072 | trade:0.39 call:0.56 put:0.44 | ATM:0.33 OTM:0.67 | lr: 1.44e-04 | left: 217s
step 00950 ( 10.1%) | loss: 1.355328 | trade:0.40 call:0.58 put:0.42 | ATM:0.39 OTM:0.61 | lr: 1.50e-04 | left: 216s
step 01000 ( 10.7%) | loss: 1.253883 | trade:0.43 call:0.58 put:0.42 | ATM:0.41 OTM:0.59 | lr: 1.50e-04 | left: 214s
step 01050 ( 11.2%) | loss: 1.128560 | trade:0.43 call:0.59 put:0.41 | ATM:0.43 OTM:0.57 | lr: 1.50e-04 | left: 213s
step 01100 ( 11.7%) | loss: 1.040478 | trade:0.45 call:0.54 put:0.46 | ATM:0.43 OTM:0.57 | lr: 1.50e-04 | left: 212s
step 01150 ( 12.2%) | loss: 0.918102 | trade:0.44 call:0.53 put:0.47 | ATM:0.41 OTM:0.59 | lr: 1.50e-04 | left: 211s
step 01200 ( 12.8%) | loss: 0.904702 | trade:0.45 call:0.62 put:0.38 | ATM:0.39 OTM:0.61 | lr: 1.50e-04 | left: 209s
step 01250 ( 13.3%) | loss: 0.844851 | trade:0.43 call:0.54 put:0.46 | ATM:0.46 OTM:0.54 | lr: 1.50e-04 | left: 208s
step 01300 ( 13.9%) | loss: 0.833315 | trade:0.42 call:0.57 put:0.43 | ATM:0.41 OTM:0.59 | lr: 1.50e-04 | left: 207s
step 01350 ( 14.4%) | loss: 0.710492 | trade:0.41 call:0.49 put:0.51 | ATM:0.47 OTM:0.53 | lr: 1.50e-04 | left: 205s
step 01400 ( 15.0%) | loss: 0.737744 | trade:0.43 call:0.54 put:0.46 | ATM:0.50 OTM:0.50 | lr: 1.50e-04 | left: 204s
step 01450 ( 15.5%) | loss: 0.695353 | trade:0.38 call:0.65 put:0.35 | ATM:0.49 OTM:0.51 | lr: 1.50e-04 | left: 203s
step 01500 ( 16.0%) | loss: 0.718497 | trade:0.47 call:0.52 put:0.48 | ATM:0.46 OTM:0.54 | lr: 1.50e-04 | left: 201s
step 01550 ( 16.6%) | loss: 0.690274 | trade:0.41 call:0.62 put:0.38 | ATM:0.50 OTM:0.50 | lr: 1.50e-04 | left: 200s
step 01600 ( 17.1%) | loss: 0.622906 | trade:0.47 call:0.56 put:0.44 | ATM:0.50 OTM:0.50 | lr: 1.50e-04 | left: 199s
step 01650 ( 17.7%) | loss: 0.627084 | trade:0.43 call:0.60 put:0.40 | ATM:0.48 OTM:0.52 | lr: 1.50e-04 | left: 198s
step 01700 ( 18.2%) | loss: 0.602506 | trade:0.43 call:0.54 put:0.46 | ATM:0.47 OTM:0.53 | lr: 1.50e-04 | left: 196s
step 01750 ( 18.7%) | loss: 0.600513 | trade:0.44 call:0.57 put:0.43 | ATM:0.45 OTM:0.55 | lr: 1.50e-04 | left: 195s
step 01800 ( 19.3%) | loss: 0.601657 | trade:0.40 call:0.53 put:0.47 | ATM:0.55 OTM:0.45 | lr: 1.50e-04 | left: 194s
step 01850 ( 19.8%) | loss: 0.526740 | trade:0.49 call:0.61 put:0.39 | ATM:0.45 OTM:0.55 | lr: 1.50e-04 | left: 192s
step 01900 ( 20.4%) | loss: 0.552090 | trade:0.42 call:0.55 put:0.45 | ATM:0.51 OTM:0.49 | lr: 1.50e-04 | left: 191s
step 01950 ( 20.9%) | loss: 0.566280 | trade:0.40 call:0.52 put:0.48 | ATM:0.50 OTM:0.50 | lr: 1.50e-04 | left: 190s
step 02000 ( 21.4%) | loss: 0.468451 | trade:0.43 call:0.58 put:0.42 | ATM:0.47 OTM:0.53 | lr: 1.50e-04 | left: 189s
step 02050 ( 22.0%) | loss: 0.566454 | trade:0.40 call:0.59 put:0.41 | ATM:0.52 OTM:0.48 | lr: 1.50e-04 | left: 187s
step 02100 ( 22.5%) | loss: 0.555434 | trade:0.39 call:0.58 put:0.42 | ATM:0.49 OTM:0.51 | lr: 1.50e-04 | left: 186s
step 02150 ( 23.1%) | loss: 0.548957 | trade:0.45 call:0.57 put:0.43 | ATM:0.52 OTM:0.48 | lr: 1.50e-04 | left: 185s
step 02200 ( 23.6%) | loss: 0.538412 | trade:0.47 call:0.55 put:0.45 | ATM:0.44 OTM:0.56 | lr: 1.50e-04 | left: 183s
step 02250 ( 24.2%) | loss: 0.510370 | trade:0.41 call:0.60 put:0.40 | ATM:0.53 OTM:0.47 | lr: 1.50e-04 | left: 182s
step 02300 ( 24.7%) | loss: 0.477004 | trade:0.45 call:0.48 put:0.52 | ATM:0.52 OTM:0.48 | lr: 1.50e-04 | left: 181s
step 02350 ( 25.2%) | loss: 0.500802 | trade:0.42 call:0.63 put:0.37 | ATM:0.57 OTM:0.43 | lr: 1.50e-04 | left: 179s
step 02400 ( 25.8%) | loss: 0.535889 | trade:0.41 call:0.61 put:0.39 | ATM:0.45 OTM:0.55 | lr: 1.50e-04 | left: 178s
step 02450 ( 26.3%) | loss: 0.483520 | trade:0.46 call:0.62 put:0.38 | ATM:0.51 OTM:0.49 | lr: 1.50e-04 | left: 177s
step 02500 ( 26.9%) | loss: 0.478562 | trade:0.47 call:0.53 put:0.47 | ATM:0.49 OTM:0.51 | lr: 1.50e-04 | left: 175s
step 02550 ( 27.4%) | loss: 0.462082 | trade:0.43 call:0.55 put:0.45 | ATM:0.57 OTM:0.43 | lr: 1.50e-04 | left: 174s
step 02600 ( 28.0%) | loss: 0.497021 | trade:0.43 call:0.52 put:0.48 | ATM:0.54 OTM:0.46 | lr: 1.50e-04 | left: 173s
step 02650 ( 28.5%) | loss: 0.493628 | trade:0.44 call:0.61 put:0.39 | ATM:0.54 OTM:0.46 | lr: 1.50e-04 | left: 172s
step 02700 ( 29.0%) | loss: 0.505480 | trade:0.41 call:0.58 put:0.42 | ATM:0.58 OTM:0.42 | lr: 1.50e-04 | left: 170s
step 02750 ( 29.6%) | loss: 0.486558 | trade:0.45 call:0.54 put:0.46 | ATM:0.48 OTM:0.52 | lr: 1.50e-04 | left: 169s
step 02800 ( 30.1%) | loss: 0.470880 | trade:0.44 call:0.59 put:0.41 | ATM:0.56 OTM:0.44 | lr: 1.50e-04 | left: 168s
step 02850 ( 30.7%) | loss: 0.483995 | trade:0.40 call:0.59 put:0.41 | ATM:0.61 OTM:0.39 | lr: 1.50e-04 | left: 166s
step 02900 ( 31.2%) | loss: 0.419872 | trade:0.46 call:0.58 put:0.42 | ATM:0.48 OTM:0.52 | lr: 1.50e-04 | left: 165s
step 02950 ( 31.8%) | loss: 0.465870 | trade:0.41 call:0.60 put:0.40 | ATM:0.57 OTM:0.43 | lr: 1.50e-04 | left: 164s
step 03000 ( 32.3%) | loss: 0.423887 | trade:0.48 call:0.58 put:0.42 | ATM:0.47 OTM:0.53 | lr: 1.50e-04 | left: 162s
step 03050 ( 32.8%) | loss: 0.503178 | trade:0.44 call:0.55 put:0.45 | ATM:0.54 OTM:0.46 | lr: 1.50e-04 | left: 161s
step 03100 ( 33.3%) | loss: 0.424019 | trade:0.48 call:0.58 put:0.42 | ATM:0.53 OTM:0.47 | lr: 1.50e-04 | left: 160s
step 03150 ( 33.9%) | loss: 0.462638 | trade:0.45 call:0.59 put:0.41 | ATM:0.50 OTM:0.50 | lr: 1.50e-04 | left: 159s
step 03200 ( 34.4%) | loss: 0.470735 | trade:0.42 call:0.55 put:0.45 | ATM:0.52 OTM:0.48 | lr: 1.50e-04 | left: 157s
step 03250 ( 35.0%) | loss: 0.440223 | trade:0.42 call:0.55 put:0.45 | ATM:0.51 OTM:0.49 | lr: 1.50e-04 | left: 156s
step 03300 ( 35.5%) | loss: 0.449355 | trade:0.43 call:0.60 put:0.40 | ATM:0.54 OTM:0.46 | lr: 1.50e-04 | left: 155s
step 03350 ( 36.1%) | loss: 0.455126 | trade:0.45 call:0.57 put:0.43 | ATM:0.50 OTM:0.50 | lr: 1.50e-04 | left: 153s
step 03400 ( 36.6%) | loss: 0.488377 | trade:0.46 call:0.61 put:0.39 | ATM:0.55 OTM:0.45 | lr: 1.50e-04 | left: 152s
step 03450 ( 37.2%) | loss: 0.427309 | trade:0.46 call:0.60 put:0.40 | ATM:0.50 OTM:0.50 | lr: 1.50e-04 | left: 151s
step 03500 ( 37.7%) | loss: 0.443192 | trade:0.45 call:0.55 put:0.45 | ATM:0.50 OTM:0.50 | lr: 1.50e-04 | left: 150s
step 03550 ( 38.2%) | loss: 0.430978 | trade:0.39 call:0.57 put:0.43 | ATM:0.52 OTM:0.48 | lr: 1.50e-04 | left: 148s
step 03600 ( 38.8%) | loss: 0.463604 | trade:0.48 call:0.56 put:0.44 | ATM:0.51 OTM:0.49 | lr: 1.50e-04 | left: 147s
step 03650 ( 39.3%) | loss: 0.434026 | trade:0.45 call:0.56 put:0.44 | ATM:0.49 OTM:0.51 | lr: 1.50e-04 | left: 146s
step 03700 ( 39.9%) | loss: 0.470520 | trade:0.43 call:0.61 put:0.39 | ATM:0.54 OTM:0.46 | lr: 1.50e-04 | left: 144s
step 03750 ( 40.4%) | loss: 0.481041 | trade:0.34 call:0.69 put:0.31 | ATM:0.58 OTM:0.42 | lr: 1.50e-04 | left: 143s
step 03800 ( 41.0%) | loss: 0.431492 | trade:0.45 call:0.50 put:0.50 | ATM:0.53 OTM:0.47 | lr: 1.50e-04 | left: 142s
step 03850 ( 41.5%) | loss: 0.422328 | trade:0.46 call:0.57 put:0.43 | ATM:0.47 OTM:0.53 | lr: 1.50e-04 | left: 140s
step 03900 ( 42.0%) | loss: 0.433584 | trade:0.46 call:0.55 put:0.45 | ATM:0.49 OTM:0.51 | lr: 1.50e-04 | left: 139s
step 03950 ( 42.6%) | loss: 0.446312 | trade:0.39 call:0.56 put:0.44 | ATM:0.54 OTM:0.46 | lr: 1.50e-04 | left: 138s
step 04000 ( 43.1%) | loss: 0.435554 | trade:0.46 call:0.59 put:0.41 | ATM:0.50 OTM:0.50 | lr: 1.50e-04 | left: 136s
step 04050 ( 43.7%) | loss: 0.468382 | trade:0.42 call:0.55 put:0.45 | ATM:0.54 OTM:0.46 | lr: 1.50e-04 | left: 135s
step 04100 ( 44.2%) | loss: 0.439846 | trade:0.39 call:0.56 put:0.44 | ATM:0.51 OTM:0.49 | lr: 1.50e-04 | left: 134s
step 04150 ( 44.8%) | loss: 0.421176 | trade:0.45 call:0.58 put:0.42 | ATM:0.58 OTM:0.42 | lr: 1.50e-04 | left: 133s
step 04200 ( 45.3%) | loss: 0.429535 | trade:0.40 call:0.58 put:0.42 | ATM:0.55 OTM:0.45 | lr: 1.50e-04 | left: 131s
step 04250 ( 45.8%) | loss: 0.421815 | trade:0.44 call:0.56 put:0.44 | ATM:0.52 OTM:0.48 | lr: 1.50e-04 | left: 130s
step 04300 ( 46.4%) | loss: 0.449466 | trade:0.46 call:0.59 put:0.41 | ATM:0.50 OTM:0.50 | lr: 1.50e-04 | left: 129s
step 04350 ( 46.9%) | loss: 0.447849 | trade:0.45 call:0.58 put:0.42 | ATM:0.53 OTM:0.47 | lr: 1.50e-04 | left: 127s
step 04400 ( 47.5%) | loss: 0.434765 | trade:0.40 call:0.62 put:0.38 | ATM:0.53 OTM:0.47 | lr: 1.50e-04 | left: 126s
step 04450 ( 48.0%) | loss: 0.423122 | trade:0.44 call:0.56 put:0.44 | ATM:0.56 OTM:0.44 | lr: 1.50e-04 | left: 125s
step 04500 ( 48.6%) | loss: 0.443797 | trade:0.48 call:0.60 put:0.40 | ATM:0.52 OTM:0.48 | lr: 1.50e-04 | left: 123s
step 04550 ( 49.1%) | loss: 0.421510 | trade:0.41 call:0.54 put:0.46 | ATM:0.53 OTM:0.47 | lr: 1.50e-04 | left: 122s
step 04600 ( 49.7%) | loss: 0.392655 | trade:0.46 call:0.58 put:0.42 | ATM:0.50 OTM:0.50 | lr: 1.50e-04 | left: 121s
step 04650 ( 50.2%) | loss: 0.436205 | trade:0.46 call:0.54 put:0.46 | ATM:0.51 OTM:0.49 | lr: 1.50e-04 | left: 120s
step 04700 ( 50.7%) | loss: 0.451692 | trade:0.49 call:0.55 put:0.45 | ATM:0.54 OTM:0.46 | lr: 1.50e-04 | left: 118s
step 04750 ( 51.3%) | loss: 0.400748 | trade:0.43 call:0.53 put:0.47 | ATM:0.55 OTM:0.45 | lr: 1.50e-04 | left: 117s
step 04800 ( 51.8%) | loss: 0.431335 | trade:0.50 call:0.54 put:0.46 | ATM:0.48 OTM:0.52 | lr: 1.50e-04 | left: 116s
step 04850 ( 52.4%) | loss: 0.400436 | trade:0.46 call:0.53 put:0.47 | ATM:0.54 OTM:0.46 | lr: 1.50e-04 | left: 114s
step 04900 ( 52.9%) | loss: 0.457264 | trade:0.42 call:0.59 put:0.41 | ATM:0.53 OTM:0.47 | lr: 1.50e-04 | left: 113s
step 04950 ( 53.4%) | loss: 0.424020 | trade:0.41 call:0.55 put:0.45 | ATM:0.57 OTM:0.43 | lr: 1.50e-04 | left: 112s
step 05000 ( 54.0%) | loss: 0.442362 | trade:0.41 call:0.57 put:0.43 | ATM:0.57 OTM:0.43 | lr: 1.50e-04 | left: 110s
step 05050 ( 54.5%) | loss: 0.409668 | trade:0.44 call:0.59 put:0.41 | ATM:0.50 OTM:0.50 | lr: 1.50e-04 | left: 109s
step 05100 ( 55.0%) | loss: 0.453478 | trade:0.40 call:0.60 put:0.40 | ATM:0.61 OTM:0.39 | lr: 1.50e-04 | left: 108s
step 05150 ( 55.6%) | loss: 0.401011 | trade:0.47 call:0.57 put:0.43 | ATM:0.56 OTM:0.44 | lr: 1.50e-04 | left: 107s
step 05200 ( 56.1%) | loss: 0.421688 | trade:0.44 call:0.56 put:0.44 | ATM:0.59 OTM:0.41 | lr: 1.50e-04 | left: 105s
step 05250 ( 56.7%) | loss: 0.397110 | trade:0.42 call:0.60 put:0.40 | ATM:0.57 OTM:0.43 | lr: 1.50e-04 | left: 104s
step 05300 ( 57.2%) | loss: 0.428465 | trade:0.42 call:0.59 put:0.41 | ATM:0.52 OTM:0.48 | lr: 1.50e-04 | left: 103s
step 05350 ( 57.7%) | loss: 0.439671 | trade:0.40 call:0.59 put:0.41 | ATM:0.52 OTM:0.48 | lr: 1.50e-04 | left: 101s
step 05400 ( 58.3%) | loss: 0.438428 | trade:0.47 call:0.53 put:0.47 | ATM:0.42 OTM:0.58 | lr: 1.50e-04 | left: 100s
step 05450 ( 58.8%) | loss: 0.398363 | trade:0.45 call:0.48 put:0.52 | ATM:0.52 OTM:0.48 | lr: 1.50e-04 | left: 99s
step 05500 ( 59.4%) | loss: 0.373622 | trade:0.44 call:0.54 put:0.46 | ATM:0.51 OTM:0.49 | lr: 1.50e-04 | left: 97s
step 05550 ( 59.9%) | loss: 0.443596 | trade:0.47 call:0.54 put:0.46 | ATM:0.59 OTM:0.41 | lr: 1.50e-04 | left: 96s
step 05600 ( 60.5%) | loss: 0.412962 | trade:0.47 call:0.65 put:0.35 | ATM:0.58 OTM:0.42 | lr: 1.50e-04 | left: 95s
step 05650 ( 61.0%) | loss: 0.404022 | trade:0.38 call:0.61 put:0.39 | ATM:0.61 OTM:0.39 | lr: 1.50e-04 | left: 94s
step 05700 ( 61.6%) | loss: 0.422467 | trade:0.48 call:0.63 put:0.37 | ATM:0.49 OTM:0.51 | lr: 1.50e-04 | left: 92s
step 05750 ( 62.1%) | loss: 0.394957 | trade:0.45 call:0.58 put:0.42 | ATM:0.50 OTM:0.50 | lr: 1.50e-04 | left: 91s
step 05800 ( 62.6%) | loss: 0.421873 | trade:0.43 call:0.62 put:0.38 | ATM:0.55 OTM:0.45 | lr: 1.50e-04 | left: 90s
step 05850 ( 63.2%) | loss: 0.399522 | trade:0.45 call:0.60 put:0.40 | ATM:0.53 OTM:0.47 | lr: 1.50e-04 | left: 88s
step 05900 ( 63.7%) | loss: 0.406746 | trade:0.47 call:0.58 put:0.42 | ATM:0.52 OTM:0.48 | lr: 1.50e-04 | left: 87s
step 05950 ( 64.3%) | loss: 0.420657 | trade:0.39 call:0.53 put:0.47 | ATM:0.55 OTM:0.45 | lr: 1.50e-04 | left: 86s
step 06000 ( 64.8%) | loss: 0.384627 | trade:0.42 call:0.59 put:0.41 | ATM:0.54 OTM:0.46 | lr: 1.50e-04 | left: 84s
step 06050 ( 65.3%) | loss: 0.430915 | trade:0.42 call:0.54 put:0.46 | ATM:0.58 OTM:0.42 | lr: 1.50e-04 | left: 83s
step 06100 ( 65.9%) | loss: 0.376440 | trade:0.40 call:0.55 put:0.45 | ATM:0.56 OTM:0.44 | lr: 1.50e-04 | left: 82s
step 06150 ( 66.4%) | loss: 0.407187 | trade:0.44 call:0.56 put:0.44 | ATM:0.61 OTM:0.39 | lr: 1.50e-04 | left: 81s
step 06200 ( 67.0%) | loss: 0.399495 | trade:0.43 call:0.50 put:0.50 | ATM:0.54 OTM:0.46 | lr: 1.50e-04 | left: 79s
step 06250 ( 67.5%) | loss: 0.393665 | trade:0.42 call:0.58 put:0.42 | ATM:0.56 OTM:0.44 | lr: 1.50e-04 | left: 78s
step 06300 ( 68.0%) | loss: 0.387543 | trade:0.44 call:0.55 put:0.45 | ATM:0.53 OTM:0.47 | lr: 1.50e-04 | left: 77s
step 06350 ( 68.5%) | loss: 0.411820 | trade:0.39 call:0.58 put:0.42 | ATM:0.61 OTM:0.39 | lr: 1.50e-04 | left: 75s
step 06400 ( 69.1%) | loss: 0.392263 | trade:0.43 call:0.58 put:0.42 | ATM:0.58 OTM:0.42 | lr: 1.50e-04 | left: 74s
step 06450 ( 69.6%) | loss: 0.407786 | trade:0.42 call:0.51 put:0.49 | ATM:0.56 OTM:0.44 | lr: 1.50e-04 | left: 73s
step 06500 ( 70.2%) | loss: 0.385122 | trade:0.43 call:0.52 put:0.48 | ATM:0.57 OTM:0.43 | lr: 1.50e-04 | left: 72s
step 06550 ( 70.7%) | loss: 0.384926 | trade:0.45 call:0.54 put:0.46 | ATM:0.46 OTM:0.54 | lr: 1.50e-04 | left: 70s
step 06600 ( 71.3%) | loss: 0.401744 | trade:0.41 call:0.59 put:0.41 | ATM:0.55 OTM:0.45 | lr: 1.49e-04 | left: 69s
step 06650 ( 71.8%) | loss: 0.382304 | trade:0.45 call:0.57 put:0.43 | ATM:0.51 OTM:0.49 | lr: 1.49e-04 | left: 68s
step 06700 ( 72.3%) | loss: 0.409570 | trade:0.43 call:0.65 put:0.35 | ATM:0.56 OTM:0.44 | lr: 1.48e-04 | left: 66s
step 06750 ( 72.9%) | loss: 0.361141 | trade:0.45 call:0.58 put:0.42 | ATM:0.52 OTM:0.48 | lr: 1.47e-04 | left: 65s
step 06800 ( 73.4%) | loss: 0.409311 | trade:0.44 call:0.55 put:0.45 | ATM:0.51 OTM:0.49 | lr: 1.45e-04 | left: 64s
step 06850 ( 74.0%) | loss: 0.390595 | trade:0.45 call:0.61 put:0.39 | ATM:0.56 OTM:0.44 | lr: 1.44e-04 | left: 62s
step 06900 ( 74.5%) | loss: 0.389553 | trade:0.43 call:0.56 put:0.44 | ATM:0.60 OTM:0.40 | lr: 1.42e-04 | left: 61s
step 06950 ( 75.1%) | loss: 0.430688 | trade:0.40 call:0.56 put:0.44 | ATM:0.60 OTM:0.40 | lr: 1.40e-04 | left: 60s
step 07000 ( 75.6%) | loss: 0.398971 | trade:0.45 call:0.57 put:0.43 | ATM:0.53 OTM:0.47 | lr: 1.38e-04 | left: 59s
step 07050 ( 76.1%) | loss: 0.420089 | trade:0.42 call:0.54 put:0.46 | ATM:0.58 OTM:0.42 | lr: 1.35e-04 | left: 57s
step 07100 ( 76.7%) | loss: 0.422558 | trade:0.42 call:0.57 put:0.43 | ATM:0.51 OTM:0.49 | lr: 1.32e-04 | left: 56s
step 07150 ( 77.2%) | loss: 0.380857 | trade:0.45 call:0.57 put:0.43 | ATM:0.51 OTM:0.49 | lr: 1.30e-04 | left: 55s
step 07200 ( 77.7%) | loss: 0.338042 | trade:0.45 call:0.58 put:0.42 | ATM:0.55 OTM:0.45 | lr: 1.27e-04 | left: 53s
step 07250 ( 78.3%) | loss: 0.372444 | trade:0.42 call:0.53 put:0.47 | ATM:0.54 OTM:0.46 | lr: 1.24e-04 | left: 52s
step 07300 ( 78.8%) | loss: 0.351018 | trade:0.47 call:0.59 put:0.41 | ATM:0.52 OTM:0.48 | lr: 1.20e-04 | left: 51s
step 07350 ( 79.4%) | loss: 0.364444 | trade:0.42 call:0.53 put:0.47 | ATM:0.55 OTM:0.45 | lr: 1.17e-04 | left: 50s
step 07400 ( 79.9%) | loss: 0.419822 | trade:0.43 call:0.57 put:0.43 | ATM:0.54 OTM:0.46 | lr: 1.13e-04 | left: 48s
step 07450 ( 80.4%) | loss: 0.412353 | trade:0.43 call:0.61 put:0.39 | ATM:0.55 OTM:0.45 | lr: 1.09e-04 | left: 47s
step 07500 ( 81.0%) | loss: 0.364311 | trade:0.41 call:0.56 put:0.44 | ATM:0.61 OTM:0.39 | lr: 1.06e-04 | left: 46s
step 07550 ( 81.5%) | loss: 0.387337 | trade:0.40 call:0.56 put:0.44 | ATM:0.57 OTM:0.43 | lr: 1.02e-04 | left: 44s
step 07600 ( 82.1%) | loss: 0.370439 | trade:0.42 call:0.57 put:0.43 | ATM:0.57 OTM:0.43 | lr: 9.78e-05 | left: 43s
step 07650 ( 82.6%) | loss: 0.393132 | trade:0.41 call:0.49 put:0.51 | ATM:0.51 OTM:0.49 | lr: 9.37e-05 | left: 42s
step 07700 ( 83.1%) | loss: 0.415056 | trade:0.42 call:0.63 put:0.37 | ATM:0.49 OTM:0.51 | lr: 8.95e-05 | left: 40s
step 07750 ( 83.7%) | loss: 0.350466 | trade:0.42 call:0.56 put:0.44 | ATM:0.54 OTM:0.46 | lr: 8.53e-05 | left: 39s
step 07800 ( 84.2%) | loss: 0.383174 | trade:0.44 call:0.54 put:0.46 | ATM:0.56 OTM:0.44 | lr: 8.11e-05 | left: 38s
step 07850 ( 84.8%) | loss: 0.410648 | trade:0.44 call:0.56 put:0.44 | ATM:0.57 OTM:0.43 | lr: 7.68e-05 | left: 37s
step 07900 ( 85.3%) | loss: 0.367663 | trade:0.43 call:0.58 put:0.42 | ATM:0.53 OTM:0.47 | lr: 7.25e-05 | left: 35s
step 07950 ( 85.9%) | loss: 0.326697 | trade:0.48 call:0.54 put:0.46 | ATM:0.45 OTM:0.55 | lr: 6.83e-05 | left: 34s
step 08000 ( 86.4%) | loss: 0.380967 | trade:0.47 call:0.48 put:0.52 | ATM:0.51 OTM:0.49 | lr: 6.40e-05 | left: 33s
step 08050 ( 86.9%) | loss: 0.403333 | trade:0.45 call:0.54 put:0.46 | ATM:0.56 OTM:0.44 | lr: 5.98e-05 | left: 31s
step 08100 ( 87.5%) | loss: 0.383213 | trade:0.44 call:0.53 put:0.47 | ATM:0.57 OTM:0.43 | lr: 5.57e-05 | left: 30s
step 08150 ( 88.0%) | loss: 0.383019 | trade:0.43 call:0.48 put:0.52 | ATM:0.56 OTM:0.44 | lr: 5.17e-05 | left: 29s
step 08200 ( 88.5%) | loss: 0.382759 | trade:0.46 call:0.51 put:0.49 | ATM:0.54 OTM:0.46 | lr: 4.78e-05 | left: 27s
step 08250 ( 89.1%) | loss: 0.355604 | trade:0.48 call:0.54 put:0.46 | ATM:0.48 OTM:0.52 | lr: 4.38e-05 | left: 26s
step 08300 ( 89.6%) | loss: 0.388859 | trade:0.37 call:0.62 put:0.38 | ATM:0.56 OTM:0.44 | lr: 4.00e-05 | left: 25s
step 08350 ( 90.2%) | loss: 0.414884 | trade:0.44 call:0.58 put:0.42 | ATM:0.52 OTM:0.48 | lr: 3.63e-05 | left: 24s
step 08400 ( 90.7%) | loss: 0.367328 | trade:0.40 call:0.57 put:0.43 | ATM:0.61 OTM:0.39 | lr: 3.27e-05 | left: 22s
step 08450 ( 91.3%) | loss: 0.384632 | trade:0.45 call:0.46 put:0.54 | ATM:0.51 OTM:0.49 | lr: 2.92e-05 | left: 21s
step 08500 ( 91.8%) | loss: 0.389920 | trade:0.43 call:0.53 put:0.47 | ATM:0.53 OTM:0.47 | lr: 2.59e-05 | left: 20s
step 08550 ( 92.4%) | loss: 0.370479 | trade:0.39 call:0.58 put:0.42 | ATM:0.60 OTM:0.40 | lr: 2.27e-05 | left: 18s
step 08600 ( 92.9%) | loss: 0.355270 | trade:0.41 call:0.51 put:0.49 | ATM:0.57 OTM:0.43 | lr: 1.97e-05 | left: 17s
step 08650 ( 93.5%) | loss: 0.350708 | trade:0.45 call:0.55 put:0.45 | ATM:0.50 OTM:0.50 | lr: 1.69e-05 | left: 16s
step 08700 ( 94.0%) | loss: 0.363853 | trade:0.45 call:0.46 put:0.54 | ATM:0.53 OTM:0.47 | lr: 1.43e-05 | left: 14s
step 08750 ( 94.5%) | loss: 0.350084 | trade:0.42 call:0.52 put:0.48 | ATM:0.55 OTM:0.45 | lr: 1.19e-05 | left: 13s
step 08800 ( 95.1%) | loss: 0.377786 | trade:0.43 call:0.56 put:0.44 | ATM:0.54 OTM:0.46 | lr: 9.72e-06 | left: 12s
step 08850 ( 95.6%) | loss: 0.381085 | trade:0.42 call:0.51 put:0.49 | ATM:0.60 OTM:0.40 | lr: 7.74e-06 | left: 10s
step 08900 ( 96.2%) | loss: 0.392129 | trade:0.41 call:0.63 put:0.37 | ATM:0.55 OTM:0.45 | lr: 5.97e-06 | left: 9s
step 08950 ( 96.7%) | loss: 0.361194 | trade:0.48 call:0.60 put:0.40 | ATM:0.43 OTM:0.57 | lr: 4.42e-06 | left: 8s
step 09000 ( 97.2%) | loss: 0.373205 | trade:0.43 call:0.62 put:0.38 | ATM:0.57 OTM:0.43 | lr: 3.10e-06 | left: 7s
step 09050 ( 97.8%) | loss: 0.392939 | trade:0.49 call:0.50 put:0.50 | ATM:0.45 OTM:0.55 | lr: 2.01e-06 | left: 5s
step 09100 ( 98.3%) | loss: 0.386049 | trade:0.42 call:0.54 put:0.46 | ATM:0.56 OTM:0.44 | lr: 1.15e-06 | left: 4s
step 09150 ( 98.9%) | loss: 0.345458 | trade:0.41 call:0.54 put:0.46 | ATM:0.60 OTM:0.40 | lr: 5.26e-07 | left: 3s
step 09200 ( 99.4%) | loss: 0.378392 | trade:0.40 call:0.53 put:0.47 | ATM:0.54 OTM:0.46 | lr: 1.43e-07 | left: 1s
step 09250 (100.0%) | loss: 0.377933 | trade:0.42 call:0.52 put:0.48 | ATM:0.57 OTM:0.43 | lr: 8.80e-10 | left: 0s

Training done at 244s. Starting evaluation...
Evaluation done in 7s (total wall: 252s)
Model saved to /root/best_model.pt
Trade log: 119 trades -> /root/trade_log.csv

---
score:              0.175034
profit_factor:      1.569143
win_rate:           0.310924
avg_winner:         0.807563
avg_loser:          -0.232221
trades_per_day:     1.776119
max_consec_loss:    12
num_trades:         119
trade_sharpe:       2.107999
sortino:            17.179715
max_drawdown:       -3.506743
calmar:             3.090530
ev_per_trade:       0.091073
do_nothing_pct:     0.446207
exit_pct:           0.015002
model_exit_count:   70
cooldown_blocked:   205
pre_10am_blocked:   1011
short_hold_pct:     0.193000
stop_loss_rate:     0.395000
direction_collapse_pct: 0.327700
avg_entry_cost_bps: 322.145400
avg_entry_quality:  0.807500
cost_realism_coverage: 1.000000
high_cost_entry_rate: 0.336100
low_quality_entry_rate: 0.000000
actionable_bar_rate: 0.803300
risk_off_bar_rate:  0.000000
final_capital:      9222.95
equity_sharpe:      0.395800
max_equity_dd:      -0.486200
total_dollar_return:-0.077700
val_sharpe:         -24.828501
total_return:       10.837695
num_val_bars:       4666
num_val_days:       67
worst_chunk_pf:     0.22
rr_ratio:           3.4776
avg_hold_bars:      11.50
model_exit_rate:    0.5882
hit_ruin:           False
min_equity_frac:    0.5138
avg_risk_fraction:  0.1031
max_risk_fraction:  0.4310
trades_blocked_by_balance: 0
  Chunk 1: 2025-02-18..2025-06-04 | 23 trades | PF=0.22 | WR=21.7%
  Chunk 2: 2025-06-20..2025-08-13 | 22 trades | PF=1.31 | WR=22.7%
  Chunk 3: 2025-08-15..2025-09-17 | 27 trades | PF=2.55 | WR=40.7%
  Chunk 4: 2025-09-24..2025-12-02 | 23 trades | PF=2.08 | WR=26.1%
  Chunk 5: 2025-12-04..2026-03-17 | 24 trades | PF=2.11 | WR=41.7%
training_seconds:   240.0
total_seconds:      253.8
peak_vram_mb:       366.7
num_steps:          9255
num_params:         146,265
lookback:           120
depth:              3
d_model:            64
effective_lr:       0.00015
gate_label_smoothing:0.050000
dir_label_smoothing:0.050000
false_entry_penalty:2.000000
stopped_pnl_weight: 0.200000
/opt/conda/lib/python3.11/site-packages/torch/nn/modules/transformer.py:379: UserWarning: enable_nested_tensor is True, but self.use_nested_tensor is False because encoder_layer.norm_first was True
  warnings.warn(
