Loading data from: /root/.cache/autoresearch-trading/features/data.pt
Loaded 382920 1-min bars, 32 features, 8 actions
  ~981 trading days
Training:   up to idx 268019
Validation: idx 268020-382919
  Option P&L coverage: 296720/382920 (77%)
Parameters: 145,097
Architecture: v4 simplified two-head (gate+dir) + position size controller
Training from scratch (v4: no warm-start).

Budget: 240s | Batch: 128 | Lookback: 120
LR: 0.00015 | Depth: 3 | d_model: 64 | ff_mult: 3
Dropout: 0.15 | Weight decay: 0.05
False entry penalty: 2.0x
Label smoothing: gate=0.05 dir=0.05

step 00000 (  0.0%) | loss: 3.357831 | trade:0.13 call:0.49 put:0.51 | ATM:0.32 OTM:0.68 | lr: 0.00e+00 | left: 240s
step 00050 (  0.3%) | loss: 3.484422 | trade:0.13 call:0.48 put:0.52 | ATM:0.32 OTM:0.68 | lr: 5.14e-06 | left: 239s
step 00100 (  0.6%) | loss: 3.418406 | trade:0.15 call:0.49 put:0.51 | ATM:0.32 OTM:0.68 | lr: 8.61e-06 | left: 239s
step 00150 (  0.8%) | loss: 3.335631 | trade:0.18 call:0.48 put:0.52 | ATM:0.31 OTM:0.69 | lr: 1.21e-05 | left: 238s
step 00200 (  1.0%) | loss: 3.243871 | trade:0.24 call:0.48 put:0.52 | ATM:0.31 OTM:0.69 | lr: 1.54e-05 | left: 238s
step 00250 (  1.2%) | loss: 3.091133 | trade:0.30 call:0.49 put:0.51 | ATM:0.32 OTM:0.68 | lr: 1.87e-05 | left: 237s
step 00300 (  1.5%) | loss: 2.984015 | trade:0.38 call:0.51 put:0.49 | ATM:0.32 OTM:0.68 | lr: 2.28e-05 | left: 236s
step 00350 (  1.8%) | loss: 2.959118 | trade:0.42 call:0.52 put:0.48 | ATM:0.33 OTM:0.67 | lr: 2.63e-05 | left: 236s
step 00400 (  2.0%) | loss: 2.892101 | trade:0.43 call:0.53 put:0.47 | ATM:0.34 OTM:0.66 | lr: 2.97e-05 | left: 235s
step 00450 (  2.2%) | loss: 2.854665 | trade:0.41 call:0.54 put:0.46 | ATM:0.35 OTM:0.65 | lr: 3.29e-05 | left: 235s
step 00500 (  2.4%) | loss: 2.852662 | trade:0.43 call:0.56 put:0.44 | ATM:0.36 OTM:0.64 | lr: 3.65e-05 | left: 234s
step 00550 (  2.7%) | loss: 2.831653 | trade:0.44 call:0.56 put:0.44 | ATM:0.36 OTM:0.64 | lr: 3.99e-05 | left: 234s
step 00600 (  2.9%) | loss: 2.812273 | trade:0.44 call:0.55 put:0.45 | ATM:0.36 OTM:0.64 | lr: 4.30e-05 | left: 233s
step 00650 (  3.1%) | loss: 2.763507 | trade:0.42 call:0.58 put:0.42 | ATM:0.38 OTM:0.62 | lr: 4.62e-05 | left: 233s
step 00700 (  3.3%) | loss: 2.703664 | trade:0.42 call:0.58 put:0.42 | ATM:0.38 OTM:0.62 | lr: 4.95e-05 | left: 232s
step 00750 (  3.5%) | loss: 2.676609 | trade:0.41 call:0.59 put:0.41 | ATM:0.41 OTM:0.59 | lr: 5.28e-05 | left: 232s
step 00800 (  3.7%) | loss: 2.646926 | trade:0.42 call:0.55 put:0.45 | ATM:0.38 OTM:0.62 | lr: 5.62e-05 | left: 231s
step 00850 (  4.0%) | loss: 2.595873 | trade:0.43 call:0.58 put:0.42 | ATM:0.39 OTM:0.61 | lr: 5.93e-05 | left: 231s
step 00900 (  4.2%) | loss: 2.547491 | trade:0.44 call:0.54 put:0.46 | ATM:0.36 OTM:0.64 | lr: 6.26e-05 | left: 230s
step 00950 (  4.4%) | loss: 2.488256 | trade:0.41 call:0.60 put:0.40 | ATM:0.40 OTM:0.60 | lr: 6.58e-05 | left: 229s
step 01000 (  4.6%) | loss: 2.443178 | trade:0.42 call:0.58 put:0.42 | ATM:0.41 OTM:0.59 | lr: 6.93e-05 | left: 229s
step 01050 (  4.9%) | loss: 2.357306 | trade:0.42 call:0.60 put:0.40 | ATM:0.42 OTM:0.58 | lr: 7.28e-05 | left: 228s
step 01100 (  5.1%) | loss: 2.330744 | trade:0.43 call:0.60 put:0.40 | ATM:0.43 OTM:0.57 | lr: 7.62e-05 | left: 228s
step 01150 (  5.3%) | loss: 2.253787 | trade:0.40 call:0.57 put:0.43 | ATM:0.41 OTM:0.59 | lr: 7.97e-05 | left: 227s
step 01200 (  5.5%) | loss: 2.219354 | trade:0.45 call:0.57 put:0.43 | ATM:0.40 OTM:0.60 | lr: 8.31e-05 | left: 227s
step 01250 (  5.8%) | loss: 2.149947 | trade:0.40 call:0.59 put:0.41 | ATM:0.44 OTM:0.56 | lr: 8.68e-05 | left: 226s
step 01300 (  6.0%) | loss: 2.074387 | trade:0.37 call:0.59 put:0.41 | ATM:0.43 OTM:0.57 | lr: 9.02e-05 | left: 226s
step 01350 (  6.3%) | loss: 2.027603 | trade:0.42 call:0.56 put:0.44 | ATM:0.41 OTM:0.59 | lr: 9.41e-05 | left: 225s
step 01400 (  6.5%) | loss: 1.955700 | trade:0.39 call:0.56 put:0.44 | ATM:0.45 OTM:0.55 | lr: 9.74e-05 | left: 224s
step 01450 (  6.7%) | loss: 1.921785 | trade:0.37 call:0.64 put:0.36 | ATM:0.45 OTM:0.55 | lr: 1.01e-04 | left: 224s
step 01500 (  6.9%) | loss: 1.879098 | trade:0.41 call:0.62 put:0.38 | ATM:0.42 OTM:0.58 | lr: 1.04e-04 | left: 223s
step 01550 (  7.1%) | loss: 1.793498 | trade:0.38 call:0.63 put:0.37 | ATM:0.45 OTM:0.55 | lr: 1.07e-04 | left: 223s
step 01600 (  7.3%) | loss: 1.785750 | trade:0.43 call:0.59 put:0.41 | ATM:0.44 OTM:0.56 | lr: 1.10e-04 | left: 222s
step 01650 (  7.5%) | loss: 1.719607 | trade:0.40 call:0.66 put:0.34 | ATM:0.46 OTM:0.54 | lr: 1.13e-04 | left: 222s
step 01700 (  7.8%) | loss: 1.685559 | trade:0.38 call:0.64 put:0.36 | ATM:0.46 OTM:0.54 | lr: 1.16e-04 | left: 221s
step 01750 (  8.0%) | loss: 1.598557 | trade:0.41 call:0.64 put:0.36 | ATM:0.48 OTM:0.52 | lr: 1.19e-04 | left: 221s
step 01800 (  8.2%) | loss: 1.619686 | trade:0.35 call:0.63 put:0.37 | ATM:0.44 OTM:0.56 | lr: 1.23e-04 | left: 220s
step 01850 (  8.5%) | loss: 1.553718 | trade:0.41 call:0.65 put:0.35 | ATM:0.48 OTM:0.52 | lr: 1.28e-04 | left: 219s
step 01900 (  9.1%) | loss: 1.529528 | trade:0.39 call:0.62 put:0.38 | ATM:0.45 OTM:0.55 | lr: 1.36e-04 | left: 218s
step 01950 (  9.6%) | loss: 1.526598 | trade:0.34 call:0.59 put:0.41 | ATM:0.46 OTM:0.54 | lr: 1.44e-04 | left: 217s
step 02000 ( 10.1%) | loss: 1.450965 | trade:0.34 call:0.68 put:0.32 | ATM:0.50 OTM:0.50 | lr: 1.50e-04 | left: 216s
step 02050 ( 10.6%) | loss: 1.492411 | trade:0.37 call:0.69 put:0.31 | ATM:0.47 OTM:0.53 | lr: 1.50e-04 | left: 214s
step 02100 ( 11.1%) | loss: 1.425384 | trade:0.37 call:0.67 put:0.33 | ATM:0.44 OTM:0.56 | lr: 1.50e-04 | left: 213s
step 02150 ( 11.7%) | loss: 1.435489 | trade:0.35 call:0.65 put:0.35 | ATM:0.48 OTM:0.52 | lr: 1.50e-04 | left: 212s
step 02200 ( 12.2%) | loss: 1.411230 | trade:0.40 call:0.63 put:0.37 | ATM:0.43 OTM:0.57 | lr: 1.50e-04 | left: 211s
step 02250 ( 12.8%) | loss: 1.397930 | trade:0.37 call:0.68 put:0.32 | ATM:0.56 OTM:0.44 | lr: 1.50e-04 | left: 209s
step 02300 ( 13.3%) | loss: 1.364561 | trade:0.34 call:0.64 put:0.36 | ATM:0.49 OTM:0.51 | lr: 1.50e-04 | left: 208s
step 02350 ( 13.8%) | loss: 1.357203 | trade:0.38 call:0.72 put:0.28 | ATM:0.53 OTM:0.47 | lr: 1.50e-04 | left: 207s
step 02400 ( 14.4%) | loss: 1.323469 | trade:0.33 call:0.73 put:0.27 | ATM:0.43 OTM:0.57 | lr: 1.50e-04 | left: 205s
step 02450 ( 14.9%) | loss: 1.346667 | trade:0.40 call:0.72 put:0.28 | ATM:0.49 OTM:0.51 | lr: 1.50e-04 | left: 204s
step 02500 ( 15.4%) | loss: 1.320974 | trade:0.41 call:0.63 put:0.37 | ATM:0.52 OTM:0.48 | lr: 1.50e-04 | left: 203s
step 02550 ( 16.0%) | loss: 1.327279 | trade:0.35 call:0.63 put:0.37 | ATM:0.50 OTM:0.50 | lr: 1.50e-04 | left: 202s
step 02600 ( 16.5%) | loss: 1.310655 | trade:0.35 call:0.60 put:0.40 | ATM:0.51 OTM:0.49 | lr: 1.50e-04 | left: 200s
step 02650 ( 17.1%) | loss: 1.297983 | trade:0.36 call:0.65 put:0.35 | ATM:0.56 OTM:0.44 | lr: 1.50e-04 | left: 199s
step 02700 ( 17.6%) | loss: 1.301975 | trade:0.32 call:0.63 put:0.37 | ATM:0.52 OTM:0.48 | lr: 1.50e-04 | left: 198s
step 02750 ( 18.0%) | loss: 1.301415 | trade:0.35 call:0.57 put:0.43 | ATM:0.54 OTM:0.46 | lr: 1.50e-04 | left: 197s
step 02800 ( 18.2%) | loss: 1.278232 | trade:0.36 call:0.65 put:0.35 | ATM:0.56 OTM:0.44 | lr: 1.50e-04 | left: 196s
step 02850 ( 18.4%) | loss: 1.245631 | trade:0.29 call:0.69 put:0.31 | ATM:0.61 OTM:0.39 | lr: 1.50e-04 | left: 196s
step 02900 ( 18.7%) | loss: 1.252142 | trade:0.42 call:0.65 put:0.35 | ATM:0.56 OTM:0.44 | lr: 1.50e-04 | left: 195s
step 02950 ( 18.9%) | loss: 1.251862 | trade:0.38 call:0.63 put:0.37 | ATM:0.55 OTM:0.45 | lr: 1.50e-04 | left: 195s
step 03000 ( 19.1%) | loss: 1.259105 | trade:0.40 call:0.57 put:0.43 | ATM:0.54 OTM:0.46 | lr: 1.50e-04 | left: 194s
step 03050 ( 19.3%) | loss: 1.245015 | trade:0.37 call:0.66 put:0.34 | ATM:0.59 OTM:0.41 | lr: 1.50e-04 | left: 194s
step 03100 ( 19.5%) | loss: 1.234481 | trade:0.39 call:0.67 put:0.33 | ATM:0.60 OTM:0.40 | lr: 1.50e-04 | left: 193s
step 03150 ( 19.8%) | loss: 1.201663 | trade:0.34 call:0.66 put:0.34 | ATM:0.56 OTM:0.44 | lr: 1.50e-04 | left: 193s
step 03200 ( 20.0%) | loss: 1.249312 | trade:0.37 call:0.64 put:0.36 | ATM:0.51 OTM:0.49 | lr: 1.50e-04 | left: 192s
step 03250 ( 20.3%) | loss: 1.252407 | trade:0.30 call:0.63 put:0.37 | ATM:0.57 OTM:0.43 | lr: 1.50e-04 | left: 191s
step 03300 ( 20.6%) | loss: 1.206862 | trade:0.36 call:0.68 put:0.32 | ATM:0.60 OTM:0.40 | lr: 1.50e-04 | left: 191s
step 03350 ( 20.9%) | loss: 1.218371 | trade:0.32 call:0.61 put:0.39 | ATM:0.60 OTM:0.40 | lr: 1.50e-04 | left: 190s
step 03400 ( 21.2%) | loss: 1.196192 | trade:0.35 call:0.64 put:0.36 | ATM:0.61 OTM:0.39 | lr: 1.50e-04 | left: 189s
step 03450 ( 21.5%) | loss: 1.190533 | trade:0.33 call:0.68 put:0.32 | ATM:0.53 OTM:0.47 | lr: 1.50e-04 | left: 188s
step 03500 ( 21.7%) | loss: 1.205902 | trade:0.32 call:0.66 put:0.34 | ATM:0.54 OTM:0.46 | lr: 1.50e-04 | left: 188s
step 03550 ( 21.9%) | loss: 1.197398 | trade:0.34 call:0.66 put:0.34 | ATM:0.59 OTM:0.41 | lr: 1.50e-04 | left: 187s
step 03600 ( 22.2%) | loss: 1.197741 | trade:0.33 call:0.66 put:0.34 | ATM:0.59 OTM:0.41 | lr: 1.50e-04 | left: 187s
step 03650 ( 22.5%) | loss: 1.187738 | trade:0.32 call:0.66 put:0.34 | ATM:0.55 OTM:0.45 | lr: 1.50e-04 | left: 186s
step 03700 ( 22.8%) | loss: 1.183127 | trade:0.36 call:0.65 put:0.35 | ATM:0.57 OTM:0.43 | lr: 1.50e-04 | left: 185s
step 03750 ( 23.0%) | loss: 1.217663 | trade:0.29 call:0.69 put:0.31 | ATM:0.65 OTM:0.35 | lr: 1.50e-04 | left: 185s
step 03800 ( 23.2%) | loss: 1.181217 | trade:0.35 call:0.62 put:0.38 | ATM:0.58 OTM:0.42 | lr: 1.50e-04 | left: 184s
step 03850 ( 23.4%) | loss: 1.178373 | trade:0.37 call:0.61 put:0.39 | ATM:0.56 OTM:0.44 | lr: 1.50e-04 | left: 184s
step 03900 ( 23.7%) | loss: 1.170918 | trade:0.39 call:0.62 put:0.38 | ATM:0.61 OTM:0.39 | lr: 1.50e-04 | left: 183s
step 03950 ( 24.2%) | loss: 1.167265 | trade:0.26 call:0.71 put:0.29 | ATM:0.61 OTM:0.39 | lr: 1.50e-04 | left: 182s
step 04000 ( 24.8%) | loss: 1.157147 | trade:0.36 call:0.66 put:0.34 | ATM:0.56 OTM:0.44 | lr: 1.50e-04 | left: 181s
step 04050 ( 25.3%) | loss: 1.160279 | trade:0.36 call:0.66 put:0.34 | ATM:0.59 OTM:0.41 | lr: 1.50e-04 | left: 179s
step 04100 ( 25.8%) | loss: 1.150618 | trade:0.31 call:0.67 put:0.33 | ATM:0.59 OTM:0.41 | lr: 1.50e-04 | left: 178s
step 04150 ( 26.3%) | loss: 1.149587 | trade:0.33 call:0.61 put:0.39 | ATM:0.67 OTM:0.33 | lr: 1.50e-04 | left: 177s
step 04200 ( 26.6%) | loss: 1.143455 | trade:0.31 call:0.68 put:0.32 | ATM:0.63 OTM:0.37 | lr: 1.50e-04 | left: 176s
step 04250 ( 27.0%) | loss: 1.149819 | trade:0.32 call:0.62 put:0.38 | ATM:0.59 OTM:0.41 | lr: 1.50e-04 | left: 175s
step 04300 ( 27.4%) | loss: 1.151121 | trade:0.39 call:0.64 put:0.36 | ATM:0.59 OTM:0.41 | lr: 1.50e-04 | left: 174s
step 04350 ( 27.6%) | loss: 1.149692 | trade:0.31 call:0.69 put:0.31 | ATM:0.64 OTM:0.36 | lr: 1.50e-04 | left: 174s
step 04400 ( 28.0%) | loss: 1.142057 | trade:0.34 call:0.64 put:0.36 | ATM:0.57 OTM:0.43 | lr: 1.50e-04 | left: 173s
step 04450 ( 28.5%) | loss: 1.119163 | trade:0.37 call:0.65 put:0.35 | ATM:0.61 OTM:0.39 | lr: 1.50e-04 | left: 172s
step 04500 ( 29.1%) | loss: 1.138005 | trade:0.36 call:0.64 put:0.36 | ATM:0.63 OTM:0.37 | lr: 1.50e-04 | left: 170s
step 04550 ( 29.6%) | loss: 1.127329 | trade:0.35 call:0.60 put:0.40 | ATM:0.57 OTM:0.43 | lr: 1.50e-04 | left: 169s
step 04600 ( 30.1%) | loss: 1.135824 | trade:0.33 call:0.63 put:0.37 | ATM:0.57 OTM:0.43 | lr: 1.50e-04 | left: 168s
step 04650 ( 30.7%) | loss: 1.117479 | trade:0.35 call:0.64 put:0.36 | ATM:0.58 OTM:0.42 | lr: 1.50e-04 | left: 166s
step 04700 ( 31.2%) | loss: 1.128159 | trade:0.40 call:0.64 put:0.36 | ATM:0.58 OTM:0.42 | lr: 1.50e-04 | left: 165s
step 04750 ( 31.8%) | loss: 1.156521 | trade:0.33 call:0.65 put:0.35 | ATM:0.62 OTM:0.38 | lr: 1.50e-04 | left: 164s
step 04800 ( 32.3%) | loss: 1.115667 | trade:0.39 call:0.64 put:0.36 | ATM:0.55 OTM:0.45 | lr: 1.50e-04 | left: 163s
step 04850 ( 32.8%) | loss: 1.122662 | trade:0.39 call:0.64 put:0.36 | ATM:0.60 OTM:0.40 | lr: 1.50e-04 | left: 161s
step 04900 ( 33.3%) | loss: 1.105887 | trade:0.31 call:0.66 put:0.34 | ATM:0.66 OTM:0.34 | lr: 1.50e-04 | left: 160s
step 04950 ( 33.8%) | loss: 1.158430 | trade:0.35 call:0.62 put:0.38 | ATM:0.61 OTM:0.39 | lr: 1.50e-04 | left: 159s
step 05000 ( 34.4%) | loss: 1.127470 | trade:0.37 call:0.62 put:0.38 | ATM:0.62 OTM:0.38 | lr: 1.50e-04 | left: 158s
step 05050 ( 34.9%) | loss: 1.105967 | trade:0.34 call:0.64 put:0.36 | ATM:0.54 OTM:0.46 | lr: 1.50e-04 | left: 156s
step 05100 ( 35.4%) | loss: 1.134760 | trade:0.31 call:0.66 put:0.34 | ATM:0.62 OTM:0.38 | lr: 1.50e-04 | left: 155s
step 05150 ( 35.9%) | loss: 1.097406 | trade:0.39 call:0.61 put:0.39 | ATM:0.62 OTM:0.38 | lr: 1.50e-04 | left: 154s
step 05200 ( 36.4%) | loss: 1.106724 | trade:0.32 call:0.64 put:0.36 | ATM:0.59 OTM:0.41 | lr: 1.50e-04 | left: 153s
step 05250 ( 36.9%) | loss: 1.103903 | trade:0.31 call:0.66 put:0.34 | ATM:0.66 OTM:0.34 | lr: 1.50e-04 | left: 151s
step 05300 ( 37.2%) | loss: 1.105427 | trade:0.30 call:0.66 put:0.34 | ATM:0.59 OTM:0.41 | lr: 1.50e-04 | left: 151s
step 05350 ( 37.4%) | loss: 1.121468 | trade:0.27 call:0.68 put:0.32 | ATM:0.66 OTM:0.34 | lr: 1.50e-04 | left: 150s
step 05400 ( 37.8%) | loss: 1.113736 | trade:0.38 call:0.60 put:0.40 | ATM:0.55 OTM:0.45 | lr: 1.50e-04 | left: 149s
step 05450 ( 38.3%) | loss: 1.071278 | trade:0.37 call:0.58 put:0.42 | ATM:0.60 OTM:0.40 | lr: 1.50e-04 | left: 148s
step 05500 ( 38.8%) | loss: 1.091561 | trade:0.33 call:0.56 put:0.44 | ATM:0.62 OTM:0.38 | lr: 1.50e-04 | left: 147s
step 05550 ( 39.4%) | loss: 1.095766 | trade:0.33 call:0.59 put:0.41 | ATM:0.66 OTM:0.34 | lr: 1.50e-04 | left: 145s
step 05600 ( 39.9%) | loss: 1.091159 | trade:0.36 call:0.66 put:0.34 | ATM:0.64 OTM:0.36 | lr: 1.50e-04 | left: 144s
step 05650 ( 40.5%) | loss: 1.108495 | trade:0.31 call:0.66 put:0.34 | ATM:0.67 OTM:0.33 | lr: 1.50e-04 | left: 143s
step 05700 ( 41.0%) | loss: 1.090516 | trade:0.40 call:0.66 put:0.34 | ATM:0.59 OTM:0.41 | lr: 1.50e-04 | left: 142s
step 05750 ( 41.5%) | loss: 1.086233 | trade:0.36 call:0.67 put:0.33 | ATM:0.61 OTM:0.39 | lr: 1.50e-04 | left: 140s
step 05800 ( 42.1%) | loss: 1.091222 | trade:0.34 call:0.66 put:0.34 | ATM:0.66 OTM:0.34 | lr: 1.50e-04 | left: 139s
step 05850 ( 42.5%) | loss: 1.071252 | trade:0.34 call:0.64 put:0.36 | ATM:0.64 OTM:0.36 | lr: 1.50e-04 | left: 138s
step 05900 ( 42.9%) | loss: 1.088357 | trade:0.35 call:0.66 put:0.34 | ATM:0.66 OTM:0.34 | lr: 1.50e-04 | left: 137s
step 05950 ( 43.4%) | loss: 1.069871 | trade:0.33 call:0.55 put:0.45 | ATM:0.65 OTM:0.35 | lr: 1.50e-04 | left: 136s
step 06000 ( 43.9%) | loss: 1.096086 | trade:0.35 call:0.65 put:0.35 | ATM:0.64 OTM:0.36 | lr: 1.50e-04 | left: 135s
step 06050 ( 44.4%) | loss: 1.107581 | trade:0.33 call:0.64 put:0.36 | ATM:0.64 OTM:0.36 | lr: 1.50e-04 | left: 133s
step 06100 ( 44.9%) | loss: 1.104769 | trade:0.31 call:0.61 put:0.39 | ATM:0.63 OTM:0.37 | lr: 1.50e-04 | left: 132s
step 06150 ( 45.5%) | loss: 1.088622 | trade:0.28 call:0.61 put:0.39 | ATM:0.63 OTM:0.37 | lr: 1.50e-04 | left: 131s
step 06200 ( 46.0%) | loss: 1.078859 | trade:0.32 call:0.57 put:0.43 | ATM:0.62 OTM:0.38 | lr: 1.50e-04 | left: 130s
step 06250 ( 46.5%) | loss: 1.087065 | trade:0.34 call:0.67 put:0.33 | ATM:0.66 OTM:0.34 | lr: 1.50e-04 | left: 128s
step 06300 ( 47.1%) | loss: 1.078779 | trade:0.35 call:0.62 put:0.38 | ATM:0.60 OTM:0.40 | lr: 1.50e-04 | left: 127s
step 06350 ( 47.6%) | loss: 1.078519 | trade:0.31 call:0.65 put:0.35 | ATM:0.68 OTM:0.32 | lr: 1.50e-04 | left: 126s
step 06400 ( 47.8%) | loss: 1.096660 | trade:0.34 call:0.65 put:0.35 | ATM:0.69 OTM:0.31 | lr: 1.50e-04 | left: 125s
step 06450 ( 48.1%) | loss: 1.080227 | trade:0.32 call:0.55 put:0.45 | ATM:0.61 OTM:0.39 | lr: 1.50e-04 | left: 125s
step 06500 ( 48.5%) | loss: 1.071423 | trade:0.31 call:0.58 put:0.42 | ATM:0.62 OTM:0.38 | lr: 1.50e-04 | left: 124s
step 06550 ( 49.0%) | loss: 1.069239 | trade:0.36 call:0.66 put:0.34 | ATM:0.58 OTM:0.42 | lr: 1.50e-04 | left: 122s
step 06600 ( 49.6%) | loss: 1.071179 | trade:0.36 call:0.62 put:0.38 | ATM:0.59 OTM:0.41 | lr: 1.50e-04 | left: 121s
step 06650 ( 50.1%) | loss: 1.071320 | trade:0.36 call:0.63 put:0.37 | ATM:0.67 OTM:0.33 | lr: 1.50e-04 | left: 120s
step 06700 ( 50.6%) | loss: 1.067622 | trade:0.36 call:0.69 put:0.31 | ATM:0.63 OTM:0.37 | lr: 1.50e-04 | left: 118s
step 06750 ( 51.2%) | loss: 1.073251 | trade:0.37 call:0.64 put:0.36 | ATM:0.59 OTM:0.41 | lr: 1.50e-04 | left: 117s
step 06800 ( 51.7%) | loss: 1.065319 | trade:0.34 call:0.59 put:0.41 | ATM:0.59 OTM:0.41 | lr: 1.50e-04 | left: 116s
step 06850 ( 52.3%) | loss: 1.056279 | trade:0.33 call:0.64 put:0.36 | ATM:0.62 OTM:0.38 | lr: 1.50e-04 | left: 115s
step 06900 ( 52.8%) | loss: 1.047475 | trade:0.34 call:0.63 put:0.37 | ATM:0.63 OTM:0.37 | lr: 1.50e-04 | left: 113s
step 06950 ( 53.4%) | loss: 1.062695 | trade:0.29 call:0.64 put:0.36 | ATM:0.72 OTM:0.28 | lr: 1.50e-04 | left: 112s
step 07000 ( 53.9%) | loss: 1.080854 | trade:0.33 call:0.61 put:0.39 | ATM:0.58 OTM:0.42 | lr: 1.50e-04 | left: 111s
step 07050 ( 54.4%) | loss: 1.078700 | trade:0.29 call:0.59 put:0.41 | ATM:0.67 OTM:0.33 | lr: 1.50e-04 | left: 109s
step 07100 ( 55.0%) | loss: 1.067020 | trade:0.29 call:0.63 put:0.37 | ATM:0.64 OTM:0.36 | lr: 1.50e-04 | left: 108s
step 07150 ( 55.5%) | loss: 1.042568 | trade:0.32 call:0.63 put:0.37 | ATM:0.62 OTM:0.38 | lr: 1.50e-04 | left: 107s
step 07200 ( 56.1%) | loss: 1.040017 | trade:0.32 call:0.58 put:0.42 | ATM:0.59 OTM:0.41 | lr: 1.50e-04 | left: 105s
step 07250 ( 56.6%) | loss: 1.047015 | trade:0.33 call:0.66 put:0.34 | ATM:0.62 OTM:0.38 | lr: 1.50e-04 | left: 104s
step 07300 ( 57.1%) | loss: 1.048200 | trade:0.38 call:0.67 put:0.33 | ATM:0.61 OTM:0.39 | lr: 1.50e-04 | left: 103s
step 07350 ( 57.4%) | loss: 1.049437 | trade:0.29 call:0.61 put:0.39 | ATM:0.65 OTM:0.35 | lr: 1.50e-04 | left: 102s
step 07400 ( 57.8%) | loss: 1.061632 | trade:0.31 call:0.65 put:0.35 | ATM:0.67 OTM:0.33 | lr: 1.50e-04 | left: 101s
step 07450 ( 58.3%) | loss: 1.050480 | trade:0.34 call:0.63 put:0.37 | ATM:0.66 OTM:0.34 | lr: 1.50e-04 | left: 100s
step 07500 ( 58.9%) | loss: 1.044400 | trade:0.33 call:0.62 put:0.38 | ATM:0.63 OTM:0.37 | lr: 1.50e-04 | left: 99s
step 07550 ( 59.4%) | loss: 1.034124 | trade:0.26 call:0.67 put:0.33 | ATM:0.72 OTM:0.28 | lr: 1.50e-04 | left: 97s
step 07600 ( 59.9%) | loss: 1.044887 | trade:0.32 call:0.63 put:0.37 | ATM:0.64 OTM:0.36 | lr: 1.50e-04 | left: 96s
step 07650 ( 60.5%) | loss: 1.061393 | trade:0.30 call:0.58 put:0.42 | ATM:0.62 OTM:0.38 | lr: 1.50e-04 | left: 95s
step 07700 ( 61.0%) | loss: 1.046702 | trade:0.34 call:0.69 put:0.31 | ATM:0.61 OTM:0.39 | lr: 1.50e-04 | left: 94s
step 07750 ( 61.6%) | loss: 1.046936 | trade:0.36 call:0.58 put:0.42 | ATM:0.63 OTM:0.37 | lr: 1.50e-04 | left: 92s
step 07800 ( 62.1%) | loss: 1.052156 | trade:0.32 call:0.58 put:0.42 | ATM:0.66 OTM:0.34 | lr: 1.50e-04 | left: 91s
step 07850 ( 62.5%) | loss: 1.060550 | trade:0.35 call:0.61 put:0.39 | ATM:0.66 OTM:0.34 | lr: 1.50e-04 | left: 90s
step 07900 ( 62.7%) | loss: 1.062740 | trade:0.35 call:0.70 put:0.30 | ATM:0.65 OTM:0.35 | lr: 1.50e-04 | left: 89s
step 07950 ( 63.2%) | loss: 1.037535 | trade:0.40 call:0.58 put:0.42 | ATM:0.58 OTM:0.42 | lr: 1.50e-04 | left: 88s
step 08000 ( 63.7%) | loss: 1.028403 | trade:0.33 call:0.53 put:0.47 | ATM:0.69 OTM:0.31 | lr: 1.50e-04 | left: 87s
step 08050 ( 64.3%) | loss: 1.045646 | trade:0.38 call:0.59 put:0.41 | ATM:0.59 OTM:0.41 | lr: 1.50e-04 | left: 86s
step 08100 ( 64.8%) | loss: 1.034911 | trade:0.32 call:0.62 put:0.38 | ATM:0.69 OTM:0.31 | lr: 1.50e-04 | left: 84s
step 08150 ( 65.3%) | loss: 1.045292 | trade:0.34 call:0.56 put:0.44 | ATM:0.60 OTM:0.40 | lr: 1.50e-04 | left: 83s
step 08200 ( 65.8%) | loss: 1.052152 | trade:0.36 call:0.58 put:0.42 | ATM:0.62 OTM:0.38 | lr: 1.50e-04 | left: 82s
step 08250 ( 66.3%) | loss: 1.050319 | trade:0.44 call:0.61 put:0.39 | ATM:0.55 OTM:0.45 | lr: 1.50e-04 | left: 81s
step 08300 ( 66.9%) | loss: 1.041785 | trade:0.26 call:0.65 put:0.35 | ATM:0.65 OTM:0.35 | lr: 1.50e-04 | left: 80s
step 08350 ( 67.4%) | loss: 1.042829 | trade:0.36 call:0.62 put:0.38 | ATM:0.65 OTM:0.35 | lr: 1.50e-04 | left: 78s
step 08400 ( 67.9%) | loss: 1.020775 | trade:0.33 call:0.59 put:0.41 | ATM:0.68 OTM:0.32 | lr: 1.50e-04 | left: 77s
step 08450 ( 68.3%) | loss: 1.029634 | trade:0.32 call:0.54 put:0.46 | ATM:0.61 OTM:0.39 | lr: 1.50e-04 | left: 76s
step 08500 ( 68.6%) | loss: 1.039453 | trade:0.35 call:0.59 put:0.41 | ATM:0.63 OTM:0.37 | lr: 1.50e-04 | left: 75s
step 08550 ( 69.0%) | loss: 1.004104 | trade:0.34 call:0.63 put:0.37 | ATM:0.66 OTM:0.34 | lr: 1.50e-04 | left: 74s
step 08600 ( 69.2%) | loss: 1.031057 | trade:0.31 call:0.61 put:0.39 | ATM:0.62 OTM:0.38 | lr: 1.50e-04 | left: 74s
step 08650 ( 69.5%) | loss: 1.010268 | trade:0.31 call:0.57 put:0.43 | ATM:0.61 OTM:0.39 | lr: 1.50e-04 | left: 73s
step 08700 ( 69.7%) | loss: 1.035285 | trade:0.36 call:0.55 put:0.45 | ATM:0.60 OTM:0.40 | lr: 1.50e-04 | left: 73s
step 08750 ( 69.9%) | loss: 1.047732 | trade:0.36 call:0.60 put:0.40 | ATM:0.64 OTM:0.36 | lr: 1.50e-04 | left: 72s
step 08800 ( 70.2%) | loss: 1.026153 | trade:0.37 call:0.63 put:0.37 | ATM:0.63 OTM:0.37 | lr: 1.50e-04 | left: 72s
step 08850 ( 70.4%) | loss: 1.037562 | trade:0.29 call:0.60 put:0.40 | ATM:0.72 OTM:0.28 | lr: 1.50e-04 | left: 71s
step 08900 ( 70.7%) | loss: 1.020950 | trade:0.32 call:0.66 put:0.34 | ATM:0.60 OTM:0.40 | lr: 1.50e-04 | left: 70s
step 08950 ( 71.0%) | loss: 1.040733 | trade:0.38 call:0.65 put:0.35 | ATM:0.59 OTM:0.41 | lr: 1.50e-04 | left: 70s
step 09000 ( 71.2%) | loss: 1.003373 | trade:0.29 call:0.67 put:0.33 | ATM:0.68 OTM:0.32 | lr: 1.49e-04 | left: 69s
step 09050 ( 71.4%) | loss: 1.039203 | trade:0.40 call:0.58 put:0.42 | ATM:0.59 OTM:0.41 | lr: 1.49e-04 | left: 69s
step 09100 ( 71.7%) | loss: 1.044639 | trade:0.35 call:0.65 put:0.35 | ATM:0.66 OTM:0.34 | lr: 1.49e-04 | left: 68s
step 09150 ( 71.9%) | loss: 1.026624 | trade:0.30 call:0.63 put:0.37 | ATM:0.67 OTM:0.33 | lr: 1.49e-04 | left: 67s
step 09200 ( 72.1%) | loss: 1.037793 | trade:0.31 call:0.60 put:0.40 | ATM:0.69 OTM:0.31 | lr: 1.48e-04 | left: 67s
step 09250 ( 72.3%) | loss: 0.997039 | trade:0.33 call:0.61 put:0.39 | ATM:0.73 OTM:0.27 | lr: 1.48e-04 | left: 66s
step 09300 ( 72.6%) | loss: 1.012582 | trade:0.32 call:0.61 put:0.39 | ATM:0.65 OTM:0.35 | lr: 1.47e-04 | left: 66s
step 09350 ( 72.8%) | loss: 1.040681 | trade:0.35 call:0.65 put:0.35 | ATM:0.69 OTM:0.31 | lr: 1.47e-04 | left: 65s
step 09400 ( 73.0%) | loss: 1.051755 | trade:0.33 call:0.63 put:0.37 | ATM:0.69 OTM:0.31 | lr: 1.46e-04 | left: 65s
step 09450 ( 73.2%) | loss: 1.005606 | trade:0.34 call:0.62 put:0.38 | ATM:0.65 OTM:0.35 | lr: 1.46e-04 | left: 64s
step 09500 ( 73.5%) | loss: 1.031546 | trade:0.36 call:0.57 put:0.43 | ATM:0.67 OTM:0.33 | lr: 1.45e-04 | left: 64s
step 09550 ( 73.7%) | loss: 1.007687 | trade:0.37 call:0.67 put:0.33 | ATM:0.63 OTM:0.37 | lr: 1.44e-04 | left: 63s
step 09600 ( 74.1%) | loss: 1.019765 | trade:0.34 call:0.58 put:0.42 | ATM:0.58 OTM:0.42 | lr: 1.43e-04 | left: 62s
step 09650 ( 74.3%) | loss: 1.023409 | trade:0.37 call:0.60 put:0.40 | ATM:0.62 OTM:0.38 | lr: 1.43e-04 | left: 62s
step 09700 ( 74.5%) | loss: 1.005315 | trade:0.35 call:0.64 put:0.36 | ATM:0.64 OTM:0.36 | lr: 1.42e-04 | left: 61s
step 09750 ( 74.7%) | loss: 1.015902 | trade:0.31 call:0.65 put:0.35 | ATM:0.68 OTM:0.32 | lr: 1.41e-04 | left: 61s
step 09800 ( 75.0%) | loss: 1.013400 | trade:0.31 call:0.63 put:0.37 | ATM:0.66 OTM:0.34 | lr: 1.40e-04 | left: 60s
step 09850 ( 75.2%) | loss: 1.003809 | trade:0.33 call:0.53 put:0.47 | ATM:0.62 OTM:0.38 | lr: 1.39e-04 | left: 60s
step 09900 ( 75.5%) | loss: 1.015190 | trade:0.31 call:0.59 put:0.41 | ATM:0.66 OTM:0.34 | lr: 1.38e-04 | left: 59s
step 09950 ( 75.8%) | loss: 1.023893 | trade:0.32 call:0.62 put:0.38 | ATM:0.71 OTM:0.29 | lr: 1.37e-04 | left: 58s
step 10000 ( 76.1%) | loss: 1.034102 | trade:0.35 call:0.56 put:0.44 | ATM:0.64 OTM:0.36 | lr: 1.35e-04 | left: 57s
step 10050 ( 76.3%) | loss: 1.005727 | trade:0.33 call:0.61 put:0.39 | ATM:0.61 OTM:0.39 | lr: 1.34e-04 | left: 57s
step 10100 ( 76.6%) | loss: 1.004964 | trade:0.34 call:0.56 put:0.44 | ATM:0.67 OTM:0.33 | lr: 1.33e-04 | left: 56s
step 10150 ( 76.8%) | loss: 1.029385 | trade:0.34 call:0.62 put:0.38 | ATM:0.63 OTM:0.37 | lr: 1.32e-04 | left: 56s
step 10200 ( 77.0%) | loss: 1.024930 | trade:0.34 call:0.63 put:0.37 | ATM:0.64 OTM:0.36 | lr: 1.31e-04 | left: 55s
step 10250 ( 77.3%) | loss: 0.987729 | trade:0.35 call:0.58 put:0.42 | ATM:0.62 OTM:0.38 | lr: 1.29e-04 | left: 55s
step 10300 ( 77.5%) | loss: 1.016723 | trade:0.28 call:0.61 put:0.39 | ATM:0.65 OTM:0.35 | lr: 1.28e-04 | left: 54s
step 10350 ( 78.0%) | loss: 1.005108 | trade:0.32 call:0.66 put:0.34 | ATM:0.67 OTM:0.33 | lr: 1.25e-04 | left: 53s
step 10400 ( 78.5%) | loss: 1.009675 | trade:0.32 call:0.64 put:0.36 | ATM:0.63 OTM:0.37 | lr: 1.22e-04 | left: 52s
step 10450 ( 79.0%) | loss: 0.992829 | trade:0.31 call:0.60 put:0.40 | ATM:0.67 OTM:0.33 | lr: 1.19e-04 | left: 50s
step 10500 ( 79.6%) | loss: 1.026488 | trade:0.30 call:0.63 put:0.37 | ATM:0.66 OTM:0.34 | lr: 1.15e-04 | left: 49s
step 10550 ( 80.1%) | loss: 0.995903 | trade:0.31 call:0.57 put:0.43 | ATM:0.59 OTM:0.41 | lr: 1.12e-04 | left: 48s
step 10600 ( 80.6%) | loss: 1.003903 | trade:0.30 call:0.62 put:0.38 | ATM:0.70 OTM:0.30 | lr: 1.08e-04 | left: 46s
step 10650 ( 81.1%) | loss: 0.990956 | trade:0.28 call:0.63 put:0.37 | ATM:0.67 OTM:0.33 | lr: 1.05e-04 | left: 45s
step 10700 ( 81.7%) | loss: 1.005562 | trade:0.36 call:0.65 put:0.35 | ATM:0.62 OTM:0.38 | lr: 1.01e-04 | left: 44s
step 10750 ( 82.2%) | loss: 0.997729 | trade:0.31 call:0.56 put:0.44 | ATM:0.65 OTM:0.35 | lr: 9.68e-05 | left: 43s
step 10800 ( 82.7%) | loss: 0.994454 | trade:0.36 call:0.58 put:0.42 | ATM:0.59 OTM:0.41 | lr: 9.29e-05 | left: 41s
step 10850 ( 83.2%) | loss: 0.990473 | trade:0.37 call:0.54 put:0.46 | ATM:0.64 OTM:0.36 | lr: 8.88e-05 | left: 40s
step 10900 ( 83.8%) | loss: 0.982354 | trade:0.33 call:0.59 put:0.41 | ATM:0.68 OTM:0.32 | lr: 8.46e-05 | left: 39s
step 10950 ( 84.3%) | loss: 1.021015 | trade:0.37 call:0.67 put:0.33 | ATM:0.61 OTM:0.39 | lr: 8.04e-05 | left: 38s
step 11000 ( 84.9%) | loss: 0.980625 | trade:0.31 call:0.60 put:0.40 | ATM:0.66 OTM:0.34 | lr: 7.62e-05 | left: 36s
step 11050 ( 85.4%) | loss: 0.988335 | trade:0.29 call:0.65 put:0.35 | ATM:0.69 OTM:0.31 | lr: 7.19e-05 | left: 35s
step 11100 ( 85.9%) | loss: 0.988880 | trade:0.38 call:0.68 put:0.32 | ATM:0.62 OTM:0.38 | lr: 6.77e-05 | left: 34s
step 11150 ( 86.5%) | loss: 0.971258 | trade:0.33 call:0.58 put:0.42 | ATM:0.64 OTM:0.36 | lr: 6.35e-05 | left: 32s
step 11200 ( 87.0%) | loss: 0.998876 | trade:0.35 call:0.58 put:0.42 | ATM:0.62 OTM:0.38 | lr: 5.93e-05 | left: 31s
step 11250 ( 87.6%) | loss: 0.997964 | trade:0.30 call:0.63 put:0.37 | ATM:0.66 OTM:0.34 | lr: 5.52e-05 | left: 30s
step 11300 ( 88.1%) | loss: 0.983050 | trade:0.33 call:0.66 put:0.34 | ATM:0.65 OTM:0.35 | lr: 5.11e-05 | left: 29s
step 11350 ( 88.6%) | loss: 0.980127 | trade:0.39 call:0.57 put:0.43 | ATM:0.59 OTM:0.41 | lr: 4.72e-05 | left: 27s
step 11400 ( 89.2%) | loss: 0.978102 | trade:0.34 call:0.63 put:0.37 | ATM:0.63 OTM:0.37 | lr: 4.33e-05 | left: 26s
step 11450 ( 89.7%) | loss: 0.968778 | trade:0.31 call:0.64 put:0.36 | ATM:0.69 OTM:0.31 | lr: 3.95e-05 | left: 25s
step 11500 ( 90.2%) | loss: 0.979599 | trade:0.31 call:0.67 put:0.33 | ATM:0.67 OTM:0.33 | lr: 3.58e-05 | left: 23s
step 11550 ( 90.8%) | loss: 0.973208 | trade:0.33 call:0.60 put:0.40 | ATM:0.67 OTM:0.33 | lr: 3.23e-05 | left: 22s
step 11600 ( 91.3%) | loss: 0.986517 | trade:0.36 call:0.59 put:0.41 | ATM:0.68 OTM:0.32 | lr: 2.90e-05 | left: 21s
step 11650 ( 91.8%) | loss: 0.987218 | trade:0.34 call:0.58 put:0.42 | ATM:0.66 OTM:0.34 | lr: 2.59e-05 | left: 20s
step 11700 ( 92.3%) | loss: 0.965035 | trade:0.32 call:0.66 put:0.34 | ATM:0.72 OTM:0.28 | lr: 2.29e-05 | left: 18s
step 11750 ( 92.8%) | loss: 0.989529 | trade:0.34 call:0.63 put:0.37 | ATM:0.65 OTM:0.35 | lr: 2.01e-05 | left: 17s
step 11800 ( 93.4%) | loss: 0.965385 | trade:0.39 call:0.64 put:0.36 | ATM:0.67 OTM:0.33 | lr: 1.74e-05 | left: 16s
step 11850 ( 93.9%) | loss: 0.955660 | trade:0.35 call:0.67 put:0.33 | ATM:0.69 OTM:0.31 | lr: 1.49e-05 | left: 15s
step 11900 ( 94.4%) | loss: 0.975799 | trade:0.27 call:0.64 put:0.36 | ATM:0.70 OTM:0.30 | lr: 1.25e-05 | left: 13s
step 11950 ( 94.9%) | loss: 0.955487 | trade:0.34 call:0.62 put:0.38 | ATM:0.67 OTM:0.33 | lr: 1.04e-05 | left: 12s
step 12000 ( 95.4%) | loss: 0.958855 | trade:0.35 call:0.57 put:0.43 | ATM:0.64 OTM:0.36 | lr: 8.40e-06 | left: 11s
step 12050 ( 96.0%) | loss: 0.971403 | trade:0.36 call:0.58 put:0.42 | ATM:0.66 OTM:0.34 | lr: 6.60e-06 | left: 10s
step 12100 ( 96.5%) | loss: 0.957919 | trade:0.27 call:0.67 put:0.33 | ATM:0.69 OTM:0.31 | lr: 5.03e-06 | left: 8s
step 12150 ( 97.0%) | loss: 0.966685 | trade:0.31 call:0.65 put:0.35 | ATM:0.72 OTM:0.28 | lr: 3.64e-06 | left: 7s
step 12200 ( 97.6%) | loss: 0.972523 | trade:0.31 call:0.58 put:0.42 | ATM:0.68 OTM:0.32 | lr: 2.45e-06 | left: 6s
step 12250 ( 98.1%) | loss: 0.968138 | trade:0.31 call:0.62 put:0.38 | ATM:0.67 OTM:0.33 | lr: 1.50e-06 | left: 5s
step 12300 ( 98.6%) | loss: 0.987802 | trade:0.33 call:0.63 put:0.37 | ATM:0.68 OTM:0.32 | lr: 7.77e-07 | left: 3s
step 12350 ( 99.1%) | loss: 0.964657 | trade:0.30 call:0.60 put:0.40 | ATM:0.66 OTM:0.34 | lr: 3.06e-07 | left: 2s
step 12400 ( 99.7%) | loss: 0.957378 | trade:0.34 call:0.60 put:0.40 | ATM:0.65 OTM:0.35 | lr: 4.98e-08 | left: 1s

Training done at 245s. Starting evaluation...
Evaluation done in 8s (total wall: 253s)
Model saved to /root/best_model.pt
Trade log: 115 trades -> /root/trade_log.csv

---
score:              0.048392
profit_factor:      1.275973
win_rate:           0.313043
avg_winner:         0.579732
avg_loser:          -0.207043
trades_per_day:     1.769231
max_consec_loss:    9
num_trades:         115
trade_sharpe:       1.120325
sortino:            7.740716
max_drawdown:       -6.647275
calmar:             0.679063
ev_per_trade:       0.039251
do_nothing_pct:     0.621076
exit_pct:           0.017713
model_exit_count:   79
cooldown_blocked:   159
pre_10am_blocked:   551
short_hold_pct:     0.304000
stop_loss_rate:     0.339000
direction_collapse_pct: 0.295700
avg_entry_cost_bps: 370.565900
avg_entry_quality:  0.745200
cost_realism_coverage: 1.008700
high_cost_entry_rate: 0.452200
low_quality_entry_rate: 0.000000
actionable_bar_rate: 0.829100
risk_off_bar_rate:  0.000000
final_capital:      5189.27
equity_sharpe:      0.024300
max_equity_dd:      -0.716300
total_dollar_return:-0.481100
val_sharpe:         -26.034395
total_return:       4.513921
num_val_bars:       4460
num_val_days:       65
worst_chunk_pf:     0.25
rr_ratio:           2.8001
avg_hold_bars:      8.51
model_exit_rate:    0.6870
hit_ruin:           False
min_equity_frac:    0.2860
avg_risk_fraction:  0.1702
max_risk_fraction:  0.6534
trades_blocked_by_balance: 0
training_seconds:   240.0
total_seconds:      255.0
peak_vram_mb:       357.0
num_steps:          12433
num_params:         145,097
lookback:           120
depth:              3
d_model:            64
effective_lr:       0.00015
gate_label_smoothing:0.050000
dir_label_smoothing:0.050000
false_entry_penalty:2.000000
/opt/conda/lib/python3.11/site-packages/torch/nn/modules/transformer.py:379: UserWarning: enable_nested_tensor is True, but self.use_nested_tensor is False because encoder_layer.norm_first was True
  warnings.warn(
