Mixed precision: bf16 enabled (Ampere+ GPU detected)
Loading data from: /root/.cache/autoresearch-trading/features/data.pt
Loaded 384870 1-min bars, 32 features, 8 actions
  ~986 trading days
Training:   up to idx 269189
Validation: idx 269190-384869
  Option P&L coverage: 297877/384870 (77%)
Parameters: 145,064
Architecture: v4 simplified two-head (gate+dir), ATM-biased, no ETV
Training from scratch (v4: no warm-start).
Day-sequential batching: 70% sequential, 30% random (batch=16)

Budget: 240s | Batch: 512 | Lookback: 120
LR: 0.00025 | Depth: 3 | d_model: 64 | ff_mult: 3
Dropout: 0.15 | Weight decay: 0.05
Label smoothing: gate=0.05 dir=0.05
Loss weights: gate=0.5, dir=2.0, pnl=0.3
Exit override strength: 0.15 (gate targets flipped on exit bars)
Position state: flat for random batches, tracked for day-sequential

step 00000 (  0.0%) | loss: 0.000000 | trade:0.63 call:0.47 put:0.53 | ATM:0.43 OTM:0.57 [seq] | lr: 0.00e+00 | left: 240s
step 00050 (  0.3%) | loss: 1.203348 | trade:0.61 call:0.55 put:0.45 | ATM:0.42 OTM:0.58 [seq] | lr: 4.57e-06 | left: 239s
step 00100 (  0.7%) | loss: 1.568028 | trade:0.70 call:0.47 put:0.53 | ATM:0.45 OTM:0.55 [seq] | lr: 1.24e-05 | left: 238s
step 00150 (  1.2%) | loss: 1.352027 | trade:0.66 call:0.52 put:0.49 | ATM:0.48 OTM:0.52 [seq] | lr: 1.98e-05 | left: 237s
step 00200 (  1.6%) | loss: 1.040381 | trade:0.69 call:0.49 put:0.51 | ATM:0.47 OTM:0.53 [seq] | lr: 2.70e-05 | left: 236s
step 00250 (  2.1%) | loss: 0.773181 | trade:0.58 call:0.56 put:0.44 | ATM:0.47 OTM:0.53 [seq] | lr: 3.46e-05 | left: 235s
step 00300 (  2.5%) | loss: 1.218624 | trade:0.57 call:0.70 put:0.30 | ATM:0.48 OTM:0.52 [seq] | lr: 4.16e-05 | left: 234s
step 00350 (  2.9%) | loss: 1.244298 | trade:0.47 call:0.70 put:0.31 | ATM:0.48 OTM:0.52 [rnd] | lr: 4.89e-05 | left: 233s
step 00400 (  3.4%) | loss: 1.113860 | trade:0.55 call:0.71 put:0.29 | ATM:0.46 OTM:0.54 [seq] | lr: 5.65e-05 | left: 232s
step 00450 (  3.8%) | loss: 1.243303 | trade:0.17 call:0.71 put:0.29 | ATM:0.48 OTM:0.52 [seq] | lr: 6.40e-05 | left: 231s
step 00500 (  4.3%) | loss: 0.858038 | trade:0.27 call:0.84 put:0.16 | ATM:0.56 OTM:0.44 [seq] | lr: 7.13e-05 | left: 230s
step 00550 (  4.7%) | loss: 1.081690 | trade:0.23 call:0.79 put:0.21 | ATM:0.49 OTM:0.51 [seq] | lr: 7.87e-05 | left: 229s
step 00600 (  5.2%) | loss: 0.798432 | trade:0.28 call:0.91 put:0.09 | ATM:0.58 OTM:0.42 [seq] | lr: 8.61e-05 | left: 228s
step 00650 (  5.6%) | loss: 1.054633 | trade:0.16 call:0.91 put:0.08 | ATM:0.58 OTM:0.42 [seq] | lr: 9.36e-05 | left: 227s
step 00700 (  6.1%) | loss: 1.168936 | trade:0.13 call:0.49 put:0.51 | ATM:0.51 OTM:0.49 [seq] | lr: 1.01e-04 | left: 225s
step 00750 (  6.6%) | loss: 1.332903 | trade:0.26 call:0.47 put:0.53 | ATM:0.51 OTM:0.49 [seq] | lr: 1.09e-04 | left: 224s
step 00800 (  7.0%) | loss: 0.891901 | trade:0.85 call:0.25 put:0.75 | ATM:0.58 OTM:0.42 [seq] | lr: 1.17e-04 | left: 223s
step 00850 (  7.4%) | loss: 0.401660 | trade:0.82 call:0.24 put:0.77 | ATM:0.50 OTM:0.50 [seq] | lr: 1.24e-04 | left: 222s
step 00900 (  7.9%) | loss: 0.715990 | trade:0.77 call:0.96 put:0.04 | ATM:0.68 OTM:0.32 [seq] | lr: 1.31e-04 | left: 221s
step 00950 (  8.3%) | loss: 0.487880 | trade:0.90 call:0.91 put:0.09 | ATM:0.32 OTM:0.68 [seq] | lr: 1.38e-04 | left: 220s
step 01000 (  8.7%) | loss: 0.741999 | trade:0.31 call:0.67 put:0.33 | ATM:0.59 OTM:0.41 [rnd] | lr: 1.46e-04 | left: 219s
step 01050 (  9.2%) | loss: 0.548910 | trade:0.05 call:0.64 put:0.36 | ATM:0.71 OTM:0.29 [seq] | lr: 1.53e-04 | left: 218s
step 01100 (  9.6%) | loss: 0.547310 | trade:0.70 call:0.87 put:0.13 | ATM:0.76 OTM:0.24 [seq] | lr: 1.60e-04 | left: 217s
step 01150 ( 10.0%) | loss: 0.584257 | trade:0.82 call:0.98 put:0.02 | ATM:0.64 OTM:0.36 [seq] | lr: 1.67e-04 | left: 216s
step 01200 ( 10.5%) | loss: 0.931310 | trade:0.35 call:0.67 put:0.33 | ATM:0.60 OTM:0.40 [rnd] | lr: 1.74e-04 | left: 215s
step 01250 ( 10.9%) | loss: 0.900533 | trade:0.35 call:0.68 put:0.32 | ATM:0.62 OTM:0.38 [rnd] | lr: 1.82e-04 | left: 214s
step 01300 ( 11.3%) | loss: 0.431834 | trade:0.88 call:0.97 put:0.03 | ATM:0.85 OTM:0.15 [seq] | lr: 1.89e-04 | left: 213s
step 01350 ( 11.8%) | loss: 0.600750 | trade:0.37 call:0.71 put:0.29 | ATM:0.60 OTM:0.40 [rnd] | lr: 1.96e-04 | left: 212s
step 01400 ( 12.2%) | loss: 0.692092 | trade:0.39 call:0.75 put:0.25 | ATM:0.60 OTM:0.40 [rnd] | lr: 2.03e-04 | left: 211s
step 01450 ( 12.7%) | loss: 0.941522 | trade:0.36 call:0.70 put:0.29 | ATM:0.63 OTM:0.37 [rnd] | lr: 2.11e-04 | left: 210s
step 01500 ( 13.1%) | loss: 0.625681 | trade:0.00 call:0.66 put:0.33 | ATM:0.57 OTM:0.43 [seq] | lr: 2.18e-04 | left: 209s
step 01550 ( 13.5%) | loss: 0.310626 | trade:0.00 call:0.66 put:0.34 | ATM:0.79 OTM:0.21 [seq] | lr: 2.25e-04 | left: 208s
step 01600 ( 14.0%) | loss: 0.910482 | trade:0.35 call:0.74 put:0.26 | ATM:0.60 OTM:0.40 [rnd] | lr: 2.33e-04 | left: 206s
step 01650 ( 14.4%) | loss: 0.650296 | trade:0.94 call:0.01 put:0.99 | ATM:0.83 OTM:0.17 [seq] | lr: 2.40e-04 | left: 205s
step 01700 ( 14.8%) | loss: 0.619663 | trade:0.00 call:0.87 put:0.13 | ATM:0.59 OTM:0.41 [seq] | lr: 2.47e-04 | left: 204s
step 01750 ( 15.2%) | loss: 0.304179 | trade:0.46 call:0.92 put:0.08 | ATM:0.87 OTM:0.13 [seq] | lr: 2.50e-04 | left: 203s
step 01800 ( 15.7%) | loss: 0.614947 | trade:0.00 call:0.82 put:0.18 | ATM:0.74 OTM:0.26 [seq] | lr: 2.50e-04 | left: 202s
step 01850 ( 16.1%) | loss: 0.740414 | trade:0.00 call:0.74 put:0.26 | ATM:0.63 OTM:0.37 [seq] | lr: 2.50e-04 | left: 201s
step 01900 ( 16.6%) | loss: 0.601787 | trade:0.00 call:0.96 put:0.04 | ATM:0.75 OTM:0.25 [seq] | lr: 2.50e-04 | left: 200s
step 01950 ( 17.0%) | loss: 0.336169 | trade:0.00 call:0.66 put:0.34 | ATM:0.54 OTM:0.46 [seq] | lr: 2.50e-04 | left: 199s
step 02000 ( 17.4%) | loss: 0.655331 | trade:0.31 call:0.82 put:0.18 | ATM:0.56 OTM:0.44 [seq] | lr: 2.50e-04 | left: 198s
step 02050 ( 17.9%) | loss: 1.242689 | trade:0.36 call:0.73 put:0.27 | ATM:0.58 OTM:0.42 [rnd] | lr: 2.50e-04 | left: 197s
step 02100 ( 18.4%) | loss: 0.869026 | trade:0.33 call:0.74 put:0.26 | ATM:0.57 OTM:0.43 [rnd] | lr: 2.50e-04 | left: 196s
step 02150 ( 18.8%) | loss: 0.716017 | trade:0.36 call:0.75 put:0.25 | ATM:0.55 OTM:0.45 [rnd] | lr: 2.50e-04 | left: 195s
step 02200 ( 19.3%) | loss: 0.579332 | trade:0.36 call:0.77 put:0.23 | ATM:0.55 OTM:0.45 [rnd] | lr: 2.50e-04 | left: 194s
step 02250 ( 19.7%) | loss: 0.463598 | trade:0.00 call:0.99 put:0.01 | ATM:0.85 OTM:0.15 [seq] | lr: 2.50e-04 | left: 193s
step 02300 ( 20.1%) | loss: 0.806761 | trade:0.37 call:0.75 put:0.25 | ATM:0.57 OTM:0.43 [rnd] | lr: 2.50e-04 | left: 192s
step 02350 ( 20.5%) | loss: 0.632031 | trade:0.88 call:0.01 put:0.99 | ATM:0.97 OTM:0.03 [seq] | lr: 2.50e-04 | left: 191s
step 02400 ( 21.0%) | loss: 0.736734 | trade:0.01 call:0.38 put:0.62 | ATM:0.71 OTM:0.29 [seq] | lr: 2.50e-04 | left: 190s
step 02450 ( 21.4%) | loss: 0.758719 | trade:0.34 call:0.72 put:0.28 | ATM:0.56 OTM:0.44 [rnd] | lr: 2.50e-04 | left: 189s
step 02500 ( 21.8%) | loss: 0.576403 | trade:0.00 call:0.85 put:0.15 | ATM:0.77 OTM:0.23 [seq] | lr: 2.50e-04 | left: 188s
step 02550 ( 22.3%) | loss: 0.407864 | trade:0.00 call:0.79 put:0.21 | ATM:0.62 OTM:0.38 [seq] | lr: 2.50e-04 | left: 187s
step 02600 ( 22.7%) | loss: 0.405696 | trade:0.05 call:0.02 put:0.98 | ATM:0.92 OTM:0.08 [seq] | lr: 2.50e-04 | left: 186s
step 02650 ( 23.1%) | loss: 0.397564 | trade:0.95 call:0.03 put:0.97 | ATM:0.66 OTM:0.34 [seq] | lr: 2.50e-04 | left: 185s
step 02700 ( 23.5%) | loss: 0.452810 | trade:0.35 call:0.77 put:0.24 | ATM:0.56 OTM:0.44 [rnd] | lr: 2.50e-04 | left: 184s
step 02750 ( 24.0%) | loss: 0.654325 | trade:0.92 call:0.99 put:0.00 | ATM:0.30 OTM:0.70 [seq] | lr: 2.50e-04 | left: 182s
step 02800 ( 24.5%) | loss: 1.029297 | trade:0.89 call:0.53 put:0.47 | ATM:0.90 OTM:0.10 [seq] | lr: 2.50e-04 | left: 181s
step 02850 ( 24.9%) | loss: 0.596843 | trade:0.00 call:0.62 put:0.38 | ATM:0.55 OTM:0.45 [seq] | lr: 2.50e-04 | left: 180s
step 02900 ( 25.3%) | loss: 0.493556 | trade:0.00 call:0.91 put:0.09 | ATM:0.38 OTM:0.62 [seq] | lr: 2.50e-04 | left: 179s
step 02950 ( 25.8%) | loss: 0.686390 | trade:0.37 call:0.77 put:0.23 | ATM:0.57 OTM:0.43 [rnd] | lr: 2.50e-04 | left: 178s
step 03000 ( 26.2%) | loss: 0.603512 | trade:0.00 call:0.68 put:0.32 | ATM:0.47 OTM:0.53 [seq] | lr: 2.50e-04 | left: 177s
step 03050 ( 26.7%) | loss: 0.556522 | trade:0.00 call:0.76 put:0.24 | ATM:0.35 OTM:0.65 [seq] | lr: 2.50e-04 | left: 176s
step 03100 ( 27.2%) | loss: 0.800574 | trade:0.46 call:0.68 put:0.31 | ATM:0.50 OTM:0.50 [seq] | lr: 2.50e-04 | left: 175s
step 03150 ( 27.6%) | loss: 0.619974 | trade:0.36 call:0.75 put:0.25 | ATM:0.55 OTM:0.45 [rnd] | lr: 2.50e-04 | left: 174s
step 03200 ( 28.1%) | loss: 0.565183 | trade:0.98 call:0.98 put:0.02 | ATM:0.28 OTM:0.72 [seq] | lr: 2.50e-04 | left: 173s
step 03250 ( 28.5%) | loss: 0.712608 | trade:0.57 call:0.07 put:0.93 | ATM:0.93 OTM:0.07 [seq] | lr: 2.50e-04 | left: 172s
step 03300 ( 29.0%) | loss: 0.750026 | trade:0.38 call:0.75 put:0.25 | ATM:0.54 OTM:0.46 [rnd] | lr: 2.50e-04 | left: 170s
step 03350 ( 29.4%) | loss: 0.517056 | trade:0.36 call:0.73 put:0.27 | ATM:0.58 OTM:0.42 [rnd] | lr: 2.50e-04 | left: 169s
step 03400 ( 29.8%) | loss: 0.537101 | trade:0.38 call:0.75 put:0.25 | ATM:0.55 OTM:0.45 [rnd] | lr: 2.50e-04 | left: 168s
step 03450 ( 30.3%) | loss: 0.517333 | trade:0.36 call:0.76 put:0.24 | ATM:0.55 OTM:0.45 [rnd] | lr: 2.50e-04 | left: 167s
step 03500 ( 30.7%) | loss: 0.402602 | trade:0.00 call:0.06 put:0.94 | ATM:0.94 OTM:0.06 [seq] | lr: 2.50e-04 | left: 166s
step 03550 ( 31.2%) | loss: 0.698496 | trade:0.00 call:0.15 put:0.85 | ATM:0.75 OTM:0.25 [seq] | lr: 2.50e-04 | left: 165s
step 03600 ( 31.6%) | loss: 1.075667 | trade:0.33 call:0.73 put:0.27 | ATM:0.56 OTM:0.44 [rnd] | lr: 2.50e-04 | left: 164s
step 03650 ( 32.1%) | loss: 0.764136 | trade:0.36 call:0.77 put:0.23 | ATM:0.54 OTM:0.46 [rnd] | lr: 2.50e-04 | left: 163s
step 03700 ( 32.5%) | loss: 0.656853 | trade:0.36 call:0.76 put:0.24 | ATM:0.55 OTM:0.45 [rnd] | lr: 2.50e-04 | left: 162s
step 03750 ( 33.0%) | loss: 0.573516 | trade:0.00 call:0.95 put:0.05 | ATM:0.35 OTM:0.65 [seq] | lr: 2.50e-04 | left: 161s
step 03800 ( 33.4%) | loss: 0.629361 | trade:0.34 call:0.77 put:0.23 | ATM:0.55 OTM:0.45 [rnd] | lr: 2.50e-04 | left: 160s
step 03850 ( 33.8%) | loss: 0.414548 | trade:0.00 call:0.92 put:0.08 | ATM:0.75 OTM:0.25 [seq] | lr: 2.50e-04 | left: 159s
step 03900 ( 34.3%) | loss: 0.491994 | trade:0.95 call:0.01 put:0.99 | ATM:0.19 OTM:0.81 [seq] | lr: 2.50e-04 | left: 158s
step 03950 ( 34.7%) | loss: 0.888072 | trade:0.38 call:0.76 put:0.24 | ATM:0.54 OTM:0.46 [rnd] | lr: 2.50e-04 | left: 157s
step 04000 ( 35.2%) | loss: 0.728429 | trade:0.37 call:0.76 put:0.24 | ATM:0.55 OTM:0.45 [rnd] | lr: 2.50e-04 | left: 156s
step 04050 ( 35.6%) | loss: 0.562288 | trade:0.27 call:0.85 put:0.15 | ATM:0.77 OTM:0.23 [seq] | lr: 2.50e-04 | left: 155s
step 04100 ( 36.1%) | loss: 0.540556 | trade:0.38 call:0.74 put:0.26 | ATM:0.54 OTM:0.46 [rnd] | lr: 2.50e-04 | left: 153s
step 04150 ( 36.5%) | loss: 0.467601 | trade:0.00 call:0.87 put:0.13 | ATM:0.48 OTM:0.52 [seq] | lr: 2.50e-04 | left: 152s
step 04200 ( 36.9%) | loss: 1.046480 | trade:0.34 call:0.76 put:0.24 | ATM:0.55 OTM:0.45 [rnd] | lr: 2.50e-04 | left: 151s
step 04250 ( 37.4%) | loss: 0.609212 | trade:0.39 call:0.80 put:0.20 | ATM:0.54 OTM:0.46 [rnd] | lr: 2.50e-04 | left: 150s
step 04300 ( 37.8%) | loss: 0.501753 | trade:0.90 call:0.99 put:0.01 | ATM:0.32 OTM:0.68 [seq] | lr: 2.50e-04 | left: 149s
step 04350 ( 38.2%) | loss: 0.412090 | trade:0.01 call:0.79 put:0.21 | ATM:0.35 OTM:0.65 [seq] | lr: 2.50e-04 | left: 148s
step 04400 ( 38.6%) | loss: 0.376115 | trade:0.00 call:0.66 put:0.33 | ATM:0.50 OTM:0.50 [seq] | lr: 2.50e-04 | left: 147s
step 04450 ( 39.1%) | loss: 0.478365 | trade:0.00 call:0.61 put:0.39 | ATM:0.40 OTM:0.60 [seq] | lr: 2.50e-04 | left: 146s
step 04500 ( 39.5%) | loss: 0.766293 | trade:0.36 call:0.74 put:0.26 | ATM:0.56 OTM:0.44 [rnd] | lr: 2.50e-04 | left: 145s
step 04550 ( 40.0%) | loss: 0.773205 | trade:0.35 call:0.73 put:0.27 | ATM:0.55 OTM:0.45 [rnd] | lr: 2.50e-04 | left: 144s
step 04600 ( 40.4%) | loss: 0.713772 | trade:0.86 call:0.01 put:0.98 | ATM:0.71 OTM:0.29 [seq] | lr: 2.50e-04 | left: 143s
step 04650 ( 40.8%) | loss: 0.672286 | trade:0.36 call:0.75 put:0.25 | ATM:0.56 OTM:0.44 [rnd] | lr: 2.50e-04 | left: 142s
step 04700 ( 41.3%) | loss: 0.739179 | trade:0.00 call:0.97 put:0.02 | ATM:0.89 OTM:0.11 [seq] | lr: 2.50e-04 | left: 141s
step 04750 ( 41.7%) | loss: 0.836681 | trade:0.37 call:0.72 put:0.28 | ATM:0.55 OTM:0.45 [rnd] | lr: 2.50e-04 | left: 140s
step 04800 ( 42.2%) | loss: 0.540869 | trade:0.92 call:0.95 put:0.05 | ATM:0.32 OTM:0.68 [seq] | lr: 2.50e-04 | left: 139s
step 04850 ( 42.6%) | loss: 0.735545 | trade:0.46 call:0.86 put:0.14 | ATM:0.40 OTM:0.60 [seq] | lr: 2.50e-04 | left: 138s
step 04900 ( 43.1%) | loss: 0.615059 | trade:0.45 call:0.84 put:0.16 | ATM:0.58 OTM:0.42 [seq] | lr: 2.50e-04 | left: 137s
step 04950 ( 43.5%) | loss: 0.360831 | trade:0.05 call:0.96 put:0.04 | ATM:0.93 OTM:0.07 [seq] | lr: 2.50e-04 | left: 135s
step 05000 ( 44.0%) | loss: 0.562779 | trade:0.88 call:0.76 put:0.24 | ATM:0.50 OTM:0.50 [seq] | lr: 2.50e-04 | left: 134s
step 05050 ( 44.4%) | loss: 0.603936 | trade:0.80 call:0.98 put:0.01 | ATM:0.98 OTM:0.02 [seq] | lr: 2.50e-04 | left: 133s
step 05100 ( 44.8%) | loss: 0.407370 | trade:0.00 call:0.75 put:0.25 | ATM:0.67 OTM:0.33 [seq] | lr: 2.50e-04 | left: 132s
step 05150 ( 45.2%) | loss: 0.603099 | trade:0.89 call:0.81 put:0.19 | ATM:0.58 OTM:0.42 [seq] | lr: 2.50e-04 | left: 131s
step 05200 ( 45.7%) | loss: 0.550807 | trade:0.00 call:0.82 put:0.18 | ATM:0.40 OTM:0.60 [seq] | lr: 2.50e-04 | left: 130s
step 05250 ( 46.1%) | loss: 0.602592 | trade:0.00 call:0.68 put:0.32 | ATM:0.36 OTM:0.64 [seq] | lr: 2.50e-04 | left: 129s
step 05300 ( 46.6%) | loss: 0.530068 | trade:0.00 call:0.99 put:0.01 | ATM:0.98 OTM:0.02 [seq] | lr: 2.50e-04 | left: 128s
step 05350 ( 47.0%) | loss: 0.560793 | trade:0.91 call:0.99 put:0.01 | ATM:0.32 OTM:0.68 [seq] | lr: 2.50e-04 | left: 127s
step 05400 ( 47.4%) | loss: 0.755512 | trade:0.36 call:0.75 put:0.25 | ATM:0.53 OTM:0.47 [rnd] | lr: 2.50e-04 | left: 126s
step 05450 ( 47.9%) | loss: 0.565846 | trade:0.95 call:1.00 put:0.00 | ATM:0.23 OTM:0.77 [seq] | lr: 2.50e-04 | left: 125s
step 05500 ( 48.3%) | loss: 0.666462 | trade:0.37 call:0.73 put:0.26 | ATM:0.54 OTM:0.46 [rnd] | lr: 2.50e-04 | left: 124s
step 05550 ( 48.8%) | loss: 0.740876 | trade:0.91 call:1.00 put:0.00 | ATM:0.23 OTM:0.77 [seq] | lr: 2.50e-04 | left: 123s
step 05600 ( 49.2%) | loss: 0.292484 | trade:0.93 call:1.00 put:0.00 | ATM:0.26 OTM:0.74 [seq] | lr: 2.50e-04 | left: 122s
step 05650 ( 49.6%) | loss: 0.400647 | trade:0.00 call:0.77 put:0.23 | ATM:0.35 OTM:0.65 [seq] | lr: 2.50e-04 | left: 121s
step 05700 ( 50.1%) | loss: 1.524266 | trade:0.37 call:0.74 put:0.26 | ATM:0.53 OTM:0.47 [rnd] | lr: 2.50e-04 | left: 120s
step 05750 ( 50.6%) | loss: 1.322490 | trade:0.94 call:0.99 put:0.01 | ATM:0.52 OTM:0.48 [seq] | lr: 2.50e-04 | left: 119s
step 05800 ( 51.0%) | loss: 0.745814 | trade:0.39 call:0.73 put:0.27 | ATM:0.52 OTM:0.48 [rnd] | lr: 2.50e-04 | left: 118s
step 05850 ( 51.4%) | loss: 0.691427 | trade:0.78 call:0.76 put:0.24 | ATM:0.46 OTM:0.54 [seq] | lr: 2.50e-04 | left: 117s
step 05900 ( 51.9%) | loss: 1.363410 | trade:0.87 call:0.92 put:0.08 | ATM:0.36 OTM:0.64 [seq] | lr: 2.50e-04 | left: 115s
step 05950 ( 52.4%) | loss: 0.907624 | trade:0.95 call:1.00 put:0.00 | ATM:0.19 OTM:0.81 [seq] | lr: 2.50e-04 | left: 114s
step 06000 ( 52.8%) | loss: 0.652626 | trade:0.35 call:0.77 put:0.23 | ATM:0.54 OTM:0.46 [rnd] | lr: 2.50e-04 | left: 113s
step 06050 ( 53.3%) | loss: 0.697924 | trade:0.91 call:0.97 put:0.03 | ATM:0.50 OTM:0.50 [seq] | lr: 2.50e-04 | left: 112s
step 06100 ( 53.8%) | loss: 0.967749 | trade:0.47 call:0.80 put:0.20 | ATM:0.53 OTM:0.47 [seq] | lr: 2.50e-04 | left: 111s
step 06150 ( 54.2%) | loss: 0.853445 | trade:0.36 call:0.73 put:0.27 | ATM:0.54 OTM:0.46 [rnd] | lr: 2.50e-04 | left: 110s
step 06200 ( 54.7%) | loss: 0.824270 | trade:0.96 call:0.01 put:0.99 | ATM:0.62 OTM:0.38 [seq] | lr: 2.50e-04 | left: 109s
step 06250 ( 55.1%) | loss: 0.655147 | trade:0.93 call:0.01 put:0.99 | ATM:0.66 OTM:0.34 [seq] | lr: 2.50e-04 | left: 108s
step 06300 ( 55.6%) | loss: 0.549657 | trade:0.00 call:0.67 put:0.33 | ATM:0.61 OTM:0.39 [seq] | lr: 2.50e-04 | left: 107s
step 06350 ( 56.0%) | loss: 1.208324 | trade:0.98 call:1.00 put:0.00 | ATM:0.26 OTM:0.74 [seq] | lr: 2.50e-04 | left: 105s
step 06400 ( 56.6%) | loss: 1.794849 | trade:0.97 call:0.99 put:0.01 | ATM:0.26 OTM:0.74 [seq] | lr: 2.50e-04 | left: 104s
step 06450 ( 57.1%) | loss: 2.163745 | trade:0.91 call:0.98 put:0.01 | ATM:0.28 OTM:0.72 [seq] | lr: 2.50e-04 | left: 103s
step 06500 ( 57.5%) | loss: 0.677683 | trade:0.00 call:0.77 put:0.24 | ATM:0.34 OTM:0.66 [seq] | lr: 2.50e-04 | left: 102s
step 06550 ( 58.0%) | loss: 0.726575 | trade:0.45 call:0.82 put:0.18 | ATM:0.83 OTM:0.17 [seq] | lr: 2.50e-04 | left: 101s
step 06600 ( 58.5%) | loss: 0.525241 | trade:0.92 call:0.02 put:0.98 | ATM:0.64 OTM:0.36 [seq] | lr: 2.50e-04 | left: 100s
step 06650 ( 58.9%) | loss: 0.482907 | trade:0.89 call:0.01 put:1.00 | ATM:0.67 OTM:0.33 [seq] | lr: 2.50e-04 | left: 99s
step 06700 ( 59.3%) | loss: 0.481626 | trade:0.94 call:0.99 put:0.01 | ATM:0.48 OTM:0.52 [seq] | lr: 2.50e-04 | left: 98s
step 06750 ( 59.8%) | loss: 0.601683 | trade:0.92 call:0.97 put:0.03 | ATM:0.96 OTM:0.04 [seq] | lr: 2.50e-04 | left: 97s
step 06800 ( 60.2%) | loss: 0.701613 | trade:0.00 call:0.45 put:0.55 | ATM:0.56 OTM:0.44 [seq] | lr: 2.50e-04 | left: 95s
step 06850 ( 60.7%) | loss: 0.591876 | trade:0.00 call:0.27 put:0.73 | ATM:0.58 OTM:0.42 [seq] | lr: 2.50e-04 | left: 94s
step 06900 ( 61.1%) | loss: 0.271915 | trade:0.93 call:0.02 put:0.98 | ATM:0.67 OTM:0.33 [seq] | lr: 2.50e-04 | left: 93s
step 06950 ( 61.5%) | loss: 0.637835 | trade:0.36 call:0.73 put:0.27 | ATM:0.53 OTM:0.47 [rnd] | lr: 2.50e-04 | left: 92s
step 07000 ( 61.9%) | loss: 0.331312 | trade:0.95 call:1.00 put:0.00 | ATM:0.42 OTM:0.58 [seq] | lr: 2.50e-04 | left: 91s
step 07050 ( 62.4%) | loss: 0.512245 | trade:0.96 call:1.00 put:0.00 | ATM:0.21 OTM:0.79 [seq] | lr: 2.50e-04 | left: 90s
step 07100 ( 62.8%) | loss: 0.476026 | trade:0.95 call:1.00 put:0.00 | ATM:0.19 OTM:0.81 [seq] | lr: 2.50e-04 | left: 89s
step 07150 ( 63.3%) | loss: 1.426076 | trade:0.36 call:0.73 put:0.27 | ATM:0.52 OTM:0.48 [rnd] | lr: 2.50e-04 | left: 88s
step 07200 ( 63.8%) | loss: 0.630576 | trade:0.92 call:0.96 put:0.04 | ATM:0.31 OTM:0.69 [seq] | lr: 2.50e-04 | left: 87s
step 07250 ( 64.2%) | loss: 0.507023 | trade:0.34 call:0.74 put:0.26 | ATM:0.53 OTM:0.47 [rnd] | lr: 2.50e-04 | left: 86s
step 07300 ( 64.6%) | loss: 0.522343 | trade:0.00 call:0.98 put:0.02 | ATM:0.95 OTM:0.05 [seq] | lr: 2.50e-04 | left: 85s
step 07350 ( 65.1%) | loss: 0.523166 | trade:0.00 call:0.74 put:0.26 | ATM:0.47 OTM:0.53 [seq] | lr: 2.50e-04 | left: 84s
step 07400 ( 65.5%) | loss: 0.590634 | trade:0.37 call:0.75 put:0.25 | ATM:0.53 OTM:0.47 [rnd] | lr: 2.50e-04 | left: 83s
step 07450 ( 65.9%) | loss: 0.539478 | trade:0.36 call:0.75 put:0.25 | ATM:0.53 OTM:0.47 [rnd] | lr: 2.50e-04 | left: 82s
step 07500 ( 66.4%) | loss: 0.472555 | trade:0.00 call:0.35 put:0.65 | ATM:0.77 OTM:0.23 [seq] | lr: 2.50e-04 | left: 81s
step 07550 ( 66.8%) | loss: 0.530085 | trade:0.00 call:0.36 put:0.64 | ATM:0.74 OTM:0.26 [seq] | lr: 2.50e-04 | left: 80s
step 07600 ( 67.2%) | loss: 0.373648 | trade:0.00 call:0.96 put:0.03 | ATM:0.34 OTM:0.66 [seq] | lr: 2.50e-04 | left: 79s
step 07650 ( 67.7%) | loss: 0.623958 | trade:0.35 call:0.74 put:0.26 | ATM:0.52 OTM:0.48 [rnd] | lr: 2.50e-04 | left: 78s
step 07700 ( 68.1%) | loss: 0.458443 | trade:0.37 call:0.76 put:0.24 | ATM:0.50 OTM:0.50 [rnd] | lr: 2.50e-04 | left: 77s
step 07750 ( 68.5%) | loss: 0.478347 | trade:0.00 call:0.70 put:0.30 | ATM:0.54 OTM:0.46 [seq] | lr: 2.50e-04 | left: 76s
step 07800 ( 69.0%) | loss: 0.463940 | trade:0.34 call:0.75 put:0.25 | ATM:0.54 OTM:0.46 [rnd] | lr: 2.50e-04 | left: 74s
step 07850 ( 69.4%) | loss: 0.555732 | trade:0.00 call:0.94 put:0.06 | ATM:0.31 OTM:0.69 [seq] | lr: 2.50e-04 | left: 73s
step 07900 ( 69.8%) | loss: 0.690269 | trade:0.00 call:0.73 put:0.28 | ATM:0.71 OTM:0.29 [seq] | lr: 2.50e-04 | left: 72s
step 07950 ( 70.2%) | loss: 0.377433 | trade:0.36 call:0.75 put:0.25 | ATM:0.52 OTM:0.48 [rnd] | lr: 2.50e-04 | left: 71s
step 08000 ( 70.7%) | loss: 0.476089 | trade:0.94 call:0.00 put:1.00 | ATM:0.65 OTM:0.35 [seq] | lr: 2.50e-04 | left: 70s
step 08050 ( 71.1%) | loss: 0.692128 | trade:0.07 call:0.62 put:0.38 | ATM:0.44 OTM:0.56 [seq] | lr: 2.49e-04 | left: 69s
step 08100 ( 71.6%) | loss: 0.749678 | trade:0.38 call:0.73 put:0.27 | ATM:0.54 OTM:0.46 [rnd] | lr: 2.48e-04 | left: 68s
step 08150 ( 72.0%) | loss: 0.630509 | trade:0.31 call:0.88 put:0.12 | ATM:0.48 OTM:0.52 [seq] | lr: 2.47e-04 | left: 67s
step 08200 ( 72.5%) | loss: 0.689676 | trade:0.22 call:0.79 put:0.21 | ATM:0.52 OTM:0.48 [seq] | lr: 2.46e-04 | left: 66s
step 08250 ( 73.0%) | loss: 0.478652 | trade:0.00 call:0.75 put:0.25 | ATM:0.44 OTM:0.56 [seq] | lr: 2.44e-04 | left: 65s
step 08300 ( 73.4%) | loss: 0.667724 | trade:0.38 call:0.73 put:0.26 | ATM:0.53 OTM:0.47 [rnd] | lr: 2.42e-04 | left: 64s
step 08350 ( 73.8%) | loss: 0.826631 | trade:0.37 call:0.73 put:0.27 | ATM:0.53 OTM:0.47 [rnd] | lr: 2.40e-04 | left: 63s
step 08400 ( 74.3%) | loss: 1.048247 | trade:0.95 call:0.96 put:0.04 | ATM:0.45 OTM:0.55 [seq] | lr: 2.38e-04 | left: 62s
step 08450 ( 74.7%) | loss: 0.678253 | trade:0.33 call:0.76 put:0.24 | ATM:0.54 OTM:0.46 [rnd] | lr: 2.35e-04 | left: 61s
step 08500 ( 75.2%) | loss: 0.323264 | trade:0.00 call:0.68 put:0.32 | ATM:0.34 OTM:0.66 [seq] | lr: 2.32e-04 | left: 60s
step 08550 ( 75.6%) | loss: 0.325249 | trade:0.00 call:0.89 put:0.11 | ATM:0.81 OTM:0.19 [seq] | lr: 2.29e-04 | left: 59s
step 08600 ( 76.0%) | loss: 0.408006 | trade:0.00 call:0.30 put:0.70 | ATM:0.81 OTM:0.19 [seq] | lr: 2.26e-04 | left: 58s
step 08650 ( 76.5%) | loss: 0.615470 | trade:0.00 call:0.16 put:0.85 | ATM:0.75 OTM:0.25 [seq] | lr: 2.23e-04 | left: 56s
step 08700 ( 76.9%) | loss: 0.603556 | trade:0.45 call:0.93 put:0.07 | ATM:0.34 OTM:0.66 [seq] | lr: 2.19e-04 | left: 55s
step 08750 ( 77.3%) | loss: 0.570453 | trade:0.39 call:0.73 put:0.27 | ATM:0.53 OTM:0.47 [rnd] | lr: 2.15e-04 | left: 54s
step 08800 ( 77.8%) | loss: 0.760046 | trade:0.36 call:0.76 put:0.25 | ATM:0.51 OTM:0.49 [rnd] | lr: 2.11e-04 | left: 53s
step 08850 ( 78.2%) | loss: 0.552640 | trade:0.00 call:0.06 put:0.95 | ATM:0.88 OTM:0.12 [seq] | lr: 2.07e-04 | left: 52s
step 08900 ( 78.6%) | loss: 0.551896 | trade:0.91 call:0.96 put:0.04 | ATM:0.93 OTM:0.07 [seq] | lr: 2.02e-04 | left: 51s
step 08950 ( 79.1%) | loss: 0.781276 | trade:0.78 call:0.93 put:0.06 | ATM:0.93 OTM:0.07 [seq] | lr: 1.98e-04 | left: 50s
step 09000 ( 79.5%) | loss: 0.793171 | trade:0.00 call:0.85 put:0.15 | ATM:0.65 OTM:0.35 [seq] | lr: 1.93e-04 | left: 49s
step 09050 ( 79.9%) | loss: 0.335478 | trade:0.34 call:0.76 put:0.24 | ATM:0.52 OTM:0.48 [rnd] | lr: 1.88e-04 | left: 48s
step 09100 ( 80.4%) | loss: 0.727447 | trade:0.36 call:0.77 put:0.23 | ATM:0.52 OTM:0.48 [rnd] | lr: 1.83e-04 | left: 47s
step 09150 ( 80.8%) | loss: 0.308220 | trade:0.89 call:1.00 put:0.01 | ATM:0.47 OTM:0.53 [seq] | lr: 1.78e-04 | left: 46s
step 09200 ( 81.2%) | loss: 0.697000 | trade:0.00 call:0.71 put:0.29 | ATM:0.55 OTM:0.45 [seq] | lr: 1.73e-04 | left: 45s
step 09250 ( 81.7%) | loss: 0.911484 | trade:0.41 call:0.72 put:0.28 | ATM:0.52 OTM:0.48 [rnd] | lr: 1.68e-04 | left: 44s
step 09300 ( 82.1%) | loss: 0.440568 | trade:0.00 call:0.85 put:0.15 | ATM:0.56 OTM:0.44 [seq] | lr: 1.62e-04 | left: 43s
step 09350 ( 82.6%) | loss: 0.922548 | trade:0.00 call:0.33 put:0.67 | ATM:0.42 OTM:0.58 [seq] | lr: 1.56e-04 | left: 42s
step 09400 ( 83.0%) | loss: 0.709007 | trade:0.96 call:0.01 put:0.99 | ATM:0.67 OTM:0.33 [seq] | lr: 1.51e-04 | left: 41s
step 09450 ( 83.5%) | loss: 0.267011 | trade:0.91 call:0.00 put:1.00 | ATM:0.67 OTM:0.33 [seq] | lr: 1.45e-04 | left: 40s
step 09500 ( 83.9%) | loss: 0.555334 | trade:0.00 call:0.60 put:0.40 | ATM:0.43 OTM:0.57 [seq] | lr: 1.40e-04 | left: 39s
step 09550 ( 84.3%) | loss: 0.752007 | trade:0.35 call:0.76 put:0.24 | ATM:0.51 OTM:0.49 [rnd] | lr: 1.34e-04 | left: 38s
step 09600 ( 84.8%) | loss: 0.786636 | trade:0.00 call:0.60 put:0.40 | ATM:0.38 OTM:0.62 [seq] | lr: 1.28e-04 | left: 37s
step 09650 ( 85.2%) | loss: 0.588264 | trade:0.00 call:0.90 put:0.10 | ATM:0.87 OTM:0.13 [seq] | lr: 1.22e-04 | left: 35s
step 09700 ( 85.6%) | loss: 0.295540 | trade:0.00 call:0.77 put:0.23 | ATM:0.53 OTM:0.47 [seq] | lr: 1.17e-04 | left: 34s
step 09750 ( 86.1%) | loss: 0.414878 | trade:0.90 call:0.79 put:0.21 | ATM:0.55 OTM:0.45 [seq] | lr: 1.11e-04 | left: 33s
step 09800 ( 86.5%) | loss: 0.493877 | trade:0.92 call:1.00 put:0.00 | ATM:0.32 OTM:0.68 [seq] | lr: 1.05e-04 | left: 32s
step 09850 ( 86.9%) | loss: 0.419894 | trade:0.07 call:0.84 put:0.16 | ATM:0.35 OTM:0.65 [seq] | lr: 9.97e-05 | left: 31s
step 09900 ( 87.4%) | loss: 0.559184 | trade:0.32 call:0.73 put:0.26 | ATM:0.52 OTM:0.48 [rnd] | lr: 9.42e-05 | left: 30s
step 09950 ( 87.8%) | loss: 0.806488 | trade:0.37 call:0.75 put:0.25 | ATM:0.51 OTM:0.49 [rnd] | lr: 8.85e-05 | left: 29s
step 10000 ( 88.3%) | loss: 0.660094 | trade:0.00 call:0.60 put:0.40 | ATM:0.77 OTM:0.23 [seq] | lr: 8.29e-05 | left: 28s
step 10050 ( 88.7%) | loss: 0.690155 | trade:0.34 call:0.74 put:0.26 | ATM:0.51 OTM:0.49 [rnd] | lr: 7.79e-05 | left: 27s
step 10100 ( 89.1%) | loss: 0.581244 | trade:0.00 call:0.88 put:0.12 | ATM:0.74 OTM:0.26 [seq] | lr: 7.27e-05 | left: 26s
step 10150 ( 89.5%) | loss: 0.629984 | trade:0.38 call:0.74 put:0.26 | ATM:0.53 OTM:0.47 [rnd] | lr: 6.78e-05 | left: 25s
step 10200 ( 90.0%) | loss: 0.561552 | trade:0.38 call:0.74 put:0.26 | ATM:0.51 OTM:0.49 [rnd] | lr: 6.27e-05 | left: 24s
step 10250 ( 90.4%) | loss: 0.489048 | trade:0.35 call:0.75 put:0.25 | ATM:0.51 OTM:0.49 [rnd] | lr: 5.81e-05 | left: 23s
step 10300 ( 90.8%) | loss: 0.349710 | trade:0.00 call:0.88 put:0.12 | ATM:0.42 OTM:0.58 [seq] | lr: 5.34e-05 | left: 22s
step 10350 ( 91.3%) | loss: 0.650056 | trade:0.00 call:0.41 put:0.59 | ATM:0.50 OTM:0.50 [seq] | lr: 4.87e-05 | left: 21s
step 10400 ( 91.7%) | loss: 0.541204 | trade:0.00 call:0.90 put:0.10 | ATM:0.36 OTM:0.64 [seq] | lr: 4.42e-05 | left: 20s
step 10450 ( 92.2%) | loss: 0.696914 | trade:0.92 call:0.96 put:0.03 | ATM:0.41 OTM:0.59 [seq] | lr: 3.98e-05 | left: 19s
step 10500 ( 92.6%) | loss: 0.527681 | trade:0.38 call:0.73 put:0.27 | ATM:0.51 OTM:0.49 [rnd] | lr: 3.59e-05 | left: 18s
step 10550 ( 93.0%) | loss: 0.536551 | trade:0.00 call:0.83 put:0.17 | ATM:0.50 OTM:0.50 [seq] | lr: 3.21e-05 | left: 17s
step 10600 ( 93.5%) | loss: 0.705084 | trade:0.45 call:0.86 put:0.14 | ATM:0.40 OTM:0.60 [seq] | lr: 2.82e-05 | left: 16s
step 10650 ( 93.9%) | loss: 0.553421 | trade:0.97 call:0.02 put:0.98 | ATM:0.73 OTM:0.27 [seq] | lr: 2.46e-05 | left: 15s
step 10700 ( 94.3%) | loss: 0.512304 | trade:0.94 call:0.01 put:0.99 | ATM:0.63 OTM:0.37 [seq] | lr: 2.13e-05 | left: 14s
step 10750 ( 94.8%) | loss: 0.564340 | trade:0.34 call:0.76 put:0.24 | ATM:0.52 OTM:0.48 [rnd] | lr: 1.83e-05 | left: 13s
step 10800 ( 95.2%) | loss: 0.594279 | trade:0.37 call:0.76 put:0.24 | ATM:0.52 OTM:0.48 [rnd] | lr: 1.55e-05 | left: 12s
step 10850 ( 95.6%) | loss: 0.718170 | trade:0.37 call:0.74 put:0.26 | ATM:0.51 OTM:0.49 [rnd] | lr: 1.28e-05 | left: 10s
step 10900 ( 96.1%) | loss: 0.737339 | trade:0.91 call:0.99 put:0.01 | ATM:0.50 OTM:0.50 [seq] | lr: 1.04e-05 | left: 9s
step 10950 ( 96.5%) | loss: 0.763898 | trade:0.36 call:0.74 put:0.26 | ATM:0.51 OTM:0.49 [rnd] | lr: 8.11e-06 | left: 8s
step 11000 ( 97.0%) | loss: 0.725695 | trade:0.36 call:0.73 put:0.26 | ATM:0.51 OTM:0.49 [rnd] | lr: 6.28e-06 | left: 7s
step 11050 ( 97.4%) | loss: 0.539229 | trade:0.36 call:0.74 put:0.26 | ATM:0.51 OTM:0.49 [rnd] | lr: 4.63e-06 | left: 6s
step 11100 ( 97.8%) | loss: 0.763523 | trade:0.96 call:1.00 put:0.00 | ATM:0.38 OTM:0.62 [seq] | lr: 3.20e-06 | left: 5s
step 11150 ( 98.3%) | loss: 0.565851 | trade:0.84 call:0.02 put:0.98 | ATM:0.98 OTM:0.02 [seq] | lr: 2.02e-06 | left: 4s
step 11200 ( 98.7%) | loss: 0.705047 | trade:0.00 call:0.88 put:0.12 | ATM:0.73 OTM:0.27 [seq] | lr: 1.13e-06 | left: 3s
step 11250 ( 99.2%) | loss: 0.755340 | trade:0.62 call:0.42 put:0.59 | ATM:0.64 OTM:0.36 [seq] | lr: 4.68e-07 | left: 2s
step 11300 ( 99.7%) | loss: 0.863725 | trade:0.32 call:0.61 put:0.39 | ATM:0.60 OTM:0.40 [seq] | lr: 8.12e-08 | left: 1s

Training done at 245s. Starting evaluation...
Evaluation done in 1s (total wall: 246s)
Model saved to /root/best_model.pt
Trade log: 8 trades -> /root/trade_log.csv

=== TRADE DIAGNOSTICS ===

Worst 5 trades:
  2025-09-17 2025-09-17 14:00 CALL_ATM 6600.0 PnL=-3759.45% hold=3bars exit=end_of_day
  2025-09-17 2025-09-17 13:00 CALL_ATM 6600.0 PnL=-392.89% hold=12bars exit=model_exit
  2025-09-17 2025-09-17 13:13 CALL_ATM 6600.0 PnL=-63.39% hold=2bars exit=model_exit
  2025-09-17 2025-09-17 13:41 CALL_ATM 6600.0 PnL=-29.34% hold=1bars exit=model_exit
  2025-09-17 2025-09-17 13:46 CALL_ATM 6600.0 PnL=+86.31% hold=4bars exit=model_exit
Best 5 trades:
  2025-09-17 2025-09-17 13:41 CALL_ATM 6600.0 PnL=-29.34% hold=1bars exit=model_exit
  2025-09-17 2025-09-17 13:46 CALL_ATM 6600.0 PnL=+86.31% hold=4bars exit=model_exit
  2025-09-17 2025-09-17 13:51 CALL_ATM 6600.0 PnL=+211.12% hold=1bars exit=model_exit
  2025-09-17 2025-09-17 13:36 CALL_ATM 6600.0 PnL=+237.16% hold=1bars exit=model_exit
  2025-09-17 2025-09-17 13:17 CALL_ATM 6600.0 PnL=+405.06% hold=16bars exit=model_exit

Time-of-day breakdown:
  Lunch(11:30-13:30): 8 trades, WR=50.0%, avg=-413.18%

Direction breakdown:
  CALL: 8 trades, WR=50.0%, avg=-413.18%

Exit reasons:
  model_exit: 7 (87.5%)
  end_of_day: 1 (12.5%)

Stop-loss alignment: MULTI-LEVEL (tight/med/wide selected by IV+VIX)
=== END DIAGNOSTICS ===

---
score:              -0.855916
profit_factor:      0.221351
win_rate:           0.500000
avg_winner:         0.023491
avg_loser:          -0.106127
trades_per_day:     1.600000
max_consec_loss:    2
num_trades:         8
trade_sharpe:       -6.041861
sortino:            -4.593262
max_drawdown:       -0.375945
calmar:             -0.879231
ev_per_trade:       -0.041318
do_nothing_pct:     0.738462
exit_pct:           0.026923
model_exit_count:   7
cooldown_blocked:   0
pre_10am_blocked:   28
short_hold_pct:     0.000000
stop_loss_rate:     0.000000
direction_collapse_pct: 1.000000
avg_entry_cost_bps: 426.639300
avg_entry_quality:  0.755500
cost_realism_coverage: 1.000000
high_cost_entry_rate: 0.125000
low_quality_entry_rate: 0.000000
actionable_bar_rate: 0.969200
risk_off_bar_rate:  0.000000
final_capital:      9073.49
equity_sharpe:      -6.253600
max_equity_dd:      -0.101600
total_dollar_return:-0.092700
val_sharpe:         44.404600
total_return:       -0.330542
num_val_bars:       260
num_val_days:       5
worst_chunk_pf:     1.00
rr_ratio:           0.2214
avg_hold_bars:      5.00
model_exit_rate:    0.8750
hit_ruin:           False
min_equity_frac:    0.9073
avg_risk_fraction:  0.2184
max_risk_fraction:  0.2703
trades_blocked_by_balance: 0
training_seconds:   240.0
total_seconds:      247.9
peak_vram_mb:       769.2
num_steps:          11338
num_params:         145,064
lookback:           120
depth:              3
d_model:            64
effective_lr:       0.00025
gate_label_smoothing:0.050000
dir_label_smoothing:0.050000
false_entry_penalty:1.500000
/opt/conda/lib/python3.11/site-packages/torch/nn/modules/transformer.py:379: UserWarning: enable_nested_tensor is True, but self.use_nested_tensor is False because encoder_layer.norm_first was True
  warnings.warn(
